Frontend CI	Set up job	﻿2026-03-17T02:35:37.3457188Z Current runner version: '2.332.0'
Frontend CI	Set up job	2026-03-17T02:35:37.3481349Z ##[group]Runner Image Provisioner
Frontend CI	Set up job	2026-03-17T02:35:37.3482169Z Hosted Compute Agent
Frontend CI	Set up job	2026-03-17T02:35:37.3482648Z Version: 20260213.493
Frontend CI	Set up job	2026-03-17T02:35:37.3483272Z Commit: 5c115507f6dd24b8de37d8bbe0bb4509d0cc0fa3
Frontend CI	Set up job	2026-03-17T02:35:37.3483863Z Build Date: 2026-02-13T00:28:41Z
Frontend CI	Set up job	2026-03-17T02:35:37.3484438Z Worker ID: {62890a59-0849-4e95-90f2-085b297e53b8}
Frontend CI	Set up job	2026-03-17T02:35:37.3485092Z Azure Region: northcentralus
Frontend CI	Set up job	2026-03-17T02:35:37.3485669Z ##[endgroup]
Frontend CI	Set up job	2026-03-17T02:35:37.3487767Z ##[group]Operating System
Frontend CI	Set up job	2026-03-17T02:35:37.3488375Z Ubuntu
Frontend CI	Set up job	2026-03-17T02:35:37.3488803Z 24.04.3
Frontend CI	Set up job	2026-03-17T02:35:37.3489188Z LTS
Frontend CI	Set up job	2026-03-17T02:35:37.3489631Z ##[endgroup]
Frontend CI	Set up job	2026-03-17T02:35:37.3490065Z ##[group]Runner Image
Frontend CI	Set up job	2026-03-17T02:35:37.3490572Z Image: ubuntu-24.04
Frontend CI	Set up job	2026-03-17T02:35:37.3491053Z Version: 20260309.50.1
Frontend CI	Set up job	2026-03-17T02:35:37.3491910Z Included Software: https://github.com/actions/runner-images/blob/ubuntu24/20260309.50/images/ubuntu/Ubuntu2404-Readme.md
Frontend CI	Set up job	2026-03-17T02:35:37.3493379Z Image Release: https://github.com/actions/runner-images/releases/tag/ubuntu24%2F20260309.50
Frontend CI	Set up job	2026-03-17T02:35:37.3494189Z ##[endgroup]
Frontend CI	Set up job	2026-03-17T02:35:37.3495176Z ##[group]GITHUB_TOKEN Permissions
Frontend CI	Set up job	2026-03-17T02:35:37.3497367Z Contents: read
Frontend CI	Set up job	2026-03-17T02:35:37.3497847Z Metadata: read
Frontend CI	Set up job	2026-03-17T02:35:37.3498378Z Packages: read
Frontend CI	Set up job	2026-03-17T02:35:37.3498826Z ##[endgroup]
Frontend CI	Set up job	2026-03-17T02:35:37.3500824Z Secret source: Actions
Frontend CI	Set up job	2026-03-17T02:35:37.3501744Z Prepare workflow directory
Frontend CI	Set up job	2026-03-17T02:35:37.3872393Z Prepare all required actions
Frontend CI	Set up job	2026-03-17T02:35:37.3912491Z Getting action download info
Frontend CI	Set up job	2026-03-17T02:35:37.7408709Z Download action repository 'actions/checkout@v4' (SHA:34e114876b0b11c390a56381ad16ebd13914f8d5)
Frontend CI	Set up job	2026-03-17T02:35:37.8315211Z Download action repository 'pnpm/action-setup@v4' (SHA:fc06bc1257f339d1d5d8b3a19a8cae5388b55320)
Frontend CI	Set up job	2026-03-17T02:35:38.2364722Z Download action repository 'actions/setup-node@v6' (SHA:53b83947a5a98c8d113130e565377fae1a50d02f)
Frontend CI	Set up job	2026-03-17T02:35:38.8035111Z Complete job name: Frontend CI
Frontend CI	Checkout code	﻿2026-03-17T02:35:38.8685544Z ##[group]Run actions/checkout@v4
Frontend CI	Checkout code	2026-03-17T02:35:38.8686766Z with:
Frontend CI	Checkout code	2026-03-17T02:35:38.8687310Z   repository: BrightonDube/BizPilot2
Frontend CI	Checkout code	2026-03-17T02:35:38.8688113Z   token: ***
Frontend CI	Checkout code	2026-03-17T02:35:38.8688542Z   ssh-strict: true
Frontend CI	Checkout code	2026-03-17T02:35:38.8688983Z   ssh-user: git
Frontend CI	Checkout code	2026-03-17T02:35:38.8689452Z   persist-credentials: true
Frontend CI	Checkout code	2026-03-17T02:35:38.8689948Z   clean: true
Frontend CI	Checkout code	2026-03-17T02:35:38.8690406Z   sparse-checkout-cone-mode: true
Frontend CI	Checkout code	2026-03-17T02:35:38.8690936Z   fetch-depth: 1
Frontend CI	Checkout code	2026-03-17T02:35:38.8691371Z   fetch-tags: false
Frontend CI	Checkout code	2026-03-17T02:35:38.8691821Z   show-progress: true
Frontend CI	Checkout code	2026-03-17T02:35:38.8692281Z   lfs: false
Frontend CI	Checkout code	2026-03-17T02:35:38.8692685Z   submodules: false
Frontend CI	Checkout code	2026-03-17T02:35:38.8693163Z   set-safe-directory: true
Frontend CI	Checkout code	2026-03-17T02:35:38.8693933Z env:
Frontend CI	Checkout code	2026-03-17T02:35:38.8694348Z   PYTHON_VERSION: 3.12
Frontend CI	Checkout code	2026-03-17T02:35:38.8694824Z   NODE_VERSION: 20
Frontend CI	Checkout code	2026-03-17T02:35:38.8695249Z ##[endgroup]
Frontend CI	Checkout code	2026-03-17T02:35:38.9724574Z Syncing repository: BrightonDube/BizPilot2
Frontend CI	Checkout code	2026-03-17T02:35:38.9727023Z ##[group]Getting Git version info
Frontend CI	Checkout code	2026-03-17T02:35:38.9728227Z Working directory is '/home/runner/work/BizPilot2/BizPilot2'
Frontend CI	Checkout code	2026-03-17T02:35:38.9729302Z [command]/usr/bin/git version
Frontend CI	Checkout code	2026-03-17T02:35:38.9768921Z git version 2.53.0
Frontend CI	Checkout code	2026-03-17T02:35:38.9791721Z ##[endgroup]
Frontend CI	Checkout code	2026-03-17T02:35:38.9804982Z Temporarily overriding HOME='/home/runner/work/_temp/5d79fac9-39be-48a2-b697-fc6e57184e6b' before making global git config changes
Frontend CI	Checkout code	2026-03-17T02:35:38.9806597Z Adding repository directory to the temporary git global config as a safe directory
Frontend CI	Checkout code	2026-03-17T02:35:38.9810557Z [command]/usr/bin/git config --global --add safe.directory /home/runner/work/BizPilot2/BizPilot2
Frontend CI	Checkout code	2026-03-17T02:35:38.9845257Z Deleting the contents of '/home/runner/work/BizPilot2/BizPilot2'
Frontend CI	Checkout code	2026-03-17T02:35:38.9848485Z ##[group]Initializing the repository
Frontend CI	Checkout code	2026-03-17T02:35:38.9852393Z [command]/usr/bin/git init /home/runner/work/BizPilot2/BizPilot2
Frontend CI	Checkout code	2026-03-17T02:35:38.9925200Z hint: Using 'master' as the name for the initial branch. This default branch name
Frontend CI	Checkout code	2026-03-17T02:35:38.9927547Z hint: will change to "main" in Git 3.0. To configure the initial branch name
Frontend CI	Checkout code	2026-03-17T02:35:38.9929391Z hint: to use in all of your new repositories, which will suppress this warning,
Frontend CI	Checkout code	2026-03-17T02:35:38.9930182Z hint: call:
Frontend CI	Checkout code	2026-03-17T02:35:38.9930640Z hint:
Frontend CI	Checkout code	2026-03-17T02:35:38.9931183Z hint: 	git config --global init.defaultBranch <name>
Frontend CI	Checkout code	2026-03-17T02:35:38.9931809Z hint:
Frontend CI	Checkout code	2026-03-17T02:35:38.9932438Z hint: Names commonly chosen instead of 'master' are 'main', 'trunk' and
Frontend CI	Checkout code	2026-03-17T02:35:38.9933820Z hint: 'development'. The just-created branch can be renamed via this command:
Frontend CI	Checkout code	2026-03-17T02:35:38.9934572Z hint:
Frontend CI	Checkout code	2026-03-17T02:35:38.9935008Z hint: 	git branch -m <name>
Frontend CI	Checkout code	2026-03-17T02:35:38.9935482Z hint:
Frontend CI	Checkout code	2026-03-17T02:35:38.9936109Z hint: Disable this message with "git config set advice.defaultBranchName false"
Frontend CI	Checkout code	2026-03-17T02:35:38.9937311Z Initialized empty Git repository in /home/runner/work/BizPilot2/BizPilot2/.git/
Frontend CI	Checkout code	2026-03-17T02:35:38.9939400Z [command]/usr/bin/git remote add origin https://github.com/BrightonDube/BizPilot2
Frontend CI	Checkout code	2026-03-17T02:35:38.9967805Z ##[endgroup]
Frontend CI	Checkout code	2026-03-17T02:35:38.9968616Z ##[group]Disabling automatic garbage collection
Frontend CI	Checkout code	2026-03-17T02:35:38.9971495Z [command]/usr/bin/git config --local gc.auto 0
Frontend CI	Checkout code	2026-03-17T02:35:38.9999219Z ##[endgroup]
Frontend CI	Checkout code	2026-03-17T02:35:39.0000026Z ##[group]Setting up auth
Frontend CI	Checkout code	2026-03-17T02:35:39.0005183Z [command]/usr/bin/git config --local --name-only --get-regexp core\.sshCommand
Frontend CI	Checkout code	2026-03-17T02:35:39.0031118Z [command]/usr/bin/git submodule foreach --recursive sh -c "git config --local --name-only --get-regexp 'core\.sshCommand' && git config --local --unset-all 'core.sshCommand' || :"
Frontend CI	Checkout code	2026-03-17T02:35:39.0293178Z [command]/usr/bin/git config --local --name-only --get-regexp http\.https\:\/\/github\.com\/\.extraheader
Frontend CI	Checkout code	2026-03-17T02:35:39.0323047Z [command]/usr/bin/git submodule foreach --recursive sh -c "git config --local --name-only --get-regexp 'http\.https\:\/\/github\.com\/\.extraheader' && git config --local --unset-all 'http.https://github.com/.extraheader' || :"
Frontend CI	Checkout code	2026-03-17T02:35:39.0499952Z [command]/usr/bin/git config --local --name-only --get-regexp ^includeIf\.gitdir:
Frontend CI	Checkout code	2026-03-17T02:35:39.0533892Z [command]/usr/bin/git submodule foreach --recursive git config --local --show-origin --name-only --get-regexp remote.origin.url
Frontend CI	Checkout code	2026-03-17T02:35:39.0719429Z [command]/usr/bin/git config --local http.https://github.com/.extraheader AUTHORIZATION: basic ***
Frontend CI	Checkout code	2026-03-17T02:35:39.0749473Z ##[endgroup]
Frontend CI	Checkout code	2026-03-17T02:35:39.0751294Z ##[group]Fetching the repository
Frontend CI	Checkout code	2026-03-17T02:35:39.0759049Z [command]/usr/bin/git -c protocol.version=2 fetch --no-tags --prune --no-recurse-submodules --depth=1 origin +840fdb6c59d4586447912c37e4a83e402fb5da2c:refs/remotes/pull/477/merge
Frontend CI	Checkout code	2026-03-17T02:35:40.2250486Z From https://github.com/BrightonDube/BizPilot2
Frontend CI	Checkout code	2026-03-17T02:35:40.2252813Z  * [new ref]         840fdb6c59d4586447912c37e4a83e402fb5da2c -> pull/477/merge
Frontend CI	Checkout code	2026-03-17T02:35:40.2276434Z ##[endgroup]
Frontend CI	Checkout code	2026-03-17T02:35:40.2278222Z ##[group]Determining the checkout info
Frontend CI	Checkout code	2026-03-17T02:35:40.2280041Z ##[endgroup]
Frontend CI	Checkout code	2026-03-17T02:35:40.2281155Z [command]/usr/bin/git sparse-checkout disable
Frontend CI	Checkout code	2026-03-17T02:35:40.2315555Z [command]/usr/bin/git config --local --unset-all extensions.worktreeConfig
Frontend CI	Checkout code	2026-03-17T02:35:40.2338413Z ##[group]Checking out the ref
Frontend CI	Checkout code	2026-03-17T02:35:40.2341466Z [command]/usr/bin/git checkout --progress --force refs/remotes/pull/477/merge
Frontend CI	Checkout code	2026-03-17T02:35:40.4053693Z Note: switching to 'refs/remotes/pull/477/merge'.
Frontend CI	Checkout code	2026-03-17T02:35:40.4054847Z 
Frontend CI	Checkout code	2026-03-17T02:35:40.4055611Z You are in 'detached HEAD' state. You can look around, make experimental
Frontend CI	Checkout code	2026-03-17T02:35:40.4057775Z changes and commit them, and you can discard any commits you make in this
Frontend CI	Checkout code	2026-03-17T02:35:40.4060243Z state without impacting any branches by switching back to a branch.
Frontend CI	Checkout code	2026-03-17T02:35:40.4061973Z 
Frontend CI	Checkout code	2026-03-17T02:35:40.4063145Z If you want to create a new branch to retain commits you create, you may
Frontend CI	Checkout code	2026-03-17T02:35:40.4065717Z do so (now or later) by using -c with the switch command. Example:
Frontend CI	Checkout code	2026-03-17T02:35:40.4068222Z 
Frontend CI	Checkout code	2026-03-17T02:35:40.4068897Z   git switch -c <new-branch-name>
Frontend CI	Checkout code	2026-03-17T02:35:40.4069990Z 
Frontend CI	Checkout code	2026-03-17T02:35:40.4070610Z Or undo this operation with:
Frontend CI	Checkout code	2026-03-17T02:35:40.4071575Z 
Frontend CI	Checkout code	2026-03-17T02:35:40.4072123Z   git switch -
Frontend CI	Checkout code	2026-03-17T02:35:40.4072881Z 
Frontend CI	Checkout code	2026-03-17T02:35:40.4074342Z Turn off this advice by setting config variable advice.detachedHead to false
Frontend CI	Checkout code	2026-03-17T02:35:40.4076499Z 
Frontend CI	Checkout code	2026-03-17T02:35:40.4078830Z HEAD is now at 840fdb6 Merge a135db802e896e3f8d1243e473a186eee4a99851 into 8405159965b218b7a36ff9bab8cb6704453e9b72
Frontend CI	Checkout code	2026-03-17T02:35:40.4084001Z ##[endgroup]
Frontend CI	Checkout code	2026-03-17T02:35:40.4104564Z [command]/usr/bin/git log -1 --format=%H
Frontend CI	Checkout code	2026-03-17T02:35:40.4124115Z 840fdb6c59d4586447912c37e4a83e402fb5da2c
Frontend CI	Setup pnpm	﻿2026-03-17T02:35:40.4395520Z ##[group]Run pnpm/action-setup@v4
Frontend CI	Setup pnpm	2026-03-17T02:35:40.4396769Z with:
Frontend CI	Setup pnpm	2026-03-17T02:35:40.4397632Z   dest: ~/setup-pnpm
Frontend CI	Setup pnpm	2026-03-17T02:35:40.4398531Z   run_install: null
Frontend CI	Setup pnpm	2026-03-17T02:35:40.4399463Z   cache: false
Frontend CI	Setup pnpm	2026-03-17T02:35:40.4400421Z   cache_dependency_path: pnpm-lock.yaml
Frontend CI	Setup pnpm	2026-03-17T02:35:40.4401657Z   package_json_file: package.json
Frontend CI	Setup pnpm	2026-03-17T02:35:40.4402794Z   standalone: false
Frontend CI	Setup pnpm	2026-03-17T02:35:40.4403688Z env:
Frontend CI	Setup pnpm	2026-03-17T02:35:40.4404504Z   PYTHON_VERSION: 3.12
Frontend CI	Setup pnpm	2026-03-17T02:35:40.4405429Z   NODE_VERSION: 20
Frontend CI	Setup pnpm	2026-03-17T02:35:40.4406442Z ##[endgroup]
Frontend CI	Setup pnpm	2026-03-17T02:35:40.5751993Z ##[group]Running self-installer...
Frontend CI	Setup pnpm	2026-03-17T02:35:40.9519583Z (node:2297) [DEP0169] DeprecationWarning: `url.parse()` behavior is not standardized and prone to errors that have security implications. Use the WHATWG URL API instead. CVEs are not issued for `url.parse()` vulnerabilities.
Frontend CI	Setup pnpm	2026-03-17T02:35:40.9521779Z (Use `node --trace-deprecation ...` to show where the warning was created)
Frontend CI	Setup pnpm	2026-03-17T02:35:41.0774922Z Progress: resolved 1, reused 0, downloaded 0, added 0
Frontend CI	Setup pnpm	2026-03-17T02:35:41.0888873Z Packages: +1
Frontend CI	Setup pnpm	2026-03-17T02:35:41.0889533Z +
Frontend CI	Setup pnpm	2026-03-17T02:35:41.4254528Z Progress: resolved 1, reused 0, downloaded 1, added 1, done
Frontend CI	Setup pnpm	2026-03-17T02:35:41.4479020Z 
Frontend CI	Setup pnpm	2026-03-17T02:35:41.4479673Z dependencies:
Frontend CI	Setup pnpm	2026-03-17T02:35:41.4480450Z + pnpm 10.18.0 (10.32.1 is available)
Frontend CI	Setup pnpm	2026-03-17T02:35:41.4480791Z 
Frontend CI	Setup pnpm	2026-03-17T02:35:41.4503460Z Done in 710ms
Frontend CI	Setup pnpm	2026-03-17T02:35:41.4614735Z ##[endgroup]
Frontend CI	Setup pnpm	2026-03-17T02:35:41.4615385Z Installation Completed!
Frontend CI	Set up Node.js	﻿2026-03-17T02:35:41.4770930Z ##[group]Run actions/setup-node@v6
Frontend CI	Set up Node.js	2026-03-17T02:35:41.4771272Z with:
Frontend CI	Set up Node.js	2026-03-17T02:35:41.4771521Z   node-version: 20
Frontend CI	Set up Node.js	2026-03-17T02:35:41.4771780Z   cache: pnpm
Frontend CI	Set up Node.js	2026-03-17T02:35:41.4772016Z   cache-dependency-path: pnpm-lock.yaml
Frontend CI	Set up Node.js	2026-03-17T02:35:41.4772363Z   check-latest: false
Frontend CI	Set up Node.js	2026-03-17T02:35:41.4772771Z   token: ***
Frontend CI	Set up Node.js	2026-03-17T02:35:41.4772998Z   package-manager-cache: true
Frontend CI	Set up Node.js	2026-03-17T02:35:41.4773284Z env:
Frontend CI	Set up Node.js	2026-03-17T02:35:41.4773500Z   PYTHON_VERSION: 3.12
Frontend CI	Set up Node.js	2026-03-17T02:35:41.4773756Z   NODE_VERSION: 20
Frontend CI	Set up Node.js	2026-03-17T02:35:41.4774021Z   PNPM_HOME: /home/runner/setup-pnpm/node_modules/.bin
Frontend CI	Set up Node.js	2026-03-17T02:35:41.4774418Z ##[endgroup]
Frontend CI	Set up Node.js	2026-03-17T02:35:41.6261615Z Found in cache @ /opt/hostedtoolcache/node/20.20.1/x64
Frontend CI	Set up Node.js	2026-03-17T02:35:41.6265433Z ##[group]Environment details
Frontend CI	Set up Node.js	2026-03-17T02:35:44.8467641Z node: v20.20.1
Frontend CI	Set up Node.js	2026-03-17T02:35:44.8468732Z npm: 10.8.2
Frontend CI	Set up Node.js	2026-03-17T02:35:44.8470175Z yarn: 1.22.22
Frontend CI	Set up Node.js	2026-03-17T02:35:44.8471326Z ##[endgroup]
Frontend CI	Set up Node.js	2026-03-17T02:35:44.8487587Z [command]/home/runner/setup-pnpm/node_modules/.bin/pnpm store path --silent
Frontend CI	Set up Node.js	2026-03-17T02:35:45.3803494Z /home/runner/setup-pnpm/node_modules/.bin/store/v10
Frontend CI	Set up Node.js	2026-03-17T02:35:45.5016517Z Cache hit for: node-cache-Linux-x64-pnpm-efed05c447938f35b9c60b7b9c5f9e1782068d4c810b2e113f8c9451e10c5a8c
Frontend CI	Set up Node.js	2026-03-17T02:35:46.6367923Z Received 155189248 of 314579693 (49.3%), 148.0 MBs/sec
Frontend CI	Set up Node.js	2026-03-17T02:35:47.3318803Z Received 314579693 of 314579693 (100.0%), 176.9 MBs/sec
Frontend CI	Set up Node.js	2026-03-17T02:35:47.3319363Z Cache Size: ~300 MB (314579693 B)
Frontend CI	Set up Node.js	2026-03-17T02:35:47.3387855Z [command]/usr/bin/tar -xf /home/runner/work/_temp/b04ebd72-d06a-4c76-9d23-0f40381b8430/cache.tzst -P -C /home/runner/work/BizPilot2/BizPilot2 --use-compress-program unzstd
Frontend CI	Set up Node.js	2026-03-17T02:35:49.5381628Z Cache restored successfully
Frontend CI	Set up Node.js	2026-03-17T02:35:49.5733487Z Cache restored from key: node-cache-Linux-x64-pnpm-efed05c447938f35b9c60b7b9c5f9e1782068d4c810b2e113f8c9451e10c5a8c
Frontend CI	Install dependencies	﻿2026-03-17T02:35:49.5858408Z ##[group]Run pnpm install --frozen-lockfile
Frontend CI	Install dependencies	2026-03-17T02:35:49.5858975Z [36;1mpnpm install --frozen-lockfile[0m
Frontend CI	Install dependencies	2026-03-17T02:35:49.5898874Z shell: /usr/bin/bash -e {0}
Frontend CI	Install dependencies	2026-03-17T02:35:49.5899237Z env:
Frontend CI	Install dependencies	2026-03-17T02:35:49.5899514Z   PYTHON_VERSION: 3.12
Frontend CI	Install dependencies	2026-03-17T02:35:49.5899804Z   NODE_VERSION: 20
Frontend CI	Install dependencies	2026-03-17T02:35:49.5900115Z   PNPM_HOME: /home/runner/setup-pnpm/node_modules/.bin
Frontend CI	Install dependencies	2026-03-17T02:35:49.5900495Z ##[endgroup]
Frontend CI	Install dependencies	2026-03-17T02:35:49.9349480Z Scope: all 5 workspace projects
Frontend CI	Install dependencies	2026-03-17T02:35:50.0333101Z Lockfile is up to date, resolution step is skipped
Frontend CI	Install dependencies	2026-03-17T02:35:50.1489792Z Progress: resolved 1, reused 0, downloaded 0, added 0
Frontend CI	Install dependencies	2026-03-17T02:35:50.3288317Z Packages: +1583
Frontend CI	Install dependencies	2026-03-17T02:35:50.3289609Z ++++++++++++++++++++++++++++++++++++++++++++++++++++++++++++++++++++++++++++++++
Frontend CI	Install dependencies	2026-03-17T02:35:51.1462636Z Progress: resolved 1583, reused 1566, downloaded 0, added 24
Frontend CI	Install dependencies	2026-03-17T02:35:52.1461540Z Progress: resolved 1583, reused 1566, downloaded 0, added 560
Frontend CI	Install dependencies	2026-03-17T02:35:52.9485309Z Progress: resolved 1583, reused 1566, downloaded 0, added 1583, done
Frontend CI	Install dependencies	2026-03-17T02:35:53.8219898Z 
Frontend CI	Install dependencies	2026-03-17T02:35:53.8221321Z ╭ Warning ─────────────────────────────────────────────────────────────────────╮
Frontend CI	Install dependencies	2026-03-17T02:35:53.8222563Z │                                                                              │
Frontend CI	Install dependencies	2026-03-17T02:35:53.8223814Z │   Ignored build scripts: puppeteer, sharp, unrs-resolver.                    │
Frontend CI	Install dependencies	2026-03-17T02:35:53.8225069Z │   Run "pnpm approve-builds" to pick which dependencies should be allowed     │
Frontend CI	Install dependencies	2026-03-17T02:35:53.8226145Z │   to run scripts.                                                            │
Frontend CI	Install dependencies	2026-03-17T02:35:53.8227397Z │                                                                              │
Frontend CI	Install dependencies	2026-03-17T02:35:53.8228456Z ╰──────────────────────────────────────────────────────────────────────────────╯
Frontend CI	Install dependencies	2026-03-17T02:35:53.8228935Z 
Frontend CI	Install dependencies	2026-03-17T02:35:53.8770548Z Done in 4.2s using pnpm v10.18.0
Frontend CI	Lint	﻿2026-03-17T02:35:53.8950306Z ##[group]Run pnpm --filter frontend lint
Frontend CI	Lint	2026-03-17T02:35:53.8950687Z [36;1mpnpm --filter frontend lint[0m
Frontend CI	Lint	2026-03-17T02:35:53.8978119Z shell: /usr/bin/bash -e {0}
Frontend CI	Lint	2026-03-17T02:35:53.8978509Z env:
Frontend CI	Lint	2026-03-17T02:35:53.8978728Z   PYTHON_VERSION: 3.12
Frontend CI	Lint	2026-03-17T02:35:53.8979026Z   NODE_VERSION: 20
Frontend CI	Lint	2026-03-17T02:35:53.8979367Z   PNPM_HOME: /home/runner/setup-pnpm/node_modules/.bin
Frontend CI	Lint	2026-03-17T02:35:53.8979676Z ##[endgroup]
Frontend CI	Lint	2026-03-17T02:35:54.2841108Z 
Frontend CI	Lint	2026-03-17T02:35:54.2842392Z > frontend@2.0.0 lint /home/runner/work/BizPilot2/BizPilot2/frontend
Frontend CI	Lint	2026-03-17T02:35:54.2843080Z > eslint .
Frontend CI	Lint	2026-03-17T02:35:54.2843256Z 
Frontend CI	Lint	2026-03-17T02:36:11.4568643Z 
Frontend CI	Lint	2026-03-17T02:36:11.4569570Z /home/runner/work/BizPilot2/BizPilot2/frontend/src/app/(dashboard)/accounts/page.tsx
Frontend CI	Lint	2026-03-17T02:36:11.4594947Z ##[warning]  149:9  warning  'overdueCount' is assigned a value but never used  @typescript-eslint/no-unused-vars
Frontend CI	Lint	2026-03-17T02:36:11.4602397Z 
Frontend CI	Lint	2026-03-17T02:36:11.4602895Z /home/runner/work/BizPilot2/BizPilot2/frontend/src/app/(dashboard)/addons/page.tsx
Frontend CI	Lint	2026-03-17T02:36:11.4604279Z ##[warning]  47:5  warning  Expected an assignment or function call and instead saw an expression  @typescript-eslint/no-unused-expressions
Frontend CI	Lint	2026-03-17T02:36:11.4605163Z 
Frontend CI	Lint	2026-03-17T02:36:11.4605542Z /home/runner/work/BizPilot2/BizPilot2/frontend/src/app/(dashboard)/collections/CollectionsClient.tsx
Frontend CI	Lint	2026-03-17T02:36:11.4606607Z ##[warning]  32:3  warning  'Edit2' is defined but never used  @typescript-eslint/no-unused-vars
Frontend CI	Lint	2026-03-17T02:36:11.4607269Z 
Frontend CI	Lint	2026-03-17T02:36:11.4607662Z /home/runner/work/BizPilot2/BizPilot2/frontend/src/app/(dashboard)/commissions/CommissionsPageClient.tsx
Frontend CI	Lint	2026-03-17T02:36:11.4608532Z ##[warning]  29:3  warning  'DollarSign' is defined but never used  @typescript-eslint/no-unused-vars
Frontend CI	Lint	2026-03-17T02:36:11.4609626Z ##[warning]  33:3  warning  'Download' is defined but never used    @typescript-eslint/no-unused-vars
Frontend CI	Lint	2026-03-17T02:36:11.4610541Z 
Frontend CI	Lint	2026-03-17T02:36:11.4610931Z /home/runner/work/BizPilot2/BizPilot2/frontend/src/app/(dashboard)/integrations/IntegrationsPageClient.tsx
Frontend CI	Lint	2026-03-17T02:36:11.4611841Z ##[warning]  35:3  warning  'CheckCircle2' is defined but never used  @typescript-eslint/no-unused-vars
Frontend CI	Lint	2026-03-17T02:36:11.4612922Z ##[warning]  36:3  warning  'Clock' is defined but never used         @typescript-eslint/no-unused-vars
Frontend CI	Lint	2026-03-17T02:36:11.4613983Z ##[warning]  37:3  warning  'XCircle' is defined but never used       @typescript-eslint/no-unused-vars
Frontend CI	Lint	2026-03-17T02:36:11.4614652Z 
Frontend CI	Lint	2026-03-17T02:36:11.4614973Z /home/runner/work/BizPilot2/BizPilot2/frontend/src/app/(dashboard)/laybys/page.tsx
Frontend CI	Lint	2026-03-17T02:36:11.4615745Z ##[warning]  12:3  warning  'CheckCircle' is defined but never used  @typescript-eslint/no-unused-vars
Frontend CI	Lint	2026-03-17T02:36:11.4616719Z 
Frontend CI	Lint	2026-03-17T02:36:11.4617059Z /home/runner/work/BizPilot2/BizPilot2/frontend/src/app/(dashboard)/menu-engineering/page.tsx
Frontend CI	Lint	2026-03-17T02:36:11.4617896Z ##[warning]  33:3  warning  'Select' is defined but never used  @typescript-eslint/no-unused-vars
Frontend CI	Lint	2026-03-17T02:36:11.4618675Z 
Frontend CI	Lint	2026-03-17T02:36:11.4618994Z /home/runner/work/BizPilot2/BizPilot2/frontend/src/app/(dashboard)/order-history/page.tsx
Frontend CI	Lint	2026-03-17T02:36:11.4619848Z ##[warning]   5:26  warning  'Calendar' is defined but never used                @typescript-eslint/no-unused-vars
Frontend CI	Lint	2026-03-17T02:36:11.4621034Z ##[warning]   5:77  warning  'RotateCcw' is defined but never used               @typescript-eslint/no-unused-vars
Frontend CI	Lint	2026-03-17T02:36:11.4622206Z ##[warning]  60:10  warning  'selectedOrder' is assigned a value but never used  @typescript-eslint/no-unused-vars
Frontend CI	Lint	2026-03-17T02:36:11.4622910Z 
Frontend CI	Lint	2026-03-17T02:36:11.4623258Z /home/runner/work/BizPilot2/BizPilot2/frontend/src/app/(dashboard)/partners/PartnersPageClient.tsx
Frontend CI	Lint	2026-03-17T02:36:11.4624051Z ##[warning]  30:3  warning  'Users' is defined but never used     @typescript-eslint/no-unused-vars
Frontend CI	Lint	2026-03-17T02:36:11.4625129Z ##[warning]  31:3  warning  'Palette' is defined but never used   @typescript-eslint/no-unused-vars
Frontend CI	Lint	2026-03-17T02:36:11.4626186Z ##[warning]  32:3  warning  'Settings' is defined but never used  @typescript-eslint/no-unused-vars
Frontend CI	Lint	2026-03-17T02:36:11.4627680Z ##[warning]  33:3  warning  'Edit' is defined but never used      @typescript-eslint/no-unused-vars
Frontend CI	Lint	2026-03-17T02:36:11.4628726Z ##[warning]  35:3  warning  'Eye' is defined but never used       @typescript-eslint/no-unused-vars
Frontend CI	Lint	2026-03-17T02:36:11.4629384Z 
Frontend CI	Lint	2026-03-17T02:36:11.4629735Z /home/runner/work/BizPilot2/BizPilot2/frontend/src/app/(dashboard)/payments/PaymentsPageClient.tsx
Frontend CI	Lint	2026-03-17T02:36:11.4630524Z ##[warning]  20:3  warning  'Edit' is defined but never used  @typescript-eslint/no-unused-vars
Frontend CI	Lint	2026-03-17T02:36:11.4631167Z 
Frontend CI	Lint	2026-03-17T02:36:11.4631484Z /home/runner/work/BizPilot2/BizPilot2/frontend/src/app/(dashboard)/pms/PMSPageClient.tsx
Frontend CI	Lint	2026-03-17T02:36:11.4632246Z ##[warning]   32:3   warning  'WifiOff' is defined but never used  @typescript-eslint/no-unused-vars
Frontend CI	Lint	2026-03-17T02:36:11.4633324Z ##[warning]  150:24  warning  'type' is defined but never used     @typescript-eslint/no-unused-vars
Frontend CI	Lint	2026-03-17T02:36:11.4633995Z 
Frontend CI	Lint	2026-03-17T02:36:11.4634294Z /home/runner/work/BizPilot2/BizPilot2/frontend/src/app/(dashboard)/quotes/page.tsx
Frontend CI	Lint	2026-03-17T02:36:11.4635000Z ##[warning]  19:3  warning  'Eye' is defined but never used  @typescript-eslint/no-unused-vars
Frontend CI	Lint	2026-03-17T02:36:11.4635668Z 
Frontend CI	Lint	2026-03-17T02:36:11.4635961Z /home/runner/work/BizPilot2/BizPilot2/frontend/src/app/(dashboard)/recipes/page.tsx
Frontend CI	Lint	2026-03-17T02:36:11.4636983Z ##[warning]  57:11  warning  'RecipeCost' is defined but never used  @typescript-eslint/no-unused-vars
Frontend CI	Lint	2026-03-17T02:36:11.4637670Z 
Frontend CI	Lint	2026-03-17T02:36:11.4638001Z /home/runner/work/BizPilot2/BizPilot2/frontend/src/app/(dashboard)/reports/extended/page.tsx
Frontend CI	Lint	2026-03-17T02:36:11.4638848Z ##[warning]   32:3  warning  'CardHeader' is defined but never used       @typescript-eslint/no-unused-vars
Frontend CI	Lint	2026-03-17T02:36:11.4640194Z ##[warning]   33:3  warning  'CardTitle' is defined but never used        @typescript-eslint/no-unused-vars
Frontend CI	Lint	2026-03-17T02:36:11.4641319Z ##[warning]  104:7  warning  'fmtPct' is assigned a value but never used  @typescript-eslint/no-unused-vars
Frontend CI	Lint	2026-03-17T02:36:11.4641994Z 
Frontend CI	Lint	2026-03-17T02:36:11.4642286Z /home/runner/work/BizPilot2/BizPilot2/frontend/src/app/(dashboard)/shifts/page.tsx
Frontend CI	Lint	2026-03-17T02:36:11.4643054Z ##[warning]  5:88  warning  'Banknote' is defined but never used  @typescript-eslint/no-unused-vars
Frontend CI	Lint	2026-03-17T02:36:11.4643712Z 
Frontend CI	Lint	2026-03-17T02:36:11.4644049Z /home/runner/work/BizPilot2/BizPilot2/frontend/src/app/(dashboard)/signage/SignagePageClient.tsx
Frontend CI	Lint	2026-03-17T02:36:11.4644832Z ##[warning]  32:3  warning  'Trash2' is defined but never used  @typescript-eslint/no-unused-vars
Frontend CI	Lint	2026-03-17T02:36:11.4645869Z ##[warning]  33:3  warning  'Edit' is defined but never used    @typescript-eslint/no-unused-vars
Frontend CI	Lint	2026-03-17T02:36:11.4646621Z 
Frontend CI	Lint	2026-03-17T02:36:11.4646996Z /home/runner/work/BizPilot2/BizPilot2/frontend/src/app/(dashboard)/staff-targets/StaffTargetsClient.tsx
Frontend CI	Lint	2026-03-17T02:36:11.4647810Z ##[warning]  32:3  warning  'Users' is defined but never used  @typescript-eslint/no-unused-vars
Frontend CI	Lint	2026-03-17T02:36:11.4648572Z 
Frontend CI	Lint	2026-03-17T02:36:11.4648916Z /home/runner/work/BizPilot2/BizPilot2/frontend/src/app/(dashboard)/sync/SyncDashboardClient.tsx
Frontend CI	Lint	2026-03-17T02:36:11.4649715Z ##[warning]  29:3  warning  'CheckCircle2' is defined but never used  @typescript-eslint/no-unused-vars
Frontend CI	Lint	2026-03-17T02:36:11.4650389Z 
Frontend CI	Lint	2026-03-17T02:36:11.4650696Z /home/runner/work/BizPilot2/BizPilot2/frontend/src/app/(dashboard)/time-tracking/page.tsx
Frontend CI	Lint	2026-03-17T02:36:11.4651447Z ##[warning]  17:3  warning  'Filter' is defined but never used  @typescript-eslint/no-unused-vars
Frontend CI	Lint	2026-03-17T02:36:11.4652087Z 
Frontend CI	Lint	2026-03-17T02:36:11.4652348Z /home/runner/work/BizPilot2/BizPilot2/frontend/src/app/auth/login/page.tsx
Frontend CI	Lint	2026-03-17T02:36:11.4653087Z ##[warning]  7:41  warning  'useRef' is defined but never used  @typescript-eslint/no-unused-vars
Frontend CI	Lint	2026-03-17T02:36:11.4653769Z 
Frontend CI	Lint	2026-03-17T02:36:11.4654105Z /home/runner/work/BizPilot2/BizPilot2/frontend/src/components/combos/ComboComponentEditor.tsx
Frontend CI	Lint	2026-03-17T02:36:11.4655103Z ##[warning]  16:10  warning  'useEffect' is defined but never used  @typescript-eslint/no-unused-vars
Frontend CI	Lint	2026-03-17T02:36:11.4655790Z 
Frontend CI	Lint	2026-03-17T02:36:11.4656088Z /home/runner/work/BizPilot2/BizPilot2/frontend/src/components/combos/ComboDealList.tsx
Frontend CI	Lint	2026-03-17T02:36:11.4656864Z ##[warning]  20:3  warning  'Tag' is defined but never used  @typescript-eslint/no-unused-vars
Frontend CI	Lint	2026-03-17T02:36:11.4657508Z 
Frontend CI	Lint	2026-03-17T02:36:11.4657848Z /home/runner/work/BizPilot2/BizPilot2/frontend/src/components/modifiers/ModifierManagement.tsx
Frontend CI	Lint	2026-03-17T02:36:11.4658637Z ##[warning]  16:10  warning  'useEffect' is defined but never used  @typescript-eslint/no-unused-vars
Frontend CI	Lint	2026-03-17T02:36:11.4659304Z 
Frontend CI	Lint	2026-03-17T02:36:11.4659612Z /home/runner/work/BizPilot2/BizPilot2/frontend/src/components/reorder/GoodsReceiving.tsx
Frontend CI	Lint	2026-03-17T02:36:11.4660461Z ##[warning]  21:35  warning  'AlertTriangle' is defined but never used            @typescript-eslint/no-unused-vars
Frontend CI	Lint	2026-03-17T02:36:11.4661654Z ##[warning]  75:9   warning  'formatCurrency' is assigned a value but never used  @typescript-eslint/no-unused-vars
Frontend CI	Lint	2026-03-17T02:36:11.4662377Z 
Frontend CI	Lint	2026-03-17T02:36:11.4662683Z /home/runner/work/BizPilot2/BizPilot2/frontend/src/components/reorder/ReorderReports.tsx
Frontend CI	Lint	2026-03-17T02:36:11.4663386Z ##[warning]  18:10  warning  'Badge' is defined but never used  @typescript-eslint/no-unused-vars
Frontend CI	Lint	2026-03-17T02:36:11.4664049Z 
Frontend CI	Lint	2026-03-17T02:36:11.4664380Z /home/runner/work/BizPilot2/BizPilot2/frontend/src/components/reports/ComboPerformance.tsx
Frontend CI	Lint	2026-03-17T02:36:11.4665236Z ##[warning]  11:28  warning  'DollarSign' is defined but never used  @typescript-eslint/no-unused-vars
Frontend CI	Lint	2026-03-17T02:36:11.4666568Z ##[warning]  11:40  warning  'Tag' is defined but never used         @typescript-eslint/no-unused-vars
Frontend CI	Lint	2026-03-17T02:36:11.4667353Z 
Frontend CI	Lint	2026-03-17T02:36:11.4667818Z /home/runner/work/BizPilot2/BizPilot2/frontend/src/components/reports/ModifierRanking.tsx
Frontend CI	Lint	2026-03-17T02:36:11.4668586Z ##[warning]  11:27  warning  'ArrowUpDown' is defined but never used  @typescript-eslint/no-unused-vars
Frontend CI	Lint	2026-03-17T02:36:11.4669695Z ##[warning]  12:10  warning  'Badge' is defined but never used        @typescript-eslint/no-unused-vars
Frontend CI	Lint	2026-03-17T02:36:11.4670354Z 
Frontend CI	Lint	2026-03-17T02:36:11.4670701Z ✖ 43 problems (0 errors, 43 warnings)
Frontend CI	Lint	2026-03-17T02:36:11.4670873Z 
Frontend CI	Type check	﻿2026-03-17T02:36:11.5316558Z ##[group]Run pnpm --filter frontend exec tsc --noEmit
Frontend CI	Type check	2026-03-17T02:36:11.5316948Z [36;1mpnpm --filter frontend exec tsc --noEmit[0m
Frontend CI	Type check	2026-03-17T02:36:11.5343985Z shell: /usr/bin/bash -e {0}
Frontend CI	Type check	2026-03-17T02:36:11.5344223Z env:
Frontend CI	Type check	2026-03-17T02:36:11.5344399Z   PYTHON_VERSION: 3.12
Frontend CI	Type check	2026-03-17T02:36:11.5344600Z   NODE_VERSION: 20
Frontend CI	Type check	2026-03-17T02:36:11.5344834Z   PNPM_HOME: /home/runner/setup-pnpm/node_modules/.bin
Frontend CI	Type check	2026-03-17T02:36:11.5345113Z ##[endgroup]
Frontend CI	Build	﻿2026-03-17T02:36:26.7084114Z ##[group]Run pnpm --filter frontend build
Frontend CI	Build	2026-03-17T02:36:26.7084455Z [36;1mpnpm --filter frontend build[0m
Frontend CI	Build	2026-03-17T02:36:26.7111748Z shell: /usr/bin/bash -e {0}
Frontend CI	Build	2026-03-17T02:36:26.7112005Z env:
Frontend CI	Build	2026-03-17T02:36:26.7112179Z   PYTHON_VERSION: 3.12
Frontend CI	Build	2026-03-17T02:36:26.7112369Z   NODE_VERSION: 20
Frontend CI	Build	2026-03-17T02:36:26.7112603Z   PNPM_HOME: /home/runner/setup-pnpm/node_modules/.bin
Frontend CI	Build	2026-03-17T02:36:26.7112880Z ##[endgroup]
Frontend CI	Build	2026-03-17T02:36:27.0701458Z 
Frontend CI	Build	2026-03-17T02:36:27.0702149Z > frontend@2.0.0 build /home/runner/work/BizPilot2/BizPilot2/frontend
Frontend CI	Build	2026-03-17T02:36:27.0702560Z > next build
Frontend CI	Build	2026-03-17T02:36:27.0702667Z 
Frontend CI	Build	2026-03-17T02:36:27.5749424Z ⚠ No build cache found. Please configure build caching for faster rebuilds. Read more: https://nextjs.org/docs/messages/no-cache
Frontend CI	Build	2026-03-17T02:36:27.5809317Z Attention: Next.js now collects completely anonymous telemetry regarding usage.
Frontend CI	Build	2026-03-17T02:36:27.5810395Z This information is used to shape Next.js' roadmap and prioritize features.
Frontend CI	Build	2026-03-17T02:36:27.5811865Z You can learn more, including how to opt-out if you'd not like to participate in this anonymous program, by visiting the following URL:
Frontend CI	Build	2026-03-17T02:36:27.5812787Z https://nextjs.org/telemetry
Frontend CI	Build	2026-03-17T02:36:27.5813068Z 
Frontend CI	Build	2026-03-17T02:36:27.5914233Z ▲ Next.js 16.1.4 (Turbopack)
Frontend CI	Build	2026-03-17T02:36:27.5914630Z 
Frontend CI	Build	2026-03-17T02:36:27.6832219Z   Creating an optimized production build ...
Frontend CI	Build	2026-03-17T02:36:39.8588151Z ✓ Compiled successfully in 11.9s
Frontend CI	Build	2026-03-17T02:36:39.8636381Z   Running TypeScript ...
Frontend CI	Build	2026-03-17T02:36:55.7976916Z   Collecting page data using 3 workers ...
Frontend CI	Build	2026-03-17T02:36:56.4588712Z   Generating static pages using 3 workers (0/93) ...
Frontend CI	Build	2026-03-17T02:36:56.8802386Z   Generating static pages using 3 workers (23/93) 
Frontend CI	Build	2026-03-17T02:36:57.0938076Z   Generating static pages using 3 workers (46/93) 
Frontend CI	Build	2026-03-17T02:36:57.1484080Z ⚠ metadataBase property in metadata export is not set for resolving social open graph or twitter images, using "http://localhost:3000". See https://nextjs.org/docs/app/api-reference/functions/generate-metadata#metadatabase
Frontend CI	Build	2026-03-17T02:36:57.2887963Z   Generating static pages using 3 workers (69/93) 
Frontend CI	Build	2026-03-17T02:36:57.5966776Z ✓ Generating static pages using 3 workers (93/93) in 1137.7ms
Frontend CI	Build	2026-03-17T02:36:57.6034416Z   Finalizing page optimization ...
Frontend CI	Build	2026-03-17T02:36:57.6097220Z 
Frontend CI	Build	2026-03-17T02:36:57.6134661Z Route (app)
Frontend CI	Build	2026-03-17T02:36:57.6135418Z ┌ ○ /
Frontend CI	Build	2026-03-17T02:36:57.6136152Z ├ ○ /_not-found
Frontend CI	Build	2026-03-17T02:36:57.6140918Z ├ ○ /accounts
Frontend CI	Build	2026-03-17T02:36:57.6141289Z ├ ○ /addons
Frontend CI	Build	2026-03-17T02:36:57.6141584Z ├ ○ /admin
Frontend CI	Build	2026-03-17T02:36:57.6141923Z ├ ○ /admin/subscriptions
Frontend CI	Build	2026-03-17T02:36:57.6142283Z ├ ○ /admin/tiers
Frontend CI	Build	2026-03-17T02:36:57.6142641Z ├ ○ /admin/transactions
Frontend CI	Build	2026-03-17T02:36:57.6142999Z ├ ○ /admin/users
Frontend CI	Build	2026-03-17T02:36:57.6143534Z ├ ƒ /admin/users/[userId]/features
Frontend CI	Build	2026-03-17T02:36:57.6143960Z ├ ○ /ai
Frontend CI	Build	2026-03-17T02:36:57.6144268Z ├ ○ /audit-log
Frontend CI	Build	2026-03-17T02:36:57.6144589Z ├ ○ /auth/error
Frontend CI	Build	2026-03-17T02:36:57.6144984Z ├ ○ /auth/forgot-password
Frontend CI	Build	2026-03-17T02:36:57.6145739Z ├ ○ /auth/login
Frontend CI	Build	2026-03-17T02:36:57.6146097Z ├ ○ /auth/register
Frontend CI	Build	2026-03-17T02:36:57.6146680Z ├ ○ /auth/reset-password
Frontend CI	Build	2026-03-17T02:36:57.6147117Z ├ ○ /bulk-operations
Frontend CI	Build	2026-03-17T02:36:57.6147518Z ├ ○ /business/setup
Frontend CI	Build	2026-03-17T02:36:57.6147859Z ├ ○ /categories
Frontend CI	Build	2026-03-17T02:36:57.6148249Z ├ ƒ /categories/[id]/edit
Frontend CI	Build	2026-03-17T02:36:57.6148668Z ├ ○ /categories/new
Frontend CI	Build	2026-03-17T02:36:57.6149011Z ├ ○ /collections
Frontend CI	Build	2026-03-17T02:36:57.6149313Z ├ ○ /combos
Frontend CI	Build	2026-03-17T02:36:57.6149608Z ├ ○ /commissions
Frontend CI	Build	2026-03-17T02:36:57.6149904Z ├ ○ /contact
Frontend CI	Build	2026-03-17T02:36:57.6150278Z ├ ○ /crm
Frontend CI	Build	2026-03-17T02:36:57.6150626Z ├ ○ /custom-dashboards
Frontend CI	Build	2026-03-17T02:36:57.6151027Z ├ ○ /customer-accounts
Frontend CI	Build	2026-03-17T02:36:57.6151381Z ├ ○ /customers
Frontend CI	Build	2026-03-17T02:36:57.6151738Z ├ ƒ /customers/[id]
Frontend CI	Build	2026-03-17T02:36:57.6152124Z ├ ƒ /customers/[id]/edit
Frontend CI	Build	2026-03-17T02:36:57.6152556Z ├ ○ /customers/new
Frontend CI	Build	2026-03-17T02:36:57.6152921Z ├ ○ /dashboard
Frontend CI	Build	2026-03-17T02:36:57.6153285Z ├ ○ /delivery-management
Frontend CI	Build	2026-03-17T02:36:57.6153668Z ├ ○ /expenses
Frontend CI	Build	2026-03-17T02:36:57.6154325Z ├ ○ /faq
Frontend CI	Build	2026-03-17T02:36:57.6154659Z ├ ○ /features
Frontend CI	Build	2026-03-17T02:36:57.6155036Z ├ ○ /general-ledger
Frontend CI	Build	2026-03-17T02:36:57.6155414Z ├ ○ /gift-cards
Frontend CI	Build	2026-03-17T02:36:57.6155792Z ├ ○ /industries
Frontend CI	Build	2026-03-17T02:36:57.6156191Z ├ ○ /integrations
Frontend CI	Build	2026-03-17T02:36:57.6156716Z ├ ○ /inventory
Frontend CI	Build	2026-03-17T02:36:57.6157113Z ├ ƒ /inventory/[id]
Frontend CI	Build	2026-03-17T02:36:57.6157542Z ├ ƒ /inventory/[id]/edit
Frontend CI	Build	2026-03-17T02:36:57.6157982Z ├ ○ /inventory/new
Frontend CI	Build	2026-03-17T02:36:57.6158324Z ├ ○ /invoices
Frontend CI	Build	2026-03-17T02:36:57.6158682Z ├ ƒ /invoices/[id]
Frontend CI	Build	2026-03-17T02:36:57.6159071Z ├ ƒ /invoices/[id]/edit
Frontend CI	Build	2026-03-17T02:36:57.6159601Z ├ ƒ /invoices/[id]/payment-callback
Frontend CI	Build	2026-03-17T02:36:57.6160081Z ├ ○ /invoices/new
Frontend CI	Build	2026-03-17T02:36:57.6160547Z ├ ○ /invoices/payment/callback
Frontend CI	Build	2026-03-17T02:36:57.6160962Z ├ ○ /laybys
Frontend CI	Build	2026-03-17T02:36:57.6161303Z ├ ƒ /laybys/[id]
Frontend CI	Build	2026-03-17T02:36:57.6161647Z ├ ○ /laybys/new
Frontend CI	Build	2026-03-17T02:36:57.6162023Z ├ ○ /laybys/reports
Frontend CI	Build	2026-03-17T02:36:57.6162385Z ├ ○ /locations
Frontend CI	Build	2026-03-17T02:36:57.6162751Z ├ ○ /loyalty
Frontend CI	Build	2026-03-17T02:36:57.6163067Z ├ ○ /menu
Frontend CI	Build	2026-03-17T02:36:57.6163437Z ├ ○ /menu-engineering
Frontend CI	Build	2026-03-17T02:36:57.6163820Z ├ ○ /modifiers
Frontend CI	Build	2026-03-17T02:36:57.6164180Z ├ ○ /notifications
Frontend CI	Build	2026-03-17T02:36:57.6164554Z ├ ○ /online-orders
Frontend CI	Build	2026-03-17T02:36:57.6164931Z ├ ○ /order-history
Frontend CI	Build	2026-03-17T02:36:57.6165282Z ├ ○ /orders
Frontend CI	Build	2026-03-17T02:36:57.6165648Z ├ ƒ /orders/[orderId]
Frontend CI	Build	2026-03-17T02:36:57.6166073Z ├ ƒ /orders/[orderId]/edit
Frontend CI	Build	2026-03-17T02:36:57.6166643Z ├ ○ /orders/new
Frontend CI	Build	2026-03-17T02:36:57.6166998Z ├ ○ /partners
Frontend CI	Build	2026-03-17T02:36:57.6167337Z ├ ○ /payments
Frontend CI	Build	2026-03-17T02:36:57.6167695Z ├ ○ /petty-cash
Frontend CI	Build	2026-03-17T02:36:57.6168050Z ├ ○ /pms
Frontend CI	Build	2026-03-17T02:36:57.6168385Z ├ ○ /pricing
Frontend CI	Build	2026-03-17T02:36:57.6168720Z ├ ○ /production
Frontend CI	Build	2026-03-17T02:36:57.6169103Z ├ ƒ /production/[id]
Frontend CI	Build	2026-03-17T02:36:57.6169548Z ├ ƒ /production/[id]/complete
Frontend CI	Build	2026-03-17T02:36:57.6170019Z ├ ○ /production/new
Frontend CI	Build	2026-03-17T02:36:57.6170384Z ├ ○ /products
Frontend CI	Build	2026-03-17T02:36:57.6170763Z ├ ƒ /products/[id]
Frontend CI	Build	2026-03-17T02:36:57.6171210Z ├ ƒ /products/[id]/edit
Frontend CI	Build	2026-03-17T02:36:57.6171617Z ├ ○ /products/new
Frontend CI	Build	2026-03-17T02:36:57.6171955Z ├ ○ /purchases
Frontend CI	Build	2026-03-17T02:36:57.6172310Z ├ ƒ /purchases/[id]
Frontend CI	Build	2026-03-17T02:36:57.6172727Z ├ ƒ /purchases/[id]/edit
Frontend CI	Build	2026-03-17T02:36:57.6173207Z ├ ƒ /purchases/[id]/receive
Frontend CI	Build	2026-03-17T02:36:57.6173588Z ├ ○ /purchases/new
Frontend CI	Build	2026-03-17T02:36:57.6173900Z ├ ○ /quotes
Frontend CI	Build	2026-03-17T02:36:57.6174231Z ├ ○ /quotes/reports
Frontend CI	Build	2026-03-17T02:36:57.6174558Z ├ ○ /recipes
Frontend CI	Build	2026-03-17T02:36:57.6174861Z ├ ○ /registers
Frontend CI	Build	2026-03-17T02:36:57.6175182Z ├ ○ /reorder
Frontend CI	Build	2026-03-17T02:36:57.6175484Z ├ ○ /reports
Frontend CI	Build	2026-03-17T02:36:57.6175818Z ├ ○ /reports/extended
Frontend CI	Build	2026-03-17T02:36:57.6176197Z ├ ○ /reports/inventory
Frontend CI	Build	2026-03-17T02:36:57.6176815Z ├ ○ /reports/sales
Frontend CI	Build	2026-03-17T02:36:57.6177183Z ├ ○ /reports/staff
Frontend CI	Build	2026-03-17T02:36:57.6177509Z ├ ○ /sage
Frontend CI	Build	2026-03-17T02:36:57.6177812Z ├ ○ /settings
Frontend CI	Build	2026-03-17T02:36:57.6178138Z ├ ○ /shifts
Frontend CI	Build	2026-03-17T02:36:57.6178452Z ├ ○ /signage
Frontend CI	Build	2026-03-17T02:36:57.6178779Z ├ ○ /staff-targets
Frontend CI	Build	2026-03-17T02:36:57.6179386Z ├ ○ /stock-takes
Frontend CI	Build	2026-03-17T02:36:57.6179798Z ├ ○ /subscription/callback
Frontend CI	Build	2026-03-17T02:36:57.6180210Z ├ ○ /suppliers
Frontend CI	Build	2026-03-17T02:36:57.6180565Z ├ ƒ /suppliers/[id]
Frontend CI	Build	2026-03-17T02:36:57.6180971Z ├ ƒ /suppliers/[id]/edit
Frontend CI	Build	2026-03-17T02:36:57.6181396Z ├ ○ /suppliers/new
Frontend CI	Build	2026-03-17T02:36:57.6181733Z ├ ○ /sync
Frontend CI	Build	2026-03-17T02:36:57.6182039Z ├ ○ /tables
Frontend CI	Build	2026-03-17T02:36:57.6182343Z ├ ○ /tags
Frontend CI	Build	2026-03-17T02:36:57.6182654Z ├ ○ /tax
Frontend CI	Build	2026-03-17T02:36:57.6182960Z ├ ○ /team
Frontend CI	Build	2026-03-17T02:36:57.6183297Z └ ○ /time-tracking
Frontend CI	Build	2026-03-17T02:36:57.6183494Z 
Frontend CI	Build	2026-03-17T02:36:57.6183508Z 
Frontend CI	Build	2026-03-17T02:36:57.6183711Z ƒ Proxy (Middleware)
Frontend CI	Build	2026-03-17T02:36:57.6183932Z 
Frontend CI	Build	2026-03-17T02:36:57.6184264Z ○  (Static)   prerendered as static content
Frontend CI	Build	2026-03-17T02:36:57.6184888Z ƒ  (Dynamic)  server-rendered on demand
Frontend CI	Build	2026-03-17T02:36:57.6185193Z 
Frontend CI	Post Set up Node.js	﻿2026-03-17T02:36:57.8475854Z Post job cleanup.
Frontend CI	Post Set up Node.js	2026-03-17T02:36:57.9851743Z Cache hit occurred on the primary key node-cache-Linux-x64-pnpm-efed05c447938f35b9c60b7b9c5f9e1782068d4c810b2e113f8c9451e10c5a8c, not saving cache.
Frontend CI	Post Setup pnpm	﻿2026-03-17T02:36:57.9954754Z Post job cleanup.
Frontend CI	Post Setup pnpm	2026-03-17T02:36:58.1253543Z Pruning is unnecessary.
Frontend CI	Post Checkout code	﻿2026-03-17T02:36:58.1355344Z Post job cleanup.
Frontend CI	Post Checkout code	2026-03-17T02:36:58.2230041Z [command]/usr/bin/git version
Frontend CI	Post Checkout code	2026-03-17T02:36:58.2262080Z git version 2.53.0
Frontend CI	Post Checkout code	2026-03-17T02:36:58.2309626Z Temporarily overriding HOME='/home/runner/work/_temp/8b2bb5c7-ad5f-4abe-998d-ff5f8dd4b4e1' before making global git config changes
Frontend CI	Post Checkout code	2026-03-17T02:36:58.2311033Z Adding repository directory to the temporary git global config as a safe directory
Frontend CI	Post Checkout code	2026-03-17T02:36:58.2315583Z [command]/usr/bin/git config --global --add safe.directory /home/runner/work/BizPilot2/BizPilot2
Frontend CI	Post Checkout code	2026-03-17T02:36:58.2346912Z [command]/usr/bin/git config --local --name-only --get-regexp core\.sshCommand
Frontend CI	Post Checkout code	2026-03-17T02:36:58.2375175Z [command]/usr/bin/git submodule foreach --recursive sh -c "git config --local --name-only --get-regexp 'core\.sshCommand' && git config --local --unset-all 'core.sshCommand' || :"
Frontend CI	Post Checkout code	2026-03-17T02:36:58.2562346Z [command]/usr/bin/git config --local --name-only --get-regexp http\.https\:\/\/github\.com\/\.extraheader
Frontend CI	Post Checkout code	2026-03-17T02:36:58.2580812Z http.https://github.com/.extraheader
Frontend CI	Post Checkout code	2026-03-17T02:36:58.2591886Z [command]/usr/bin/git config --local --unset-all http.https://github.com/.extraheader
Frontend CI	Post Checkout code	2026-03-17T02:36:58.2618180Z [command]/usr/bin/git submodule foreach --recursive sh -c "git config --local --name-only --get-regexp 'http\.https\:\/\/github\.com\/\.extraheader' && git config --local --unset-all 'http.https://github.com/.extraheader' || :"
Frontend CI	Post Checkout code	2026-03-17T02:36:58.2796107Z [command]/usr/bin/git config --local --name-only --get-regexp ^includeIf\.gitdir:
Frontend CI	Post Checkout code	2026-03-17T02:36:58.2822308Z [command]/usr/bin/git submodule foreach --recursive git config --local --show-origin --name-only --get-regexp remote.origin.url
Frontend CI	Complete job	﻿2026-03-17T02:36:58.3089660Z Cleaning up orphan processes
Frontend CI	Complete job	2026-03-17T02:36:58.3290758Z ##[warning]Node.js 20 actions are deprecated. The following actions are running on Node.js 20 and may not work as expected: actions/checkout@v4. Actions will be forced to run with Node.js 24 by default starting June 2nd, 2026. Please check if updated versions of these actions are available that support Node.js 24. To opt into Node.js 24 now, set the FORCE_JAVASCRIPT_ACTIONS_TO_NODE24=true environment variable on the runner or in your workflow file. Once Node.js 24 becomes the default, you can temporarily opt out by setting ACTIONS_ALLOW_USE_UNSECURE_NODE_VERSION=true. For more information see: https://github.blog/changelog/2025-09-19-deprecation-of-node-20-on-github-actions-runners/
Backend CI	Set up job	﻿2026-03-17T02:35:37.4200545Z Current runner version: '2.332.0'
Backend CI	Set up job	2026-03-17T02:35:37.4226784Z ##[group]Runner Image Provisioner
Backend CI	Set up job	2026-03-17T02:35:37.4227746Z Hosted Compute Agent
Backend CI	Set up job	2026-03-17T02:35:37.4228307Z Version: 20260213.493
Backend CI	Set up job	2026-03-17T02:35:37.4228869Z Commit: 5c115507f6dd24b8de37d8bbe0bb4509d0cc0fa3
Backend CI	Set up job	2026-03-17T02:35:37.4229622Z Build Date: 2026-02-13T00:28:41Z
Backend CI	Set up job	2026-03-17T02:35:37.4230283Z Worker ID: {f20812fa-8d43-4516-b9ff-2b0113324c26}
Backend CI	Set up job	2026-03-17T02:35:37.4230935Z Azure Region: northcentralus
Backend CI	Set up job	2026-03-17T02:35:37.4231611Z ##[endgroup]
Backend CI	Set up job	2026-03-17T02:35:37.4233474Z ##[group]Operating System
Backend CI	Set up job	2026-03-17T02:35:37.4234100Z Ubuntu
Backend CI	Set up job	2026-03-17T02:35:37.4234605Z 24.04.3
Backend CI	Set up job	2026-03-17T02:35:37.4235127Z LTS
Backend CI	Set up job	2026-03-17T02:35:37.4235548Z ##[endgroup]
Backend CI	Set up job	2026-03-17T02:35:37.4236112Z ##[group]Runner Image
Backend CI	Set up job	2026-03-17T02:35:37.4236693Z Image: ubuntu-24.04
Backend CI	Set up job	2026-03-17T02:35:37.4237347Z Version: 20260309.50.1
Backend CI	Set up job	2026-03-17T02:35:37.4238470Z Included Software: https://github.com/actions/runner-images/blob/ubuntu24/20260309.50/images/ubuntu/Ubuntu2404-Readme.md
Backend CI	Set up job	2026-03-17T02:35:37.4240175Z Image Release: https://github.com/actions/runner-images/releases/tag/ubuntu24%2F20260309.50
Backend CI	Set up job	2026-03-17T02:35:37.4241151Z ##[endgroup]
Backend CI	Set up job	2026-03-17T02:35:37.4242261Z ##[group]GITHUB_TOKEN Permissions
Backend CI	Set up job	2026-03-17T02:35:37.4244717Z Contents: read
Backend CI	Set up job	2026-03-17T02:35:37.4245399Z Metadata: read
Backend CI	Set up job	2026-03-17T02:35:37.4245871Z Packages: read
Backend CI	Set up job	2026-03-17T02:35:37.4246424Z ##[endgroup]
Backend CI	Set up job	2026-03-17T02:35:37.4248561Z Secret source: Actions
Backend CI	Set up job	2026-03-17T02:35:37.4249565Z Prepare workflow directory
Backend CI	Set up job	2026-03-17T02:35:37.4846995Z Prepare all required actions
Backend CI	Set up job	2026-03-17T02:35:37.4902496Z Getting action download info
Backend CI	Set up job	2026-03-17T02:35:37.7852445Z Download action repository 'actions/checkout@v4' (SHA:34e114876b0b11c390a56381ad16ebd13914f8d5)
Backend CI	Set up job	2026-03-17T02:35:37.9178023Z Download action repository 'actions/setup-python@v6' (SHA:a309ff8b426b58ec0e2a45f0f869d46889d02405)
Backend CI	Set up job	2026-03-17T02:35:38.0986275Z Complete job name: Backend CI
Backend CI	Initialize containers	﻿2026-03-17T02:35:38.1494268Z ##[group]Checking docker version
Backend CI	Initialize containers	2026-03-17T02:35:38.1507586Z ##[command]/usr/bin/docker version --format '{{.Server.APIVersion}}'
Backend CI	Initialize containers	2026-03-17T02:35:38.2421942Z '1.48'
Backend CI	Initialize containers	2026-03-17T02:35:38.2435014Z Docker daemon API version: '1.48'
Backend CI	Initialize containers	2026-03-17T02:35:38.2435757Z ##[command]/usr/bin/docker version --format '{{.Client.APIVersion}}'
Backend CI	Initialize containers	2026-03-17T02:35:38.2606056Z '1.48'
Backend CI	Initialize containers	2026-03-17T02:35:38.2618259Z Docker client API version: '1.48'
Backend CI	Initialize containers	2026-03-17T02:35:38.2624038Z ##[endgroup]
Backend CI	Initialize containers	2026-03-17T02:35:38.2626820Z ##[group]Clean up resources from previous jobs
Backend CI	Initialize containers	2026-03-17T02:35:38.2631947Z ##[command]/usr/bin/docker ps --all --quiet --no-trunc --filter "label=96aa1c"
Backend CI	Initialize containers	2026-03-17T02:35:38.2778317Z ##[command]/usr/bin/docker network prune --force --filter "label=96aa1c"
Backend CI	Initialize containers	2026-03-17T02:35:38.2914055Z ##[endgroup]
Backend CI	Initialize containers	2026-03-17T02:35:38.2914571Z ##[group]Create local container network
Backend CI	Initialize containers	2026-03-17T02:35:38.2924840Z ##[command]/usr/bin/docker network create --label 96aa1c github_network_a54505ae81b54a68a27fd45c5660f98a
Backend CI	Initialize containers	2026-03-17T02:35:38.3472461Z ae4d29bf1cfad591414631da2b6b22db4fcf65ce1f9daaabcae127499f828cd8
Backend CI	Initialize containers	2026-03-17T02:35:38.3491654Z ##[endgroup]
Backend CI	Initialize containers	2026-03-17T02:35:38.3516566Z ##[group]Starting postgres service container
Backend CI	Initialize containers	2026-03-17T02:35:38.3537602Z ##[command]/usr/bin/docker pull postgres:16
Backend CI	Initialize containers	2026-03-17T02:35:38.8247183Z 16: Pulling from library/postgres
Backend CI	Initialize containers	2026-03-17T02:35:38.9514942Z ec781dee3f47: Pulling fs layer
Backend CI	Initialize containers	2026-03-17T02:35:38.9516286Z 563d41d9b6e2: Pulling fs layer
Backend CI	Initialize containers	2026-03-17T02:35:38.9517182Z be939c24ec28: Pulling fs layer
Backend CI	Initialize containers	2026-03-17T02:35:38.9518056Z eecafd0f9ae3: Pulling fs layer
Backend CI	Initialize containers	2026-03-17T02:35:38.9518764Z 7f6c666770d4: Pulling fs layer
Backend CI	Initialize containers	2026-03-17T02:35:38.9519463Z 5b1434d064fd: Pulling fs layer
Backend CI	Initialize containers	2026-03-17T02:35:38.9520167Z 3db2f2dfc651: Pulling fs layer
Backend CI	Initialize containers	2026-03-17T02:35:38.9520863Z 0d650b372b08: Pulling fs layer
Backend CI	Initialize containers	2026-03-17T02:35:38.9521548Z 7c780ba309cf: Pulling fs layer
Backend CI	Initialize containers	2026-03-17T02:35:38.9522233Z e060fbc5e5a0: Pulling fs layer
Backend CI	Initialize containers	2026-03-17T02:35:38.9523203Z 06d4b5b37c2a: Pulling fs layer
Backend CI	Initialize containers	2026-03-17T02:35:38.9523927Z 4950166eb819: Pulling fs layer
Backend CI	Initialize containers	2026-03-17T02:35:38.9524681Z f8e5b8746c3b: Pulling fs layer
Backend CI	Initialize containers	2026-03-17T02:35:38.9525726Z 4e343c02051d: Pulling fs layer
Backend CI	Initialize containers	2026-03-17T02:35:38.9526501Z 3db2f2dfc651: Waiting
Backend CI	Initialize containers	2026-03-17T02:35:38.9527191Z 0d650b372b08: Waiting
Backend CI	Initialize containers	2026-03-17T02:35:38.9527832Z 7c780ba309cf: Waiting
Backend CI	Initialize containers	2026-03-17T02:35:38.9528469Z e060fbc5e5a0: Waiting
Backend CI	Initialize containers	2026-03-17T02:35:38.9529099Z 06d4b5b37c2a: Waiting
Backend CI	Initialize containers	2026-03-17T02:35:38.9529737Z 4950166eb819: Waiting
Backend CI	Initialize containers	2026-03-17T02:35:38.9530371Z f8e5b8746c3b: Waiting
Backend CI	Initialize containers	2026-03-17T02:35:38.9531039Z 4e343c02051d: Waiting
Backend CI	Initialize containers	2026-03-17T02:35:38.9531715Z eecafd0f9ae3: Waiting
Backend CI	Initialize containers	2026-03-17T02:35:38.9532385Z 7f6c666770d4: Waiting
Backend CI	Initialize containers	2026-03-17T02:35:38.9533313Z 5b1434d064fd: Waiting
Backend CI	Initialize containers	2026-03-17T02:35:39.0593152Z 563d41d9b6e2: Verifying Checksum
Backend CI	Initialize containers	2026-03-17T02:35:39.0958494Z 563d41d9b6e2: Download complete
Backend CI	Initialize containers	2026-03-17T02:35:39.0960199Z be939c24ec28: Verifying Checksum
Backend CI	Initialize containers	2026-03-17T02:35:39.0962296Z be939c24ec28: Download complete
Backend CI	Initialize containers	2026-03-17T02:35:39.1757567Z eecafd0f9ae3: Verifying Checksum
Backend CI	Initialize containers	2026-03-17T02:35:39.1758717Z eecafd0f9ae3: Download complete
Backend CI	Initialize containers	2026-03-17T02:35:39.1982153Z ec781dee3f47: Verifying Checksum
Backend CI	Initialize containers	2026-03-17T02:35:39.1984116Z ec781dee3f47: Download complete
Backend CI	Initialize containers	2026-03-17T02:35:39.2899404Z 7f6c666770d4: Verifying Checksum
Backend CI	Initialize containers	2026-03-17T02:35:39.2900875Z 7f6c666770d4: Download complete
Backend CI	Initialize containers	2026-03-17T02:35:39.3071820Z 5b1434d064fd: Verifying Checksum
Backend CI	Initialize containers	2026-03-17T02:35:39.3074713Z 5b1434d064fd: Download complete
Backend CI	Initialize containers	2026-03-17T02:35:39.3135186Z 3db2f2dfc651: Download complete
Backend CI	Initialize containers	2026-03-17T02:35:39.3959259Z 0d650b372b08: Verifying Checksum
Backend CI	Initialize containers	2026-03-17T02:35:39.3959992Z 0d650b372b08: Download complete
Backend CI	Initialize containers	2026-03-17T02:35:39.4380853Z e060fbc5e5a0: Verifying Checksum
Backend CI	Initialize containers	2026-03-17T02:35:39.4381622Z e060fbc5e5a0: Download complete
Backend CI	Initialize containers	2026-03-17T02:35:39.5350416Z 06d4b5b37c2a: Verifying Checksum
Backend CI	Initialize containers	2026-03-17T02:35:39.5352522Z 06d4b5b37c2a: Download complete
Backend CI	Initialize containers	2026-03-17T02:35:39.5594156Z 4950166eb819: Download complete
Backend CI	Initialize containers	2026-03-17T02:35:39.6297742Z f8e5b8746c3b: Download complete
Backend CI	Initialize containers	2026-03-17T02:35:39.6646444Z 4e343c02051d: Verifying Checksum
Backend CI	Initialize containers	2026-03-17T02:35:39.6647916Z 4e343c02051d: Download complete
Backend CI	Initialize containers	2026-03-17T02:35:40.1880459Z 7c780ba309cf: Download complete
Backend CI	Initialize containers	2026-03-17T02:35:40.2964088Z ec781dee3f47: Pull complete
Backend CI	Initialize containers	2026-03-17T02:35:40.5818429Z 563d41d9b6e2: Pull complete
Backend CI	Initialize containers	2026-03-17T02:35:40.7678949Z be939c24ec28: Pull complete
Backend CI	Initialize containers	2026-03-17T02:35:40.8114998Z eecafd0f9ae3: Pull complete
Backend CI	Initialize containers	2026-03-17T02:35:41.1401955Z 7f6c666770d4: Pull complete
Backend CI	Initialize containers	2026-03-17T02:35:41.2235355Z 5b1434d064fd: Pull complete
Backend CI	Initialize containers	2026-03-17T02:35:41.2337247Z 3db2f2dfc651: Pull complete
Backend CI	Initialize containers	2026-03-17T02:35:41.2443455Z 0d650b372b08: Pull complete
Backend CI	Initialize containers	2026-03-17T02:35:44.4217204Z 7c780ba309cf: Pull complete
Backend CI	Initialize containers	2026-03-17T02:35:44.4391346Z e060fbc5e5a0: Pull complete
Backend CI	Initialize containers	2026-03-17T02:35:44.4503527Z 06d4b5b37c2a: Pull complete
Backend CI	Initialize containers	2026-03-17T02:35:44.4605257Z 4950166eb819: Pull complete
Backend CI	Initialize containers	2026-03-17T02:35:44.4713440Z f8e5b8746c3b: Pull complete
Backend CI	Initialize containers	2026-03-17T02:35:44.4830793Z 4e343c02051d: Pull complete
Backend CI	Initialize containers	2026-03-17T02:35:44.4871584Z Digest: sha256:8e1fe51060f4f3bdcf0dc0174b441ec4ab28f0be3ede707ed5733769b58ddd31
Backend CI	Initialize containers	2026-03-17T02:35:44.4887719Z Status: Downloaded newer image for postgres:16
Backend CI	Initialize containers	2026-03-17T02:35:44.4896751Z docker.io/library/postgres:16
Backend CI	Initialize containers	2026-03-17T02:35:44.4958754Z ##[command]/usr/bin/docker create --name 8e584fef1c014b8591dcc63108fd3d10_postgres16_a50e83 --label 96aa1c --network github_network_a54505ae81b54a68a27fd45c5660f98a --network-alias postgres -p 5432:5432 --health-cmd="pg_isready -U bizpilot -d bizpilot" --health-interval=5s --health-timeout=5s --health-retries=20 -e "POSTGRES_USER=bizpilot" -e "POSTGRES_PASSWORD=bizpilot" -e "POSTGRES_DB=bizpilot" -e GITHUB_ACTIONS=true -e CI=true postgres:16
Backend CI	Initialize containers	2026-03-17T02:35:44.5232509Z de03cca3f03d143c684f8e02efef5ca8961cd9b80cad59f3430a7b1c8a610700
Backend CI	Initialize containers	2026-03-17T02:35:44.5256645Z ##[command]/usr/bin/docker start de03cca3f03d143c684f8e02efef5ca8961cd9b80cad59f3430a7b1c8a610700
Backend CI	Initialize containers	2026-03-17T02:35:44.7198205Z de03cca3f03d143c684f8e02efef5ca8961cd9b80cad59f3430a7b1c8a610700
Backend CI	Initialize containers	2026-03-17T02:35:44.7221716Z ##[command]/usr/bin/docker ps --all --filter id=de03cca3f03d143c684f8e02efef5ca8961cd9b80cad59f3430a7b1c8a610700 --filter status=running --no-trunc --format "{{.ID}} {{.Status}}"
Backend CI	Initialize containers	2026-03-17T02:35:44.7379856Z de03cca3f03d143c684f8e02efef5ca8961cd9b80cad59f3430a7b1c8a610700 Up Less than a second (health: starting)
Backend CI	Initialize containers	2026-03-17T02:35:44.7409249Z ##[command]/usr/bin/docker port de03cca3f03d143c684f8e02efef5ca8961cd9b80cad59f3430a7b1c8a610700
Backend CI	Initialize containers	2026-03-17T02:35:44.7547763Z 5432/tcp -> 0.0.0.0:5432
Backend CI	Initialize containers	2026-03-17T02:35:44.7548256Z 5432/tcp -> [::]:5432
Backend CI	Initialize containers	2026-03-17T02:35:44.7596036Z ##[endgroup]
Backend CI	Initialize containers	2026-03-17T02:35:44.7604675Z ##[group]Waiting for all services to be ready
Backend CI	Initialize containers	2026-03-17T02:35:44.7617941Z ##[command]/usr/bin/docker inspect --format="{{if .Config.Healthcheck}}{{print .State.Health.Status}}{{end}}" de03cca3f03d143c684f8e02efef5ca8961cd9b80cad59f3430a7b1c8a610700
Backend CI	Initialize containers	2026-03-17T02:35:44.7763898Z starting
Backend CI	Initialize containers	2026-03-17T02:35:44.7788018Z postgres service is starting, waiting 2 seconds before checking again.
Backend CI	Initialize containers	2026-03-17T02:35:46.7792111Z ##[command]/usr/bin/docker inspect --format="{{if .Config.Healthcheck}}{{print .State.Health.Status}}{{end}}" de03cca3f03d143c684f8e02efef5ca8961cd9b80cad59f3430a7b1c8a610700
Backend CI	Initialize containers	2026-03-17T02:35:46.7920409Z starting
Backend CI	Initialize containers	2026-03-17T02:35:46.7934378Z postgres service is starting, waiting 3 seconds before checking again.
Backend CI	Initialize containers	2026-03-17T02:35:50.4706457Z ##[command]/usr/bin/docker inspect --format="{{if .Config.Healthcheck}}{{print .State.Health.Status}}{{end}}" de03cca3f03d143c684f8e02efef5ca8961cd9b80cad59f3430a7b1c8a610700
Backend CI	Initialize containers	2026-03-17T02:35:50.4860867Z healthy
Backend CI	Initialize containers	2026-03-17T02:35:50.4878255Z postgres service is healthy.
Backend CI	Initialize containers	2026-03-17T02:35:50.4878975Z ##[endgroup]
Backend CI	Checkout code	﻿2026-03-17T02:35:50.5145313Z ##[group]Run actions/checkout@v4
Backend CI	Checkout code	2026-03-17T02:35:50.5145858Z with:
Backend CI	Checkout code	2026-03-17T02:35:50.5146057Z   repository: BrightonDube/BizPilot2
Backend CI	Checkout code	2026-03-17T02:35:50.5146480Z   token: ***
Backend CI	Checkout code	2026-03-17T02:35:50.5146657Z   ssh-strict: true
Backend CI	Checkout code	2026-03-17T02:35:50.5146836Z   ssh-user: git
Backend CI	Checkout code	2026-03-17T02:35:50.5147023Z   persist-credentials: true
Backend CI	Checkout code	2026-03-17T02:35:50.5147226Z   clean: true
Backend CI	Checkout code	2026-03-17T02:35:50.5147417Z   sparse-checkout-cone-mode: true
Backend CI	Checkout code	2026-03-17T02:35:50.5147655Z   fetch-depth: 1
Backend CI	Checkout code	2026-03-17T02:35:50.5147828Z   fetch-tags: false
Backend CI	Checkout code	2026-03-17T02:35:50.5148006Z   show-progress: true
Backend CI	Checkout code	2026-03-17T02:35:50.5148192Z   lfs: false
Backend CI	Checkout code	2026-03-17T02:35:50.5148349Z   submodules: false
Backend CI	Checkout code	2026-03-17T02:35:50.5148521Z   set-safe-directory: true
Backend CI	Checkout code	2026-03-17T02:35:50.5148888Z env:
Backend CI	Checkout code	2026-03-17T02:35:50.5149049Z   PYTHON_VERSION: 3.12
Backend CI	Checkout code	2026-03-17T02:35:50.5149240Z   NODE_VERSION: 20
Backend CI	Checkout code	2026-03-17T02:35:50.5149404Z ##[endgroup]
Backend CI	Checkout code	2026-03-17T02:35:50.6317867Z Syncing repository: BrightonDube/BizPilot2
Backend CI	Checkout code	2026-03-17T02:35:50.6319252Z ##[group]Getting Git version info
Backend CI	Checkout code	2026-03-17T02:35:50.6319720Z Working directory is '/home/runner/work/BizPilot2/BizPilot2'
Backend CI	Checkout code	2026-03-17T02:35:50.6320270Z [command]/usr/bin/git version
Backend CI	Checkout code	2026-03-17T02:35:50.6345194Z git version 2.53.0
Backend CI	Checkout code	2026-03-17T02:35:50.6372443Z ##[endgroup]
Backend CI	Checkout code	2026-03-17T02:35:50.6387537Z Temporarily overriding HOME='/home/runner/work/_temp/c7496d3b-afed-4099-929a-1c0a85a7cab2' before making global git config changes
Backend CI	Checkout code	2026-03-17T02:35:50.6388689Z Adding repository directory to the temporary git global config as a safe directory
Backend CI	Checkout code	2026-03-17T02:35:50.6393539Z [command]/usr/bin/git config --global --add safe.directory /home/runner/work/BizPilot2/BizPilot2
Backend CI	Checkout code	2026-03-17T02:35:50.6436140Z Deleting the contents of '/home/runner/work/BizPilot2/BizPilot2'
Backend CI	Checkout code	2026-03-17T02:35:50.6440034Z ##[group]Initializing the repository
Backend CI	Checkout code	2026-03-17T02:35:50.6444411Z [command]/usr/bin/git init /home/runner/work/BizPilot2/BizPilot2
Backend CI	Checkout code	2026-03-17T02:35:50.6553468Z hint: Using 'master' as the name for the initial branch. This default branch name
Backend CI	Checkout code	2026-03-17T02:35:50.6554680Z hint: will change to "main" in Git 3.0. To configure the initial branch name
Backend CI	Checkout code	2026-03-17T02:35:50.6555521Z hint: to use in all of your new repositories, which will suppress this warning,
Backend CI	Checkout code	2026-03-17T02:35:50.6556136Z hint: call:
Backend CI	Checkout code	2026-03-17T02:35:50.6556403Z hint:
Backend CI	Checkout code	2026-03-17T02:35:50.6556832Z hint: 	git config --global init.defaultBranch <name>
Backend CI	Checkout code	2026-03-17T02:35:50.6557258Z hint:
Backend CI	Checkout code	2026-03-17T02:35:50.6557542Z hint: Names commonly chosen instead of 'master' are 'main', 'trunk' and
Backend CI	Checkout code	2026-03-17T02:35:50.6558640Z hint: 'development'. The just-created branch can be renamed via this command:
Backend CI	Checkout code	2026-03-17T02:35:50.6559269Z hint:
Backend CI	Checkout code	2026-03-17T02:35:50.6559548Z hint: 	git branch -m <name>
Backend CI	Checkout code	2026-03-17T02:35:50.6559893Z hint:
Backend CI	Checkout code	2026-03-17T02:35:50.6560388Z hint: Disable this message with "git config set advice.defaultBranchName false"
Backend CI	Checkout code	2026-03-17T02:35:50.6561320Z Initialized empty Git repository in /home/runner/work/BizPilot2/BizPilot2/.git/
Backend CI	Checkout code	2026-03-17T02:35:50.6569989Z [command]/usr/bin/git remote add origin https://github.com/BrightonDube/BizPilot2
Backend CI	Checkout code	2026-03-17T02:35:50.6607123Z ##[endgroup]
Backend CI	Checkout code	2026-03-17T02:35:50.6607525Z ##[group]Disabling automatic garbage collection
Backend CI	Checkout code	2026-03-17T02:35:50.6613366Z [command]/usr/bin/git config --local gc.auto 0
Backend CI	Checkout code	2026-03-17T02:35:50.6644190Z ##[endgroup]
Backend CI	Checkout code	2026-03-17T02:35:50.6644777Z ##[group]Setting up auth
Backend CI	Checkout code	2026-03-17T02:35:50.6651942Z [command]/usr/bin/git config --local --name-only --get-regexp core\.sshCommand
Backend CI	Checkout code	2026-03-17T02:35:50.6684893Z [command]/usr/bin/git submodule foreach --recursive sh -c "git config --local --name-only --get-regexp 'core\.sshCommand' && git config --local --unset-all 'core.sshCommand' || :"
Backend CI	Checkout code	2026-03-17T02:35:50.7047478Z [command]/usr/bin/git config --local --name-only --get-regexp http\.https\:\/\/github\.com\/\.extraheader
Backend CI	Checkout code	2026-03-17T02:35:50.7079081Z [command]/usr/bin/git submodule foreach --recursive sh -c "git config --local --name-only --get-regexp 'http\.https\:\/\/github\.com\/\.extraheader' && git config --local --unset-all 'http.https://github.com/.extraheader' || :"
Backend CI	Checkout code	2026-03-17T02:35:50.7317700Z [command]/usr/bin/git config --local --name-only --get-regexp ^includeIf\.gitdir:
Backend CI	Checkout code	2026-03-17T02:35:50.7360225Z [command]/usr/bin/git submodule foreach --recursive git config --local --show-origin --name-only --get-regexp remote.origin.url
Backend CI	Checkout code	2026-03-17T02:35:50.7608632Z [command]/usr/bin/git config --local http.https://github.com/.extraheader AUTHORIZATION: basic ***
Backend CI	Checkout code	2026-03-17T02:35:50.7647429Z ##[endgroup]
Backend CI	Checkout code	2026-03-17T02:35:50.7648336Z ##[group]Fetching the repository
Backend CI	Checkout code	2026-03-17T02:35:50.7657418Z [command]/usr/bin/git -c protocol.version=2 fetch --no-tags --prune --no-recurse-submodules --depth=1 origin +840fdb6c59d4586447912c37e4a83e402fb5da2c:refs/remotes/pull/477/merge
Backend CI	Checkout code	2026-03-17T02:35:52.0352545Z From https://github.com/BrightonDube/BizPilot2
Backend CI	Checkout code	2026-03-17T02:35:52.0353758Z  * [new ref]         840fdb6c59d4586447912c37e4a83e402fb5da2c -> pull/477/merge
Backend CI	Checkout code	2026-03-17T02:35:52.0389147Z ##[endgroup]
Backend CI	Checkout code	2026-03-17T02:35:52.0389523Z ##[group]Determining the checkout info
Backend CI	Checkout code	2026-03-17T02:35:52.0392216Z ##[endgroup]
Backend CI	Checkout code	2026-03-17T02:35:52.0397880Z [command]/usr/bin/git sparse-checkout disable
Backend CI	Checkout code	2026-03-17T02:35:52.0443758Z [command]/usr/bin/git config --local --unset-all extensions.worktreeConfig
Backend CI	Checkout code	2026-03-17T02:35:52.0471204Z ##[group]Checking out the ref
Backend CI	Checkout code	2026-03-17T02:35:52.0476030Z [command]/usr/bin/git checkout --progress --force refs/remotes/pull/477/merge
Backend CI	Checkout code	2026-03-17T02:35:52.2578954Z Note: switching to 'refs/remotes/pull/477/merge'.
Backend CI	Checkout code	2026-03-17T02:35:52.2579594Z 
Backend CI	Checkout code	2026-03-17T02:35:52.2580015Z You are in 'detached HEAD' state. You can look around, make experimental
Backend CI	Checkout code	2026-03-17T02:35:52.2580880Z changes and commit them, and you can discard any commits you make in this
Backend CI	Checkout code	2026-03-17T02:35:52.2581563Z state without impacting any branches by switching back to a branch.
Backend CI	Checkout code	2026-03-17T02:35:52.2581976Z 
Backend CI	Checkout code	2026-03-17T02:35:52.2582260Z If you want to create a new branch to retain commits you create, you may
Backend CI	Checkout code	2026-03-17T02:35:52.2583303Z do so (now or later) by using -c with the switch command. Example:
Backend CI	Checkout code	2026-03-17T02:35:52.2583717Z 
Backend CI	Checkout code	2026-03-17T02:35:52.2583858Z   git switch -c <new-branch-name>
Backend CI	Checkout code	2026-03-17T02:35:52.2584108Z 
Backend CI	Checkout code	2026-03-17T02:35:52.2584237Z Or undo this operation with:
Backend CI	Checkout code	2026-03-17T02:35:52.2584453Z 
Backend CI	Checkout code	2026-03-17T02:35:52.2584556Z   git switch -
Backend CI	Checkout code	2026-03-17T02:35:52.2584728Z 
Backend CI	Checkout code	2026-03-17T02:35:52.2585026Z Turn off this advice by setting config variable advice.detachedHead to false
Backend CI	Checkout code	2026-03-17T02:35:52.2585432Z 
Backend CI	Checkout code	2026-03-17T02:35:52.2585841Z HEAD is now at 840fdb6 Merge a135db802e896e3f8d1243e473a186eee4a99851 into 8405159965b218b7a36ff9bab8cb6704453e9b72
Backend CI	Checkout code	2026-03-17T02:35:52.2600116Z ##[endgroup]
Backend CI	Checkout code	2026-03-17T02:35:52.2643185Z [command]/usr/bin/git log -1 --format=%H
Backend CI	Checkout code	2026-03-17T02:35:52.2667193Z 840fdb6c59d4586447912c37e4a83e402fb5da2c
Backend CI	Set up Python	﻿2026-03-17T02:35:52.2897083Z ##[group]Run actions/setup-python@v6
Backend CI	Set up Python	2026-03-17T02:35:52.2897364Z with:
Backend CI	Set up Python	2026-03-17T02:35:52.2897525Z   python-version: 3.12
Backend CI	Set up Python	2026-03-17T02:35:52.2897721Z   cache: pip
Backend CI	Set up Python	2026-03-17T02:35:52.2897927Z   cache-dependency-path: backend/requirements.txt
Backend CI	Set up Python	2026-03-17T02:35:52.2898219Z   check-latest: false
Backend CI	Set up Python	2026-03-17T02:35:52.2898527Z   token: ***
Backend CI	Set up Python	2026-03-17T02:35:52.2898719Z   update-environment: true
Backend CI	Set up Python	2026-03-17T02:35:52.2898944Z   allow-prereleases: false
Backend CI	Set up Python	2026-03-17T02:35:52.2899147Z   freethreaded: false
Backend CI	Set up Python	2026-03-17T02:35:52.2899328Z env:
Backend CI	Set up Python	2026-03-17T02:35:52.2899486Z   PYTHON_VERSION: 3.12
Backend CI	Set up Python	2026-03-17T02:35:52.2899679Z   NODE_VERSION: 20
Backend CI	Set up Python	2026-03-17T02:35:52.2899846Z ##[endgroup]
Backend CI	Set up Python	2026-03-17T02:35:52.4219944Z ##[group]Installed versions
Backend CI	Set up Python	2026-03-17T02:35:52.4324405Z Successfully set up CPython (3.12.13)
Backend CI	Set up Python	2026-03-17T02:35:52.4325126Z ##[endgroup]
Backend CI	Set up Python	2026-03-17T02:35:52.4638584Z [command]/opt/hostedtoolcache/Python/3.12.13/x64/bin/pip cache dir
Backend CI	Set up Python	2026-03-17T02:35:53.9138556Z /home/runner/.cache/pip
Backend CI	Set up Python	2026-03-17T02:35:54.0357170Z Cache hit for: setup-python-Linux-x64-24.04-Ubuntu-python-3.12.13-pip-50b9abf10f1da65139b50bf4efe86050a76c6e98071b02f8cbf2a4e7c2707d4d
Backend CI	Set up Python	2026-03-17T02:35:55.0666885Z Received 86850993 of 86850993 (100.0%), 94.3 MBs/sec
Backend CI	Set up Python	2026-03-17T02:35:55.0668465Z Cache Size: ~83 MB (86850993 B)
Backend CI	Set up Python	2026-03-17T02:35:55.0706958Z [command]/usr/bin/tar -xf /home/runner/work/_temp/7ec8124f-5356-4eda-9c76-3a1509d9d166/cache.tzst -P -C /home/runner/work/BizPilot2/BizPilot2 --use-compress-program unzstd
Backend CI	Set up Python	2026-03-17T02:35:55.2563356Z Cache restored successfully
Backend CI	Set up Python	2026-03-17T02:35:55.2740717Z Cache restored from key: setup-python-Linux-x64-24.04-Ubuntu-python-3.12.13-pip-50b9abf10f1da65139b50bf4efe86050a76c6e98071b02f8cbf2a4e7c2707d4d
Backend CI	Install dependencies	﻿2026-03-17T02:35:55.2933479Z ##[group]Run python -m pip install --upgrade pip
Backend CI	Install dependencies	2026-03-17T02:35:55.2933983Z [36;1mpython -m pip install --upgrade pip[0m
Backend CI	Install dependencies	2026-03-17T02:35:55.2934298Z [36;1mpip install -r requirements.txt[0m
Backend CI	Install dependencies	2026-03-17T02:35:55.2934574Z [36;1mpip install ruff mypy[0m
Backend CI	Install dependencies	2026-03-17T02:35:55.2992479Z shell: /usr/bin/bash -e {0}
Backend CI	Install dependencies	2026-03-17T02:35:55.2993098Z env:
Backend CI	Install dependencies	2026-03-17T02:35:55.2993328Z   PYTHON_VERSION: 3.12
Backend CI	Install dependencies	2026-03-17T02:35:55.2993542Z   NODE_VERSION: 20
Backend CI	Install dependencies	2026-03-17T02:35:55.2993822Z   pythonLocation: /opt/hostedtoolcache/Python/3.12.13/x64
Backend CI	Install dependencies	2026-03-17T02:35:55.2994296Z   PKG_CONFIG_PATH: /opt/hostedtoolcache/Python/3.12.13/x64/lib/pkgconfig
Backend CI	Install dependencies	2026-03-17T02:35:55.2994737Z   Python_ROOT_DIR: /opt/hostedtoolcache/Python/3.12.13/x64
Backend CI	Install dependencies	2026-03-17T02:35:55.2995140Z   Python2_ROOT_DIR: /opt/hostedtoolcache/Python/3.12.13/x64
Backend CI	Install dependencies	2026-03-17T02:35:55.2995537Z   Python3_ROOT_DIR: /opt/hostedtoolcache/Python/3.12.13/x64
Backend CI	Install dependencies	2026-03-17T02:35:55.2995924Z   LD_LIBRARY_PATH: /opt/hostedtoolcache/Python/3.12.13/x64/lib
Backend CI	Install dependencies	2026-03-17T02:35:55.2996300Z ##[endgroup]
Backend CI	Install dependencies	2026-03-17T02:35:56.2697725Z Requirement already satisfied: pip in /opt/hostedtoolcache/Python/3.12.13/x64/lib/python3.12/site-packages (26.0.1)
Backend CI	Install dependencies	2026-03-17T02:35:56.8560372Z Collecting alembic==1.18.2 (from -r requirements.txt (line 1))
Backend CI	Install dependencies	2026-03-17T02:35:56.8574733Z   Using cached alembic-1.18.2-py3-none-any.whl.metadata (7.2 kB)
Backend CI	Install dependencies	2026-03-17T02:35:56.8654839Z Collecting annotated-doc==0.0.4 (from -r requirements.txt (line 2))
Backend CI	Install dependencies	2026-03-17T02:35:56.8667515Z   Using cached annotated_doc-0.0.4-py3-none-any.whl.metadata (6.6 kB)
Backend CI	Install dependencies	2026-03-17T02:35:56.8747217Z Collecting annotated-types==0.7.0 (from -r requirements.txt (line 3))
Backend CI	Install dependencies	2026-03-17T02:35:56.8758752Z   Using cached annotated_types-0.7.0-py3-none-any.whl.metadata (15 kB)
Backend CI	Install dependencies	2026-03-17T02:35:56.8900690Z Collecting anyio==4.12.1 (from -r requirements.txt (line 4))
Backend CI	Install dependencies	2026-03-17T02:35:56.8912434Z   Using cached anyio-4.12.1-py3-none-any.whl.metadata (4.3 kB)
Backend CI	Install dependencies	2026-03-17T02:35:56.9274221Z Collecting bcrypt==5.0.0 (from -r requirements.txt (line 5))
Backend CI	Install dependencies	2026-03-17T02:35:56.9287292Z   Using cached bcrypt-5.0.0-cp39-abi3-manylinux_2_34_x86_64.whl.metadata (10 kB)
Backend CI	Install dependencies	2026-03-17T02:35:56.9419970Z Collecting cachetools==6.2.2 (from -r requirements.txt (line 6))
Backend CI	Install dependencies	2026-03-17T02:35:56.9432016Z   Using cached cachetools-6.2.2-py3-none-any.whl.metadata (5.6 kB)
Backend CI	Install dependencies	2026-03-17T02:35:56.9564255Z Collecting certifi==2026.1.4 (from -r requirements.txt (line 7))
Backend CI	Install dependencies	2026-03-17T02:35:56.9576721Z   Using cached certifi-2026.1.4-py3-none-any.whl.metadata (2.5 kB)
Backend CI	Install dependencies	2026-03-17T02:35:57.0517146Z Collecting charset-normalizer==3.4.4 (from -r requirements.txt (line 8))
Backend CI	Install dependencies	2026-03-17T02:35:57.0530981Z   Using cached charset_normalizer-3.4.4-cp312-cp312-manylinux2014_x86_64.manylinux_2_17_x86_64.manylinux_2_28_x86_64.whl.metadata (37 kB)
Backend CI	Install dependencies	2026-03-17T02:35:57.0681872Z Collecting click==8.3.1 (from -r requirements.txt (line 9))
Backend CI	Install dependencies	2026-03-17T02:35:57.0693916Z   Using cached click-8.3.1-py3-none-any.whl.metadata (2.6 kB)
Backend CI	Install dependencies	2026-03-17T02:35:57.0790870Z Collecting dnspython==2.8.0 (from -r requirements.txt (line 10))
Backend CI	Install dependencies	2026-03-17T02:35:57.0802609Z   Using cached dnspython-2.8.0-py3-none-any.whl.metadata (5.7 kB)
Backend CI	Install dependencies	2026-03-17T02:35:57.0916780Z Collecting ecdsa==0.19.1 (from -r requirements.txt (line 11))
Backend CI	Install dependencies	2026-03-17T02:35:57.0928351Z   Using cached ecdsa-0.19.1-py2.py3-none-any.whl.metadata (29 kB)
Backend CI	Install dependencies	2026-03-17T02:35:57.1051912Z Collecting email-validator==2.3.0 (from -r requirements.txt (line 12))
Backend CI	Install dependencies	2026-03-17T02:35:57.1063718Z   Using cached email_validator-2.3.0-py3-none-any.whl.metadata (26 kB)
Backend CI	Install dependencies	2026-03-17T02:35:57.1425017Z Collecting fastapi==0.128.0 (from -r requirements.txt (line 13))
Backend CI	Install dependencies	2026-03-17T02:35:57.1438371Z   Using cached fastapi-0.128.0-py3-none-any.whl.metadata (30 kB)
Backend CI	Install dependencies	2026-03-17T02:35:57.1729626Z Collecting google-auth==2.47.0 (from -r requirements.txt (line 14))
Backend CI	Install dependencies	2026-03-17T02:35:57.1742910Z   Using cached google_auth-2.47.0-py3-none-any.whl.metadata (6.4 kB)
Backend CI	Install dependencies	2026-03-17T02:35:57.2974242Z Collecting greenlet==3.3.0 (from -r requirements.txt (line 15))
Backend CI	Install dependencies	2026-03-17T02:35:57.2989337Z   Using cached greenlet-3.3.0-cp312-cp312-manylinux_2_24_x86_64.manylinux_2_28_x86_64.whl.metadata (4.1 kB)
Backend CI	Install dependencies	2026-03-17T02:35:57.3094320Z Collecting h11==0.16.0 (from -r requirements.txt (line 16))
Backend CI	Install dependencies	2026-03-17T02:35:57.3106215Z   Using cached h11-0.16.0-py3-none-any.whl.metadata (8.3 kB)
Backend CI	Install dependencies	2026-03-17T02:35:57.3242371Z Collecting httpcore==1.0.9 (from -r requirements.txt (line 17))
Backend CI	Install dependencies	2026-03-17T02:35:57.3254905Z   Using cached httpcore-1.0.9-py3-none-any.whl.metadata (21 kB)
Backend CI	Install dependencies	2026-03-17T02:35:57.3402895Z Collecting httpx==0.28.1 (from -r requirements.txt (line 18))
Backend CI	Install dependencies	2026-03-17T02:35:57.3415160Z   Using cached httpx-0.28.1-py3-none-any.whl.metadata (7.1 kB)
Backend CI	Install dependencies	2026-03-17T02:35:57.3519980Z Collecting idna==3.11 (from -r requirements.txt (line 19))
Backend CI	Install dependencies	2026-03-17T02:35:57.3532414Z   Using cached idna-3.11-py3-none-any.whl.metadata (8.4 kB)
Backend CI	Install dependencies	2026-03-17T02:35:57.3618906Z Collecting iniconfig==2.3.0 (from -r requirements.txt (line 20))
Backend CI	Install dependencies	2026-03-17T02:35:57.3631067Z   Using cached iniconfig-2.3.0-py3-none-any.whl.metadata (2.5 kB)
Backend CI	Install dependencies	2026-03-17T02:35:57.3734557Z Collecting Mako==1.3.10 (from -r requirements.txt (line 21))
Backend CI	Install dependencies	2026-03-17T02:35:57.3746677Z   Using cached mako-1.3.10-py3-none-any.whl.metadata (2.9 kB)
Backend CI	Install dependencies	2026-03-17T02:35:57.4198454Z Collecting MarkupSafe==3.0.3 (from -r requirements.txt (line 22))
Backend CI	Install dependencies	2026-03-17T02:35:57.4213103Z   Using cached markupsafe-3.0.3-cp312-cp312-manylinux2014_x86_64.manylinux_2_17_x86_64.manylinux_2_28_x86_64.whl.metadata (2.7 kB)
Backend CI	Install dependencies	2026-03-17T02:35:57.4330254Z Collecting packaging==25.0 (from -r requirements.txt (line 23))
Backend CI	Install dependencies	2026-03-17T02:35:57.4342425Z   Using cached packaging-25.0-py3-none-any.whl.metadata (3.3 kB)
Backend CI	Install dependencies	2026-03-17T02:35:57.4430056Z Collecting passlib==1.7.4 (from -r requirements.txt (line 24))
Backend CI	Install dependencies	2026-03-17T02:35:57.4442083Z   Using cached passlib-1.7.4-py2.py3-none-any.whl.metadata (1.7 kB)
Backend CI	Install dependencies	2026-03-17T02:35:57.4543380Z Collecting pluggy==1.6.0 (from -r requirements.txt (line 25))
Backend CI	Install dependencies	2026-03-17T02:35:57.4555806Z   Using cached pluggy-1.6.0-py3-none-any.whl.metadata (4.8 kB)
Backend CI	Install dependencies	2026-03-17T02:35:57.5128470Z Collecting psycopg2-binary==2.9.11 (from -r requirements.txt (line 26))
Backend CI	Install dependencies	2026-03-17T02:35:57.5143310Z   Using cached psycopg2_binary-2.9.11-cp312-cp312-manylinux2014_x86_64.manylinux_2_17_x86_64.whl.metadata (4.9 kB)
Backend CI	Install dependencies	2026-03-17T02:35:57.5302960Z Collecting psycopg==3.2.4 (from psycopg[binary]==3.2.4->-r requirements.txt (line 27))
Backend CI	Install dependencies	2026-03-17T02:35:57.5315351Z   Using cached psycopg-3.2.4-py3-none-any.whl.metadata (4.3 kB)
Backend CI	Install dependencies	2026-03-17T02:35:57.5545830Z Collecting pyasn1==0.6.1 (from -r requirements.txt (line 28))
Backend CI	Install dependencies	2026-03-17T02:35:57.5558872Z   Using cached pyasn1-0.6.1-py3-none-any.whl.metadata (8.4 kB)
Backend CI	Install dependencies	2026-03-17T02:35:57.5726459Z Collecting pyasn1_modules==0.4.2 (from -r requirements.txt (line 29))
Backend CI	Install dependencies	2026-03-17T02:35:57.5739192Z   Using cached pyasn1_modules-0.4.2-py3-none-any.whl.metadata (3.5 kB)
Backend CI	Install dependencies	2026-03-17T02:35:57.6727030Z Collecting pydantic==2.12.5 (from -r requirements.txt (line 30))
Backend CI	Install dependencies	2026-03-17T02:35:57.6741076Z   Using cached pydantic-2.12.5-py3-none-any.whl.metadata (90 kB)
Backend CI	Install dependencies	2026-03-17T02:35:57.6885167Z Collecting pydantic-settings==2.12.0 (from -r requirements.txt (line 31))
Backend CI	Install dependencies	2026-03-17T02:35:57.6896993Z   Using cached pydantic_settings-2.12.0-py3-none-any.whl.metadata (3.4 kB)
Backend CI	Install dependencies	2026-03-17T02:35:58.3110092Z Collecting pydantic_core==2.41.5 (from -r requirements.txt (line 32))
Backend CI	Install dependencies	2026-03-17T02:35:58.3124978Z   Using cached pydantic_core-2.41.5-cp312-cp312-manylinux_2_17_x86_64.manylinux2014_x86_64.whl.metadata (7.3 kB)
Backend CI	Install dependencies	2026-03-17T02:35:58.3268446Z Collecting Pygments==2.19.2 (from -r requirements.txt (line 33))
Backend CI	Install dependencies	2026-03-17T02:35:58.3280789Z   Using cached pygments-2.19.2-py3-none-any.whl.metadata (2.5 kB)
Backend CI	Install dependencies	2026-03-17T02:35:58.3499940Z Collecting pytest==9.0.2 (from -r requirements.txt (line 34))
Backend CI	Install dependencies	2026-03-17T02:35:58.3511903Z   Using cached pytest-9.0.2-py3-none-any.whl.metadata (7.6 kB)
Backend CI	Install dependencies	2026-03-17T02:35:58.3664207Z Collecting pytest-asyncio==1.3.0 (from -r requirements.txt (line 35))
Backend CI	Install dependencies	2026-03-17T02:35:58.3676061Z   Using cached pytest_asyncio-1.3.0-py3-none-any.whl.metadata (4.1 kB)
Backend CI	Install dependencies	2026-03-17T02:35:58.3816664Z Collecting pytest-cov==7.0.0 (from -r requirements.txt (line 36))
Backend CI	Install dependencies	2026-03-17T02:35:58.3828907Z   Using cached pytest_cov-7.0.0-py3-none-any.whl.metadata (31 kB)
Backend CI	Install dependencies	2026-03-17T02:35:58.4384943Z Collecting python-dateutil==2.9.0 (from -r requirements.txt (line 37))
Backend CI	Install dependencies	2026-03-17T02:35:58.4397184Z   Using cached python_dateutil-2.9.0-py2.py3-none-any.whl.metadata (8.3 kB)
Backend CI	Install dependencies	2026-03-17T02:35:58.4515718Z Collecting python-dotenv==1.2.1 (from -r requirements.txt (line 38))
Backend CI	Install dependencies	2026-03-17T02:35:58.4528042Z   Using cached python_dotenv-1.2.1-py3-none-any.whl.metadata (25 kB)
Backend CI	Install dependencies	2026-03-17T02:35:58.4631825Z Collecting python-jose==3.5.0 (from -r requirements.txt (line 39))
Backend CI	Install dependencies	2026-03-17T02:35:58.4643785Z   Using cached python_jose-3.5.0-py2.py3-none-any.whl.metadata (5.5 kB)
Backend CI	Install dependencies	2026-03-17T02:35:58.4745643Z Collecting python-multipart==0.0.20 (from -r requirements.txt (line 40))
Backend CI	Install dependencies	2026-03-17T02:35:58.4757247Z   Using cached python_multipart-0.0.20-py3-none-any.whl.metadata (1.8 kB)
Backend CI	Install dependencies	2026-03-17T02:35:58.5071497Z Collecting PyYAML==6.0.3 (from -r requirements.txt (line 41))
Backend CI	Install dependencies	2026-03-17T02:35:58.5085472Z   Using cached pyyaml-6.0.3-cp312-cp312-manylinux2014_x86_64.manylinux_2_17_x86_64.manylinux_2_28_x86_64.whl.metadata (2.4 kB)
Backend CI	Install dependencies	2026-03-17T02:35:58.5263840Z Collecting requests==2.32.5 (from -r requirements.txt (line 42))
Backend CI	Install dependencies	2026-03-17T02:35:58.5276621Z   Using cached requests-2.32.5-py3-none-any.whl.metadata (4.9 kB)
Backend CI	Install dependencies	2026-03-17T02:35:58.5393405Z Collecting rsa==4.9.1 (from -r requirements.txt (line 43))
Backend CI	Install dependencies	2026-03-17T02:35:58.5405494Z   Using cached rsa-4.9.1-py3-none-any.whl.metadata (5.6 kB)
Backend CI	Install dependencies	2026-03-17T02:35:58.5501603Z Collecting six==1.17.0 (from -r requirements.txt (line 44))
Backend CI	Install dependencies	2026-03-17T02:35:58.5513094Z   Using cached six-1.17.0-py2.py3-none-any.whl.metadata (1.7 kB)
Backend CI	Install dependencies	2026-03-17T02:35:58.7889107Z Collecting SQLAlchemy==2.0.45 (from -r requirements.txt (line 45))
Backend CI	Install dependencies	2026-03-17T02:35:58.7903173Z   Using cached sqlalchemy-2.0.45-cp312-cp312-manylinux2014_x86_64.manylinux_2_17_x86_64.manylinux_2_28_x86_64.whl.metadata (9.5 kB)
Backend CI	Install dependencies	2026-03-17T02:35:58.8311754Z Collecting asyncpg==0.30.0 (from -r requirements.txt (line 46))
Backend CI	Install dependencies	2026-03-17T02:35:58.8324402Z   Using cached asyncpg-0.30.0-cp312-cp312-manylinux_2_17_x86_64.manylinux2014_x86_64.whl.metadata (5.0 kB)
Backend CI	Install dependencies	2026-03-17T02:35:58.8535658Z Collecting starlette==0.41.3 (from -r requirements.txt (line 47))
Backend CI	Install dependencies	2026-03-17T02:35:58.8547347Z   Using cached starlette-0.41.3-py3-none-any.whl.metadata (6.0 kB)
Backend CI	Install dependencies	2026-03-17T02:35:58.8637161Z Collecting typing-inspection==0.4.2 (from -r requirements.txt (line 48))
Backend CI	Install dependencies	2026-03-17T02:35:58.8648890Z   Using cached typing_inspection-0.4.2-py3-none-any.whl.metadata (2.6 kB)
Backend CI	Install dependencies	2026-03-17T02:35:58.8766177Z Collecting typing_extensions==4.15.0 (from -r requirements.txt (line 49))
Backend CI	Install dependencies	2026-03-17T02:35:58.8777635Z   Using cached typing_extensions-4.15.0-py3-none-any.whl.metadata (3.3 kB)
Backend CI	Install dependencies	2026-03-17T02:35:58.8932232Z Collecting urllib3==2.6.2 (from -r requirements.txt (line 50))
Backend CI	Install dependencies	2026-03-17T02:35:58.8944130Z   Using cached urllib3-2.6.2-py3-none-any.whl.metadata (6.6 kB)
Backend CI	Install dependencies	2026-03-17T02:35:58.9123725Z Collecting uvicorn==0.38.0 (from -r requirements.txt (line 51))
Backend CI	Install dependencies	2026-03-17T02:35:58.9135386Z   Using cached uvicorn-0.38.0-py3-none-any.whl.metadata (6.8 kB)
Backend CI	Install dependencies	2026-03-17T02:35:58.9276638Z Collecting gunicorn==23.0.0 (from -r requirements.txt (line 52))
Backend CI	Install dependencies	2026-03-17T02:35:58.9288286Z   Using cached gunicorn-23.0.0-py3-none-any.whl.metadata (4.4 kB)
Backend CI	Install dependencies	2026-03-17T02:35:58.9376403Z Collecting slowapi==0.1.9 (from -r requirements.txt (line 53))
Backend CI	Install dependencies	2026-03-17T02:35:58.9387915Z   Using cached slowapi-0.1.9-py3-none-any.whl.metadata (3.0 kB)
Backend CI	Install dependencies	2026-03-17T02:35:58.9538378Z Collecting limits==5.6.0 (from -r requirements.txt (line 54))
Backend CI	Install dependencies	2026-03-17T02:35:58.9551325Z   Using cached limits-5.6.0-py3-none-any.whl.metadata (10 kB)
Backend CI	Install dependencies	2026-03-17T02:35:58.9688968Z Collecting openpyxl==3.1.5 (from -r requirements.txt (line 55))
Backend CI	Install dependencies	2026-03-17T02:35:58.9702138Z   Using cached openpyxl-3.1.5-py2.py3-none-any.whl.metadata (2.5 kB)
Backend CI	Install dependencies	2026-03-17T02:35:58.9794413Z Collecting user-agents==2.2.0 (from -r requirements.txt (line 56))
Backend CI	Install dependencies	2026-03-17T02:35:58.9806296Z   Using cached user_agents-2.2.0-py3-none-any.whl.metadata (7.9 kB)
Backend CI	Install dependencies	2026-03-17T02:35:59.1829462Z Collecting hypothesis==6.122.3 (from -r requirements.txt (line 57))
Backend CI	Install dependencies	2026-03-17T02:35:59.1843564Z   Using cached hypothesis-6.122.3-py3-none-any.whl.metadata (6.0 kB)
Backend CI	Install dependencies	2026-03-17T02:35:59.2017383Z Collecting apscheduler==3.10.4 (from -r requirements.txt (line 58))
Backend CI	Install dependencies	2026-03-17T02:35:59.2030123Z   Using cached APScheduler-3.10.4-py3-none-any.whl.metadata (5.7 kB)
Backend CI	Install dependencies	2026-03-17T02:35:59.3572539Z Collecting cryptography==44.0.0 (from -r requirements.txt (line 59))
Backend CI	Install dependencies	2026-03-17T02:35:59.3587824Z   Using cached cryptography-44.0.0-cp39-abi3-manylinux_2_28_x86_64.whl.metadata (5.7 kB)
Backend CI	Install dependencies	2026-03-17T02:35:59.3708351Z Collecting itsdangerous==2.2.0 (from -r requirements.txt (line 60))
Backend CI	Install dependencies	2026-03-17T02:35:59.3720865Z   Using cached itsdangerous-2.2.0-py3-none-any.whl.metadata (1.9 kB)
Backend CI	Install dependencies	2026-03-17T02:35:59.3918939Z Collecting redis==5.2.1 (from -r requirements.txt (line 61))
Backend CI	Install dependencies	2026-03-17T02:35:59.3931800Z   Using cached redis-5.2.1-py3-none-any.whl.metadata (9.1 kB)
Backend CI	Install dependencies	2026-03-17T02:35:59.4058239Z Collecting jinja2==3.1.5 (from -r requirements.txt (line 62))
Backend CI	Install dependencies	2026-03-17T02:35:59.4070769Z   Using cached jinja2-3.1.5-py3-none-any.whl.metadata (2.6 kB)
Backend CI	Install dependencies	2026-03-17T02:35:59.4223473Z Collecting weasyprint==61.2 (from -r requirements.txt (line 63))
Backend CI	Install dependencies	2026-03-17T02:35:59.4235545Z   Using cached weasyprint-61.2-py3-none-any.whl.metadata (3.7 kB)
Backend CI	Install dependencies	2026-03-17T02:35:59.4331756Z Collecting pyotp==2.9.0 (from -r requirements.txt (line 64))
Backend CI	Install dependencies	2026-03-17T02:35:59.4343389Z   Using cached pyotp-2.9.0-py3-none-any.whl.metadata (9.8 kB)
Backend CI	Install dependencies	2026-03-17T02:35:59.4437374Z Collecting qrcode==7.4.2 (from -r requirements.txt (line 65))
Backend CI	Install dependencies	2026-03-17T02:35:59.4449085Z   Using cached qrcode-7.4.2-py3-none-any.whl.metadata (17 kB)
Backend CI	Install dependencies	2026-03-17T02:35:59.5469028Z Collecting pandas==2.2.3 (from -r requirements.txt (line 66))
Backend CI	Install dependencies	2026-03-17T02:35:59.5483657Z   Using cached pandas-2.2.3-cp312-cp312-manylinux_2_17_x86_64.manylinux2014_x86_64.whl.metadata (89 kB)
Backend CI	Install dependencies	2026-03-17T02:36:00.0472506Z Collecting coverage>=7.10.6 (from coverage[toml]>=7.10.6->pytest-cov==7.0.0->-r requirements.txt (line 36))
Backend CI	Install dependencies	2026-03-17T02:36:00.0488809Z   Using cached coverage-7.13.4-cp312-cp312-manylinux1_x86_64.manylinux_2_28_x86_64.manylinux_2_5_x86_64.whl.metadata (8.5 kB)
Backend CI	Install dependencies	2026-03-17T02:36:00.0850286Z Collecting deprecated>=1.2 (from limits==5.6.0->-r requirements.txt (line 54))
Backend CI	Install dependencies	2026-03-17T02:36:00.0863608Z   Using cached deprecated-1.3.1-py2.py3-none-any.whl.metadata (5.9 kB)
Backend CI	Install dependencies	2026-03-17T02:36:00.0973803Z Collecting et-xmlfile (from openpyxl==3.1.5->-r requirements.txt (line 55))
Backend CI	Install dependencies	2026-03-17T02:36:00.0986097Z   Using cached et_xmlfile-2.0.0-py3-none-any.whl.metadata (2.7 kB)
Backend CI	Install dependencies	2026-03-17T02:36:00.1086211Z Collecting ua-parser>=0.10.0 (from user-agents==2.2.0->-r requirements.txt (line 56))
Backend CI	Install dependencies	2026-03-17T02:36:00.1099425Z   Using cached ua_parser-1.0.1-py3-none-any.whl.metadata (5.6 kB)
Backend CI	Install dependencies	2026-03-17T02:36:00.1223665Z Collecting attrs>=22.2.0 (from hypothesis==6.122.3->-r requirements.txt (line 57))
Backend CI	Install dependencies	2026-03-17T02:36:00.1235899Z   Using cached attrs-25.4.0-py3-none-any.whl.metadata (10 kB)
Backend CI	Install dependencies	2026-03-17T02:36:00.1342586Z Collecting sortedcontainers<3.0.0,>=2.1.0 (from hypothesis==6.122.3->-r requirements.txt (line 57))
Backend CI	Install dependencies	2026-03-17T02:36:00.1354690Z   Using cached sortedcontainers-2.4.0-py2.py3-none-any.whl.metadata (10 kB)
Backend CI	Install dependencies	2026-03-17T02:36:00.1683694Z Collecting pytz (from apscheduler==3.10.4->-r requirements.txt (line 58))
Backend CI	Install dependencies	2026-03-17T02:36:00.1696379Z   Using cached pytz-2026.1.post1-py2.py3-none-any.whl.metadata (22 kB)
Backend CI	Install dependencies	2026-03-17T02:36:00.1827659Z Collecting tzlocal!=3.*,>=2.0 (from apscheduler==3.10.4->-r requirements.txt (line 58))
Backend CI	Install dependencies	2026-03-17T02:36:00.1840745Z   Using cached tzlocal-5.3.1-py3-none-any.whl.metadata (7.6 kB)
Backend CI	Install dependencies	2026-03-17T02:36:00.2735816Z Collecting cffi>=1.12 (from cryptography==44.0.0->-r requirements.txt (line 59))
Backend CI	Install dependencies	2026-03-17T02:36:00.2750021Z   Using cached cffi-2.0.0-cp312-cp312-manylinux2014_x86_64.manylinux_2_17_x86_64.whl.metadata (2.6 kB)
Backend CI	Install dependencies	2026-03-17T02:36:00.2880846Z Collecting pydyf>=0.8.0 (from weasyprint==61.2->-r requirements.txt (line 63))
Backend CI	Install dependencies	2026-03-17T02:36:00.2893269Z   Using cached pydyf-0.12.1-py3-none-any.whl.metadata (2.5 kB)
Backend CI	Install dependencies	2026-03-17T02:36:00.3007282Z Collecting html5lib>=1.1 (from weasyprint==61.2->-r requirements.txt (line 63))
Backend CI	Install dependencies	2026-03-17T02:36:00.3019907Z   Using cached html5lib-1.1-py2.py3-none-any.whl.metadata (16 kB)
Backend CI	Install dependencies	2026-03-17T02:36:00.3124712Z Collecting tinycss2>=1.0.0 (from weasyprint==61.2->-r requirements.txt (line 63))
Backend CI	Install dependencies	2026-03-17T02:36:00.3136516Z   Using cached tinycss2-1.5.1-py3-none-any.whl.metadata (3.0 kB)
Backend CI	Install dependencies	2026-03-17T02:36:00.3226603Z Collecting cssselect2>=0.1 (from weasyprint==61.2->-r requirements.txt (line 63))
Backend CI	Install dependencies	2026-03-17T02:36:00.3238539Z   Using cached cssselect2-0.9.0-py3-none-any.whl.metadata (2.9 kB)
Backend CI	Install dependencies	2026-03-17T02:36:00.3337564Z Collecting Pyphen>=0.9.1 (from weasyprint==61.2->-r requirements.txt (line 63))
Backend CI	Install dependencies	2026-03-17T02:36:00.3350273Z   Using cached pyphen-0.17.2-py3-none-any.whl.metadata (3.2 kB)
Backend CI	Install dependencies	2026-03-17T02:36:00.4861655Z Collecting Pillow>=9.1.0 (from weasyprint==61.2->-r requirements.txt (line 63))
Backend CI	Install dependencies	2026-03-17T02:36:00.4876624Z   Using cached pillow-12.1.1-cp312-cp312-manylinux_2_27_x86_64.manylinux_2_28_x86_64.whl.metadata (8.8 kB)
Backend CI	Install dependencies	2026-03-17T02:36:00.7135297Z Collecting fonttools>=4.0.0 (from fonttools[woff]>=4.0.0->weasyprint==61.2->-r requirements.txt (line 63))
Backend CI	Install dependencies	2026-03-17T02:36:00.7150122Z   Using cached fonttools-4.62.1-cp312-cp312-manylinux2014_x86_64.manylinux_2_17_x86_64.whl.metadata (117 kB)
Backend CI	Install dependencies	2026-03-17T02:36:00.7355713Z Collecting pypng (from qrcode==7.4.2->-r requirements.txt (line 65))
Backend CI	Install dependencies	2026-03-17T02:36:00.7368083Z   Using cached pypng-0.20220715.0-py3-none-any.whl.metadata (13 kB)
Backend CI	Install dependencies	2026-03-17T02:36:00.9084537Z Collecting numpy>=1.26.0 (from pandas==2.2.3->-r requirements.txt (line 66))
Backend CI	Install dependencies	2026-03-17T02:36:00.9098907Z   Using cached numpy-2.4.3-cp312-cp312-manylinux_2_27_x86_64.manylinux_2_28_x86_64.whl.metadata (6.6 kB)
Backend CI	Install dependencies	2026-03-17T02:36:00.9234051Z Collecting tzdata>=2022.7 (from pandas==2.2.3->-r requirements.txt (line 66))
Backend CI	Install dependencies	2026-03-17T02:36:00.9246225Z   Using cached tzdata-2025.3-py2.py3-none-any.whl.metadata (1.4 kB)
Backend CI	Install dependencies	2026-03-17T02:36:01.0708910Z Collecting psycopg-binary==3.2.4 (from psycopg[binary]==3.2.4->-r requirements.txt (line 27))
Backend CI	Install dependencies	2026-03-17T02:36:01.0722622Z   Using cached psycopg_binary-3.2.4-cp312-cp312-manylinux_2_17_x86_64.manylinux2014_x86_64.whl.metadata (2.8 kB)
Backend CI	Install dependencies	2026-03-17T02:36:01.0845205Z Collecting pycparser (from cffi>=1.12->cryptography==44.0.0->-r requirements.txt (line 59))
Backend CI	Install dependencies	2026-03-17T02:36:01.0856737Z   Using cached pycparser-3.0-py3-none-any.whl.metadata (8.2 kB)
Backend CI	Install dependencies	2026-03-17T02:36:01.0957249Z Collecting webencodings (from cssselect2>=0.1->weasyprint==61.2->-r requirements.txt (line 63))
Backend CI	Install dependencies	2026-03-17T02:36:01.0968880Z   Using cached webencodings-0.5.1-py2.py3-none-any.whl.metadata (2.1 kB)
Backend CI	Install dependencies	2026-03-17T02:36:01.2458993Z Collecting wrapt<3,>=1.10 (from deprecated>=1.2->limits==5.6.0->-r requirements.txt (line 54))
Backend CI	Install dependencies	2026-03-17T02:36:01.2473740Z   Using cached wrapt-2.1.2-cp312-cp312-manylinux1_x86_64.manylinux_2_28_x86_64.manylinux_2_5_x86_64.whl.metadata (7.4 kB)
Backend CI	Install dependencies	2026-03-17T02:36:01.2782930Z Collecting brotli>=1.0.1 (from fonttools[woff]>=4.0.0->weasyprint==61.2->-r requirements.txt (line 63))
Backend CI	Install dependencies	2026-03-17T02:36:01.2795831Z   Using cached brotli-1.2.0-cp312-cp312-manylinux2014_x86_64.manylinux_2_17_x86_64.whl.metadata (6.1 kB)
Backend CI	Install dependencies	2026-03-17T02:36:01.3162328Z Collecting zopfli>=0.1.4 (from fonttools[woff]>=4.0.0->weasyprint==61.2->-r requirements.txt (line 63))
Backend CI	Install dependencies	2026-03-17T02:36:01.3175593Z   Using cached zopfli-0.4.1-cp310-abi3-manylinux2014_x86_64.manylinux_2_17_x86_64.whl.metadata (3.5 kB)
Backend CI	Install dependencies	2026-03-17T02:36:01.3372267Z Collecting ua-parser-builtins (from ua-parser>=0.10.0->user-agents==2.2.0->-r requirements.txt (line 56))
Backend CI	Install dependencies	2026-03-17T02:36:01.3384771Z   Using cached ua_parser_builtins-202603-py3-none-any.whl.metadata (1.8 kB)
Backend CI	Install dependencies	2026-03-17T02:36:01.3464343Z Using cached alembic-1.18.2-py3-none-any.whl (261 kB)
Backend CI	Install dependencies	2026-03-17T02:36:01.3477484Z Using cached annotated_doc-0.0.4-py3-none-any.whl (5.3 kB)
Backend CI	Install dependencies	2026-03-17T02:36:01.3488711Z Using cached annotated_types-0.7.0-py3-none-any.whl (13 kB)
Backend CI	Install dependencies	2026-03-17T02:36:01.3500543Z Using cached anyio-4.12.1-py3-none-any.whl (113 kB)
Backend CI	Install dependencies	2026-03-17T02:36:01.3513038Z Using cached bcrypt-5.0.0-cp39-abi3-manylinux_2_34_x86_64.whl (278 kB)
Backend CI	Install dependencies	2026-03-17T02:36:01.3525830Z Using cached cachetools-6.2.2-py3-none-any.whl (11 kB)
Backend CI	Install dependencies	2026-03-17T02:36:01.3537605Z Using cached certifi-2026.1.4-py3-none-any.whl (152 kB)
Backend CI	Install dependencies	2026-03-17T02:36:01.3550495Z Using cached charset_normalizer-3.4.4-cp312-cp312-manylinux2014_x86_64.manylinux_2_17_x86_64.manylinux_2_28_x86_64.whl (153 kB)
Backend CI	Install dependencies	2026-03-17T02:36:01.3562413Z Using cached click-8.3.1-py3-none-any.whl (108 kB)
Backend CI	Install dependencies	2026-03-17T02:36:01.3574601Z Using cached dnspython-2.8.0-py3-none-any.whl (331 kB)
Backend CI	Install dependencies	2026-03-17T02:36:01.3588150Z Using cached ecdsa-0.19.1-py2.py3-none-any.whl (150 kB)
Backend CI	Install dependencies	2026-03-17T02:36:01.3600359Z Using cached email_validator-2.3.0-py3-none-any.whl (35 kB)
Backend CI	Install dependencies	2026-03-17T02:36:01.3611851Z Using cached fastapi-0.128.0-py3-none-any.whl (103 kB)
Backend CI	Install dependencies	2026-03-17T02:36:01.3623998Z Using cached starlette-0.41.3-py3-none-any.whl (73 kB)
Backend CI	Install dependencies	2026-03-17T02:36:01.3635706Z Using cached google_auth-2.47.0-py3-none-any.whl (234 kB)
Backend CI	Install dependencies	2026-03-17T02:36:01.3648339Z Using cached rsa-4.9.1-py3-none-any.whl (34 kB)
Backend CI	Install dependencies	2026-03-17T02:36:01.3660142Z Using cached greenlet-3.3.0-cp312-cp312-manylinux_2_24_x86_64.manylinux_2_28_x86_64.whl (609 kB)
Backend CI	Install dependencies	2026-03-17T02:36:01.3675695Z Using cached h11-0.16.0-py3-none-any.whl (37 kB)
Backend CI	Install dependencies	2026-03-17T02:36:01.3687272Z Using cached httpcore-1.0.9-py3-none-any.whl (78 kB)
Backend CI	Install dependencies	2026-03-17T02:36:01.3698892Z Using cached httpx-0.28.1-py3-none-any.whl (73 kB)
Backend CI	Install dependencies	2026-03-17T02:36:01.3710509Z Using cached idna-3.11-py3-none-any.whl (71 kB)
Backend CI	Install dependencies	2026-03-17T02:36:01.3722123Z Using cached iniconfig-2.3.0-py3-none-any.whl (7.5 kB)
Backend CI	Install dependencies	2026-03-17T02:36:01.3733614Z Using cached mako-1.3.10-py3-none-any.whl (78 kB)
Backend CI	Install dependencies	2026-03-17T02:36:01.3745869Z Using cached markupsafe-3.0.3-cp312-cp312-manylinux2014_x86_64.manylinux_2_17_x86_64.manylinux_2_28_x86_64.whl (22 kB)
Backend CI	Install dependencies	2026-03-17T02:36:01.3757053Z Using cached packaging-25.0-py3-none-any.whl (66 kB)
Backend CI	Install dependencies	2026-03-17T02:36:01.3768825Z Using cached passlib-1.7.4-py2.py3-none-any.whl (525 kB)
Backend CI	Install dependencies	2026-03-17T02:36:01.3784144Z Using cached pluggy-1.6.0-py3-none-any.whl (20 kB)
Backend CI	Install dependencies	2026-03-17T02:36:01.3795950Z Using cached psycopg2_binary-2.9.11-cp312-cp312-manylinux2014_x86_64.manylinux_2_17_x86_64.whl (4.2 MB)
Backend CI	Install dependencies	2026-03-17T02:36:01.3838027Z Using cached psycopg-3.2.4-py3-none-any.whl (198 kB)
Backend CI	Install dependencies	2026-03-17T02:36:01.3850437Z Using cached pyasn1-0.6.1-py3-none-any.whl (83 kB)
Backend CI	Install dependencies	2026-03-17T02:36:01.3862353Z Using cached pyasn1_modules-0.4.2-py3-none-any.whl (181 kB)
Backend CI	Install dependencies	2026-03-17T02:36:01.3875040Z Using cached pydantic-2.12.5-py3-none-any.whl (463 kB)
Backend CI	Install dependencies	2026-03-17T02:36:01.3889746Z Using cached pydantic_settings-2.12.0-py3-none-any.whl (51 kB)
Backend CI	Install dependencies	2026-03-17T02:36:01.3901797Z Using cached pydantic_core-2.41.5-cp312-cp312-manylinux_2_17_x86_64.manylinux2014_x86_64.whl (2.1 MB)
Backend CI	Install dependencies	2026-03-17T02:36:01.3928086Z Using cached pygments-2.19.2-py3-none-any.whl (1.2 MB)
Backend CI	Install dependencies	2026-03-17T02:36:01.3949097Z Using cached pytest-9.0.2-py3-none-any.whl (374 kB)
Backend CI	Install dependencies	2026-03-17T02:36:01.3964004Z Using cached pytest_asyncio-1.3.0-py3-none-any.whl (15 kB)
Backend CI	Install dependencies	2026-03-17T02:36:01.3975554Z Using cached pytest_cov-7.0.0-py3-none-any.whl (22 kB)
Backend CI	Install dependencies	2026-03-17T02:36:01.3987287Z Using cached python_dateutil-2.9.0-py2.py3-none-any.whl (230 kB)
Backend CI	Install dependencies	2026-03-17T02:36:01.4000032Z Using cached python_dotenv-1.2.1-py3-none-any.whl (21 kB)
Backend CI	Install dependencies	2026-03-17T02:36:01.4011527Z Using cached python_jose-3.5.0-py2.py3-none-any.whl (34 kB)
Backend CI	Install dependencies	2026-03-17T02:36:01.4023364Z Using cached python_multipart-0.0.20-py3-none-any.whl (24 kB)
Backend CI	Install dependencies	2026-03-17T02:36:01.4035493Z Using cached pyyaml-6.0.3-cp312-cp312-manylinux2014_x86_64.manylinux_2_17_x86_64.manylinux_2_28_x86_64.whl (807 kB)
Backend CI	Install dependencies	2026-03-17T02:36:01.4052315Z Using cached requests-2.32.5-py3-none-any.whl (64 kB)
Backend CI	Install dependencies	2026-03-17T02:36:01.4064208Z Using cached urllib3-2.6.2-py3-none-any.whl (131 kB)
Backend CI	Install dependencies	2026-03-17T02:36:01.4076389Z Using cached six-1.17.0-py2.py3-none-any.whl (11 kB)
Backend CI	Install dependencies	2026-03-17T02:36:01.4088459Z Using cached sqlalchemy-2.0.45-cp312-cp312-manylinux2014_x86_64.manylinux_2_17_x86_64.manylinux_2_28_x86_64.whl (3.3 MB)
Backend CI	Install dependencies	2026-03-17T02:36:01.4125020Z Using cached asyncpg-0.30.0-cp312-cp312-manylinux_2_17_x86_64.manylinux2014_x86_64.whl (3.6 MB)
Backend CI	Install dependencies	2026-03-17T02:36:01.4162625Z Using cached typing_inspection-0.4.2-py3-none-any.whl (14 kB)
Backend CI	Install dependencies	2026-03-17T02:36:01.4174731Z Using cached typing_extensions-4.15.0-py3-none-any.whl (44 kB)
Backend CI	Install dependencies	2026-03-17T02:36:01.4186648Z Using cached uvicorn-0.38.0-py3-none-any.whl (68 kB)
Backend CI	Install dependencies	2026-03-17T02:36:01.4198360Z Using cached gunicorn-23.0.0-py3-none-any.whl (85 kB)
Backend CI	Install dependencies	2026-03-17T02:36:01.4210076Z Using cached slowapi-0.1.9-py3-none-any.whl (14 kB)
Backend CI	Install dependencies	2026-03-17T02:36:01.4221420Z Using cached limits-5.6.0-py3-none-any.whl (60 kB)
Backend CI	Install dependencies	2026-03-17T02:36:01.4233480Z Using cached openpyxl-3.1.5-py2.py3-none-any.whl (250 kB)
Backend CI	Install dependencies	2026-03-17T02:36:01.4246548Z Using cached user_agents-2.2.0-py3-none-any.whl (9.6 kB)
Backend CI	Install dependencies	2026-03-17T02:36:01.4257990Z Using cached hypothesis-6.122.3-py3-none-any.whl (475 kB)
Backend CI	Install dependencies	2026-03-17T02:36:01.4272927Z Using cached APScheduler-3.10.4-py3-none-any.whl (59 kB)
Backend CI	Install dependencies	2026-03-17T02:36:01.4285066Z Using cached cryptography-44.0.0-cp39-abi3-manylinux_2_28_x86_64.whl (4.2 MB)
Backend CI	Install dependencies	2026-03-17T02:36:01.4326651Z Using cached itsdangerous-2.2.0-py3-none-any.whl (16 kB)
Backend CI	Install dependencies	2026-03-17T02:36:01.4338277Z Using cached redis-5.2.1-py3-none-any.whl (261 kB)
Backend CI	Install dependencies	2026-03-17T02:36:01.4351353Z Using cached jinja2-3.1.5-py3-none-any.whl (134 kB)
Backend CI	Install dependencies	2026-03-17T02:36:01.4363330Z Using cached weasyprint-61.2-py3-none-any.whl (271 kB)
Backend CI	Install dependencies	2026-03-17T02:36:01.4376750Z Using cached pyotp-2.9.0-py3-none-any.whl (13 kB)
Backend CI	Install dependencies	2026-03-17T02:36:01.4388213Z Using cached qrcode-7.4.2-py3-none-any.whl (46 kB)
Backend CI	Install dependencies	2026-03-17T02:36:01.4400207Z Using cached pandas-2.2.3-cp312-cp312-manylinux_2_17_x86_64.manylinux2014_x86_64.whl (12.7 MB)
Backend CI	Install dependencies	2026-03-17T02:36:01.4508269Z Using cached psycopg_binary-3.2.4-cp312-cp312-manylinux_2_17_x86_64.manylinux2014_x86_64.whl (4.3 MB)
Backend CI	Install dependencies	2026-03-17T02:36:01.4551342Z Using cached sortedcontainers-2.4.0-py2.py3-none-any.whl (29 kB)
Backend CI	Install dependencies	2026-03-17T02:36:01.4563241Z Using cached attrs-25.4.0-py3-none-any.whl (67 kB)
Backend CI	Install dependencies	2026-03-17T02:36:01.4575851Z Using cached cffi-2.0.0-cp312-cp312-manylinux2014_x86_64.manylinux_2_17_x86_64.whl (219 kB)
Backend CI	Install dependencies	2026-03-17T02:36:01.4589391Z Using cached coverage-7.13.4-cp312-cp312-manylinux1_x86_64.manylinux_2_28_x86_64.manylinux_2_5_x86_64.whl (254 kB)
Backend CI	Install dependencies	2026-03-17T02:36:01.4602463Z Using cached cssselect2-0.9.0-py3-none-any.whl (15 kB)
Backend CI	Install dependencies	2026-03-17T02:36:01.4616885Z Using cached deprecated-1.3.1-py2.py3-none-any.whl (11 kB)
Backend CI	Install dependencies	2026-03-17T02:36:01.4628917Z Using cached wrapt-2.1.2-cp312-cp312-manylinux1_x86_64.manylinux_2_28_x86_64.manylinux_2_5_x86_64.whl (121 kB)
Backend CI	Install dependencies	2026-03-17T02:36:01.4641472Z Using cached fonttools-4.62.1-cp312-cp312-manylinux2014_x86_64.manylinux_2_17_x86_64.whl (5.0 MB)
Backend CI	Install dependencies	2026-03-17T02:36:01.4690075Z Using cached brotli-1.2.0-cp312-cp312-manylinux2014_x86_64.manylinux_2_17_x86_64.whl (1.4 MB)
Backend CI	Install dependencies	2026-03-17T02:36:01.4711871Z Using cached html5lib-1.1-py2.py3-none-any.whl (112 kB)
Backend CI	Install dependencies	2026-03-17T02:36:01.4725271Z Using cached numpy-2.4.3-cp312-cp312-manylinux_2_27_x86_64.manylinux_2_28_x86_64.whl (16.6 MB)
Backend CI	Install dependencies	2026-03-17T02:36:01.4862256Z Using cached pillow-12.1.1-cp312-cp312-manylinux_2_27_x86_64.manylinux_2_28_x86_64.whl (7.0 MB)
Backend CI	Install dependencies	2026-03-17T02:36:01.4923351Z Using cached pydyf-0.12.1-py3-none-any.whl (8.0 kB)
Backend CI	Install dependencies	2026-03-17T02:36:01.4935067Z Using cached pyphen-0.17.2-py3-none-any.whl (2.1 MB)
Backend CI	Install dependencies	2026-03-17T02:36:01.4960899Z Using cached pytz-2026.1.post1-py2.py3-none-any.whl (510 kB)
Backend CI	Install dependencies	2026-03-17T02:36:01.4976358Z Using cached tinycss2-1.5.1-py3-none-any.whl (28 kB)
Backend CI	Install dependencies	2026-03-17T02:36:01.4988095Z Using cached tzdata-2025.3-py2.py3-none-any.whl (348 kB)
Backend CI	Install dependencies	2026-03-17T02:36:01.5001779Z Using cached tzlocal-5.3.1-py3-none-any.whl (18 kB)
Backend CI	Install dependencies	2026-03-17T02:36:01.5013323Z Using cached ua_parser-1.0.1-py3-none-any.whl (31 kB)
Backend CI	Install dependencies	2026-03-17T02:36:01.5025384Z Using cached webencodings-0.5.1-py2.py3-none-any.whl (11 kB)
Backend CI	Install dependencies	2026-03-17T02:36:01.5037410Z Using cached zopfli-0.4.1-cp310-abi3-manylinux2014_x86_64.manylinux_2_17_x86_64.whl (829 kB)
Backend CI	Install dependencies	2026-03-17T02:36:01.5055044Z Using cached et_xmlfile-2.0.0-py3-none-any.whl (18 kB)
Backend CI	Install dependencies	2026-03-17T02:36:01.5066575Z Using cached pycparser-3.0-py3-none-any.whl (48 kB)
Backend CI	Install dependencies	2026-03-17T02:36:01.5078587Z Using cached pypng-0.20220715.0-py3-none-any.whl (58 kB)
Backend CI	Install dependencies	2026-03-17T02:36:01.5090752Z Using cached ua_parser_builtins-202603-py3-none-any.whl (89 kB)
Backend CI	Install dependencies	2026-03-17T02:36:01.8347082Z Installing collected packages: webencodings, sortedcontainers, pytz, pypng, passlib, brotli, zopfli, wrapt, urllib3, ua-parser-builtins, tzlocal, tzdata, typing_extensions, tinycss2, six, redis, PyYAML, python-multipart, python-dotenv, Pyphen, pyotp, Pygments, pydyf, pycparser, pyasn1, psycopg2-binary, psycopg-binary, pluggy, Pillow, packaging, numpy, MarkupSafe, itsdangerous, iniconfig, idna, h11, greenlet, fonttools, et-xmlfile, dnspython, coverage, click, charset-normalizer, certifi, cachetools, bcrypt, attrs, asyncpg, annotated-types, annotated-doc, uvicorn, ua-parser, typing-inspection, SQLAlchemy, rsa, requests, qrcode, python-dateutil, pytest, pydantic_core, pyasn1_modules, psycopg, openpyxl, Mako, jinja2, hypothesis, httpcore, html5lib, gunicorn, email-validator, ecdsa, deprecated, cssselect2, cffi, apscheduler, anyio, weasyprint, user-agents, starlette, python-jose, pytest-cov, pytest-asyncio, pydantic, pandas, limits, httpx, google-auth, cryptography, alembic, slowapi, pydantic-settings, fastapi
Backend CI	Install dependencies	2026-03-17T02:36:17.9013265Z 
Backend CI	Install dependencies	2026-03-17T02:36:17.9093536Z Successfully installed Mako-1.3.10 MarkupSafe-3.0.3 Pillow-12.1.1 PyYAML-6.0.3 Pygments-2.19.2 Pyphen-0.17.2 SQLAlchemy-2.0.45 alembic-1.18.2 annotated-doc-0.0.4 annotated-types-0.7.0 anyio-4.12.1 apscheduler-3.10.4 asyncpg-0.30.0 attrs-25.4.0 bcrypt-5.0.0 brotli-1.2.0 cachetools-6.2.2 certifi-2026.1.4 cffi-2.0.0 charset-normalizer-3.4.4 click-8.3.1 coverage-7.13.4 cryptography-44.0.0 cssselect2-0.9.0 deprecated-1.3.1 dnspython-2.8.0 ecdsa-0.19.1 email-validator-2.3.0 et-xmlfile-2.0.0 fastapi-0.128.0 fonttools-4.62.1 google-auth-2.47.0 greenlet-3.3.0 gunicorn-23.0.0 h11-0.16.0 html5lib-1.1 httpcore-1.0.9 httpx-0.28.1 hypothesis-6.122.3 idna-3.11 iniconfig-2.3.0 itsdangerous-2.2.0 jinja2-3.1.5 limits-5.6.0 numpy-2.4.3 openpyxl-3.1.5 packaging-25.0 pandas-2.2.3 passlib-1.7.4 pluggy-1.6.0 psycopg-3.2.4 psycopg-binary-3.2.4 psycopg2-binary-2.9.11 pyasn1-0.6.1 pyasn1_modules-0.4.2 pycparser-3.0 pydantic-2.12.5 pydantic-settings-2.12.0 pydantic_core-2.41.5 pydyf-0.12.1 pyotp-2.9.0 pypng-0.20220715.0 pytest-9.0.2 pytest-asyncio-1.3.0 pytest-cov-7.0.0 python-dateutil-2.9.0 python-dotenv-1.2.1 python-jose-3.5.0 python-multipart-0.0.20 pytz-2026.1.post1 qrcode-7.4.2 redis-5.2.1 requests-2.32.5 rsa-4.9.1 six-1.17.0 slowapi-0.1.9 sortedcontainers-2.4.0 starlette-0.41.3 tinycss2-1.5.1 typing-inspection-0.4.2 typing_extensions-4.15.0 tzdata-2025.3 tzlocal-5.3.1 ua-parser-1.0.1 ua-parser-builtins-202603 urllib3-2.6.2 user-agents-2.2.0 uvicorn-0.38.0 weasyprint-61.2 webencodings-0.5.1 wrapt-2.1.2 zopfli-0.4.1
Backend CI	Install dependencies	2026-03-17T02:36:19.5900536Z Collecting ruff
Backend CI	Install dependencies	2026-03-17T02:36:19.6955587Z   Downloading ruff-0.15.6-py3-none-manylinux_2_17_x86_64.manylinux2014_x86_64.whl.metadata (26 kB)
Backend CI	Install dependencies	2026-03-17T02:36:19.8037761Z Collecting mypy
Backend CI	Install dependencies	2026-03-17T02:36:19.8235639Z   Downloading mypy-1.19.1-cp312-cp312-manylinux2014_x86_64.manylinux_2_17_x86_64.manylinux_2_28_x86_64.whl.metadata (2.2 kB)
Backend CI	Install dependencies	2026-03-17T02:36:19.8289254Z Requirement already satisfied: typing_extensions>=4.6.0 in /opt/hostedtoolcache/Python/3.12.13/x64/lib/python3.12/site-packages (from mypy) (4.15.0)
Backend CI	Install dependencies	2026-03-17T02:36:19.8361745Z Collecting mypy_extensions>=1.0.0 (from mypy)
Backend CI	Install dependencies	2026-03-17T02:36:19.8556967Z   Downloading mypy_extensions-1.1.0-py3-none-any.whl.metadata (1.1 kB)
Backend CI	Install dependencies	2026-03-17T02:36:19.8689740Z Collecting pathspec>=0.9.0 (from mypy)
Backend CI	Install dependencies	2026-03-17T02:36:19.8883585Z   Downloading pathspec-1.0.4-py3-none-any.whl.metadata (13 kB)
Backend CI	Install dependencies	2026-03-17T02:36:19.9908199Z Collecting librt>=0.6.2 (from mypy)
Backend CI	Install dependencies	2026-03-17T02:36:20.0109379Z   Downloading librt-0.8.1-cp312-cp312-manylinux2014_x86_64.manylinux_2_17_x86_64.manylinux_2_28_x86_64.whl.metadata (1.3 kB)
Backend CI	Install dependencies	2026-03-17T02:36:20.0355816Z Downloading ruff-0.15.6-py3-none-manylinux_2_17_x86_64.manylinux2014_x86_64.whl (11.3 MB)
Backend CI	Install dependencies	2026-03-17T02:36:20.1975742Z    ━━━━━━━━━━━━━━━━━━━━━━━━━━━━━━━━━━━━━━━━ 11.3/11.3 MB 93.6 MB/s  0:00:00
Backend CI	Install dependencies	2026-03-17T02:36:20.2178977Z Downloading mypy-1.19.1-cp312-cp312-manylinux2014_x86_64.manylinux_2_17_x86_64.manylinux_2_28_x86_64.whl (13.6 MB)
Backend CI	Install dependencies	2026-03-17T02:36:20.2974177Z    ━━━━━━━━━━━━━━━━━━━━━━━━━━━━━━━━━━━━━━━━ 13.6/13.6 MB 175.1 MB/s  0:00:00
Backend CI	Install dependencies	2026-03-17T02:36:20.3173437Z Downloading librt-0.8.1-cp312-cp312-manylinux2014_x86_64.manylinux_2_17_x86_64.manylinux_2_28_x86_64.whl (224 kB)
Backend CI	Install dependencies	2026-03-17T02:36:20.3393068Z Downloading mypy_extensions-1.1.0-py3-none-any.whl (5.0 kB)
Backend CI	Install dependencies	2026-03-17T02:36:20.3605318Z Downloading pathspec-1.0.4-py3-none-any.whl (55 kB)
Backend CI	Install dependencies	2026-03-17T02:36:20.4913474Z Installing collected packages: ruff, pathspec, mypy_extensions, librt, mypy
Backend CI	Install dependencies	2026-03-17T02:36:22.1906071Z 
Backend CI	Install dependencies	2026-03-17T02:36:22.1981752Z Successfully installed librt-0.8.1 mypy-1.19.1 mypy_extensions-1.1.0 pathspec-1.0.4 ruff-0.15.6
Backend CI	Lint with Ruff	﻿2026-03-17T02:36:22.3293962Z ##[group]Run ruff check app/
Backend CI	Lint with Ruff	2026-03-17T02:36:22.3294272Z [36;1mruff check app/[0m
Backend CI	Lint with Ruff	2026-03-17T02:36:22.3345801Z shell: /usr/bin/bash -e {0}
Backend CI	Lint with Ruff	2026-03-17T02:36:22.3346092Z env:
Backend CI	Lint with Ruff	2026-03-17T02:36:22.3346255Z   PYTHON_VERSION: 3.12
Backend CI	Lint with Ruff	2026-03-17T02:36:22.3346464Z   NODE_VERSION: 20
Backend CI	Lint with Ruff	2026-03-17T02:36:22.3346736Z   pythonLocation: /opt/hostedtoolcache/Python/3.12.13/x64
Backend CI	Lint with Ruff	2026-03-17T02:36:22.3347168Z   PKG_CONFIG_PATH: /opt/hostedtoolcache/Python/3.12.13/x64/lib/pkgconfig
Backend CI	Lint with Ruff	2026-03-17T02:36:22.3347619Z   Python_ROOT_DIR: /opt/hostedtoolcache/Python/3.12.13/x64
Backend CI	Lint with Ruff	2026-03-17T02:36:22.3348005Z   Python2_ROOT_DIR: /opt/hostedtoolcache/Python/3.12.13/x64
Backend CI	Lint with Ruff	2026-03-17T02:36:22.3348386Z   Python3_ROOT_DIR: /opt/hostedtoolcache/Python/3.12.13/x64
Backend CI	Lint with Ruff	2026-03-17T02:36:22.3348775Z   LD_LIBRARY_PATH: /opt/hostedtoolcache/Python/3.12.13/x64/lib
Backend CI	Lint with Ruff	2026-03-17T02:36:22.3349097Z ##[endgroup]
Backend CI	Lint with Ruff	2026-03-17T02:36:22.4451912Z All checks passed!
Backend CI	Type check with MyPy	﻿2026-03-17T02:36:22.4493345Z ##[group]Run mypy app/ --ignore-missing-imports
Backend CI	Type check with MyPy	2026-03-17T02:36:22.4493768Z [36;1mmypy app/ --ignore-missing-imports[0m
Backend CI	Type check with MyPy	2026-03-17T02:36:22.4544588Z shell: /usr/bin/bash -e {0}
Backend CI	Type check with MyPy	2026-03-17T02:36:22.4545025Z env:
Backend CI	Type check with MyPy	2026-03-17T02:36:22.4545189Z   PYTHON_VERSION: 3.12
Backend CI	Type check with MyPy	2026-03-17T02:36:22.4545393Z   NODE_VERSION: 20
Backend CI	Type check with MyPy	2026-03-17T02:36:22.4545663Z   pythonLocation: /opt/hostedtoolcache/Python/3.12.13/x64
Backend CI	Type check with MyPy	2026-03-17T02:36:22.4546104Z   PKG_CONFIG_PATH: /opt/hostedtoolcache/Python/3.12.13/x64/lib/pkgconfig
Backend CI	Type check with MyPy	2026-03-17T02:36:22.4546534Z   Python_ROOT_DIR: /opt/hostedtoolcache/Python/3.12.13/x64
Backend CI	Type check with MyPy	2026-03-17T02:36:22.4546911Z   Python2_ROOT_DIR: /opt/hostedtoolcache/Python/3.12.13/x64
Backend CI	Type check with MyPy	2026-03-17T02:36:22.4547270Z   Python3_ROOT_DIR: /opt/hostedtoolcache/Python/3.12.13/x64
Backend CI	Type check with MyPy	2026-03-17T02:36:22.4547646Z   LD_LIBRARY_PATH: /opt/hostedtoolcache/Python/3.12.13/x64/lib
Backend CI	Type check with MyPy	2026-03-17T02:36:22.4547957Z ##[endgroup]
Backend CI	Type check with MyPy	2026-03-17T02:36:31.6298420Z app/services/marketing_ai_context.py:256: error: "Collection[str]" has no attribute "items"  [attr-defined]
Backend CI	Type check with MyPy	2026-03-17T02:36:31.6299910Z app/services/marketing_ai_context.py:268: error: "Collection[str]" has no attribute "items"  [attr-defined]
Backend CI	Type check with MyPy	2026-03-17T02:36:31.6301164Z app/services/marketing_ai_context.py:272: error: Value of type "Collection[str]" is not indexable  [index]
Backend CI	Type check with MyPy	2026-03-17T02:36:31.6302375Z app/services/marketing_ai_context.py:280: error: Value of type "Collection[str]" is not indexable  [index]
Backend CI	Type check with MyPy	2026-03-17T02:36:32.4772002Z app/core/cache.py:14: note: By default the bodies of untyped functions are not checked, consider using --check-untyped-defs  [annotation-unchecked]
Backend CI	Type check with MyPy	2026-03-17T02:36:40.2699040Z app/tests/property/test_properties_tags_categorization.py:52: error: Argument "whitelist_categories" to "characters" has incompatible type "tuple[str]"; expected "Collection[Literal['L', 'Lu', 'Ll', 'Lt', 'Lm', 'Lo', 'M', 'Mn', 'Mc', 'Me', 'N', 'Nd', 'Nl', 'No', 'P', 'Pc', 'Pd', 'Ps', 'Pe', 'Pi', 'Pf', 'Po', 'S', 'Sm', 'Sc', 'Sk', 'So', 'Z', 'Zs', 'Zl', 'Zp', 'C', 'Cc', 'Cf', 'Cs', 'Co', 'Cn']] | None"  [arg-type]
Backend CI	Type check with MyPy	2026-03-17T02:36:40.2703518Z app/tests/property/test_properties_tags_categorization.py:108: error: Argument "whitelist_categories" to "characters" has incompatible type "tuple[str]"; expected "Collection[Literal['L', 'Lu', 'Ll', 'Lt', 'Lm', 'Lo', 'M', 'Mn', 'Mc', 'Me', 'N', 'Nd', 'Nl', 'No', 'P', 'Pc', 'Pd', 'Ps', 'Pe', 'Pi', 'Pf', 'Po', 'S', 'Sm', 'Sc', 'Sk', 'So', 'Z', 'Zs', 'Zl', 'Zp', 'C', 'Cc', 'Cf', 'Cs', 'Co', 'Cn']] | None"  [arg-type]
Backend CI	Type check with MyPy	2026-03-17T02:36:40.2707588Z app/tests/property/test_properties_tags_categorization.py:116: error: Argument "whitelist_categories" to "characters" has incompatible type "tuple[str]"; expected "Collection[Literal['L', 'Lu', 'Ll', 'Lt', 'Lm', 'Lo', 'M', 'Mn', 'Mc', 'Me', 'N', 'Nd', 'Nl', 'No', 'P', 'Pc', 'Pd', 'Ps', 'Pe', 'Pi', 'Pf', 'Po', 'S', 'Sm', 'Sc', 'Sk', 'So', 'Z', 'Zs', 'Zl', 'Zp', 'C', 'Cc', 'Cf', 'Cs', 'Co', 'Cn']] | None"  [arg-type]
Backend CI	Type check with MyPy	2026-03-17T02:36:40.6303123Z app/core/redis.py:67: note: By default the bodies of untyped functions are not checked, consider using --check-untyped-defs  [annotation-unchecked]
Backend CI	Type check with MyPy	2026-03-17T02:36:40.6961599Z app/tests/test_docker.py:4: error: Library stubs not installed for "yaml"  [import-untyped]
Backend CI	Type check with MyPy	2026-03-17T02:36:40.7130672Z app/tests/test_cicd.py:4: error: Library stubs not installed for "yaml"  [import-untyped]
Backend CI	Type check with MyPy	2026-03-17T02:36:40.7131738Z app/tests/test_cicd.py:4: note: Hint: "python3 -m pip install types-PyYAML"
Backend CI	Type check with MyPy	2026-03-17T02:36:40.7261513Z app/agents/tests/conftest.py:59: note: By default the bodies of untyped functions are not checked, consider using --check-untyped-defs  [annotation-unchecked]
Backend CI	Type check with MyPy	2026-03-17T02:36:41.7531635Z app/services/cache_service.py:41: error: Incompatible return value type (got "list[T]", expected "T")  [return-value]
Backend CI	Type check with MyPy	2026-03-17T02:36:42.8769567Z app/core/config.py:135: error: Missing named argument "SECRET_KEY" for "Settings"  [call-arg]
Backend CI	Type check with MyPy	2026-03-17T02:36:42.9128025Z app/core/database.py:168: error: Dict entry 0 has incompatible type "str": "bool"; expected "str": "SSLContext"  [dict-item]
Backend CI	Type check with MyPy	2026-03-17T02:36:42.9130023Z app/core/database.py:183: error: All conditional function variants must have identical signatures  [misc]
Backend CI	Type check with MyPy	2026-03-17T02:36:42.9130924Z app/core/database.py:183: note: Original:
Backend CI	Type check with MyPy	2026-03-17T02:36:42.9131979Z app/core/database.py:183: note:     def get_db() -> AsyncGenerator[AsyncSession, None]
Backend CI	Type check with MyPy	2026-03-17T02:36:42.9133002Z app/core/database.py:183: note: Redefinition:
Backend CI	Type check with MyPy	2026-03-17T02:36:42.9133716Z app/core/database.py:183: note:     def get_db() -> Generator[Session, None, None]
Backend CI	Type check with MyPy	2026-03-17T02:36:42.9135026Z app/core/database.py:203: error: Incompatible types in assignment (expression has type "None", variable has type "AsyncEngine")  [assignment]
Backend CI	Type check with MyPy	2026-03-17T02:36:42.9136728Z app/core/database.py:204: error: Incompatible types in assignment (expression has type "None", variable has type "async_sessionmaker[AsyncSession]")  [assignment]
Backend CI	Type check with MyPy	2026-03-17T02:36:42.9139042Z app/core/database.py:205: error: Incompatible types in assignment (expression has type "Callable[[], AsyncGenerator[AsyncSession, None]]", variable has type "Callable[[], Generator[Session, None, None]]")  [assignment]
Backend CI	Type check with MyPy	2026-03-17T02:36:42.9460742Z app/models/base.py:38: error: Incompatible types in assignment (expression has type "datetime", variable has type "Column[datetime]")  [assignment]
Backend CI	Type check with MyPy	2026-03-17T02:36:43.0792524Z app/models/user_settings.py:28: error: Need type annotation for "ai_data_sharing_level"  [var-annotated]
Backend CI	Type check with MyPy	2026-03-17T02:36:43.1025387Z app/models/user.py:43: error: Need type annotation for "status"  [var-annotated]
Backend CI	Type check with MyPy	2026-03-17T02:36:43.1026431Z app/models/user.py:54: error: Need type annotation for "subscription_status"  [var-annotated]
Backend CI	Type check with MyPy	2026-03-17T02:36:43.1229533Z app/models/time_entry.py:40: error: Need type annotation for "entry_type"  [var-annotated]
Backend CI	Type check with MyPy	2026-03-17T02:36:43.1230581Z app/models/time_entry.py:67: error: Need type annotation for "status"  [var-annotated]
Backend CI	Type check with MyPy	2026-03-17T02:36:43.1231981Z app/models/time_entry.py:92: error: Incompatible default for argument "current_time" (default has type "None", argument has type "datetime")  [assignment]
Backend CI	Type check with MyPy	2026-03-17T02:36:43.1234039Z app/models/time_entry.py:92: note: PEP 484 prohibits implicit Optional. Accordingly, mypy has changed its default to no_implicit_optional=True
Backend CI	Type check with MyPy	2026-03-17T02:36:43.1235708Z app/models/time_entry.py:92: note: Use https://github.com/hauntsaninja/no_implicit_optional to automatically upgrade your codebase
Backend CI	Type check with MyPy	2026-03-17T02:36:43.1237462Z app/models/time_entry.py:106: error: Incompatible types in assignment (expression has type "datetime", variable has type "Column[datetime]")  [assignment]
Backend CI	Type check with MyPy	2026-03-17T02:36:43.1378863Z app/models/tax.py:26: error: Need type annotation for "tax_type"  [var-annotated]
Backend CI	Type check with MyPy	2026-03-17T02:36:43.1779010Z app/models/supplier.py:32: error: Need type annotation for "tags"  [var-annotated]
Backend CI	Type check with MyPy	2026-03-17T02:36:43.1780264Z app/models/supplier.py:39: error: Incompatible return value type (got "Column[str] | str", expected "str")  [return-value]
Backend CI	Type check with MyPy	2026-03-17T02:36:43.1781638Z app/models/supplier.py:49: error: Generator has incompatible item type "Reversible[Any]"; expected "str"  [misc]
Backend CI	Type check with MyPy	2026-03-17T02:36:43.1921680Z app/models/subscription_transaction.py:41: error: Need type annotation for "transaction_type"  [var-annotated]
Backend CI	Type check with MyPy	2026-03-17T02:36:43.1923231Z app/models/subscription_transaction.py:46: error: Need type annotation for "status"  [var-annotated]
Backend CI	Type check with MyPy	2026-03-17T02:36:43.1924858Z app/models/subscription_transaction.py:90: error: Incompatible return value type (got "ColumnElement[float | Decimal]", expected "float")  [return-value]
Backend CI	Type check with MyPy	2026-03-17T02:36:43.2080717Z app/models/subscription_tier_improved.py:115: error: Incompatible return value type (got "ColumnElement[float | Decimal]", expected "float")  [return-value]
Backend CI	Type check with MyPy	2026-03-17T02:36:43.2082918Z app/models/subscription_tier_improved.py:126: error: Incompatible return value type (got "ColumnElement[float | Decimal]", expected "float")  [return-value]
Backend CI	Type check with MyPy	2026-03-17T02:36:43.2084774Z app/models/subscription_tier_improved.py:165: error: Incompatible return value type (got "ColumnElement[bool]", expected "bool")  [return-value]
Backend CI	Type check with MyPy	2026-03-17T02:36:43.2087020Z app/models/subscription_tier_improved.py:203: error: No overload variant of "get" of "dict" matches argument types "Column[str]", "Column[str]"  [call-overload]
Backend CI	Type check with MyPy	2026-03-17T02:36:43.2088814Z app/models/subscription_tier_improved.py:203: note: Possible overload variants:
Backend CI	Type check with MyPy	2026-03-17T02:36:43.2089848Z app/models/subscription_tier_improved.py:203: note:     def get(self, str, None = ..., /) -> str | None
Backend CI	Type check with MyPy	2026-03-17T02:36:43.2090923Z app/models/subscription_tier_improved.py:203: note:     def get(self, str, str, /) -> str
Backend CI	Type check with MyPy	2026-03-17T02:36:43.2092019Z app/models/subscription_tier_improved.py:203: note:     def [_T] get(self, str, _T, /) -> str | _T
Backend CI	Type check with MyPy	2026-03-17T02:36:43.2235010Z app/models/subscription_tier.py:86: error: Incompatible return value type (got "ColumnElement[float | Decimal]", expected "float")  [return-value]
Backend CI	Type check with MyPy	2026-03-17T02:36:43.2236772Z app/models/subscription_tier.py:91: error: Incompatible return value type (got "ColumnElement[float | Decimal]", expected "float")  [return-value]
Backend CI	Type check with MyPy	2026-03-17T02:36:43.2238495Z app/models/subscription_tier.py:103: error: Incompatible return value type (got "ColumnElement[bool]", expected "bool")  [return-value]
Backend CI	Type check with MyPy	2026-03-17T02:36:43.2665531Z app/models/subscription.py:113: error: Argument 1 to "Column" has incompatible type "type[Integer]"; expected "str | type[TypeEngine[UUID]] | TypeEngine[UUID] | SchemaEventTarget | None"  [arg-type]
Backend CI	Type check with MyPy	2026-03-17T02:36:43.2667963Z app/models/subscription.py:169: error: Argument 1 to "Column" has incompatible type "type[Integer]"; expected "str | type[TypeEngine[UUID]] | TypeEngine[UUID] | SchemaEventTarget | None"  [arg-type]
Backend CI	Type check with MyPy	2026-03-17T02:36:43.2670301Z app/models/subscription.py:222: error: Argument 1 to "Column" has incompatible type "type[Integer]"; expected "str | type[TypeEngine[UUID]] | TypeEngine[UUID] | SchemaEventTarget | None"  [arg-type]
Backend CI	Type check with MyPy	2026-03-17T02:36:43.2672599Z app/models/subscription.py:275: error: Argument 1 to "Column" has incompatible type "type[Integer]"; expected "str | type[TypeEngine[UUID]] | TypeEngine[UUID] | SchemaEventTarget | None"  [arg-type]
Backend CI	Type check with MyPy	2026-03-17T02:36:43.3061232Z app/models/stock_take.py:28: error: Need type annotation for "status"  [var-annotated]
Backend CI	Type check with MyPy	2026-03-17T02:36:43.3185299Z app/models/stock_reservation.py:37: error: Incompatible types in assignment (expression has type "Column[UUID]", variable has type "UUID")  [assignment]
Backend CI	Type check with MyPy	2026-03-17T02:36:43.3187225Z app/models/stock_reservation.py:45: error: Incompatible types in assignment (expression has type "Column[UUID]", variable has type "UUID")  [assignment]
Backend CI	Type check with MyPy	2026-03-17T02:36:43.3189131Z app/models/stock_reservation.py:55: error: Incompatible types in assignment (expression has type "Column[UUID]", variable has type "UUID | None")  [assignment]
Backend CI	Type check with MyPy	2026-03-17T02:36:43.3191022Z app/models/stock_reservation.py:63: error: Incompatible types in assignment (expression has type "Column[int]", variable has type "int")  [assignment]
Backend CI	Type check with MyPy	2026-03-17T02:36:43.3193119Z app/models/stock_reservation.py:70: error: Incompatible types in assignment (expression has type "Column[str]", variable has type "str")  [assignment]
Backend CI	Type check with MyPy	2026-03-17T02:36:43.3195033Z app/models/stock_reservation.py:73: error: Incompatible types in assignment (expression has type "Column[datetime]", variable has type "datetime")  [assignment]
Backend CI	Type check with MyPy	2026-03-17T02:36:43.3197036Z app/models/stock_reservation.py:80: error: Incompatible types in assignment (expression has type "Column[datetime]", variable has type "datetime | None")  [assignment]
Backend CI	Type check with MyPy	2026-03-17T02:36:43.4014794Z app/models/shift.py:46: error: Need type annotation for "status"  [var-annotated]
Backend CI	Type check with MyPy	2026-03-17T02:36:43.4015819Z app/models/shift.py:62: error: Need type annotation for "leave_type"  [var-annotated]
Backend CI	Type check with MyPy	2026-03-17T02:36:43.4016742Z app/models/shift.py:69: error: Need type annotation for "status"  [var-annotated]
Backend CI	Type check with MyPy	2026-03-17T02:36:43.4130699Z app/models/session.py:49: error: Incompatible return value type (got "ColumnElement[bool]", expected "bool")  [return-value]
Backend CI	Type check with MyPy	2026-03-17T02:36:43.4132265Z app/models/session.py:54: error: Incompatible return value type (got "Column[bool] | bool", expected "bool")  [return-value]
Backend CI	Type check with MyPy	2026-03-17T02:36:43.4453538Z app/models/role.py:114: error: Incompatible return value type (got "Column[Any] | list[Never]", expected "list[str]")  [return-value]
Backend CI	Type check with MyPy	2026-03-17T02:36:43.4455637Z app/models/role.py:118: error: Incompatible types in assignment (expression has type "list[str]", variable has type "Column[Any]")  [assignment]
Backend CI	Type check with MyPy	2026-03-17T02:36:43.4888827Z app/models/restaurant_table.py:135: error: Need type annotation for "status"  [var-annotated]
Backend CI	Type check with MyPy	2026-03-17T02:36:43.5584929Z app/models/reorder.py:74: error: Need type annotation for "status"  [var-annotated]
Backend CI	Type check with MyPy	2026-03-17T02:36:43.5585991Z app/models/reorder.py:92: error: Need type annotation for "status"  [var-annotated]
Backend CI	Type check with MyPy	2026-03-17T02:36:43.5958910Z app/models/proforma.py:58: error: Need type annotation for "status"  [var-annotated]
Backend CI	Type check with MyPy	2026-03-17T02:36:43.5960329Z app/models/proforma.py:103: error: Incompatible types in assignment (expression has type "str", variable has type "Column[str]")  [assignment]
Backend CI	Type check with MyPy	2026-03-17T02:36:43.5961927Z app/models/proforma.py:104: error: Incompatible return value type (got "Column[str]", expected "str")  [return-value]
Backend CI	Type check with MyPy	2026-03-17T02:36:43.6182387Z app/models/production.py:37: error: Need type annotation for "status"  [var-annotated]
Backend CI	Type check with MyPy	2026-03-17T02:36:43.6183973Z app/models/production.py:66: error: Incompatible return value type (got "ColumnElement[bool]", expected "bool")  [return-value]
Backend CI	Type check with MyPy	2026-03-17T02:36:43.6185619Z app/models/production.py:72: error: Incompatible return value type (got "ColumnElement[float | Decimal]", expected "float")  [return-value]
Backend CI	Type check with MyPy	2026-03-17T02:36:43.6576346Z app/models/product.py:52: error: Need type annotation for "status"  [var-annotated]
Backend CI	Type check with MyPy	2026-03-17T02:36:43.6577666Z app/models/product.py:81: error: Incompatible return value type (got "ColumnElement[bool]", expected "bool")  [return-value]
Backend CI	Type check with MyPy	2026-03-17T02:36:43.6579075Z app/models/product.py:94: error: Incompatible return value type (got "Decimal", expected "float")  [return-value]
Backend CI	Type check with MyPy	2026-03-17T02:36:43.6580411Z app/models/product.py:95: error: Generator has incompatible item type "Any | Decimal"; expected "bool"  [misc]
Backend CI	Type check with MyPy	2026-03-17T02:36:43.6823579Z app/models/pos_connection.py:44: error: Need type annotation for "provider"  [var-annotated]
Backend CI	Type check with MyPy	2026-03-17T02:36:43.6824870Z app/models/pos_connection.py:62: error: Incompatible return value type (got "None", expected "str")  [return-value]
Backend CI	Type check with MyPy	2026-03-17T02:36:43.6826284Z app/models/pos_connection.py:63: error: Incompatible return value type (got "str | None", expected "str")  [return-value]
Backend CI	Type check with MyPy	2026-03-17T02:36:43.6827812Z app/models/pos_connection.py:63: error: Argument 1 to "decrypt_field" has incompatible type "Column[str]"; expected "str | None"  [arg-type]
Backend CI	Type check with MyPy	2026-03-17T02:36:43.6829632Z app/models/pos_connection.py:70: error: Incompatible types in assignment (expression has type "str | None", variable has type "Column[str]")  [assignment]
Backend CI	Type check with MyPy	2026-03-17T02:36:43.6831388Z app/models/pos_connection.py:72: error: Incompatible types in assignment (expression has type "None", variable has type "Column[str]")  [assignment]
Backend CI	Type check with MyPy	2026-03-17T02:36:43.6833009Z app/models/pos_connection.py:83: error: Need type annotation for "status"  [var-annotated]
Backend CI	Type check with MyPy	2026-03-17T02:36:43.6834249Z app/models/pos_connection.py:109: error: Incompatible return value type (got "ColumnElement[bool]", expected "bool")  [return-value]
Backend CI	Type check with MyPy	2026-03-17T02:36:43.6835733Z app/models/pos_connection.py:116: error: Incompatible return value type (got "ColumnElement[bool]", expected "bool")  [return-value]
Backend CI	Type check with MyPy	2026-03-17T02:36:43.7764565Z app/models/petty_cash.py:34: error: Need type annotation for "status"  [var-annotated]
Backend CI	Type check with MyPy	2026-03-17T02:36:43.7765651Z app/models/petty_cash.py:67: error: Need type annotation for "status"  [var-annotated]
Backend CI	Type check with MyPy	2026-03-17T02:36:43.7766599Z app/models/petty_cash.py:138: error: Need type annotation for "tags"  [var-annotated]
Backend CI	Type check with MyPy	2026-03-17T02:36:43.8650928Z app/models/order.py:60: error: Need type annotation for "direction"  [var-annotated]
Backend CI	Type check with MyPy	2026-03-17T02:36:43.8651964Z app/models/order.py:70: error: Need type annotation for "status"  [var-annotated]
Backend CI	Type check with MyPy	2026-03-17T02:36:43.8653839Z app/models/order.py:74: error: Need type annotation for "payment_status"  [var-annotated]
Backend CI	Type check with MyPy	2026-03-17T02:36:43.8655031Z app/models/order.py:104: error: Need type annotation for "tags"  [var-annotated]
Backend CI	Type check with MyPy	2026-03-17T02:36:43.8655951Z app/models/order.py:108: error: Need type annotation for "order_type"  [var-annotated]
Backend CI	Type check with MyPy	2026-03-17T02:36:43.8657150Z app/models/order.py:140: error: Incompatible return value type (got "ColumnElement[bool]", expected "bool")  [return-value]
Backend CI	Type check with MyPy	2026-03-17T02:36:43.8875873Z app/models/online_order.py:55: error: Need type annotation for "fulfillment_type"  [var-annotated]
Backend CI	Type check with MyPy	2026-03-17T02:36:43.8877021Z app/models/online_order.py:60: error: Need type annotation for "status"  [var-annotated]
Backend CI	Type check with MyPy	2026-03-17T02:36:43.9013631Z app/models/notification.py:36: error: Need type annotation for "notification_type"  [var-annotated]
Backend CI	Type check with MyPy	2026-03-17T02:36:43.9014815Z app/models/notification.py:40: error: Need type annotation for "channel"  [var-annotated]
Backend CI	Type check with MyPy	2026-03-17T02:36:43.9330151Z app/models/loyalty.py:57: error: Need type annotation for "tier"  [var-annotated]
Backend CI	Type check with MyPy	2026-03-17T02:36:43.9331226Z app/models/loyalty.py:72: error: Need type annotation for "transaction_type"  [var-annotated]
Backend CI	Type check with MyPy	2026-03-17T02:36:43.9661630Z app/models/location.py:57: error: Need type annotation for "status"  [var-annotated]
Backend CI	Type check with MyPy	2026-03-17T02:36:43.9805552Z app/models/layby_schedule.py:109: error: Need type annotation for "status"  [var-annotated]
Backend CI	Type check with MyPy	2026-03-17T02:36:43.9806991Z app/models/layby_schedule.py:165: error: Incompatible return value type (got "ColumnElement[Decimal]", expected "Decimal")  [return-value]
Backend CI	Type check with MyPy	2026-03-17T02:36:43.9808680Z app/models/layby_schedule.py:175: error: Incompatible return value type (got "ColumnElement[bool]", expected "bool")  [return-value]
Backend CI	Type check with MyPy	2026-03-17T02:36:43.9810248Z app/models/layby_schedule.py:180: error: Incompatible return value type (got "ColumnElement[bool]", expected "bool")  [return-value]
Backend CI	Type check with MyPy	2026-03-17T02:36:44.0056526Z app/models/layby_payment.py:115: error: Need type annotation for "payment_type"  [var-annotated]
Backend CI	Type check with MyPy	2026-03-17T02:36:44.0057668Z app/models/layby_payment.py:139: error: Need type annotation for "status"  [var-annotated]
Backend CI	Type check with MyPy	2026-03-17T02:36:44.0059024Z app/models/layby_payment.py:243: error: Incompatible return value type (got "ColumnElement[bool]", expected "bool")  [return-value]
Backend CI	Type check with MyPy	2026-03-17T02:36:44.0060566Z app/models/layby_payment.py:248: error: Incompatible return value type (got "ColumnElement[bool]", expected "bool")  [return-value]
Backend CI	Type check with MyPy	2026-03-17T02:36:44.0062093Z app/models/layby_payment.py:253: error: Incompatible return value type (got "ColumnElement[bool]", expected "bool")  [return-value]
Backend CI	Type check with MyPy	2026-03-17T02:36:44.0063914Z app/models/layby_payment.py:259: error: Incompatible return value type (got "ColumnElement[Decimal]", expected "Decimal")  [return-value]
Backend CI	Type check with MyPy	2026-03-17T02:36:44.0065368Z app/models/layby_payment.py:260: error: Incompatible return value type (got "Column[Decimal]", expected "Decimal")  [return-value]
Backend CI	Type check with MyPy	2026-03-17T02:36:44.0161182Z app/models/layby_notification.py:34: error: Need type annotation for "channel"  [var-annotated]
Backend CI	Type check with MyPy	2026-03-17T02:36:44.0162375Z app/models/layby_notification.py:41: error: Need type annotation for "status"  [var-annotated]
Backend CI	Type check with MyPy	2026-03-17T02:36:44.0306351Z app/models/layby_item.py:141: error: Incompatible return value type (got "ColumnElement[Decimal]", expected "Decimal")  [return-value]
Backend CI	Type check with MyPy	2026-03-17T02:36:44.0308091Z app/models/layby_item.py:157: error: Incompatible return value type (got "ColumnElement[Decimal]", expected "Decimal")  [return-value]
Backend CI	Type check with MyPy	2026-03-17T02:36:44.0868314Z app/models/layby.py:132: error: Need type annotation for "status"  [var-annotated]
Backend CI	Type check with MyPy	2026-03-17T02:36:44.0869405Z app/models/layby.py:172: error: Need type annotation for "payment_frequency"  [var-annotated]
Backend CI	Type check with MyPy	2026-03-17T02:36:44.0870721Z app/models/layby.py:339: error: Incompatible return value type (got "ColumnElement[bool]", expected "bool")  [return-value]
Backend CI	Type check with MyPy	2026-03-17T02:36:44.0872296Z app/models/layby.py:357: error: Incompatible return value type (got "Literal[False] | ColumnElement[bool]", expected "bool")  [return-value]
Backend CI	Type check with MyPy	2026-03-17T02:36:44.0874613Z app/models/layby.py:366: error: Incompatible return value type (got "ColumnElement[bool]", expected "bool")  [return-value]
Backend CI	Type check with MyPy	2026-03-17T02:36:44.1189770Z app/models/invoice.py:45: error: Need type annotation for "invoice_type"  [var-annotated]
Backend CI	Type check with MyPy	2026-03-17T02:36:44.1190834Z app/models/invoice.py:51: error: Need type annotation for "status"  [var-annotated]
Backend CI	Type check with MyPy	2026-03-17T02:36:44.1192140Z app/models/invoice.py:94: error: Incompatible return value type (got "ColumnElement[Decimal] | Decimal", expected "Decimal")  [return-value]
Backend CI	Type check with MyPy	2026-03-17T02:36:44.1193930Z app/models/invoice.py:99: error: Incompatible return value type (got "ColumnElement[bool]", expected "bool")  [return-value]
Backend CI	Type check with MyPy	2026-03-17T02:36:44.1195386Z app/models/invoice.py:105: error: Incompatible return value type (got "ColumnElement[bool]", expected "bool")  [return-value]
Backend CI	Type check with MyPy	2026-03-17T02:36:44.1196951Z app/models/invoice.py:111: error: Incompatible return value type (got "ColumnElement[bool] | bool", expected "bool")  [return-value]
Backend CI	Type check with MyPy	2026-03-17T02:36:44.1198591Z app/models/invoice.py:118: error: Incompatible return value type (got "ColumnElement[Decimal] | Decimal", expected "Decimal")  [return-value]
Backend CI	Type check with MyPy	2026-03-17T02:36:44.1454851Z app/models/inventory.py:62: error: Incompatible return value type (got "SupportsDunderLT[Any] | SupportsDunderGT[Any]", expected "int")  [return-value]
Backend CI	Type check with MyPy	2026-03-17T02:36:44.1456570Z app/models/inventory.py:67: error: Incompatible return value type (got "ColumnElement[bool]", expected "bool")  [return-value]
Backend CI	Type check with MyPy	2026-03-17T02:36:44.1457883Z app/models/inventory.py:85: error: Need type annotation for "transaction_type"  [var-annotated]
Backend CI	Type check with MyPy	2026-03-17T02:36:44.1603562Z app/models/gift_card.py:32: error: Need type annotation for "status"  [var-annotated]
Backend CI	Type check with MyPy	2026-03-17T02:36:44.2077230Z app/models/general_ledger.py:33: error: Need type annotation for "account_type"  [var-annotated]
Backend CI	Type check with MyPy	2026-03-17T02:36:44.2078395Z app/models/general_ledger.py:54: error: Need type annotation for "status"  [var-annotated]
Backend CI	Type check with MyPy	2026-03-17T02:36:44.2159046Z app/models/favorite_product.py:49: error: Incompatible return value type (got "Column[int] | Any", expected "int")  [return-value]
Backend CI	Type check with MyPy	2026-03-17T02:36:44.2317137Z app/models/expense.py:51: error: Need type annotation for "status"  [var-annotated]
Backend CI	Type check with MyPy	2026-03-17T02:36:44.2674920Z app/models/delivery.py:109: error: Need type annotation for "status"  [var-annotated]
Backend CI	Type check with MyPy	2026-03-17T02:36:44.3480051Z app/models/customer_account.py:125: error: Incompatible return value type (got "ColumnElement[bool]", expected "bool")  [return-value]
Backend CI	Type check with MyPy	2026-03-17T02:36:44.3481544Z app/models/customer_account.py:125: note: Error code "return-value" not covered by "type: ignore" comment
Backend CI	Type check with MyPy	2026-03-17T02:36:44.3483197Z app/models/customer_account.py:130: error: Incompatible return value type (got "ColumnElement[bool]", expected "bool")  [return-value]
Backend CI	Type check with MyPy	2026-03-17T02:36:44.3484611Z app/models/customer_account.py:130: note: Error code "return-value" not covered by "type: ignore" comment
Backend CI	Type check with MyPy	2026-03-17T02:36:44.3486047Z app/models/customer_account.py:135: error: Incompatible return value type (got "ColumnElement[bool]", expected "bool")  [return-value]
Backend CI	Type check with MyPy	2026-03-17T02:36:44.3487440Z app/models/customer_account.py:135: note: Error code "return-value" not covered by "type: ignore" comment
Backend CI	Type check with MyPy	2026-03-17T02:36:44.3488832Z app/models/customer_account.py:187: error: Incompatible return value type (got "ColumnElement[bool]", expected "bool")  [return-value]
Backend CI	Type check with MyPy	2026-03-17T02:36:44.3490219Z app/models/customer_account.py:187: note: Error code "return-value" not covered by "type: ignore" comment
Backend CI	Type check with MyPy	2026-03-17T02:36:44.3491613Z app/models/customer_account.py:192: error: Incompatible return value type (got "ColumnElement[bool]", expected "bool")  [return-value]
Backend CI	Type check with MyPy	2026-03-17T02:36:44.3493148Z app/models/customer_account.py:192: note: Error code "return-value" not covered by "type: ignore" comment
Backend CI	Type check with MyPy	2026-03-17T02:36:44.3672098Z app/models/customer.py:25: error: Need type annotation for "customer_type"  [var-annotated]
Backend CI	Type check with MyPy	2026-03-17T02:36:44.3673736Z app/models/customer.py:50: error: Need type annotation for "tags"  [var-annotated]
Backend CI	Type check with MyPy	2026-03-17T02:36:44.3675159Z app/models/customer.py:71: error: Incompatible return value type (got "Column[str]", expected "str")  [return-value]
Backend CI	Type check with MyPy	2026-03-17T02:36:44.3676473Z app/models/customer.py:73: error: Generator has incompatible item type "Column[str]"; expected "str"  [misc]
Backend CI	Type check with MyPy	2026-03-17T02:36:44.3677767Z app/models/customer.py:84: error: Generator has incompatible item type "Reversible[Any]"; expected "str"  [misc]
Backend CI	Type check with MyPy	2026-03-17T02:36:44.4162544Z app/models/crm.py:77: error: Need type annotation for "interaction_type"  [var-annotated]
Backend CI	Type check with MyPy	2026-03-17T02:36:44.4298015Z app/models/commission.py:34: error: Need type annotation for "status"  [var-annotated]
Backend CI	Type check with MyPy	2026-03-17T02:36:44.4488441Z app/models/combo.py:71: error: Need type annotation for "location_ids"  [var-annotated]
Backend CI	Type check with MyPy	2026-03-17T02:36:44.4489569Z app/models/combo.py:104: error: Need type annotation for "component_type"  [var-annotated]
Backend CI	Type check with MyPy	2026-03-17T02:36:44.4490681Z app/models/combo.py:119: error: Need type annotation for "allowed_category_ids"  [var-annotated]
Backend CI	Type check with MyPy	2026-03-17T02:36:44.4491761Z app/models/combo.py:120: error: Need type annotation for "allowed_product_ids"  [var-annotated]
Backend CI	Type check with MyPy	2026-03-17T02:36:44.4777199Z app/models/cash_register.py:41: error: Need type annotation for "status"  [var-annotated]
Backend CI	Type check with MyPy	2026-03-17T02:36:44.4890849Z app/models/business_user.py:28: error: Need type annotation for "status"  [var-annotated]
Backend CI	Type check with MyPy	2026-03-17T02:36:44.5415553Z app/models/audit_log.py:31: error: Need type annotation for "action"  [var-annotated]
Backend CI	Type check with MyPy	2026-03-17T02:36:44.5676354Z app/agents/agent_registry.py:49: error: Type cannot be declared in assignment to non-self attribute  [misc]
Backend CI	Type check with MyPy	2026-03-17T02:36:44.5677665Z app/agents/agent_registry.py:49: error: "AgentRegistry" has no attribute "_agents"  [attr-defined]
Backend CI	Type check with MyPy	2026-03-17T02:36:44.5678753Z app/agents/agent_registry.py:53: error: "AgentRegistry" has no attribute "_agents"  [attr-defined]
Backend CI	Type check with MyPy	2026-03-17T02:36:44.5679958Z app/agents/agent_registry.py:56: error: "AgentRegistry" has no attribute "_agents"  [attr-defined]
Backend CI	Type check with MyPy	2026-03-17T02:36:44.5681109Z app/agents/agent_registry.py:59: error: "AgentRegistry" has no attribute "_agents"  [attr-defined]
Backend CI	Type check with MyPy	2026-03-17T02:36:44.5845542Z app/middleware/rate_limiting.py:52: error: Item "None" of "Address | None" has no attribute "host"  [union-attr]
Backend CI	Type check with MyPy	2026-03-17T02:36:44.5847088Z app/middleware/rate_limiting.py:55: error: Argument 4 to "check_rate_limit" has incompatible type "Redis | None"; expected "Redis"  [arg-type]
Backend CI	Type check with MyPy	2026-03-17T02:36:44.5848729Z app/middleware/rate_limiting.py:74: error: Argument 4 to "check_rate_limit" has incompatible type "Redis | None"; expected "Redis"  [arg-type]
Backend CI	Type check with MyPy	2026-03-17T02:36:44.5850411Z app/middleware/rate_limiting.py:89: error: Argument 4 to "check_rate_limit" has incompatible type "Redis | None"; expected "Redis"  [arg-type]
Backend CI	Type check with MyPy	2026-03-17T02:36:44.5852164Z app/middleware/rate_limiting.py:104: error: Argument 4 to "check_rate_limit" has incompatible type "Redis | None"; expected "Redis"  [arg-type]
Backend CI	Type check with MyPy	2026-03-17T02:36:44.5854259Z app/middleware/rate_limiting.py:120: error: Argument 4 to "check_rate_limit" has incompatible type "Redis | None"; expected "Redis"  [arg-type]
Backend CI	Type check with MyPy	2026-03-17T02:36:44.5978328Z app/services/xero_service.py:75: error: Incompatible types in assignment (expression has type "datetime", variable has type "Column[datetime]")  [assignment]
Backend CI	Type check with MyPy	2026-03-17T02:36:44.5980251Z app/services/xero_service.py:163: error: Incompatible types in assignment (expression has type "str", variable has type "Column[str]")  [assignment]
Backend CI	Type check with MyPy	2026-03-17T02:36:44.5981983Z app/services/xero_service.py:164: error: Incompatible types in assignment (expression has type "str", variable has type "Column[str]")  [assignment]
Backend CI	Type check with MyPy	2026-03-17T02:36:44.5984165Z app/services/xero_service.py:165: error: Incompatible types in assignment (expression has type "str | None", variable has type "Column[str]")  [assignment]
Backend CI	Type check with MyPy	2026-03-17T02:36:44.5986066Z app/services/xero_service.py:166: error: Incompatible types in assignment (expression has type "datetime", variable has type "Column[datetime]")  [assignment]
Backend CI	Type check with MyPy	2026-03-17T02:36:44.5988333Z app/services/xero_service.py:167: error: Incompatible types in assignment (expression has type "datetime", variable has type "Column[datetime]")  [assignment]
Backend CI	Type check with MyPy	2026-03-17T02:36:44.5990535Z app/services/xero_service.py:179: error: Incompatible types in assignment (expression has type "str", variable has type "Column[str]")  [assignment]
Backend CI	Type check with MyPy	2026-03-17T02:36:44.5992341Z app/services/xero_service.py:180: error: Incompatible types in assignment (expression has type "str", variable has type "Column[str]")  [assignment]
Backend CI	Type check with MyPy	2026-03-17T02:36:44.5994434Z app/services/xero_service.py:181: error: Incompatible types in assignment (expression has type "datetime", variable has type "Column[datetime]")  [assignment]
Backend CI	Type check with MyPy	2026-03-17T02:36:44.6069356Z app/services/woocommerce_service.py:75: error: Incompatible types in assignment (expression has type "datetime", variable has type "Column[datetime]")  [assignment]
Backend CI	Type check with MyPy	2026-03-17T02:36:44.6071379Z app/services/woocommerce_service.py:163: error: Incompatible types in assignment (expression has type "str", variable has type "Column[str]")  [assignment]
Backend CI	Type check with MyPy	2026-03-17T02:36:44.6073491Z app/services/woocommerce_service.py:164: error: Incompatible types in assignment (expression has type "str", variable has type "Column[str]")  [assignment]
Backend CI	Type check with MyPy	2026-03-17T02:36:44.6075462Z app/services/woocommerce_service.py:165: error: Incompatible types in assignment (expression has type "str | None", variable has type "Column[str]")  [assignment]
Backend CI	Type check with MyPy	2026-03-17T02:36:44.6077521Z app/services/woocommerce_service.py:166: error: Incompatible types in assignment (expression has type "datetime", variable has type "Column[datetime]")  [assignment]
Backend CI	Type check with MyPy	2026-03-17T02:36:44.6079554Z app/services/woocommerce_service.py:167: error: Incompatible types in assignment (expression has type "datetime", variable has type "Column[datetime]")  [assignment]
Backend CI	Type check with MyPy	2026-03-17T02:36:44.6081542Z app/services/woocommerce_service.py:179: error: Incompatible types in assignment (expression has type "str", variable has type "Column[str]")  [assignment]
Backend CI	Type check with MyPy	2026-03-17T02:36:44.6083683Z app/services/woocommerce_service.py:180: error: Incompatible types in assignment (expression has type "str", variable has type "Column[str]")  [assignment]
Backend CI	Type check with MyPy	2026-03-17T02:36:44.6085614Z app/services/woocommerce_service.py:181: error: Incompatible types in assignment (expression has type "datetime", variable has type "Column[datetime]")  [assignment]
Backend CI	Type check with MyPy	2026-03-17T02:36:44.6169417Z app/services/webhook_service.py:55: error: Argument 2 to "add_task" of "BackgroundTasks" has incompatible type "Column[UUID]"; expected "UUID"  [arg-type]
Backend CI	Type check with MyPy	2026-03-17T02:36:44.6171222Z app/services/webhook_service.py:58: error: Argument 1 to "deliver_webhook" has incompatible type "Column[UUID]"; expected "UUID"  [arg-type]
Backend CI	Type check with MyPy	2026-03-17T02:36:44.6195693Z app/services/ai_service.py:37: error: Incompatible types in assignment (expression has type "AIDataSharingLevel", variable has type "Column[Any]")  [assignment]
Backend CI	Type check with MyPy	2026-03-17T02:36:44.6323542Z app/services/two_factor_service.py:52: error: Argument "name" to "provisioning_uri" of "TOTP" has incompatible type "Column[str]"; expected "str | None"  [arg-type]
Backend CI	Type check with MyPy	2026-03-17T02:36:44.6325552Z app/services/two_factor_service.py:73: error: Incompatible types in assignment (expression has type "str", variable has type "Column[str]")  [assignment]
Backend CI	Type check with MyPy	2026-03-17T02:36:44.6327355Z app/services/two_factor_service.py:74: error: Incompatible types in assignment (expression has type "list[str]", variable has type "Column[Any]")  [assignment]
Backend CI	Type check with MyPy	2026-03-17T02:36:44.6329111Z app/services/two_factor_service.py:92: error: Argument 1 to "decrypt_secret" has incompatible type "Column[str]"; expected "str"  [arg-type]
Backend CI	Type check with MyPy	2026-03-17T02:36:44.6330883Z app/services/two_factor_service.py:96: error: Incompatible types in assignment (expression has type "bool", variable has type "Column[bool]")  [assignment]
Backend CI	Type check with MyPy	2026-03-17T02:36:44.6333098Z app/services/two_factor_service.py:97: error: Incompatible types in assignment (expression has type "datetime", variable has type "Column[datetime]")  [assignment]
Backend CI	Type check with MyPy	2026-03-17T02:36:44.6335218Z app/services/two_factor_service.py:115: error: Argument 1 to "decrypt_secret" has incompatible type "Column[str]"; expected "str"  [arg-type]
Backend CI	Type check with MyPy	2026-03-17T02:36:44.6337152Z app/services/two_factor_service.py:124: error: "Column[Any]" has no attribute "__iter__"; maybe "__str__"? (not iterable)  [attr-defined]
Backend CI	Type check with MyPy	2026-03-17T02:36:44.6338944Z app/services/two_factor_service.py:131: error: Incompatible types in assignment (expression has type "list[Any]", variable has type "Column[Any]")  [assignment]
Backend CI	Type check with MyPy	2026-03-17T02:36:44.6340888Z app/services/two_factor_service.py:148: error: Incompatible types in assignment (expression has type "bool", variable has type "Column[bool]")  [assignment]
Backend CI	Type check with MyPy	2026-03-17T02:36:44.6342990Z app/services/two_factor_service.py:149: error: Incompatible types in assignment (expression has type "None", variable has type "Column[str]")  [assignment]
Backend CI	Type check with MyPy	2026-03-17T02:36:44.6344924Z app/services/two_factor_service.py:150: error: Incompatible types in assignment (expression has type "None", variable has type "Column[Any]")  [assignment]
Backend CI	Type check with MyPy	2026-03-17T02:36:44.6437152Z app/services/pin_service.py:45: error: Incompatible types in assignment (expression has type "str", variable has type "Column[str]")  [assignment]
Backend CI	Type check with MyPy	2026-03-17T02:36:44.6438944Z app/services/pin_service.py:72: error: Argument 2 to "verify_pin" of "PinService" has incompatible type "Column[str]"; expected "str"  [arg-type]
Backend CI	Type check with MyPy	2026-03-17T02:36:44.6440645Z app/services/pin_service.py:100: error: Argument 2 to "verify_pin" of "PinService" has incompatible type "Column[str]"; expected "str"  [arg-type]
Backend CI	Type check with MyPy	2026-03-17T02:36:44.6442313Z app/services/pin_service.py:112: error: Incompatible types in assignment (expression has type "None", variable has type "Column[str]")  [assignment]
Backend CI	Type check with MyPy	2026-03-17T02:36:44.6522518Z app/services/google_oauth_service.py:121: error: Incompatible types in assignment (expression has type "str", variable has type "Column[str]")  [assignment]
Backend CI	Type check with MyPy	2026-03-17T02:36:44.6524662Z app/services/google_oauth_service.py:123: error: Incompatible types in assignment (expression has type "str", variable has type "Column[str]")  [assignment]
Backend CI	Type check with MyPy	2026-03-17T02:36:44.6526542Z app/services/google_oauth_service.py:125: error: Incompatible types in assignment (expression has type "bool", variable has type "Column[bool]")  [assignment]
Backend CI	Type check with MyPy	2026-03-17T02:36:44.6528535Z app/services/google_oauth_service.py:126: error: Incompatible types in assignment (expression has type "UserStatus", variable has type "Column[Any]")  [assignment]
Backend CI	Type check with MyPy	2026-03-17T02:36:44.6582922Z app/services/auth_service.py:86: error: Argument 2 to "verify_password" has incompatible type "Column[str]"; expected "str"  [arg-type]
Backend CI	Type check with MyPy	2026-03-17T02:36:44.6584691Z app/services/auth_service.py:96: error: Incompatible types in assignment (expression has type "bool", variable has type "Column[bool]")  [assignment]
Backend CI	Type check with MyPy	2026-03-17T02:36:44.6586537Z app/services/auth_service.py:97: error: Incompatible types in assignment (expression has type "UserStatus", variable has type "Column[Any]")  [assignment]
Backend CI	Type check with MyPy	2026-03-17T02:36:44.6588439Z app/services/auth_service.py:103: error: Incompatible types in assignment (expression has type "str", variable has type "Column[str]")  [assignment]
Backend CI	Type check with MyPy	2026-03-17T02:36:44.6590260Z app/services/auth_service.py:113: error: Incompatible types in assignment (expression has type "str", variable has type "Column[str]")  [assignment]
Backend CI	Type check with MyPy	2026-03-17T02:36:44.6826612Z app/services/time_entry_service.py:72: error: Incompatible types in assignment (expression has type "datetime", variable has type "Column[datetime]")  [assignment]
Backend CI	Type check with MyPy	2026-03-17T02:36:44.6828675Z app/services/time_entry_service.py:73: error: Incompatible types in assignment (expression has type "TimeEntryStatus", variable has type "Column[Any]")  [assignment]
Backend CI	Type check with MyPy	2026-03-17T02:36:44.6830616Z app/services/time_entry_service.py:74: error: Incompatible types in assignment (expression has type "Decimal", variable has type "Column[Decimal]")  [assignment]
Backend CI	Type check with MyPy	2026-03-17T02:36:44.6833293Z app/services/time_entry_service.py:78: error: Incompatible types in assignment (expression has type "str", variable has type "Column[str]")  [assignment]
Backend CI	Type check with MyPy	2026-03-17T02:36:44.6835516Z app/services/time_entry_service.py:93: error: Incompatible types in assignment (expression has type "datetime", variable has type "Column[datetime]")  [assignment]
Backend CI	Type check with MyPy	2026-03-17T02:36:44.6837456Z app/services/time_entry_service.py:94: error: Incompatible types in assignment (expression has type "None", variable has type "Column[datetime]")  [assignment]
Backend CI	Type check with MyPy	2026-03-17T02:36:44.6839389Z app/services/time_entry_service.py:111: error: Incompatible types in assignment (expression has type "datetime", variable has type "Column[datetime]")  [assignment]
Backend CI	Type check with MyPy	2026-03-17T02:36:44.6841528Z app/services/time_entry_service.py:116: error: Incompatible types in assignment (expression has type "ColumnElement[Decimal] | Decimal", variable has type "Column[Decimal]")  [assignment]
Backend CI	Type check with MyPy	2026-03-17T02:36:44.6843976Z app/services/time_entry_service.py:240: error: Incompatible types in assignment (expression has type "TimeEntryStatus", variable has type "Column[Any]")  [assignment]
Backend CI	Type check with MyPy	2026-03-17T02:36:44.6845975Z app/services/time_entry_service.py:241: error: Incompatible types in assignment (expression has type "str", variable has type "Column[UUID]")  [assignment]
Backend CI	Type check with MyPy	2026-03-17T02:36:44.6847936Z app/services/time_entry_service.py:242: error: Incompatible types in assignment (expression has type "datetime", variable has type "Column[datetime]")  [assignment]
Backend CI	Type check with MyPy	2026-03-17T02:36:44.6849987Z app/services/time_entry_service.py:264: error: Incompatible types in assignment (expression has type "TimeEntryStatus", variable has type "Column[Any]")  [assignment]
Backend CI	Type check with MyPy	2026-03-17T02:36:44.6851959Z app/services/time_entry_service.py:265: error: Incompatible types in assignment (expression has type "str", variable has type "Column[str]")  [assignment]
Backend CI	Type check with MyPy	2026-03-17T02:36:44.6986734Z app/services/tag_service.py:125: error: Incompatible return value type (got "tuple[ColumnElement[int] | int, str]", expected "tuple[int, str]")  [return-value]
Backend CI	Type check with MyPy	2026-03-17T02:36:44.6988625Z app/services/tag_service.py:206: error: Incompatible types in assignment (expression has type "int", variable has type "Column[int]")  [assignment]
Backend CI	Type check with MyPy	2026-03-17T02:36:44.6990394Z app/services/tag_service.py:207: error: Incompatible types in assignment (expression has type "str", variable has type "Column[str]")  [assignment]
Backend CI	Type check with MyPy	2026-03-17T02:36:44.6992234Z app/services/tag_service.py:249: error: Incompatible types in assignment (expression has type "ColumnElement[int] | int", variable has type "Column[int]")  [assignment]
Backend CI	Type check with MyPy	2026-03-17T02:36:44.6994560Z app/services/tag_service.py:268: error: Incompatible types in assignment (expression has type "ColumnElement[int]", variable has type "Column[int]")  [assignment]
Backend CI	Type check with MyPy	2026-03-17T02:36:44.7099122Z app/services/smart_collection_service.py:114: error: Incompatible types in assignment (expression has type "str", variable has type "Column[str]")  [assignment]
Backend CI	Type check with MyPy	2026-03-17T02:36:44.7101149Z app/services/smart_collection_service.py:116: error: Incompatible types in assignment (expression has type "str", variable has type "Column[str]")  [assignment]
Backend CI	Type check with MyPy	2026-03-17T02:36:44.7103474Z app/services/smart_collection_service.py:118: error: Incompatible types in assignment (expression has type "list[Any]", variable has type "Column[Any]")  [assignment]
Backend CI	Type check with MyPy	2026-03-17T02:36:44.7105486Z app/services/smart_collection_service.py:120: error: Incompatible types in assignment (expression has type "str", variable has type "Column[str]")  [assignment]
Backend CI	Type check with MyPy	2026-03-17T02:36:44.7107475Z app/services/smart_collection_service.py:122: error: Incompatible types in assignment (expression has type "bool", variable has type "Column[bool]")  [assignment]
Backend CI	Type check with MyPy	2026-03-17T02:36:44.7109468Z app/services/smart_collection_service.py:124: error: Incompatible types in assignment (expression has type "bool", variable has type "Column[bool]")  [assignment]
Backend CI	Type check with MyPy	2026-03-17T02:36:44.7111808Z app/services/smart_collection_service.py:211: error: Incompatible types in assignment (expression has type "bool", variable has type "Column[bool]")  [assignment]
Backend CI	Type check with MyPy	2026-03-17T02:36:44.7114364Z app/services/smart_collection_service.py:235: error: Incompatible types in assignment (expression has type "Any | int", variable has type "Column[int]")  [assignment]
Backend CI	Type check with MyPy	2026-03-17T02:36:44.7116433Z app/services/smart_collection_service.py:249: error: Incompatible types in assignment (expression has type "datetime", variable has type "Column[datetime]")  [assignment]
Backend CI	Type check with MyPy	2026-03-17T02:36:44.7205561Z app/services/sync_queue_service.py:91: error: Incompatible types in assignment (expression has type "str", variable has type "Column[str]")  [assignment]
Backend CI	Type check with MyPy	2026-03-17T02:36:44.7207551Z app/services/sync_queue_service.py:92: error: Incompatible types in assignment (expression has type "datetime", variable has type "Column[datetime]")  [assignment]
Backend CI	Type check with MyPy	2026-03-17T02:36:44.7209396Z app/services/sync_queue_service.py:104: error: Incompatible types in assignment (expression has type "str", variable has type "Column[str]")  [assignment]
Backend CI	Type check with MyPy	2026-03-17T02:36:44.7211205Z app/services/sync_queue_service.py:105: error: Incompatible types in assignment (expression has type "str", variable has type "Column[str]")  [assignment]
Backend CI	Type check with MyPy	2026-03-17T02:36:44.7213479Z app/services/sync_queue_service.py:106: error: Incompatible types in assignment (expression has type "ColumnElement[int] | int", variable has type "Column[int]")  [assignment]
Backend CI	Type check with MyPy	2026-03-17T02:36:44.7215532Z app/services/sync_queue_service.py:169: error: Incompatible types in assignment (expression has type "datetime", variable has type "Column[datetime]")  [assignment]
Backend CI	Type check with MyPy	2026-03-17T02:36:44.7217448Z app/services/sync_queue_service.py:170: error: Incompatible types in assignment (expression has type "str", variable has type "Column[str]")  [assignment]
Backend CI	Type check with MyPy	2026-03-17T02:36:44.7219448Z app/services/sync_queue_service.py:171: error: Incompatible types in assignment (expression has type "ColumnElement[int] | int", variable has type "Column[int]")  [assignment]
Backend CI	Type check with MyPy	2026-03-17T02:36:44.7483140Z app/services/permission_service.py:172: error: Incompatible types in assignment (expression has type "Result[tuple[BusinessSubscription]]", variable has type "Coroutine[Any, Any, Result[tuple[BusinessSubscription]]]")  [assignment]
Backend CI	Type check with MyPy	2026-03-17T02:36:44.7485813Z app/services/permission_service.py:173: error: "Coroutine[Any, Any, Result[tuple[BusinessSubscription]]]" has no attribute "scalar_one_or_none"  [attr-defined]
Backend CI	Type check with MyPy	2026-03-17T02:36:44.7487244Z app/services/permission_service.py:173: note: Maybe you forgot to use "await"?
Backend CI	Type check with MyPy	2026-03-17T02:36:44.7488694Z app/services/permission_service.py:234: error: Argument 1 to "_load_tier_features" of "PermissionService" has incompatible type "Column[str]"; expected "str"  [arg-type]
Backend CI	Type check with MyPy	2026-03-17T02:36:44.7490567Z app/services/permission_service.py:271: error: Incompatible return value type (got "ColumnElement[bool]", expected "bool")  [return-value]
Backend CI	Type check with MyPy	2026-03-17T02:36:44.7492959Z app/services/permission_service.py:315: error: Incompatible types in assignment (expression has type "Result[tuple[TierFeature]]", variable has type "Coroutine[Any, Any, Result[tuple[TierFeature]]]")  [assignment]
Backend CI	Type check with MyPy	2026-03-17T02:36:44.7495171Z app/services/permission_service.py:316: error: "Coroutine[Any, Any, Result[tuple[TierFeature]]]" has no attribute "scalar_one_or_none"  [attr-defined]
Backend CI	Type check with MyPy	2026-03-17T02:36:44.7496537Z app/services/permission_service.py:316: note: Maybe you forgot to use "await"?
Backend CI	Type check with MyPy	2026-03-17T02:36:44.7498371Z app/services/permission_service.py:363: error: Incompatible types in assignment (expression has type "Result[tuple[FeatureOverride]]", variable has type "Coroutine[Any, Any, Result[tuple[FeatureOverride]]]")  [assignment]
Backend CI	Type check with MyPy	2026-03-17T02:36:44.7500633Z app/services/permission_service.py:364: error: "Coroutine[Any, Any, Result[tuple[FeatureOverride]]]" has no attribute "scalars"  [attr-defined]
Backend CI	Type check with MyPy	2026-03-17T02:36:44.7502034Z app/services/permission_service.py:364: note: Maybe you forgot to use "await"?
Backend CI	Type check with MyPy	2026-03-17T02:36:44.7503939Z app/services/permission_service.py:401: error: Argument 1 to "add" of "set" has incompatible type "Column[str]"; expected "str"  [arg-type]
Backend CI	Type check with MyPy	2026-03-17T02:36:44.7505887Z app/services/permission_service.py:404: error: Argument 1 to "discard" of "set" has incompatible type "Column[str]"; expected "str"  [arg-type]
Backend CI	Type check with MyPy	2026-03-17T02:36:44.7508111Z app/services/permission_service.py:436: error: Incompatible types in assignment (expression has type "Result[tuple[FeatureOverride]]", variable has type "Coroutine[Any, Any, Result[tuple[FeatureOverride]]]")  [assignment]
Backend CI	Type check with MyPy	2026-03-17T02:36:44.7510472Z app/services/permission_service.py:437: error: "Coroutine[Any, Any, Result[tuple[FeatureOverride]]]" has no attribute "scalar_one_or_none"  [attr-defined]
Backend CI	Type check with MyPy	2026-03-17T02:36:44.7511905Z app/services/permission_service.py:437: note: Maybe you forgot to use "await"?
Backend CI	Type check with MyPy	2026-03-17T02:36:44.7513948Z app/services/permission_service.py:452: error: Incompatible types in assignment (expression has type "Result[tuple[FeatureOverride]]", variable has type "Coroutine[Any, Any, Result[tuple[FeatureOverride]]]")  [assignment]
Backend CI	Type check with MyPy	2026-03-17T02:36:44.7516301Z app/services/permission_service.py:453: error: "Coroutine[Any, Any, Result[tuple[FeatureOverride]]]" has no attribute "scalar_one_or_none"  [attr-defined]
Backend CI	Type check with MyPy	2026-03-17T02:36:44.7517728Z app/services/permission_service.py:453: note: Maybe you forgot to use "await"?
Backend CI	Type check with MyPy	2026-03-17T02:36:44.7540998Z app/scheduler/jobs/device_cleanup_job.py:45: error: Incompatible types in assignment (expression has type "bool", variable has type "Column[bool]")  [assignment]
Backend CI	Type check with MyPy	2026-03-17T02:36:44.7542639Z app/scheduler/jobs/device_cleanup_job.py:57: error: "object" has no attribute "append"  [attr-defined]
Backend CI	Type check with MyPy	2026-03-17T02:36:44.7544241Z app/scheduler/jobs/device_cleanup_job.py:64: error: "object" has no attribute "append"  [attr-defined]
Backend CI	Type check with MyPy	2026-03-17T02:36:44.7584236Z app/scheduler/jobs/demo_expiry_job.py:44: error: Incompatible types in assignment (expression has type "str", variable has type "Column[str]")  [assignment]
Backend CI	Type check with MyPy	2026-03-17T02:36:44.7585841Z app/scheduler/jobs/demo_expiry_job.py:60: error: "object" has no attribute "append"  [attr-defined]
Backend CI	Type check with MyPy	2026-03-17T02:36:44.7587016Z app/scheduler/jobs/demo_expiry_job.py:67: error: "object" has no attribute "append"  [attr-defined]
Backend CI	Type check with MyPy	2026-03-17T02:36:44.7699797Z app/services/inventory_period_service.py:123: error: Incompatible types in assignment (expression has type "str", variable has type "Column[str]")  [assignment]
Backend CI	Type check with MyPy	2026-03-17T02:36:44.7701892Z app/services/inventory_period_service.py:124: error: Incompatible types in assignment (expression has type "Decimal", variable has type "Column[Decimal]")  [assignment]
Backend CI	Type check with MyPy	2026-03-17T02:36:44.7704199Z app/services/inventory_period_service.py:125: error: Incompatible types in assignment (expression has type "Decimal", variable has type "Column[Decimal]")  [assignment]
Backend CI	Type check with MyPy	2026-03-17T02:36:44.7706252Z app/services/inventory_period_service.py:126: error: Incompatible types in assignment (expression has type "str", variable has type "Column[UUID]")  [assignment]
Backend CI	Type check with MyPy	2026-03-17T02:36:44.7708333Z app/services/inventory_period_service.py:127: error: Incompatible types in assignment (expression has type "datetime", variable has type "Column[datetime]")  [assignment]
Backend CI	Type check with MyPy	2026-03-17T02:36:44.7710341Z app/services/inventory_period_service.py:159: error: Incompatible types in assignment (expression has type "str", variable has type "Column[str]")  [assignment]
Backend CI	Type check with MyPy	2026-03-17T02:36:44.7712343Z app/services/inventory_period_service.py:160: error: Incompatible types in assignment (expression has type "str", variable has type "Column[UUID]")  [assignment]
Backend CI	Type check with MyPy	2026-03-17T02:36:44.7714635Z app/services/inventory_period_service.py:161: error: Incompatible types in assignment (expression has type "datetime", variable has type "Column[datetime]")  [assignment]
Backend CI	Type check with MyPy	2026-03-17T02:36:44.7716684Z app/services/inventory_period_service.py:233: error: Incompatible types in assignment (expression has type "str", variable has type "Column[str]")  [assignment]
Backend CI	Type check with MyPy	2026-03-17T02:36:44.7718701Z app/services/inventory_period_service.py:234: error: Incompatible types in assignment (expression has type "Decimal", variable has type "Column[Decimal]")  [assignment]
Backend CI	Type check with MyPy	2026-03-17T02:36:44.7721254Z app/services/inventory_period_service.py:235: error: Incompatible types in assignment (expression has type "int", variable has type "Column[int]")  [assignment]
Backend CI	Type check with MyPy	2026-03-17T02:36:44.8223500Z app/services/staff_target_service.py:105: error: Incompatible types in assignment (expression has type "datetime", variable has type "Column[datetime]")  [assignment]
Backend CI	Type check with MyPy	2026-03-17T02:36:44.8225910Z app/services/staff_target_service.py:125: error: Argument 1 to "float" has incompatible type "SupportsDunderLT[Any] | SupportsDunderGT[Any]"; expected "str | Buffer | SupportsFloat | SupportsIndex"  [arg-type]
Backend CI	Type check with MyPy	2026-03-17T02:36:44.8228227Z app/services/staff_target_service.py:266: error: Incompatible types in assignment (expression has type "Decimal", variable has type "ColumnElement[Decimal]")  [assignment]
Backend CI	Type check with MyPy	2026-03-17T02:36:44.8230289Z app/services/staff_target_service.py:270: error: Incompatible types in assignment (expression has type "Decimal", variable has type "ColumnElement[Decimal]")  [assignment]
Backend CI	Type check with MyPy	2026-03-17T02:36:44.8232294Z app/services/staff_target_service.py:275: error: Incompatible types in assignment (expression has type "ColumnElement[Decimal]", variable has type "Decimal")  [assignment]
Backend CI	Type check with MyPy	2026-03-17T02:36:44.8234370Z app/services/staff_target_service.py:339: error: No overload variant of "int" matches argument type "Callable[[Any], int]"  [call-overload]
Backend CI	Type check with MyPy	2026-03-17T02:36:44.8235561Z app/services/staff_target_service.py:339: note: Possible overload variants:
Backend CI	Type check with MyPy	2026-03-17T02:36:44.8236778Z app/services/staff_target_service.py:339: note:     def __new__(cls, str | Buffer | SupportsInt | SupportsIndex | SupportsTrunc = ..., /) -> int
Backend CI	Type check with MyPy	2026-03-17T02:36:44.8238293Z app/services/staff_target_service.py:339: note:     def __new__(cls, str | bytes | bytearray, /, base: SupportsIndex) -> int
Backend CI	Type check with MyPy	2026-03-17T02:36:44.8239791Z app/services/staff_target_service.py:431: error: No overload variant of "get" of "dict" matches argument types "Column[str]", "int"  [call-overload]
Backend CI	Type check with MyPy	2026-03-17T02:36:44.8241056Z app/services/staff_target_service.py:431: note: Possible overload variants:
Backend CI	Type check with MyPy	2026-03-17T02:36:44.8242042Z app/services/staff_target_service.py:431: note:     def get(self, str, None = ..., /) -> float | None
Backend CI	Type check with MyPy	2026-03-17T02:36:44.8243347Z app/services/staff_target_service.py:431: note:     def get(self, str, float, /) -> float
Backend CI	Type check with MyPy	2026-03-17T02:36:44.8244437Z app/services/staff_target_service.py:431: note:     def [_T] get(self, str, _T, /) -> float | _T
Backend CI	Type check with MyPy	2026-03-17T02:36:44.8419566Z app/services/signage_service.py:118: error: Incompatible types in assignment (expression has type "datetime", variable has type "Column[datetime]")  [assignment]
Backend CI	Type check with MyPy	2026-03-17T02:36:44.8421583Z app/services/signage_service.py:207: error: Incompatible types in assignment (expression has type "datetime", variable has type "Column[datetime]")  [assignment]
Backend CI	Type check with MyPy	2026-03-17T02:36:44.8423764Z app/services/signage_service.py:219: error: Incompatible types in assignment (expression has type "str", variable has type "Column[str]")  [assignment]
Backend CI	Type check with MyPy	2026-03-17T02:36:44.8425673Z app/services/signage_service.py:220: error: Incompatible types in assignment (expression has type "datetime", variable has type "Column[datetime]")  [assignment]
Backend CI	Type check with MyPy	2026-03-17T02:36:44.8427516Z app/services/signage_service.py:221: error: Incompatible types in assignment (expression has type "datetime", variable has type "Column[datetime]")  [assignment]
Backend CI	Type check with MyPy	2026-03-17T02:36:44.8429275Z app/services/signage_service.py:307: error: Incompatible types in assignment (expression has type "str", variable has type "Column[str]")  [assignment]
Backend CI	Type check with MyPy	2026-03-17T02:36:44.8431059Z app/services/signage_service.py:308: error: Incompatible types in assignment (expression has type "datetime", variable has type "Column[datetime]")  [assignment]
Backend CI	Type check with MyPy	2026-03-17T02:36:44.8433279Z app/services/signage_service.py:309: error: Incompatible types in assignment (expression has type "datetime", variable has type "Column[datetime]")  [assignment]
Backend CI	Type check with MyPy	2026-03-17T02:36:44.8435395Z app/services/signage_service.py:327: error: Incompatible types in assignment (expression has type "datetime", variable has type "Column[datetime]")  [assignment]
Backend CI	Type check with MyPy	2026-03-17T02:36:44.8437536Z app/services/signage_service.py:404: error: Incompatible types in assignment (expression has type "datetime", variable has type "Column[datetime]")  [assignment]
Backend CI	Type check with MyPy	2026-03-17T02:36:44.8561536Z app/services/shift_service.py:105: error: Incompatible types in assignment (expression has type "datetime", variable has type "Column[datetime]")  [assignment]
Backend CI	Type check with MyPy	2026-03-17T02:36:44.8563984Z app/services/shift_service.py:119: error: Incompatible types in assignment (expression has type "datetime", variable has type "Column[datetime]")  [assignment]
Backend CI	Type check with MyPy	2026-03-17T02:36:44.8565445Z app/services/shift_service.py:120: error: Incompatible types in assignment (expression has type "ShiftStatus", variable has type "Column[Any]")  [assignment]
Backend CI	Type check with MyPy	2026-03-17T02:36:44.8566730Z app/services/shift_service.py:135: error: Incompatible types in assignment (expression has type "datetime", variable has type "Column[datetime]")  [assignment]
Backend CI	Type check with MyPy	2026-03-17T02:36:44.8567961Z app/services/shift_service.py:136: error: Incompatible types in assignment (expression has type "ShiftStatus", variable has type "Column[Any]")  [assignment]
Backend CI	Type check with MyPy	2026-03-17T02:36:44.8569172Z app/services/shift_service.py:224: error: Incompatible types in assignment (expression has type "LeaveStatus", variable has type "Column[Any]")  [assignment]
Backend CI	Type check with MyPy	2026-03-17T02:36:44.8570344Z app/services/shift_service.py:225: error: Incompatible types in assignment (expression has type "str", variable has type "Column[UUID]")  [assignment]
Backend CI	Type check with MyPy	2026-03-17T02:36:44.8571522Z app/services/shift_service.py:246: error: Incompatible types in assignment (expression has type "LeaveStatus", variable has type "Column[Any]")  [assignment]
Backend CI	Type check with MyPy	2026-03-17T02:36:44.8787987Z app/services/session_service.py:128: error: Incompatible types in assignment (expression has type "datetime", variable has type "Column[datetime]")  [assignment]
Backend CI	Type check with MyPy	2026-03-17T02:36:44.8789311Z app/services/session_service.py:145: error: Incompatible types in assignment (expression has type "bool", variable has type "Column[bool]")  [assignment]
Backend CI	Type check with MyPy	2026-03-17T02:36:44.8790535Z app/services/session_service.py:146: error: Incompatible types in assignment (expression has type "datetime", variable has type "Column[datetime]")  [assignment]
Backend CI	Type check with MyPy	2026-03-17T02:36:44.8954009Z app/services/extended_report_service.py:154: error: Argument 1 to "_mask_ip" of "ExtendedReportService" has incompatible type "Column[str]"; expected "str"  [arg-type]
Backend CI	Type check with MyPy	2026-03-17T02:36:44.9162296Z app/services/sage_service.py:104: error: Incompatible types in assignment (expression has type "str", variable has type "Column[str]")  [assignment]
Backend CI	Type check with MyPy	2026-03-17T02:36:44.9164668Z app/services/sage_service.py:106: error: Incompatible types in assignment (expression has type "datetime", variable has type "Column[datetime]")  [assignment]
Backend CI	Type check with MyPy	2026-03-17T02:36:44.9166236Z app/services/sage_service.py:117: error: Incompatible types in assignment (expression has type "None", variable has type "Column[str]")  [assignment]
Backend CI	Type check with MyPy	2026-03-17T02:36:44.9167502Z app/services/sage_service.py:118: error: Incompatible types in assignment (expression has type "None", variable has type "Column[str]")  [assignment]
Backend CI	Type check with MyPy	2026-03-17T02:36:44.9168742Z app/services/sage_service.py:119: error: Incompatible types in assignment (expression has type "None", variable has type "Column[datetime]")  [assignment]
Backend CI	Type check with MyPy	2026-03-17T02:36:44.9169957Z app/services/sage_service.py:120: error: Incompatible types in assignment (expression has type "str", variable has type "Column[str]")  [assignment]
Backend CI	Type check with MyPy	2026-03-17T02:36:44.9171158Z app/services/sage_service.py:121: error: Incompatible types in assignment (expression has type "bool", variable has type "Column[bool]")  [assignment]
Backend CI	Type check with MyPy	2026-03-17T02:36:44.9172359Z app/services/sage_service.py:130: error: Incompatible types in assignment (expression has type "bool", variable has type "Column[bool]")  [assignment]
Backend CI	Type check with MyPy	2026-03-17T02:36:44.9174099Z app/services/sage_service.py:180: error: Incompatible types in assignment (expression has type "str", variable has type "Column[str]")  [assignment]
Backend CI	Type check with MyPy	2026-03-17T02:36:44.9175479Z app/services/sage_service.py:181: error: Incompatible types in assignment (expression has type "str | None", variable has type "Column[str]")  [assignment]
Backend CI	Type check with MyPy	2026-03-17T02:36:44.9176719Z app/services/sage_service.py:182: error: Incompatible types in assignment (expression has type "str | None", variable has type "Column[str]")  [assignment]
Backend CI	Type check with MyPy	2026-03-17T02:36:44.9177736Z app/services/sage_service.py:183: error: Incompatible types in assignment (expression has type "str | None", variable has type "Column[str]")  [assignment]
Backend CI	Type check with MyPy	2026-03-17T02:36:44.9178733Z app/services/sage_service.py:356: error: Incompatible types in assignment (expression has type "str", variable has type "Column[str]")  [assignment]
Backend CI	Type check with MyPy	2026-03-17T02:36:44.9179781Z app/services/sage_service.py:376: error: Incompatible types in assignment (expression has type "ColumnElement[int]", variable has type "Column[int]")  [assignment]
Backend CI	Type check with MyPy	2026-03-17T02:36:44.9180820Z app/services/sage_service.py:377: error: Incompatible types in assignment (expression has type "str", variable has type "Column[str]")  [assignment]
Backend CI	Type check with MyPy	2026-03-17T02:36:44.9181822Z app/services/sage_service.py:381: error: Incompatible types in assignment (expression has type "str", variable has type "Column[str]")  [assignment]
Backend CI	Type check with MyPy	2026-03-17T02:36:44.9183022Z app/services/sage_service.py:385: error: No overload variant of "__getitem__" of "list" matches argument type "SupportsDunderLT[Any] | SupportsDunderGT[Any]"  [call-overload]
Backend CI	Type check with MyPy	2026-03-17T02:36:44.9183849Z app/services/sage_service.py:385: note: Possible overload variants:
Backend CI	Type check with MyPy	2026-03-17T02:36:44.9184381Z app/services/sage_service.py:385: note:     def __getitem__(self, SupportsIndex, /) -> int
Backend CI	Type check with MyPy	2026-03-17T02:36:44.9184994Z app/services/sage_service.py:385: note:     def __getitem__(self, slice[Any, Any, Any], /) -> list[int]
Backend CI	Type check with MyPy	2026-03-17T02:36:44.9185863Z app/services/sage_service.py:386: error: Incompatible types in assignment (expression has type "datetime", variable has type "Column[datetime]")  [assignment]
Backend CI	Type check with MyPy	2026-03-17T02:36:44.9186902Z app/services/sage_service.py:387: error: Incompatible types in assignment (expression has type "str", variable has type "Column[str]")  [assignment]
Backend CI	Type check with MyPy	2026-03-17T02:36:44.9187878Z app/services/sage_service.py:401: error: Incompatible types in assignment (expression has type "int", variable has type "Column[int]")  [assignment]
Backend CI	Type check with MyPy	2026-03-17T02:36:44.9188845Z app/services/sage_service.py:402: error: Incompatible types in assignment (expression has type "str", variable has type "Column[str]")  [assignment]
Backend CI	Type check with MyPy	2026-03-17T02:36:44.9189872Z app/services/sage_service.py:403: error: Incompatible types in assignment (expression has type "None", variable has type "Column[datetime]")  [assignment]
Backend CI	Type check with MyPy	2026-03-17T02:36:44.9190887Z app/services/sage_service.py:404: error: Incompatible types in assignment (expression has type "None", variable has type "Column[str]")  [assignment]
Backend CI	Type check with MyPy	2026-03-17T02:36:44.9383688Z app/services/reservation_service.py:164: error: Incompatible types in assignment (expression has type "str", variable has type "Column[str]")  [assignment]
Backend CI	Type check with MyPy	2026-03-17T02:36:44.9384893Z app/services/reservation_service.py:177: error: "type[ReservationStatus]" has no attribute "SEATED"  [attr-defined]
Backend CI	Type check with MyPy	2026-03-17T02:36:44.9386054Z app/services/reservation_service.py:197: error: Incompatible types in assignment (expression has type "str", variable has type "Column[str]")  [assignment]
Backend CI	Type check with MyPy	2026-03-17T02:36:44.9387176Z app/services/reservation_service.py:226: error: "type[ReservationStatus]" has no attribute "SEATED"  [attr-defined]
Backend CI	Type check with MyPy	2026-03-17T02:36:44.9388245Z app/services/reservation_service.py:245: error: Argument "minutes" to "timedelta" has incompatible type "Column[int]"; expected "float"  [arg-type]
Backend CI	Type check with MyPy	2026-03-17T02:36:44.9503421Z app/services/report_subscription_service.py:59: error: Incompatible types in assignment (expression has type "bool", variable has type "Column[bool]")  [assignment]
Backend CI	Type check with MyPy	2026-03-17T02:36:44.9505480Z app/services/report_subscription_service.py:107: error: Incompatible types in assignment (expression has type "bool", variable has type "Column[bool]")  [assignment]
Backend CI	Type check with MyPy	2026-03-17T02:36:44.9507248Z app/services/report_subscription_service.py:229: error: Incompatible types in assignment (expression has type "datetime", variable has type "Column[datetime]")  [assignment]
Backend CI	Type check with MyPy	2026-03-17T02:36:44.9508664Z app/services/report_subscription_service.py:319: error: Incompatible types in assignment (expression has type "bool", variable has type "Column[bool]")  [assignment]
Backend CI	Type check with MyPy	2026-03-17T02:36:44.9997984Z app/services/proforma_revision_service.py:21: error: Module "app.models.proforma" has no attribute "ProformaInvoiceRevision"; maybe "ProformaRevision" or "ProformaInvoice"?  [attr-defined]
Backend CI	Type check with MyPy	2026-03-17T02:36:45.0261337Z app/services/proforma_report_service.py:189: error: Incompatible types in assignment (expression has type "str", variable has type "Column[str]")  [assignment]
Backend CI	Type check with MyPy	2026-03-17T02:36:45.0263422Z app/services/proforma_report_service.py:191: error: Incompatible types in assignment (expression has type "ColumnElement[Decimal] | Decimal", variable has type "Decimal")  [assignment]
Backend CI	Type check with MyPy	2026-03-17T02:36:45.0762916Z app/services/tax_service.py:230: error: Argument 1 to "_get_defaults" of "TaxService" has incompatible type "Column[UUID]"; expected "UUID"  [arg-type]
Backend CI	Type check with MyPy	2026-03-17T02:36:45.0764661Z app/services/tax_service.py:234: error: Argument 1 to "_get_defaults" of "TaxService" has incompatible type "Column[UUID]"; expected "UUID"  [arg-type]
Backend CI	Type check with MyPy	2026-03-17T02:36:45.0766511Z app/services/tax_service.py:261: error: Incompatible types in assignment (expression has type "ColumnElement[Decimal]", variable has type "ColumnElement[float | Decimal]")  [assignment]
Backend CI	Type check with MyPy	2026-03-17T02:36:45.1337890Z app/services/pms_service.py:101: error: Argument "entity_id" to "_audit" of "PMSService" has incompatible type "Column[UUID]"; expected "UUID | None"  [arg-type]
Backend CI	Type check with MyPy	2026-03-17T02:36:45.1339783Z app/services/pms_service.py:102: error: Argument "connection_id" to "_audit" of "PMSService" has incompatible type "Column[UUID]"; expected "UUID | None"  [arg-type]
Backend CI	Type check with MyPy	2026-03-17T02:36:45.1341319Z app/services/pms_service.py:155: error: Incompatible types in assignment (expression has type "datetime", variable has type "Column[datetime]")  [assignment]
Backend CI	Type check with MyPy	2026-03-17T02:36:45.1343087Z app/services/pms_service.py:229: error: Argument "entity_id" to "_audit" of "PMSService" has incompatible type "Column[UUID]"; expected "UUID | None"  [arg-type]
Backend CI	Type check with MyPy	2026-03-17T02:36:45.1344566Z app/services/pms_service.py:309: error: Argument "entity_id" to "_audit" of "PMSService" has incompatible type "Column[UUID]"; expected "UUID | None"  [arg-type]
Backend CI	Type check with MyPy	2026-03-17T02:36:45.1345968Z app/services/pms_service.py:311: error: Argument "connection_id" to "_audit" of "PMSService" has incompatible type "Column[UUID]"; expected "UUID | None"  [arg-type]
Backend CI	Type check with MyPy	2026-03-17T02:36:45.1347349Z app/services/pms_service.py:373: error: Argument "entity_id" to "_audit" of "PMSService" has incompatible type "Column[UUID]"; expected "UUID | None"  [arg-type]
Backend CI	Type check with MyPy	2026-03-17T02:36:45.1348701Z app/services/pms_service.py:408: error: Incompatible types in assignment (expression has type "str", variable has type "Column[str]")  [assignment]
Backend CI	Type check with MyPy	2026-03-17T02:36:45.1349994Z app/services/pms_service.py:409: error: Incompatible types in assignment (expression has type "str", variable has type "Column[str]")  [assignment]
Backend CI	Type check with MyPy	2026-03-17T02:36:45.1351205Z app/services/pms_service.py:410: error: Incompatible types in assignment (expression has type "UUID | None", variable has type "Column[UUID]")  [assignment]
Backend CI	Type check with MyPy	2026-03-17T02:36:45.1352269Z app/services/pms_service.py:411: error: Incompatible types in assignment (expression has type "datetime", variable has type "Column[datetime]")  [assignment]
Backend CI	Type check with MyPy	2026-03-17T02:36:45.1353471Z app/services/pms_service.py:412: error: Incompatible types in assignment (expression has type "datetime", variable has type "Column[datetime]")  [assignment]
Backend CI	Type check with MyPy	2026-03-17T02:36:45.1714758Z app/services/petty_cash_service.py:161: error: Incompatible types in assignment (expression has type "ExpenseStatus", variable has type "Column[Any]")  [assignment]
Backend CI	Type check with MyPy	2026-03-17T02:36:45.1716617Z app/services/petty_cash_service.py:162: error: Incompatible types in assignment (expression has type "str", variable has type "Column[UUID]")  [assignment]
Backend CI	Type check with MyPy	2026-03-17T02:36:45.1718135Z app/services/petty_cash_service.py:163: error: Incompatible types in assignment (expression has type "ColumnElement[Decimal]", variable has type "Column[Decimal]")  [assignment]
Backend CI	Type check with MyPy	2026-03-17T02:36:45.1719637Z app/services/petty_cash_service.py:183: error: Incompatible types in assignment (expression has type "ExpenseStatus", variable has type "Column[Any]")  [assignment]
Backend CI	Type check with MyPy	2026-03-17T02:36:45.1721236Z app/services/petty_cash_service.py:184: error: Incompatible types in assignment (expression has type "str", variable has type "Column[UUID]")  [assignment]
Backend CI	Type check with MyPy	2026-03-17T02:36:45.1722509Z app/services/petty_cash_service.py:185: error: Incompatible types in assignment (expression has type "str", variable has type "Column[str]")  [assignment]
Backend CI	Type check with MyPy	2026-03-17T02:36:45.1724362Z app/services/petty_cash_service.py:234: error: Incompatible types in assignment (expression has type "ColumnElement[Decimal]", variable has type "Column[Decimal]")  [assignment]
Backend CI	Type check with MyPy	2026-03-17T02:36:45.1725754Z app/services/petty_cash_service.py:421: error: Incompatible types in assignment (expression has type "str", variable has type "Column[str]")  [assignment]
Backend CI	Type check with MyPy	2026-03-17T02:36:45.1727050Z app/services/petty_cash_service.py:422: error: Incompatible types in assignment (expression has type "datetime", variable has type "Column[datetime]")  [assignment]
Backend CI	Type check with MyPy	2026-03-17T02:36:45.1728349Z app/services/petty_cash_service.py:471: error: Incompatible types in assignment (expression has type "bool", variable has type "Column[bool]")  [assignment]
Backend CI	Type check with MyPy	2026-03-17T02:36:45.1729609Z app/services/petty_cash_service.py:472: error: Incompatible types in assignment (expression has type "str", variable has type "Column[UUID]")  [assignment]
Backend CI	Type check with MyPy	2026-03-17T02:36:45.1730908Z app/services/petty_cash_service.py:473: error: Incompatible types in assignment (expression has type "datetime", variable has type "Column[datetime]")  [assignment]
Backend CI	Type check with MyPy	2026-03-17T02:36:45.1732138Z app/services/petty_cash_service.py:474: error: Incompatible types in assignment (expression has type "str | None", variable has type "Column[str]")  [assignment]
Backend CI	Type check with MyPy	2026-03-17T02:36:45.1733300Z app/services/petty_cash_service.py:475: error: Incompatible types in assignment (expression has type "str", variable has type "Column[str]")  [assignment]
Backend CI	Type check with MyPy	2026-03-17T02:36:45.1734331Z app/services/petty_cash_service.py:576: error: Incompatible types in assignment (expression has type "str", variable has type "Column[str]")  [assignment]
Backend CI	Type check with MyPy	2026-03-17T02:36:45.1735357Z app/services/petty_cash_service.py:577: error: Incompatible types in assignment (expression has type "str", variable has type "Column[UUID]")  [assignment]
Backend CI	Type check with MyPy	2026-03-17T02:36:45.1736435Z app/services/petty_cash_service.py:578: error: Incompatible types in assignment (expression has type "datetime", variable has type "Column[datetime]")  [assignment]
Backend CI	Type check with MyPy	2026-03-17T02:36:45.1737504Z app/services/petty_cash_service.py:580: error: Incompatible types in assignment (expression has type "str", variable has type "Column[str]")  [assignment]
Backend CI	Type check with MyPy	2026-03-17T02:36:45.2378925Z app/services/payment_service.py:150: error: Incompatible types in assignment (expression has type "str", variable has type "Column[str]")  [assignment]
Backend CI	Type check with MyPy	2026-03-17T02:36:45.2380322Z app/services/payment_service.py:151: error: Incompatible types in assignment (expression has type "str | None", variable has type "Column[str]")  [assignment]
Backend CI	Type check with MyPy	2026-03-17T02:36:45.2381650Z app/services/payment_service.py:152: error: Incompatible types in assignment (expression has type "datetime", variable has type "Column[datetime]")  [assignment]
Backend CI	Type check with MyPy	2026-03-17T02:36:45.2383337Z app/services/payment_service.py:393: error: Argument 1 to "mask_reference" of "PaymentService" has incompatible type "Column[str]"; expected "str | None"  [arg-type]
Backend CI	Type check with MyPy	2026-03-17T02:36:45.2385063Z app/services/payment_service.py:436: error: Incompatible types in assignment (expression has type "dict[Any, Any] | None", target has type "str")  [assignment]
Backend CI	Type check with MyPy	2026-03-17T02:36:45.2507533Z app/services/partner_service.py:121: error: Incompatible types in assignment (expression has type "datetime", variable has type "Column[datetime]")  [assignment]
Backend CI	Type check with MyPy	2026-03-17T02:36:45.2509053Z app/services/partner_service.py:159: error: Incompatible types in assignment (expression has type "datetime", variable has type "Column[datetime]")  [assignment]
Backend CI	Type check with MyPy	2026-03-17T02:36:45.2510481Z app/services/partner_service.py:198: error: Incompatible types in assignment (expression has type "datetime", variable has type "Column[datetime]")  [assignment]
Backend CI	Type check with MyPy	2026-03-17T02:36:45.2511895Z app/services/partner_service.py:265: error: Incompatible types in assignment (expression has type "datetime", variable has type "Column[datetime]")  [assignment]
Backend CI	Type check with MyPy	2026-03-17T02:36:45.2606574Z app/services/table_service.py:84: error: Incompatible types in assignment (expression has type "TableStatus", variable has type "Column[Any]")  [assignment]
Backend CI	Type check with MyPy	2026-03-17T02:36:45.2608568Z app/services/table_service.py:93: error: Incompatible types in assignment (expression has type "datetime", variable has type "Column[datetime]")  [assignment]
Backend CI	Type check with MyPy	2026-03-17T02:36:45.2610229Z app/services/table_service.py:111: error: Argument 1 to "get_table_order" of "TableService" has incompatible type "Column[UUID]"; expected "UUID"  [arg-type]
Backend CI	Type check with MyPy	2026-03-17T02:36:45.2732135Z app/services/stock_monitor_service.py:152: error: Incompatible types in assignment (expression has type "Column[int] | int", variable has type "int | None")  [assignment]
Backend CI	Type check with MyPy	2026-03-17T02:36:45.2734000Z app/services/stock_monitor_service.py:161: error: Unsupported operand types for / ("None" and "float")  [operator]
Backend CI	Type check with MyPy	2026-03-17T02:36:45.2735025Z app/services/stock_monitor_service.py:161: note: Left operand is of type "int | None"
Backend CI	Type check with MyPy	2026-03-17T02:36:45.4389847Z app/services/sales_report_service.py:181: error: Unsupported operand types for > ("float" and "object")  [operator]
Backend CI	Type check with MyPy	2026-03-17T02:36:45.4391107Z app/services/sales_report_service.py:183: error: Unsupported operand types for < ("float" and "object")  [operator]
Backend CI	Type check with MyPy	2026-03-17T02:36:45.4393066Z app/services/sales_report_service.py:628: error: Incompatible types in assignment (expression has type "Row[tuple[UUID, str, Decimal, Decimal]]", variable has type "Row[tuple[UUID, str, Decimal, Decimal, int]]")  [assignment]
Backend CI	Type check with MyPy	2026-03-17T02:36:45.4721196Z app/services/order_management_service.py:49: error: No overload variant of "get" of "dict" matches argument types "Column[Any]", "list[Never]"  [call-overload]
Backend CI	Type check with MyPy	2026-03-17T02:36:45.4723257Z app/services/order_management_service.py:49: note: Possible overload variants:
Backend CI	Type check with MyPy	2026-03-17T02:36:45.4724417Z app/services/order_management_service.py:49: note:     def get(self, OrderStatus, None = ..., /) -> list[OrderStatus] | None
Backend CI	Type check with MyPy	2026-03-17T02:36:45.4725752Z app/services/order_management_service.py:49: note:     def get(self, OrderStatus, list[OrderStatus], /) -> list[OrderStatus]
Backend CI	Type check with MyPy	2026-03-17T02:36:45.4726903Z app/services/order_management_service.py:49: note:     def [_T] get(self, OrderStatus, _T, /) -> list[OrderStatus] | _T
Backend CI	Type check with MyPy	2026-03-17T02:36:45.4728147Z app/services/order_management_service.py:66: error: Incompatible types in assignment (expression has type "OrderStatus", variable has type "Column[Any]")  [assignment]
Backend CI	Type check with MyPy	2026-03-17T02:36:45.4729640Z app/services/order_management_service.py:74: error: Incompatible types in assignment (expression has type "TableStatus", variable has type "Column[Any]")  [assignment]
Backend CI	Type check with MyPy	2026-03-17T02:36:45.4731106Z app/services/order_management_service.py:98: error: Incompatible types in assignment (expression has type "UUID", variable has type "Column[UUID]")  [assignment]
Backend CI	Type check with MyPy	2026-03-17T02:36:45.4732548Z app/services/order_management_service.py:99: error: Incompatible types in assignment (expression has type "OrderType", variable has type "Column[Any]")  [assignment]
Backend CI	Type check with MyPy	2026-03-17T02:36:45.4734406Z app/services/order_management_service.py:100: error: Incompatible types in assignment (expression has type "TableStatus", variable has type "Column[Any]")  [assignment]
Backend CI	Type check with MyPy	2026-03-17T02:36:45.4736046Z app/services/order_management_service.py:131: error: Incompatible types in assignment (expression has type "TableStatus", variable has type "Column[Any]")  [assignment]
Backend CI	Type check with MyPy	2026-03-17T02:36:45.4737444Z app/services/order_management_service.py:134: error: Incompatible types in assignment (expression has type "UUID", variable has type "Column[UUID]")  [assignment]
Backend CI	Type check with MyPy	2026-03-17T02:36:45.4738600Z app/services/order_management_service.py:135: error: Incompatible types in assignment (expression has type "TableStatus", variable has type "Column[Any]")  [assignment]
Backend CI	Type check with MyPy	2026-03-17T02:36:45.4739757Z app/services/order_management_service.py:171: error: Incompatible types in assignment (expression has type "OrderStatus", variable has type "Column[Any]")  [assignment]
Backend CI	Type check with MyPy	2026-03-17T02:36:45.4740981Z app/services/order_management_service.py:172: error: Incompatible types in assignment (expression has type "ColumnElement[str] | str", variable has type "Column[str]")  [assignment]
Backend CI	Type check with MyPy	2026-03-17T02:36:45.4742201Z app/services/order_management_service.py:180: error: Incompatible types in assignment (expression has type "TableStatus", variable has type "Column[Any]")  [assignment]
Backend CI	Type check with MyPy	2026-03-17T02:36:45.4743468Z app/services/order_management_service.py:254: error: Incompatible types in assignment (expression has type "TableStatus", variable has type "Column[Any]")  [assignment]
Backend CI	Type check with MyPy	2026-03-17T02:36:45.4744619Z app/services/order_management_service.py:271: error: Incompatible types in assignment (expression has type "bool", variable has type "Column[bool]")  [assignment]
Backend CI	Type check with MyPy	2026-03-17T02:36:45.4745766Z app/services/order_management_service.py:272: error: Incompatible types in assignment (expression has type "OrderStatus", variable has type "Column[Any]")  [assignment]
Backend CI	Type check with MyPy	2026-03-17T02:36:45.4746934Z app/services/order_management_service.py:337: error: Incompatible types in assignment (expression has type "datetime", variable has type "Column[datetime]")  [assignment]
Backend CI	Type check with MyPy	2026-03-17T02:36:45.4748148Z app/services/order_management_service.py:338: error: Incompatible types in assignment (expression has type "ColumnElement[str] | str", variable has type "Column[str]")  [assignment]
Backend CI	Type check with MyPy	2026-03-17T02:36:45.4749337Z app/services/order_management_service.py:399: error: Incompatible types in assignment (expression has type "OrderType", variable has type "Column[Any]")  [assignment]
Backend CI	Type check with MyPy	2026-03-17T02:36:45.4750469Z app/services/order_management_service.py:401: error: Incompatible types in assignment (expression has type "str", variable has type "Column[str]")  [assignment]
Backend CI	Type check with MyPy	2026-03-17T02:36:45.4751552Z app/services/order_management_service.py:403: error: Incompatible types in assignment (expression has type "str", variable has type "Column[str]")  [assignment]
Backend CI	Type check with MyPy	2026-03-17T02:36:45.4752638Z app/services/order_management_service.py:405: error: Incompatible types in assignment (expression has type "UUID", variable has type "Column[UUID]")  [assignment]
Backend CI	Type check with MyPy	2026-03-17T02:36:45.4753882Z app/services/order_management_service.py:407: error: Incompatible types in assignment (expression has type "datetime", variable has type "Column[datetime]")  [assignment]
Backend CI	Type check with MyPy	2026-03-17T02:36:45.4755038Z app/services/order_management_service.py:409: error: Incompatible types in assignment (expression has type "Decimal", variable has type "Column[Decimal]")  [assignment]
Backend CI	Type check with MyPy	2026-03-17T02:36:45.4756204Z app/services/order_management_service.py:424: error: Incompatible types in assignment (expression has type "Any | Literal[0]", variable has type "Column[Decimal]")  [assignment]
Backend CI	Type check with MyPy	2026-03-17T02:36:45.4757385Z app/services/order_management_service.py:425: error: Incompatible types in assignment (expression has type "Any | Literal[0]", variable has type "Column[Decimal]")  [assignment]
Backend CI	Type check with MyPy	2026-03-17T02:36:45.4966290Z app/services/floor_plan_service.py:71: error: Item "None" of "Order | None" has no attribute "id"  [union-attr]
Backend CI	Type check with MyPy	2026-03-17T02:36:45.4967993Z app/services/floor_plan_service.py:71: error: Argument "order_id" to "FloorPlanTableResponse" has incompatible type "Column[UUID] | Any | None"; expected "UUID | None"  [arg-type]
Backend CI	Type check with MyPy	2026-03-17T02:36:45.4969498Z app/services/floor_plan_service.py:72: error: Item "None" of "Order | None" has no attribute "course_count"  [union-attr]
Backend CI	Type check with MyPy	2026-03-17T02:36:45.4970809Z app/services/floor_plan_service.py:72: error: Argument "cover_count" to "FloorPlanTableResponse" has incompatible type "Column[int] | Any | int"; expected "int"  [arg-type]
Backend CI	Type check with MyPy	2026-03-17T02:36:45.4972168Z app/services/floor_plan_service.py:78: error: Unexpected keyword argument "sort_order" for "FloorPlanResponse"  [call-arg]
Backend CI	Type check with MyPy	2026-03-17T02:36:45.4973715Z app/services/floor_plan_service.py:79: error: Argument "id" to "FloorPlanResponse" has incompatible type "Column[UUID]"; expected "UUID"  [arg-type]
Backend CI	Type check with MyPy	2026-03-17T02:36:45.4975095Z app/services/floor_plan_service.py:80: error: Argument "business_id" to "FloorPlanResponse" has incompatible type "Column[UUID]"; expected "UUID"  [arg-type]
Backend CI	Type check with MyPy	2026-03-17T02:36:45.4976511Z app/services/floor_plan_service.py:81: error: Argument "name" to "FloorPlanResponse" has incompatible type "Column[str]"; expected "str"  [arg-type]
Backend CI	Type check with MyPy	2026-03-17T02:36:45.4978100Z app/services/floor_plan_service.py:82: error: Argument "is_active" to "FloorPlanResponse" has incompatible type "Column[bool]"; expected "bool"  [arg-type]
Backend CI	Type check with MyPy	2026-03-17T02:36:45.4980029Z app/services/floor_plan_service.py:83: error: Argument "width_units" to "FloorPlanResponse" has incompatible type "Column[int]"; expected "int"  [arg-type]
Backend CI	Type check with MyPy	2026-03-17T02:36:45.4981765Z app/services/floor_plan_service.py:84: error: Argument "height_units" to "FloorPlanResponse" has incompatible type "Column[int]"; expected "int"  [arg-type]
Backend CI	Type check with MyPy	2026-03-17T02:36:45.4983665Z app/services/floor_plan_service.py:132: error: No overload variant of "get" of "dict" matches argument type "UUID"  [call-overload]
Backend CI	Type check with MyPy	2026-03-17T02:36:45.4984843Z app/services/floor_plan_service.py:132: note: Possible overload variants:
Backend CI	Type check with MyPy	2026-03-17T02:36:45.4985807Z app/services/floor_plan_service.py:132: note:     def get(self, Column[UUID], None = ..., /) -> Order | None
Backend CI	Type check with MyPy	2026-03-17T02:36:45.4987115Z app/services/floor_plan_service.py:132: note:     def get(self, Column[UUID], Order, /) -> Order
Backend CI	Type check with MyPy	2026-03-17T02:36:45.4988300Z app/services/floor_plan_service.py:132: note:     def [_T] get(self, Column[UUID], _T, /) -> Order | _T
Backend CI	Type check with MyPy	2026-03-17T02:36:45.4989078Z app/services/floor_plan_service.py:134: error: No overload variant of "get" of "dict" matches argument type "UUID"  [call-overload]
Backend CI	Type check with MyPy	2026-03-17T02:36:45.4989759Z app/services/floor_plan_service.py:134: note: Possible overload variants:
Backend CI	Type check with MyPy	2026-03-17T02:36:45.4990339Z app/services/floor_plan_service.py:134: note:     def get(self, Column[UUID], None = ..., /) -> Order | None
Backend CI	Type check with MyPy	2026-03-17T02:36:45.4990976Z app/services/floor_plan_service.py:134: note:     def get(self, Column[UUID], Order, /) -> Order
Backend CI	Type check with MyPy	2026-03-17T02:36:45.4991591Z app/services/floor_plan_service.py:134: note:     def [_T] get(self, Column[UUID], _T, /) -> Order | _T
Backend CI	Type check with MyPy	2026-03-17T02:36:45.4992340Z app/services/floor_plan_service.py:135: error: No overload variant of "get" of "dict" matches argument type "UUID"  [call-overload]
Backend CI	Type check with MyPy	2026-03-17T02:36:45.4993288Z app/services/floor_plan_service.py:135: note: Possible overload variants:
Backend CI	Type check with MyPy	2026-03-17T02:36:45.4993866Z app/services/floor_plan_service.py:135: note:     def get(self, Column[UUID], None = ..., /) -> Order | None
Backend CI	Type check with MyPy	2026-03-17T02:36:45.4994488Z app/services/floor_plan_service.py:135: note:     def get(self, Column[UUID], Order, /) -> Order
Backend CI	Type check with MyPy	2026-03-17T02:36:45.4995098Z app/services/floor_plan_service.py:135: note:     def [_T] get(self, Column[UUID], _T, /) -> Order | _T
Backend CI	Type check with MyPy	2026-03-17T02:36:45.4995818Z app/services/floor_plan_service.py:137: error: No overload variant of "get" of "dict" matches argument type "UUID"  [call-overload]
Backend CI	Type check with MyPy	2026-03-17T02:36:45.4996472Z app/services/floor_plan_service.py:137: note: Possible overload variants:
Backend CI	Type check with MyPy	2026-03-17T02:36:45.4997235Z app/services/floor_plan_service.py:137: note:     def get(self, Column[UUID], None = ..., /) -> Order | None
Backend CI	Type check with MyPy	2026-03-17T02:36:45.4997967Z app/services/floor_plan_service.py:137: note:     def get(self, Column[UUID], Order, /) -> Order
Backend CI	Type check with MyPy	2026-03-17T02:36:45.4998574Z app/services/floor_plan_service.py:137: note:     def [_T] get(self, Column[UUID], _T, /) -> Order | _T
Backend CI	Type check with MyPy	2026-03-17T02:36:45.5234315Z app/services/cashup_service.py:43: error: Unsupported operand types for < ("int" and "None")  [operator]
Backend CI	Type check with MyPy	2026-03-17T02:36:45.5235050Z app/services/cashup_service.py:43: note: Left operand is of type "int | None"
Backend CI	Type check with MyPy	2026-03-17T02:36:45.5235823Z app/services/cashup_service.py:126: error: Item "None" of "Row[tuple[Decimal, Decimal, int, int]] | None" has no attribute "total_amount"  [union-attr]
Backend CI	Type check with MyPy	2026-03-17T02:36:45.5236800Z app/services/cashup_service.py:127: error: Item "None" of "Row[tuple[Decimal, Decimal, int, int]] | None" has no attribute "total_tips"  [union-attr]
Backend CI	Type check with MyPy	2026-03-17T02:36:45.5237799Z app/services/cashup_service.py:130: error: Item "None" of "Row[tuple[Decimal, Decimal, int, int]] | None" has no attribute "cover_count"  [union-attr]
Backend CI	Type check with MyPy	2026-03-17T02:36:45.5238759Z app/services/cashup_service.py:131: error: Item "None" of "Row[tuple[Decimal, Decimal, int, int]] | None" has no attribute "tables_served"  [union-attr]
Backend CI	Type check with MyPy	2026-03-17T02:36:45.5239772Z app/services/cashup_service.py:165: error: Incompatible types in assignment (expression has type "str", variable has type "Column[str]")  [assignment]
Backend CI	Type check with MyPy	2026-03-17T02:36:45.5240795Z app/services/cashup_service.py:166: error: Incompatible types in assignment (expression has type "UUID", variable has type "Column[UUID]")  [assignment]
Backend CI	Type check with MyPy	2026-03-17T02:36:45.5241851Z app/services/cashup_service.py:167: error: Incompatible types in assignment (expression has type "datetime", variable has type "Column[datetime]")  [assignment]
Backend CI	Type check with MyPy	2026-03-17T02:36:45.5243144Z app/services/cashup_service.py:197: error: Incompatible types in assignment (expression has type "str", variable has type "Column[str]")  [assignment]
Backend CI	Type check with MyPy	2026-03-17T02:36:45.5675610Z app/services/reward_catalog_service.py:140: error: Incompatible types in assignment (expression has type "bool", variable has type "Column[bool]")  [assignment]
Backend CI	Type check with MyPy	2026-03-17T02:36:45.6106551Z app/services/loyalty_service.py:82: error: Incompatible return value type (got "object", expected "Decimal")  [return-value]
Backend CI	Type check with MyPy	2026-03-17T02:36:45.6108313Z app/services/loyalty_service.py:89: error: Incompatible default for argument "order_id" (default has type "None", argument has type "str")  [assignment]
Backend CI	Type check with MyPy	2026-03-17T02:36:45.6110131Z app/services/loyalty_service.py:89: note: PEP 484 prohibits implicit Optional. Accordingly, mypy has changed its default to no_implicit_optional=True
Backend CI	Type check with MyPy	2026-03-17T02:36:45.6111819Z app/services/loyalty_service.py:89: note: Use https://github.com/hauntsaninja/no_implicit_optional to automatically upgrade your codebase
Backend CI	Type check with MyPy	2026-03-17T02:36:45.6113831Z app/services/loyalty_service.py:99: error: Argument 1 to "_get_tier_multiplier" of "LoyaltyService" has incompatible type "Column[Any]"; expected "LoyaltyTier"  [arg-type]
Backend CI	Type check with MyPy	2026-03-17T02:36:45.6115833Z app/services/loyalty_service.py:103: error: Incompatible types in assignment (expression has type "ColumnElement[int]", variable has type "Column[int]")  [assignment]
Backend CI	Type check with MyPy	2026-03-17T02:36:45.6117920Z app/services/loyalty_service.py:104: error: Incompatible types in assignment (expression has type "ColumnElement[int]", variable has type "Column[int]")  [assignment]
Backend CI	Type check with MyPy	2026-03-17T02:36:45.6119718Z app/services/loyalty_service.py:109: error: Argument "days" to "timedelta" has incompatible type "Column[int]"; expected "float"  [arg-type]
Backend CI	Type check with MyPy	2026-03-17T02:36:45.6121371Z app/services/loyalty_service.py:135: error: Incompatible default for argument "order_id" (default has type "None", argument has type "str")  [assignment]
Backend CI	Type check with MyPy	2026-03-17T02:36:45.6123523Z app/services/loyalty_service.py:135: note: PEP 484 prohibits implicit Optional. Accordingly, mypy has changed its default to no_implicit_optional=True
Backend CI	Type check with MyPy	2026-03-17T02:36:45.6125973Z app/services/loyalty_service.py:135: note: Use https://github.com/hauntsaninja/no_implicit_optional to automatically upgrade your codebase
Backend CI	Type check with MyPy	2026-03-17T02:36:45.6128260Z app/services/loyalty_service.py:158: error: Incompatible types in assignment (expression has type "ColumnElement[int]", variable has type "Column[int]")  [assignment]
Backend CI	Type check with MyPy	2026-03-17T02:36:45.6130663Z app/services/loyalty_service.py:180: error: Incompatible return value type (got "ColumnElement[float | Decimal]", expected "Decimal")  [return-value]
Backend CI	Type check with MyPy	2026-03-17T02:36:45.6132954Z app/services/loyalty_service.py:200: error: Incompatible types in assignment (expression has type "LoyaltyTier", variable has type "Column[Any]")  [assignment]
Backend CI	Type check with MyPy	2026-03-17T02:36:45.6135292Z app/services/loyalty_service.py:201: error: Incompatible types in assignment (expression has type "datetime", variable has type "Column[datetime]")  [assignment]
Backend CI	Type check with MyPy	2026-03-17T02:36:45.6137678Z app/services/loyalty_service.py:251: error: Incompatible types in assignment (expression has type "ColumnElement[int]", variable has type "Column[int]")  [assignment]
Backend CI	Type check with MyPy	2026-03-17T02:36:45.6404813Z app/services/location_service.py:121: error: Incompatible types in assignment (expression has type "int", variable has type "Column[int]")  [assignment]
Backend CI	Type check with MyPy	2026-03-17T02:36:45.6406914Z app/services/location_service.py:122: error: Incompatible types in assignment (expression has type "int", variable has type "Column[int]")  [assignment]
Backend CI	Type check with MyPy	2026-03-17T02:36:45.6409105Z app/services/location_service.py:123: error: Incompatible types in assignment (expression has type "int | None", variable has type "Column[int]")  [assignment]
Backend CI	Type check with MyPy	2026-03-17T02:36:45.6410927Z app/services/location_service.py:280: error: Argument 1 to "max" has incompatible type "int"; expected "Column[int]"  [arg-type]
Backend CI	Type check with MyPy	2026-03-17T02:36:45.6413148Z app/services/location_service.py:302: error: Incompatible types in assignment (expression has type "TransferStatus", variable has type "Column[Any]")  [assignment]
Backend CI	Type check with MyPy	2026-03-17T02:36:45.6415526Z app/services/location_service.py:314: error: Incompatible types in assignment (expression has type "TransferStatus", variable has type "Column[Any]")  [assignment]
Backend CI	Type check with MyPy	2026-03-17T02:36:45.6808598Z app/services/layby_report_service.py:71: error: Incompatible types in assignment (expression has type "ColumnElement[Decimal]", variable has type "Decimal")  [assignment]
Backend CI	Type check with MyPy	2026-03-17T02:36:45.7373231Z app/services/proforma_service.py:145: error: Incompatible types in assignment (expression has type "ColumnElement[Decimal]", variable has type "Decimal")  [assignment]
Backend CI	Type check with MyPy	2026-03-17T02:36:45.7375359Z app/services/proforma_service.py:146: error: Incompatible types in assignment (expression has type "ColumnElement[Decimal]", variable has type "Decimal")  [assignment]
Backend CI	Type check with MyPy	2026-03-17T02:36:45.7377421Z app/services/proforma_service.py:147: error: Incompatible types in assignment (expression has type "ColumnElement[Decimal]", variable has type "Decimal")  [assignment]
Backend CI	Type check with MyPy	2026-03-17T02:36:45.7379547Z app/services/proforma_service.py:153: error: Incompatible types in assignment (expression has type "ColumnElement[Decimal] | Decimal", variable has type "Decimal")  [assignment]
Backend CI	Type check with MyPy	2026-03-17T02:36:45.7381642Z app/services/proforma_service.py:155: error: Incompatible types in assignment (expression has type "ColumnElement[Decimal] | Decimal", variable has type "Decimal")  [assignment]
Backend CI	Type check with MyPy	2026-03-17T02:36:45.7383973Z app/services/proforma_service.py:157: error: Incompatible types in assignment (expression has type "Decimal", variable has type "Column[Decimal]")  [assignment]
Backend CI	Type check with MyPy	2026-03-17T02:36:45.7385910Z app/services/proforma_service.py:158: error: Incompatible types in assignment (expression has type "Decimal", variable has type "Column[Decimal]")  [assignment]
Backend CI	Type check with MyPy	2026-03-17T02:36:45.7387878Z app/services/proforma_service.py:159: error: Incompatible types in assignment (expression has type "Decimal", variable has type "Column[Decimal]")  [assignment]
Backend CI	Type check with MyPy	2026-03-17T02:36:45.7389779Z app/services/proforma_service.py:160: error: Incompatible types in assignment (expression has type "Decimal", variable has type "Column[Decimal]")  [assignment]
Backend CI	Type check with MyPy	2026-03-17T02:36:45.7391914Z app/services/proforma_service.py:266: error: Argument "days" to "timedelta" has incompatible type "Column[int]"; expected "float"  [arg-type]
Backend CI	Type check with MyPy	2026-03-17T02:36:45.7394378Z app/services/proforma_service.py:305: error: Argument "validity_days" to "create_quote" of "ProformaService" has incompatible type "Column[int] | int"; expected "int"  [arg-type]
Backend CI	Type check with MyPy	2026-03-17T02:36:45.7396553Z app/services/proforma_service.py:306: error: Argument "notes" to "create_quote" of "ProformaService" has incompatible type "Column[str]"; expected "str | None"  [arg-type]
Backend CI	Type check with MyPy	2026-03-17T02:36:45.7398635Z app/services/proforma_service.py:307: error: Argument "terms" to "create_quote" of "ProformaService" has incompatible type "Column[str]"; expected "str | None"  [arg-type]
Backend CI	Type check with MyPy	2026-03-17T02:36:45.7400808Z app/services/proforma_service.py:309: error: Argument "discount_pct" to "create_quote" of "ProformaService" has incompatible type "Column[Decimal] | Decimal"; expected "Decimal"  [arg-type]
Backend CI	Type check with MyPy	2026-03-17T02:36:45.7403218Z app/services/proforma_service.py:328: error: Incompatible types in assignment (expression has type "QuoteStatus", variable has type "Column[Any]")  [assignment]
Backend CI	Type check with MyPy	2026-03-17T02:36:45.7405181Z app/services/proforma_service.py:360: error: Incompatible types in assignment (expression has type "str", variable has type "Column[str]")  [assignment]
Backend CI	Type check with MyPy	2026-03-17T02:36:45.7407140Z app/services/proforma_service.py:361: error: Incompatible types in assignment (expression has type "datetime", variable has type "Column[datetime]")  [assignment]
Backend CI	Type check with MyPy	2026-03-17T02:36:45.7409244Z app/services/proforma_service.py:376: error: Incompatible types in assignment (expression has type "ColumnElement[int] | int", variable has type "Column[int]")  [assignment]
Backend CI	Type check with MyPy	2026-03-17T02:36:45.7411457Z app/services/proforma_service.py:377: error: Incompatible types in assignment (expression has type "ColumnElement[date] | date", variable has type "Column[date]")  [assignment]
Backend CI	Type check with MyPy	2026-03-17T02:36:45.7413780Z app/services/proforma_service.py:381: error: Incompatible types in assignment (expression has type "QuoteStatus", variable has type "Column[Any]")  [assignment]
Backend CI	Type check with MyPy	2026-03-17T02:36:45.7415821Z app/services/proforma_service.py:401: error: Incompatible types in assignment (expression has type "datetime", variable has type "Column[datetime]")  [assignment]
Backend CI	Type check with MyPy	2026-03-17T02:36:45.7417801Z app/services/proforma_service.py:403: error: Incompatible types in assignment (expression has type "QuoteStatus", variable has type "Column[Any]")  [assignment]
Backend CI	Type check with MyPy	2026-03-17T02:36:45.7419812Z app/services/proforma_service.py:434: error: Incompatible types in assignment (expression has type "QuoteStatus", variable has type "Column[Any]")  [assignment]
Backend CI	Type check with MyPy	2026-03-17T02:36:45.7421780Z app/services/proforma_service.py:435: error: Incompatible types in assignment (expression has type "datetime", variable has type "Column[datetime]")  [assignment]
Backend CI	Type check with MyPy	2026-03-17T02:36:45.7424125Z app/services/proforma_service.py:436: error: Incompatible types in assignment (expression has type "str | None", variable has type "Column[str]")  [assignment]
Backend CI	Type check with MyPy	2026-03-17T02:36:45.7426093Z app/services/proforma_service.py:491: error: Incompatible types in assignment (expression has type "QuoteStatus", variable has type "Column[Any]")  [assignment]
Backend CI	Type check with MyPy	2026-03-17T02:36:45.7428119Z app/services/proforma_service.py:492: error: Incompatible types in assignment (expression has type "str | None", variable has type "Column[str]")  [assignment]
Backend CI	Type check with MyPy	2026-03-17T02:36:45.7430140Z app/services/proforma_service.py:493: error: Incompatible types in assignment (expression has type "datetime", variable has type "Column[datetime]")  [assignment]
Backend CI	Type check with MyPy	2026-03-17T02:36:45.7432109Z app/services/proforma_service.py:602: error: Incompatible types in assignment (expression has type "bool", variable has type "Column[bool]")  [assignment]
Backend CI	Type check with MyPy	2026-03-17T02:36:45.7434352Z app/services/proforma_service.py:604: error: Incompatible types in assignment (expression has type "ColumnElement[Decimal]", variable has type "Decimal")  [assignment]
Backend CI	Type check with MyPy	2026-03-17T02:36:45.7436770Z app/services/proforma_service.py:605: error: Incompatible types in assignment (expression has type "ColumnElement[Decimal]", variable has type "Decimal")  [assignment]
Backend CI	Type check with MyPy	2026-03-17T02:36:45.7439014Z app/services/proforma_service.py:606: error: Incompatible types in assignment (expression has type "ColumnElement[Decimal]", variable has type "Decimal")  [assignment]
Backend CI	Type check with MyPy	2026-03-17T02:36:45.7441007Z app/services/proforma_service.py:608: error: Incompatible types in assignment (expression has type "Decimal", variable has type "Column[Decimal]")  [assignment]
Backend CI	Type check with MyPy	2026-03-17T02:36:45.7443148Z app/services/proforma_service.py:609: error: Incompatible types in assignment (expression has type "Decimal", variable has type "Column[Decimal]")  [assignment]
Backend CI	Type check with MyPy	2026-03-17T02:36:45.7445117Z app/services/proforma_service.py:610: error: Incompatible types in assignment (expression has type "Decimal", variable has type "Column[Decimal]")  [assignment]
Backend CI	Type check with MyPy	2026-03-17T02:36:45.7447096Z app/services/proforma_service.py:611: error: Incompatible types in assignment (expression has type "Decimal", variable has type "Column[Decimal]")  [assignment]
Backend CI	Type check with MyPy	2026-03-17T02:36:45.7449058Z app/services/proforma_service.py:622: error: Incompatible types in assignment (expression has type "QuoteStatus", variable has type "Column[Any]")  [assignment]
Backend CI	Type check with MyPy	2026-03-17T02:36:45.7450987Z app/services/proforma_service.py:624: error: Incompatible types in assignment (expression has type "datetime", variable has type "Column[datetime]")  [assignment]
Backend CI	Type check with MyPy	2026-03-17T02:36:45.7453226Z app/services/proforma_service.py:668: error: Incompatible default for argument "old_value" (default has type "None", argument has type "dict[Any, Any]")  [assignment]
Backend CI	Type check with MyPy	2026-03-17T02:36:45.7455234Z app/services/proforma_service.py:668: note: PEP 484 prohibits implicit Optional. Accordingly, mypy has changed its default to no_implicit_optional=True
Backend CI	Type check with MyPy	2026-03-17T02:36:45.7457140Z app/services/proforma_service.py:668: note: Use https://github.com/hauntsaninja/no_implicit_optional to automatically upgrade your codebase
Backend CI	Type check with MyPy	2026-03-17T02:36:45.7459063Z app/services/proforma_service.py:669: error: Incompatible default for argument "new_value" (default has type "None", argument has type "dict[Any, Any]")  [assignment]
Backend CI	Type check with MyPy	2026-03-17T02:36:45.7461084Z app/services/proforma_service.py:669: note: PEP 484 prohibits implicit Optional. Accordingly, mypy has changed its default to no_implicit_optional=True
Backend CI	Type check with MyPy	2026-03-17T02:36:45.7463152Z app/services/proforma_service.py:669: note: Use https://github.com/hauntsaninja/no_implicit_optional to automatically upgrade your codebase
Backend CI	Type check with MyPy	2026-03-17T02:36:45.7465037Z app/services/proforma_service.py:670: error: Incompatible default for argument "details" (default has type "None", argument has type "str")  [assignment]
Backend CI	Type check with MyPy	2026-03-17T02:36:45.7466951Z app/services/proforma_service.py:670: note: PEP 484 prohibits implicit Optional. Accordingly, mypy has changed its default to no_implicit_optional=True
Backend CI	Type check with MyPy	2026-03-17T02:36:45.7468838Z app/services/proforma_service.py:670: note: Use https://github.com/hauntsaninja/no_implicit_optional to automatically upgrade your codebase
Backend CI	Type check with MyPy	2026-03-17T02:36:45.7506063Z app/services/invoice_payment_service.py:104: error: Incompatible types in assignment (expression has type "str", variable has type "Column[str]")  [assignment]
Backend CI	Type check with MyPy	2026-03-17T02:36:45.7508138Z app/services/invoice_payment_service.py:105: error: Incompatible types in assignment (expression has type "Decimal", variable has type "Column[Decimal]")  [assignment]
Backend CI	Type check with MyPy	2026-03-17T02:36:45.7510124Z app/services/invoice_payment_service.py:106: error: Incompatible types in assignment (expression has type "str", variable has type "Column[str]")  [assignment]
Backend CI	Type check with MyPy	2026-03-17T02:36:45.7512072Z app/services/invoice_payment_service.py:127: error: Incompatible types in assignment (expression has type "str", variable has type "Column[str]")  [assignment]
Backend CI	Type check with MyPy	2026-03-17T02:36:45.7514442Z app/services/invoice_payment_service.py:143: error: Incompatible types in assignment (expression has type "ColumnElement[Decimal] | Decimal", variable has type "Column[Decimal]")  [assignment]
Backend CI	Type check with MyPy	2026-03-17T02:36:45.7517016Z app/services/invoice_payment_service.py:144: error: Incompatible types in assignment (expression has type "str", variable has type "Column[str]")  [assignment]
Backend CI	Type check with MyPy	2026-03-17T02:36:45.7519041Z app/services/invoice_payment_service.py:148: error: Incompatible types in assignment (expression has type "InvoiceStatus", variable has type "Column[Any]")  [assignment]
Backend CI	Type check with MyPy	2026-03-17T02:36:45.7521094Z app/services/invoice_payment_service.py:149: error: Incompatible types in assignment (expression has type "date", variable has type "Column[date]")  [assignment]
Backend CI	Type check with MyPy	2026-03-17T02:36:45.7523396Z app/services/invoice_payment_service.py:151: error: Incompatible types in assignment (expression has type "InvoiceStatus", variable has type "Column[Any]")  [assignment]
Backend CI	Type check with MyPy	2026-03-17T02:36:45.7525425Z app/services/invoice_payment_service.py:157: error: Incompatible types in assignment (expression has type "str", variable has type "Column[str]")  [assignment]
Backend CI	Type check with MyPy	2026-03-17T02:36:45.7527372Z app/services/invoice_payment_service.py:162: error: Incompatible types in assignment (expression has type "str", variable has type "Column[str]")  [assignment]
Backend CI	Type check with MyPy	2026-03-17T02:36:45.7529368Z app/services/invoice_payment_service.py:167: error: Incompatible types in assignment (expression has type "Any | str", variable has type "Column[str]")  [assignment]
Backend CI	Type check with MyPy	2026-03-17T02:36:45.7531356Z app/services/invoice_payment_service.py:173: error: Incompatible types in assignment (expression has type "None", variable has type "Column[str]")  [assignment]
Backend CI	Type check with MyPy	2026-03-17T02:36:45.7533524Z app/services/invoice_payment_service.py:174: error: Incompatible types in assignment (expression has type "None", variable has type "Column[str]")  [assignment]
Backend CI	Type check with MyPy	2026-03-17T02:36:45.7789709Z app/scheduler/services/invoice_query.py:117: error: Incompatible return value type (got "set[Column[str]]", expected "set[UUID]")  [return-value]
Backend CI	Type check with MyPy	2026-03-17T02:36:45.8023248Z app/services/stock_take_service.py:100: error: Incompatible types in assignment (expression has type "StockTakeStatus", variable has type "Column[Any]")  [assignment]
Backend CI	Type check with MyPy	2026-03-17T02:36:45.8025371Z app/services/stock_take_service.py:101: error: Incompatible types in assignment (expression has type "datetime", variable has type "Column[datetime]")  [assignment]
Backend CI	Type check with MyPy	2026-03-17T02:36:45.8027286Z app/services/stock_take_service.py:156: error: Incompatible types in assignment (expression has type "int", variable has type "Column[int]")  [assignment]
Backend CI	Type check with MyPy	2026-03-17T02:36:45.8029243Z app/services/stock_take_service.py:157: error: Incompatible types in assignment (expression has type "ColumnElement[int]", variable has type "Column[int]")  [assignment]
Backend CI	Type check with MyPy	2026-03-17T02:36:45.8031267Z app/services/stock_take_service.py:158: error: Incompatible types in assignment (expression has type "str", variable has type "Column[UUID]")  [assignment]
Backend CI	Type check with MyPy	2026-03-17T02:36:45.8033396Z app/services/stock_take_service.py:159: error: Incompatible types in assignment (expression has type "str | None", variable has type "Column[str]")  [assignment]
Backend CI	Type check with MyPy	2026-03-17T02:36:45.8035545Z app/services/stock_take_service.py:161: error: Incompatible types in assignment (expression has type "ColumnElement[Decimal]", variable has type "Column[Decimal]")  [assignment]
Backend CI	Type check with MyPy	2026-03-17T02:36:45.8037705Z app/services/stock_take_service.py:226: error: Incompatible types in assignment (expression has type "ColumnElement[int]", variable has type "Column[int]")  [assignment]
Backend CI	Type check with MyPy	2026-03-17T02:36:45.8039757Z app/services/stock_take_service.py:227: error: Incompatible types in assignment (expression has type "datetime", variable has type "Column[datetime]")  [assignment]
Backend CI	Type check with MyPy	2026-03-17T02:36:45.8041765Z app/services/stock_take_service.py:251: error: Incompatible types in assignment (expression has type "StockTakeStatus", variable has type "Column[Any]")  [assignment]
Backend CI	Type check with MyPy	2026-03-17T02:36:45.8043950Z app/services/stock_take_service.py:252: error: Incompatible types in assignment (expression has type "str", variable has type "Column[UUID]")  [assignment]
Backend CI	Type check with MyPy	2026-03-17T02:36:45.8046212Z app/services/stock_take_service.py:253: error: Incompatible types in assignment (expression has type "datetime", variable has type "Column[datetime]")  [assignment]
Backend CI	Type check with MyPy	2026-03-17T02:36:45.8048538Z app/services/stock_take_service.py:314: error: Incompatible types in assignment (expression has type "StockTakeStatus", variable has type "Column[Any]")  [assignment]
Backend CI	Type check with MyPy	2026-03-17T02:36:45.8432370Z app/services/reorder_service.py:102: error: Incompatible types in assignment (expression has type "ReorderRuleStatus", variable has type "Column[Any]")  [assignment]
Backend CI	Type check with MyPy	2026-03-17T02:36:45.8434684Z app/services/reorder_service.py:104: error: Incompatible types in assignment (expression has type "ReorderRuleStatus", variable has type "Column[Any]")  [assignment]
Backend CI	Type check with MyPy	2026-03-17T02:36:45.8436713Z app/services/reorder_service.py:194: error: Incompatible types in assignment (expression has type "Decimal", variable has type "Column[Decimal]")  [assignment]
Backend CI	Type check with MyPy	2026-03-17T02:36:45.8438602Z app/services/reorder_service.py:236: error: Incompatible types in assignment (expression has type "datetime", variable has type "Column[datetime]")  [assignment]
Backend CI	Type check with MyPy	2026-03-17T02:36:45.8440605Z app/services/reorder_service.py:295: error: Incompatible types in assignment (expression has type "PurchaseOrderStatus", variable has type "Column[Any]")  [assignment]
Backend CI	Type check with MyPy	2026-03-17T02:36:45.8442585Z app/services/reorder_service.py:296: error: Incompatible types in assignment (expression has type "str", variable has type "Column[UUID]")  [assignment]
Backend CI	Type check with MyPy	2026-03-17T02:36:45.8444704Z app/services/reorder_service.py:297: error: Incompatible types in assignment (expression has type "datetime", variable has type "Column[datetime]")  [assignment]
Backend CI	Type check with MyPy	2026-03-17T02:36:45.8446709Z app/services/reorder_service.py:353: error: Incompatible types in assignment (expression has type "datetime", variable has type "Column[datetime]")  [assignment]
Backend CI	Type check with MyPy	2026-03-17T02:36:45.8448794Z app/services/reorder_service.py:366: error: Incompatible types in assignment (expression has type "PurchaseOrderStatus", variable has type "Column[Any]")  [assignment]
Backend CI	Type check with MyPy	2026-03-17T02:36:45.8450933Z app/services/reorder_service.py:368: error: Incompatible types in assignment (expression has type "PurchaseOrderStatus", variable has type "Column[Any]")  [assignment]
Backend CI	Type check with MyPy	2026-03-17T02:36:45.8453281Z app/services/reorder_service.py:370: error: Incompatible types in assignment (expression has type "PurchaseOrderStatus", variable has type "Column[Any]")  [assignment]
Backend CI	Type check with MyPy	2026-03-17T02:36:45.8643606Z app/services/product_excel_service.py:247: error: Key expression in dictionary comprehension has incompatible type "Column[str]"; expected type "str"  [misc]
Backend CI	Type check with MyPy	2026-03-17T02:36:45.8645607Z app/services/product_excel_service.py:301: error: Incompatible types in assignment (expression has type "str", variable has type "Column[str]")  [assignment]
Backend CI	Type check with MyPy	2026-03-17T02:36:45.8647428Z app/services/product_excel_service.py:302: error: Incompatible types in assignment (expression has type "Decimal", variable has type "Column[Decimal]")  [assignment]
Backend CI	Type check with MyPy	2026-03-17T02:36:45.8649353Z app/services/product_excel_service.py:307: error: Incompatible types in assignment (expression has type "str | None", variable has type "Column[str]")  [assignment]
Backend CI	Type check with MyPy	2026-03-17T02:36:45.8651338Z app/services/product_excel_service.py:311: error: Incompatible types in assignment (expression has type "str | None", variable has type "Column[str]")  [assignment]
Backend CI	Type check with MyPy	2026-03-17T02:36:45.8653522Z app/services/product_excel_service.py:316: error: Incompatible types in assignment (expression has type "Decimal", variable has type "Column[Decimal]")  [assignment]
Backend CI	Type check with MyPy	2026-03-17T02:36:45.8655470Z app/services/product_excel_service.py:325: error: Incompatible types in assignment (expression has type "int", variable has type "Column[int]")  [assignment]
Backend CI	Type check with MyPy	2026-03-17T02:36:45.8657407Z app/services/product_excel_service.py:333: error: Incompatible types in assignment (expression has type "int", variable has type "Column[int]")  [assignment]
Backend CI	Type check with MyPy	2026-03-17T02:36:45.8659654Z app/services/product_excel_service.py:340: error: Incompatible types in assignment (expression has type "bool", variable has type "Column[bool]")  [assignment]
Backend CI	Type check with MyPy	2026-03-17T02:36:45.8661953Z app/services/product_excel_service.py:346: error: Incompatible types in assignment (expression has type "ProductStatus", variable has type "Column[Any]")  [assignment]
Backend CI	Type check with MyPy	2026-03-17T02:36:45.8664255Z app/services/product_excel_service.py:348: error: Incompatible types in assignment (expression has type "ProductStatus", variable has type "Column[Any]")  [assignment]
Backend CI	Type check with MyPy	2026-03-17T02:36:45.8666370Z app/services/product_excel_service.py:350: error: Incompatible types in assignment (expression has type "ProductStatus", variable has type "Column[Any]")  [assignment]
Backend CI	Type check with MyPy	2026-03-17T02:36:45.8668453Z app/services/product_excel_service.py:352: error: Incompatible types in assignment (expression has type "ProductStatus", variable has type "Column[Any]")  [assignment]
Backend CI	Type check with MyPy	2026-03-17T02:36:45.8880700Z app/services/layby_stock_service.py:113: error: Item "None" of "InventoryItem | None" has no attribute "quantity_reserved"  [union-attr]
Backend CI	Type check with MyPy	2026-03-17T02:36:45.8882380Z app/services/layby_stock_service.py:114: error: Item "None" of "InventoryItem | None" has no attribute "quantity_reserved"  [union-attr]
Backend CI	Type check with MyPy	2026-03-17T02:36:45.8884702Z app/services/layby_stock_service.py:120: error: Argument "inventory_item" to "_log_transaction" of "LaybyStockService" has incompatible type "InventoryItem | None"; expected "InventoryItem"  [arg-type]
Backend CI	Type check with MyPy	2026-03-17T02:36:45.8886831Z app/services/layby_stock_service.py:152: error: Argument 1 to "filter" of "Query" has incompatible type "bool"; expected "ColumnElement[bool] | _HasClauseElement[bool] | SQLCoreOperations[bool] | ExpressionElementRole[bool] | TypedColumnsClauseRole[bool] | Callable[[], ColumnElement[bool]] | LambdaElement"  [arg-type]
Backend CI	Type check with MyPy	2026-03-17T02:36:45.8889450Z app/services/layby_stock_service.py:153: error: Argument 2 to "filter" of "Query" has incompatible type "bool"; expected "ColumnElement[bool] | _HasClauseElement[bool] | SQLCoreOperations[bool] | ExpressionElementRole[bool] | TypedColumnsClauseRole[bool] | Callable[[], ColumnElement[bool]] | LambdaElement"  [arg-type]
Backend CI	Type check with MyPy	2026-03-17T02:36:45.8891234Z app/services/layby_stock_service.py:167: error: Argument 1 to "max" has incompatible type "int"; expected "Column[int]"  [arg-type]
Backend CI	Type check with MyPy	2026-03-17T02:36:45.8892291Z app/services/layby_stock_service.py:167: error: Argument 2 to "max" has incompatible type "ColumnElement[int] | int"; expected "Column[int]"  [arg-type]
Backend CI	Type check with MyPy	2026-03-17T02:36:45.8894378Z app/services/layby_stock_service.py:207: error: Argument 1 to "filter" of "Query" has incompatible type "bool"; expected "ColumnElement[bool] | _HasClauseElement[bool] | SQLCoreOperations[bool] | ExpressionElementRole[bool] | TypedColumnsClauseRole[bool] | Callable[[], ColumnElement[bool]] | LambdaElement"  [arg-type]
Backend CI	Type check with MyPy	2026-03-17T02:36:45.8896818Z app/services/layby_stock_service.py:208: error: Argument 2 to "filter" of "Query" has incompatible type "bool"; expected "ColumnElement[bool] | _HasClauseElement[bool] | SQLCoreOperations[bool] | ExpressionElementRole[bool] | TypedColumnsClauseRole[bool] | Callable[[], ColumnElement[bool]] | LambdaElement"  [arg-type]
Backend CI	Type check with MyPy	2026-03-17T02:36:45.8898393Z app/services/layby_stock_service.py:223: error: Argument 1 to "max" has incompatible type "int"; expected "Column[int]"  [arg-type]
Backend CI	Type check with MyPy	2026-03-17T02:36:45.8899349Z app/services/layby_stock_service.py:223: error: Argument 2 to "max" has incompatible type "ColumnElement[int] | int"; expected "Column[int]"  [arg-type]
Backend CI	Type check with MyPy	2026-03-17T02:36:45.8900286Z app/services/layby_stock_service.py:224: error: Argument 1 to "max" has incompatible type "int"; expected "Column[int]"  [arg-type]
Backend CI	Type check with MyPy	2026-03-17T02:36:45.8901216Z app/services/layby_stock_service.py:224: error: Argument 2 to "max" has incompatible type "ColumnElement[int] | int"; expected "Column[int]"  [arg-type]
Backend CI	Type check with MyPy	2026-03-17T02:36:45.8902279Z app/services/layby_stock_service.py:225: error: Incompatible types in assignment (expression has type "datetime", variable has type "Column[datetime]")  [assignment]
Backend CI	Type check with MyPy	2026-03-17T02:36:45.8903985Z app/services/layby_stock_service.py:237: error: Argument "qty_before" to "_log_transaction" of "LaybyStockService" has incompatible type "Column[int] | int"; expected "int | None"  [arg-type]
Backend CI	Type check with MyPy	2026-03-17T02:36:45.8905900Z app/services/layby_stock_service.py:265: error: Argument 1 to "filter" of "Query" has incompatible type "bool"; expected "ColumnElement[bool] | _HasClauseElement[bool] | SQLCoreOperations[bool] | ExpressionElementRole[bool] | TypedColumnsClauseRole[bool] | Callable[[], ColumnElement[bool]] | LambdaElement"  [arg-type]
Backend CI	Type check with MyPy	2026-03-17T02:36:45.8908114Z app/services/layby_stock_service.py:266: error: Argument 2 to "filter" of "Query" has incompatible type "bool"; expected "ColumnElement[bool] | _HasClauseElement[bool] | SQLCoreOperations[bool] | ExpressionElementRole[bool] | TypedColumnsClauseRole[bool] | Callable[[], ColumnElement[bool]] | LambdaElement"  [arg-type]
Backend CI	Type check with MyPy	2026-03-17T02:36:45.8910325Z app/services/layby_stock_service.py:270: error: Argument 1 to "filter" of "Query" has incompatible type "bool"; expected "ColumnElement[bool] | _HasClauseElement[bool] | SQLCoreOperations[bool] | ExpressionElementRole[bool] | TypedColumnsClauseRole[bool] | Callable[[], ColumnElement[bool]] | LambdaElement"  [arg-type]
Backend CI	Type check with MyPy	2026-03-17T02:36:45.8911991Z app/services/layby_stock_service.py:308: error: Incompatible types in assignment (expression has type "Column[int] | int", variable has type "int | None")  [assignment]
Backend CI	Type check with MyPy	2026-03-17T02:36:45.8913035Z app/services/layby_stock_service.py:317: error: Unsupported operand types for + ("None" and "int")  [operator]
Backend CI	Type check with MyPy	2026-03-17T02:36:45.8913687Z app/services/layby_stock_service.py:317: note: Left operand is of type "int | None"
Backend CI	Type check with MyPy	2026-03-17T02:36:45.9991588Z app/services/inventory_report_service.py:551: error: Incompatible types in assignment (expression has type "float", variable has type "int")  [assignment]
Backend CI	Type check with MyPy	2026-03-17T02:36:46.0196645Z app/services/inventory_excel_service.py:247: error: Key expression in dictionary comprehension has incompatible type "Column[str]"; expected type "str"  [misc]
Backend CI	Type check with MyPy	2026-03-17T02:36:46.0198028Z app/services/inventory_excel_service.py:309: error: Item "None" of "InventoryItem | None" has no attribute "quantity_on_hand"  [union-attr]
Backend CI	Type check with MyPy	2026-03-17T02:36:46.0199193Z app/services/inventory_excel_service.py:314: error: Item "None" of "InventoryItem | None" has no attribute "quantity_reserved"  [union-attr]
Backend CI	Type check with MyPy	2026-03-17T02:36:46.0200326Z app/services/inventory_excel_service.py:318: error: Item "None" of "InventoryItem | None" has no attribute "quantity_incoming"  [union-attr]
Backend CI	Type check with MyPy	2026-03-17T02:36:46.0201411Z app/services/inventory_excel_service.py:322: error: Item "None" of "InventoryItem | None" has no attribute "reorder_point"  [union-attr]
Backend CI	Type check with MyPy	2026-03-17T02:36:46.0202517Z app/services/inventory_excel_service.py:326: error: Item "None" of "InventoryItem | None" has no attribute "reorder_quantity"  [union-attr]
Backend CI	Type check with MyPy	2026-03-17T02:36:46.0203966Z app/services/inventory_excel_service.py:331: error: Item "None" of "InventoryItem | None" has no attribute "location"  [union-attr]
Backend CI	Type check with MyPy	2026-03-17T02:36:46.0205046Z app/services/inventory_excel_service.py:336: error: Item "None" of "InventoryItem | None" has no attribute "bin_location"  [union-attr]
Backend CI	Type check with MyPy	2026-03-17T02:36:46.0206107Z app/services/inventory_excel_service.py:340: error: Item "None" of "InventoryItem | None" has no attribute "average_cost"  [union-attr]
Backend CI	Type check with MyPy	2026-03-17T02:36:46.0207142Z app/services/inventory_excel_service.py:344: error: Item "None" of "InventoryItem | None" has no attribute "last_cost"  [union-attr]
Backend CI	Type check with MyPy	2026-03-17T02:36:46.0208344Z app/services/inventory_excel_service.py:349: error: Incompatible types in assignment (expression has type "InventoryItem | None", target has type "InventoryItem")  [assignment]
Backend CI	Type check with MyPy	2026-03-17T02:36:46.0524034Z app/services/gift_card_service.py:146: error: Incompatible types in assignment (expression has type "ColumnElement[Decimal]", variable has type "Column[Decimal]")  [assignment]
Backend CI	Type check with MyPy	2026-03-17T02:36:46.0526100Z app/services/gift_card_service.py:148: error: Incompatible types in assignment (expression has type "GiftCardStatus", variable has type "Column[Any]")  [assignment]
Backend CI	Type check with MyPy	2026-03-17T02:36:46.0527923Z app/services/gift_card_service.py:177: error: Incompatible types in assignment (expression has type "ColumnElement[Decimal]", variable has type "Column[Decimal]")  [assignment]
Backend CI	Type check with MyPy	2026-03-17T02:36:46.0529664Z app/services/gift_card_service.py:179: error: Incompatible types in assignment (expression has type "GiftCardStatus", variable has type "Column[Any]")  [assignment]
Backend CI	Type check with MyPy	2026-03-17T02:36:46.0530972Z app/services/gift_card_service.py:204: error: Incompatible types in assignment (expression has type "GiftCardStatus", variable has type "Column[Any]")  [assignment]
Backend CI	Type check with MyPy	2026-03-17T02:36:46.1148635Z app/services/general_ledger_service.py:205: error: Incompatible types in assignment (expression has type "JournalEntryStatus", variable has type "Column[Any]")  [assignment]
Backend CI	Type check with MyPy	2026-03-17T02:36:46.1150526Z app/services/general_ledger_service.py:206: error: Incompatible types in assignment (expression has type "str", variable has type "Column[UUID]")  [assignment]
Backend CI	Type check with MyPy	2026-03-17T02:36:46.1152249Z app/services/general_ledger_service.py:207: error: Incompatible types in assignment (expression has type "datetime", variable has type "Column[datetime]")  [assignment]
Backend CI	Type check with MyPy	2026-03-17T02:36:46.1154418Z app/services/general_ledger_service.py:224: error: Incompatible types in assignment (expression has type "JournalEntryStatus", variable has type "Column[Any]")  [assignment]
Backend CI	Type check with MyPy	2026-03-17T02:36:46.1359386Z app/services/expense_service.py:205: error: Incompatible types in assignment (expression has type "ExpenseTrackingStatus", variable has type "Column[Any]")  [assignment]
Backend CI	Type check with MyPy	2026-03-17T02:36:46.1361163Z app/services/expense_service.py:206: error: Incompatible types in assignment (expression has type "UUID", variable has type "Column[UUID]")  [assignment]
Backend CI	Type check with MyPy	2026-03-17T02:36:46.1363200Z app/services/expense_service.py:218: error: Incompatible types in assignment (expression has type "ExpenseTrackingStatus", variable has type "Column[Any]")  [assignment]
Backend CI	Type check with MyPy	2026-03-17T02:36:46.1365027Z app/services/expense_service.py:230: error: Incompatible types in assignment (expression has type "ExpenseTrackingStatus", variable has type "Column[Any]")  [assignment]
Backend CI	Type check with MyPy	2026-03-17T02:36:46.1414407Z app/tests/property/test_properties_departments.py:118: error: Argument "categories" to "characters" has incompatible type "tuple[str]"; expected "Collection[Literal['L', 'Lu', 'Ll', 'Lt', 'Lm', 'Lo', 'M', 'Mn', 'Mc', 'Me', 'N', 'Nd', 'Nl', 'No', 'P', 'Pc', 'Pd', 'Ps', 'Pe', 'Pi', 'Pf', 'Po', 'S', 'Sm', 'Sc', 'Sk', 'So', 'Z', 'Zs', 'Zl', 'Zp', 'C', 'Cc', 'Cf', 'Cs', 'Co', 'Cn']] | None"  [arg-type]
Backend CI	Type check with MyPy	2026-03-17T02:36:46.1511890Z app/services/delivery_tracking_service.py:73: error: Incompatible types in assignment (expression has type "str", variable has type "Column[str]")  [assignment]
Backend CI	Type check with MyPy	2026-03-17T02:36:46.1513689Z app/services/delivery_tracking_service.py:74: error: Incompatible types in assignment (expression has type "datetime", variable has type "Column[datetime]")  [assignment]
Backend CI	Type check with MyPy	2026-03-17T02:36:46.1515093Z app/services/delivery_tracking_service.py:84: error: Incompatible types in assignment (expression has type "str", variable has type "Column[str]")  [assignment]
Backend CI	Type check with MyPy	2026-03-17T02:36:46.1516456Z app/services/delivery_tracking_service.py:85: error: Incompatible types in assignment (expression has type "datetime", variable has type "Column[datetime]")  [assignment]
Backend CI	Type check with MyPy	2026-03-17T02:36:46.1738196Z app/services/delivery_service.py:130: error: Incompatible types in assignment (expression has type "bool", variable has type "Column[bool]")  [assignment]
Backend CI	Type check with MyPy	2026-03-17T02:36:46.1739645Z app/services/delivery_service.py:181: error: Incompatible types in assignment (expression has type "str", variable has type "Column[UUID]")  [assignment]
Backend CI	Type check with MyPy	2026-03-17T02:36:46.1741159Z app/services/delivery_service.py:183: error: Incompatible types in assignment (expression has type "DeliveryStatus", variable has type "Column[Any]")  [assignment]
Backend CI	Type check with MyPy	2026-03-17T02:36:46.1743284Z app/services/delivery_service.py:207: error: Incompatible types in assignment (expression has type "DeliveryStatus", variable has type "Column[Any]")  [assignment]
Backend CI	Type check with MyPy	2026-03-17T02:36:46.1745001Z app/services/delivery_service.py:209: error: Incompatible types in assignment (expression has type "datetime", variable has type "Column[datetime]")  [assignment]
Backend CI	Type check with MyPy	2026-03-17T02:36:46.1746450Z app/services/delivery_service.py:211: error: Incompatible types in assignment (expression has type "str", variable has type "Column[str]")  [assignment]
Backend CI	Type check with MyPy	2026-03-17T02:36:46.2307163Z app/services/customer_display_service.py:111: error: Incompatible types in assignment (expression has type "str", variable has type "Column[str]")  [assignment]
Backend CI	Type check with MyPy	2026-03-17T02:36:46.2309257Z app/services/customer_display_service.py:112: error: Incompatible types in assignment (expression has type "datetime", variable has type "Column[datetime]")  [assignment]
Backend CI	Type check with MyPy	2026-03-17T02:36:46.3444970Z app/services/bulk_operations_service.py:56: error: Incompatible types in assignment (expression has type "Decimal", variable has type "Column[Decimal]")  [assignment]
Backend CI	Type check with MyPy	2026-03-17T02:36:46.4034151Z app/services/dashboard_service.py:91: error: Incompatible types in assignment (expression has type "datetime", variable has type "Column[datetime]")  [assignment]
Backend CI	Type check with MyPy	2026-03-17T02:36:46.4036248Z app/services/dashboard_service.py:147: error: Incompatible types in assignment (expression has type "datetime", variable has type "Column[datetime]")  [assignment]
Backend CI	Type check with MyPy	2026-03-17T02:36:46.4038210Z app/services/dashboard_service.py:449: error: Item "Column[Any]" of "Column[Any] | list[Never]" has no attribute "__iter__" (not iterable)  [union-attr]
Backend CI	Type check with MyPy	2026-03-17T02:36:46.4040001Z app/services/dashboard_service.py:487: error: Incompatible types in assignment (expression has type "str", variable has type "Column[str]")  [assignment]
Backend CI	Type check with MyPy	2026-03-17T02:36:46.4041911Z app/services/dashboard_service.py:488: error: Incompatible types in assignment (expression has type "datetime", variable has type "Column[datetime]")  [assignment]
Backend CI	Type check with MyPy	2026-03-17T02:36:46.4044082Z app/services/dashboard_service.py:559: error: Incompatible types in assignment (expression has type "datetime", variable has type "Column[datetime]")  [assignment]
Backend CI	Type check with MyPy	2026-03-17T02:36:46.4203106Z app/services/custom_dashboard_service.py:126: error: Incompatible types in assignment (expression has type "str", variable has type "Column[str]")  [assignment]
Backend CI	Type check with MyPy	2026-03-17T02:36:46.4205248Z app/services/custom_dashboard_service.py:129: error: Argument 2 to "_clear_user_default" of "CustomDashboardService" has incompatible type "Column[UUID]"; expected "UUID"  [arg-type]
Backend CI	Type check with MyPy	2026-03-17T02:36:46.4207392Z app/services/custom_dashboard_service.py:130: error: Incompatible types in assignment (expression has type "bool", variable has type "Column[bool]")  [assignment]
Backend CI	Type check with MyPy	2026-03-17T02:36:46.4209297Z app/services/custom_dashboard_service.py:132: error: Incompatible types in assignment (expression has type "bool", variable has type "Column[bool]")  [assignment]
Backend CI	Type check with MyPy	2026-03-17T02:36:46.4211226Z app/services/custom_dashboard_service.py:215: error: Incompatible types in assignment (expression has type "str", variable has type "Column[str]")  [assignment]
Backend CI	Type check with MyPy	2026-03-17T02:36:46.4213435Z app/services/custom_dashboard_service.py:217: error: Incompatible types in assignment (expression has type "int", variable has type "Column[int]")  [assignment]
Backend CI	Type check with MyPy	2026-03-17T02:36:46.4215388Z app/services/custom_dashboard_service.py:219: error: Incompatible types in assignment (expression has type "int", variable has type "Column[int]")  [assignment]
Backend CI	Type check with MyPy	2026-03-17T02:36:46.4216939Z app/services/custom_dashboard_service.py:284: error: Need type annotation for "layout"  [var-annotated]
Backend CI	Type check with MyPy	2026-03-17T02:36:46.4218556Z app/services/custom_dashboard_service.py:385: error: Incompatible types in assignment (expression has type "bool", variable has type "Column[bool]")  [assignment]
Backend CI	Type check with MyPy	2026-03-17T02:36:46.4883327Z app/services/crm_service.py:42: error: Incompatible types in assignment (expression has type "str", variable has type "Column[str]")  [assignment]
Backend CI	Type check with MyPy	2026-03-17T02:36:46.4885617Z app/services/crm_service.py:232: error: Incompatible types in assignment (expression has type "bool", variable has type "Column[bool]")  [assignment]
Backend CI	Type check with MyPy	2026-03-17T02:36:46.4887589Z app/services/crm_service.py:264: error: Item "None" of "Row[tuple[int, Decimal, datetime, datetime]] | None" has no attribute "total_orders"  [union-attr]
Backend CI	Type check with MyPy	2026-03-17T02:36:46.4889309Z app/services/crm_service.py:265: error: Item "None" of "Row[tuple[int, Decimal, datetime, datetime]] | None" has no attribute "total_spent"  [union-attr]
Backend CI	Type check with MyPy	2026-03-17T02:36:46.4890866Z app/services/crm_service.py:271: error: Item "None" of "Row[tuple[int, Decimal, datetime, datetime]] | None" has no attribute "last_order_date"  [union-attr]
Backend CI	Type check with MyPy	2026-03-17T02:36:46.4892516Z app/services/crm_service.py:272: error: Item "None" of "Row[tuple[int, Decimal, datetime, datetime]] | None" has no attribute "first_order_date"  [union-attr]
Backend CI	Type check with MyPy	2026-03-17T02:36:46.4894390Z app/services/crm_service.py:297: error: Incompatible types in assignment (expression has type "Any | int", variable has type "Column[int]")  [assignment]
Backend CI	Type check with MyPy	2026-03-17T02:36:46.4896235Z app/services/crm_service.py:298: error: Incompatible types in assignment (expression has type "Decimal", variable has type "Column[Decimal]")  [assignment]
Backend CI	Type check with MyPy	2026-03-17T02:36:46.4898011Z app/services/crm_service.py:299: error: Incompatible types in assignment (expression has type "Decimal", variable has type "Column[Decimal]")  [assignment]
Backend CI	Type check with MyPy	2026-03-17T02:36:46.4899683Z app/services/crm_service.py:302: error: Incompatible types in assignment (expression has type "Any | None", variable has type "Column[int]")  [assignment]
Backend CI	Type check with MyPy	2026-03-17T02:36:46.4901305Z app/services/crm_service.py:356: error: Need type annotation for "criteria" (hint: "criteria: dict[<type>, <type>] = ...")  [var-annotated]
Backend CI	Type check with MyPy	2026-03-17T02:36:46.4903268Z app/services/crm_service.py:359: error: Incompatible types in assignment (expression has type "Column[str]", variable has type "dict[Any, Any]")  [assignment]
Backend CI	Type check with MyPy	2026-03-17T02:36:46.4905100Z app/services/crm_service.py:549: error: Incompatible types in assignment (expression has type "str", variable has type "Column[str]")  [assignment]
Backend CI	Type check with MyPy	2026-03-17T02:36:46.4906822Z app/services/crm_service.py:550: error: Incompatible types in assignment (expression has type "str", variable has type "Column[str]")  [assignment]
Backend CI	Type check with MyPy	2026-03-17T02:36:46.4908583Z app/services/crm_service.py:551: error: Incompatible types in assignment (expression has type "None", variable has type "Column[str]")  [assignment]
Backend CI	Type check with MyPy	2026-03-17T02:36:46.4910370Z app/services/crm_service.py:552: error: Incompatible types in assignment (expression has type "None", variable has type "Column[str]")  [assignment]
Backend CI	Type check with MyPy	2026-03-17T02:36:46.4912130Z app/services/crm_service.py:553: error: Incompatible types in assignment (expression has type "None", variable has type "Column[str]")  [assignment]
Backend CI	Type check with MyPy	2026-03-17T02:36:46.4914073Z app/services/crm_service.py:554: error: Incompatible types in assignment (expression has type "None", variable has type "Column[str]")  [assignment]
Backend CI	Type check with MyPy	2026-03-17T02:36:46.4915806Z app/services/crm_service.py:555: error: Incompatible types in assignment (expression has type "None", variable has type "Column[str]")  [assignment]
Backend CI	Type check with MyPy	2026-03-17T02:36:46.4917539Z app/services/crm_service.py:556: error: Incompatible types in assignment (expression has type "None", variable has type "Column[str]")  [assignment]
Backend CI	Type check with MyPy	2026-03-17T02:36:46.4919280Z app/services/crm_service.py:557: error: Incompatible types in assignment (expression has type "None", variable has type "Column[str]")  [assignment]
Backend CI	Type check with MyPy	2026-03-17T02:36:46.4921022Z app/services/crm_service.py:558: error: Incompatible types in assignment (expression has type "None", variable has type "Column[str]")  [assignment]
Backend CI	Type check with MyPy	2026-03-17T02:36:46.4923041Z app/services/crm_service.py:559: error: Incompatible types in assignment (expression has type "None", variable has type "Column[str]")  [assignment]
Backend CI	Type check with MyPy	2026-03-17T02:36:46.4924811Z app/services/crm_service.py:560: error: Incompatible types in assignment (expression has type "None", variable has type "Column[str]")  [assignment]
Backend CI	Type check with MyPy	2026-03-17T02:36:46.4926877Z app/services/crm_service.py:561: error: Incompatible types in assignment (expression has type "None", variable has type "Column[str]")  [assignment]
Backend CI	Type check with MyPy	2026-03-17T02:36:46.4928951Z app/services/crm_service.py:562: error: Incompatible types in assignment (expression has type "list[Never]", variable has type "Column[Any]")  [assignment]
Backend CI	Type check with MyPy	2026-03-17T02:36:46.4930771Z app/services/crm_service.py:586: error: Incompatible types in assignment (expression has type "bool", variable has type "Column[bool]")  [assignment]
Backend CI	Type check with MyPy	2026-03-17T02:36:46.4932545Z app/services/crm_service.py:589: error: Incompatible types in assignment (expression has type "bool", variable has type "Column[bool]")  [assignment]
Backend CI	Type check with MyPy	2026-03-17T02:36:46.4934654Z app/services/crm_service.py:592: error: Incompatible types in assignment (expression has type "datetime", variable has type "Column[datetime]")  [assignment]
Backend CI	Type check with MyPy	2026-03-17T02:36:46.5901688Z app/services/combo_service.py:184: error: "Column[Any]" has no attribute "__iter__"; maybe "__str__"? (not iterable)  [attr-defined]
Backend CI	Type check with MyPy	2026-03-17T02:36:46.5903557Z app/services/combo_service.py:366: error: "Column[Any]" has no attribute "__iter__"; maybe "__str__"? (not iterable)  [attr-defined]
Backend CI	Type check with MyPy	2026-03-17T02:36:46.5905020Z app/services/combo_service.py:377: error: "Column[Any]" has no attribute "__iter__"; maybe "__str__"? (not iterable)  [attr-defined]
Backend CI	Type check with MyPy	2026-03-17T02:36:46.6324863Z app/services/cash_register_service.py:199: error: Incompatible types in assignment (expression has type "str", variable has type "Column[UUID]")  [assignment]
Backend CI	Type check with MyPy	2026-03-17T02:36:46.6326914Z app/services/cash_register_service.py:200: error: Incompatible types in assignment (expression has type "RegisterStatus", variable has type "Column[Any]")  [assignment]
Backend CI	Type check with MyPy	2026-03-17T02:36:46.6328907Z app/services/cash_register_service.py:201: error: Incompatible types in assignment (expression has type "Decimal", variable has type "Column[Decimal]")  [assignment]
Backend CI	Type check with MyPy	2026-03-17T02:36:46.6330917Z app/services/cash_register_service.py:202: error: Incompatible types in assignment (expression has type "ColumnElement[Decimal]", variable has type "Column[Decimal]")  [assignment]
Backend CI	Type check with MyPy	2026-03-17T02:36:46.6333370Z app/services/cash_register_service.py:203: error: Incompatible types in assignment (expression has type "ColumnElement[Decimal]", variable has type "Column[Decimal]")  [assignment]
Backend CI	Type check with MyPy	2026-03-17T02:36:46.6335474Z app/services/cash_register_service.py:204: error: Incompatible types in assignment (expression has type "Decimal", variable has type "Column[Decimal]")  [assignment]
Backend CI	Type check with MyPy	2026-03-17T02:36:46.6337526Z app/services/cash_register_service.py:205: error: Incompatible types in assignment (expression has type "datetime", variable has type "Column[datetime]")  [assignment]
Backend CI	Type check with MyPy	2026-03-17T02:36:46.6339550Z app/services/cash_register_service.py:206: error: Incompatible types in assignment (expression has type "str | None", variable has type "Column[str]")  [assignment]
Backend CI	Type check with MyPy	2026-03-17T02:36:46.6341698Z app/services/cash_register_service.py:327: error: Incompatible types in assignment (expression has type "ColumnElement[Decimal]", variable has type "Column[Decimal]")  [assignment]
Backend CI	Type check with MyPy	2026-03-17T02:36:46.6344087Z app/services/cash_register_service.py:328: error: Incompatible types in assignment (expression has type "ColumnElement[int]", variable has type "Column[int]")  [assignment]
Backend CI	Type check with MyPy	2026-03-17T02:36:46.6346284Z app/services/cash_register_service.py:331: error: Incompatible types in assignment (expression has type "ColumnElement[Decimal]", variable has type "Column[Decimal]")  [assignment]
Backend CI	Type check with MyPy	2026-03-17T02:36:46.6348515Z app/services/cash_register_service.py:333: error: Incompatible types in assignment (expression has type "ColumnElement[Decimal]", variable has type "Column[Decimal]")  [assignment]
Backend CI	Type check with MyPy	2026-03-17T02:36:46.6613092Z app/services/role_service.py:65: error: Incompatible types in assignment (expression has type "str", variable has type "Column[str]")  [assignment]
Backend CI	Type check with MyPy	2026-03-17T02:36:46.6615232Z app/services/role_service.py:67: error: Incompatible types in assignment (expression has type "str", variable has type "Column[str]")  [assignment]
Backend CI	Type check with MyPy	2026-03-17T02:36:46.6617210Z app/services/role_service.py:108: error: Incompatible types in assignment (expression has type "str", variable has type "Column[UUID]")  [assignment]
Backend CI	Type check with MyPy	2026-03-17T02:36:46.6618979Z app/services/role_service.py:151: error: Need type annotation for "categories" (hint: "categories: dict[<type>, <type>] = ...")  [var-annotated]
Backend CI	Type check with MyPy	2026-03-17T02:36:46.6723212Z app/services/notification_service.py:144: error: Incompatible types in assignment (expression has type "bool", variable has type "Column[bool]")  [assignment]
Backend CI	Type check with MyPy	2026-03-17T02:36:46.7148239Z app/services/category_service.py:30: error: Incompatible return value type (got "Column[UUID] | None", expected "UUID | None")  [return-value]
Backend CI	Type check with MyPy	2026-03-17T02:36:46.7150070Z app/services/category_service.py:72: error: Need type annotation for "product_counts" (hint: "product_counts: dict[<type>, <type>] = ...")  [var-annotated]
Backend CI	Type check with MyPy	2026-03-17T02:36:46.7151954Z app/services/category_service.py:73: error: Argument 1 to "dict" has incompatible type "list[Row[tuple[UUID, int]]]"; expected "Iterable[tuple[Never, Never]]"  [arg-type]
Backend CI	Type check with MyPy	2026-03-17T02:36:46.7154091Z app/services/category_service.py:82: error: Argument "id" to "CategoryTreeNode" has incompatible type "Column[UUID]"; expected "UUID"  [arg-type]
Backend CI	Type check with MyPy	2026-03-17T02:36:46.7155824Z app/services/category_service.py:83: error: Argument "name" to "CategoryTreeNode" has incompatible type "Column[str]"; expected "str"  [arg-type]
Backend CI	Type check with MyPy	2026-03-17T02:36:46.7157662Z app/services/category_service.py:84: error: Argument "description" to "CategoryTreeNode" has incompatible type "Column[str]"; expected "str | None"  [arg-type]
Backend CI	Type check with MyPy	2026-03-17T02:36:46.7159522Z app/services/category_service.py:85: error: Argument "color" to "CategoryTreeNode" has incompatible type "Column[str]"; expected "str | None"  [arg-type]
Backend CI	Type check with MyPy	2026-03-17T02:36:46.7161434Z app/services/category_service.py:86: error: Argument "image_url" to "CategoryTreeNode" has incompatible type "Column[str]"; expected "str | None"  [arg-type]
Backend CI	Type check with MyPy	2026-03-17T02:36:46.7163563Z app/services/category_service.py:87: error: Argument "sort_order" to "CategoryTreeNode" has incompatible type "Column[int]"; expected "int"  [arg-type]
Backend CI	Type check with MyPy	2026-03-17T02:36:46.7165477Z app/services/category_service.py:88: error: Argument "parent_id" to "CategoryTreeNode" has incompatible type "Column[UUID]"; expected "UUID | None"  [arg-type]
Backend CI	Type check with MyPy	2026-03-17T02:36:46.7167280Z app/services/category_service.py:92: error: Invalid index type "Column[UUID]" for "dict[UUID, CategoryTreeNode]"; expected type "UUID"  [index]
Backend CI	Type check with MyPy	2026-03-17T02:36:46.7168957Z app/services/category_service.py:96: error: Invalid index type "Column[UUID]" for "dict[UUID, CategoryTreeNode]"; expected type "UUID"  [index]
Backend CI	Type check with MyPy	2026-03-17T02:36:46.7170675Z app/services/category_service.py:98: error: Invalid index type "Column[UUID]" for "dict[UUID, CategoryTreeNode]"; expected type "UUID"  [index]
Backend CI	Type check with MyPy	2026-03-17T02:36:46.7172447Z app/services/category_service.py:231: error: Incompatible types in assignment (expression has type "int", variable has type "Column[int]")  [assignment]
Backend CI	Type check with MyPy	2026-03-17T02:36:46.7174559Z app/services/category_service.py:232: error: Incompatible types in assignment (expression has type "UUID | None", variable has type "Column[UUID]")  [assignment]
Backend CI	Type check with MyPy	2026-03-17T02:36:46.7176424Z app/services/category_service.py:246: error: Argument "id" to "CategoryResponse" has incompatible type "Column[UUID]"; expected "UUID"  [arg-type]
Backend CI	Type check with MyPy	2026-03-17T02:36:46.7178194Z app/services/category_service.py:247: error: Argument "name" to "CategoryResponse" has incompatible type "Column[str]"; expected "str"  [arg-type]
Backend CI	Type check with MyPy	2026-03-17T02:36:46.7180070Z app/services/category_service.py:248: error: Argument "description" to "CategoryResponse" has incompatible type "Column[str]"; expected "str | None"  [arg-type]
Backend CI	Type check with MyPy	2026-03-17T02:36:46.7181982Z app/services/category_service.py:249: error: Argument "color" to "CategoryResponse" has incompatible type "Column[str]"; expected "str | None"  [arg-type]
Backend CI	Type check with MyPy	2026-03-17T02:36:46.7184389Z app/services/category_service.py:250: error: Argument "image_url" to "CategoryResponse" has incompatible type "Column[str]"; expected "str | None"  [arg-type]
Backend CI	Type check with MyPy	2026-03-17T02:36:46.7186531Z app/services/category_service.py:251: error: Argument "sort_order" to "CategoryResponse" has incompatible type "Column[int]"; expected "int"  [arg-type]
Backend CI	Type check with MyPy	2026-03-17T02:36:46.7188435Z app/services/category_service.py:252: error: Argument "parent_id" to "CategoryResponse" has incompatible type "Column[UUID]"; expected "UUID | None"  [arg-type]
Backend CI	Type check with MyPy	2026-03-17T02:36:46.7629161Z app/services/time_tracking_service.py:44: error: Incompatible default for argument "device_id" (default has type "None", argument has type "str")  [assignment]
Backend CI	Type check with MyPy	2026-03-17T02:36:46.7631190Z app/services/time_tracking_service.py:44: note: PEP 484 prohibits implicit Optional. Accordingly, mypy has changed its default to no_implicit_optional=True
Backend CI	Type check with MyPy	2026-03-17T02:36:46.7633293Z app/services/time_tracking_service.py:44: note: Use https://github.com/hauntsaninja/no_implicit_optional to automatically upgrade your codebase
Backend CI	Type check with MyPy	2026-03-17T02:36:46.7635004Z app/services/time_tracking_service.py:44: error: Incompatible default for argument "location" (default has type "None", argument has type "str")  [assignment]
Backend CI	Type check with MyPy	2026-03-17T02:36:46.7636791Z app/services/time_tracking_service.py:73: error: Incompatible default for argument "reason" (default has type "None", argument has type "str")  [assignment]
Backend CI	Type check with MyPy	2026-03-17T02:36:46.7638699Z app/services/time_tracking_service.py:73: note: PEP 484 prohibits implicit Optional. Accordingly, mypy has changed its default to no_implicit_optional=True
Backend CI	Type check with MyPy	2026-03-17T02:36:46.7640529Z app/services/time_tracking_service.py:73: note: Use https://github.com/hauntsaninja/no_implicit_optional to automatically upgrade your codebase
Backend CI	Type check with MyPy	2026-03-17T02:36:46.7642362Z app/services/time_tracking_service.py:88: error: Incompatible types in assignment (expression has type "datetime", variable has type "Column[datetime]")  [assignment]
Backend CI	Type check with MyPy	2026-03-17T02:36:46.7644469Z app/services/time_tracking_service.py:89: error: Incompatible types in assignment (expression has type "TimeEntryStatus", variable has type "Column[Any]")  [assignment]
Backend CI	Type check with MyPy	2026-03-17T02:36:46.7646430Z app/services/time_tracking_service.py:93: error: Incompatible types in assignment (expression has type "bool", variable has type "Column[bool]")  [assignment]
Backend CI	Type check with MyPy	2026-03-17T02:36:46.7648307Z app/services/time_tracking_service.py:94: error: Incompatible types in assignment (expression has type "str", variable has type "Column[str]")  [assignment]
Backend CI	Type check with MyPy	2026-03-17T02:36:46.7650260Z app/services/time_tracking_service.py:116: error: Incompatible types in assignment (expression has type "datetime", variable has type "Column[datetime]")  [assignment]
Backend CI	Type check with MyPy	2026-03-17T02:36:46.7652284Z app/services/time_tracking_service.py:133: error: Incompatible types in assignment (expression has type "datetime", variable has type "Column[datetime]")  [assignment]
Backend CI	Type check with MyPy	2026-03-17T02:36:46.7654527Z app/services/time_tracking_service.py:139: error: Incompatible default for argument "clock_in" (default has type "None", argument has type "datetime")  [assignment]
Backend CI	Type check with MyPy	2026-03-17T02:36:46.7656464Z app/services/time_tracking_service.py:139: note: PEP 484 prohibits implicit Optional. Accordingly, mypy has changed its default to no_implicit_optional=True
Backend CI	Type check with MyPy	2026-03-17T02:36:46.7658489Z app/services/time_tracking_service.py:139: note: Use https://github.com/hauntsaninja/no_implicit_optional to automatically upgrade your codebase
Backend CI	Type check with MyPy	2026-03-17T02:36:46.7660360Z app/services/time_tracking_service.py:139: error: Incompatible default for argument "clock_out" (default has type "None", argument has type "datetime")  [assignment]
Backend CI	Type check with MyPy	2026-03-17T02:36:46.7662319Z app/services/time_tracking_service.py:140: error: Incompatible default for argument "break_start" (default has type "None", argument has type "datetime")  [assignment]
Backend CI	Type check with MyPy	2026-03-17T02:36:46.7664470Z app/services/time_tracking_service.py:140: note: PEP 484 prohibits implicit Optional. Accordingly, mypy has changed its default to no_implicit_optional=True
Backend CI	Type check with MyPy	2026-03-17T02:36:46.7666787Z app/services/time_tracking_service.py:140: note: Use https://github.com/hauntsaninja/no_implicit_optional to automatically upgrade your codebase
Backend CI	Type check with MyPy	2026-03-17T02:36:46.7668668Z app/services/time_tracking_service.py:140: error: Incompatible default for argument "break_end" (default has type "None", argument has type "datetime")  [assignment]
Backend CI	Type check with MyPy	2026-03-17T02:36:46.7670659Z app/services/time_tracking_service.py:141: error: Incompatible default for argument "break_duration" (default has type "None", argument has type "Decimal")  [assignment]
Backend CI	Type check with MyPy	2026-03-17T02:36:46.7672629Z app/services/time_tracking_service.py:141: note: PEP 484 prohibits implicit Optional. Accordingly, mypy has changed its default to no_implicit_optional=True
Backend CI	Type check with MyPy	2026-03-17T02:36:46.7674730Z app/services/time_tracking_service.py:141: note: Use https://github.com/hauntsaninja/no_implicit_optional to automatically upgrade your codebase
Backend CI	Type check with MyPy	2026-03-17T02:36:46.7676573Z app/services/time_tracking_service.py:141: error: Incompatible default for argument "notes" (default has type "None", argument has type "str")  [assignment]
Backend CI	Type check with MyPy	2026-03-17T02:36:46.7678552Z app/services/time_tracking_service.py:148: error: Incompatible types in assignment (expression has type "datetime", variable has type "Column[datetime]")  [assignment]
Backend CI	Type check with MyPy	2026-03-17T02:36:46.7680622Z app/services/time_tracking_service.py:150: error: Incompatible types in assignment (expression has type "datetime", variable has type "Column[datetime]")  [assignment]
Backend CI	Type check with MyPy	2026-03-17T02:36:46.7682892Z app/services/time_tracking_service.py:152: error: Incompatible types in assignment (expression has type "datetime", variable has type "Column[datetime]")  [assignment]
Backend CI	Type check with MyPy	2026-03-17T02:36:46.7684987Z app/services/time_tracking_service.py:154: error: Incompatible types in assignment (expression has type "datetime", variable has type "Column[datetime]")  [assignment]
Backend CI	Type check with MyPy	2026-03-17T02:36:46.7687034Z app/services/time_tracking_service.py:156: error: Incompatible types in assignment (expression has type "Decimal", variable has type "Column[Decimal]")  [assignment]
Backend CI	Type check with MyPy	2026-03-17T02:36:46.7689053Z app/services/time_tracking_service.py:158: error: Incompatible types in assignment (expression has type "str", variable has type "Column[str]")  [assignment]
Backend CI	Type check with MyPy	2026-03-17T02:36:46.7690977Z app/services/time_tracking_service.py:167: error: Incompatible default for argument "start_date" (default has type "None", argument has type "date")  [assignment]
Backend CI	Type check with MyPy	2026-03-17T02:36:46.7693138Z app/services/time_tracking_service.py:167: note: PEP 484 prohibits implicit Optional. Accordingly, mypy has changed its default to no_implicit_optional=True
Backend CI	Type check with MyPy	2026-03-17T02:36:46.7695029Z app/services/time_tracking_service.py:167: note: Use https://github.com/hauntsaninja/no_implicit_optional to automatically upgrade your codebase
Backend CI	Type check with MyPy	2026-03-17T02:36:46.7696877Z app/services/time_tracking_service.py:168: error: Incompatible default for argument "end_date" (default has type "None", argument has type "date")  [assignment]
Backend CI	Type check with MyPy	2026-03-17T02:36:46.7698822Z app/services/time_tracking_service.py:168: note: PEP 484 prohibits implicit Optional. Accordingly, mypy has changed its default to no_implicit_optional=True
Backend CI	Type check with MyPy	2026-03-17T02:36:46.7700685Z app/services/time_tracking_service.py:168: note: Use https://github.com/hauntsaninja/no_implicit_optional to automatically upgrade your codebase
Backend CI	Type check with MyPy	2026-03-17T02:36:46.7702576Z app/services/time_tracking_service.py:184: error: Incompatible default for argument "start_date" (default has type "None", argument has type "date")  [assignment]
Backend CI	Type check with MyPy	2026-03-17T02:36:46.7704730Z app/services/time_tracking_service.py:184: note: PEP 484 prohibits implicit Optional. Accordingly, mypy has changed its default to no_implicit_optional=True
Backend CI	Type check with MyPy	2026-03-17T02:36:46.7706570Z app/services/time_tracking_service.py:184: note: Use https://github.com/hauntsaninja/no_implicit_optional to automatically upgrade your codebase
Backend CI	Type check with MyPy	2026-03-17T02:36:46.7708723Z app/services/time_tracking_service.py:185: error: Incompatible default for argument "end_date" (default has type "None", argument has type "date")  [assignment]
Backend CI	Type check with MyPy	2026-03-17T02:36:46.7710932Z app/services/time_tracking_service.py:185: note: PEP 484 prohibits implicit Optional. Accordingly, mypy has changed its default to no_implicit_optional=True
Backend CI	Type check with MyPy	2026-03-17T02:36:46.7713059Z app/services/time_tracking_service.py:185: note: Use https://github.com/hauntsaninja/no_implicit_optional to automatically upgrade your codebase
Backend CI	Type check with MyPy	2026-03-17T02:36:46.7714319Z app/services/time_tracking_service.py:197: error: Need type annotation for "result" (hint: "result: dict[<type>, <type>] = ...")  [var-annotated]
Backend CI	Type check with MyPy	2026-03-17T02:36:46.7715318Z app/services/time_tracking_service.py:251: error: Argument 1 to "ZoneInfo" has incompatible type "Column[str] | str"; expected "str"  [arg-type]
Backend CI	Type check with MyPy	2026-03-17T02:36:46.7716241Z app/services/time_tracking_service.py:254: error: Dict entry 1 has incompatible type "str": "str"; expected "str": "int"  [dict-item]
Backend CI	Type check with MyPy	2026-03-17T02:36:46.7717141Z app/services/time_tracking_service.py:280: error: Dict entry 1 has incompatible type "str": "float"; expected "str": "int"  [dict-item]
Backend CI	Type check with MyPy	2026-03-17T02:36:46.7718023Z app/services/time_tracking_service.py:281: error: Dict entry 2 has incompatible type "str": "str"; expected "str": "int"  [dict-item]
Backend CI	Type check with MyPy	2026-03-17T02:36:46.7718963Z app/services/time_tracking_service.py:328: error: Argument 1 to "_make_aware" has incompatible type "Column[datetime]"; expected "datetime"  [arg-type]
Backend CI	Type check with MyPy	2026-03-17T02:36:46.7719960Z app/services/time_tracking_service.py:329: error: Argument 1 to "_make_aware" has incompatible type "Column[datetime]"; expected "datetime"  [arg-type]
Backend CI	Type check with MyPy	2026-03-17T02:36:46.7721032Z app/services/time_tracking_service.py:333: error: Incompatible types in assignment (expression has type "Decimal", variable has type "Column[Decimal]")  [assignment]
Backend CI	Type check with MyPy	2026-03-17T02:36:46.7722221Z app/services/time_tracking_service.py:342: error: Incompatible types in assignment (expression has type "ColumnElement[Decimal]", variable has type "Column[Decimal]")  [assignment]
Backend CI	Type check with MyPy	2026-03-17T02:36:46.7723702Z app/services/time_tracking_service.py:345: error: Incompatible types in assignment (expression has type "Decimal", variable has type "Column[Decimal]")  [assignment]
Backend CI	Type check with MyPy	2026-03-17T02:36:46.7724797Z app/services/time_tracking_service.py:355: error: Argument 1 to "_make_aware" has incompatible type "Column[datetime]"; expected "datetime"  [arg-type]
Backend CI	Type check with MyPy	2026-03-17T02:36:46.7725784Z app/services/time_tracking_service.py:356: error: Argument 1 to "_make_aware" has incompatible type "Column[datetime]"; expected "datetime"  [arg-type]
Backend CI	Type check with MyPy	2026-03-17T02:36:46.7726841Z app/services/time_tracking_service.py:359: error: Incompatible types in assignment (expression has type "Decimal", variable has type "Column[Decimal]")  [assignment]
Backend CI	Type check with MyPy	2026-03-17T02:36:46.7727918Z app/services/time_tracking_service.py:367: error: Argument 1 to "_make_aware" has incompatible type "Column[datetime]"; expected "datetime"  [arg-type]
Backend CI	Type check with MyPy	2026-03-17T02:36:46.7728938Z app/services/time_tracking_service.py:374: error: Argument 1 to "_make_aware" has incompatible type "Column[datetime]"; expected "datetime"  [arg-type]
Backend CI	Type check with MyPy	2026-03-17T02:36:46.7729928Z app/services/time_tracking_service.py:377: error: Argument 1 to "_make_aware" has incompatible type "Column[datetime]"; expected "datetime"  [arg-type]
Backend CI	Type check with MyPy	2026-03-17T02:36:46.7730936Z app/services/time_tracking_service.py:378: error: Incompatible types in assignment (expression has type "float", variable has type "int")  [assignment]
Backend CI	Type check with MyPy	2026-03-17T02:36:46.7731959Z app/services/time_tracking_service.py:381: error: Incompatible types in assignment (expression has type "float", variable has type "int")  [assignment]
Backend CI	Type check with MyPy	2026-03-17T02:36:46.8310627Z app/services/report_generator_service.py:183: error: Argument "business_name" to "ReportData" has incompatible type "Column[str]"; expected "str"  [arg-type]
Backend CI	Type check with MyPy	2026-03-17T02:36:46.8312360Z app/services/report_generator_service.py:245: error: Argument "business_name" to "ReportData" has incompatible type "Column[str]"; expected "str"  [arg-type]
Backend CI	Type check with MyPy	2026-03-17T02:36:46.8314512Z app/services/report_generator_service.py:312: error: Argument "business_name" to "ReportData" has incompatible type "Column[str]"; expected "str"  [arg-type]
Backend CI	Type check with MyPy	2026-03-17T02:36:46.8316178Z app/services/report_generator_service.py:432: error: Argument "business_name" to "ReportData" has incompatible type "Column[str]"; expected "str"  [arg-type]
Backend CI	Type check with MyPy	2026-03-17T02:36:46.8743644Z app/services/email_template_service.py:162: error: Argument "to_email" to "send_email" of "EmailService" has incompatible type "Column[str] | str"; expected "str"  [arg-type]
Backend CI	Type check with MyPy	2026-03-17T02:36:46.9158437Z app/services/ai_context_service.py:40: error: Argument 1 to "_get_business_for_user" of "AIContextService" has incompatible type "Column[UUID]"; expected "str"  [arg-type]
Backend CI	Type check with MyPy	2026-03-17T02:36:46.9704228Z app/services/tracked_bulk_service.py:131: error: Incompatible types in assignment (expression has type "str", variable has type "Column[str]")  [assignment]
Backend CI	Type check with MyPy	2026-03-17T02:36:46.9706685Z app/services/tracked_bulk_service.py:132: error: Incompatible types in assignment (expression has type "datetime", variable has type "Column[datetime]")  [assignment]
Backend CI	Type check with MyPy	2026-03-17T02:36:46.9709054Z app/services/tracked_bulk_service.py:301: error: Incompatible types in assignment (expression has type "str", variable has type "Column[str]")  [assignment]
Backend CI	Type check with MyPy	2026-03-17T02:36:46.9711177Z app/services/tracked_bulk_service.py:302: error: Incompatible types in assignment (expression has type "datetime", variable has type "Column[datetime]")  [assignment]
Backend CI	Type check with MyPy	2026-03-17T02:36:46.9712819Z app/services/tracked_bulk_service.py:327: error: Incompatible types in assignment (expression has type "str", variable has type "Column[str]")  [assignment]
Backend CI	Type check with MyPy	2026-03-17T02:36:46.9714222Z app/services/tracked_bulk_service.py:328: error: Incompatible types in assignment (expression has type "str", variable has type "Column[str]")  [assignment]
Backend CI	Type check with MyPy	2026-03-17T02:36:46.9715464Z app/services/tracked_bulk_service.py:329: error: Incompatible types in assignment (expression has type "datetime", variable has type "Column[datetime]")  [assignment]
Backend CI	Type check with MyPy	2026-03-17T02:36:46.9716682Z app/services/tracked_bulk_service.py:331: error: Incompatible types in assignment (expression has type "ColumnElement[int]", variable has type "Column[int]")  [assignment]
Backend CI	Type check with MyPy	2026-03-17T02:36:46.9717901Z app/services/tracked_bulk_service.py:332: error: Incompatible types in assignment (expression has type "ColumnElement[int]", variable has type "Column[int]")  [assignment]
Backend CI	Type check with MyPy	2026-03-17T02:36:46.9719080Z app/services/tracked_bulk_service.py:337: error: Incompatible types in assignment (expression has type "dict[str, float]", variable has type "Column[Any]")  [assignment]
Backend CI	Type check with MyPy	2026-03-17T02:36:46.9720234Z app/services/tracked_bulk_service.py:343: error: Incompatible types in assignment (expression has type "Decimal", variable has type "Column[Decimal]")  [assignment]
Backend CI	Type check with MyPy	2026-03-17T02:36:46.9721379Z app/services/tracked_bulk_service.py:349: error: Incompatible types in assignment (expression has type "dict[str, float]", variable has type "Column[Any]")  [assignment]
Backend CI	Type check with MyPy	2026-03-17T02:36:46.9722508Z app/services/tracked_bulk_service.py:350: error: Incompatible types in assignment (expression has type "str", variable has type "Column[str]")  [assignment]
Backend CI	Type check with MyPy	2026-03-17T02:36:46.9723764Z app/services/tracked_bulk_service.py:351: error: Incompatible types in assignment (expression has type "datetime", variable has type "Column[datetime]")  [assignment]
Backend CI	Type check with MyPy	2026-03-17T02:36:46.9724941Z app/services/tracked_bulk_service.py:352: error: Incompatible types in assignment (expression has type "ColumnElement[int]", variable has type "Column[int]")  [assignment]
Backend CI	Type check with MyPy	2026-03-17T02:36:46.9726080Z app/services/tracked_bulk_service.py:355: error: Incompatible types in assignment (expression has type "str", variable has type "Column[str]")  [assignment]
Backend CI	Type check with MyPy	2026-03-17T02:36:46.9727133Z app/services/tracked_bulk_service.py:356: error: Incompatible types in assignment (expression has type "str", variable has type "Column[str]")  [assignment]
Backend CI	Type check with MyPy	2026-03-17T02:36:46.9728439Z app/services/tracked_bulk_service.py:357: error: Incompatible types in assignment (expression has type "datetime", variable has type "Column[datetime]")  [assignment]
Backend CI	Type check with MyPy	2026-03-17T02:36:46.9729711Z app/services/tracked_bulk_service.py:358: error: Incompatible types in assignment (expression has type "ColumnElement[int]", variable has type "Column[int]")  [assignment]
Backend CI	Type check with MyPy	2026-03-17T02:36:46.9730873Z app/services/tracked_bulk_service.py:362: error: Incompatible types in assignment (expression has type "ColumnElement[int]", variable has type "Column[int]")  [assignment]
Backend CI	Type check with MyPy	2026-03-17T02:36:46.9731983Z app/services/tracked_bulk_service.py:366: error: Incompatible types in assignment (expression has type "str", variable has type "Column[str]")  [assignment]
Backend CI	Type check with MyPy	2026-03-17T02:36:46.9733154Z app/services/tracked_bulk_service.py:371: error: Incompatible types in assignment (expression has type "str", variable has type "Column[str]")  [assignment]
Backend CI	Type check with MyPy	2026-03-17T02:36:46.9734221Z app/services/tracked_bulk_service.py:372: error: Incompatible types in assignment (expression has type "str", variable has type "Column[str]")  [assignment]
Backend CI	Type check with MyPy	2026-03-17T02:36:46.9735315Z app/services/tracked_bulk_service.py:374: error: Incompatible types in assignment (expression has type "datetime", variable has type "Column[datetime]")  [assignment]
Backend CI	Type check with MyPy	2026-03-17T02:36:46.9736399Z app/services/tracked_bulk_service.py:392: error: Incompatible types in assignment (expression has type "str", variable has type "Column[str]")  [assignment]
Backend CI	Type check with MyPy	2026-03-17T02:36:46.9737504Z app/services/tracked_bulk_service.py:393: error: Incompatible types in assignment (expression has type "datetime", variable has type "Column[datetime]")  [assignment]
Backend CI	Type check with MyPy	2026-03-17T02:36:46.9738588Z app/services/tracked_bulk_service.py:420: error: Incompatible types in assignment (expression has type "str", variable has type "Column[str]")  [assignment]
Backend CI	Type check with MyPy	2026-03-17T02:36:46.9739630Z app/services/tracked_bulk_service.py:421: error: Incompatible types in assignment (expression has type "str", variable has type "Column[str]")  [assignment]
Backend CI	Type check with MyPy	2026-03-17T02:36:46.9740718Z app/services/tracked_bulk_service.py:422: error: Incompatible types in assignment (expression has type "datetime", variable has type "Column[datetime]")  [assignment]
Backend CI	Type check with MyPy	2026-03-17T02:36:46.9741864Z app/services/tracked_bulk_service.py:424: error: Incompatible types in assignment (expression has type "ColumnElement[int]", variable has type "Column[int]")  [assignment]
Backend CI	Type check with MyPy	2026-03-17T02:36:46.9743120Z app/services/tracked_bulk_service.py:425: error: Incompatible types in assignment (expression has type "ColumnElement[int]", variable has type "Column[int]")  [assignment]
Backend CI	Type check with MyPy	2026-03-17T02:36:46.9744252Z app/services/tracked_bulk_service.py:430: error: Incompatible types in assignment (expression has type "dict[str, Any]", variable has type "Column[Any]")  [assignment]
Backend CI	Type check with MyPy	2026-03-17T02:36:46.9745370Z app/services/tracked_bulk_service.py:434: error: Incompatible types in assignment (expression has type "dict[str, float]", variable has type "Column[Any]")  [assignment]
Backend CI	Type check with MyPy	2026-03-17T02:36:46.9746458Z app/services/tracked_bulk_service.py:435: error: Incompatible types in assignment (expression has type "str", variable has type "Column[str]")  [assignment]
Backend CI	Type check with MyPy	2026-03-17T02:36:46.9747550Z app/services/tracked_bulk_service.py:436: error: Incompatible types in assignment (expression has type "datetime", variable has type "Column[datetime]")  [assignment]
Backend CI	Type check with MyPy	2026-03-17T02:36:46.9748693Z app/services/tracked_bulk_service.py:437: error: Incompatible types in assignment (expression has type "ColumnElement[int]", variable has type "Column[int]")  [assignment]
Backend CI	Type check with MyPy	2026-03-17T02:36:46.9749795Z app/services/tracked_bulk_service.py:440: error: Incompatible types in assignment (expression has type "str", variable has type "Column[str]")  [assignment]
Backend CI	Type check with MyPy	2026-03-17T02:36:46.9750836Z app/services/tracked_bulk_service.py:441: error: Incompatible types in assignment (expression has type "str", variable has type "Column[str]")  [assignment]
Backend CI	Type check with MyPy	2026-03-17T02:36:46.9752039Z app/services/tracked_bulk_service.py:442: error: Incompatible types in assignment (expression has type "datetime", variable has type "Column[datetime]")  [assignment]
Backend CI	Type check with MyPy	2026-03-17T02:36:46.9753380Z app/services/tracked_bulk_service.py:443: error: Incompatible types in assignment (expression has type "ColumnElement[int]", variable has type "Column[int]")  [assignment]
Backend CI	Type check with MyPy	2026-03-17T02:36:46.9754539Z app/services/tracked_bulk_service.py:447: error: Incompatible types in assignment (expression has type "ColumnElement[int]", variable has type "Column[int]")  [assignment]
Backend CI	Type check with MyPy	2026-03-17T02:36:46.9755638Z app/services/tracked_bulk_service.py:467: error: Incompatible types in assignment (expression has type "str", variable has type "Column[str]")  [assignment]
Backend CI	Type check with MyPy	2026-03-17T02:36:46.9756721Z app/services/tracked_bulk_service.py:468: error: Incompatible types in assignment (expression has type "datetime", variable has type "Column[datetime]")  [assignment]
Backend CI	Type check with MyPy	2026-03-17T02:36:46.9757800Z app/services/tracked_bulk_service.py:493: error: Incompatible types in assignment (expression has type "str", variable has type "Column[str]")  [assignment]
Backend CI	Type check with MyPy	2026-03-17T02:36:46.9758859Z app/services/tracked_bulk_service.py:494: error: Incompatible types in assignment (expression has type "str", variable has type "Column[str]")  [assignment]
Backend CI	Type check with MyPy	2026-03-17T02:36:46.9760280Z app/services/tracked_bulk_service.py:495: error: Incompatible types in assignment (expression has type "datetime", variable has type "Column[datetime]")  [assignment]
Backend CI	Type check with MyPy	2026-03-17T02:36:46.9762224Z app/services/tracked_bulk_service.py:497: error: Incompatible types in assignment (expression has type "ColumnElement[int]", variable has type "Column[int]")  [assignment]
Backend CI	Type check with MyPy	2026-03-17T02:36:46.9764215Z app/services/tracked_bulk_service.py:498: error: Incompatible types in assignment (expression has type "ColumnElement[int]", variable has type "Column[int]")  [assignment]
Backend CI	Type check with MyPy	2026-03-17T02:36:46.9765397Z app/services/tracked_bulk_service.py:502: error: Incompatible types in assignment (expression has type "dict[str, str | None]", variable has type "Column[Any]")  [assignment]
Backend CI	Type check with MyPy	2026-03-17T02:36:46.9766514Z app/services/tracked_bulk_service.py:503: error: Incompatible types in assignment (expression has type "str", variable has type "Column[UUID]")  [assignment]
Backend CI	Type check with MyPy	2026-03-17T02:36:46.9767612Z app/services/tracked_bulk_service.py:504: error: Incompatible types in assignment (expression has type "dict[str, str]", variable has type "Column[Any]")  [assignment]
Backend CI	Type check with MyPy	2026-03-17T02:36:46.9768691Z app/services/tracked_bulk_service.py:505: error: Incompatible types in assignment (expression has type "str", variable has type "Column[str]")  [assignment]
Backend CI	Type check with MyPy	2026-03-17T02:36:46.9769771Z app/services/tracked_bulk_service.py:506: error: Incompatible types in assignment (expression has type "datetime", variable has type "Column[datetime]")  [assignment]
Backend CI	Type check with MyPy	2026-03-17T02:36:46.9770919Z app/services/tracked_bulk_service.py:507: error: Incompatible types in assignment (expression has type "ColumnElement[int]", variable has type "Column[int]")  [assignment]
Backend CI	Type check with MyPy	2026-03-17T02:36:46.9772063Z app/services/tracked_bulk_service.py:509: error: Incompatible types in assignment (expression has type "str", variable has type "Column[str]")  [assignment]
Backend CI	Type check with MyPy	2026-03-17T02:36:46.9773263Z app/services/tracked_bulk_service.py:510: error: Incompatible types in assignment (expression has type "str", variable has type "Column[str]")  [assignment]
Backend CI	Type check with MyPy	2026-03-17T02:36:46.9774351Z app/services/tracked_bulk_service.py:511: error: Incompatible types in assignment (expression has type "datetime", variable has type "Column[datetime]")  [assignment]
Backend CI	Type check with MyPy	2026-03-17T02:36:46.9775489Z app/services/tracked_bulk_service.py:512: error: Incompatible types in assignment (expression has type "ColumnElement[int]", variable has type "Column[int]")  [assignment]
Backend CI	Type check with MyPy	2026-03-17T02:36:46.9776665Z app/services/tracked_bulk_service.py:515: error: Incompatible types in assignment (expression has type "ColumnElement[int]", variable has type "Column[int]")  [assignment]
Backend CI	Type check with MyPy	2026-03-17T02:36:46.9777952Z app/services/tracked_bulk_service.py:543: error: Incompatible types in assignment (expression has type "str", variable has type "Column[str]")  [assignment]
Backend CI	Type check with MyPy	2026-03-17T02:36:46.9779183Z app/services/tracked_bulk_service.py:544: error: Incompatible types in assignment (expression has type "datetime", variable has type "Column[datetime]")  [assignment]
Backend CI	Type check with MyPy	2026-03-17T02:36:46.9780377Z app/services/tracked_bulk_service.py:569: error: Incompatible types in assignment (expression has type "dict[str, Column[bool]]", variable has type "Column[Any]")  [assignment]
Backend CI	Type check with MyPy	2026-03-17T02:36:46.9781506Z app/services/tracked_bulk_service.py:570: error: Incompatible types in assignment (expression has type "bool", variable has type "Column[bool]")  [assignment]
Backend CI	Type check with MyPy	2026-03-17T02:36:46.9782598Z app/services/tracked_bulk_service.py:571: error: Incompatible types in assignment (expression has type "dict[str, bool]", variable has type "Column[Any]")  [assignment]
Backend CI	Type check with MyPy	2026-03-17T02:36:46.9783978Z app/services/tracked_bulk_service.py:572: error: Incompatible types in assignment (expression has type "str", variable has type "Column[str]")  [assignment]
Backend CI	Type check with MyPy	2026-03-17T02:36:46.9785042Z app/services/tracked_bulk_service.py:581: error: Incompatible types in assignment (expression has type "None", variable has type "Column[Any]")  [assignment]
Backend CI	Type check with MyPy	2026-03-17T02:36:46.9786141Z app/services/tracked_bulk_service.py:582: error: Incompatible types in assignment (expression has type "dict[str, object]", variable has type "Column[Any]")  [assignment]
Backend CI	Type check with MyPy	2026-03-17T02:36:46.9787231Z app/services/tracked_bulk_service.py:586: error: Incompatible types in assignment (expression has type "str", variable has type "Column[str]")  [assignment]
Backend CI	Type check with MyPy	2026-03-17T02:36:46.9788316Z app/services/tracked_bulk_service.py:588: error: Incompatible types in assignment (expression has type "datetime", variable has type "Column[datetime]")  [assignment]
Backend CI	Type check with MyPy	2026-03-17T02:36:46.9789458Z app/services/tracked_bulk_service.py:589: error: Incompatible types in assignment (expression has type "ColumnElement[int]", variable has type "Column[int]")  [assignment]
Backend CI	Type check with MyPy	2026-03-17T02:36:46.9790568Z app/services/tracked_bulk_service.py:592: error: Incompatible types in assignment (expression has type "str", variable has type "Column[str]")  [assignment]
Backend CI	Type check with MyPy	2026-03-17T02:36:46.9791609Z app/services/tracked_bulk_service.py:593: error: Incompatible types in assignment (expression has type "str", variable has type "Column[str]")  [assignment]
Backend CI	Type check with MyPy	2026-03-17T02:36:46.9792809Z app/services/tracked_bulk_service.py:594: error: Incompatible types in assignment (expression has type "datetime", variable has type "Column[datetime]")  [assignment]
Backend CI	Type check with MyPy	2026-03-17T02:36:46.9793954Z app/services/tracked_bulk_service.py:595: error: Incompatible types in assignment (expression has type "ColumnElement[int]", variable has type "Column[int]")  [assignment]
Backend CI	Type check with MyPy	2026-03-17T02:36:46.9795113Z app/services/tracked_bulk_service.py:599: error: Incompatible types in assignment (expression has type "ColumnElement[int]", variable has type "Column[int]")  [assignment]
Backend CI	Type check with MyPy	2026-03-17T02:36:46.9796216Z app/services/tracked_bulk_service.py:618: error: Incompatible types in assignment (expression has type "str", variable has type "Column[str]")  [assignment]
Backend CI	Type check with MyPy	2026-03-17T02:36:46.9797253Z app/services/tracked_bulk_service.py:639: error: Incompatible types in assignment (expression has type "str", variable has type "Column[str]")  [assignment]
Backend CI	Type check with MyPy	2026-03-17T02:36:46.9798295Z app/services/tracked_bulk_service.py:642: error: Incompatible types in assignment (expression has type "str", variable has type "Column[str]")  [assignment]
Backend CI	Type check with MyPy	2026-03-17T02:36:46.9799331Z app/services/tracked_bulk_service.py:646: error: Incompatible types in assignment (expression has type "str", variable has type "Column[str]")  [assignment]
Backend CI	Type check with MyPy	2026-03-17T02:36:46.9800370Z app/services/tracked_bulk_service.py:647: error: Incompatible types in assignment (expression has type "str", variable has type "Column[str]")  [assignment]
Backend CI	Type check with MyPy	2026-03-17T02:36:46.9801439Z app/services/tracked_bulk_service.py:661: error: Incompatible types in assignment (expression has type "Decimal", variable has type "Column[Decimal]")  [assignment]
Backend CI	Type check with MyPy	2026-03-17T02:36:46.9802859Z app/services/tracked_bulk_service.py:670: error: Incompatible types in assignment (expression has type "ColumnElement[Any]", variable has type "Column[int]")  [assignment]
Backend CI	Type check with MyPy	2026-03-17T02:36:46.9804137Z app/services/tracked_bulk_service.py:675: error: Incompatible types in assignment (expression has type "ColumnElement[Any]", variable has type "Column[UUID]")  [assignment]
Backend CI	Type check with MyPy	2026-03-17T02:36:46.9805243Z app/services/tracked_bulk_service.py:703: error: Incompatible types in assignment (expression has type "str", variable has type "Column[str]")  [assignment]
Backend CI	Type check with MyPy	2026-03-17T02:36:46.9806276Z app/services/tracked_bulk_service.py:704: error: Incompatible types in assignment (expression has type "str", variable has type "Column[str]")  [assignment]
Backend CI	Type check with MyPy	2026-03-17T02:36:46.9807306Z app/services/tracked_bulk_service.py:706: error: Incompatible types in assignment (expression has type "str", variable has type "Column[str]")  [assignment]
Backend CI	Type check with MyPy	2026-03-17T02:36:46.9808349Z app/services/tracked_bulk_service.py:709: error: Incompatible types in assignment (expression has type "str", variable has type "Column[str]")  [assignment]
Backend CI	Type check with MyPy	2026-03-17T02:36:46.9809433Z app/services/tracked_bulk_service.py:712: error: Incompatible types in assignment (expression has type "datetime", variable has type "Column[datetime]")  [assignment]
Backend CI	Type check with MyPy	2026-03-17T02:36:46.9810529Z app/services/bulk_template_service.py:109: error: Incompatible types in assignment (expression has type "str", variable has type "Column[str]")  [assignment]
Backend CI	Type check with MyPy	2026-03-17T02:36:46.9811579Z app/services/bulk_template_service.py:111: error: Incompatible types in assignment (expression has type "str", variable has type "Column[str]")  [assignment]
Backend CI	Type check with MyPy	2026-03-17T02:36:46.9812760Z app/services/bulk_template_service.py:113: error: Incompatible types in assignment (expression has type "dict[str, Any]", variable has type "Column[Any]")  [assignment]
Backend CI	Type check with MyPy	2026-03-17T02:36:47.1842112Z app/services/staff_report_service.py:462: error: No overload variant of "int" matches argument type "Callable[[Any], int]"  [call-overload]
Backend CI	Type check with MyPy	2026-03-17T02:36:47.1844117Z app/services/staff_report_service.py:462: note: Possible overload variants:
Backend CI	Type check with MyPy	2026-03-17T02:36:47.1845724Z app/services/staff_report_service.py:462: note:     def __new__(cls, str | Buffer | SupportsInt | SupportsIndex | SupportsTrunc = ..., /) -> int
Backend CI	Type check with MyPy	2026-03-17T02:36:47.1847580Z app/services/staff_report_service.py:462: note:     def __new__(cls, str | bytes | bytearray, /, base: SupportsIndex) -> int
Backend CI	Type check with MyPy	2026-03-17T02:36:47.1849261Z app/services/staff_report_service.py:793: error: No overload variant of "int" matches argument type "Callable[[Any], int]"  [call-overload]
Backend CI	Type check with MyPy	2026-03-17T02:36:47.1850074Z app/services/staff_report_service.py:793: note: Possible overload variants:
Backend CI	Type check with MyPy	2026-03-17T02:36:47.1850881Z app/services/staff_report_service.py:793: note:     def __new__(cls, str | Buffer | SupportsInt | SupportsIndex | SupportsTrunc = ..., /) -> int
Backend CI	Type check with MyPy	2026-03-17T02:36:47.1851834Z app/services/staff_report_service.py:793: note:     def __new__(cls, str | bytes | bytearray, /, base: SupportsIndex) -> int
Backend CI	Type check with MyPy	2026-03-17T02:36:47.2311986Z app/services/custom_report_service.py:226: error: Item "None" of "Row[tuple[int, Decimal, Decimal]] | None" has no attribute "total_sales"  [union-attr]
Backend CI	Type check with MyPy	2026-03-17T02:36:47.2313604Z app/services/custom_report_service.py:228: error: Item "None" of "Row[tuple[int, Decimal, Decimal]] | None" has no attribute "order_count"  [union-attr]
Backend CI	Type check with MyPy	2026-03-17T02:36:47.2314783Z app/services/custom_report_service.py:230: error: Item "None" of "Row[tuple[int, Decimal, Decimal]] | None" has no attribute "order_count"  [union-attr]
Backend CI	Type check with MyPy	2026-03-17T02:36:47.2315937Z app/services/custom_report_service.py:231: error: Item "None" of "Row[tuple[int, Decimal, Decimal]] | None" has no attribute "total_sales"  [union-attr]
Backend CI	Type check with MyPy	2026-03-17T02:36:47.2317132Z app/services/custom_report_service.py:234: error: Item "None" of "Row[tuple[int, Decimal, Decimal]] | None" has no attribute "discount_amount"  [union-attr]
Backend CI	Type check with MyPy	2026-03-17T02:36:47.2895913Z app/models/menu.py:68: error: Need type annotation for "selection_type"  [var-annotated]
Backend CI	Type check with MyPy	2026-03-17T02:36:47.3723559Z app/tests/test_google_oauth_service.py:30: error: Argument 1 to "GoogleUserInfo" has incompatible type "**dict[str, object]"; expected "str"  [arg-type]
Backend CI	Type check with MyPy	2026-03-17T02:36:47.3725507Z app/tests/test_google_oauth_service.py:30: error: Argument 1 to "GoogleUserInfo" has incompatible type "**dict[str, object]"; expected "bool"  [arg-type]
Backend CI	Type check with MyPy	2026-03-17T02:36:47.3727344Z app/tests/test_google_oauth_service.py:30: error: Argument 1 to "GoogleUserInfo" has incompatible type "**dict[str, object]"; expected "str | None"  [arg-type]
Backend CI	Type check with MyPy	2026-03-17T02:36:47.3768471Z app/api/oauth.py:34: error: Argument "samesite" to "set_cookie" of "Response" has incompatible type "str"; expected "Literal['lax', 'strict', 'none'] | None"  [arg-type]
Backend CI	Type check with MyPy	2026-03-17T02:36:47.3770612Z app/api/oauth.py:46: error: Argument "samesite" to "set_cookie" of "Response" has incompatible type "str"; expected "Literal['lax', 'strict', 'none'] | None"  [arg-type]
Backend CI	Type check with MyPy	2026-03-17T02:36:47.4496698Z app/tests/property/test_properties_subscription_permissions.py:145: error: "PermissionService" has no attribute "_redis_client"  [attr-defined]
Backend CI	Type check with MyPy	2026-03-17T02:36:47.4498904Z app/tests/property/test_properties_subscription_permissions.py:153: error: Incompatible return value type (got "Coroutine[Any, Any, dict[Any, Any]]", expected "BusinessPermissions")  [return-value]
Backend CI	Type check with MyPy	2026-03-17T02:36:47.4500994Z app/tests/property/test_properties_subscription_permissions.py:153: error: Argument 1 has incompatible type "int"; expected "UUID"  [arg-type]
Backend CI	Type check with MyPy	2026-03-17T02:36:47.4502605Z app/tests/property/test_properties_subscription_permissions.py:180: error: Cannot assign to a method  [method-assign]
Backend CI	Type check with MyPy	2026-03-17T02:36:47.4505210Z app/tests/property/test_properties_subscription_permissions.py:180: error: Incompatible types in assignment (expression has type "Callable[[int], BusinessPermissions]", variable has type "Callable[[UUID], Coroutine[Any, Any, dict[Any, Any]]]")  [assignment]
Backend CI	Type check with MyPy	2026-03-17T02:36:47.4788391Z app/services/subscription_service.py:197: error: Incompatible types in assignment (expression has type "str", variable has type "Column[str]")  [assignment]
Backend CI	Type check with MyPy	2026-03-17T02:36:47.4790439Z app/services/subscription_service.py:208: error: Incompatible types in assignment (expression has type "str", variable has type "Column[str]")  [assignment]
Backend CI	Type check with MyPy	2026-03-17T02:36:47.4792237Z app/services/subscription_service.py:213: error: Dict entry 0 has incompatible type "str": "Any | None"; expected "str": "Reversible[Any]"  [dict-item]
Backend CI	Type check with MyPy	2026-03-17T02:36:47.4794410Z app/services/subscription_service.py:216: error: Incompatible types in assignment (expression has type "datetime", variable has type "Column[datetime]")  [assignment]
Backend CI	Type check with MyPy	2026-03-17T02:36:47.4796310Z app/services/subscription_service.py:220: error: Dict entry 0 has incompatible type "str": "int"; expected "str": "Reversible[Any]"  [dict-item]
Backend CI	Type check with MyPy	2026-03-17T02:36:47.4798365Z app/services/subscription_service.py:223: error: Argument "business_id" to "add_feature_override" of "SubscriptionService" has incompatible type "Column[UUID]"; expected "UUID"  [arg-type]
Backend CI	Type check with MyPy	2026-03-17T02:36:47.4800525Z app/services/subscription_service.py:231: error: Incompatible types in assignment (expression has type "datetime", variable has type "Column[datetime]")  [assignment]
Backend CI	Type check with MyPy	2026-03-17T02:36:47.4802630Z app/services/subscription_service.py:238: error: Argument 1 to "invalidate_cache" of "PermissionService" has incompatible type "Column[UUID]"; expected "UUID"  [arg-type]
Backend CI	Type check with MyPy	2026-03-17T02:36:47.4804993Z app/services/subscription_service.py:244: error: Argument "business_id" to "_log_audit" of "SubscriptionService" has incompatible type "Column[UUID]"; expected "UUID"  [arg-type]
Backend CI	Type check with MyPy	2026-03-17T02:36:47.4807093Z app/services/subscription_service.py:319: error: Incompatible types in assignment (expression has type "str", variable has type "Column[str]")  [assignment]
Backend CI	Type check with MyPy	2026-03-17T02:36:47.4809533Z app/services/subscription_service.py:320: error: Incompatible types in assignment (expression has type "UUID | Column[UUID]", variable has type "Column[UUID]")  [assignment]
Backend CI	Type check with MyPy	2026-03-17T02:36:47.4811919Z app/services/subscription_service.py:321: error: Incompatible types in assignment (expression has type "datetime", variable has type "Column[datetime]")  [assignment]
Backend CI	Type check with MyPy	2026-03-17T02:36:47.4814169Z app/services/subscription_service.py:477: error: Incompatible types in assignment (expression has type "str", variable has type "Column[str]")  [assignment]
Backend CI	Type check with MyPy	2026-03-17T02:36:47.4816079Z app/services/subscription_service.py:483: error: Dict entry 1 has incompatible type "str": "None"; expected "str": "Reversible[Any]"  [dict-item]
Backend CI	Type check with MyPy	2026-03-17T02:36:47.4818012Z app/services/subscription_service.py:485: error: Incompatible types in assignment (expression has type "None", variable has type "Column[datetime]")  [assignment]
Backend CI	Type check with MyPy	2026-03-17T02:36:47.4820079Z app/services/subscription_service.py:488: error: Incompatible types in assignment (expression has type "datetime", variable has type "Column[datetime]")  [assignment]
Backend CI	Type check with MyPy	2026-03-17T02:36:47.4822180Z app/services/subscription_service.py:495: error: Argument 1 to "invalidate_cache" of "PermissionService" has incompatible type "Column[UUID]"; expected "UUID"  [arg-type]
Backend CI	Type check with MyPy	2026-03-17T02:36:47.4824608Z app/services/subscription_service.py:501: error: Argument "business_id" to "_log_audit" of "SubscriptionService" has incompatible type "Column[UUID]"; expected "UUID"  [arg-type]
Backend CI	Type check with MyPy	2026-03-17T02:36:47.4920167Z app/services/device_service.py:96: error: Incompatible types in assignment (expression has type "datetime", variable has type "Column[datetime]")  [assignment]
Backend CI	Type check with MyPy	2026-03-17T02:36:47.4922140Z app/services/device_service.py:97: error: Incompatible types in assignment (expression has type "bool", variable has type "Column[bool]")  [assignment]
Backend CI	Type check with MyPy	2026-03-17T02:36:47.4924305Z app/services/device_service.py:192: error: Argument 1 to "get_business_permissions" of "PermissionService" has incompatible type "str"; expected "UUID"  [arg-type]
Backend CI	Type check with MyPy	2026-03-17T02:36:47.4925906Z app/services/device_service.py:266: error: "Result[Any]" has no attribute "rowcount"  [attr-defined]
Backend CI	Type check with MyPy	2026-03-17T02:36:47.4927444Z app/services/device_service.py:301: error: Incompatible types in assignment (expression has type "bool", variable has type "Column[bool]")  [assignment]
Backend CI	Type check with MyPy	2026-03-17T02:36:47.5835586Z app/tests/property/test_report_subscription_properties.py:39: error: Incompatible default for argument "initial_data" (default has type "None", argument has type "list[dict[str, Any]]")  [assignment]
Backend CI	Type check with MyPy	2026-03-17T02:36:47.5837989Z app/tests/property/test_report_subscription_properties.py:39: note: PEP 484 prohibits implicit Optional. Accordingly, mypy has changed its default to no_implicit_optional=True
Backend CI	Type check with MyPy	2026-03-17T02:36:47.5840154Z app/tests/property/test_report_subscription_properties.py:39: note: Use https://github.com/hauntsaninja/no_implicit_optional to automatically upgrade your codebase
Backend CI	Type check with MyPy	2026-03-17T02:36:47.5843133Z app/tests/property/test_report_subscription_properties.py:88: error: Incompatible return value type (got "tuple[ReportSubscriptionService, dict[tuple[Any, Any, Any], ReportSubscription]]", expected "ReportSubscriptionService")  [return-value]
Backend CI	Type check with MyPy	2026-03-17T02:36:47.5949438Z app/services/reorder_settings_service.py:69: error: Incompatible types in assignment (expression has type "int", variable has type "Column[int]")  [assignment]
Backend CI	Type check with MyPy	2026-03-17T02:36:47.5951459Z app/services/reorder_settings_service.py:70: error: Incompatible types in assignment (expression has type "int", variable has type "Column[int]")  [assignment]
Backend CI	Type check with MyPy	2026-03-17T02:36:47.5953809Z app/services/reorder_settings_service.py:71: error: Incompatible types in assignment (expression has type "int | None", variable has type "Column[int]")  [assignment]
Backend CI	Type check with MyPy	2026-03-17T02:36:47.5955867Z app/services/reorder_settings_service.py:72: error: Incompatible types in assignment (expression has type "int | None", variable has type "Column[int]")  [assignment]
Backend CI	Type check with MyPy	2026-03-17T02:36:47.5958122Z app/services/reorder_settings_service.py:73: error: Incompatible types in assignment (expression has type "bool", variable has type "Column[bool]")  [assignment]
Backend CI	Type check with MyPy	2026-03-17T02:36:47.5960383Z app/services/reorder_settings_service.py:75: error: Incompatible types in assignment (expression has type "str", variable has type "Column[UUID]")  [assignment]
Backend CI	Type check with MyPy	2026-03-17T02:36:47.6048963Z app/services/grn_service.py:142: error: Incompatible types in assignment (expression has type "ColumnElement[int] | int", variable has type "Column[int]")  [assignment]
Backend CI	Type check with MyPy	2026-03-17T02:36:47.6051030Z app/services/grn_service.py:162: error: Incompatible types in assignment (expression has type "PurchaseOrderStatus", variable has type "Column[Any]")  [assignment]
Backend CI	Type check with MyPy	2026-03-17T02:36:47.6053483Z app/services/grn_service.py:164: error: Incompatible types in assignment (expression has type "PurchaseOrderStatus", variable has type "Column[Any]")  [assignment]
Backend CI	Type check with MyPy	2026-03-17T02:36:47.6479460Z app/services/production_service.py:176: error: Incompatible types in assignment (expression has type "ProductionStatus", variable has type "Column[Any]")  [assignment]
Backend CI	Type check with MyPy	2026-03-17T02:36:47.6481622Z app/services/production_service.py:177: error: Incompatible types in assignment (expression has type "datetime", variable has type "Column[datetime]")  [assignment]
Backend CI	Type check with MyPy	2026-03-17T02:36:47.6483896Z app/services/production_service.py:192: error: Incompatible types in assignment (expression has type "ProductionStatus", variable has type "Column[Any]")  [assignment]
Backend CI	Type check with MyPy	2026-03-17T02:36:47.6485900Z app/services/production_service.py:193: error: Incompatible types in assignment (expression has type "int", variable has type "Column[int]")  [assignment]
Backend CI	Type check with MyPy	2026-03-17T02:36:47.6487845Z app/services/production_service.py:194: error: Incompatible types in assignment (expression has type "datetime", variable has type "Column[datetime]")  [assignment]
Backend CI	Type check with MyPy	2026-03-17T02:36:47.6489882Z app/services/production_service.py:196: error: Incompatible types in assignment (expression has type "Decimal", variable has type "Column[Decimal]")  [assignment]
Backend CI	Type check with MyPy	2026-03-17T02:36:47.6491855Z app/services/production_service.py:199: error: Incompatible types in assignment (expression has type "int", variable has type "Column[Decimal]")  [assignment]
Backend CI	Type check with MyPy	2026-03-17T02:36:47.6493752Z app/services/production_service.py:200: error: Generator has incompatible item type "Any | Decimal"; expected "bool"  [misc]
Backend CI	Type check with MyPy	2026-03-17T02:36:47.6495405Z app/services/production_service.py:248: error: Argument 1 to "max" has incompatible type "int"; expected "Column[int]"  [arg-type]
Backend CI	Type check with MyPy	2026-03-17T02:36:47.6497104Z app/services/production_service.py:248: error: Argument 2 to "max" has incompatible type "ColumnElement[int]"; expected "Column[int]"  [arg-type]
Backend CI	Type check with MyPy	2026-03-17T02:36:47.6498768Z app/services/production_service.py:272: error: Argument 1 to "max" has incompatible type "int"; expected "Column[int]"  [arg-type]
Backend CI	Type check with MyPy	2026-03-17T02:36:47.6500449Z app/services/production_service.py:272: error: Argument 2 to "max" has incompatible type "ColumnElement[int] | int"; expected "Column[int]"  [arg-type]
Backend CI	Type check with MyPy	2026-03-17T02:36:47.6502443Z app/services/production_service.py:291: error: Incompatible types in assignment (expression has type "ColumnElement[int]", variable has type "Column[int]")  [assignment]
Backend CI	Type check with MyPy	2026-03-17T02:36:47.6504769Z app/services/production_service.py:315: error: Incompatible types in assignment (expression has type "ColumnElement[int] | int", variable has type "Column[int]")  [assignment]
Backend CI	Type check with MyPy	2026-03-17T02:36:47.6506896Z app/services/production_service.py:322: error: Incompatible types in assignment (expression has type "ProductionStatus", variable has type "Column[Any]")  [assignment]
Backend CI	Type check with MyPy	2026-03-17T02:36:47.6508896Z app/services/production_service.py:385: error: Argument "name" to "IngredientSuggestion" has incompatible type "Column[str]"; expected "str"  [arg-type]
Backend CI	Type check with MyPy	2026-03-17T02:36:47.6510811Z app/services/production_service.py:386: error: Argument "sku" to "IngredientSuggestion" has incompatible type "Column[str]"; expected "str | None"  [arg-type]
Backend CI	Type check with MyPy	2026-03-17T02:36:47.6513370Z app/services/production_service.py:388: error: Argument "cost_price" to "IngredientSuggestion" has incompatible type "Column[Decimal]"; expected "Decimal | None"  [arg-type]
Backend CI	Type check with MyPy	2026-03-17T02:36:47.6515830Z app/services/production_service.py:389: error: Argument "quantity_on_hand" to "IngredientSuggestion" has incompatible type "Column[int] | int"; expected "int | None"  [arg-type]
Backend CI	Type check with MyPy	2026-03-17T02:36:47.6811183Z app/services/product_service.py:215: error: Incompatible types in assignment (expression has type "ProductIngredientCreate", variable has type "ProductIngredient")  [assignment]
Backend CI	Type check with MyPy	2026-03-17T02:36:47.6813733Z app/services/product_service.py:292: error: Incompatible types in assignment (expression has type "ColumnElement[int]", variable has type "Column[int]")  [assignment]
Backend CI	Type check with MyPy	2026-03-17T02:36:47.6815664Z app/services/product_service.py:294: error: Incompatible types in assignment (expression has type "int", variable has type "Column[int]")  [assignment]
Backend CI	Type check with MyPy	2026-03-17T02:36:47.6817533Z app/services/product_service.py:298: error: Incompatible types in assignment (expression has type "ProductStatus", variable has type "Column[Any]")  [assignment]
Backend CI	Type check with MyPy	2026-03-17T02:36:47.6819492Z app/services/product_service.py:300: error: Incompatible types in assignment (expression has type "ProductStatus", variable has type "Column[Any]")  [assignment]
Backend CI	Type check with MyPy	2026-03-17T02:36:47.7879664Z app/services/order_service.py:144: error: Argument 1 to "_create_order_item" of "OrderService" has incompatible type "Column[UUID]"; expected "UUID"  [arg-type]
Backend CI	Type check with MyPy	2026-03-17T02:36:47.7881680Z app/services/order_service.py:232: error: Incompatible types in assignment (expression has type "Decimal", variable has type "Column[Decimal]")  [assignment]
Backend CI	Type check with MyPy	2026-03-17T02:36:47.7883885Z app/services/order_service.py:233: error: Incompatible types in assignment (expression has type "Decimal", variable has type "Column[Decimal]")  [assignment]
Backend CI	Type check with MyPy	2026-03-17T02:36:47.7885719Z app/services/order_service.py:234: error: Incompatible types in assignment (expression has type "Decimal", variable has type "Column[Decimal]")  [assignment]
Backend CI	Type check with MyPy	2026-03-17T02:36:47.7887625Z app/services/order_service.py:258: error: Incompatible types in assignment (expression has type "OrderStatus", variable has type "Column[Any]")  [assignment]
Backend CI	Type check with MyPy	2026-03-17T02:36:47.7889613Z app/services/order_service.py:262: error: Incompatible types in assignment (expression has type "datetime", variable has type "Column[datetime]")  [assignment]
Backend CI	Type check with MyPy	2026-03-17T02:36:47.7891470Z app/services/order_service.py:264: error: Incompatible types in assignment (expression has type "datetime", variable has type "Column[datetime]")  [assignment]
Backend CI	Type check with MyPy	2026-03-17T02:36:47.7893773Z app/services/order_service.py:277: error: Incompatible types in assignment (expression has type "ColumnElement[Decimal]", variable has type "Column[Decimal]")  [assignment]
Backend CI	Type check with MyPy	2026-03-17T02:36:47.7895769Z app/services/order_service.py:278: error: Incompatible types in assignment (expression has type "str", variable has type "Column[str]")  [assignment]
Backend CI	Type check with MyPy	2026-03-17T02:36:47.7897662Z app/services/order_service.py:282: error: Incompatible types in assignment (expression has type "PaymentStatus", variable has type "Column[Any]")  [assignment]
Backend CI	Type check with MyPy	2026-03-17T02:36:47.7899625Z app/services/order_service.py:284: error: Incompatible types in assignment (expression has type "PaymentStatus", variable has type "Column[Any]")  [assignment]
Backend CI	Type check with MyPy	2026-03-17T02:36:47.7901580Z app/services/order_service.py:304: error: Argument 1 to "_create_order_item" of "OrderService" has incompatible type "Column[UUID]"; expected "UUID"  [arg-type]
Backend CI	Type check with MyPy	2026-03-17T02:36:47.8904339Z app/services/invoice_service.py:124: error: Argument 1 to "_create_invoice_item" of "InvoiceService" has incompatible type "Column[UUID]"; expected "UUID"  [arg-type]
Backend CI	Type check with MyPy	2026-03-17T02:36:47.8906605Z app/services/invoice_service.py:165: error: Incompatible types in assignment (expression has type "ColumnElement[Decimal] | Literal[0]", variable has type "Column[Decimal]")  [assignment]
Backend CI	Type check with MyPy	2026-03-17T02:36:47.8908741Z app/services/invoice_service.py:166: error: Incompatible types in assignment (expression has type "Column[Decimal] | Literal[0]", variable has type "Column[Decimal]")  [assignment]
Backend CI	Type check with MyPy	2026-03-17T02:36:47.8911464Z app/services/invoice_service.py:167: error: Incompatible types in assignment (expression has type "ColumnElement[Decimal] | int", variable has type "Column[Decimal]")  [assignment]
Backend CI	Type check with MyPy	2026-03-17T02:36:47.8913885Z app/services/invoice_service.py:192: error: Incompatible types in assignment (expression has type "ColumnElement[Decimal]", variable has type "Column[Decimal]")  [assignment]
Backend CI	Type check with MyPy	2026-03-17T02:36:47.8915878Z app/services/invoice_service.py:195: error: Incompatible types in assignment (expression has type "InvoiceStatus", variable has type "Column[Any]")  [assignment]
Backend CI	Type check with MyPy	2026-03-17T02:36:47.8917694Z app/services/invoice_service.py:196: error: Incompatible types in assignment (expression has type "date", variable has type "Column[date]")  [assignment]
Backend CI	Type check with MyPy	2026-03-17T02:36:47.8919548Z app/services/invoice_service.py:198: error: Incompatible types in assignment (expression has type "InvoiceStatus", variable has type "Column[Any]")  [assignment]
Backend CI	Type check with MyPy	2026-03-17T02:36:47.8921548Z app/services/invoice_service.py:206: error: Incompatible types in assignment (expression has type "InvoiceStatus", variable has type "Column[Any]")  [assignment]
Backend CI	Type check with MyPy	2026-03-17T02:36:48.0060189Z app/services/layby_service.py:31: error: Incompatible default for argument "location_id" (default has type "None", argument has type "UUID")  [assignment]
Backend CI	Type check with MyPy	2026-03-17T02:36:48.0062205Z app/services/layby_service.py:31: note: PEP 484 prohibits implicit Optional. Accordingly, mypy has changed its default to no_implicit_optional=True
Backend CI	Type check with MyPy	2026-03-17T02:36:48.0063658Z app/services/layby_service.py:31: note: Use https://github.com/hauntsaninja/no_implicit_optional to automatically upgrade your codebase
Backend CI	Type check with MyPy	2026-03-17T02:36:48.0065018Z app/services/layby_service.py:43: error: Incompatible return value type (got "LaybyConfig | None", expected "LaybyConfig")  [return-value]
Backend CI	Type check with MyPy	2026-03-17T02:36:48.0066725Z app/services/layby_service.py:96: error: Incompatible default for argument "old_value" (default has type "None", argument has type "dict[Any, Any]")  [assignment]
Backend CI	Type check with MyPy	2026-03-17T02:36:48.0068570Z app/services/layby_service.py:96: note: PEP 484 prohibits implicit Optional. Accordingly, mypy has changed its default to no_implicit_optional=True
Backend CI	Type check with MyPy	2026-03-17T02:36:48.0070233Z app/services/layby_service.py:96: note: Use https://github.com/hauntsaninja/no_implicit_optional to automatically upgrade your codebase
Backend CI	Type check with MyPy	2026-03-17T02:36:48.0071486Z app/services/layby_service.py:97: error: Incompatible default for argument "new_value" (default has type "None", argument has type "dict[Any, Any]")  [assignment]
Backend CI	Type check with MyPy	2026-03-17T02:36:48.0072544Z app/services/layby_service.py:97: note: PEP 484 prohibits implicit Optional. Accordingly, mypy has changed its default to no_implicit_optional=True
Backend CI	Type check with MyPy	2026-03-17T02:36:48.0073837Z app/services/layby_service.py:97: note: Use https://github.com/hauntsaninja/no_implicit_optional to automatically upgrade your codebase
Backend CI	Type check with MyPy	2026-03-17T02:36:48.0074825Z app/services/layby_service.py:98: error: Incompatible default for argument "details" (default has type "None", argument has type "str")  [assignment]
Backend CI	Type check with MyPy	2026-03-17T02:36:48.0075851Z app/services/layby_service.py:98: note: PEP 484 prohibits implicit Optional. Accordingly, mypy has changed its default to no_implicit_optional=True
Backend CI	Type check with MyPy	2026-03-17T02:36:48.0076819Z app/services/layby_service.py:98: note: Use https://github.com/hauntsaninja/no_implicit_optional to automatically upgrade your codebase
Backend CI	Type check with MyPy	2026-03-17T02:36:48.0077821Z app/services/layby_service.py:124: error: Incompatible default for argument "location_id" (default has type "None", argument has type "UUID")  [assignment]
Backend CI	Type check with MyPy	2026-03-17T02:36:48.0078854Z app/services/layby_service.py:124: note: PEP 484 prohibits implicit Optional. Accordingly, mypy has changed its default to no_implicit_optional=True
Backend CI	Type check with MyPy	2026-03-17T02:36:48.0079836Z app/services/layby_service.py:124: note: Use https://github.com/hauntsaninja/no_implicit_optional to automatically upgrade your codebase
Backend CI	Type check with MyPy	2026-03-17T02:36:48.0081036Z app/services/layby_service.py:125: error: Incompatible default for argument "end_date" (default has type "None", argument has type "date")  [assignment]
Backend CI	Type check with MyPy	2026-03-17T02:36:48.0082168Z app/services/layby_service.py:125: note: PEP 484 prohibits implicit Optional. Accordingly, mypy has changed its default to no_implicit_optional=True
Backend CI	Type check with MyPy	2026-03-17T02:36:48.0083278Z app/services/layby_service.py:125: note: Use https://github.com/hauntsaninja/no_implicit_optional to automatically upgrade your codebase
Backend CI	Type check with MyPy	2026-03-17T02:36:48.0084231Z app/services/layby_service.py:126: error: Incompatible default for argument "notes" (default has type "None", argument has type "str")  [assignment]
Backend CI	Type check with MyPy	2026-03-17T02:36:48.0085218Z app/services/layby_service.py:126: note: PEP 484 prohibits implicit Optional. Accordingly, mypy has changed its default to no_implicit_optional=True
Backend CI	Type check with MyPy	2026-03-17T02:36:48.0086173Z app/services/layby_service.py:126: note: Use https://github.com/hauntsaninja/no_implicit_optional to automatically upgrade your codebase
Backend CI	Type check with MyPy	2026-03-17T02:36:48.0087128Z app/services/layby_service.py:232: error: Incompatible types in assignment (expression has type "int", variable has type "Decimal")  [assignment]
Backend CI	Type check with MyPy	2026-03-17T02:36:48.0088192Z app/services/layby_service.py:255: error: Argument "layby_id" to "reserve_stock" of "LaybyStockService" has incompatible type "Column[UUID]"; expected "UUID"  [arg-type]
Backend CI	Type check with MyPy	2026-03-17T02:36:48.0089312Z app/services/layby_service.py:296: error: Argument "layby_id" to "_create_audit" of "LaybyService" has incompatible type "Column[UUID]"; expected "UUID"  [arg-type]
Backend CI	Type check with MyPy	2026-03-17T02:36:48.0090400Z app/services/layby_service.py:366: error: Incompatible default for argument "payment_reference" (default has type "None", argument has type "str")  [assignment]
Backend CI	Type check with MyPy	2026-03-17T02:36:48.0091442Z app/services/layby_service.py:366: note: PEP 484 prohibits implicit Optional. Accordingly, mypy has changed its default to no_implicit_optional=True
Backend CI	Type check with MyPy	2026-03-17T02:36:48.0092411Z app/services/layby_service.py:366: note: Use https://github.com/hauntsaninja/no_implicit_optional to automatically upgrade your codebase
Backend CI	Type check with MyPy	2026-03-17T02:36:48.0093484Z app/services/layby_service.py:367: error: Incompatible default for argument "notes" (default has type "None", argument has type "str")  [assignment]
Backend CI	Type check with MyPy	2026-03-17T02:36:48.0094479Z app/services/layby_service.py:367: note: PEP 484 prohibits implicit Optional. Accordingly, mypy has changed its default to no_implicit_optional=True
Backend CI	Type check with MyPy	2026-03-17T02:36:48.0095433Z app/services/layby_service.py:367: note: Use https://github.com/hauntsaninja/no_implicit_optional to automatically upgrade your codebase
Backend CI	Type check with MyPy	2026-03-17T02:36:48.0096486Z app/services/layby_service.py:419: error: Incompatible types in assignment (expression has type "ColumnElement[Decimal]", variable has type "Column[Decimal]")  [assignment]
Backend CI	Type check with MyPy	2026-03-17T02:36:48.0097525Z app/services/layby_service.py:420: error: Unsupported operand types for - ("Decimal" and "SupportsDunderLT[Any]")  [operator]
Backend CI	Type check with MyPy	2026-03-17T02:36:48.0098375Z app/services/layby_service.py:420: error: Unsupported operand types for - ("Decimal" and "SupportsDunderGT[Any]")  [operator]
Backend CI	Type check with MyPy	2026-03-17T02:36:48.0099173Z app/services/layby_service.py:420: note: Right operand is of type "SupportsDunderLT[Any] | SupportsDunderGT[Any]"
Backend CI	Type check with MyPy	2026-03-17T02:36:48.0100093Z app/services/layby_service.py:426: error: Incompatible types in assignment (expression has type "ScheduleStatus", variable has type "Column[Any]")  [assignment]
Backend CI	Type check with MyPy	2026-03-17T02:36:48.0101170Z app/services/layby_service.py:427: error: Incompatible types in assignment (expression has type "datetime", variable has type "Column[datetime]")  [assignment]
Backend CI	Type check with MyPy	2026-03-17T02:36:48.0102245Z app/services/layby_service.py:429: error: Incompatible types in assignment (expression has type "ScheduleStatus", variable has type "Column[Any]")  [assignment]
Backend CI	Type check with MyPy	2026-03-17T02:36:48.0103502Z app/services/layby_service.py:446: error: Incompatible types in assignment (expression has type "ColumnElement[Decimal]", variable has type "Column[Decimal]")  [assignment]
Backend CI	Type check with MyPy	2026-03-17T02:36:48.0104838Z app/services/layby_service.py:447: error: Incompatible types in assignment (expression has type "ColumnElement[Decimal]", variable has type "Column[Decimal]")  [assignment]
Backend CI	Type check with MyPy	2026-03-17T02:36:48.0106108Z app/services/layby_service.py:461: error: Incompatible types in assignment (expression has type "ColumnElement[Decimal]", variable has type "Column[Decimal]")  [assignment]
Backend CI	Type check with MyPy	2026-03-17T02:36:48.0107190Z app/services/layby_service.py:463: error: Incompatible types in assignment (expression has type "None", variable has type "Column[date]")  [assignment]
Backend CI	Type check with MyPy	2026-03-17T02:36:48.0108214Z app/services/layby_service.py:464: error: Incompatible types in assignment (expression has type "None", variable has type "Column[Decimal]")  [assignment]
Backend CI	Type check with MyPy	2026-03-17T02:36:48.0109261Z app/services/layby_service.py:468: error: Incompatible types in assignment (expression has type "LaybyStatus", variable has type "Column[Any]")  [assignment]
Backend CI	Type check with MyPy	2026-03-17T02:36:48.0110341Z app/services/layby_service.py:472: error: Argument "layby_id" to "_create_audit" of "LaybyService" has incompatible type "Column[UUID]"; expected "UUID"  [arg-type]
Backend CI	Type check with MyPy	2026-03-17T02:36:48.0111422Z app/services/layby_service.py:491: error: Incompatible default for argument "refund_amount" (default has type "None", argument has type "Decimal")  [assignment]
Backend CI	Type check with MyPy	2026-03-17T02:36:48.0112456Z app/services/layby_service.py:491: note: PEP 484 prohibits implicit Optional. Accordingly, mypy has changed its default to no_implicit_optional=True
Backend CI	Type check with MyPy	2026-03-17T02:36:48.0113666Z app/services/layby_service.py:491: note: Use https://github.com/hauntsaninja/no_implicit_optional to automatically upgrade your codebase
Backend CI	Type check with MyPy	2026-03-17T02:36:48.0114764Z app/services/layby_service.py:545: error: Incompatible types in assignment (expression has type "ColumnElement[Decimal] | Decimal", variable has type "Column[Decimal]")  [assignment]
Backend CI	Type check with MyPy	2026-03-17T02:36:48.0115890Z app/services/layby_service.py:546: error: Incompatible types in assignment (expression has type "str", variable has type "Column[str]")  [assignment]
Backend CI	Type check with MyPy	2026-03-17T02:36:48.0116925Z app/services/layby_service.py:547: error: Incompatible types in assignment (expression has type "datetime", variable has type "Column[datetime]")  [assignment]
Backend CI	Type check with MyPy	2026-03-17T02:36:48.0117975Z app/services/layby_service.py:548: error: Incompatible types in assignment (expression has type "UUID", variable has type "Column[UUID]")  [assignment]
Backend CI	Type check with MyPy	2026-03-17T02:36:48.0119028Z app/services/layby_service.py:550: error: Incompatible types in assignment (expression has type "PaymentStatus", variable has type "Column[Any]")  [assignment]
Backend CI	Type check with MyPy	2026-03-17T02:36:48.0120166Z app/services/layby_service.py:553: error: Incompatible types in assignment (expression has type "ColumnElement[Decimal]", variable has type "Column[Decimal]")  [assignment]
Backend CI	Type check with MyPy	2026-03-17T02:36:48.0121345Z app/services/layby_service.py:554: error: Incompatible types in assignment (expression has type "ColumnElement[Decimal]", variable has type "Column[Decimal]")  [assignment]
Backend CI	Type check with MyPy	2026-03-17T02:36:48.0122464Z app/services/layby_service.py:558: error: Incompatible types in assignment (expression has type "LaybyStatus", variable has type "Column[Any]")  [assignment]
Backend CI	Type check with MyPy	2026-03-17T02:36:48.0123657Z app/services/layby_service.py:562: error: Argument "layby_id" to "_create_audit" of "LaybyService" has incompatible type "Column[UUID]"; expected "UUID"  [arg-type]
Backend CI	Type check with MyPy	2026-03-17T02:36:48.0124713Z app/services/layby_service.py:592: error: Argument 2 to "_get_config" of "LaybyService" has incompatible type "Column[UUID]"; expected "UUID"  [arg-type]
Backend CI	Type check with MyPy	2026-03-17T02:36:48.0125780Z app/services/layby_service.py:600: error: Incompatible types in assignment (expression has type "ColumnElement[Decimal]", variable has type "Decimal")  [assignment]
Backend CI	Type check with MyPy	2026-03-17T02:36:48.0126901Z app/services/layby_service.py:605: error: Incompatible types in assignment (expression has type "ColumnElement[Decimal]", variable has type "Decimal")  [assignment]
Backend CI	Type check with MyPy	2026-03-17T02:36:48.0127878Z app/services/layby_service.py:611: error: Unsupported operand types for < ("Decimal" and "SupportsDunderLT[Any]")  [operator]
Backend CI	Type check with MyPy	2026-03-17T02:36:48.0128812Z app/services/layby_service.py:611: note: Left operand is of type "SupportsDunderLT[Any] | SupportsDunderGT[Any]"
Backend CI	Type check with MyPy	2026-03-17T02:36:48.0129818Z app/services/layby_service.py:628: error: Incompatible types in assignment (expression has type "LaybyStatus", variable has type "Column[Any]")  [assignment]
Backend CI	Type check with MyPy	2026-03-17T02:36:48.0130886Z app/services/layby_service.py:629: error: Incompatible types in assignment (expression has type "datetime", variable has type "Column[datetime]")  [assignment]
Backend CI	Type check with MyPy	2026-03-17T02:36:48.0131918Z app/services/layby_service.py:630: error: Incompatible types in assignment (expression has type "UUID", variable has type "Column[UUID]")  [assignment]
Backend CI	Type check with MyPy	2026-03-17T02:36:48.0133032Z app/services/layby_service.py:631: error: Incompatible types in assignment (expression has type "str", variable has type "Column[str]")  [assignment]
Backend CI	Type check with MyPy	2026-03-17T02:36:48.0134035Z app/services/layby_service.py:642: error: Incompatible types in assignment (expression has type "None", variable has type "Column[date]")  [assignment]
Backend CI	Type check with MyPy	2026-03-17T02:36:48.0135100Z app/services/layby_service.py:643: error: Incompatible types in assignment (expression has type "None", variable has type "Column[Decimal]")  [assignment]
Backend CI	Type check with MyPy	2026-03-17T02:36:48.0136154Z app/services/layby_service.py:650: error: Argument "layby_id" to "_create_audit" of "LaybyService" has incompatible type "Column[UUID]"; expected "UUID"  [arg-type]
Backend CI	Type check with MyPy	2026-03-17T02:36:48.0137238Z app/services/layby_service.py:684: error: Incompatible types in assignment (expression has type "LaybyStatus", variable has type "Column[Any]")  [assignment]
Backend CI	Type check with MyPy	2026-03-17T02:36:48.0138312Z app/services/layby_service.py:685: error: Incompatible types in assignment (expression has type "datetime", variable has type "Column[datetime]")  [assignment]
Backend CI	Type check with MyPy	2026-03-17T02:36:48.0139349Z app/services/layby_service.py:686: error: Incompatible types in assignment (expression has type "UUID", variable has type "Column[UUID]")  [assignment]
Backend CI	Type check with MyPy	2026-03-17T02:36:48.0140398Z app/services/layby_service.py:692: error: Argument "layby_id" to "_create_audit" of "LaybyService" has incompatible type "Column[UUID]"; expected "UUID"  [arg-type]
Backend CI	Type check with MyPy	2026-03-17T02:36:48.0141443Z app/services/layby_service.py:724: error: Argument 2 to "_get_config" of "LaybyService" has incompatible type "Column[UUID]"; expected "UUID"  [arg-type]
Backend CI	Type check with MyPy	2026-03-17T02:36:48.0142470Z app/services/layby_service.py:736: error: Incompatible types in assignment (expression has type "Column[Decimal]", variable has type "Decimal")  [assignment]
Backend CI	Type check with MyPy	2026-03-17T02:36:48.0143695Z app/services/layby_service.py:737: error: Incompatible types in assignment (expression has type "ColumnElement[Decimal]", variable has type "Column[Decimal]")  [assignment]
Backend CI	Type check with MyPy	2026-03-17T02:36:48.0144884Z app/services/layby_service.py:738: error: Incompatible types in assignment (expression has type "ColumnElement[Decimal]", variable has type "Column[Decimal]")  [assignment]
Backend CI	Type check with MyPy	2026-03-17T02:36:48.0145985Z app/services/layby_service.py:740: error: Incompatible types in assignment (expression has type "date", variable has type "Column[date]")  [assignment]
Backend CI	Type check with MyPy	2026-03-17T02:36:48.0147043Z app/services/layby_service.py:741: error: Incompatible types in assignment (expression has type "ColumnElement[int]", variable has type "Column[int]")  [assignment]
Backend CI	Type check with MyPy	2026-03-17T02:36:48.0148137Z app/services/layby_service.py:745: error: Incompatible types in assignment (expression has type "LaybyStatus", variable has type "Column[Any]")  [assignment]
Backend CI	Type check with MyPy	2026-03-17T02:36:48.0149305Z app/services/layby_service.py:758: error: Argument 3 to "_calculate_installment_dates" of "LaybyService" has incompatible type "Column[Any]"; expected "PaymentFrequency"  [arg-type]
Backend CI	Type check with MyPy	2026-03-17T02:36:48.0150426Z app/services/layby_service.py:785: error: Incompatible types in assignment (expression has type "date", variable has type "Column[date]")  [assignment]
Backend CI	Type check with MyPy	2026-03-17T02:36:48.0151476Z app/services/layby_service.py:789: error: Argument "layby_id" to "_create_audit" of "LaybyService" has incompatible type "Column[UUID]"; expected "UUID"  [arg-type]
Backend CI	Type check with MyPy	2026-03-17T02:36:48.0265013Z app/tests/test_inventory_excel_service.py:79: error: Incompatible types in assignment (expression has type "UUID", variable has type "Column[UUID]")  [assignment]
Backend CI	Type check with MyPy	2026-03-17T02:36:48.0267201Z app/tests/test_inventory_excel_service.py:80: error: Incompatible types in assignment (expression has type "str", variable has type "Column[UUID]")  [assignment]
Backend CI	Type check with MyPy	2026-03-17T02:36:48.0268596Z app/tests/test_inventory_excel_service.py:81: error: Incompatible types in assignment (expression has type "str", variable has type "Column[str]")  [assignment]
Backend CI	Type check with MyPy	2026-03-17T02:36:48.0269932Z app/tests/test_inventory_excel_service.py:82: error: Incompatible types in assignment (expression has type "str", variable has type "Column[str]")  [assignment]
Backend CI	Type check with MyPy	2026-03-17T02:36:48.0271297Z app/tests/test_inventory_excel_service.py:83: error: Incompatible types in assignment (expression has type "None", variable has type "Column[datetime]")  [assignment]
Backend CI	Type check with MyPy	2026-03-17T02:36:48.0272903Z app/tests/test_inventory_excel_service.py:91: error: Incompatible default for argument "location" (default has type "None", argument has type "str")  [assignment]
Backend CI	Type check with MyPy	2026-03-17T02:36:48.0274290Z app/tests/test_inventory_excel_service.py:91: note: PEP 484 prohibits implicit Optional. Accordingly, mypy has changed its default to no_implicit_optional=True
Backend CI	Type check with MyPy	2026-03-17T02:36:48.0275619Z app/tests/test_inventory_excel_service.py:91: note: Use https://github.com/hauntsaninja/no_implicit_optional to automatically upgrade your codebase
Backend CI	Type check with MyPy	2026-03-17T02:36:48.0276947Z app/tests/test_inventory_excel_service.py:95: error: Incompatible types in assignment (expression has type "UUID", variable has type "Column[UUID]")  [assignment]
Backend CI	Type check with MyPy	2026-03-17T02:36:48.0278304Z app/tests/test_inventory_excel_service.py:96: error: Incompatible types in assignment (expression has type "str", variable has type "Column[UUID]")  [assignment]
Backend CI	Type check with MyPy	2026-03-17T02:36:48.0279658Z app/tests/test_inventory_excel_service.py:97: error: Incompatible types in assignment (expression has type "UUID", variable has type "Column[UUID]")  [assignment]
Backend CI	Type check with MyPy	2026-03-17T02:36:48.0280945Z app/tests/test_inventory_excel_service.py:98: error: Incompatible types in assignment (expression has type "int", variable has type "Column[int]")  [assignment]
Backend CI	Type check with MyPy	2026-03-17T02:36:48.0282021Z app/tests/test_inventory_excel_service.py:99: error: Incompatible types in assignment (expression has type "int", variable has type "Column[int]")  [assignment]
Backend CI	Type check with MyPy	2026-03-17T02:36:48.0283194Z app/tests/test_inventory_excel_service.py:100: error: Incompatible types in assignment (expression has type "int", variable has type "Column[int]")  [assignment]
Backend CI	Type check with MyPy	2026-03-17T02:36:48.0284267Z app/tests/test_inventory_excel_service.py:101: error: Incompatible types in assignment (expression has type "int", variable has type "Column[int]")  [assignment]
Backend CI	Type check with MyPy	2026-03-17T02:36:48.0285342Z app/tests/test_inventory_excel_service.py:102: error: Incompatible types in assignment (expression has type "int", variable has type "Column[int]")  [assignment]
Backend CI	Type check with MyPy	2026-03-17T02:36:48.0286429Z app/tests/test_inventory_excel_service.py:103: error: Incompatible types in assignment (expression has type "str", variable has type "Column[str]")  [assignment]
Backend CI	Type check with MyPy	2026-03-17T02:36:48.0287516Z app/tests/test_inventory_excel_service.py:104: error: Incompatible types in assignment (expression has type "None", variable has type "Column[str]")  [assignment]
Backend CI	Type check with MyPy	2026-03-17T02:36:48.0288634Z app/tests/test_inventory_excel_service.py:105: error: Incompatible types in assignment (expression has type "Decimal", variable has type "Column[Decimal]")  [assignment]
Backend CI	Type check with MyPy	2026-03-17T02:36:48.0289775Z app/tests/test_inventory_excel_service.py:106: error: Incompatible types in assignment (expression has type "Decimal", variable has type "Column[Decimal]")  [assignment]
Backend CI	Type check with MyPy	2026-03-17T02:36:48.0290917Z app/tests/test_inventory_excel_service.py:107: error: Incompatible types in assignment (expression has type "None", variable has type "Column[datetime]")  [assignment]
Backend CI	Type check with MyPy	2026-03-17T02:36:48.0470456Z app/services/inventory_service.py:136: error: Incompatible types in assignment (expression has type "ColumnElement[int]", variable has type "Column[int]")  [assignment]
Backend CI	Type check with MyPy	2026-03-17T02:36:48.0472473Z app/services/inventory_service.py:174: error: Incompatible types in assignment (expression has type "ColumnElement[int]", variable has type "Column[int]")  [assignment]
Backend CI	Type check with MyPy	2026-03-17T02:36:48.0474118Z app/services/inventory_service.py:175: error: Incompatible types in assignment (expression has type "datetime", variable has type "Column[datetime]")  [assignment]
Backend CI	Type check with MyPy	2026-03-17T02:36:48.0475640Z app/services/inventory_service.py:213: error: Incompatible types in assignment (expression has type "ColumnElement[float | Decimal] | Decimal", variable has type "Column[Decimal]")  [assignment]
Backend CI	Type check with MyPy	2026-03-17T02:36:48.0477022Z app/services/inventory_service.py:214: error: Incompatible types in assignment (expression has type "Decimal", variable has type "Column[Decimal]")  [assignment]
Backend CI	Type check with MyPy	2026-03-17T02:36:48.0478305Z app/services/inventory_service.py:215: error: Incompatible types in assignment (expression has type "ColumnElement[int]", variable has type "Column[int]")  [assignment]
Backend CI	Type check with MyPy	2026-03-17T02:36:48.0479586Z app/services/inventory_service.py:216: error: Incompatible types in assignment (expression has type "datetime", variable has type "Column[datetime]")  [assignment]
Backend CI	Type check with MyPy	2026-03-17T02:36:48.1823434Z app/services/delivery_assign_service.py:60: error: Argument "key" to "sort" of "list" has incompatible type "Callable[[dict[str, object]], object]"; expected "Callable[[dict[str, object]], SupportsDunderLT[Any] | SupportsDunderGT[Any]]"  [arg-type]
Backend CI	Type check with MyPy	2026-03-17T02:36:48.1825635Z app/services/delivery_assign_service.py:60: error: Incompatible return value type (got "object", expected "SupportsDunderLT[Any] | SupportsDunderGT[Any]")  [return-value]
Backend CI	Type check with MyPy	2026-03-17T02:36:48.1827343Z app/services/delivery_assign_service.py:96: error: Incompatible types in assignment (expression has type "DeliveryStatus", variable has type "Column[Any]")  [assignment]
Backend CI	Type check with MyPy	2026-03-17T02:36:48.1828738Z app/services/delivery_assign_service.py:119: error: Incompatible types in assignment (expression has type "str", variable has type "Column[str]")  [assignment]
Backend CI	Type check with MyPy	2026-03-17T02:36:48.1829977Z app/services/delivery_assign_service.py:121: error: Incompatible types in assignment (expression has type "str", variable has type "Column[UUID]")  [assignment]
Backend CI	Type check with MyPy	2026-03-17T02:36:48.1831261Z app/services/delivery_assign_service.py:123: error: Incompatible types in assignment (expression has type "DeliveryStatus", variable has type "Column[Any]")  [assignment]
Backend CI	Type check with MyPy	2026-03-17T02:36:48.1832458Z app/services/delivery_assign_service.py:127: error: Incompatible return value type (got "Driver | None", expected "Driver")  [return-value]
Backend CI	Type check with MyPy	2026-03-17T02:36:48.2981002Z app/services/customer_account_service.py:250: error: Incompatible types in assignment (expression has type "AccountStatus", variable has type "Column[AccountStatus]")  [assignment]
Backend CI	Type check with MyPy	2026-03-17T02:36:48.2984306Z app/services/customer_account_service.py:251: error: Incompatible types in assignment (expression has type "datetime", variable has type "Column[datetime]")  [assignment]
Backend CI	Type check with MyPy	2026-03-17T02:36:48.2986832Z app/services/customer_account_service.py:252: error: Incompatible types in assignment (expression has type "None", variable has type "Column[datetime]")  [assignment]
Backend CI	Type check with MyPy	2026-03-17T02:36:48.2988635Z app/services/customer_account_service.py:279: error: Incompatible types in assignment (expression has type "AccountStatus", variable has type "Column[AccountStatus]")  [assignment]
Backend CI	Type check with MyPy	2026-03-17T02:36:48.2990286Z app/services/customer_account_service.py:280: error: Incompatible types in assignment (expression has type "datetime", variable has type "Column[datetime]")  [assignment]
Backend CI	Type check with MyPy	2026-03-17T02:36:48.2991639Z app/services/customer_account_service.py:283: error: Incompatible types in assignment (expression has type "str", variable has type "Column[str]")  [assignment]
Backend CI	Type check with MyPy	2026-03-17T02:36:48.2993621Z app/services/customer_account_service.py:312: error: Incompatible types in assignment (expression has type "AccountStatus", variable has type "Column[AccountStatus]")  [assignment]
Backend CI	Type check with MyPy	2026-03-17T02:36:48.2995263Z app/services/customer_account_service.py:313: error: Incompatible types in assignment (expression has type "datetime", variable has type "Column[datetime]")  [assignment]
Backend CI	Type check with MyPy	2026-03-17T02:36:48.2996628Z app/services/customer_account_service.py:316: error: Incompatible types in assignment (expression has type "str", variable has type "Column[str]")  [assignment]
Backend CI	Type check with MyPy	2026-03-17T02:36:48.2997918Z app/services/customer_account_service.py:380: error: Argument 1 to "combine" of "datetime" has incompatible type "Column[date]"; expected "date"  [arg-type]
Backend CI	Type check with MyPy	2026-03-17T02:36:48.2999143Z app/services/customer_account_service.py:387: error: Argument "days" to "timedelta" has incompatible type "Column[int]"; expected "float"  [arg-type]
Backend CI	Type check with MyPy	2026-03-17T02:36:48.3000407Z app/services/customer_account_service.py:564: error: Incompatible types in assignment (expression has type "str", variable has type "Column[str]")  [assignment]
Backend CI	Type check with MyPy	2026-03-17T02:36:48.3001561Z app/services/customer_account_service.py:566: error: Incompatible types in assignment (expression has type "str", variable has type "Column[str]")  [assignment]
Backend CI	Type check with MyPy	2026-03-17T02:36:48.3002815Z app/services/customer_account_service.py:608: error: Argument 1 to "AccountBalance" has incompatible type "**dict[str, object]"; expected "UUID"  [arg-type]
Backend CI	Type check with MyPy	2026-03-17T02:36:48.3003887Z app/services/customer_account_service.py:608: error: Argument 1 to "AccountBalance" has incompatible type "**dict[str, object]"; expected "Decimal"  [arg-type]
Backend CI	Type check with MyPy	2026-03-17T02:36:48.3004947Z app/services/customer_account_service.py:608: error: Argument 1 to "AccountBalance" has incompatible type "**dict[str, object]"; expected "float"  [arg-type]
Backend CI	Type check with MyPy	2026-03-17T02:36:48.3005980Z app/services/customer_account_service.py:608: error: Argument 1 to "AccountBalance" has incompatible type "**dict[str, object]"; expected "bool"  [arg-type]
Backend CI	Type check with MyPy	2026-03-17T02:36:48.3007109Z app/services/customer_account_service.py:608: error: Argument 1 to "AccountBalance" has incompatible type "**dict[str, object]"; expected "dict[Any, Any] | None"  [arg-type]
Backend CI	Type check with MyPy	2026-03-17T02:36:48.3008291Z app/services/customer_account_service.py:715: error: Incompatible types in assignment (expression has type "Decimal", variable has type "Column[Decimal]")  [assignment]
Backend CI	Type check with MyPy	2026-03-17T02:36:48.3009442Z app/services/customer_account_service.py:784: error: Incompatible types in assignment (expression has type "Decimal", variable has type "Column[Decimal]")  [assignment]
Backend CI	Type check with MyPy	2026-03-17T02:36:48.3010601Z app/services/customer_account_service.py:995: error: Incompatible types in assignment (expression has type "object", variable has type "AccountTransaction")  [assignment]
Backend CI	Type check with MyPy	2026-03-17T02:36:48.3011713Z app/services/customer_account_service.py:996: error: Incompatible types in assignment (expression has type "object", variable has type "Decimal")  [assignment]
Backend CI	Type check with MyPy	2026-03-17T02:36:48.3013044Z app/services/customer_account_service.py:1140: error: Argument 1 to "format_date" has incompatible type "Column[datetime]"; expected "date | datetime | None"  [arg-type]
Backend CI	Type check with MyPy	2026-03-17T02:36:48.3014180Z app/services/customer_account_service.py:1203: error: Argument 1 to "_add_text" of "PDFBuilder" has incompatible type "ColumnElement[Any]"; expected "str"  [arg-type]
Backend CI	Type check with MyPy	2026-03-17T02:36:48.3015291Z app/services/customer_account_service.py:1217: error: Argument 1 to "format_date" has incompatible type "Column[date]"; expected "date | datetime | None"  [arg-type]
Backend CI	Type check with MyPy	2026-03-17T02:36:48.3016457Z app/services/customer_account_service.py:1830: error: Incompatible types in assignment (expression has type "ColumnElement[date]", variable has type "date | None")  [assignment]
Backend CI	Type check with MyPy	2026-03-17T02:36:48.3017462Z app/services/customer_account_service.py:1840: error: Unsupported operand types for < ("date" and "None")  [operator]
Backend CI	Type check with MyPy	2026-03-17T02:36:48.3018166Z app/services/customer_account_service.py:1840: note: Left operand is of type "date | None"
Backend CI	Type check with MyPy	2026-03-17T02:36:48.3019125Z app/services/customer_account_service.py:1844: error: Argument 1 to "combine" of "datetime" has incompatible type "date | None"; expected "date"  [arg-type]
Backend CI	Type check with MyPy	2026-03-17T02:36:48.3020332Z app/services/customer_account_service.py:1969: error: Argument 1 to "combine" of "datetime" has incompatible type "Column[date]"; expected "date"  [arg-type]
Backend CI	Type check with MyPy	2026-03-17T02:36:48.3021360Z app/services/customer_account_service.py:1970: error: Argument 1 to "combine" of "datetime" has incompatible type "Column[date]"; expected "date"  [arg-type]
Backend CI	Type check with MyPy	2026-03-17T02:36:48.3248330Z app/services/customer_service.py:173: error: Incompatible types in assignment (expression has type "ColumnElement[int]", variable has type "Column[int]")  [assignment]
Backend CI	Type check with MyPy	2026-03-17T02:36:48.3250874Z app/services/customer_service.py:174: error: Incompatible types in assignment (expression has type "ColumnElement[Decimal]", variable has type "Column[Decimal]")  [assignment]
Backend CI	Type check with MyPy	2026-03-17T02:36:48.3252616Z app/services/customer_service.py:176: error: Incompatible types in assignment (expression has type "ColumnElement[Decimal]", variable has type "Column[Decimal]")  [assignment]
Backend CI	Type check with MyPy	2026-03-17T02:36:48.4375246Z app/services/layby_notification_service.py:67: error: Argument 1 to "_format_currency" of "LaybyNotificationService" has incompatible type "Column[Decimal]"; expected "Decimal | None"  [arg-type]
Backend CI	Type check with MyPy	2026-03-17T02:36:48.4377774Z app/services/layby_notification_service.py:74: error: Argument 1 to "_format_currency" of "LaybyNotificationService" has incompatible type "Column[Decimal]"; expected "Decimal | None"  [arg-type]
Backend CI	Type check with MyPy	2026-03-17T02:36:48.4379496Z app/services/layby_notification_service.py:112: error: Argument 1 to "_format_currency" of "LaybyNotificationService" has incompatible type "Column[Decimal]"; expected "Decimal | None"  [arg-type]
Backend CI	Type check with MyPy	2026-03-17T02:36:48.4380989Z app/services/layby_notification_service.py:263: error: Incompatible types in assignment (expression has type "NotificationStatus", variable has type "Column[Any]")  [assignment]
Backend CI	Type check with MyPy	2026-03-17T02:36:48.4382445Z app/services/layby_notification_service.py:264: error: Incompatible types in assignment (expression has type "datetime", variable has type "Column[datetime]")  [assignment]
Backend CI	Type check with MyPy	2026-03-17T02:36:48.4384143Z app/services/layby_notification_service.py:268: error: Incompatible types in assignment (expression has type "NotificationStatus", variable has type "Column[Any]")  [assignment]
Backend CI	Type check with MyPy	2026-03-17T02:36:48.4385545Z app/services/layby_notification_service.py:269: error: Incompatible types in assignment (expression has type "datetime", variable has type "Column[datetime]")  [assignment]
Backend CI	Type check with MyPy	2026-03-17T02:36:48.4386905Z app/services/layby_notification_service.py:279: error: Incompatible types in assignment (expression has type "NotificationStatus", variable has type "Column[Any]")  [assignment]
Backend CI	Type check with MyPy	2026-03-17T02:36:48.4388267Z app/services/layby_notification_service.py:280: error: Incompatible types in assignment (expression has type "datetime", variable has type "Column[datetime]")  [assignment]
Backend CI	Type check with MyPy	2026-03-17T02:36:48.4389643Z app/services/layby_notification_service.py:289: error: Incompatible types in assignment (expression has type "NotificationStatus", variable has type "Column[Any]")  [assignment]
Backend CI	Type check with MyPy	2026-03-17T02:36:48.4390972Z app/services/layby_notification_service.py:290: error: Incompatible types in assignment (expression has type "str", variable has type "Column[str]")  [assignment]
Backend CI	Type check with MyPy	2026-03-17T02:36:48.4802316Z app/scheduler/jobs/auto_clockout_job.py:86: error: Incompatible types in assignment (expression has type "datetime", variable has type "Column[datetime]")  [assignment]
Backend CI	Type check with MyPy	2026-03-17T02:36:48.4805209Z app/scheduler/jobs/auto_clockout_job.py:87: error: Incompatible types in assignment (expression has type "JobStatus", variable has type "Column[str]")  [assignment]
Backend CI	Type check with MyPy	2026-03-17T02:36:48.4806696Z app/scheduler/jobs/auto_clockout_job.py:90: error: Incompatible types in assignment (expression has type "int", variable has type "Column[int]")  [assignment]
Backend CI	Type check with MyPy	2026-03-17T02:36:48.4808206Z app/scheduler/jobs/auto_clockout_job.py:91: error: Incompatible types in assignment (expression has type "str | None", variable has type "Column[str]")  [assignment]
Backend CI	Type check with MyPy	2026-03-17T02:36:48.4809660Z app/scheduler/jobs/auto_clockout_job.py:120: error: Incompatible types in assignment (expression has type "datetime", variable has type "Column[datetime]")  [assignment]
Backend CI	Type check with MyPy	2026-03-17T02:36:48.4810948Z app/scheduler/jobs/auto_clockout_job.py:121: error: Incompatible types in assignment (expression has type "JobStatus", variable has type "Column[str]")  [assignment]
Backend CI	Type check with MyPy	2026-03-17T02:36:48.4812171Z app/scheduler/jobs/auto_clockout_job.py:124: error: Incompatible types in assignment (expression has type "int", variable has type "Column[int]")  [assignment]
Backend CI	Type check with MyPy	2026-03-17T02:36:48.4813632Z app/scheduler/jobs/auto_clockout_job.py:125: error: Incompatible types in assignment (expression has type "str | None", variable has type "Column[str]")  [assignment]
Backend CI	Type check with MyPy	2026-03-17T02:36:48.5006271Z app/tests/property/test_report_generator_properties.py:70: error: Incompatible default for argument "mock_data" (default has type "None", argument has type "dict[str, Any]")  [assignment]
Backend CI	Type check with MyPy	2026-03-17T02:36:48.5009550Z app/tests/property/test_report_generator_properties.py:70: note: PEP 484 prohibits implicit Optional. Accordingly, mypy has changed its default to no_implicit_optional=True
Backend CI	Type check with MyPy	2026-03-17T02:36:48.5011659Z app/tests/property/test_report_generator_properties.py:70: note: Use https://github.com/hauntsaninja/no_implicit_optional to automatically upgrade your codebase
Backend CI	Type check with MyPy	2026-03-17T02:36:48.5013815Z app/tests/property/test_report_generator_properties.py:73: error: Incompatible return value type (got "tuple[ReportGeneratorService, MagicMock]", expected "ReportGeneratorService")  [return-value]
Backend CI	Type check with MyPy	2026-03-17T02:36:48.5135170Z app/agents/tools/common.py:19: error: Argument 1 to "_get_business_for_user" of "AIContextService" has incompatible type "Column[UUID]"; expected "str"  [arg-type]
Backend CI	Type check with MyPy	2026-03-17T02:36:48.5192072Z app/agents/lib/prompt_builder.py:111: error: Argument 1 to "_get_business_for_user" of "AIContextService" has incompatible type "Column[UUID]"; expected "str"  [arg-type]
Backend CI	Type check with MyPy	2026-03-17T02:36:48.5951315Z app/services/online_order_service.py:135: error: Incompatible types in assignment (expression has type "Column[int] | int", variable has type "int")  [assignment]
Backend CI	Type check with MyPy	2026-03-17T02:36:48.5953620Z app/services/online_order_service.py:137: error: Incompatible types in assignment (expression has type "Column[Decimal] | Decimal", variable has type "Decimal")  [assignment]
Backend CI	Type check with MyPy	2026-03-17T02:36:48.5955341Z app/services/online_order_service.py:235: error: Incompatible types in assignment (expression has type "OnlineOrderStatus", variable has type "Column[Any]")  [assignment]
Backend CI	Type check with MyPy	2026-03-17T02:36:48.5956689Z app/services/online_order_service.py:247: error: Incompatible types in assignment (expression has type "OnlineOrderStatus", variable has type "Column[Any]")  [assignment]
Backend CI	Type check with MyPy	2026-03-17T02:36:48.5957963Z app/services/online_order_service.py:250: error: Incompatible types in assignment (expression has type "str", variable has type "Column[str]")  [assignment]
Backend CI	Type check with MyPy	2026-03-17T02:36:48.6083307Z app/services/modifier_validation_service.py:131: error: Argument "group_name" to "ValidationError" has incompatible type "Column[str]"; expected "str"  [arg-type]
Backend CI	Type check with MyPy	2026-03-17T02:36:48.6085301Z app/services/modifier_validation_service.py:142: error: Argument "group_name" to "ValidationError" has incompatible type "Column[str]"; expected "str"  [arg-type]
Backend CI	Type check with MyPy	2026-03-17T02:36:48.6086625Z app/services/modifier_validation_service.py:156: error: Argument "group_name" to "ValidationError" has incompatible type "Column[str]"; expected "str"  [arg-type]
Backend CI	Type check with MyPy	2026-03-17T02:36:48.6243357Z app/services/modifier_availability_service.py:175: error: Incompatible types in assignment (expression has type "ModifierAvailability | None", variable has type "Query[ModifierAvailability]")  [assignment]
Backend CI	Type check with MyPy	2026-03-17T02:36:48.6245039Z app/services/modifier_availability_service.py:178: error: "Query[ModifierAvailability]" has no attribute "is_available"  [attr-defined]
Backend CI	Type check with MyPy	2026-03-17T02:36:48.6246595Z app/services/modifier_availability_service.py:181: error: Incompatible return value type (got "Query[ModifierAvailability]", expected "ModifierAvailability")  [return-value]
Backend CI	Type check with MyPy	2026-03-17T02:36:48.6887685Z app/services/menu_service.py:104: error: Incompatible types in assignment (expression has type "bool", variable has type "Column[bool]")  [assignment]
Backend CI	Type check with MyPy	2026-03-17T02:36:48.6889442Z app/services/menu_service.py:279: error: Incompatible types in assignment (expression has type "ColumnElement[Decimal]", variable has type "Decimal")  [assignment]
Backend CI	Type check with MyPy	2026-03-17T02:36:48.6891063Z app/services/menu_service.py:317: error: Incompatible types in assignment (expression has type "str", variable has type "Column[str]")  [assignment]
Backend CI	Type check with MyPy	2026-03-17T02:36:48.6892618Z app/services/menu_service.py:319: error: Incompatible types in assignment (expression has type "Decimal", variable has type "Column[Decimal]")  [assignment]
Backend CI	Type check with MyPy	2026-03-17T02:36:48.6894449Z app/services/menu_service.py:321: error: Incompatible types in assignment (expression has type "str", variable has type "Column[str]")  [assignment]
Backend CI	Type check with MyPy	2026-03-17T02:36:48.6896025Z app/services/menu_service.py:330: error: Incompatible types in assignment (expression has type "datetime", variable has type "Column[datetime]")  [assignment]
Backend CI	Type check with MyPy	2026-03-17T02:36:48.6897493Z app/services/menu_service.py:351: error: Incompatible types in assignment (expression has type "Column[Decimal]", variable has type "Decimal")  [assignment]
Backend CI	Type check with MyPy	2026-03-17T02:36:48.6899004Z app/services/menu_service.py:594: error: Argument "key" to "sort" of "list" has incompatible type "Callable[[dict[str, object]], object]"; expected "Callable[[dict[str, object]], SupportsDunderLT[Any] | SupportsDunderGT[Any]]"  [arg-type]
Backend CI	Type check with MyPy	2026-03-17T02:36:48.6900683Z app/services/menu_service.py:594: error: Incompatible return value type (got "object", expected "SupportsDunderLT[Any] | SupportsDunderGT[Any]")  [return-value]
Backend CI	Type check with MyPy	2026-03-17T02:36:48.7053237Z app/services/addon_service.py:322: error: Incompatible types in assignment (expression has type "str", variable has type "Column[UUID]")  [assignment]
Backend CI	Type check with MyPy	2026-03-17T02:36:48.7268426Z app/api/deps.py:73: error: Incompatible types in assignment (expression has type "Any | None", variable has type "str")  [assignment]
Backend CI	Type check with MyPy	2026-03-17T02:36:48.7269773Z app/api/deps.py:142: error: Incompatible types in assignment (expression has type "Any | None", variable has type "str")  [assignment]
Backend CI	Type check with MyPy	2026-03-17T02:36:48.7271130Z app/api/deps.py:309: error: Argument "business_id" to "check_feature" of "PermissionService" has incompatible type "str"; expected "UUID"  [arg-type]
Backend CI	Type check with MyPy	2026-03-17T02:36:48.7272565Z app/api/deps.py:385: error: Argument 1 to "get_business_permissions" of "PermissionService" has incompatible type "str"; expected "UUID"  [arg-type]
Backend CI	Type check with MyPy	2026-03-17T02:36:48.8180228Z app/tests/test_inventory_service.py:103: error: Incompatible types in assignment (expression has type "UUID", variable has type "Column[UUID]")  [assignment]
Backend CI	Type check with MyPy	2026-03-17T02:36:48.8810920Z app/tests/test_customer_account_service.py:27: error: Need type annotation for "_filters" (hint: "_filters: list[<type>] = ...")  [var-annotated]
Backend CI	Type check with MyPy	2026-03-17T02:36:48.8812518Z app/tests/test_customer_account_service.py:51: error: Incompatible types in assignment (expression has type "int", variable has type "None")  [assignment]
Backend CI	Type check with MyPy	2026-03-17T02:36:48.9187015Z app/tests/unit/test_balance_management.py:38: error: Need type annotation for "_filters" (hint: "_filters: list[<type>] = ...")  [var-annotated]
Backend CI	Type check with MyPy	2026-03-17T02:36:48.9241600Z app/tests/unit/test_balance_calculation.py:24: error: Need type annotation for "_filters" (hint: "_filters: list[<type>] = ...")  [var-annotated]
Backend CI	Type check with MyPy	2026-03-17T02:36:48.9331003Z app/tests/unit/test_aging_calculation.py:37: error: Need type annotation for "_filters" (hint: "_filters: list[<type>] = ...")  [var-annotated]
Backend CI	Type check with MyPy	2026-03-17T02:36:48.9779958Z app/scheduler/jobs/layby_jobs.py:132: error: Incompatible types in assignment (expression has type "LaybyStatus", variable has type "Column[Any]")  [assignment]
Backend CI	Type check with MyPy	2026-03-17T02:36:48.9781848Z app/scheduler/jobs/layby_jobs.py:137: error: Argument 1 to "combine" of "datetime" has incompatible type "Column[date]"; expected "date"  [arg-type]
Backend CI	Type check with MyPy	2026-03-17T02:36:48.9783683Z app/scheduler/jobs/layby_jobs.py:156: error: Argument "overdue_amount" to "send_overdue_notice" of "LaybyNotificationService" has incompatible type "Column[Decimal]"; expected "Decimal"  [arg-type]
Backend CI	Type check with MyPy	2026-03-17T02:36:49.0037218Z app/scheduler/jobs/overdue_invoice_job.py:98: error: Argument 1 to "get_existing_notification_invoice_ids" of "InvoiceQueryService" has incompatible type "list[Column[UUID]]"; expected "list[UUID]"  [arg-type]
Backend CI	Type check with MyPy	2026-03-17T02:36:49.0039504Z app/scheduler/jobs/overdue_invoice_job.py:141: error: Incompatible types in assignment (expression has type "datetime", variable has type "Column[datetime]")  [assignment]
Backend CI	Type check with MyPy	2026-03-17T02:36:49.0041355Z app/scheduler/jobs/overdue_invoice_job.py:142: error: Incompatible types in assignment (expression has type "JobStatus", variable has type "Column[str]")  [assignment]
Backend CI	Type check with MyPy	2026-03-17T02:36:49.0043219Z app/scheduler/jobs/overdue_invoice_job.py:143: error: Incompatible types in assignment (expression has type "int", variable has type "Column[int]")  [assignment]
Backend CI	Type check with MyPy	2026-03-17T02:36:49.0044507Z app/scheduler/jobs/overdue_invoice_job.py:144: error: Incompatible types in assignment (expression has type "int", variable has type "Column[int]")  [assignment]
Backend CI	Type check with MyPy	2026-03-17T02:36:49.0045754Z app/scheduler/jobs/overdue_invoice_job.py:145: error: Incompatible types in assignment (expression has type "int", variable has type "Column[int]")  [assignment]
Backend CI	Type check with MyPy	2026-03-17T02:36:49.0047000Z app/scheduler/jobs/overdue_invoice_job.py:146: error: Incompatible types in assignment (expression has type "str | None", variable has type "Column[str]")  [assignment]
Backend CI	Type check with MyPy	2026-03-17T02:36:49.0048293Z app/scheduler/jobs/overdue_invoice_job.py:174: error: Incompatible types in assignment (expression has type "datetime", variable has type "Column[datetime]")  [assignment]
Backend CI	Type check with MyPy	2026-03-17T02:36:49.0049598Z app/scheduler/jobs/overdue_invoice_job.py:175: error: Incompatible types in assignment (expression has type "JobStatus", variable has type "Column[str]")  [assignment]
Backend CI	Type check with MyPy	2026-03-17T02:36:49.0050854Z app/scheduler/jobs/overdue_invoice_job.py:176: error: Incompatible types in assignment (expression has type "int", variable has type "Column[int]")  [assignment]
Backend CI	Type check with MyPy	2026-03-17T02:36:49.0052074Z app/scheduler/jobs/overdue_invoice_job.py:177: error: Incompatible types in assignment (expression has type "int", variable has type "Column[int]")  [assignment]
Backend CI	Type check with MyPy	2026-03-17T02:36:49.0053436Z app/scheduler/jobs/overdue_invoice_job.py:178: error: Incompatible types in assignment (expression has type "int", variable has type "Column[int]")  [assignment]
Backend CI	Type check with MyPy	2026-03-17T02:36:49.0054618Z app/scheduler/jobs/overdue_invoice_job.py:179: error: Incompatible types in assignment (expression has type "str | None", variable has type "Column[str]")  [assignment]
Backend CI	Type check with MyPy	2026-03-17T02:36:49.0332200Z app/scheduler/jobs/report_scheduler_job.py:90: error: Argument "user_id" to "generate_report" of "ReportGeneratorService" has incompatible type "Column[UUID]"; expected "UUID"  [arg-type]
Backend CI	Type check with MyPy	2026-03-17T02:36:49.0334377Z app/scheduler/jobs/report_scheduler_job.py:111: error: Argument "user_id" to "generate_report" of "ReportGeneratorService" has incompatible type "Column[UUID]"; expected "UUID"  [arg-type]
Backend CI	Type check with MyPy	2026-03-17T02:36:49.0336236Z app/scheduler/jobs/report_scheduler_job.py:121: error: Argument "user_id" to "log_delivery" of "ReportSubscriptionService" has incompatible type "Column[UUID]"; expected "UUID"  [arg-type]
Backend CI	Type check with MyPy	2026-03-17T02:36:49.0337733Z app/scheduler/jobs/report_scheduler_job.py:126: error: "type[DeliveryStatus]" has no attribute "SKIPPED"  [attr-defined]
Backend CI	Type check with MyPy	2026-03-17T02:36:49.0339227Z app/scheduler/jobs/report_scheduler_job.py:137: error: Argument "user_id" to "log_delivery" of "ReportSubscriptionService" has incompatible type "Column[UUID]"; expected "UUID"  [arg-type]
Backend CI	Type check with MyPy	2026-03-17T02:36:49.0341052Z app/scheduler/jobs/report_scheduler_job.py:147: error: Argument 1 to "update_last_sent" of "ReportSubscriptionService" has incompatible type "Column[UUID]"; expected "UUID"  [arg-type]
Backend CI	Type check with MyPy	2026-03-17T02:36:49.0343282Z app/scheduler/jobs/report_scheduler_job.py:155: error: Argument "user_id" to "log_delivery" of "ReportSubscriptionService" has incompatible type "Column[UUID]"; expected "UUID"  [arg-type]
Backend CI	Type check with MyPy	2026-03-17T02:36:49.0345017Z app/scheduler/jobs/report_scheduler_job.py:156: error: Argument "report_type" to "log_delivery" of "ReportSubscriptionService" has incompatible type "ReportType | None"; expected "ReportType"  [arg-type]
Backend CI	Type check with MyPy	2026-03-17T02:36:49.0346511Z app/scheduler/jobs/report_scheduler_job.py:166: error: Incompatible types in assignment (expression has type "datetime", variable has type "Column[datetime]")  [assignment]
Backend CI	Type check with MyPy	2026-03-17T02:36:49.0347830Z app/scheduler/jobs/report_scheduler_job.py:167: error: Incompatible types in assignment (expression has type "JobStatus", variable has type "Column[str]")  [assignment]
Backend CI	Type check with MyPy	2026-03-17T02:36:49.0349111Z app/scheduler/jobs/report_scheduler_job.py:170: error: Incompatible types in assignment (expression has type "int", variable has type "Column[int]")  [assignment]
Backend CI	Type check with MyPy	2026-03-17T02:36:49.0350394Z app/scheduler/jobs/report_scheduler_job.py:171: error: Incompatible types in assignment (expression has type "str | None", variable has type "Column[str]")  [assignment]
Backend CI	Type check with MyPy	2026-03-17T02:36:49.0351701Z app/scheduler/jobs/report_scheduler_job.py:190: error: Incompatible types in assignment (expression has type "datetime", variable has type "Column[datetime]")  [assignment]
Backend CI	Type check with MyPy	2026-03-17T02:36:49.0353142Z app/scheduler/jobs/report_scheduler_job.py:191: error: Incompatible types in assignment (expression has type "JobStatus", variable has type "Column[str]")  [assignment]
Backend CI	Type check with MyPy	2026-03-17T02:36:49.0354406Z app/scheduler/jobs/report_scheduler_job.py:192: error: Incompatible types in assignment (expression has type "int", variable has type "Column[int]")  [assignment]
Backend CI	Type check with MyPy	2026-03-17T02:36:49.0355512Z app/scheduler/jobs/report_scheduler_job.py:193: error: Incompatible types in assignment (expression has type "str | None", variable has type "Column[str]")  [assignment]
Backend CI	Type check with MyPy	2026-03-17T02:36:49.0383624Z app/agents/tools/supplier_tools.py:32: error: Item "list[Supplier]" of "list[Supplier] | int" has no attribute "id"  [union-attr]
Backend CI	Type check with MyPy	2026-03-17T02:36:49.0384741Z app/agents/tools/supplier_tools.py:32: error: Item "int" of "list[Supplier] | int" has no attribute "id"  [union-attr]
Backend CI	Type check with MyPy	2026-03-17T02:36:49.0385799Z app/agents/tools/supplier_tools.py:33: error: Item "list[Supplier]" of "list[Supplier] | int" has no attribute "name"  [union-attr]
Backend CI	Type check with MyPy	2026-03-17T02:36:49.0386847Z app/agents/tools/supplier_tools.py:33: error: Item "int" of "list[Supplier] | int" has no attribute "name"  [union-attr]
Backend CI	Type check with MyPy	2026-03-17T02:36:49.0387862Z app/agents/tools/supplier_tools.py:34: error: Item "list[Supplier]" of "list[Supplier] | int" has no attribute "email"  [union-attr]
Backend CI	Type check with MyPy	2026-03-17T02:36:49.0388865Z app/agents/tools/supplier_tools.py:34: error: Item "int" of "list[Supplier] | int" has no attribute "email"  [union-attr]
Backend CI	Type check with MyPy	2026-03-17T02:36:49.0389864Z app/agents/tools/supplier_tools.py:35: error: Item "list[Supplier]" of "list[Supplier] | int" has no attribute "phone"  [union-attr]
Backend CI	Type check with MyPy	2026-03-17T02:36:49.0390862Z app/agents/tools/supplier_tools.py:35: error: Item "int" of "list[Supplier] | int" has no attribute "phone"  [union-attr]
Backend CI	Type check with MyPy	2026-03-17T02:36:49.0690218Z app/agents/tools/staff_tools.py:56: error: Argument "business_id" to "to_thread" has incompatible type "str"; expected "UUID"  [arg-type]
Backend CI	Type check with MyPy	2026-03-17T02:36:49.0691500Z app/agents/tools/staff_tools.py:81: error: Unexpected keyword argument "start_date" for "to_thread"  [call-arg]
Backend CI	Type check with MyPy	2026-03-17T02:36:49.0693071Z /opt/hostedtoolcache/Python/3.12.13/x64/lib/python3.12/site-packages/mypy/typeshed/stdlib/asyncio/threads.pyi:10: note: "to_thread" defined here
Backend CI	Type check with MyPy	2026-03-17T02:36:49.0694314Z app/agents/tools/staff_tools.py:81: error: Unexpected keyword argument "end_date" for "to_thread"  [call-arg]
Backend CI	Type check with MyPy	2026-03-17T02:36:49.0695207Z app/agents/tools/staff_tools.py:92: error: Item "list[TimeEntry]" of "list[TimeEntry] | int" has no attribute "user_id"  [union-attr]
Backend CI	Type check with MyPy	2026-03-17T02:36:49.0696376Z app/agents/tools/staff_tools.py:92: error: Item "int" of "list[TimeEntry] | int" has no attribute "user_id"  [union-attr]
Backend CI	Type check with MyPy	2026-03-17T02:36:49.0697447Z app/agents/tools/staff_tools.py:93: error: Item "list[TimeEntry]" of "list[TimeEntry] | int" has no attribute "clock_in"  [union-attr]
Backend CI	Type check with MyPy	2026-03-17T02:36:49.0698357Z app/agents/tools/staff_tools.py:93: error: Item "int" of "list[TimeEntry] | int" has no attribute "clock_in"  [union-attr]
Backend CI	Type check with MyPy	2026-03-17T02:36:49.0699265Z app/agents/tools/staff_tools.py:94: error: Item "list[TimeEntry]" of "list[TimeEntry] | int" has no attribute "clock_out"  [union-attr]
Backend CI	Type check with MyPy	2026-03-17T02:36:49.0700181Z app/agents/tools/staff_tools.py:94: error: Item "int" of "list[TimeEntry] | int" has no attribute "clock_out"  [union-attr]
Backend CI	Type check with MyPy	2026-03-17T02:36:49.0701090Z app/agents/tools/staff_tools.py:96: error: Item "list[TimeEntry]" of "list[TimeEntry] | int" has no attribute "clock_out"  [union-attr]
Backend CI	Type check with MyPy	2026-03-17T02:36:49.0702004Z app/agents/tools/staff_tools.py:96: error: Item "int" of "list[TimeEntry] | int" has no attribute "clock_out"  [union-attr]
Backend CI	Type check with MyPy	2026-03-17T02:36:49.0703156Z app/agents/tools/staff_tools.py:96: error: Item "list[TimeEntry]" of "list[TimeEntry] | int" has no attribute "clock_in"  [union-attr]
Backend CI	Type check with MyPy	2026-03-17T02:36:49.0704080Z app/agents/tools/staff_tools.py:96: error: Item "int" of "list[TimeEntry] | int" has no attribute "clock_in"  [union-attr]
Backend CI	Type check with MyPy	2026-03-17T02:36:49.0704949Z app/agents/tools/staff_tools.py:97: error: Item "list[TimeEntry]" of "list[TimeEntry] | int" has no attribute "clock_in"  [union-attr]
Backend CI	Type check with MyPy	2026-03-17T02:36:49.0705782Z app/agents/tools/staff_tools.py:97: error: Item "int" of "list[TimeEntry] | int" has no attribute "clock_in"  [union-attr]
Backend CI	Type check with MyPy	2026-03-17T02:36:49.0706594Z app/agents/tools/staff_tools.py:97: error: Item "list[TimeEntry]" of "list[TimeEntry] | int" has no attribute "clock_out"  [union-attr]
Backend CI	Type check with MyPy	2026-03-17T02:36:49.0707400Z app/agents/tools/staff_tools.py:97: error: Item "int" of "list[TimeEntry] | int" has no attribute "clock_out"  [union-attr]
Backend CI	Type check with MyPy	2026-03-17T02:36:49.0714241Z app/agents/tools/sales_tools.py:30: error: Argument 2 to "to_thread" has incompatible type "str"; expected "UUID"  [arg-type]
Backend CI	Type check with MyPy	2026-03-17T02:36:49.0764254Z app/agents/tools/report_tools.py:55: error: "ReportGeneratorService" has no attribute "generate_report_data"; maybe "generate_report"?  [attr-defined]
Backend CI	Type check with MyPy	2026-03-17T02:36:49.0765417Z app/agents/tools/report_tools.py:88: error: "type[ReportType]" has no attribute "DAILY"  [attr-defined]
Backend CI	Type check with MyPy	2026-03-17T02:36:49.0766332Z app/agents/tools/report_tools.py:89: error: "type[ReportType]" has no attribute "MONTHLY"  [attr-defined]
Backend CI	Type check with MyPy	2026-03-17T02:36:49.0767208Z app/agents/tools/report_tools.py:90: error: "type[ReportType]" has no attribute "INVENTORY"  [attr-defined]
Backend CI	Type check with MyPy	2026-03-17T02:36:49.0768063Z app/agents/tools/report_tools.py:92: error: "type[ReportType]" has no attribute "DAILY"  [attr-defined]
Backend CI	Type check with MyPy	2026-03-17T02:36:49.0925939Z app/agents/tools/order_tools.py:27: error: Unexpected keyword argument "limit" for "to_thread"  [call-arg]
Backend CI	Type check with MyPy	2026-03-17T02:36:49.0927613Z /opt/hostedtoolcache/Python/3.12.13/x64/lib/python3.12/site-packages/mypy/typeshed/stdlib/asyncio/threads.pyi:10: note: "to_thread" defined here
Backend CI	Type check with MyPy	2026-03-17T02:36:49.0928693Z app/agents/tools/order_tools.py:30: error: Need type annotation for "o"  [var-annotated]
Backend CI	Type check with MyPy	2026-03-17T02:36:49.0929629Z app/agents/tools/order_tools.py:87: error: Item "list[Supplier]" of "list[Supplier] | int" has no attribute "name"  [union-attr]
Backend CI	Type check with MyPy	2026-03-17T02:36:49.0930618Z app/agents/tools/order_tools.py:87: error: Item "int" of "list[Supplier] | int" has no attribute "name"  [union-attr]
Backend CI	Type check with MyPy	2026-03-17T02:36:49.0931543Z app/agents/tools/order_tools.py:101: error: Missing named argument "name" for "OrderItemCreate"  [call-arg]
Backend CI	Type check with MyPy	2026-03-17T02:36:49.0932462Z app/agents/tools/order_tools.py:101: error: Missing named argument "tax_rate" for "OrderItemCreate"  [call-arg]
Backend CI	Type check with MyPy	2026-03-17T02:36:49.0933660Z app/agents/tools/order_tools.py:101: error: Missing named argument "discount_percent" for "OrderItemCreate"  [call-arg]
Backend CI	Type check with MyPy	2026-03-17T02:36:49.0935170Z app/agents/tools/order_tools.py:104: error: Argument "unit_price" to "OrderItemCreate" has incompatible type "Any | None"; expected "Decimal"  [arg-type]
Backend CI	Type check with MyPy	2026-03-17T02:36:49.0936470Z app/agents/tools/order_tools.py:109: error: Item "list[Supplier]" of "list[Supplier] | int" has no attribute "id"  [union-attr]
Backend CI	Type check with MyPy	2026-03-17T02:36:49.0937392Z app/agents/tools/order_tools.py:109: error: Item "int" of "list[Supplier] | int" has no attribute "id"  [union-attr]
Backend CI	Type check with MyPy	2026-03-17T02:36:49.0938318Z app/agents/tools/order_tools.py:123: error: Item "list[Supplier]" of "list[Supplier] | int" has no attribute "name"  [union-attr]
Backend CI	Type check with MyPy	2026-03-17T02:36:49.0939242Z app/agents/tools/order_tools.py:123: error: Item "int" of "list[Supplier] | int" has no attribute "name"  [union-attr]
Backend CI	Type check with MyPy	2026-03-17T02:36:49.0940102Z app/agents/tools/order_tools.py:147: error: "type[OrderStatus]" has no attribute "SUBMITTED"  [attr-defined]
Backend CI	Type check with MyPy	2026-03-17T02:36:49.1153271Z app/agents/tools/invoice_tools.py:51: error: Item "list[Invoice]" of "list[Invoice] | int" has no attribute "id"  [union-attr]
Backend CI	Type check with MyPy	2026-03-17T02:36:49.1154385Z app/agents/tools/invoice_tools.py:51: error: Item "int" of "list[Invoice] | int" has no attribute "id"  [union-attr]
Backend CI	Type check with MyPy	2026-03-17T02:36:49.1155464Z app/agents/tools/invoice_tools.py:52: error: Item "list[Invoice]" of "list[Invoice] | int" has no attribute "invoice_number"  [union-attr]
Backend CI	Type check with MyPy	2026-03-17T02:36:49.1156477Z app/agents/tools/invoice_tools.py:52: error: Item "int" of "list[Invoice] | int" has no attribute "invoice_number"  [union-attr]
Backend CI	Type check with MyPy	2026-03-17T02:36:49.1157458Z app/agents/tools/invoice_tools.py:53: error: Item "list[Invoice]" of "list[Invoice] | int" has no attribute "status"  [union-attr]
Backend CI	Type check with MyPy	2026-03-17T02:36:49.1158422Z app/agents/tools/invoice_tools.py:53: error: Item "int" of "list[Invoice] | int" has no attribute "status"  [union-attr]
Backend CI	Type check with MyPy	2026-03-17T02:36:49.1159357Z app/agents/tools/invoice_tools.py:54: error: Item "list[Invoice]" of "list[Invoice] | int" has no attribute "total"  [union-attr]
Backend CI	Type check with MyPy	2026-03-17T02:36:49.1160296Z app/agents/tools/invoice_tools.py:54: error: Item "int" of "list[Invoice] | int" has no attribute "total"  [union-attr]
Backend CI	Type check with MyPy	2026-03-17T02:36:49.1161252Z app/agents/tools/invoice_tools.py:56: error: Item "list[Invoice]" of "list[Invoice] | int" has no attribute "created_at"  [union-attr]
Backend CI	Type check with MyPy	2026-03-17T02:36:49.1162224Z app/agents/tools/invoice_tools.py:56: error: Item "int" of "list[Invoice] | int" has no attribute "created_at"  [union-attr]
Backend CI	Type check with MyPy	2026-03-17T02:36:49.1350553Z app/agents/tools/customer_tools.py:26: error: Unexpected keyword argument "limit" for "to_thread"  [call-arg]
Backend CI	Type check with MyPy	2026-03-17T02:36:49.1351638Z /opt/hostedtoolcache/Python/3.12.13/x64/lib/python3.12/site-packages/mypy/typeshed/stdlib/asyncio/threads.pyi:10: note: "to_thread" defined here
Backend CI	Type check with MyPy	2026-03-17T02:36:49.1352908Z app/agents/tools/customer_tools.py:32: error: Item "list[Customer]" of "list[Customer] | int" has no attribute "id"  [union-attr]
Backend CI	Type check with MyPy	2026-03-17T02:36:49.1353835Z app/agents/tools/customer_tools.py:32: error: Item "int" of "list[Customer] | int" has no attribute "id"  [union-attr]
Backend CI	Type check with MyPy	2026-03-17T02:36:49.1354755Z app/agents/tools/customer_tools.py:33: error: Item "list[Customer]" of "list[Customer] | int" has no attribute "display_name"  [union-attr]
Backend CI	Type check with MyPy	2026-03-17T02:36:49.1355715Z app/agents/tools/customer_tools.py:33: error: Item "int" of "list[Customer] | int" has no attribute "display_name"  [union-attr]
Backend CI	Type check with MyPy	2026-03-17T02:36:49.1356647Z app/agents/tools/customer_tools.py:34: error: Item "list[Customer]" of "list[Customer] | int" has no attribute "email"  [union-attr]
Backend CI	Type check with MyPy	2026-03-17T02:36:49.1357568Z app/agents/tools/customer_tools.py:34: error: Item "int" of "list[Customer] | int" has no attribute "email"  [union-attr]
Backend CI	Type check with MyPy	2026-03-17T02:36:49.1358505Z app/agents/tools/customer_tools.py:35: error: Item "list[Customer]" of "list[Customer] | int" has no attribute "total_orders"  [union-attr]
Backend CI	Type check with MyPy	2026-03-17T02:36:49.1359447Z app/agents/tools/customer_tools.py:35: error: Item "int" of "list[Customer] | int" has no attribute "total_orders"  [union-attr]
Backend CI	Type check with MyPy	2026-03-17T02:36:49.1360635Z app/agents/tools/customer_tools.py:36: error: Item "list[Customer]" of "list[Customer] | int" has no attribute "total_spent"  [union-attr]
Backend CI	Type check with MyPy	2026-03-17T02:36:49.1361716Z app/agents/tools/customer_tools.py:36: error: Item "int" of "list[Customer] | int" has no attribute "total_spent"  [union-attr]
Backend CI	Type check with MyPy	2026-03-17T02:36:49.1984585Z app/tests/test_proforma_revision_service.py:23: error: Module has no attribute "ProformaInvoiceRevision"; maybe "ProformaRevision" or "ProformaInvoice"?  [attr-defined]
Backend CI	Type check with MyPy	2026-03-17T02:36:49.2341383Z app/api/xero.py:99: error: Argument "items" to "XeroSyncLogListResponse" has incompatible type "list[XeroSyncLog]"; expected "list[XeroSyncLogResponse]"  [arg-type]
Backend CI	Type check with MyPy	2026-03-17T02:36:49.2343551Z app/api/xero.py:99: note: "list" is invariant -- see https://mypy.readthedocs.io/en/stable/common_issues.html#variance
Backend CI	Type check with MyPy	2026-03-17T02:36:49.2344726Z app/api/xero.py:99: note: Consider using "Sequence" instead, which is covariant
Backend CI	Type check with MyPy	2026-03-17T02:36:49.2390630Z app/api/woocommerce.py:99: error: Argument "items" to "WooSyncMapListResponse" has incompatible type "list[WooSyncMap]"; expected "list[WooSyncMapResponse]"  [arg-type]
Backend CI	Type check with MyPy	2026-03-17T02:36:49.2392533Z app/api/woocommerce.py:99: note: "list" is invariant -- see https://mypy.readthedocs.io/en/stable/common_issues.html#variance
Backend CI	Type check with MyPy	2026-03-17T02:36:49.2394006Z app/api/woocommerce.py:99: note: Consider using "Sequence" instead, which is covariant
Backend CI	Type check with MyPy	2026-03-17T02:36:49.2643772Z app/api/users.py:56: error: Argument "email" to "UserResponseMe" has incompatible type "Column[str]"; expected "str"  [arg-type]
Backend CI	Type check with MyPy	2026-03-17T02:36:49.2645430Z app/api/users.py:57: error: Argument "first_name" to "UserResponseMe" has incompatible type "Column[str]"; expected "str | None"  [arg-type]
Backend CI	Type check with MyPy	2026-03-17T02:36:49.2647047Z app/api/users.py:58: error: Argument "last_name" to "UserResponseMe" has incompatible type "Column[str]"; expected "str | None"  [arg-type]
Backend CI	Type check with MyPy	2026-03-17T02:36:49.2648693Z app/api/users.py:59: error: Argument "phone" to "UserResponseMe" has incompatible type "Column[str]"; expected "str | None"  [arg-type]
Backend CI	Type check with MyPy	2026-03-17T02:36:49.2650280Z app/api/users.py:60: error: Argument "avatar_url" to "UserResponseMe" has incompatible type "Column[str]"; expected "str | None"  [arg-type]
Backend CI	Type check with MyPy	2026-03-17T02:36:49.2651829Z app/api/users.py:83: error: Argument "email" to "UserResponseMe" has incompatible type "Column[str]"; expected "str"  [arg-type]
Backend CI	Type check with MyPy	2026-03-17T02:36:49.2653630Z app/api/users.py:84: error: Argument "first_name" to "UserResponseMe" has incompatible type "Column[str]"; expected "str | None"  [arg-type]
Backend CI	Type check with MyPy	2026-03-17T02:36:49.2655287Z app/api/users.py:85: error: Argument "last_name" to "UserResponseMe" has incompatible type "Column[str]"; expected "str | None"  [arg-type]
Backend CI	Type check with MyPy	2026-03-17T02:36:49.2656874Z app/api/users.py:86: error: Argument "phone" to "UserResponseMe" has incompatible type "Column[str]"; expected "str | None"  [arg-type]
Backend CI	Type check with MyPy	2026-03-17T02:36:49.2658449Z app/api/users.py:87: error: Argument "avatar_url" to "UserResponseMe" has incompatible type "Column[str]"; expected "str | None"  [arg-type]
Backend CI	Type check with MyPy	2026-03-17T02:36:49.2660124Z app/api/users.py:106: error: Argument 1 to "get_or_create_user_settings" of "AIService" has incompatible type "Column[UUID]"; expected "str"  [arg-type]
Backend CI	Type check with MyPy	2026-03-17T02:36:49.2661697Z app/api/users.py:118: error: Argument 1 to "update_user_settings" of "AIService" has incompatible type "Column[UUID]"; expected "str"  [arg-type]
Backend CI	Type check with MyPy	2026-03-17T02:36:49.2725392Z app/api/two_factor.py:30: error: Argument 1 to "generate_totp_setup" has incompatible type "Column[UUID]"; expected "UUID"  [arg-type]
Backend CI	Type check with MyPy	2026-03-17T02:36:49.2726982Z app/api/two_factor.py:30: error: Argument 2 to "generate_totp_setup" has incompatible type "str"; expected "UUID"  [arg-type]
Backend CI	Type check with MyPy	2026-03-17T02:36:49.2728508Z app/api/two_factor.py:43: error: Argument 1 to "verify_and_enable_totp" has incompatible type "Column[UUID]"; expected "UUID"  [arg-type]
Backend CI	Type check with MyPy	2026-03-17T02:36:49.2730024Z app/api/two_factor.py:43: error: Argument 3 to "verify_and_enable_totp" has incompatible type "str"; expected "UUID"  [arg-type]
Backend CI	Type check with MyPy	2026-03-17T02:36:49.2731814Z app/api/two_factor.py:63: error: Argument 1 to "disable_totp" has incompatible type "Column[UUID]"; expected "UUID"  [arg-type]
Backend CI	Type check with MyPy	2026-03-17T02:36:49.2733522Z app/api/two_factor.py:63: error: Argument 3 to "disable_totp" has incompatible type "str"; expected "UUID"  [arg-type]
Backend CI	Type check with MyPy	2026-03-17T02:36:49.2956009Z app/api/tags.py:49: error: Argument 1 to "list_categories" of "TagService" has incompatible type "str"; expected "UUID"  [arg-type]
Backend CI	Type check with MyPy	2026-03-17T02:36:49.2958257Z app/api/tags.py:51: error: Argument "items" to "TagCategoryListResponse" has incompatible type "list[TagCategory]"; expected "list[TagCategoryResponse]"  [arg-type]
Backend CI	Type check with MyPy	2026-03-17T02:36:49.2960028Z app/api/tags.py:51: note: "list" is invariant -- see https://mypy.readthedocs.io/en/stable/common_issues.html#variance
Backend CI	Type check with MyPy	2026-03-17T02:36:49.2960848Z app/api/tags.py:51: note: Consider using "Sequence" instead, which is covariant
Backend CI	Type check with MyPy	2026-03-17T02:36:49.2961708Z app/api/tags.py:69: error: Argument 1 to "create_category" of "TagService" has incompatible type "str"; expected "UUID"  [arg-type]
Backend CI	Type check with MyPy	2026-03-17T02:36:49.2962959Z app/api/tags.py:138: error: Argument 1 to "list_tags" of "TagService" has incompatible type "str"; expected "UUID"  [arg-type]
Backend CI	Type check with MyPy	2026-03-17T02:36:49.2964073Z app/api/tags.py:141: error: Argument "items" to "TagListResponse" has incompatible type "list[Tag]"; expected "list[TagResponse]"  [arg-type]
Backend CI	Type check with MyPy	2026-03-17T02:36:49.2965120Z app/api/tags.py:141: note: "list" is invariant -- see https://mypy.readthedocs.io/en/stable/common_issues.html#variance
Backend CI	Type check with MyPy	2026-03-17T02:36:49.2965891Z app/api/tags.py:141: note: Consider using "Sequence" instead, which is covariant
Backend CI	Type check with MyPy	2026-03-17T02:36:49.2966676Z app/api/tags.py:159: error: Argument 1 to "create_tag" of "TagService" has incompatible type "str"; expected "UUID"  [arg-type]
Backend CI	Type check with MyPy	2026-03-17T02:36:49.2967837Z app/api/tags.py:256: error: Argument "items" to "ProductTagListResponse" has incompatible type "list[ProductTag]"; expected "list[ProductTagResponse]"  [arg-type]
Backend CI	Type check with MyPy	2026-03-17T02:36:49.2968986Z app/api/tags.py:256: note: "list" is invariant -- see https://mypy.readthedocs.io/en/stable/common_issues.html#variance
Backend CI	Type check with MyPy	2026-03-17T02:36:49.2969680Z app/api/tags.py:256: note: Consider using "Sequence" instead, which is covariant
Backend CI	Type check with MyPy	2026-03-17T02:36:49.3327883Z app/api/stock_takes.py:118: error: Argument "items" to "SessionListResponse" has incompatible type "list[StockTakeSession]"; expected "list[SessionResponse]"  [arg-type]
Backend CI	Type check with MyPy	2026-03-17T02:36:49.3329466Z app/api/stock_takes.py:118: note: "list" is invariant -- see https://mypy.readthedocs.io/en/stable/common_issues.html#variance
Backend CI	Type check with MyPy	2026-03-17T02:36:49.3330469Z app/api/stock_takes.py:118: note: Consider using "Sequence" instead, which is covariant
Backend CI	Type check with MyPy	2026-03-17T02:36:49.3744282Z app/api/signage.py:60: error: Argument "items" to "SignageDisplayGroupListResponse" has incompatible type "list[SignageDisplayGroup]"; expected "list[SignageDisplayGroupResponse]"  [arg-type]
Backend CI	Type check with MyPy	2026-03-17T02:36:49.3745901Z app/api/signage.py:60: note: "list" is invariant -- see https://mypy.readthedocs.io/en/stable/common_issues.html#variance
Backend CI	Type check with MyPy	2026-03-17T02:36:49.3746782Z app/api/signage.py:60: note: Consider using "Sequence" instead, which is covariant
Backend CI	Type check with MyPy	2026-03-17T02:36:49.3748001Z app/api/signage.py:147: error: Argument "items" to "SignageDisplayListResponse" has incompatible type "list[SignageDisplay]"; expected "list[SignageDisplayResponse]"  [arg-type]
Backend CI	Type check with MyPy	2026-03-17T02:36:49.3749371Z app/api/signage.py:147: note: "list" is invariant -- see https://mypy.readthedocs.io/en/stable/common_issues.html#variance
Backend CI	Type check with MyPy	2026-03-17T02:36:49.3750259Z app/api/signage.py:147: note: Consider using "Sequence" instead, which is covariant
Backend CI	Type check with MyPy	2026-03-17T02:36:49.3751444Z app/api/signage.py:240: error: Argument "items" to "SignageContentListResponse" has incompatible type "list[SignageContent]"; expected "list[SignageContentResponse]"  [arg-type]
Backend CI	Type check with MyPy	2026-03-17T02:36:49.3752853Z app/api/signage.py:240: note: "list" is invariant -- see https://mypy.readthedocs.io/en/stable/common_issues.html#variance
Backend CI	Type check with MyPy	2026-03-17T02:36:49.3753911Z app/api/signage.py:240: note: Consider using "Sequence" instead, which is covariant
Backend CI	Type check with MyPy	2026-03-17T02:36:49.3755068Z app/api/signage.py:334: error: Argument "items" to "SignagePlaylistListResponse" has incompatible type "list[SignagePlaylist]"; expected "list[SignagePlaylistResponse]"  [arg-type]
Backend CI	Type check with MyPy	2026-03-17T02:36:49.3756295Z app/api/signage.py:334: note: "list" is invariant -- see https://mypy.readthedocs.io/en/stable/common_issues.html#variance
Backend CI	Type check with MyPy	2026-03-17T02:36:49.3757050Z app/api/signage.py:334: note: Consider using "Sequence" instead, which is covariant
Backend CI	Type check with MyPy	2026-03-17T02:36:49.3758138Z app/api/signage.py:415: error: Argument "items" to "SignagePlaylistItemListResponse" has incompatible type "list[SignagePlaylistItem]"; expected "list[SignagePlaylistItemResponse]"  [arg-type]
Backend CI	Type check with MyPy	2026-03-17T02:36:49.3759370Z app/api/signage.py:415: note: "list" is invariant -- see https://mypy.readthedocs.io/en/stable/common_issues.html#variance
Backend CI	Type check with MyPy	2026-03-17T02:36:49.3760122Z app/api/signage.py:415: note: Consider using "Sequence" instead, which is covariant
Backend CI	Type check with MyPy	2026-03-17T02:36:49.4078672Z app/api/shifts.py:40: error: Argument "shift_date" to "ShiftResponse" has incompatible type "Column[date]"; expected "date"  [arg-type]
Backend CI	Type check with MyPy	2026-03-17T02:36:49.4080314Z app/api/shifts.py:41: error: Argument "start_time" to "ShiftResponse" has incompatible type "Column[time]"; expected "time"  [arg-type]
Backend CI	Type check with MyPy	2026-03-17T02:36:49.4081657Z app/api/shifts.py:42: error: Argument "end_time" to "ShiftResponse" has incompatible type "Column[time]"; expected "time"  [arg-type]
Backend CI	Type check with MyPy	2026-03-17T02:36:49.4083355Z app/api/shifts.py:43: error: Argument "break_minutes" to "ShiftResponse" has incompatible type "Column[int] | int"; expected "int"  [arg-type]
Backend CI	Type check with MyPy	2026-03-17T02:36:49.4084767Z app/api/shifts.py:44: error: Argument "role" to "ShiftResponse" has incompatible type "Column[str]"; expected "str | None"  [arg-type]
Backend CI	Type check with MyPy	2026-03-17T02:36:49.4086114Z app/api/shifts.py:45: error: Argument "notes" to "ShiftResponse" has incompatible type "Column[str]"; expected "str | None"  [arg-type]
Backend CI	Type check with MyPy	2026-03-17T02:36:49.4087473Z app/api/shifts.py:46: error: Argument "status" to "ShiftResponse" has incompatible type "Column[Any]"; expected "ShiftStatus"  [arg-type]
Backend CI	Type check with MyPy	2026-03-17T02:36:49.4088924Z app/api/shifts.py:47: error: Argument "actual_start" to "ShiftResponse" has incompatible type "Column[datetime]"; expected "datetime | None"  [arg-type]
Backend CI	Type check with MyPy	2026-03-17T02:36:49.4090432Z app/api/shifts.py:48: error: Argument "actual_end" to "ShiftResponse" has incompatible type "Column[datetime]"; expected "datetime | None"  [arg-type]
Backend CI	Type check with MyPy	2026-03-17T02:36:49.4091561Z app/api/shifts.py:49: error: Argument "created_at" to "ShiftResponse" has incompatible type "Column[datetime]"; expected "datetime"  [arg-type]
Backend CI	Type check with MyPy	2026-03-17T02:36:49.4092565Z app/api/shifts.py:50: error: Argument "updated_at" to "ShiftResponse" has incompatible type "Column[datetime]"; expected "datetime"  [arg-type]
Backend CI	Type check with MyPy	2026-03-17T02:36:49.4093713Z app/api/shifts.py:64: error: Argument "leave_type" to "LeaveRequestResponse" has incompatible type "Column[Any]"; expected "LeaveType"  [arg-type]
Backend CI	Type check with MyPy	2026-03-17T02:36:49.4094754Z app/api/shifts.py:65: error: Argument "start_date" to "LeaveRequestResponse" has incompatible type "Column[date]"; expected "date"  [arg-type]
Backend CI	Type check with MyPy	2026-03-17T02:36:49.4095753Z app/api/shifts.py:66: error: Argument "end_date" to "LeaveRequestResponse" has incompatible type "Column[date]"; expected "date"  [arg-type]
Backend CI	Type check with MyPy	2026-03-17T02:36:49.4096767Z app/api/shifts.py:67: error: Argument "reason" to "LeaveRequestResponse" has incompatible type "Column[str]"; expected "str | None"  [arg-type]
Backend CI	Type check with MyPy	2026-03-17T02:36:49.4097798Z app/api/shifts.py:68: error: Argument "status" to "LeaveRequestResponse" has incompatible type "Column[Any]"; expected "LeaveStatus"  [arg-type]
Backend CI	Type check with MyPy	2026-03-17T02:36:49.4098858Z app/api/shifts.py:70: error: Argument "created_at" to "LeaveRequestResponse" has incompatible type "Column[datetime]"; expected "datetime"  [arg-type]
Backend CI	Type check with MyPy	2026-03-17T02:36:49.4099922Z app/api/shifts.py:71: error: Argument "updated_at" to "LeaveRequestResponse" has incompatible type "Column[datetime]"; expected "datetime"  [arg-type]
Backend CI	Type check with MyPy	2026-03-17T02:36:49.4239106Z app/api/sessions.py:56: error: Argument "device_name" to "SessionResponse" has incompatible type "Column[str]"; expected "str | None"  [arg-type]
Backend CI	Type check with MyPy	2026-03-17T02:36:49.4240673Z app/api/sessions.py:57: error: Argument "device_type" to "SessionResponse" has incompatible type "Column[str]"; expected "str | None"  [arg-type]
Backend CI	Type check with MyPy	2026-03-17T02:36:49.4241786Z app/api/sessions.py:58: error: Argument "ip_address" to "SessionResponse" has incompatible type "Column[str]"; expected "str | None"  [arg-type]
Backend CI	Type check with MyPy	2026-03-17T02:36:49.4243114Z app/api/sessions.py:59: error: Argument "location" to "SessionResponse" has incompatible type "Column[str]"; expected "str | None"  [arg-type]
Backend CI	Type check with MyPy	2026-03-17T02:36:49.4244186Z app/api/sessions.py:60: error: Argument "is_current" to "SessionResponse" has incompatible type "Column[bool]"; expected "bool"  [arg-type]
Backend CI	Type check with MyPy	2026-03-17T02:36:49.4245272Z app/api/sessions.py:61: error: Argument "created_at" to "SessionResponse" has incompatible type "Column[datetime]"; expected "datetime"  [arg-type]
Backend CI	Type check with MyPy	2026-03-17T02:36:49.4246406Z app/api/sessions.py:62: error: Argument "last_active_at" to "SessionResponse" has incompatible type "Column[datetime]"; expected "datetime"  [arg-type]
Backend CI	Type check with MyPy	2026-03-17T02:36:49.4247557Z app/api/sessions.py:63: error: Argument "expires_at" to "SessionResponse" has incompatible type "Column[datetime]"; expected "datetime"  [arg-type]
Backend CI	Type check with MyPy	2026-03-17T02:36:49.4248667Z app/api/sessions.py:144: error: Incompatible default for argument "request" (default has type "None", argument has type "Request")  [assignment]
Backend CI	Type check with MyPy	2026-03-17T02:36:49.4249737Z app/api/sessions.py:144: note: PEP 484 prohibits implicit Optional. Accordingly, mypy has changed its default to no_implicit_optional=True
Backend CI	Type check with MyPy	2026-03-17T02:36:49.4250757Z app/api/sessions.py:144: note: Use https://github.com/hauntsaninja/no_implicit_optional to automatically upgrade your codebase
Backend CI	Type check with MyPy	2026-03-17T02:36:49.4361857Z app/api/sage.py:212: error: Argument "connection_id" to "save_mapping" of "SageService" has incompatible type "Column[UUID]"; expected "UUID"  [arg-type]
Backend CI	Type check with MyPy	2026-03-17T02:36:49.6335183Z app/api/reports.py:165: error: Incompatible types in assignment (expression has type "float", variable has type "int")  [assignment]
Backend CI	Type check with MyPy	2026-03-17T02:36:49.6336882Z app/api/reports.py:169: error: Incompatible types in assignment (expression has type "Any | float", variable has type "int")  [assignment]
Backend CI	Type check with MyPy	2026-03-17T02:36:49.6338369Z app/api/reports.py:893: error: Need type annotation for "user_ips" (hint: "user_ips: dict[<type>, <type>] = ...")  [var-annotated]
Backend CI	Type check with MyPy	2026-03-17T02:36:49.6339898Z app/api/reports.py:990: error: Argument 1 to "get_daily_report" of "SalesReportService" has incompatible type "str"; expected "UUID"  [arg-type]
Backend CI	Type check with MyPy	2026-03-17T02:36:49.6341570Z app/api/reports.py:1016: error: Argument 1 to "get_weekly_report" of "SalesReportService" has incompatible type "str"; expected "UUID"  [arg-type]
Backend CI	Type check with MyPy	2026-03-17T02:36:49.6343508Z app/api/reports.py:1035: error: Argument 1 to "get_monthly_report" of "SalesReportService" has incompatible type "str"; expected "UUID"  [arg-type]
Backend CI	Type check with MyPy	2026-03-17T02:36:49.6345306Z app/api/reports.py:1060: error: Argument 1 to "get_product_performance" of "SalesReportService" has incompatible type "str"; expected "UUID"  [arg-type]
Backend CI	Type check with MyPy	2026-03-17T02:36:49.6347108Z app/api/reports.py:1084: error: Argument 1 to "get_category_performance" of "SalesReportService" has incompatible type "str"; expected "UUID"  [arg-type]
Backend CI	Type check with MyPy	2026-03-17T02:36:49.6348886Z app/api/reports.py:1109: error: Argument 1 to "get_payment_breakdown" of "SalesReportService" has incompatible type "str"; expected "UUID"  [arg-type]
Backend CI	Type check with MyPy	2026-03-17T02:36:49.6350609Z app/api/reports.py:1138: error: Argument 1 to "get_time_analysis" of "SalesReportService" has incompatible type "str"; expected "UUID"  [arg-type]
Backend CI	Type check with MyPy	2026-03-17T02:36:49.6352367Z app/api/reports.py:1162: error: Argument 1 to "get_discount_analysis" of "SalesReportService" has incompatible type "str"; expected "UUID"  [arg-type]
Backend CI	Type check with MyPy	2026-03-17T02:36:49.6354759Z app/api/reports.py:1186: error: Argument 1 to "get_refund_analysis" of "SalesReportService" has incompatible type "str"; expected "UUID"  [arg-type]
Backend CI	Type check with MyPy	2026-03-17T02:36:49.6356719Z app/api/reports.py:1220: error: Argument 1 to "get_product_performance" of "SalesReportService" has incompatible type "str"; expected "UUID"  [arg-type]
Backend CI	Type check with MyPy	2026-03-17T02:36:49.6358527Z app/api/reports.py:1228: error: Argument 1 to "get_category_performance" of "SalesReportService" has incompatible type "str"; expected "UUID"  [arg-type]
Backend CI	Type check with MyPy	2026-03-17T02:36:49.6360303Z app/api/reports.py:1236: error: Argument 1 to "get_payment_breakdown" of "SalesReportService" has incompatible type "str"; expected "UUID"  [arg-type]
Backend CI	Type check with MyPy	2026-03-17T02:36:49.6362053Z app/api/reports.py:1244: error: Argument 1 to "get_discount_analysis" of "SalesReportService" has incompatible type "str"; expected "UUID"  [arg-type]
Backend CI	Type check with MyPy	2026-03-17T02:36:49.6363958Z app/api/reports.py:1252: error: Argument 1 to "get_refund_analysis" of "SalesReportService" has incompatible type "str"; expected "UUID"  [arg-type]
Backend CI	Type check with MyPy	2026-03-17T02:36:49.6365754Z app/api/reports.py:1333: error: Argument 1 to "get_product_performance" of "SalesReportService" has incompatible type "str"; expected "UUID"  [arg-type]
Backend CI	Type check with MyPy	2026-03-17T02:36:49.6367561Z app/api/reports.py:1342: error: Argument 1 to "get_category_performance" of "SalesReportService" has incompatible type "str"; expected "UUID"  [arg-type]
Backend CI	Type check with MyPy	2026-03-17T02:36:49.6369327Z app/api/reports.py:1351: error: Argument 1 to "get_payment_breakdown" of "SalesReportService" has incompatible type "str"; expected "UUID"  [arg-type]
Backend CI	Type check with MyPy	2026-03-17T02:36:49.6371079Z app/api/reports.py:1360: error: Argument 1 to "get_discount_analysis" of "SalesReportService" has incompatible type "str"; expected "UUID"  [arg-type]
Backend CI	Type check with MyPy	2026-03-17T02:36:49.6372967Z app/api/reports.py:1369: error: Argument 1 to "get_refund_analysis" of "SalesReportService" has incompatible type "str"; expected "UUID"  [arg-type]
Backend CI	Type check with MyPy	2026-03-17T02:36:49.6374700Z app/api/reports.py:1417: error: Argument 1 to "get_performance_report" of "StaffReportService" has incompatible type "str"; expected "UUID"  [arg-type]
Backend CI	Type check with MyPy	2026-03-17T02:36:49.6376373Z app/api/reports.py:1442: error: Argument 1 to "get_attendance_report" of "StaffReportService" has incompatible type "str"; expected "UUID"  [arg-type]
Backend CI	Type check with MyPy	2026-03-17T02:36:49.6377955Z app/api/reports.py:1466: error: Argument 1 to "get_department_performance" of "StaffReportService" has incompatible type "str"; expected "UUID"  [arg-type]
Backend CI	Type check with MyPy	2026-03-17T02:36:49.6379730Z app/api/reports.py:1490: error: Argument 1 to "get_productivity_report" of "StaffReportService" has incompatible type "str"; expected "UUID"  [arg-type]
Backend CI	Type check with MyPy	2026-03-17T02:36:49.6381433Z app/api/reports.py:1515: error: Argument 1 to "get_commission_report" of "StaffReportService" has incompatible type "str"; expected "UUID"  [arg-type]
Backend CI	Type check with MyPy	2026-03-17T02:36:49.6383352Z app/api/reports.py:1545: error: Argument 1 to "get_activity_log" of "StaffReportService" has incompatible type "str"; expected "UUID"  [arg-type]
Backend CI	Type check with MyPy	2026-03-17T02:36:49.6385097Z app/api/reports.py:1578: error: Argument 1 to "get_cash_drawer_report" of "StaffReportService" has incompatible type "str"; expected "UUID"  [arg-type]
Backend CI	Type check with MyPy	2026-03-17T02:36:49.6386908Z app/api/reports.py:1622: error: Argument 1 to "get_performance_report" of "StaffReportService" has incompatible type "str"; expected "UUID"  [arg-type]
Backend CI	Type check with MyPy	2026-03-17T02:36:49.6388594Z app/api/reports.py:1627: error: Argument 1 to "get_attendance_report" of "StaffReportService" has incompatible type "str"; expected "UUID"  [arg-type]
Backend CI	Type check with MyPy	2026-03-17T02:36:49.6390220Z app/api/reports.py:1632: error: Argument 1 to "get_commission_report" of "StaffReportService" has incompatible type "str"; expected "UUID"  [arg-type]
Backend CI	Type check with MyPy	2026-03-17T02:36:49.6391890Z app/api/reports.py:1637: error: Argument 1 to "get_void_refund_report" of "StaffReportService" has incompatible type "str"; expected "UUID"  [arg-type]
Backend CI	Type check with MyPy	2026-03-17T02:36:49.6393892Z app/api/reports.py:1642: error: Argument 1 to "get_discount_report" of "StaffReportService" has incompatible type "str"; expected "UUID"  [arg-type]
Backend CI	Type check with MyPy	2026-03-17T02:36:49.6395990Z app/api/reports.py:1696: error: Argument 1 to "get_performance_report" of "StaffReportService" has incompatible type "str"; expected "UUID"  [arg-type]
Backend CI	Type check with MyPy	2026-03-17T02:36:49.6398084Z app/api/reports.py:1700: error: Argument 1 to "get_attendance_report" of "StaffReportService" has incompatible type "str"; expected "UUID"  [arg-type]
Backend CI	Type check with MyPy	2026-03-17T02:36:49.6400030Z app/api/reports.py:1704: error: Argument 1 to "get_commission_report" of "StaffReportService" has incompatible type "str"; expected "UUID"  [arg-type]
Backend CI	Type check with MyPy	2026-03-17T02:36:49.6401834Z app/api/reports.py:1708: error: Argument 1 to "get_void_refund_report" of "StaffReportService" has incompatible type "str"; expected "UUID"  [arg-type]
Backend CI	Type check with MyPy	2026-03-17T02:36:49.6403830Z app/api/reports.py:1712: error: Argument 1 to "get_discount_report" of "StaffReportService" has incompatible type "str"; expected "UUID"  [arg-type]
Backend CI	Type check with MyPy	2026-03-17T02:36:49.6405614Z app/api/reports.py:1776: error: Argument 1 to "get_performance_report" of "StaffReportService" has incompatible type "str"; expected "UUID"  [arg-type]
Backend CI	Type check with MyPy	2026-03-17T02:36:49.6407429Z app/api/reports.py:1780: error: Argument 1 to "get_attendance_report" of "StaffReportService" has incompatible type "str"; expected "UUID"  [arg-type]
Backend CI	Type check with MyPy	2026-03-17T02:36:49.6409207Z app/api/reports.py:1784: error: Argument 1 to "get_commission_report" of "StaffReportService" has incompatible type "str"; expected "UUID"  [arg-type]
Backend CI	Type check with MyPy	2026-03-17T02:36:49.6411022Z app/api/reports.py:1788: error: Argument 1 to "get_void_refund_report" of "StaffReportService" has incompatible type "str"; expected "UUID"  [arg-type]
Backend CI	Type check with MyPy	2026-03-17T02:36:49.6413063Z app/api/reports.py:1792: error: Argument 1 to "get_discount_report" of "StaffReportService" has incompatible type "str"; expected "UUID"  [arg-type]
Backend CI	Type check with MyPy	2026-03-17T02:36:49.6414438Z app/api/reports.py:1798: error: Too many arguments for "build_simple_pdf"  [call-arg]
Backend CI	Type check with MyPy	2026-03-17T02:36:49.6415658Z app/api/reports.py:1798: error: Argument 1 to "build_simple_pdf" has incompatible type "str"; expected "list[str]"  [arg-type]
Backend CI	Type check with MyPy	2026-03-17T02:36:49.6417304Z app/api/reports.py:1832: error: Argument 1 to "get_void_refund_report" of "StaffReportService" has incompatible type "str"; expected "UUID"  [arg-type]
Backend CI	Type check with MyPy	2026-03-17T02:36:49.6419126Z app/api/reports.py:1857: error: Argument 1 to "get_discount_report" of "StaffReportService" has incompatible type "str"; expected "UUID"  [arg-type]
Backend CI	Type check with MyPy	2026-03-17T02:36:49.6420915Z app/api/reports.py:1873: error: Argument 1 to "get_commission_report" of "StaffReportService" has incompatible type "str"; expected "UUID"  [arg-type]
Backend CI	Type check with MyPy	2026-03-17T02:36:49.6423033Z app/api/reports.py:1877: error: Argument "business_id" to "generate_records" of "CommissionService" has incompatible type "str"; expected "UUID"  [arg-type]
Backend CI	Type check with MyPy	2026-03-17T02:36:49.6424871Z app/api/reports.py:1883: error: Argument 1 to "list_records" of "CommissionService" has incompatible type "str"; expected "UUID"  [arg-type]
Backend CI	Type check with MyPy	2026-03-17T02:36:49.6426774Z app/api/reports.py:1887: error: Argument "items" to "CommissionListResponse" has incompatible type "list[dict[Any, Any]]"; expected "list[CommissionRecordResponse]"  [arg-type]
Backend CI	Type check with MyPy	2026-03-17T02:36:49.6428726Z app/api/reports.py:1904: error: Argument 1 to "list_records" of "CommissionService" has incompatible type "str"; expected "UUID"  [arg-type]
Backend CI	Type check with MyPy	2026-03-17T02:36:49.6430575Z app/api/reports.py:1909: error: Argument "items" to "CommissionListResponse" has incompatible type "list[dict[Any, Any]]"; expected "list[CommissionRecordResponse]"  [arg-type]
Backend CI	Type check with MyPy	2026-03-17T02:36:49.6432436Z app/api/reports.py:1925: error: Argument 1 to "approve_records" of "CommissionService" has incompatible type "str"; expected "UUID"  [arg-type]
Backend CI	Type check with MyPy	2026-03-17T02:36:49.6434502Z app/api/reports.py:1925: error: Argument 3 to "approve_records" of "CommissionService" has incompatible type "Column[UUID]"; expected "UUID"  [arg-type]
Backend CI	Type check with MyPy	2026-03-17T02:36:49.6436257Z app/api/reports.py:1929: error: Argument 1 to "reject_records" of "CommissionService" has incompatible type "str"; expected "UUID"  [arg-type]
Backend CI	Type check with MyPy	2026-03-17T02:36:49.6438439Z app/api/reports.py:1929: error: Argument 3 to "reject_records" of "CommissionService" has incompatible type "Column[UUID]"; expected "UUID"  [arg-type]
Backend CI	Type check with MyPy	2026-03-17T02:36:49.6440586Z app/api/reports.py:1950: error: Argument 1 to "get_payroll_export" of "CommissionService" has incompatible type "str"; expected "UUID"  [arg-type]
Backend CI	Type check with MyPy	2026-03-17T02:36:49.6442380Z app/api/reports.py:1966: error: Argument 1 to "execute_report" of "CustomReportService" has incompatible type "str"; expected "UUID"  [arg-type]
Backend CI	Type check with MyPy	2026-03-17T02:36:49.6444473Z app/api/reports.py:1981: error: Argument "business_id" to "create_template" of "CustomReportService" has incompatible type "str"; expected "UUID"  [arg-type]
Backend CI	Type check with MyPy	2026-03-17T02:36:49.6446413Z app/api/reports.py:1981: error: Argument "user_id" to "create_template" of "CustomReportService" has incompatible type "Column[UUID]"; expected "UUID"  [arg-type]
Backend CI	Type check with MyPy	2026-03-17T02:36:49.6448221Z app/api/reports.py:1992: error: Argument "id" to "ReportTemplateResponse" has incompatible type "Column[UUID]"; expected "UUID"  [arg-type]
Backend CI	Type check with MyPy	2026-03-17T02:36:49.6449914Z app/api/reports.py:1992: error: Argument "name" to "ReportTemplateResponse" has incompatible type "Column[str]"; expected "str"  [arg-type]
Backend CI	Type check with MyPy	2026-03-17T02:36:49.6451740Z app/api/reports.py:1992: error: Argument "description" to "ReportTemplateResponse" has incompatible type "Column[str]"; expected "str | None"  [arg-type]
Backend CI	Type check with MyPy	2026-03-17T02:36:49.6453955Z app/api/reports.py:1993: error: Argument "report_type" to "ReportTemplateResponse" has incompatible type "Column[str]"; expected "str"  [arg-type]
Backend CI	Type check with MyPy	2026-03-17T02:36:49.6455785Z app/api/reports.py:1993: error: Argument "metrics" to "ReportTemplateResponse" has incompatible type "Column[Any]"; expected "list[str]"  [arg-type]
Backend CI	Type check with MyPy	2026-03-17T02:36:49.6457663Z app/api/reports.py:1994: error: Argument "filters" to "ReportTemplateResponse" has incompatible type "Column[Any]"; expected "dict[str, Any]"  [arg-type]
Backend CI	Type check with MyPy	2026-03-17T02:36:49.6459531Z app/api/reports.py:1994: error: Argument "group_by" to "ReportTemplateResponse" has incompatible type "Column[Any]"; expected "list[str]"  [arg-type]
Backend CI	Type check with MyPy	2026-03-17T02:36:49.6461394Z app/api/reports.py:1995: error: Argument "sort_by" to "ReportTemplateResponse" has incompatible type "Column[str]"; expected "str | None"  [arg-type]
Backend CI	Type check with MyPy	2026-03-17T02:36:49.6463535Z app/api/reports.py:1995: error: Argument "sort_direction" to "ReportTemplateResponse" has incompatible type "Column[str]"; expected "str | None"  [arg-type]
Backend CI	Type check with MyPy	2026-03-17T02:36:49.6465462Z app/api/reports.py:1996: error: Argument "is_scheduled" to "ReportTemplateResponse" has incompatible type "Column[bool]"; expected "bool"  [arg-type]
Backend CI	Type check with MyPy	2026-03-17T02:36:49.6467454Z app/api/reports.py:1996: error: Argument "schedule_cron" to "ReportTemplateResponse" has incompatible type "Column[str]"; expected "str | None"  [arg-type]
Backend CI	Type check with MyPy	2026-03-17T02:36:49.6469492Z app/api/reports.py:1997: error: Argument "schedule_recipients" to "ReportTemplateResponse" has incompatible type "Column[Any]"; expected "list[str] | None"  [arg-type]
Backend CI	Type check with MyPy	2026-03-17T02:36:49.6471470Z app/api/reports.py:1998: error: Argument "is_public" to "ReportTemplateResponse" has incompatible type "Column[bool]"; expected "bool"  [arg-type]
Backend CI	Type check with MyPy	2026-03-17T02:36:49.6473614Z app/api/reports.py:1999: error: Argument "created_at" to "ReportTemplateResponse" has incompatible type "Column[datetime]"; expected "datetime"  [arg-type]
Backend CI	Type check with MyPy	2026-03-17T02:36:49.6475455Z app/api/reports.py:2014: error: Argument 1 to "list_templates" of "CustomReportService" has incompatible type "str"; expected "UUID"  [arg-type]
Backend CI	Type check with MyPy	2026-03-17T02:36:49.6477302Z app/api/reports.py:2014: error: Argument "user_id" to "list_templates" of "CustomReportService" has incompatible type "Column[UUID]"; expected "UUID | None"  [arg-type]
Backend CI	Type check with MyPy	2026-03-17T02:36:49.6479439Z app/api/reports.py:2016: error: Argument "items" to "ReportTemplateListResponse" has incompatible type "list[dict[Any, Any]]"; expected "list[ReportTemplateResponse]"  [arg-type]
Backend CI	Type check with MyPy	2026-03-17T02:36:49.6481681Z app/api/reports.py:2028: error: Argument 1 to "get_template" of "CustomReportService" has incompatible type "str"; expected "UUID"  [arg-type]
Backend CI	Type check with MyPy	2026-03-17T02:36:49.6483854Z app/api/reports.py:2028: error: Argument 2 to "get_template" of "CustomReportService" has incompatible type "str"; expected "UUID"  [arg-type]
Backend CI	Type check with MyPy	2026-03-17T02:36:49.6485530Z app/api/reports.py:2035: error: Argument "id" to "ReportTemplateResponse" has incompatible type "Column[UUID]"; expected "UUID"  [arg-type]
Backend CI	Type check with MyPy	2026-03-17T02:36:49.6487241Z app/api/reports.py:2035: error: Argument "name" to "ReportTemplateResponse" has incompatible type "Column[str]"; expected "str"  [arg-type]
Backend CI	Type check with MyPy	2026-03-17T02:36:49.6489073Z app/api/reports.py:2035: error: Argument "description" to "ReportTemplateResponse" has incompatible type "Column[str]"; expected "str | None"  [arg-type]
Backend CI	Type check with MyPy	2026-03-17T02:36:49.6490920Z app/api/reports.py:2036: error: Argument "report_type" to "ReportTemplateResponse" has incompatible type "Column[str]"; expected "str"  [arg-type]
Backend CI	Type check with MyPy	2026-03-17T02:36:49.6493023Z app/api/reports.py:2036: error: Argument "metrics" to "ReportTemplateResponse" has incompatible type "Column[Any]"; expected "list[str]"  [arg-type]
Backend CI	Type check with MyPy	2026-03-17T02:36:49.6494915Z app/api/reports.py:2037: error: Argument "filters" to "ReportTemplateResponse" has incompatible type "Column[Any]"; expected "dict[str, Any]"  [arg-type]
Backend CI	Type check with MyPy	2026-03-17T02:36:49.6496796Z app/api/reports.py:2037: error: Argument "group_by" to "ReportTemplateResponse" has incompatible type "Column[Any]"; expected "list[str]"  [arg-type]
Backend CI	Type check with MyPy	2026-03-17T02:36:49.6498642Z app/api/reports.py:2038: error: Argument "sort_by" to "ReportTemplateResponse" has incompatible type "Column[str]"; expected "str | None"  [arg-type]
Backend CI	Type check with MyPy	2026-03-17T02:36:49.6500603Z app/api/reports.py:2038: error: Argument "sort_direction" to "ReportTemplateResponse" has incompatible type "Column[str]"; expected "str | None"  [arg-type]
Backend CI	Type check with MyPy	2026-03-17T02:36:49.6502450Z app/api/reports.py:2039: error: Argument "is_scheduled" to "ReportTemplateResponse" has incompatible type "Column[bool]"; expected "bool"  [arg-type]
Backend CI	Type check with MyPy	2026-03-17T02:36:49.6504563Z app/api/reports.py:2039: error: Argument "schedule_cron" to "ReportTemplateResponse" has incompatible type "Column[str]"; expected "str | None"  [arg-type]
Backend CI	Type check with MyPy	2026-03-17T02:36:49.6506562Z app/api/reports.py:2040: error: Argument "schedule_recipients" to "ReportTemplateResponse" has incompatible type "Column[Any]"; expected "list[str] | None"  [arg-type]
Backend CI	Type check with MyPy	2026-03-17T02:36:49.6508526Z app/api/reports.py:2041: error: Argument "is_public" to "ReportTemplateResponse" has incompatible type "Column[bool]"; expected "bool"  [arg-type]
Backend CI	Type check with MyPy	2026-03-17T02:36:49.6510399Z app/api/reports.py:2042: error: Argument "created_at" to "ReportTemplateResponse" has incompatible type "Column[datetime]"; expected "datetime"  [arg-type]
Backend CI	Type check with MyPy	2026-03-17T02:36:49.6512219Z app/api/reports.py:2056: error: Argument 1 to "get_template" of "CustomReportService" has incompatible type "str"; expected "UUID"  [arg-type]
Backend CI	Type check with MyPy	2026-03-17T02:36:49.6514163Z app/api/reports.py:2056: error: Argument 2 to "get_template" of "CustomReportService" has incompatible type "str"; expected "UUID"  [arg-type]
Backend CI	Type check with MyPy	2026-03-17T02:36:49.6515896Z app/api/reports.py:2065: error: Argument "id" to "ReportTemplateResponse" has incompatible type "Column[UUID]"; expected "UUID"  [arg-type]
Backend CI	Type check with MyPy	2026-03-17T02:36:49.6517631Z app/api/reports.py:2065: error: Argument "name" to "ReportTemplateResponse" has incompatible type "Column[str]"; expected "str"  [arg-type]
Backend CI	Type check with MyPy	2026-03-17T02:36:49.6519460Z app/api/reports.py:2065: error: Argument "description" to "ReportTemplateResponse" has incompatible type "Column[str]"; expected "str | None"  [arg-type]
Backend CI	Type check with MyPy	2026-03-17T02:36:49.6521333Z app/api/reports.py:2066: error: Argument "report_type" to "ReportTemplateResponse" has incompatible type "Column[str]"; expected "str"  [arg-type]
Backend CI	Type check with MyPy	2026-03-17T02:36:49.6523409Z app/api/reports.py:2066: error: Argument "metrics" to "ReportTemplateResponse" has incompatible type "Column[Any]"; expected "list[str]"  [arg-type]
Backend CI	Type check with MyPy	2026-03-17T02:36:49.6525578Z app/api/reports.py:2067: error: Argument "filters" to "ReportTemplateResponse" has incompatible type "Column[Any]"; expected "dict[str, Any]"  [arg-type]
Backend CI	Type check with MyPy	2026-03-17T02:36:49.6527719Z app/api/reports.py:2067: error: Argument "group_by" to "ReportTemplateResponse" has incompatible type "Column[Any]"; expected "list[str]"  [arg-type]
Backend CI	Type check with MyPy	2026-03-17T02:36:49.6529601Z app/api/reports.py:2068: error: Argument "sort_by" to "ReportTemplateResponse" has incompatible type "Column[str]"; expected "str | None"  [arg-type]
Backend CI	Type check with MyPy	2026-03-17T02:36:49.6531505Z app/api/reports.py:2068: error: Argument "sort_direction" to "ReportTemplateResponse" has incompatible type "Column[str]"; expected "str | None"  [arg-type]
Backend CI	Type check with MyPy	2026-03-17T02:36:49.6533783Z app/api/reports.py:2069: error: Argument "is_scheduled" to "ReportTemplateResponse" has incompatible type "Column[bool]"; expected "bool"  [arg-type]
Backend CI	Type check with MyPy	2026-03-17T02:36:49.6535067Z app/api/reports.py:2069: error: Argument "schedule_cron" to "ReportTemplateResponse" has incompatible type "Column[str]"; expected "str | None"  [arg-type]
Backend CI	Type check with MyPy	2026-03-17T02:36:49.6536593Z app/api/reports.py:2070: error: Argument "schedule_recipients" to "ReportTemplateResponse" has incompatible type "Column[Any]"; expected "list[str] | None"  [arg-type]
Backend CI	Type check with MyPy	2026-03-17T02:36:49.6537996Z app/api/reports.py:2071: error: Argument "is_public" to "ReportTemplateResponse" has incompatible type "Column[bool]"; expected "bool"  [arg-type]
Backend CI	Type check with MyPy	2026-03-17T02:36:49.6539312Z app/api/reports.py:2072: error: Argument "created_at" to "ReportTemplateResponse" has incompatible type "Column[datetime]"; expected "datetime"  [arg-type]
Backend CI	Type check with MyPy	2026-03-17T02:36:49.6540598Z app/api/reports.py:2085: error: Argument 1 to "get_template" of "CustomReportService" has incompatible type "str"; expected "UUID"  [arg-type]
Backend CI	Type check with MyPy	2026-03-17T02:36:49.6541788Z app/api/reports.py:2085: error: Argument 2 to "get_template" of "CustomReportService" has incompatible type "str"; expected "UUID"  [arg-type]
Backend CI	Type check with MyPy	2026-03-17T02:36:49.6673559Z app/api/quotes.py:251: error: Item "None" of "list[QuoteItemCreate] | None" has no attribute "__iter__" (not iterable)  [union-attr]
Backend CI	Type check with MyPy	2026-03-17T02:36:49.6674834Z app/api/quotes.py:303: error: Incompatible default for argument "data" (default has type "None", argument has type "QuoteApprovalRequest")  [assignment]
Backend CI	Type check with MyPy	2026-03-17T02:36:49.6676099Z app/api/quotes.py:303: note: PEP 484 prohibits implicit Optional. Accordingly, mypy has changed its default to no_implicit_optional=True
Backend CI	Type check with MyPy	2026-03-17T02:36:49.6677223Z app/api/quotes.py:303: note: Use https://github.com/hauntsaninja/no_implicit_optional to automatically upgrade your codebase
Backend CI	Type check with MyPy	2026-03-17T02:36:49.6678375Z app/api/quotes.py:325: error: Incompatible default for argument "data" (default has type "None", argument has type "QuoteRejectionRequest")  [assignment]
Backend CI	Type check with MyPy	2026-03-17T02:36:49.6679610Z app/api/quotes.py:325: note: PEP 484 prohibits implicit Optional. Accordingly, mypy has changed its default to no_implicit_optional=True
Backend CI	Type check with MyPy	2026-03-17T02:36:49.6680722Z app/api/quotes.py:325: note: Use https://github.com/hauntsaninja/no_implicit_optional to automatically upgrade your codebase
Backend CI	Type check with MyPy	2026-03-17T02:36:49.6970527Z app/api/pos_connections.py:130: error: Argument "name" to "POSConnectionResponse" has incompatible type "Column[str]"; expected "str"  [arg-type]
Backend CI	Type check with MyPy	2026-03-17T02:36:49.6972195Z app/api/pos_connections.py:133: error: Argument "sync_enabled" to "POSConnectionResponse" has incompatible type "Column[bool]"; expected "bool"  [arg-type]
Backend CI	Type check with MyPy	2026-03-17T02:36:49.6974187Z app/api/pos_connections.py:134: error: Argument "sync_products" to "POSConnectionResponse" has incompatible type "Column[bool]"; expected "bool"  [arg-type]
Backend CI	Type check with MyPy	2026-03-17T02:36:49.6975950Z app/api/pos_connections.py:135: error: Argument "sync_inventory" to "POSConnectionResponse" has incompatible type "Column[bool]"; expected "bool"  [arg-type]
Backend CI	Type check with MyPy	2026-03-17T02:36:49.6977560Z app/api/pos_connections.py:136: error: Argument "sync_sales" to "POSConnectionResponse" has incompatible type "Column[bool]"; expected "bool"  [arg-type]
Backend CI	Type check with MyPy	2026-03-17T02:36:49.6978885Z app/api/pos_connections.py:137: error: Argument "sync_customers" to "POSConnectionResponse" has incompatible type "Column[bool]"; expected "bool"  [arg-type]
Backend CI	Type check with MyPy	2026-03-17T02:36:49.6980546Z app/api/pos_connections.py:138: error: Argument "last_sync_at" to "POSConnectionResponse" has incompatible type "Column[datetime]"; expected "datetime | None"  [arg-type]
Backend CI	Type check with MyPy	2026-03-17T02:36:49.6982060Z app/api/pos_connections.py:139: error: Argument "last_sync_status" to "POSConnectionResponse" has incompatible type "Column[str]"; expected "str | None"  [arg-type]
Backend CI	Type check with MyPy	2026-03-17T02:36:49.6983557Z app/api/pos_connections.py:140: error: Argument "last_sync_error" to "POSConnectionResponse" has incompatible type "Column[str]"; expected "str | None"  [arg-type]
Backend CI	Type check with MyPy	2026-03-17T02:36:49.6984935Z app/api/pos_connections.py:141: error: Argument "settings" to "POSConnectionResponse" has incompatible type "Column[Any]"; expected "dict[Any, Any] | None"  [arg-type]
Backend CI	Type check with MyPy	2026-03-17T02:36:49.6986307Z app/api/pos_connections.py:142: error: Argument "created_at" to "POSConnectionResponse" has incompatible type "Column[datetime]"; expected "datetime | None"  [arg-type]
Backend CI	Type check with MyPy	2026-03-17T02:36:49.6987488Z app/api/pos_connections.py:143: error: Argument "updated_at" to "POSConnectionResponse" has incompatible type "Column[datetime]"; expected "datetime | None"  [arg-type]
Backend CI	Type check with MyPy	2026-03-17T02:36:49.7106115Z app/api/pms.py:56: error: Argument "items" to "PMSConnectionListResponse" has incompatible type "list[PMSConnection]"; expected "list[PMSConnectionResponse]"  [arg-type]
Backend CI	Type check with MyPy	2026-03-17T02:36:49.7107394Z app/api/pms.py:56: note: "list" is invariant -- see https://mypy.readthedocs.io/en/stable/common_issues.html#variance
Backend CI	Type check with MyPy	2026-03-17T02:36:49.7108170Z app/api/pms.py:56: note: Consider using "Sequence" instead, which is covariant
Backend CI	Type check with MyPy	2026-03-17T02:36:49.7109115Z app/api/pms.py:148: error: Argument "items" to "PMSChargeListResponse" has incompatible type "list[PMSCharge]"; expected "list[PMSChargeResponse]"  [arg-type]
Backend CI	Type check with MyPy	2026-03-17T02:36:49.7110230Z app/api/pms.py:148: note: "list" is invariant -- see https://mypy.readthedocs.io/en/stable/common_issues.html#variance
Backend CI	Type check with MyPy	2026-03-17T02:36:49.7110993Z app/api/pms.py:148: note: Consider using "Sequence" instead, which is covariant
Backend CI	Type check with MyPy	2026-03-17T02:36:49.7111973Z app/api/pms.py:235: error: Argument "items" to "PMSGuestListResponse" has incompatible type "list[PMSGuestCache]"; expected "list[PMSGuestCacheResponse]"  [arg-type]
Backend CI	Type check with MyPy	2026-03-17T02:36:49.7113436Z app/api/pms.py:235: note: "list" is invariant -- see https://mypy.readthedocs.io/en/stable/common_issues.html#variance
Backend CI	Type check with MyPy	2026-03-17T02:36:49.7114232Z app/api/pms.py:235: note: Consider using "Sequence" instead, which is covariant
Backend CI	Type check with MyPy	2026-03-17T02:36:49.7115241Z app/api/pms.py:325: error: Argument "items" to "PMSAuditLogListResponse" has incompatible type "list[PMSAuditLog]"; expected "list[PMSAuditLogResponse]"  [arg-type]
Backend CI	Type check with MyPy	2026-03-17T02:36:49.7116400Z app/api/pms.py:325: note: "list" is invariant -- see https://mypy.readthedocs.io/en/stable/common_issues.html#variance
Backend CI	Type check with MyPy	2026-03-17T02:36:49.7117151Z app/api/pms.py:325: note: Consider using "Sequence" instead, which is covariant
Backend CI	Type check with MyPy	2026-03-17T02:36:49.7254237Z app/api/petty_cash.py:66: error: Argument "items" to "FundListResponse" has incompatible type "list[PettyCashFund]"; expected "list[FundResponse]"  [arg-type]
Backend CI	Type check with MyPy	2026-03-17T02:36:49.7255469Z app/api/petty_cash.py:66: note: "list" is invariant -- see https://mypy.readthedocs.io/en/stable/common_issues.html#variance
Backend CI	Type check with MyPy	2026-03-17T02:36:49.7256307Z app/api/petty_cash.py:66: note: Consider using "Sequence" instead, which is covariant
Backend CI	Type check with MyPy	2026-03-17T02:36:49.7257549Z app/api/petty_cash.py:168: error: Argument "items" to "ExpenseListResponse" has incompatible type "list[PettyCashExpense]"; expected "list[ExpenseResponse]"  [arg-type]
Backend CI	Type check with MyPy	2026-03-17T02:36:49.7258888Z app/api/petty_cash.py:168: note: "list" is invariant -- see https://mypy.readthedocs.io/en/stable/common_issues.html#variance
Backend CI	Type check with MyPy	2026-03-17T02:36:49.7259802Z app/api/petty_cash.py:168: note: Consider using "Sequence" instead, which is covariant
Backend CI	Type check with MyPy	2026-03-17T02:36:49.7280704Z app/api/permissions.py:58: error: Argument 1 to "get_business_permissions" of "PermissionService" has incompatible type "str"; expected "UUID"  [arg-type]
Backend CI	Type check with MyPy	2026-03-17T02:36:49.7537703Z app/api/payments_subscription.py:84: error: Argument "email" to "create_customer" of "PaystackService" has incompatible type "Column[str]"; expected "str"  [arg-type]
Backend CI	Type check with MyPy	2026-03-17T02:36:49.7539571Z app/api/payments_subscription.py:85: error: Argument "first_name" to "create_customer" of "PaystackService" has incompatible type "Column[str]"; expected "str"  [arg-type]
Backend CI	Type check with MyPy	2026-03-17T02:36:49.7541047Z app/api/payments_subscription.py:86: error: Argument "last_name" to "create_customer" of "PaystackService" has incompatible type "Column[str]"; expected "str"  [arg-type]
Backend CI	Type check with MyPy	2026-03-17T02:36:49.7542515Z app/api/payments_subscription.py:87: error: Argument "phone" to "create_customer" of "PaystackService" has incompatible type "Column[str]"; expected "str | None"  [arg-type]
Backend CI	Type check with MyPy	2026-03-17T02:36:49.7544339Z app/api/payments_subscription.py:90: error: Incompatible types in assignment (expression has type "str", variable has type "Column[str]")  [assignment]
Backend CI	Type check with MyPy	2026-03-17T02:36:49.7545794Z app/api/payments_subscription.py:113: error: Argument "email" to "initialize_transaction" of "PaystackService" has incompatible type "Column[str]"; expected "str"  [arg-type]
Backend CI	Type check with MyPy	2026-03-17T02:36:49.7547326Z app/api/payments_subscription.py:127: error: Incompatible types in assignment (expression has type "TransactionStatus", variable has type "Column[Any]")  [assignment]
Backend CI	Type check with MyPy	2026-03-17T02:36:49.7548569Z app/api/payments_subscription.py:128: error: Incompatible types in assignment (expression has type "str", variable has type "Column[str]")  [assignment]
Backend CI	Type check with MyPy	2026-03-17T02:36:49.7549814Z app/api/payments_subscription.py:198: error: Incompatible types in assignment (expression has type "SubscriptionStatus", variable has type "Column[Any]")  [assignment]
Backend CI	Type check with MyPy	2026-03-17T02:36:49.7551100Z app/api/payments_subscription.py:199: error: Incompatible types in assignment (expression has type "datetime", variable has type "Column[datetime]")  [assignment]
Backend CI	Type check with MyPy	2026-03-17T02:36:49.7552368Z app/api/payments_subscription.py:205: error: Incompatible types in assignment (expression has type "datetime", variable has type "Column[datetime]")  [assignment]
Backend CI	Type check with MyPy	2026-03-17T02:36:49.7553863Z app/api/payments_subscription.py:207: error: Incompatible types in assignment (expression has type "datetime", variable has type "Column[datetime]")  [assignment]
Backend CI	Type check with MyPy	2026-03-17T02:36:49.7555143Z app/api/payments_subscription.py:296: error: Incompatible types in assignment (expression has type "TransactionStatus", variable has type "Column[Any]")  [assignment]
Backend CI	Type check with MyPy	2026-03-17T02:36:49.7556380Z app/api/payments_subscription.py:297: error: Incompatible types in assignment (expression has type "str", variable has type "Column[str]")  [assignment]
Backend CI	Type check with MyPy	2026-03-17T02:36:49.7557588Z app/api/payments_subscription.py:298: error: Incompatible types in assignment (expression has type "datetime", variable has type "Column[datetime]")  [assignment]
Backend CI	Type check with MyPy	2026-03-17T02:36:49.7558784Z app/api/payments_subscription.py:299: error: Incompatible types in assignment (expression has type "dict[Any, Any]", variable has type "Column[Any]")  [assignment]
Backend CI	Type check with MyPy	2026-03-17T02:36:49.7559914Z app/api/payments_subscription.py:311: error: Incompatible types in assignment (expression has type "SubscriptionStatus", variable has type "Column[Any]")  [assignment]
Backend CI	Type check with MyPy	2026-03-17T02:36:49.7561038Z app/api/payments_subscription.py:312: error: Incompatible types in assignment (expression has type "datetime", variable has type "Column[datetime]")  [assignment]
Backend CI	Type check with MyPy	2026-03-17T02:36:49.7562127Z app/api/payments_subscription.py:318: error: Incompatible types in assignment (expression has type "datetime", variable has type "Column[datetime]")  [assignment]
Backend CI	Type check with MyPy	2026-03-17T02:36:49.7563328Z app/api/payments_subscription.py:320: error: Incompatible types in assignment (expression has type "datetime", variable has type "Column[datetime]")  [assignment]
Backend CI	Type check with MyPy	2026-03-17T02:36:49.7564451Z app/api/payments_subscription.py:357: error: Incompatible types in assignment (expression has type "SubscriptionStatus", variable has type "Column[Any]")  [assignment]
Backend CI	Type check with MyPy	2026-03-17T02:36:49.7565727Z app/api/payments_subscription.py:358: error: Incompatible types in assignment (expression has type "None", variable has type "Column[str]")  [assignment]
Backend CI	Type check with MyPy	2026-03-17T02:36:49.7663250Z app/api/payments.py:51: error: Argument 1 to "list_methods" of "PaymentService" has incompatible type "str"; expected "UUID"  [arg-type]
Backend CI	Type check with MyPy	2026-03-17T02:36:49.7664693Z app/api/payments.py:54: error: Argument "items" to "PaymentMethodListResponse" has incompatible type "list[PaymentMethod]"; expected "list[PaymentMethodResponse]"  [arg-type]
Backend CI	Type check with MyPy	2026-03-17T02:36:49.7666009Z app/api/payments.py:54: note: "list" is invariant -- see https://mypy.readthedocs.io/en/stable/common_issues.html#variance
Backend CI	Type check with MyPy	2026-03-17T02:36:49.7666893Z app/api/payments.py:54: note: Consider using "Sequence" instead, which is covariant
Backend CI	Type check with MyPy	2026-03-17T02:36:49.7667650Z app/api/payments.py:72: error: Argument 1 to "create_method" of "PaymentService" has incompatible type "str"; expected "UUID"  [arg-type]
Backend CI	Type check with MyPy	2026-03-17T02:36:49.7668595Z app/api/payments.py:140: error: Argument 1 to "list_transactions" of "PaymentService" has incompatible type "str"; expected "UUID"  [arg-type]
Backend CI	Type check with MyPy	2026-03-17T02:36:49.7669761Z app/api/payments.py:143: error: Argument "items" to "PaymentTransactionListResponse" has incompatible type "list[PaymentTransaction]"; expected "list[PaymentTransactionResponse]"  [arg-type]
Backend CI	Type check with MyPy	2026-03-17T02:36:49.7670859Z app/api/payments.py:143: note: "list" is invariant -- see https://mypy.readthedocs.io/en/stable/common_issues.html#variance
Backend CI	Type check with MyPy	2026-03-17T02:36:49.7671530Z app/api/payments.py:143: note: Consider using "Sequence" instead, which is covariant
Backend CI	Type check with MyPy	2026-03-17T02:36:49.7672285Z app/api/payments.py:161: error: Argument 1 to "create_transaction" of "PaymentService" has incompatible type "str"; expected "UUID"  [arg-type]
Backend CI	Type check with MyPy	2026-03-17T02:36:49.7673534Z app/api/payments.py:222: error: Argument 1 to "get_payment_summary" of "PaymentService" has incompatible type "str"; expected "UUID"  [arg-type]
Backend CI	Type check with MyPy	2026-03-17T02:36:49.7674497Z app/api/payments.py:237: error: Argument 1 to "get_report_by_method" of "PaymentService" has incompatible type "str"; expected "UUID"  [arg-type]
Backend CI	Type check with MyPy	2026-03-17T02:36:49.7675473Z app/api/payments.py:256: error: Argument 1 to "get_transactions_for_export" of "PaymentService" has incompatible type "str"; expected "UUID"  [arg-type]
Backend CI	Type check with MyPy	2026-03-17T02:36:49.7676468Z app/api/payments.py:265: error: Incompatible types in assignment (expression has type "Writer", variable has type "DictWriter[str]")  [assignment]
Backend CI	Type check with MyPy	2026-03-17T02:36:49.7677445Z app/api/payments.py:266: error: Argument 1 to "writerow" of "DictWriter" has incompatible type "list[str]"; expected "Mapping[str, Any]"  [arg-type]
Backend CI	Type check with MyPy	2026-03-17T02:36:49.7678474Z app/api/payments.py:289: error: Argument 1 to "get_transactions_for_export" of "PaymentService" has incompatible type "str"; expected "UUID"  [arg-type]
Backend CI	Type check with MyPy	2026-03-17T02:36:49.7768800Z app/api/partners.py:54: error: Argument "items" to "PartnerListResponse" has incompatible type "list[Partner]"; expected "list[PartnerResponse]"  [arg-type]
Backend CI	Type check with MyPy	2026-03-17T02:36:49.7769793Z app/api/partners.py:54: note: "list" is invariant -- see https://mypy.readthedocs.io/en/stable/common_issues.html#variance
Backend CI	Type check with MyPy	2026-03-17T02:36:49.7770472Z app/api/partners.py:54: note: Consider using "Sequence" instead, which is covariant
Backend CI	Type check with MyPy	2026-03-17T02:36:49.7771332Z app/api/partners.py:247: error: Argument "items" to "PartnerUserListResponse" has incompatible type "list[PartnerUser]"; expected "list[PartnerUserResponse]"  [arg-type]
Backend CI	Type check with MyPy	2026-03-17T02:36:49.7772332Z app/api/partners.py:247: note: "list" is invariant -- see https://mypy.readthedocs.io/en/stable/common_issues.html#variance
Backend CI	Type check with MyPy	2026-03-17T02:36:49.7773246Z app/api/partners.py:247: note: Consider using "Sequence" instead, which is covariant
Backend CI	Type check with MyPy	2026-03-17T02:36:49.8155453Z app/api/mobile_sync.py:85: error: Argument 1 to "get_business_permissions" of "PermissionService" has incompatible type "str"; expected "UUID"  [arg-type]
Backend CI	Type check with MyPy	2026-03-17T02:36:49.8156978Z app/api/mobile_sync.py:126: error: Argument 1 to "get_business_permissions" of "PermissionService" has incompatible type "str"; expected "UUID"  [arg-type]
Backend CI	Type check with MyPy	2026-03-17T02:36:49.8420579Z app/api/menu.py:240: error: Argument "items" to "MenuItemListResponse" has incompatible type "list[MenuItem]"; expected "list[MenuItemResponse]"  [arg-type]
Backend CI	Type check with MyPy	2026-03-17T02:36:49.8422405Z app/api/menu.py:240: note: "list" is invariant -- see https://mypy.readthedocs.io/en/stable/common_issues.html#variance
Backend CI	Type check with MyPy	2026-03-17T02:36:49.8423853Z app/api/menu.py:240: note: Consider using "Sequence" instead, which is covariant
Backend CI	Type check with MyPy	2026-03-17T02:36:49.8579548Z app/api/loyalty.py:171: error: Argument "order_id" to "earn_points" of "LoyaltyService" has incompatible type "str | None"; expected "str"  [arg-type]
Backend CI	Type check with MyPy	2026-03-17T02:36:49.8581368Z app/api/loyalty.py:195: error: Argument "order_id" to "redeem_points" of "LoyaltyService" has incompatible type "str | None"; expected "str"  [arg-type]
Backend CI	Type check with MyPy	2026-03-17T02:36:49.9136428Z app/api/loyalty.py:205: error: Argument "remaining_balance" to "RedeemPointsResponse" has incompatible type "Column[int]"; expected "int"  [arg-type]
Backend CI	Type check with MyPy	2026-03-17T02:36:49.9138399Z app/api/laybys.py:52: error: Argument "business_id" to "get_active_summary" of "LaybyReportService" has incompatible type "str"; expected "UUID"  [arg-type]
Backend CI	Type check with MyPy	2026-03-17T02:36:49.9140276Z app/api/laybys.py:69: error: Argument "business_id" to "get_overdue" of "LaybyReportService" has incompatible type "str"; expected "UUID"  [arg-type]
Backend CI	Type check with MyPy	2026-03-17T02:36:49.9142055Z app/api/laybys.py:86: error: Argument "business_id" to "get_aging_report" of "LaybyReportService" has incompatible type "str"; expected "UUID"  [arg-type]
Backend CI	Type check with MyPy	2026-03-17T02:36:49.9144134Z app/api/laybys.py:115: error: Argument "business_id" to "get_summary" of "LaybyReportService" has incompatible type "str"; expected "UUID"  [arg-type]
Backend CI	Type check with MyPy	2026-03-17T02:36:49.9145925Z app/api/laybys.py:145: error: Argument "business_id" to "get_active_laybys" of "LaybyReportService" has incompatible type "str"; expected "UUID"  [arg-type]
Backend CI	Type check with MyPy	2026-03-17T02:36:49.9147674Z app/api/laybys.py:151: error: Argument "business_id" to "get_overdue_laybys" of "LaybyReportService" has incompatible type "str"; expected "UUID"  [arg-type]
Backend CI	Type check with MyPy	2026-03-17T02:36:49.9149456Z app/api/laybys.py:163: error: Argument "business_id" to "get_aging_report" of "LaybyReportService" has incompatible type "str"; expected "UUID"  [arg-type]
Backend CI	Type check with MyPy	2026-03-17T02:36:49.9151161Z app/api/laybys.py:176: error: Argument "business_id" to "get_summary" of "LaybyReportService" has incompatible type "str"; expected "UUID"  [arg-type]
Backend CI	Type check with MyPy	2026-03-17T02:36:49.9153095Z app/api/laybys.py:221: error: Argument "business_id" to "get_config" of "LaybyService" has incompatible type "str"; expected "UUID"  [arg-type]
Backend CI	Type check with MyPy	2026-03-17T02:36:49.9154862Z app/api/laybys.py:247: error: Argument "business_id" to "update_config" of "LaybyService" has incompatible type "str"; expected "UUID"  [arg-type]
Backend CI	Type check with MyPy	2026-03-17T02:36:49.9156479Z app/api/laybys.py:273: error: Unexpected keyword argument "user_id" for "create_layby" of "LaybyService"; did you mean "customer_id"?  [call-arg]
Backend CI	Type check with MyPy	2026-03-17T02:36:49.9157770Z app/services/layby_service.py:116: note: "create_layby" of "LaybyService" defined here
Backend CI	Type check with MyPy	2026-03-17T02:36:49.9158929Z app/api/laybys.py:273: error: Unexpected keyword argument "data" for "create_layby" of "LaybyService"  [call-arg]
Backend CI	Type check with MyPy	2026-03-17T02:36:49.9160453Z app/api/laybys.py:274: error: Argument "business_id" to "create_layby" of "LaybyService" has incompatible type "str"; expected "UUID"  [arg-type]
Backend CI	Type check with MyPy	2026-03-17T02:36:49.9162171Z app/api/laybys.py:303: error: Argument "business_id" to "list_laybys" of "LaybyService" has incompatible type "str"; expected "UUID"  [arg-type]
Backend CI	Type check with MyPy	2026-03-17T02:36:49.9164170Z app/api/laybys.py:306: error: Argument "status" to "list_laybys" of "LaybyService" has incompatible type "str | None"; expected "LaybyStatus | None"  [arg-type]
Backend CI	Type check with MyPy	2026-03-17T02:36:49.9166068Z app/api/laybys.py:307: error: Argument "customer_id" to "list_laybys" of "LaybyService" has incompatible type "str | None"; expected "UUID | None"  [arg-type]
Backend CI	Type check with MyPy	2026-03-17T02:36:49.9168249Z app/api/laybys.py:312: error: Argument "items" to "LaybyListResponse" has incompatible type "list[Layby]"; expected "list[LaybyResponse]"  [arg-type]
Backend CI	Type check with MyPy	2026-03-17T02:36:49.9170211Z app/api/laybys.py:312: note: "list" is invariant -- see https://mypy.readthedocs.io/en/stable/common_issues.html#variance
Backend CI	Type check with MyPy	2026-03-17T02:36:49.9171397Z app/api/laybys.py:312: note: Consider using "Sequence" instead, which is covariant
Backend CI	Type check with MyPy	2026-03-17T02:36:49.9172864Z app/api/laybys.py:332: error: Argument "layby_id" to "get_layby" of "LaybyService" has incompatible type "str"; expected "UUID"  [arg-type]
Backend CI	Type check with MyPy	2026-03-17T02:36:49.9174515Z app/api/laybys.py:332: error: Argument "business_id" to "get_layby" of "LaybyService" has incompatible type "str"; expected "UUID"  [arg-type]
Backend CI	Type check with MyPy	2026-03-17T02:36:49.9176021Z app/api/laybys.py:362: error: Unexpected keyword argument "user_id" for "make_payment" of "LaybyService"  [call-arg]
Backend CI	Type check with MyPy	2026-03-17T02:36:49.9177236Z app/services/layby_service.py:359: note: "make_payment" of "LaybyService" defined here
Backend CI	Type check with MyPy	2026-03-17T02:36:49.9178424Z app/api/laybys.py:362: error: Unexpected keyword argument "data" for "make_payment" of "LaybyService"  [call-arg]
Backend CI	Type check with MyPy	2026-03-17T02:36:49.9179936Z app/api/laybys.py:363: error: Argument "layby_id" to "make_payment" of "LaybyService" has incompatible type "str"; expected "UUID"  [arg-type]
Backend CI	Type check with MyPy	2026-03-17T02:36:49.9181720Z app/api/laybys.py:364: error: Argument "business_id" to "make_payment" of "LaybyService" has incompatible type "str"; expected "UUID"  [arg-type]
Backend CI	Type check with MyPy	2026-03-17T02:36:49.9183758Z app/api/laybys.py:391: error: Argument "layby_id" to "get_payments" of "LaybyService" has incompatible type "str"; expected "UUID"  [arg-type]
Backend CI	Type check with MyPy	2026-03-17T02:36:49.9185469Z app/api/laybys.py:391: error: Argument "business_id" to "get_payments" of "LaybyService" has incompatible type "str"; expected "UUID"  [arg-type]
Backend CI	Type check with MyPy	2026-03-17T02:36:49.9187133Z app/api/laybys.py:412: error: Argument "layby_id" to "get_schedule" of "LaybyService" has incompatible type "str"; expected "UUID"  [arg-type]
Backend CI	Type check with MyPy	2026-03-17T02:36:49.9188864Z app/api/laybys.py:412: error: Argument "business_id" to "get_schedule" of "LaybyService" has incompatible type "str"; expected "UUID"  [arg-type]
Backend CI	Type check with MyPy	2026-03-17T02:36:49.9190634Z app/api/laybys.py:441: error: Argument "business_id" to "refund_payment" of "LaybyService" has incompatible type "str"; expected "UUID"  [arg-type]
Backend CI	Type check with MyPy	2026-03-17T02:36:49.9192455Z app/api/laybys.py:445: error: Argument "refunded_by" to "refund_payment" of "LaybyService" has incompatible type "Column[UUID]"; expected "UUID"  [arg-type]
Backend CI	Type check with MyPy	2026-03-17T02:36:49.9194631Z app/api/laybys.py:446: error: Argument "refund_amount" to "refund_payment" of "LaybyService" has incompatible type "Decimal | None"; expected "Decimal"  [arg-type]
Backend CI	Type check with MyPy	2026-03-17T02:36:49.9196335Z app/api/laybys.py:475: error: Unexpected keyword argument "user_id" for "cancel_layby" of "LaybyService"  [call-arg]
Backend CI	Type check with MyPy	2026-03-17T02:36:49.9197567Z app/services/layby_service.py:574: note: "cancel_layby" of "LaybyService" defined here
Backend CI	Type check with MyPy	2026-03-17T02:36:49.9199020Z app/api/laybys.py:476: error: Argument "layby_id" to "cancel_layby" of "LaybyService" has incompatible type "str"; expected "UUID"  [arg-type]
Backend CI	Type check with MyPy	2026-03-17T02:36:49.9200827Z app/api/laybys.py:477: error: Argument "business_id" to "cancel_layby" of "LaybyService" has incompatible type "str"; expected "UUID"  [arg-type]
Backend CI	Type check with MyPy	2026-03-17T02:36:49.9202576Z app/api/laybys.py:479: error: Argument "reason" to "cancel_layby" of "LaybyService" has incompatible type "str | None"; expected "str"  [arg-type]
Backend CI	Type check with MyPy	2026-03-17T02:36:49.9204385Z app/api/laybys.py:503: error: Unexpected keyword argument "user_id" for "collect_layby" of "LaybyService"  [call-arg]
Backend CI	Type check with MyPy	2026-03-17T02:36:49.9205636Z app/services/layby_service.py:666: note: "collect_layby" of "LaybyService" defined here
Backend CI	Type check with MyPy	2026-03-17T02:36:49.9207002Z app/api/laybys.py:504: error: Argument "layby_id" to "collect_layby" of "LaybyService" has incompatible type "str"; expected "UUID"  [arg-type]
Backend CI	Type check with MyPy	2026-03-17T02:36:49.9208718Z app/api/laybys.py:505: error: Argument "business_id" to "collect_layby" of "LaybyService" has incompatible type "str"; expected "UUID"  [arg-type]
Backend CI	Type check with MyPy	2026-03-17T02:36:49.9210677Z app/api/laybys.py:531: error: Unexpected keyword argument "user_id" for "extend_layby" of "LaybyService"  [call-arg]
Backend CI	Type check with MyPy	2026-03-17T02:36:49.9212148Z app/services/layby_service.py:704: note: "extend_layby" of "LaybyService" defined here
Backend CI	Type check with MyPy	2026-03-17T02:36:49.9213635Z app/api/laybys.py:531: error: Unexpected keyword argument "additional_days" for "extend_layby" of "LaybyService"  [call-arg]
Backend CI	Type check with MyPy	2026-03-17T02:36:49.9215100Z app/api/laybys.py:531: error: Unexpected keyword argument "reason" for "extend_layby" of "LaybyService"  [call-arg]
Backend CI	Type check with MyPy	2026-03-17T02:36:49.9216635Z app/api/laybys.py:532: error: Argument "layby_id" to "extend_layby" of "LaybyService" has incompatible type "str"; expected "UUID"  [arg-type]
Backend CI	Type check with MyPy	2026-03-17T02:36:49.9218301Z app/api/laybys.py:533: error: Argument "business_id" to "extend_layby" of "LaybyService" has incompatible type "str"; expected "UUID"  [arg-type]
Backend CI	Type check with MyPy	2026-03-17T02:36:49.9254098Z app/api/inventory_reports.py:50: error: Unexpected keyword argument "page" for "get_stock_levels" of "InventoryReportService"  [call-arg]
Backend CI	Type check with MyPy	2026-03-17T02:36:49.9255745Z app/services/inventory_report_service.py:22: note: "get_stock_levels" of "InventoryReportService" defined here
Backend CI	Type check with MyPy	2026-03-17T02:36:49.9257262Z app/api/inventory_reports.py:50: error: Unexpected keyword argument "per_page" for "get_stock_levels" of "InventoryReportService"  [call-arg]
Backend CI	Type check with MyPy	2026-03-17T02:36:49.9259206Z app/api/inventory_reports.py:52: error: Argument "category_id" to "get_stock_levels" of "InventoryReportService" has incompatible type "UUID | None"; expected "str | None"  [arg-type]
Backend CI	Type check with MyPy	2026-03-17T02:36:49.9261117Z app/api/inventory_reports.py:76: error: Unexpected keyword argument "page" for "get_stock_movements" of "InventoryReportService"  [call-arg]
Backend CI	Type check with MyPy	2026-03-17T02:36:49.9263090Z app/services/inventory_report_service.py:108: note: "get_stock_movements" of "InventoryReportService" defined here
Backend CI	Type check with MyPy	2026-03-17T02:36:49.9264714Z app/api/inventory_reports.py:76: error: Unexpected keyword argument "per_page" for "get_stock_movements" of "InventoryReportService"  [call-arg]
Backend CI	Type check with MyPy	2026-03-17T02:36:49.9266674Z app/api/inventory_reports.py:78: error: Argument "start_date" to "get_stock_movements" of "InventoryReportService" has incompatible type "str"; expected "date"  [arg-type]
Backend CI	Type check with MyPy	2026-03-17T02:36:49.9268707Z app/api/inventory_reports.py:79: error: Argument "end_date" to "get_stock_movements" of "InventoryReportService" has incompatible type "str"; expected "date"  [arg-type]
Backend CI	Type check with MyPy	2026-03-17T02:36:49.9270894Z app/api/inventory_reports.py:80: error: Argument "product_id" to "get_stock_movements" of "InventoryReportService" has incompatible type "UUID | None"; expected "str | None"  [arg-type]
Backend CI	Type check with MyPy	2026-03-17T02:36:49.9273157Z app/api/inventory_reports.py:99: error: Unexpected keyword argument "category_id" for "get_valuation" of "InventoryReportService"  [call-arg]
Backend CI	Type check with MyPy	2026-03-17T02:36:49.9274788Z app/services/inventory_report_service.py:228: note: "get_valuation" of "InventoryReportService" defined here
Backend CI	Type check with MyPy	2026-03-17T02:36:49.9276335Z app/api/inventory_reports.py:118: error: Unexpected keyword argument "days" for "get_turnover_analysis" of "InventoryReportService"  [call-arg]
Backend CI	Type check with MyPy	2026-03-17T02:36:49.9277902Z app/services/inventory_report_service.py:315: note: "get_turnover_analysis" of "InventoryReportService" defined here
Backend CI	Type check with MyPy	2026-03-17T02:36:49.9279551Z app/api/inventory_reports.py:139: error: Unexpected keyword argument "supplier_id" for "get_supplier_performance" of "InventoryReportService"  [call-arg]
Backend CI	Type check with MyPy	2026-03-17T02:36:49.9281245Z app/services/inventory_report_service.py:444: note: "get_supplier_performance" of "InventoryReportService" defined here
Backend CI	Type check with MyPy	2026-03-17T02:36:49.9283309Z app/api/inventory_reports.py:141: error: Argument "start_date" to "get_supplier_performance" of "InventoryReportService" has incompatible type "str"; expected "date"  [arg-type]
Backend CI	Type check with MyPy	2026-03-17T02:36:49.9285500Z app/api/inventory_reports.py:142: error: Argument "end_date" to "get_supplier_performance" of "InventoryReportService" has incompatible type "str"; expected "date"  [arg-type]
Backend CI	Type check with MyPy	2026-03-17T02:36:49.9287908Z app/api/inventory_reports.py:162: error: Argument "start_date" to "get_wastage_report" of "InventoryReportService" has incompatible type "str"; expected "date"  [arg-type]
Backend CI	Type check with MyPy	2026-03-17T02:36:49.9290256Z app/api/inventory_reports.py:163: error: Argument "end_date" to "get_wastage_report" of "InventoryReportService" has incompatible type "str"; expected "date"  [arg-type]
Backend CI	Type check with MyPy	2026-03-17T02:36:49.9677449Z app/api/gift_cards.py:187: error: Argument "transaction_type" to "GiftCardTransactionResponse" has incompatible type "Column[str]"; expected "str"  [arg-type]
Backend CI	Type check with MyPy	2026-03-17T02:36:49.9679477Z app/api/gift_cards.py:188: error: Argument "amount" to "GiftCardTransactionResponse" has incompatible type "Column[Decimal]"; expected "Decimal"  [arg-type]
Backend CI	Type check with MyPy	2026-03-17T02:36:49.9681454Z app/api/gift_cards.py:189: error: Argument "balance_after" to "GiftCardTransactionResponse" has incompatible type "Column[Decimal]"; expected "Decimal"  [arg-type]
Backend CI	Type check with MyPy	2026-03-17T02:36:49.9683692Z app/api/gift_cards.py:190: error: Argument "reference" to "GiftCardTransactionResponse" has incompatible type "Column[str]"; expected "str | None"  [arg-type]
Backend CI	Type check with MyPy	2026-03-17T02:36:49.9685625Z app/api/gift_cards.py:191: error: Argument "notes" to "GiftCardTransactionResponse" has incompatible type "Column[str]"; expected "str | None"  [arg-type]
Backend CI	Type check with MyPy	2026-03-17T02:36:49.9687553Z app/api/gift_cards.py:193: error: Argument "created_at" to "GiftCardTransactionResponse" has incompatible type "Column[datetime]"; expected "datetime"  [arg-type]
Backend CI	Type check with MyPy	2026-03-17T02:36:49.9689540Z app/api/gift_cards.py:222: error: Argument "transaction_type" to "GiftCardTransactionResponse" has incompatible type "Column[str]"; expected "str"  [arg-type]
Backend CI	Type check with MyPy	2026-03-17T02:36:49.9691402Z app/api/gift_cards.py:223: error: Argument "amount" to "GiftCardTransactionResponse" has incompatible type "Column[Decimal]"; expected "Decimal"  [arg-type]
Backend CI	Type check with MyPy	2026-03-17T02:36:49.9693580Z app/api/gift_cards.py:224: error: Argument "balance_after" to "GiftCardTransactionResponse" has incompatible type "Column[Decimal]"; expected "Decimal"  [arg-type]
Backend CI	Type check with MyPy	2026-03-17T02:36:49.9695605Z app/api/gift_cards.py:225: error: Argument "reference" to "GiftCardTransactionResponse" has incompatible type "Column[str]"; expected "str | None"  [arg-type]
Backend CI	Type check with MyPy	2026-03-17T02:36:49.9697570Z app/api/gift_cards.py:226: error: Argument "notes" to "GiftCardTransactionResponse" has incompatible type "Column[str]"; expected "str | None"  [arg-type]
Backend CI	Type check with MyPy	2026-03-17T02:36:49.9699548Z app/api/gift_cards.py:228: error: Argument "created_at" to "GiftCardTransactionResponse" has incompatible type "Column[datetime]"; expected "datetime"  [arg-type]
Backend CI	Type check with MyPy	2026-03-17T02:36:49.9701562Z app/api/gift_cards.py:248: error: Argument "code" to "GiftCardBalanceResponse" has incompatible type "Column[str]"; expected "str"  [arg-type]
Backend CI	Type check with MyPy	2026-03-17T02:36:49.9703621Z app/api/gift_cards.py:249: error: Argument "current_balance" to "GiftCardBalanceResponse" has incompatible type "Column[Decimal]"; expected "Decimal"  [arg-type]
Backend CI	Type check with MyPy	2026-03-17T02:36:49.9705597Z app/api/gift_cards.py:250: error: Argument "status" to "GiftCardBalanceResponse" has incompatible type "Column[Any]"; expected "GiftCardStatus"  [arg-type]
Backend CI	Type check with MyPy	2026-03-17T02:36:49.9707575Z app/api/gift_cards.py:251: error: Argument "expires_at" to "GiftCardBalanceResponse" has incompatible type "Column[datetime]"; expected "datetime | None"  [arg-type]
Backend CI	Type check with MyPy	2026-03-17T02:36:50.0137054Z app/api/favorites.py:163: error: Argument 1 to "FavoriteProductResponse" has incompatible type "**dict[str, object]"; expected "int"  [arg-type]
Backend CI	Type check with MyPy	2026-03-17T02:36:50.0138974Z app/api/favorites.py:163: error: Argument 1 to "FavoriteProductResponse" has incompatible type "**dict[str, object]"; expected "bool"  [arg-type]
Backend CI	Type check with MyPy	2026-03-17T02:36:50.0140790Z app/api/favorites.py:163: error: Argument 1 to "FavoriteProductResponse" has incompatible type "**dict[str, object]"; expected "int | None"  [arg-type]
Backend CI	Type check with MyPy	2026-03-17T02:36:50.0142503Z app/api/favorites.py:163: error: Argument 1 to "FavoriteProductResponse" has incompatible type "**dict[str, object]"; expected "UUID"  [arg-type]
Backend CI	Type check with MyPy	2026-03-17T02:36:50.0144738Z app/api/favorites.py:163: error: Argument 1 to "FavoriteProductResponse" has incompatible type "**dict[str, object]"; expected "UUID | None"  [arg-type]
Backend CI	Type check with MyPy	2026-03-17T02:36:50.0146833Z app/api/favorites.py:163: error: Argument 1 to "FavoriteProductResponse" has incompatible type "**dict[str, object]"; expected "datetime"  [arg-type]
Backend CI	Type check with MyPy	2026-03-17T02:36:50.0148648Z app/api/favorites.py:163: error: Argument 1 to "FavoriteProductResponse" has incompatible type "**dict[str, object]"; expected "str | None"  [arg-type]
Backend CI	Type check with MyPy	2026-03-17T02:36:50.0150492Z app/api/favorites.py:163: error: Argument 1 to "FavoriteProductResponse" has incompatible type "**dict[str, object]"; expected "float | None"  [arg-type]
Backend CI	Type check with MyPy	2026-03-17T02:36:50.0417414Z app/api/expenses.py:163: error: Argument "submitted_by" to "create_expense" of "ExpenseService" has incompatible type "Column[UUID]"; expected "UUID"  [arg-type]
Backend CI	Type check with MyPy	2026-03-17T02:36:50.0419309Z app/api/expenses.py:265: error: Argument 3 to "approve_expense" of "ExpenseService" has incompatible type "Column[UUID]"; expected "UUID"  [arg-type]
Backend CI	Type check with MyPy	2026-03-17T02:36:50.0656519Z app/api/departments.py:47: error: Argument "requesting_user_id" to "get_departments" of "DepartmentService" has incompatible type "Column[UUID]"; expected "UUID"  [arg-type]
Backend CI	Type check with MyPy	2026-03-17T02:36:50.0658702Z app/api/departments.py:69: error: Argument "requesting_user_id" to "get_department" of "DepartmentService" has incompatible type "Column[UUID]"; expected "UUID"  [arg-type]
Backend CI	Type check with MyPy	2026-03-17T02:36:50.0660789Z app/api/departments.py:97: error: Argument "requesting_user_id" to "create_department" of "DepartmentService" has incompatible type "Column[UUID]"; expected "UUID"  [arg-type]
Backend CI	Type check with MyPy	2026-03-17T02:36:50.0663341Z app/api/departments.py:121: error: Argument "requesting_user_id" to "update_department" of "DepartmentService" has incompatible type "Column[UUID]"; expected "UUID"  [arg-type]
Backend CI	Type check with MyPy	2026-03-17T02:36:50.0665540Z app/api/departments.py:144: error: Argument "requesting_user_id" to "delete_department" of "DepartmentService" has incompatible type "Column[UUID]"; expected "UUID"  [arg-type]
Backend CI	Type check with MyPy	2026-03-17T02:36:50.0722009Z app/api/delivery_tracking.py:70: error: Argument "items" to "DriverShiftListResponse" has incompatible type "list[DriverShift]"; expected "list[DriverShiftResponse]"  [arg-type]
Backend CI	Type check with MyPy	2026-03-17T02:36:50.0724232Z app/api/delivery_tracking.py:70: note: "list" is invariant -- see https://mypy.readthedocs.io/en/stable/common_issues.html#variance
Backend CI	Type check with MyPy	2026-03-17T02:36:50.0725551Z app/api/delivery_tracking.py:70: note: Consider using "Sequence" instead, which is covariant
Backend CI	Type check with MyPy	2026-03-17T02:36:50.1326903Z app/api/dashboards.py:263: error: Argument "name" to "DashboardTemplateResponse" has incompatible type "Column[str]"; expected "str"  [arg-type]
Backend CI	Type check with MyPy	2026-03-17T02:36:50.1328872Z app/api/dashboards.py:264: error: Argument "description" to "DashboardTemplateResponse" has incompatible type "Column[str]"; expected "str | None"  [arg-type]
Backend CI	Type check with MyPy	2026-03-17T02:36:50.1330868Z app/api/dashboards.py:265: error: Argument "category" to "DashboardTemplateResponse" has incompatible type "Column[str]"; expected "str | None"  [arg-type]
Backend CI	Type check with MyPy	2026-03-17T02:36:50.1333138Z app/api/dashboards.py:266: error: Argument "layout" to "DashboardTemplateResponse" has incompatible type "Column[Any] | dict[Never, Never]"; expected "dict[Any, Any]"  [arg-type]
Backend CI	Type check with MyPy	2026-03-17T02:36:50.1335274Z app/api/dashboards.py:267: error: Argument "widgets_config" to "DashboardTemplateResponse" has incompatible type "Column[Any] | list[Never]"; expected "list[Any]"  [arg-type]
Backend CI	Type check with MyPy	2026-03-17T02:36:50.1337306Z app/api/dashboards.py:268: error: Argument "thumbnail_url" to "DashboardTemplateResponse" has incompatible type "Column[str]"; expected "str | None"  [arg-type]
Backend CI	Type check with MyPy	2026-03-17T02:36:50.1339189Z app/api/dashboards.py:269: error: Argument "is_system" to "DashboardTemplateResponse" has incompatible type "Column[bool]"; expected "bool"  [arg-type]
Backend CI	Type check with MyPy	2026-03-17T02:36:50.1340995Z app/api/dashboards.py:270: error: Argument "created_at" to "DashboardTemplateResponse" has incompatible type "Column[datetime]"; expected "datetime"  [arg-type]
Backend CI	Type check with MyPy	2026-03-17T02:36:50.1343671Z app/api/dashboards.py:271: error: Argument "updated_at" to "DashboardTemplateResponse" has incompatible type "Column[datetime]"; expected "datetime"  [arg-type]
Backend CI	Type check with MyPy	2026-03-17T02:36:50.1345445Z app/api/dashboards.py:292: error: Argument "name" to "DashboardTemplateResponse" has incompatible type "Column[str]"; expected "str"  [arg-type]
Backend CI	Type check with MyPy	2026-03-17T02:36:50.1347336Z app/api/dashboards.py:293: error: Argument "description" to "DashboardTemplateResponse" has incompatible type "Column[str]"; expected "str | None"  [arg-type]
Backend CI	Type check with MyPy	2026-03-17T02:36:50.1349220Z app/api/dashboards.py:294: error: Argument "category" to "DashboardTemplateResponse" has incompatible type "Column[str]"; expected "str | None"  [arg-type]
Backend CI	Type check with MyPy	2026-03-17T02:36:50.1351109Z app/api/dashboards.py:295: error: Argument "layout" to "DashboardTemplateResponse" has incompatible type "Column[Any] | dict[Never, Never]"; expected "dict[Any, Any]"  [arg-type]
Backend CI	Type check with MyPy	2026-03-17T02:36:50.1353495Z app/api/dashboards.py:296: error: Argument "widgets_config" to "DashboardTemplateResponse" has incompatible type "Column[Any] | list[Never]"; expected "list[Any]"  [arg-type]
Backend CI	Type check with MyPy	2026-03-17T02:36:50.1355596Z app/api/dashboards.py:297: error: Argument "thumbnail_url" to "DashboardTemplateResponse" has incompatible type "Column[str]"; expected "str | None"  [arg-type]
Backend CI	Type check with MyPy	2026-03-17T02:36:50.1357550Z app/api/dashboards.py:298: error: Argument "is_system" to "DashboardTemplateResponse" has incompatible type "Column[bool]"; expected "bool"  [arg-type]
Backend CI	Type check with MyPy	2026-03-17T02:36:50.1359467Z app/api/dashboards.py:299: error: Argument "created_at" to "DashboardTemplateResponse" has incompatible type "Column[datetime]"; expected "datetime"  [arg-type]
Backend CI	Type check with MyPy	2026-03-17T02:36:50.1361406Z app/api/dashboards.py:300: error: Argument "updated_at" to "DashboardTemplateResponse" has incompatible type "Column[datetime]"; expected "datetime"  [arg-type]
Backend CI	Type check with MyPy	2026-03-17T02:36:50.1363481Z app/api/dashboards.py:350: error: Argument "permission" to "DashboardShareResponse" has incompatible type "Column[str]"; expected "str"  [arg-type]
Backend CI	Type check with MyPy	2026-03-17T02:36:50.1365314Z app/api/dashboards.py:351: error: Argument "created_at" to "DashboardShareResponse" has incompatible type "Column[datetime]"; expected "datetime"  [arg-type]
Backend CI	Type check with MyPy	2026-03-17T02:36:50.1367192Z app/api/dashboards.py:370: error: Argument "permission" to "DashboardShareResponse" has incompatible type "Column[str]"; expected "str"  [arg-type]
Backend CI	Type check with MyPy	2026-03-17T02:36:50.1369098Z app/api/dashboards.py:371: error: Argument "created_at" to "DashboardShareResponse" has incompatible type "Column[datetime]"; expected "datetime"  [arg-type]
Backend CI	Type check with MyPy	2026-03-17T02:36:50.1370933Z app/api/dashboards.py:410: error: Argument "format" to "ExportScheduleResponse" has incompatible type "Column[str]"; expected "str"  [arg-type]
Backend CI	Type check with MyPy	2026-03-17T02:36:50.1372948Z app/api/dashboards.py:411: error: Argument "frequency" to "ExportScheduleResponse" has incompatible type "Column[str]"; expected "str"  [arg-type]
Backend CI	Type check with MyPy	2026-03-17T02:36:50.1374871Z app/api/dashboards.py:412: error: Argument "recipients" to "ExportScheduleResponse" has incompatible type "Column[Any]"; expected "list[Any]"  [arg-type]
Backend CI	Type check with MyPy	2026-03-17T02:36:50.1376748Z app/api/dashboards.py:413: error: Argument "is_active" to "ExportScheduleResponse" has incompatible type "Column[bool]"; expected "bool"  [arg-type]
Backend CI	Type check with MyPy	2026-03-17T02:36:50.1378640Z app/api/dashboards.py:414: error: Argument "last_sent_at" to "ExportScheduleResponse" has incompatible type "Column[datetime]"; expected "datetime | None"  [arg-type]
Backend CI	Type check with MyPy	2026-03-17T02:36:50.1380644Z app/api/dashboards.py:415: error: Argument "next_send_at" to "ExportScheduleResponse" has incompatible type "Column[datetime]"; expected "datetime | None"  [arg-type]
Backend CI	Type check with MyPy	2026-03-17T02:36:50.1382610Z app/api/dashboards.py:416: error: Argument "created_at" to "ExportScheduleResponse" has incompatible type "Column[datetime]"; expected "datetime"  [arg-type]
Backend CI	Type check with MyPy	2026-03-17T02:36:50.1385302Z app/api/dashboards.py:417: error: Argument "updated_at" to "ExportScheduleResponse" has incompatible type "Column[datetime]"; expected "datetime"  [arg-type]
Backend CI	Type check with MyPy	2026-03-17T02:36:50.1387452Z app/api/dashboards.py:436: error: Argument "format" to "ExportScheduleResponse" has incompatible type "Column[str]"; expected "str"  [arg-type]
Backend CI	Type check with MyPy	2026-03-17T02:36:50.1389277Z app/api/dashboards.py:437: error: Argument "frequency" to "ExportScheduleResponse" has incompatible type "Column[str]"; expected "str"  [arg-type]
Backend CI	Type check with MyPy	2026-03-17T02:36:50.1391176Z app/api/dashboards.py:438: error: Argument "recipients" to "ExportScheduleResponse" has incompatible type "Column[Any]"; expected "list[Any]"  [arg-type]
Backend CI	Type check with MyPy	2026-03-17T02:36:50.1393249Z app/api/dashboards.py:439: error: Argument "is_active" to "ExportScheduleResponse" has incompatible type "Column[bool]"; expected "bool"  [arg-type]
Backend CI	Type check with MyPy	2026-03-17T02:36:50.1395169Z app/api/dashboards.py:440: error: Argument "last_sent_at" to "ExportScheduleResponse" has incompatible type "Column[datetime]"; expected "datetime | None"  [arg-type]
Backend CI	Type check with MyPy	2026-03-17T02:36:50.1397093Z app/api/dashboards.py:441: error: Argument "next_send_at" to "ExportScheduleResponse" has incompatible type "Column[datetime]"; expected "datetime | None"  [arg-type]
Backend CI	Type check with MyPy	2026-03-17T02:36:50.1399076Z app/api/dashboards.py:442: error: Argument "created_at" to "ExportScheduleResponse" has incompatible type "Column[datetime]"; expected "datetime"  [arg-type]
Backend CI	Type check with MyPy	2026-03-17T02:36:50.1401129Z app/api/dashboards.py:443: error: Argument "updated_at" to "ExportScheduleResponse" has incompatible type "Column[datetime]"; expected "datetime"  [arg-type]
Backend CI	Type check with MyPy	2026-03-17T02:36:50.1403246Z app/api/dashboards.py:465: error: Argument "format" to "ExportScheduleResponse" has incompatible type "Column[str]"; expected "str"  [arg-type]
Backend CI	Type check with MyPy	2026-03-17T02:36:50.1405069Z app/api/dashboards.py:466: error: Argument "frequency" to "ExportScheduleResponse" has incompatible type "Column[str]"; expected "str"  [arg-type]
Backend CI	Type check with MyPy	2026-03-17T02:36:50.1406964Z app/api/dashboards.py:467: error: Argument "recipients" to "ExportScheduleResponse" has incompatible type "Column[Any]"; expected "list[Any]"  [arg-type]
Backend CI	Type check with MyPy	2026-03-17T02:36:50.1408886Z app/api/dashboards.py:468: error: Argument "is_active" to "ExportScheduleResponse" has incompatible type "Column[bool]"; expected "bool"  [arg-type]
Backend CI	Type check with MyPy	2026-03-17T02:36:50.1410885Z app/api/dashboards.py:469: error: Argument "last_sent_at" to "ExportScheduleResponse" has incompatible type "Column[datetime]"; expected "datetime | None"  [arg-type]
Backend CI	Type check with MyPy	2026-03-17T02:36:50.1413179Z app/api/dashboards.py:470: error: Argument "next_send_at" to "ExportScheduleResponse" has incompatible type "Column[datetime]"; expected "datetime | None"  [arg-type]
Backend CI	Type check with MyPy	2026-03-17T02:36:50.1415179Z app/api/dashboards.py:471: error: Argument "created_at" to "ExportScheduleResponse" has incompatible type "Column[datetime]"; expected "datetime"  [arg-type]
Backend CI	Type check with MyPy	2026-03-17T02:36:50.1417137Z app/api/dashboards.py:472: error: Argument "updated_at" to "ExportScheduleResponse" has incompatible type "Column[datetime]"; expected "datetime"  [arg-type]
Backend CI	Type check with MyPy	2026-03-17T02:36:50.1541622Z app/api/dashboard.py:8: error: Library stubs not installed for "dateutil.relativedelta"  [import-untyped]
Backend CI	Type check with MyPy	2026-03-17T02:36:50.1543041Z app/api/dashboard.py:8: note: Hint: "python3 -m pip install types-python-dateutil"
Backend CI	Type check with MyPy	2026-03-17T02:36:50.1544144Z app/api/dashboard.py:8: note: (or run "mypy --install-types" to install all missing stub packages)
Backend CI	Type check with MyPy	2026-03-17T02:36:50.1545337Z app/api/dashboard.py:8: note: See https://mypy.readthedocs.io/en/stable/running_mypy.html#missing-imports
Backend CI	Type check with MyPy	2026-03-17T02:36:50.1626230Z app/api/customer_displays.py:43: error: Argument 1 to "list_displays" of "CustomerDisplayService" has incompatible type "str"; expected "UUID"  [arg-type]
Backend CI	Type check with MyPy	2026-03-17T02:36:50.1628461Z app/api/customer_displays.py:45: error: Argument "items" to "CustomerDisplayListResponse" has incompatible type "list[CustomerDisplay]"; expected "list[CustomerDisplayResponse]"  [arg-type]
Backend CI	Type check with MyPy	2026-03-17T02:36:50.1630426Z app/api/customer_displays.py:45: note: "list" is invariant -- see https://mypy.readthedocs.io/en/stable/common_issues.html#variance
Backend CI	Type check with MyPy	2026-03-17T02:36:50.1632112Z app/api/customer_displays.py:45: note: Consider using "Sequence" instead, which is covariant
Backend CI	Type check with MyPy	2026-03-17T02:36:50.1634368Z app/api/customer_displays.py:63: error: Argument 1 to "register_display" of "CustomerDisplayService" has incompatible type "str"; expected "UUID"  [arg-type]
Backend CI	Type check with MyPy	2026-03-17T02:36:50.2216730Z app/api/customer_accounts.py:119: error: Argument "items" to "AccountListResponse" has incompatible type "list[CustomerAccount]"; expected "list[AccountResponse]"  [arg-type]
Backend CI	Type check with MyPy	2026-03-17T02:36:50.2218673Z app/api/customer_accounts.py:119: note: "list" is invariant -- see https://mypy.readthedocs.io/en/stable/common_issues.html#variance
Backend CI	Type check with MyPy	2026-03-17T02:36:50.2219754Z app/api/customer_accounts.py:119: note: Consider using "Sequence" instead, which is covariant
Backend CI	Type check with MyPy	2026-03-17T02:36:50.2221044Z app/api/customer_accounts.py:253: error: Argument "user_id" to "charge_to_account" of "CustomerAccountService" has incompatible type "Column[UUID]"; expected "UUID"  [arg-type]
Backend CI	Type check with MyPy	2026-03-17T02:36:50.2223159Z app/api/customer_accounts.py:257: error: Argument "due_date" to "charge_to_account" of "CustomerAccountService" has incompatible type "date | None"; expected "datetime | None"  [arg-type]
Backend CI	Type check with MyPy	2026-03-17T02:36:50.2224982Z app/api/customer_accounts.py:286: error: Argument "user_id" to "process_payment" of "CustomerAccountService" has incompatible type "Column[UUID]"; expected "UUID"  [arg-type]
Backend CI	Type check with MyPy	2026-03-17T02:36:50.2226623Z app/api/customer_accounts.py:326: error: Argument "items" to "TransactionListResponse" has incompatible type "list[AccountTransaction]"; expected "list[TransactionResponse]"  [arg-type]
Backend CI	Type check with MyPy	2026-03-17T02:36:50.2227955Z app/api/customer_accounts.py:326: note: "list" is invariant -- see https://mypy.readthedocs.io/en/stable/common_issues.html#variance
Backend CI	Type check with MyPy	2026-03-17T02:36:50.2228876Z app/api/customer_accounts.py:326: note: Consider using "Sequence" instead, which is covariant
Backend CI	Type check with MyPy	2026-03-17T02:36:50.2229863Z app/api/customer_accounts.py:440: error: Argument 1 to "format_date" has incompatible type "Column[date]"; expected "date | datetime | None"  [arg-type]
Backend CI	Type check with MyPy	2026-03-17T02:36:50.2231130Z app/api/customer_accounts.py:446: error: Argument 1 to "format_currency" has incompatible type "Column[Decimal]"; expected "Decimal | float | int | None"  [arg-type]
Backend CI	Type check with MyPy	2026-03-17T02:36:50.2232440Z app/api/customer_accounts.py:447: error: Argument 1 to "format_currency" has incompatible type "Column[Decimal]"; expected "Decimal | float | int | None"  [arg-type]
Backend CI	Type check with MyPy	2026-03-17T02:36:50.2234035Z app/api/customer_accounts.py:448: error: Argument 1 to "format_currency" has incompatible type "Column[Decimal]"; expected "Decimal | float | int | None"  [arg-type]
Backend CI	Type check with MyPy	2026-03-17T02:36:50.2235349Z app/api/customer_accounts.py:449: error: Argument 1 to "format_currency" has incompatible type "Column[Decimal]"; expected "Decimal | float | int | None"  [arg-type]
Backend CI	Type check with MyPy	2026-03-17T02:36:50.2236650Z app/api/customer_accounts.py:455: error: Argument 1 to "format_currency" has incompatible type "Column[Decimal]"; expected "Decimal | float | int | None"  [arg-type]
Backend CI	Type check with MyPy	2026-03-17T02:36:50.2237766Z app/api/customer_accounts.py:456: error: Argument 1 to "format_currency" has incompatible type "Column[Decimal]"; expected "Decimal | float | int | None"  [arg-type]
Backend CI	Type check with MyPy	2026-03-17T02:36:50.2238870Z app/api/customer_accounts.py:457: error: Argument 1 to "format_currency" has incompatible type "Column[Decimal]"; expected "Decimal | float | int | None"  [arg-type]
Backend CI	Type check with MyPy	2026-03-17T02:36:50.2240008Z app/api/customer_accounts.py:458: error: Argument 1 to "format_currency" has incompatible type "Column[Decimal]"; expected "Decimal | float | int | None"  [arg-type]
Backend CI	Type check with MyPy	2026-03-17T02:36:50.2241091Z app/api/customer_accounts.py:477: error: Argument 1 to "format_date" has incompatible type "Column[date]"; expected "date | datetime | None"  [arg-type]
Backend CI	Type check with MyPy	2026-03-17T02:36:50.2242144Z app/api/customer_accounts.py:478: error: Argument "sections" to "build_report_pdf" has incompatible type "list[object]"; expected "list[dict[Any, Any]]"  [arg-type]
Backend CI	Type check with MyPy	2026-03-17T02:36:50.2243554Z app/api/customer_accounts.py:531: error: Argument 1 to "format_date" has incompatible type "Column[date]"; expected "date | datetime | None"  [arg-type]
Backend CI	Type check with MyPy	2026-03-17T02:36:50.2244729Z app/api/customer_accounts.py:533: error: Argument 1 to "format_currency" has incompatible type "Column[Decimal]"; expected "Decimal | float | int | None"  [arg-type]
Backend CI	Type check with MyPy	2026-03-17T02:36:50.2245811Z app/api/customer_accounts.py:534: error: Argument 1 to "format_currency" has incompatible type "Column[Decimal]"; expected "Decimal | float | int | None"  [arg-type]
Backend CI	Type check with MyPy	2026-03-17T02:36:50.2246894Z app/api/customer_accounts.py:535: error: Argument 1 to "format_currency" has incompatible type "Column[Decimal]"; expected "Decimal | float | int | None"  [arg-type]
Backend CI	Type check with MyPy	2026-03-17T02:36:50.2247973Z app/api/customer_accounts.py:536: error: Argument 1 to "format_currency" has incompatible type "Column[Decimal]"; expected "Decimal | float | int | None"  [arg-type]
Backend CI	Type check with MyPy	2026-03-17T02:36:50.2249081Z app/api/customer_accounts.py:539: error: Argument 1 to "format_currency" has incompatible type "Column[Decimal]"; expected "Decimal | float | int | None"  [arg-type]
Backend CI	Type check with MyPy	2026-03-17T02:36:50.2250154Z app/api/customer_accounts.py:540: error: Argument 1 to "format_currency" has incompatible type "Column[Decimal]"; expected "Decimal | float | int | None"  [arg-type]
Backend CI	Type check with MyPy	2026-03-17T02:36:50.2251225Z app/api/customer_accounts.py:541: error: Argument 1 to "format_currency" has incompatible type "Column[Decimal]"; expected "Decimal | float | int | None"  [arg-type]
Backend CI	Type check with MyPy	2026-03-17T02:36:50.2252295Z app/api/customer_accounts.py:542: error: Argument 1 to "format_currency" has incompatible type "Column[Decimal]"; expected "Decimal | float | int | None"  [arg-type]
Backend CI	Type check with MyPy	2026-03-17T02:36:50.2253478Z app/api/customer_accounts.py:555: error: Argument 1 to "format_currency" has incompatible type "Column[Decimal]"; expected "Decimal | float | int | None"  [arg-type]
Backend CI	Type check with MyPy	2026-03-17T02:36:50.2254379Z app/api/customer_accounts.py:567: error: Property "is_sent" defined in "AccountStatement" is read-only  [misc]
Backend CI	Type check with MyPy	2026-03-17T02:36:50.2255297Z app/api/customer_accounts.py:568: error: Incompatible types in assignment (expression has type "datetime", variable has type "Column[datetime]")  [assignment]
Backend CI	Type check with MyPy	2026-03-17T02:36:50.2256445Z app/api/customer_accounts.py:752: error: Incompatible types in assignment (expression has type "ColumnElement[Decimal]", variable has type "Column[Decimal]")  [assignment]
Backend CI	Type check with MyPy	2026-03-17T02:36:50.2533317Z app/api/crm.py:392: error: Argument "total_orders" to "TopCustomerResponse" has incompatible type "Column[int]"; expected "int"  [arg-type]
Backend CI	Type check with MyPy	2026-03-17T02:36:50.2534886Z app/api/crm.py:393: error: Argument "total_spent" to "TopCustomerResponse" has incompatible type "Column[Decimal]"; expected "Decimal"  [arg-type]
Backend CI	Type check with MyPy	2026-03-17T02:36:50.2536434Z app/api/crm.py:394: error: Argument "average_order_value" to "TopCustomerResponse" has incompatible type "Column[Decimal]"; expected "Decimal"  [arg-type]
Backend CI	Type check with MyPy	2026-03-17T02:36:50.2537733Z app/api/crm.py:395: error: Argument "last_order_date" to "TopCustomerResponse" has incompatible type "Column[datetime]"; expected "datetime | None"  [arg-type]
Backend CI	Type check with MyPy	2026-03-17T02:36:50.2539032Z app/api/crm.py:396: error: Argument "days_since_last_order" to "TopCustomerResponse" has incompatible type "Column[int]"; expected "int | None"  [arg-type]
Backend CI	Type check with MyPy	2026-03-17T02:36:50.2540230Z app/api/crm.py:417: error: Argument "total_orders" to "AtRiskCustomerResponse" has incompatible type "Column[int]"; expected "int"  [arg-type]
Backend CI	Type check with MyPy	2026-03-17T02:36:50.2541414Z app/api/crm.py:418: error: Argument "total_spent" to "AtRiskCustomerResponse" has incompatible type "Column[Decimal]"; expected "Decimal"  [arg-type]
Backend CI	Type check with MyPy	2026-03-17T02:36:50.2542631Z app/api/crm.py:419: error: Argument "days_since_last_order" to "AtRiskCustomerResponse" has incompatible type "Column[int]"; expected "int"  [arg-type]
Backend CI	Type check with MyPy	2026-03-17T02:36:50.2544101Z app/api/crm.py:420: error: Argument "last_order_date" to "AtRiskCustomerResponse" has incompatible type "Column[datetime]"; expected "datetime | None"  [arg-type]
Backend CI	Type check with MyPy	2026-03-17T02:36:50.2649030Z app/api/commissions.py:92: error: Unexpected keyword argument "user_id" for "list_records" of "CommissionService"  [call-arg]
Backend CI	Type check with MyPy	2026-03-17T02:36:50.2650229Z app/services/commission_service.py:55: note: "list_records" of "CommissionService" defined here
Backend CI	Type check with MyPy	2026-03-17T02:36:50.2651314Z app/api/commissions.py:116: error: Missing positional arguments "commission_rate", "staff_data" in call to "generate_records" of "CommissionService"  [call-arg]
Backend CI	Type check with MyPy	2026-03-17T02:36:50.2652931Z app/api/commissions.py:118: error: Argument "period_start" to "generate_records" of "CommissionService" has incompatible type "str"; expected "date"  [arg-type]
Backend CI	Type check with MyPy	2026-03-17T02:36:50.2654376Z app/api/commissions.py:119: error: Argument "period_end" to "generate_records" of "CommissionService" has incompatible type "str"; expected "date"  [arg-type]
Backend CI	Type check with MyPy	2026-03-17T02:36:50.2655703Z app/api/commissions.py:136: error: Missing positional arguments "business_id", "approver_id" in call to "approve_records" of "CommissionService"  [call-arg]
Backend CI	Type check with MyPy	2026-03-17T02:36:50.2657093Z app/api/commissions.py:152: error: Missing positional arguments "business_id", "approver_id" in call to "reject_records" of "CommissionService"  [call-arg]
Backend CI	Type check with MyPy	2026-03-17T02:36:50.2658420Z app/api/commissions.py:174: error: Argument "period_start" to "get_payroll_export" of "CommissionService" has incompatible type "str"; expected "date | None"  [arg-type]
Backend CI	Type check with MyPy	2026-03-17T02:36:50.2659789Z app/api/commissions.py:175: error: Argument "period_end" to "get_payroll_export" of "CommissionService" has incompatible type "str"; expected "date | None"  [arg-type]
Backend CI	Type check with MyPy	2026-03-17T02:36:50.2660824Z app/api/commissions.py:178: error: "list[dict[Any, Any]]" has no attribute "get"  [attr-defined]
Backend CI	Type check with MyPy	2026-03-17T02:36:50.2661535Z app/api/commissions.py:179: error: "list[dict[Any, Any]]" has no attribute "get"  [attr-defined]
Backend CI	Type check with MyPy	2026-03-17T02:36:50.2748786Z app/api/combos.py:97: error: Argument "items" to "ComboDealListResponse" has incompatible type "list[ComboDeal]"; expected "list[ComboDealResponse]"  [arg-type]
Backend CI	Type check with MyPy	2026-03-17T02:36:50.2750067Z app/api/combos.py:97: note: "list" is invariant -- see https://mypy.readthedocs.io/en/stable/common_issues.html#variance
Backend CI	Type check with MyPy	2026-03-17T02:36:50.2750903Z app/api/combos.py:97: note: Consider using "Sequence" instead, which is covariant
Backend CI	Type check with MyPy	2026-03-17T02:36:50.2946286Z app/api/categories.py:35: error: Argument "user_id" to "list_categories" of "CategoryService" has incompatible type "Column[UUID]"; expected "UUID"  [arg-type]
Backend CI	Type check with MyPy	2026-03-17T02:36:50.2947755Z app/api/categories.py:50: error: Argument 1 to "get_category_tree" of "CategoryService" has incompatible type "Column[UUID]"; expected "UUID"  [arg-type]
Backend CI	Type check with MyPy	2026-03-17T02:36:50.2949006Z app/api/categories.py:71: error: Argument 2 to "create_category" of "CategoryService" has incompatible type "Column[UUID]"; expected "UUID"  [arg-type]
Backend CI	Type check with MyPy	2026-03-17T02:36:50.2950221Z app/api/categories.py:88: error: Argument 2 to "get_category" of "CategoryService" has incompatible type "Column[UUID]"; expected "UUID"  [arg-type]
Backend CI	Type check with MyPy	2026-03-17T02:36:50.2951434Z app/api/categories.py:107: error: Argument 3 to "update_category" of "CategoryService" has incompatible type "Column[UUID]"; expected "UUID"  [arg-type]
Backend CI	Type check with MyPy	2026-03-17T02:36:50.2952878Z app/api/categories.py:129: error: Argument 2 to "delete_category" of "CategoryService" has incompatible type "Column[UUID]"; expected "UUID"  [arg-type]
Backend CI	Type check with MyPy	2026-03-17T02:36:50.2954197Z app/api/categories.py:148: error: Argument 2 to "reorder_categories" of "CategoryService" has incompatible type "Column[UUID]"; expected "UUID"  [arg-type]
Backend CI	Type check with MyPy	2026-03-17T02:36:50.3033848Z app/api/cash_registers.py:195: error: Argument "items" to "SessionListResponse" has incompatible type "list[RegisterSession]"; expected "list[SessionResponse]"  [arg-type]
Backend CI	Type check with MyPy	2026-03-17T02:36:50.3035211Z app/api/cash_registers.py:195: note: "list" is invariant -- see https://mypy.readthedocs.io/en/stable/common_issues.html#variance
Backend CI	Type check with MyPy	2026-03-17T02:36:50.3036118Z app/api/cash_registers.py:195: note: Consider using "Sequence" instead, which is covariant
Backend CI	Type check with MyPy	2026-03-17T02:36:50.3393932Z app/api/auth.py:71: error: Argument 4 to "set_cookie" of "Response" has incompatible type "**dict[str, object]"; expected "datetime | str | int | None"  [arg-type]
Backend CI	Type check with MyPy	2026-03-17T02:36:50.3395839Z app/api/auth.py:71: error: Argument 4 to "set_cookie" of "Response" has incompatible type "**dict[str, object]"; expected "str | None"  [arg-type]
Backend CI	Type check with MyPy	2026-03-17T02:36:50.3397220Z app/api/auth.py:71: error: Argument 4 to "set_cookie" of "Response" has incompatible type "**dict[str, object]"; expected "bool"  [arg-type]
Backend CI	Type check with MyPy	2026-03-17T02:36:50.3398595Z app/api/auth.py:71: error: Argument 4 to "set_cookie" of "Response" has incompatible type "**dict[str, object]"; expected "Literal['lax', 'strict', 'none'] | None"  [arg-type]
Backend CI	Type check with MyPy	2026-03-17T02:36:50.3399823Z app/api/auth.py:79: error: Argument 4 to "set_cookie" of "Response" has incompatible type "**dict[str, object]"; expected "datetime | str | int | None"  [arg-type]
Backend CI	Type check with MyPy	2026-03-17T02:36:50.3400914Z app/api/auth.py:79: error: Argument 4 to "set_cookie" of "Response" has incompatible type "**dict[str, object]"; expected "str | None"  [arg-type]
Backend CI	Type check with MyPy	2026-03-17T02:36:50.3401936Z app/api/auth.py:79: error: Argument 4 to "set_cookie" of "Response" has incompatible type "**dict[str, object]"; expected "bool"  [arg-type]
Backend CI	Type check with MyPy	2026-03-17T02:36:50.3403286Z app/api/auth.py:79: error: Argument 4 to "set_cookie" of "Response" has incompatible type "**dict[str, object]"; expected "Literal['lax', 'strict', 'none'] | None"  [arg-type]
Backend CI	Type check with MyPy	2026-03-17T02:36:50.3404432Z app/api/auth.py:117: error: Argument 1 to "create_email_verification_token" has incompatible type "Column[str]"; expected "str"  [arg-type]
Backend CI	Type check with MyPy	2026-03-17T02:36:50.3405405Z app/api/auth.py:139: error: Argument "to_email" to "to_thread" has incompatible type "Column[str]"; expected "str"  [arg-type]
Backend CI	Type check with MyPy	2026-03-17T02:36:50.3406309Z app/api/auth.py:152: error: Argument "email" to "UserResponse" has incompatible type "Column[str]"; expected "str"  [arg-type]
Backend CI	Type check with MyPy	2026-03-17T02:36:50.3407252Z app/api/auth.py:153: error: Argument "first_name" to "UserResponse" has incompatible type "Column[str]"; expected "str"  [arg-type]
Backend CI	Type check with MyPy	2026-03-17T02:36:50.3408218Z app/api/auth.py:154: error: Argument "last_name" to "UserResponse" has incompatible type "Column[str]"; expected "str"  [arg-type]
Backend CI	Type check with MyPy	2026-03-17T02:36:50.3409142Z app/api/auth.py:155: error: Argument "phone" to "UserResponse" has incompatible type "Column[str]"; expected "str | None"  [arg-type]
Backend CI	Type check with MyPy	2026-03-17T02:36:50.3410027Z app/api/auth.py:156: error: Argument "is_email_verified" to "UserResponse" has incompatible type "Column[bool]"; expected "bool"  [arg-type]
Backend CI	Type check with MyPy	2026-03-17T02:36:50.3410903Z app/api/auth.py:198: error: Argument 1 to "validate_totp_code" has incompatible type "Column[UUID]"; expected "UUID"  [arg-type]
Backend CI	Type check with MyPy	2026-03-17T02:36:50.3411764Z app/api/auth.py:263: error: Incompatible types in assignment (expression has type "str | None", variable has type "str")  [assignment]
Backend CI	Type check with MyPy	2026-03-17T02:36:50.3412799Z app/api/auth.py:279: error: Argument 1 to "get_user_by_id" of "AuthService" has incompatible type "Any | None"; expected "str | UUID"  [arg-type]
Backend CI	Type check with MyPy	2026-03-17T02:36:50.3413904Z app/api/auth.py:399: error: Incompatible default for argument "response" (default has type "None", argument has type "Response")  [assignment]
Backend CI	Type check with MyPy	2026-03-17T02:36:50.3414833Z app/api/auth.py:399: note: PEP 484 prohibits implicit Optional. Accordingly, mypy has changed its default to no_implicit_optional=True
Backend CI	Type check with MyPy	2026-03-17T02:36:50.3415705Z app/api/auth.py:399: note: Use https://github.com/hauntsaninja/no_implicit_optional to automatically upgrade your codebase
Backend CI	Type check with MyPy	2026-03-17T02:36:50.3416533Z app/api/auth.py:426: error: Argument "email" to "UserResponse" has incompatible type "Column[str]"; expected "str"  [arg-type]
Backend CI	Type check with MyPy	2026-03-17T02:36:50.3417369Z app/api/auth.py:427: error: Argument "first_name" to "UserResponse" has incompatible type "Column[str]"; expected "str"  [arg-type]
Backend CI	Type check with MyPy	2026-03-17T02:36:50.3418230Z app/api/auth.py:428: error: Argument "last_name" to "UserResponse" has incompatible type "Column[str]"; expected "str"  [arg-type]
Backend CI	Type check with MyPy	2026-03-17T02:36:50.3419267Z app/api/auth.py:429: error: Argument "phone" to "UserResponse" has incompatible type "Column[str]"; expected "str | None"  [arg-type]
Backend CI	Type check with MyPy	2026-03-17T02:36:50.3420257Z app/api/auth.py:430: error: Argument "avatar_url" to "UserResponse" has incompatible type "Column[str]"; expected "str | None"  [arg-type]
Backend CI	Type check with MyPy	2026-03-17T02:36:50.3421172Z app/api/auth.py:431: error: Argument "is_email_verified" to "UserResponse" has incompatible type "Column[bool]"; expected "bool"  [arg-type]
Backend CI	Type check with MyPy	2026-03-17T02:36:50.3422048Z app/api/auth.py:433: error: Argument "is_admin" to "UserResponse" has incompatible type "Column[bool]"; expected "bool"  [arg-type]
Backend CI	Type check with MyPy	2026-03-17T02:36:50.3423053Z app/api/auth.py:434: error: Argument "is_superadmin" to "UserResponse" has incompatible type "Column[bool]"; expected "bool"  [arg-type]
Backend CI	Type check with MyPy	2026-03-17T02:36:50.3423900Z app/api/auth.py:454: error: Argument 2 to "verify_password" has incompatible type "Column[str]"; expected "str"  [arg-type]
Backend CI	Type check with MyPy	2026-03-17T02:36:50.3424732Z app/api/auth.py:505: error: Incompatible types in assignment (expression has type "str", variable has type "Column[str]")  [assignment]
Backend CI	Type check with MyPy	2026-03-17T02:36:50.3425566Z app/api/auth.py:555: error: Argument 2 to "verify_pin_code" has incompatible type "Column[str]"; expected "str"  [arg-type]
Backend CI	Type check with MyPy	2026-03-17T02:36:50.3426402Z app/api/auth.py:583: error: Incompatible types in assignment (expression has type "None", variable has type "Column[str]")  [assignment]
Backend CI	Type check with MyPy	2026-03-17T02:36:50.3583905Z app/api/admin_subscriptions.py:72: error: Argument "admin_user_id" to "create_subscription" of "SubscriptionService" has incompatible type "Column[UUID]"; expected "UUID | None"  [arg-type]
Backend CI	Type check with MyPy	2026-03-17T02:36:50.3585644Z app/api/admin_subscriptions.py:125: error: Argument "admin_user_id" to "update_subscription" of "SubscriptionService" has incompatible type "Column[UUID]"; expected "UUID | None"  [arg-type]
Backend CI	Type check with MyPy	2026-03-17T02:36:50.3587322Z app/api/admin_subscriptions.py:170: error: Argument "admin_user_id" to "reactivate_subscription" of "SubscriptionService" has incompatible type "Column[UUID]"; expected "UUID | None"  [arg-type]
Backend CI	Type check with MyPy	2026-03-17T02:36:50.3589020Z app/api/admin_subscriptions.py:235: error: Argument "admin_user_id" to "add_feature_override" of "SubscriptionService" has incompatible type "Column[UUID]"; expected "UUID | None"  [arg-type]
Backend CI	Type check with MyPy	2026-03-17T02:36:50.3590515Z app/api/admin_subscriptions.py:297: error: Argument "admin_user_id" to "remove_feature_override" of "SubscriptionService" has incompatible type "Column[UUID]"; expected "UUID | None"  [arg-type]
Backend CI	Type check with MyPy	2026-03-17T02:36:50.4099219Z app/agents/tool_registry.py:84: error: Type cannot be declared in assignment to non-self attribute  [misc]
Backend CI	Type check with MyPy	2026-03-17T02:36:50.4100192Z app/agents/tool_registry.py:84: error: "ToolRegistry" has no attribute "_tools"  [attr-defined]
Backend CI	Type check with MyPy	2026-03-17T02:36:50.4100996Z app/agents/tool_registry.py:89: error: "ToolRegistry" has no attribute "_tools"  [attr-defined]
Backend CI	Type check with MyPy	2026-03-17T02:36:50.4101851Z app/agents/tool_registry.py:91: error: "ToolRegistry" has no attribute "_tools"  [attr-defined]
Backend CI	Type check with MyPy	2026-03-17T02:36:50.4103147Z app/agents/tool_registry.py:95: error: "ToolRegistry" has no attribute "_tools"  [attr-defined]
Backend CI	Type check with MyPy	2026-03-17T02:36:50.4115447Z app/agents/tool_registry.py:101: error: "ToolRegistry" has no attribute "_tools"  [attr-defined]
Backend CI	Type check with MyPy	2026-03-17T02:36:50.4116242Z app/agents/tool_registry.py:108: error: "ToolRegistry" has no attribute "_tools"  [attr-defined]
Backend CI	Type check with MyPy	2026-03-17T02:36:50.4234027Z app/api/subscriptions.py:103: error: Argument "subscription_started_at" to "UserSubscriptionResponse" has incompatible type "Column[datetime]"; expected "datetime | None"  [arg-type]
Backend CI	Type check with MyPy	2026-03-17T02:36:50.4235785Z app/api/subscriptions.py:104: error: Argument "subscription_expires_at" to "UserSubscriptionResponse" has incompatible type "Column[datetime]"; expected "datetime | None"  [arg-type]
Backend CI	Type check with MyPy	2026-03-17T02:36:50.4237447Z app/api/subscriptions.py:105: error: Argument "trial_ends_at" to "UserSubscriptionResponse" has incompatible type "Column[datetime]"; expected "datetime | None"  [arg-type]
Backend CI	Type check with MyPy	2026-03-17T02:36:50.4239250Z app/api/subscriptions.py:107: error: Argument "is_admin" to "UserSubscriptionResponse" has incompatible type "Column[bool]"; expected "bool"  [arg-type]
Backend CI	Type check with MyPy	2026-03-17T02:36:50.4240756Z app/api/subscriptions.py:166: error: Incompatible types in assignment (expression has type "SubscriptionStatus", variable has type "Column[Any]")  [assignment]
Backend CI	Type check with MyPy	2026-03-17T02:36:50.4242067Z app/api/subscriptions.py:167: error: Incompatible types in assignment (expression has type "datetime", variable has type "Column[datetime]")  [assignment]
Backend CI	Type check with MyPy	2026-03-17T02:36:50.4243634Z app/api/subscriptions.py:218: error: Incompatible types in assignment (expression has type "SubscriptionStatus", variable has type "Column[Any]")  [assignment]
Backend CI	Type check with MyPy	2026-03-17T02:36:50.4244939Z app/api/subscriptions.py:219: error: Incompatible types in assignment (expression has type "datetime", variable has type "Column[datetime]")  [assignment]
Backend CI	Type check with MyPy	2026-03-17T02:36:50.4246206Z app/api/subscriptions.py:220: error: Incompatible types in assignment (expression has type "datetime", variable has type "Column[datetime]")  [assignment]
Backend CI	Type check with MyPy	2026-03-17T02:36:50.4247505Z app/api/subscriptions.py:249: error: Incompatible types in assignment (expression has type "SubscriptionStatus", variable has type "Column[Any]")  [assignment]
Backend CI	Type check with MyPy	2026-03-17T02:36:50.4248764Z app/api/subscriptions.py:253: error: Incompatible types in assignment (expression has type "None", variable has type "Column[UUID]")  [assignment]
Backend CI	Type check with MyPy	2026-03-17T02:36:50.4935806Z app/api/time_entries.py:192: error: Argument "entry_type" to "TimeEntryResponse" has incompatible type "Any | None"; expected "str"  [arg-type]
Backend CI	Type check with MyPy	2026-03-17T02:36:50.4937751Z app/api/time_entries.py:193: error: Argument "clock_in" to "TimeEntryResponse" has incompatible type "Column[datetime]"; expected "datetime | None"  [arg-type]
Backend CI	Type check with MyPy	2026-03-17T02:36:50.4939189Z app/api/time_entries.py:194: error: Argument "clock_out" to "TimeEntryResponse" has incompatible type "Column[datetime]"; expected "datetime | None"  [arg-type]
Backend CI	Type check with MyPy	2026-03-17T02:36:50.4941352Z app/api/time_entries.py:195: error: Argument "break_start" to "TimeEntryResponse" has incompatible type "Column[datetime]"; expected "datetime | None"  [arg-type]
Backend CI	Type check with MyPy	2026-03-17T02:36:50.4943134Z app/api/time_entries.py:196: error: Argument "break_end" to "TimeEntryResponse" has incompatible type "Column[datetime]"; expected "datetime | None"  [arg-type]
Backend CI	Type check with MyPy	2026-03-17T02:36:50.4944369Z app/api/time_entries.py:199: error: Argument "status" to "TimeEntryResponse" has incompatible type "Any | None"; expected "str"  [arg-type]
Backend CI	Type check with MyPy	2026-03-17T02:36:50.4945539Z app/api/time_entries.py:200: error: Argument "device_id" to "TimeEntryResponse" has incompatible type "Column[str]"; expected "str | None"  [arg-type]
Backend CI	Type check with MyPy	2026-03-17T02:36:50.4946752Z app/api/time_entries.py:201: error: Argument "ip_address" to "TimeEntryResponse" has incompatible type "Column[str]"; expected "str | None"  [arg-type]
Backend CI	Type check with MyPy	2026-03-17T02:36:50.4947966Z app/api/time_entries.py:202: error: Argument "location" to "TimeEntryResponse" has incompatible type "Column[str]"; expected "str | None"  [arg-type]
Backend CI	Type check with MyPy	2026-03-17T02:36:50.4949155Z app/api/time_entries.py:203: error: Argument "notes" to "TimeEntryResponse" has incompatible type "Column[str]"; expected "str | None"  [arg-type]
Backend CI	Type check with MyPy	2026-03-17T02:36:50.4950398Z app/api/time_entries.py:205: error: Argument "approved_at" to "TimeEntryResponse" has incompatible type "Column[datetime]"; expected "datetime | None"  [arg-type]
Backend CI	Type check with MyPy	2026-03-17T02:36:50.4951701Z app/api/time_entries.py:206: error: Argument "rejection_reason" to "TimeEntryResponse" has incompatible type "Column[str]"; expected "str | None"  [arg-type]
Backend CI	Type check with MyPy	2026-03-17T02:36:50.4953017Z app/api/time_entries.py:207: error: Argument "created_at" to "TimeEntryResponse" has incompatible type "Column[datetime]"; expected "datetime | None"  [arg-type]
Backend CI	Type check with MyPy	2026-03-17T02:36:50.4954110Z app/api/time_entries.py:208: error: Argument "updated_at" to "TimeEntryResponse" has incompatible type "Column[datetime]"; expected "datetime | None"  [arg-type]
Backend CI	Type check with MyPy	2026-03-17T02:36:50.4955153Z app/api/time_entries.py:229: error: Argument "clock_in" to "ClockStatus" has incompatible type "Column[datetime]"; expected "datetime | None"  [arg-type]
Backend CI	Type check with MyPy	2026-03-17T02:36:50.4956494Z app/api/time_entries.py:231: error: Argument "break_start" to "ClockStatus" has incompatible type "Column[datetime] | None"; expected "datetime | None"  [arg-type]
Backend CI	Type check with MyPy	2026-03-17T02:36:50.4957690Z app/api/time_entries.py:251: error: Argument "device_id" to "clock_in" of "TimeTrackingService" has incompatible type "str | None"; expected "str"  [arg-type]
Backend CI	Type check with MyPy	2026-03-17T02:36:50.4958729Z app/api/time_entries.py:252: error: Argument "location" to "clock_in" of "TimeTrackingService" has incompatible type "str | None"; expected "str"  [arg-type]
Backend CI	Type check with MyPy	2026-03-17T02:36:50.4959727Z app/api/time_entries.py:255: error: Incompatible types in assignment (expression has type "str", variable has type "Column[str]")  [assignment]
Backend CI	Type check with MyPy	2026-03-17T02:36:50.4960706Z app/api/time_entries.py:279: error: Incompatible types in assignment (expression has type "str", variable has type "Column[str]")  [assignment]
Backend CI	Type check with MyPy	2026-03-17T02:36:50.4961763Z app/api/time_entries.py:345: error: Argument 3 to "get_user_time_entries" of "TimeTrackingService" has incompatible type "date | None"; expected "date"  [arg-type]
Backend CI	Type check with MyPy	2026-03-17T02:36:50.4963241Z app/api/time_entries.py:345: error: Argument 4 to "get_user_time_entries" of "TimeTrackingService" has incompatible type "date | None"; expected "date"  [arg-type]
Backend CI	Type check with MyPy	2026-03-17T02:36:50.4964375Z app/api/time_entries.py:348: error: Argument 2 to "get_team_time_entries" of "TimeTrackingService" has incompatible type "date | None"; expected "date"  [arg-type]
Backend CI	Type check with MyPy	2026-03-17T02:36:50.4965481Z app/api/time_entries.py:348: error: Argument 3 to "get_team_time_entries" of "TimeTrackingService" has incompatible type "date | None"; expected "date"  [arg-type]
Backend CI	Type check with MyPy	2026-03-17T02:36:50.4966546Z app/api/time_entries.py:618: error: Incompatible types in assignment (expression has type "Decimal", variable has type "Column[Decimal]")  [assignment]
Backend CI	Type check with MyPy	2026-03-17T02:36:50.4967650Z app/api/time_entries.py:684: error: Argument "clock_in" to "update_time_entry" of "TimeTrackingService" has incompatible type "datetime | None"; expected "datetime"  [arg-type]
Backend CI	Type check with MyPy	2026-03-17T02:36:50.4968841Z app/api/time_entries.py:685: error: Argument "clock_out" to "update_time_entry" of "TimeTrackingService" has incompatible type "datetime | None"; expected "datetime"  [arg-type]
Backend CI	Type check with MyPy	2026-03-17T02:36:50.4970032Z app/api/time_entries.py:686: error: Argument "break_start" to "update_time_entry" of "TimeTrackingService" has incompatible type "datetime | None"; expected "datetime"  [arg-type]
Backend CI	Type check with MyPy	2026-03-17T02:36:50.4971222Z app/api/time_entries.py:687: error: Argument "break_end" to "update_time_entry" of "TimeTrackingService" has incompatible type "datetime | None"; expected "datetime"  [arg-type]
Backend CI	Type check with MyPy	2026-03-17T02:36:50.4972414Z app/api/time_entries.py:688: error: Argument "break_duration" to "update_time_entry" of "TimeTrackingService" has incompatible type "Decimal | None"; expected "Decimal"  [arg-type]
Backend CI	Type check with MyPy	2026-03-17T02:36:50.4973865Z app/api/time_entries.py:689: error: Argument "notes" to "update_time_entry" of "TimeTrackingService" has incompatible type "str | None"; expected "str"  [arg-type]
Backend CI	Type check with MyPy	2026-03-17T02:36:50.4974893Z app/api/time_entries.py:747: error: Argument 1 to "DayEndProcessResult" has incompatible type "**dict[str, int]"; expected "str"  [arg-type]
Backend CI	Type check with MyPy	2026-03-17T02:36:50.4975944Z app/api/time_entries.py:767: error: Argument "payroll_period_type" to "BusinessTimeSettingsResponse" has incompatible type "Column[str]"; expected "str"  [arg-type]
Backend CI	Type check with MyPy	2026-03-17T02:36:50.4977100Z app/api/time_entries.py:768: error: Argument "payroll_period_start_day" to "BusinessTimeSettingsResponse" has incompatible type "Column[int]"; expected "int"  [arg-type]
Backend CI	Type check with MyPy	2026-03-17T02:36:50.4978178Z app/api/time_entries.py:788: error: Incompatible types in assignment (expression has type "time", variable has type "Column[time]")  [assignment]
Backend CI	Type check with MyPy	2026-03-17T02:36:50.4979172Z app/api/time_entries.py:796: error: Incompatible types in assignment (expression has type "Decimal", variable has type "Column[Decimal]")  [assignment]
Backend CI	Type check with MyPy	2026-03-17T02:36:50.4980383Z app/api/time_entries.py:799: error: Incompatible types in assignment (expression has type "Decimal", variable has type "Column[Decimal]")  [assignment]
Backend CI	Type check with MyPy	2026-03-17T02:36:50.4981515Z app/api/time_entries.py:802: error: Incompatible types in assignment (expression has type "Decimal", variable has type "Column[Decimal]")  [assignment]
Backend CI	Type check with MyPy	2026-03-17T02:36:50.4982491Z app/api/time_entries.py:805: error: Incompatible types in assignment (expression has type "str", variable has type "Column[str]")  [assignment]
Backend CI	Type check with MyPy	2026-03-17T02:36:50.4983702Z app/api/time_entries.py:808: error: Incompatible types in assignment (expression has type "int", variable has type "Column[int]")  [assignment]
Backend CI	Type check with MyPy	2026-03-17T02:36:50.4984753Z app/api/time_entries.py:820: error: Argument "payroll_period_type" to "BusinessTimeSettingsResponse" has incompatible type "Column[str]"; expected "str"  [arg-type]
Backend CI	Type check with MyPy	2026-03-17T02:36:50.4985910Z app/api/time_entries.py:821: error: Argument "payroll_period_start_day" to "BusinessTimeSettingsResponse" has incompatible type "Column[int]"; expected "int"  [arg-type]
Backend CI	Type check with MyPy	2026-03-17T02:36:50.5231361Z app/api/roles.py:76: error: Argument "name" to "RoleResponse" has incompatible type "Column[str]"; expected "str"  [arg-type]
Backend CI	Type check with MyPy	2026-03-17T02:36:50.5232943Z app/api/roles.py:77: error: Argument "description" to "RoleResponse" has incompatible type "Column[str]"; expected "str | None"  [arg-type]
Backend CI	Type check with MyPy	2026-03-17T02:36:50.5234295Z app/api/roles.py:79: error: Argument "is_system" to "RoleResponse" has incompatible type "Column[bool]"; expected "bool"  [arg-type]
Backend CI	Type check with MyPy	2026-03-17T02:36:50.5914867Z app/api/reorder.py:336: error: Argument 2 to "upsert_settings" of "ReorderSettingsService" has incompatible type "str"; expected "UUID"  [arg-type]
Backend CI	Type check with MyPy	2026-03-17T02:36:50.5916065Z app/api/reorder.py:336: error: Argument 3 to "upsert_settings" of "ReorderSettingsService" has incompatible type "Column[UUID]"; expected "UUID | None"  [arg-type]
Backend CI	Type check with MyPy	2026-03-17T02:36:50.5917226Z app/api/reorder.py:341: error: Argument "reorder_point" to "ProductReorderSettingsResponse" has incompatible type "Column[int]"; expected "int"  [arg-type]
Backend CI	Type check with MyPy	2026-03-17T02:36:50.5918334Z app/api/reorder.py:342: error: Argument "safety_stock" to "ProductReorderSettingsResponse" has incompatible type "Column[int]"; expected "int"  [arg-type]
Backend CI	Type check with MyPy	2026-03-17T02:36:50.5919430Z app/api/reorder.py:343: error: Argument "par_level" to "ProductReorderSettingsResponse" has incompatible type "Column[int]"; expected "int | None"  [arg-type]
Backend CI	Type check with MyPy	2026-03-17T02:36:50.5920513Z app/api/reorder.py:344: error: Argument "eoq" to "ProductReorderSettingsResponse" has incompatible type "Column[int]"; expected "int | None"  [arg-type]
Backend CI	Type check with MyPy	2026-03-17T02:36:50.5921575Z app/api/reorder.py:345: error: Argument "auto_reorder" to "ProductReorderSettingsResponse" has incompatible type "Column[bool]"; expected "bool"  [arg-type]
Backend CI	Type check with MyPy	2026-03-17T02:36:50.5922939Z app/api/reorder.py:351: error: Argument "created_at" to "ProductReorderSettingsResponse" has incompatible type "Column[datetime]"; expected "datetime"  [arg-type]
Backend CI	Type check with MyPy	2026-03-17T02:36:50.5924130Z app/api/reorder.py:352: error: Argument "updated_at" to "ProductReorderSettingsResponse" has incompatible type "Column[datetime]"; expected "datetime"  [arg-type]
Backend CI	Type check with MyPy	2026-03-17T02:36:50.5925188Z app/api/reorder.py:367: error: Argument 1 to "get_settings" of "ReorderSettingsService" has incompatible type "str"; expected "UUID"  [arg-type]
Backend CI	Type check with MyPy	2026-03-17T02:36:50.5926361Z app/api/reorder.py:367: error: Argument 2 to "get_settings" of "ReorderSettingsService" has incompatible type "str"; expected "UUID"  [arg-type]
Backend CI	Type check with MyPy	2026-03-17T02:36:50.5927390Z app/api/reorder.py:377: error: Argument "reorder_point" to "ProductReorderSettingsResponse" has incompatible type "Column[int]"; expected "int"  [arg-type]
Backend CI	Type check with MyPy	2026-03-17T02:36:50.5928473Z app/api/reorder.py:378: error: Argument "safety_stock" to "ProductReorderSettingsResponse" has incompatible type "Column[int]"; expected "int"  [arg-type]
Backend CI	Type check with MyPy	2026-03-17T02:36:50.5929552Z app/api/reorder.py:379: error: Argument "par_level" to "ProductReorderSettingsResponse" has incompatible type "Column[int]"; expected "int | None"  [arg-type]
Backend CI	Type check with MyPy	2026-03-17T02:36:50.5930883Z app/api/reorder.py:380: error: Argument "eoq" to "ProductReorderSettingsResponse" has incompatible type "Column[int]"; expected "int | None"  [arg-type]
Backend CI	Type check with MyPy	2026-03-17T02:36:50.5932079Z app/api/reorder.py:381: error: Argument "auto_reorder" to "ProductReorderSettingsResponse" has incompatible type "Column[bool]"; expected "bool"  [arg-type]
Backend CI	Type check with MyPy	2026-03-17T02:36:50.5933706Z app/api/reorder.py:387: error: Argument "created_at" to "ProductReorderSettingsResponse" has incompatible type "Column[datetime]"; expected "datetime"  [arg-type]
Backend CI	Type check with MyPy	2026-03-17T02:36:50.5934839Z app/api/reorder.py:388: error: Argument "updated_at" to "ProductReorderSettingsResponse" has incompatible type "Column[datetime]"; expected "datetime"  [arg-type]
Backend CI	Type check with MyPy	2026-03-17T02:36:50.5935879Z app/api/reorder.py:403: error: Argument 2 to "bulk_update" of "ReorderSettingsService" has incompatible type "str"; expected "UUID"  [arg-type]
Backend CI	Type check with MyPy	2026-03-17T02:36:50.5936900Z app/api/reorder.py:403: error: Argument 3 to "bulk_update" of "ReorderSettingsService" has incompatible type "Column[UUID]"; expected "UUID | None"  [arg-type]
Backend CI	Type check with MyPy	2026-03-17T02:36:50.5937977Z app/api/reorder.py:409: error: Argument "reorder_point" to "ProductReorderSettingsResponse" has incompatible type "Column[int]"; expected "int"  [arg-type]
Backend CI	Type check with MyPy	2026-03-17T02:36:50.5939050Z app/api/reorder.py:410: error: Argument "safety_stock" to "ProductReorderSettingsResponse" has incompatible type "Column[int]"; expected "int"  [arg-type]
Backend CI	Type check with MyPy	2026-03-17T02:36:50.5940117Z app/api/reorder.py:411: error: Argument "par_level" to "ProductReorderSettingsResponse" has incompatible type "Column[int]"; expected "int | None"  [arg-type]
Backend CI	Type check with MyPy	2026-03-17T02:36:50.5941183Z app/api/reorder.py:412: error: Argument "eoq" to "ProductReorderSettingsResponse" has incompatible type "Column[int]"; expected "int | None"  [arg-type]
Backend CI	Type check with MyPy	2026-03-17T02:36:50.5942254Z app/api/reorder.py:413: error: Argument "auto_reorder" to "ProductReorderSettingsResponse" has incompatible type "Column[bool]"; expected "bool"  [arg-type]
Backend CI	Type check with MyPy	2026-03-17T02:36:50.5943628Z app/api/reorder.py:417: error: Argument "created_at" to "ProductReorderSettingsResponse" has incompatible type "Column[datetime]"; expected "datetime"  [arg-type]
Backend CI	Type check with MyPy	2026-03-17T02:36:50.5944811Z app/api/reorder.py:418: error: Argument "updated_at" to "ProductReorderSettingsResponse" has incompatible type "Column[datetime]"; expected "datetime"  [arg-type]
Backend CI	Type check with MyPy	2026-03-17T02:36:50.5945796Z app/api/reorder.py:440: error: Argument 2 to "create_grn" of "GRNService" has incompatible type "str"; expected "UUID"  [arg-type]
Backend CI	Type check with MyPy	2026-03-17T02:36:50.5946686Z app/api/reorder.py:440: error: Argument 3 to "create_grn" of "GRNService" has incompatible type "Column[UUID]"; expected "UUID | None"  [arg-type]
Backend CI	Type check with MyPy	2026-03-17T02:36:50.5947595Z app/api/reorder.py:448: error: Argument "grn_number" to "GRNResponse" has incompatible type "Column[str]"; expected "str"  [arg-type]
Backend CI	Type check with MyPy	2026-03-17T02:36:50.5948538Z app/api/reorder.py:450: error: Argument "received_at" to "GRNResponse" has incompatible type "Column[datetime]"; expected "datetime | None"  [arg-type]
Backend CI	Type check with MyPy	2026-03-17T02:36:50.5949488Z app/api/reorder.py:451: error: Argument "notes" to "GRNResponse" has incompatible type "Column[str]"; expected "str | None"  [arg-type]
Backend CI	Type check with MyPy	2026-03-17T02:36:50.5950401Z app/api/reorder.py:462: error: Argument "created_at" to "GRNResponse" has incompatible type "Column[datetime]"; expected "datetime"  [arg-type]
Backend CI	Type check with MyPy	2026-03-17T02:36:50.5951293Z app/api/reorder.py:480: error: Argument 1 to "list_grns" of "GRNService" has incompatible type "str"; expected "UUID"  [arg-type]
Backend CI	Type check with MyPy	2026-03-17T02:36:50.5952219Z app/api/reorder.py:481: error: Argument "purchase_order_id" to "list_grns" of "GRNService" has incompatible type "str | None"; expected "UUID | None"  [arg-type]
Backend CI	Type check with MyPy	2026-03-17T02:36:50.5953858Z app/api/reorder.py:492: error: Argument "grn_number" to "GRNResponse" has incompatible type "Column[str]"; expected "str"  [arg-type]
Backend CI	Type check with MyPy	2026-03-17T02:36:50.5955734Z app/api/reorder.py:494: error: Argument "received_at" to "GRNResponse" has incompatible type "Column[datetime]"; expected "datetime | None"  [arg-type]
Backend CI	Type check with MyPy	2026-03-17T02:36:50.5957651Z app/api/reorder.py:495: error: Argument "notes" to "GRNResponse" has incompatible type "Column[str]"; expected "str | None"  [arg-type]
Backend CI	Type check with MyPy	2026-03-17T02:36:50.5959236Z app/api/reorder.py:506: error: Argument "created_at" to "GRNResponse" has incompatible type "Column[datetime]"; expected "datetime"  [arg-type]
Backend CI	Type check with MyPy	2026-03-17T02:36:50.5960748Z app/api/reorder.py:528: error: Argument 1 to "get_grn" of "GRNService" has incompatible type "str"; expected "UUID"  [arg-type]
Backend CI	Type check with MyPy	2026-03-17T02:36:50.5962083Z app/api/reorder.py:528: error: Argument 2 to "get_grn" of "GRNService" has incompatible type "str"; expected "UUID"  [arg-type]
Backend CI	Type check with MyPy	2026-03-17T02:36:50.5964233Z app/api/reorder.py:536: error: Argument "grn_number" to "GRNResponse" has incompatible type "Column[str]"; expected "str"  [arg-type]
Backend CI	Type check with MyPy	2026-03-17T02:36:50.5966551Z app/api/reorder.py:538: error: Argument "received_at" to "GRNResponse" has incompatible type "Column[datetime]"; expected "datetime | None"  [arg-type]
Backend CI	Type check with MyPy	2026-03-17T02:36:50.5968703Z app/api/reorder.py:539: error: Argument "notes" to "GRNResponse" has incompatible type "Column[str]"; expected "str | None"  [arg-type]
Backend CI	Type check with MyPy	2026-03-17T02:36:50.5970907Z app/api/reorder.py:550: error: Argument "created_at" to "GRNResponse" has incompatible type "Column[datetime]"; expected "datetime"  [arg-type]
Backend CI	Type check with MyPy	2026-03-17T02:36:50.5973306Z app/api/reorder.py:639: error: Argument 2 to "calculate_stockout_date" of "StockMonitorService" has incompatible type "str"; expected "UUID"  [arg-type]
Backend CI	Type check with MyPy	2026-03-17T02:36:50.5975629Z app/api/reorder.py:640: error: Argument 2 to "calculate_sales_velocity" of "StockMonitorService" has incompatible type "str"; expected "UUID"  [arg-type]
Backend CI	Type check with MyPy	2026-03-17T02:36:50.5978051Z app/api/reorder.py:698: error: Argument 2 to "calculate_sales_velocity" of "StockMonitorService" has incompatible type "str"; expected "UUID"  [arg-type]
Backend CI	Type check with MyPy	2026-03-17T02:36:50.6477775Z app/api/products.py:62: error: Argument "name" to "ProductResponse" has incompatible type "Column[str]"; expected "str"  [arg-type]
Backend CI	Type check with MyPy	2026-03-17T02:36:50.6479562Z app/api/products.py:63: error: Argument "description" to "ProductResponse" has incompatible type "Column[str]"; expected "str | None"  [arg-type]
Backend CI	Type check with MyPy	2026-03-17T02:36:50.6481106Z app/api/products.py:64: error: Argument "sku" to "ProductResponse" has incompatible type "Column[str]"; expected "str | None"  [arg-type]
Backend CI	Type check with MyPy	2026-03-17T02:36:50.6482826Z app/api/products.py:65: error: Argument "barcode" to "ProductResponse" has incompatible type "Column[str]"; expected "str | None"  [arg-type]
Backend CI	Type check with MyPy	2026-03-17T02:36:50.6484506Z app/api/products.py:66: error: Argument "cost_price" to "ProductResponse" has incompatible type "Column[Decimal]"; expected "Decimal | None"  [arg-type]
Backend CI	Type check with MyPy	2026-03-17T02:36:50.6486306Z app/api/products.py:67: error: Argument "selling_price" to "ProductResponse" has incompatible type "Column[Decimal]"; expected "Decimal"  [arg-type]
Backend CI	Type check with MyPy	2026-03-17T02:36:50.6488161Z app/api/products.py:68: error: Argument "compare_at_price" to "ProductResponse" has incompatible type "Column[Decimal]"; expected "Decimal | None"  [arg-type]
Backend CI	Type check with MyPy	2026-03-17T02:36:50.6489956Z app/api/products.py:69: error: Argument "labor_minutes" to "ProductResponse" has incompatible type "Column[int] | int"; expected "int"  [arg-type]
Backend CI	Type check with MyPy	2026-03-17T02:36:50.6491632Z app/api/products.py:70: error: Argument "is_taxable" to "ProductResponse" has incompatible type "Column[bool]"; expected "bool"  [arg-type]
Backend CI	Type check with MyPy	2026-03-17T02:36:50.6493575Z app/api/products.py:71: error: Argument "tax_rate" to "ProductResponse" has incompatible type "Column[Decimal]"; expected "Decimal | None"  [arg-type]
Backend CI	Type check with MyPy	2026-03-17T02:36:50.6495344Z app/api/products.py:72: error: Argument "track_inventory" to "ProductResponse" has incompatible type "Column[bool]"; expected "bool"  [arg-type]
Backend CI	Type check with MyPy	2026-03-17T02:36:50.6497168Z app/api/products.py:73: error: Argument "quantity" to "ProductResponse" has incompatible type "Column[int]"; expected "int"  [arg-type]
Backend CI	Type check with MyPy	2026-03-17T02:36:50.6499020Z app/api/products.py:74: error: Argument "low_stock_threshold" to "ProductResponse" has incompatible type "Column[int]"; expected "int"  [arg-type]
Backend CI	Type check with MyPy	2026-03-17T02:36:50.6500243Z app/api/products.py:75: error: Argument "status" to "ProductResponse" has incompatible type "Column[Any]"; expected "ProductStatus"  [arg-type]
Backend CI	Type check with MyPy	2026-03-17T02:36:50.6501223Z app/api/products.py:76: error: Argument "image_url" to "ProductResponse" has incompatible type "Column[str]"; expected "str | None"  [arg-type]
Backend CI	Type check with MyPy	2026-03-17T02:36:50.6502197Z app/api/products.py:83: error: Argument "created_at" to "ProductResponse" has incompatible type "Column[datetime]"; expected "datetime"  [arg-type]
Backend CI	Type check with MyPy	2026-03-17T02:36:50.6503525Z app/api/products.py:84: error: Argument "updated_at" to "ProductResponse" has incompatible type "Column[datetime]"; expected "datetime"  [arg-type]
Backend CI	Type check with MyPy	2026-03-17T02:36:50.6504559Z app/api/products.py:106: error: Argument "name" to "ProductIngredientResponse" has incompatible type "Column[str]"; expected "str"  [arg-type]
Backend CI	Type check with MyPy	2026-03-17T02:36:50.6505567Z app/api/products.py:107: error: Argument "unit" to "ProductIngredientResponse" has incompatible type "Column[str]"; expected "str"  [arg-type]
Backend CI	Type check with MyPy	2026-03-17T02:36:50.6506594Z app/api/products.py:108: error: Argument "quantity" to "ProductIngredientResponse" has incompatible type "Column[Decimal]"; expected "Decimal"  [arg-type]
Backend CI	Type check with MyPy	2026-03-17T02:36:50.6507647Z app/api/products.py:109: error: Argument "cost" to "ProductIngredientResponse" has incompatible type "Column[Decimal]"; expected "Decimal"  [arg-type]
Backend CI	Type check with MyPy	2026-03-17T02:36:50.6508691Z app/api/products.py:110: error: Argument "sort_order" to "ProductIngredientResponse" has incompatible type "Column[int]"; expected "int"  [arg-type]
Backend CI	Type check with MyPy	2026-03-17T02:36:50.6509754Z app/api/products.py:111: error: Argument "created_at" to "ProductIngredientResponse" has incompatible type "Column[datetime]"; expected "datetime"  [arg-type]
Backend CI	Type check with MyPy	2026-03-17T02:36:50.6510843Z app/api/products.py:112: error: Argument "updated_at" to "ProductIngredientResponse" has incompatible type "Column[datetime]"; expected "datetime"  [arg-type]
Backend CI	Type check with MyPy	2026-03-17T02:36:50.6511880Z app/api/products.py:136: error: Argument "name" to "ProductIngredientResponse" has incompatible type "Column[str]"; expected "str"  [arg-type]
Backend CI	Type check with MyPy	2026-03-17T02:36:50.6513219Z app/api/products.py:137: error: Argument "unit" to "ProductIngredientResponse" has incompatible type "Column[str]"; expected "str"  [arg-type]
Backend CI	Type check with MyPy	2026-03-17T02:36:50.6514273Z app/api/products.py:138: error: Argument "quantity" to "ProductIngredientResponse" has incompatible type "Column[Decimal]"; expected "Decimal"  [arg-type]
Backend CI	Type check with MyPy	2026-03-17T02:36:50.6515373Z app/api/products.py:139: error: Argument "cost" to "ProductIngredientResponse" has incompatible type "Column[Decimal]"; expected "Decimal"  [arg-type]
Backend CI	Type check with MyPy	2026-03-17T02:36:50.6516387Z app/api/products.py:140: error: Argument "sort_order" to "ProductIngredientResponse" has incompatible type "Column[int]"; expected "int"  [arg-type]
Backend CI	Type check with MyPy	2026-03-17T02:36:50.6517446Z app/api/products.py:141: error: Argument "created_at" to "ProductIngredientResponse" has incompatible type "Column[datetime]"; expected "datetime"  [arg-type]
Backend CI	Type check with MyPy	2026-03-17T02:36:50.6518545Z app/api/products.py:142: error: Argument "updated_at" to "ProductIngredientResponse" has incompatible type "Column[datetime]"; expected "datetime"  [arg-type]
Backend CI	Type check with MyPy	2026-03-17T02:36:50.6519565Z app/api/products.py:176: error: Argument "name" to "ProductIngredientResponse" has incompatible type "Column[str]"; expected "str"  [arg-type]
Backend CI	Type check with MyPy	2026-03-17T02:36:50.6520532Z app/api/products.py:177: error: Argument "unit" to "ProductIngredientResponse" has incompatible type "Column[str]"; expected "str"  [arg-type]
Backend CI	Type check with MyPy	2026-03-17T02:36:50.6521545Z app/api/products.py:178: error: Argument "quantity" to "ProductIngredientResponse" has incompatible type "Column[Decimal]"; expected "Decimal"  [arg-type]
Backend CI	Type check with MyPy	2026-03-17T02:36:50.6522593Z app/api/products.py:179: error: Argument "cost" to "ProductIngredientResponse" has incompatible type "Column[Decimal]"; expected "Decimal"  [arg-type]
Backend CI	Type check with MyPy	2026-03-17T02:36:50.6524280Z app/api/products.py:180: error: Argument "sort_order" to "ProductIngredientResponse" has incompatible type "Column[int]"; expected "int"  [arg-type]
Backend CI	Type check with MyPy	2026-03-17T02:36:50.6525474Z app/api/products.py:181: error: Argument "created_at" to "ProductIngredientResponse" has incompatible type "Column[datetime]"; expected "datetime"  [arg-type]
Backend CI	Type check with MyPy	2026-03-17T02:36:50.6526558Z app/api/products.py:182: error: Argument "updated_at" to "ProductIngredientResponse" has incompatible type "Column[datetime]"; expected "datetime"  [arg-type]
Backend CI	Type check with MyPy	2026-03-17T02:36:50.7042318Z app/api/orders.py:40: error: Incompatible default for argument "customer_name" (default has type "None", argument has type "str")  [assignment]
Backend CI	Type check with MyPy	2026-03-17T02:36:50.7044207Z app/api/orders.py:40: note: PEP 484 prohibits implicit Optional. Accordingly, mypy has changed its default to no_implicit_optional=True
Backend CI	Type check with MyPy	2026-03-17T02:36:50.7045352Z app/api/orders.py:40: note: Use https://github.com/hauntsaninja/no_implicit_optional to automatically upgrade your codebase
Backend CI	Type check with MyPy	2026-03-17T02:36:50.7046395Z app/api/orders.py:62: error: Argument "discount_amount" to "OrderResponse" has incompatible type "Any | int"; expected "Decimal"  [arg-type]
Backend CI	Type check with MyPy	2026-03-17T02:36:50.7047502Z app/api/orders.py:63: error: Argument "shipping_amount" to "OrderResponse" has incompatible type "Any | int"; expected "Decimal"  [arg-type]
Backend CI	Type check with MyPy	2026-03-17T02:36:50.7048520Z app/api/orders.py:179: error: Argument 3 to "_order_to_response" has incompatible type "Any | str | None"; expected "str"  [arg-type]
Backend CI	Type check with MyPy	2026-03-17T02:36:50.7049544Z app/api/orders.py:284: error: Argument "invoice_number" to "build_invoice_pdf" has incompatible type "Column[str]"; expected "str"  [arg-type]
Backend CI	Type check with MyPy	2026-03-17T02:36:50.7050632Z app/api/orders.py:287: error: Argument "billing_address" to "build_invoice_pdf" has incompatible type "Column[Any]"; expected "str | None"  [arg-type]
Backend CI	Type check with MyPy	2026-03-17T02:36:50.7051805Z app/api/orders.py:288: error: Argument "issue_date" to "build_invoice_pdf" has incompatible type "Column[datetime]"; expected "date | datetime | None"  [arg-type]
Backend CI	Type check with MyPy	2026-03-17T02:36:50.7053301Z app/api/orders.py:291: error: Argument "subtotal" to "build_invoice_pdf" has incompatible type "Column[Decimal]"; expected "Decimal"  [arg-type]
Backend CI	Type check with MyPy	2026-03-17T02:36:50.7054396Z app/api/orders.py:292: error: Argument "tax_amount" to "build_invoice_pdf" has incompatible type "Column[Decimal]"; expected "Decimal"  [arg-type]
Backend CI	Type check with MyPy	2026-03-17T02:36:50.7055532Z app/api/orders.py:293: error: Argument "discount_amount" to "build_invoice_pdf" has incompatible type "Column[Decimal] | int"; expected "Decimal"  [arg-type]
Backend CI	Type check with MyPy	2026-03-17T02:36:50.7056562Z app/api/orders.py:294: error: Argument "total" to "build_invoice_pdf" has incompatible type "Column[Decimal]"; expected "Decimal"  [arg-type]
Backend CI	Type check with MyPy	2026-03-17T02:36:50.7057504Z app/api/orders.py:295: error: Argument "amount_paid" to "build_invoice_pdf" has incompatible type "Column[Decimal]"; expected "Decimal"  [arg-type]
Backend CI	Type check with MyPy	2026-03-17T02:36:50.7058435Z app/api/orders.py:296: error: Argument "balance_due" to "build_invoice_pdf" has incompatible type "float"; expected "Decimal"  [arg-type]
Backend CI	Type check with MyPy	2026-03-17T02:36:50.7059334Z app/api/orders.py:297: error: Argument "notes" to "build_invoice_pdf" has incompatible type "Column[str]"; expected "str | None"  [arg-type]
Backend CI	Type check with MyPy	2026-03-17T02:36:50.7060269Z app/api/orders.py:400: error: Argument "order_number" to "build_purchase_order_pdf" has incompatible type "Column[str]"; expected "str"  [arg-type]
Backend CI	Type check with MyPy	2026-03-17T02:36:50.7061307Z app/api/orders.py:401: error: Argument "order_date" to "build_purchase_order_pdf" has incompatible type "Column[datetime]"; expected "date | datetime | None"  [arg-type]
Backend CI	Type check with MyPy	2026-03-17T02:36:50.7062406Z app/api/orders.py:403: error: Argument "ordered_by_name" to "build_purchase_order_pdf" has incompatible type "str | Column[str]"; expected "str | None"  [arg-type]
Backend CI	Type check with MyPy	2026-03-17T02:36:50.7063741Z app/api/orders.py:404: error: Argument "ordered_by_email" to "build_purchase_order_pdf" has incompatible type "Column[str]"; expected "str | None"  [arg-type]
Backend CI	Type check with MyPy	2026-03-17T02:36:50.7065043Z app/api/orders.py:405: error: Argument "ordered_by_phone" to "build_purchase_order_pdf" has incompatible type "Column[str] | None"; expected "str | None"  [arg-type]
Backend CI	Type check with MyPy	2026-03-17T02:36:50.7066218Z app/api/orders.py:408: error: Argument "subtotal" to "build_purchase_order_pdf" has incompatible type "Column[Decimal]"; expected "Decimal"  [arg-type]
Backend CI	Type check with MyPy	2026-03-17T02:36:50.7067249Z app/api/orders.py:409: error: Argument "tax_amount" to "build_purchase_order_pdf" has incompatible type "Column[Decimal]"; expected "Decimal"  [arg-type]
Backend CI	Type check with MyPy	2026-03-17T02:36:50.7068252Z app/api/orders.py:410: error: Argument "total" to "build_purchase_order_pdf" has incompatible type "Column[Decimal]"; expected "Decimal"  [arg-type]
Backend CI	Type check with MyPy	2026-03-17T02:36:50.7069222Z app/api/orders.py:412: error: Argument "notes" to "build_purchase_order_pdf" has incompatible type "Column[str]"; expected "str | None"  [arg-type]
Backend CI	Type check with MyPy	2026-03-17T02:36:50.7070203Z app/api/orders.py:680: error: Incompatible types in assignment (expression has type "Decimal", variable has type "Column[Decimal]")  [assignment]
Backend CI	Type check with MyPy	2026-03-17T02:36:50.7071222Z app/api/orders.py:684: error: Incompatible types in assignment (expression has type "ColumnElement[int]", variable has type "Column[Decimal]")  [assignment]
Backend CI	Type check with MyPy	2026-03-17T02:36:50.7072247Z app/api/orders.py:724: error: Incompatible types in assignment (expression has type "OrderStatus", variable has type "Column[Any]")  [assignment]
Backend CI	Type check with MyPy	2026-03-17T02:36:50.7073375Z app/api/orders.py:725: error: Incompatible types in assignment (expression has type "datetime", variable has type "Column[datetime]")  [assignment]
Backend CI	Type check with MyPy	2026-03-17T02:36:50.7074332Z app/api/orders.py:730: error: Incompatible types in assignment (expression has type "str", variable has type "Column[str]")  [assignment]
Backend CI	Type check with MyPy	2026-03-17T02:36:50.7075309Z app/api/orders.py:741: error: Argument "order_number" to "ReceivePurchaseOrderResponse" has incompatible type "Column[str]"; expected "str"  [arg-type]
Backend CI	Type check with MyPy	2026-03-17T02:36:50.7586801Z app/api/invoices.py:37: error: Incompatible default for argument "customer_name" (default has type "None", argument has type "str")  [assignment]
Backend CI	Type check with MyPy	2026-03-17T02:36:50.7588413Z app/api/invoices.py:37: note: PEP 484 prohibits implicit Optional. Accordingly, mypy has changed its default to no_implicit_optional=True
Backend CI	Type check with MyPy	2026-03-17T02:36:50.7589708Z app/api/invoices.py:37: note: Use https://github.com/hauntsaninja/no_implicit_optional to automatically upgrade your codebase
Backend CI	Type check with MyPy	2026-03-17T02:36:50.7591002Z app/api/invoices.py:37: error: Incompatible default for argument "supplier_name" (default has type "None", argument has type "str")  [assignment]
Backend CI	Type check with MyPy	2026-03-17T02:36:50.7592376Z app/api/invoices.py:59: error: Argument "discount_amount" to "InvoiceResponse" has incompatible type "Any | int"; expected "Decimal"  [arg-type]
Backend CI	Type check with MyPy	2026-03-17T02:36:50.7593984Z app/api/invoices.py:154: error: Argument 3 to "_invoice_to_response" has incompatible type "str | None"; expected "str"  [arg-type]
Backend CI	Type check with MyPy	2026-03-17T02:36:50.7595213Z app/api/invoices.py:154: error: Argument 4 to "_invoice_to_response" has incompatible type "Any | None"; expected "str"  [arg-type]
Backend CI	Type check with MyPy	2026-03-17T02:36:50.7596381Z app/api/invoices.py:235: error: Argument 3 to "_invoice_to_response" has incompatible type "str | None"; expected "str"  [arg-type]
Backend CI	Type check with MyPy	2026-03-17T02:36:50.7597339Z app/api/invoices.py:235: error: Argument 4 to "_invoice_to_response" has incompatible type "Any | None"; expected "str"  [arg-type]
Backend CI	Type check with MyPy	2026-03-17T02:36:50.7598321Z app/api/invoices.py:278: error: Argument 3 to "_invoice_to_response" has incompatible type "Any | str | None"; expected "str"  [arg-type]
Backend CI	Type check with MyPy	2026-03-17T02:36:50.7599304Z app/api/invoices.py:278: error: Argument 4 to "_invoice_to_response" has incompatible type "Any | None"; expected "str"  [arg-type]
Backend CI	Type check with MyPy	2026-03-17T02:36:50.7600326Z app/api/invoices.py:329: error: Argument "invoice_number" to "build_invoice_pdf" has incompatible type "Column[str]"; expected "str"  [arg-type]
Backend CI	Type check with MyPy	2026-03-17T02:36:50.7601441Z app/api/invoices.py:332: error: Argument "billing_address" to "build_invoice_pdf" has incompatible type "Column[Any]"; expected "str | None"  [arg-type]
Backend CI	Type check with MyPy	2026-03-17T02:36:50.7603055Z app/api/invoices.py:333: error: Argument "issue_date" to "build_invoice_pdf" has incompatible type "Column[date]"; expected "date | datetime | None"  [arg-type]
Backend CI	Type check with MyPy	2026-03-17T02:36:50.7604458Z app/api/invoices.py:334: error: Argument "due_date" to "build_invoice_pdf" has incompatible type "Column[date]"; expected "date | datetime | None"  [arg-type]
Backend CI	Type check with MyPy	2026-03-17T02:36:50.7605600Z app/api/invoices.py:336: error: Argument "subtotal" to "build_invoice_pdf" has incompatible type "Column[Decimal]"; expected "Decimal"  [arg-type]
Backend CI	Type check with MyPy	2026-03-17T02:36:50.7606715Z app/api/invoices.py:337: error: Argument "tax_amount" to "build_invoice_pdf" has incompatible type "Column[Decimal]"; expected "Decimal"  [arg-type]
Backend CI	Type check with MyPy	2026-03-17T02:36:50.7607748Z app/api/invoices.py:338: error: Argument "discount_amount" to "build_invoice_pdf" has incompatible type "Column[Decimal] | int"; expected "Decimal"  [arg-type]
Backend CI	Type check with MyPy	2026-03-17T02:36:50.7608780Z app/api/invoices.py:339: error: Argument "total" to "build_invoice_pdf" has incompatible type "Column[Decimal]"; expected "Decimal"  [arg-type]
Backend CI	Type check with MyPy	2026-03-17T02:36:50.7609755Z app/api/invoices.py:340: error: Argument "amount_paid" to "build_invoice_pdf" has incompatible type "Column[Decimal]"; expected "Decimal"  [arg-type]
Backend CI	Type check with MyPy	2026-03-17T02:36:50.7610723Z app/api/invoices.py:342: error: Argument "notes" to "build_invoice_pdf" has incompatible type "Column[str]"; expected "str | None"  [arg-type]
Backend CI	Type check with MyPy	2026-03-17T02:36:50.7611667Z app/api/invoices.py:343: error: Argument "terms" to "build_invoice_pdf" has incompatible type "Column[str]"; expected "str | None"  [arg-type]
Backend CI	Type check with MyPy	2026-03-17T02:36:50.7612813Z app/api/invoices.py:534: error: Argument "user_email" to "initiate_payment" of "InvoicePaymentService" has incompatible type "Column[str]"; expected "str"  [arg-type]
Backend CI	Type check with MyPy	2026-03-17T02:36:50.7613988Z app/api/invoices.py:609: error: Argument "amount_paid" to "InvoicePaymentVerifyResponse" has incompatible type "Column[Decimal] | None"; expected "Decimal | None"  [arg-type]
Backend CI	Type check with MyPy	2026-03-17T02:36:50.7615202Z app/api/invoices.py:610: error: Argument "gateway_fees" to "InvoicePaymentVerifyResponse" has incompatible type "Column[Decimal] | None"; expected "Decimal | None"  [arg-type]
Backend CI	Type check with MyPy	2026-03-17T02:36:50.7767080Z app/api/inventory.py:31: error: Incompatible default for argument "db" (default has type "None", argument has type "Session")  [assignment]
Backend CI	Type check with MyPy	2026-03-17T02:36:50.7768591Z app/api/inventory.py:31: note: PEP 484 prohibits implicit Optional. Accordingly, mypy has changed its default to no_implicit_optional=True
Backend CI	Type check with MyPy	2026-03-17T02:36:50.7769768Z app/api/inventory.py:31: note: Use https://github.com/hauntsaninja/no_implicit_optional to automatically upgrade your codebase
Backend CI	Type check with MyPy	2026-03-17T02:36:50.7770993Z app/api/inventory.py:46: error: Argument "product_name" to "InventoryItemResponse" has incompatible type "Column[str] | None"; expected "str | None"  [arg-type]
Backend CI	Type check with MyPy	2026-03-17T02:36:50.8118070Z app/api/inventory.py:47: error: Argument "sku" to "InventoryItemResponse" has incompatible type "Column[str] | None"; expected "str | None"  [arg-type]
Backend CI	Type check with MyPy	2026-03-17T02:36:50.8119573Z app/api/deliveries.py:367: error: Incompatible types in assignment (expression has type "int", variable has type "Column[int]")  [assignment]
Backend CI	Type check with MyPy	2026-03-17T02:36:50.8381304Z app/api/customers.py:147: error: Argument "total_orders" to "CustomerMetrics" has incompatible type "Column[int]"; expected "int"  [arg-type]
Backend CI	Type check with MyPy	2026-03-17T02:36:50.8383254Z app/api/customers.py:148: error: Argument "total_spent" to "CustomerMetrics" has incompatible type "Column[Decimal]"; expected "Decimal"  [arg-type]
Backend CI	Type check with MyPy	2026-03-17T02:36:50.8384762Z app/api/customers.py:149: error: Argument "average_order_value" to "CustomerMetrics" has incompatible type "Column[Decimal]"; expected "Decimal"  [arg-type]
Backend CI	Type check with MyPy	2026-03-17T02:36:50.8928671Z app/api/business.py:269: error: Incompatible types in assignment (expression has type "UserStatus", variable has type "Column[Any]")  [assignment]
Backend CI	Type check with MyPy	2026-03-17T02:36:50.8930039Z app/api/business.py:276: error: Argument "name" to "BusinessResponse" has incompatible type "Column[str]"; expected "str"  [arg-type]
Backend CI	Type check with MyPy	2026-03-17T02:36:50.8931614Z app/api/business.py:277: error: Argument "slug" to "BusinessResponse" has incompatible type "Column[str]"; expected "str"  [arg-type]
Backend CI	Type check with MyPy	2026-03-17T02:36:50.8933409Z app/api/business.py:278: error: Argument "description" to "BusinessResponse" has incompatible type "Column[str]"; expected "str | None"  [arg-type]
Backend CI	Type check with MyPy	2026-03-17T02:36:50.8934724Z app/api/business.py:279: error: Argument "address_street" to "BusinessResponse" has incompatible type "Column[str]"; expected "str | None"  [arg-type]
Backend CI	Type check with MyPy	2026-03-17T02:36:50.8936017Z app/api/business.py:280: error: Argument "address_city" to "BusinessResponse" has incompatible type "Column[str]"; expected "str | None"  [arg-type]
Backend CI	Type check with MyPy	2026-03-17T02:36:50.8937308Z app/api/business.py:281: error: Argument "address_country" to "BusinessResponse" has incompatible type "Column[str]"; expected "str | None"  [arg-type]
Backend CI	Type check with MyPy	2026-03-17T02:36:50.8938597Z app/api/business.py:282: error: Argument "phone" to "BusinessResponse" has incompatible type "Column[str]"; expected "str | None"  [arg-type]
Backend CI	Type check with MyPy	2026-03-17T02:36:50.8939673Z app/api/business.py:283: error: Argument "email" to "BusinessResponse" has incompatible type "Column[str]"; expected "str | None"  [arg-type]
Backend CI	Type check with MyPy	2026-03-17T02:36:50.8940743Z app/api/business.py:284: error: Argument "website" to "BusinessResponse" has incompatible type "Column[str]"; expected "str | None"  [arg-type]
Backend CI	Type check with MyPy	2026-03-17T02:36:50.8941798Z app/api/business.py:285: error: Argument "currency" to "BusinessResponse" has incompatible type "Column[str]"; expected "str"  [arg-type]
Backend CI	Type check with MyPy	2026-03-17T02:36:50.8942963Z app/api/business.py:286: error: Argument "tax_number" to "BusinessResponse" has incompatible type "Column[str]"; expected "str | None"  [arg-type]
Backend CI	Type check with MyPy	2026-03-17T02:36:50.8944059Z app/api/business.py:287: error: Argument "vat_number" to "BusinessResponse" has incompatible type "Column[str]"; expected "str | None"  [arg-type]
Backend CI	Type check with MyPy	2026-03-17T02:36:50.8945158Z app/api/business.py:288: error: Argument "bank_name" to "BusinessResponse" has incompatible type "Column[str]"; expected "str | None"  [arg-type]
Backend CI	Type check with MyPy	2026-03-17T02:36:50.8946298Z app/api/business.py:289: error: Argument "bank_account_number" to "BusinessResponse" has incompatible type "Column[str]"; expected "str | None"  [arg-type]
Backend CI	Type check with MyPy	2026-03-17T02:36:50.8947462Z app/api/business.py:290: error: Argument "bank_branch_code" to "BusinessResponse" has incompatible type "Column[str]"; expected "str | None"  [arg-type]
Backend CI	Type check with MyPy	2026-03-17T02:36:50.8948597Z app/api/business.py:637: error: Argument "is_primary" to "BusinessUserResponse" has incompatible type "Column[bool]"; expected "bool"  [arg-type]
Backend CI	Type check with MyPy	2026-03-17T02:36:50.8949631Z app/api/business.py:686: error: Argument "email" to "BusinessUserResponse" has incompatible type "Column[str]"; expected "str"  [arg-type]
Backend CI	Type check with MyPy	2026-03-17T02:36:50.8950611Z app/api/business.py:687: error: Argument "first_name" to "BusinessUserResponse" has incompatible type "Column[str]"; expected "str | None"  [arg-type]
Backend CI	Type check with MyPy	2026-03-17T02:36:50.8951630Z app/api/business.py:688: error: Argument "last_name" to "BusinessUserResponse" has incompatible type "Column[str]"; expected "str | None"  [arg-type]
Backend CI	Type check with MyPy	2026-03-17T02:36:50.8952621Z app/api/business.py:694: error: Argument "is_primary" to "BusinessUserResponse" has incompatible type "Column[bool]"; expected "bool"  [arg-type]
Backend CI	Type check with MyPy	2026-03-17T02:36:50.9220116Z app/api/bulk_operations.py:188: error: Argument "items" to "BulkOperationListResponse" has incompatible type "list[BulkOperation]"; expected "list[BulkOperationDetailResponse]"  [arg-type]
Backend CI	Type check with MyPy	2026-03-17T02:36:50.9221936Z app/api/bulk_operations.py:188: note: "list" is invariant -- see https://mypy.readthedocs.io/en/stable/common_issues.html#variance
Backend CI	Type check with MyPy	2026-03-17T02:36:50.9223390Z app/api/bulk_operations.py:188: note: Consider using "Sequence" instead, which is covariant
Backend CI	Type check with MyPy	2026-03-17T02:36:50.9224625Z app/api/bulk_operations.py:219: error: Argument "id" to "OperationProgressResponse" has incompatible type "Column[UUID]"; expected "UUID"  [arg-type]
Backend CI	Type check with MyPy	2026-03-17T02:36:50.9226538Z app/api/bulk_operations.py:220: error: Argument "operation_type" to "OperationProgressResponse" has incompatible type "Column[str]"; expected "str"  [arg-type]
Backend CI	Type check with MyPy	2026-03-17T02:36:50.9228311Z app/api/bulk_operations.py:221: error: Argument "status" to "OperationProgressResponse" has incompatible type "Column[str]"; expected "str"  [arg-type]
Backend CI	Type check with MyPy	2026-03-17T02:36:50.9229723Z app/api/bulk_operations.py:222: error: Argument "total_records" to "OperationProgressResponse" has incompatible type "Column[int]"; expected "int"  [arg-type]
Backend CI	Type check with MyPy	2026-03-17T02:36:50.9231060Z app/api/bulk_operations.py:223: error: Argument "processed_records" to "OperationProgressResponse" has incompatible type "Column[int]"; expected "int"  [arg-type]
Backend CI	Type check with MyPy	2026-03-17T02:36:50.9232419Z app/api/bulk_operations.py:224: error: Argument "successful_records" to "OperationProgressResponse" has incompatible type "Column[int]"; expected "int"  [arg-type]
Backend CI	Type check with MyPy	2026-03-17T02:36:50.9234015Z app/api/bulk_operations.py:225: error: Argument "failed_records" to "OperationProgressResponse" has incompatible type "Column[int]"; expected "int"  [arg-type]
Backend CI	Type check with MyPy	2026-03-17T02:36:50.9235422Z app/api/bulk_operations.py:227: error: Argument "started_at" to "OperationProgressResponse" has incompatible type "Column[datetime]"; expected "datetime | None"  [arg-type]
Backend CI	Type check with MyPy	2026-03-17T02:36:50.9236861Z app/api/bulk_operations.py:228: error: Argument "completed_at" to "OperationProgressResponse" has incompatible type "Column[datetime]"; expected "datetime | None"  [arg-type]
Backend CI	Type check with MyPy	2026-03-17T02:36:50.9238318Z app/api/bulk_operations.py:229: error: Argument "error_summary" to "OperationProgressResponse" has incompatible type "Column[str]"; expected "str | None"  [arg-type]
Backend CI	Type check with MyPy	2026-03-17T02:36:50.9239849Z app/api/bulk_operations.py:248: error: Argument "items" to "BulkOperationItemListResponse" has incompatible type "list[BulkOperationItem]"; expected "list[BulkOperationItemResponse]"  [arg-type]
Backend CI	Type check with MyPy	2026-03-17T02:36:50.9241019Z app/api/bulk_operations.py:248: note: "list" is invariant -- see https://mypy.readthedocs.io/en/stable/common_issues.html#variance
Backend CI	Type check with MyPy	2026-03-17T02:36:50.9241762Z app/api/bulk_operations.py:248: note: Consider using "Sequence" instead, which is covariant
Backend CI	Type check with MyPy	2026-03-17T02:36:50.9242809Z app/api/bulk_operations.py:397: error: Argument "items" to "BulkTemplateListResponse" has incompatible type "list[BulkTemplate]"; expected "list[BulkTemplateResponse]"  [arg-type]
Backend CI	Type check with MyPy	2026-03-17T02:36:50.9243904Z app/api/bulk_operations.py:397: note: "list" is invariant -- see https://mypy.readthedocs.io/en/stable/common_issues.html#variance
Backend CI	Type check with MyPy	2026-03-17T02:36:50.9244624Z app/api/bulk_operations.py:397: note: Consider using "Sequence" instead, which is covariant
Backend CI	Type check with MyPy	2026-03-17T02:36:50.9750763Z app/api/admin.py:755: error: Need type annotation for "results"  [var-annotated]
Backend CI	Type check with MyPy	2026-03-17T02:36:50.9751783Z app/api/admin.py:769: error: Invalid index type "str" for "str"; expected type "SupportsIndex | slice[Any, Any, Any]"  [index]
Backend CI	Type check with MyPy	2026-03-17T02:36:50.9753052Z app/api/admin.py:771: error: Argument after ** must be a mapping, not "str"  [arg-type]
Backend CI	Type check with MyPy	2026-03-17T02:36:50.9754063Z app/api/admin.py:773: error: Invalid index type "str" for "str"; expected type "SupportsIndex | slice[Any, Any, Any]"  [index]
Backend CI	Type check with MyPy	2026-03-17T02:36:50.9755370Z app/api/admin.py:933: error: Argument 1 to "len" has incompatible type "Coroutine[Any, Any, list[DeviceRegistry]]"; expected "Sized"  [arg-type]
Backend CI	Type check with MyPy	2026-03-17T02:36:50.9756273Z app/api/admin.py:933: note: Maybe you forgot to use "await"?
Backend CI	Type check with MyPy	2026-03-17T02:36:50.9757204Z app/api/admin.py:975: error: Argument 1 to "get_business_permissions" of "PermissionService" has incompatible type "int"; expected "UUID"  [arg-type]
Backend CI	Type check with MyPy	2026-03-17T02:36:50.9758482Z app/api/admin.py:978: error: Argument 1 to "get_business_devices" of "DeviceService" has incompatible type "int"; expected "str"  [arg-type]
Backend CI	Type check with MyPy	2026-03-17T02:36:50.9759674Z app/api/admin.py:981: error: Need type annotation for "overrides" (hint: "overrides: dict[<type>, <type>] = ...")  [var-annotated]
Backend CI	Type check with MyPy	2026-03-17T02:36:50.9761103Z app/api/admin.py:988: error: Argument 1 to "len" has incompatible type "Coroutine[Any, Any, list[DeviceRegistry]]"; expected "Sized"  [arg-type]
Backend CI	Type check with MyPy	2026-03-17T02:36:50.9762026Z app/api/admin.py:988: note: Maybe you forgot to use "await"?
Backend CI	Type check with MyPy	2026-03-17T02:36:50.9762869Z app/api/admin.py:993: error: "Coroutine[Any, Any, list[DeviceRegistry]]" has no attribute "__iter__" (not iterable)  [attr-defined]
Backend CI	Type check with MyPy	2026-03-17T02:36:50.9763600Z app/api/admin.py:993: note: Maybe you forgot to use "await"?
Backend CI	Type check with MyPy	2026-03-17T02:36:50.9764212Z app/api/admin.py:1023: error: "SubscriptionService" has no attribute "update_tier"  [attr-defined]
Backend CI	Type check with MyPy	2026-03-17T02:36:50.9765013Z app/api/admin.py:1026: error: "TierUpdateRequest" has no attribute "valid_until"  [attr-defined]
Backend CI	Type check with MyPy	2026-03-17T02:36:50.9766069Z app/api/admin.py:1071: error: "SubscriptionService" has no attribute "set_feature_override"; maybe "add_feature_override" or "remove_feature_override"?  [attr-defined]
Backend CI	Type check with MyPy	2026-03-17T02:36:50.9767413Z app/api/admin.py:1112: error: Argument "business_id" to "remove_feature_override" of "SubscriptionService" has incompatible type "int"; expected "UUID"  [arg-type]
Backend CI	Type check with MyPy	2026-03-17T02:36:50.9768821Z app/api/admin.py:1114: error: Argument "admin_user_id" to "remove_feature_override" of "SubscriptionService" has incompatible type "Column[UUID]"; expected "UUID | None"  [arg-type]
Backend CI	Type check with MyPy	2026-03-17T02:36:50.9770128Z app/api/admin.py:1155: error: Argument 1 to "get_business_devices" of "DeviceService" has incompatible type "int"; expected "str"  [arg-type]
Backend CI	Type check with MyPy	2026-03-17T02:36:50.9771103Z app/api/admin.py:1157: error: "Coroutine[Any, Any, list[DeviceRegistry]]" has no attribute "__iter__" (not iterable)  [attr-defined]
Backend CI	Type check with MyPy	2026-03-17T02:36:50.9771759Z app/api/admin.py:1157: note: Maybe you forgot to use "await"?
Backend CI	Type check with MyPy	2026-03-17T02:36:50.9772291Z app/api/admin.py:1184: error: Value of type "Coroutine[Any, Any, None]" must be used  [unused-coroutine]
Backend CI	Type check with MyPy	2026-03-17T02:36:50.9773056Z app/api/admin.py:1184: note: Are you missing an await?
Backend CI	Type check with MyPy	2026-03-17T02:36:50.9773673Z app/api/admin.py:1184: error: Argument 1 to "unlink_device" of "DeviceService" has incompatible type "int"; expected "str"  [arg-type]
Backend CI	Type check with MyPy	2026-03-17T02:36:51.0160729Z app/agents/orchestrator.py:124: error: "commit" of "Session" does not return a value (it only ever returns None)  [func-returns-value]
Backend CI	Type check with MyPy	2026-03-17T02:36:51.0162038Z app/agents/orchestrator.py:167: error: "commit" of "Session" does not return a value (it only ever returns None)  [func-returns-value]
Backend CI	Type check with MyPy	2026-03-17T02:36:51.0163514Z app/agents/orchestrator.py:185: error: "commit" of "Session" does not return a value (it only ever returns None)  [func-returns-value]
Backend CI	Type check with MyPy	2026-03-17T02:36:51.0579757Z app/api/agents.py:72: error: Argument 1 to "get_or_create_user_settings" of "AIService" has incompatible type "Column[UUID]"; expected "str"  [arg-type]
Backend CI	Type check with MyPy	2026-03-17T02:36:51.0581013Z app/api/agents.py:73: error: Incompatible return value type (got "Column[Any]", expected "AIDataSharingLevel")  [return-value]
Backend CI	Type check with MyPy	2026-03-17T02:36:51.0624234Z app/agents/tests/unit/tasks/test_chat_agent.py:14: error: Module "app.agents.tasks.chat_agent" has no attribute "_detect_agent"  [attr-defined]
Backend CI	Type check with MyPy	2026-03-17T02:36:51.0878276Z app/main.py:136: error: Argument 2 to "add_exception_handler" of "Starlette" has incompatible type "Callable[[Request, RateLimitExceeded], Response]"; expected "Callable[[Request, Exception], Response | Awaitable[Response]] | Callable[[WebSocket, Exception], Awaitable[None]]"  [arg-type]
Backend CI	Type check with MyPy	2026-03-17T02:36:51.0880402Z app/main.py:210: error: Argument "same_site" to "add_middleware" of "Starlette" has incompatible type "str"; expected "Literal['lax', 'strict', 'none']"  [arg-type]
Backend CI	Type check with MyPy	2026-03-17T02:36:51.2574155Z Found 1949 errors in 234 files (checked 651 source files)
Backend CI	Type check with MyPy	2026-03-17T02:36:51.3087469Z ##[error]Process completed with exit code 1.
Backend CI	Run database migrations	﻿2026-03-17T02:36:51.3133409Z ##[group]Run python -m alembic upgrade head
Backend CI	Run database migrations	2026-03-17T02:36:51.3133785Z [36;1mpython -m alembic upgrade head[0m
Backend CI	Run database migrations	2026-03-17T02:36:51.3183425Z shell: /usr/bin/bash -e {0}
Backend CI	Run database migrations	2026-03-17T02:36:51.3183666Z env:
Backend CI	Run database migrations	2026-03-17T02:36:51.3183829Z   PYTHON_VERSION: 3.12
Backend CI	Run database migrations	2026-03-17T02:36:51.3184035Z   NODE_VERSION: 20
Backend CI	Run database migrations	2026-03-17T02:36:51.3184302Z   pythonLocation: /opt/hostedtoolcache/Python/3.12.13/x64
Backend CI	Run database migrations	2026-03-17T02:36:51.3184903Z   PKG_CONFIG_PATH: /opt/hostedtoolcache/Python/3.12.13/x64/lib/pkgconfig
Backend CI	Run database migrations	2026-03-17T02:36:51.3185333Z   Python_ROOT_DIR: /opt/hostedtoolcache/Python/3.12.13/x64
Backend CI	Run database migrations	2026-03-17T02:36:51.3185712Z   Python2_ROOT_DIR: /opt/hostedtoolcache/Python/3.12.13/x64
Backend CI	Run database migrations	2026-03-17T02:36:51.3186095Z   Python3_ROOT_DIR: /opt/hostedtoolcache/Python/3.12.13/x64
Backend CI	Run database migrations	2026-03-17T02:36:51.3186488Z   LD_LIBRARY_PATH: /opt/hostedtoolcache/Python/3.12.13/x64/lib
Backend CI	Run database migrations	2026-03-17T02:36:51.3187107Z   DATABASE_URL: ***localhost:5432/bizpilot
Backend CI	Run database migrations	2026-03-17T02:36:51.3187365Z ##[endgroup]
Backend CI	Run database migrations	2026-03-17T02:36:52.6367018Z INFO  [alembic.runtime.migration] Context impl PostgresqlImpl.
Backend CI	Run database migrations	2026-03-17T02:36:52.6367935Z INFO  [alembic.runtime.migration] Will assume transactional DDL.
Backend CI	Run database migrations	2026-03-17T02:36:52.7955951Z INFO  [alembic.runtime.migration] Running upgrade  -> 001_initial_schema, Initial schema - Users, Organizations, Businesses, Roles
Backend CI	Run database migrations	2026-03-17T02:36:52.8214764Z INFO  [alembic.runtime.migration] Running upgrade 001_initial_schema -> 002_business_entities, Add products, customers, orders, invoices tables
Backend CI	Run database migrations	2026-03-17T02:36:52.8827263Z INFO  [alembic.runtime.migration] Running upgrade 001_initial_schema -> 002_add_payments, Add payments table
Backend CI	Run database migrations	2026-03-17T02:36:52.8937303Z INFO  [alembic.runtime.migration] Running upgrade 002_add_payments, 002_business_entities -> 003_merge_heads, Merge heads
Backend CI	Run database migrations	2026-03-17T02:36:52.8953049Z INFO  [alembic.runtime.migration] Running upgrade 003_merge_heads -> 8f1e3ca8b3e8, add_color_to_product_categories
Backend CI	Run database migrations	2026-03-17T02:36:52.8970427Z INFO  [alembic.runtime.migration] Running upgrade 8f1e3ca8b3e8 -> 60dd02bfc53b, add_payments_table
Backend CI	Run database migrations	2026-03-17T02:36:52.8998723Z INFO  [alembic.runtime.migration] Running upgrade 8f1e3ca8b3e8 -> 004_performance_indexes, Add composite indexes for dashboard performance
Backend CI	Run database migrations	2026-03-17T02:36:52.9069699Z INFO  [alembic.runtime.migration] Running upgrade 004_performance_indexes, 60dd02bfc53b -> a90cb766ccf3, merge_performance_indexes
Backend CI	Run database migrations	2026-03-17T02:36:52.9080266Z INFO  [alembic.runtime.migration] Running upgrade a90cb766ccf3 -> 005_add_deleted_at_columns, Add deleted_at columns for soft delete support
Backend CI	Run database migrations	2026-03-17T02:36:52.9132638Z INFO  [alembic.runtime.migration] Running upgrade 005_add_deleted_at_columns -> 006_fix_pay_enums_imgurl, Fix payment enum casing and allow longer image URLs
Backend CI	Run database migrations	2026-03-17T02:36:52.9193745Z INFO  [alembic.runtime.migration] Running upgrade 006_fix_pay_enums_imgurl -> 007_prod_ingredients, Add product ingredients (BOM) and labor minutes
Backend CI	Run database migrations	2026-03-17T02:36:52.9422003Z INFO  [alembic.runtime.migration] Running upgrade 007_prod_ingredients -> 008_fix_inventory_tx, Fix inventory_transactions columns to match model
Backend CI	Run database migrations	2026-03-17T02:36:53.0558975Z INFO  [alembic.runtime.migration] Running upgrade 008_fix_inventory_tx -> 009_ai_chat_and_user_settings, Add AI chat persistence tables and user AI privacy settings
Backend CI	Run database migrations	2026-03-17T02:36:53.0715949Z INFO  [alembic.runtime.migration] Running upgrade 009_ai_chat_and_user_settings -> d21cfee4a049, add suppliers
Backend CI	Run database migrations	2026-03-17T02:36:53.0793426Z INFO  [alembic.runtime.migration] Running upgrade 009_ai_chat_and_user_settings -> 010_ensure_pay_enums, Ensure payment enum values are complete
Backend CI	Run database migrations	2026-03-17T02:36:53.0812112Z INFO  [alembic.runtime.migration] Running upgrade d21cfee4a049 -> 06e2032472c6, orders direction and supplier
Backend CI	Run database migrations	2026-03-17T02:36:53.0879135Z INFO  [alembic.runtime.migration] Running upgrade 06e2032472c6 -> d2162babb0bc, add_subscription_system
Backend CI	Run database migrations	2026-03-17T02:36:53.1440745Z INFO  [alembic.runtime.migration] Running upgrade 010_ensure_pay_enums, d2162babb0bc -> b41692817381, merge_payment_enums
Backend CI	Run database migrations	2026-03-17T02:36:53.1451579Z INFO  [alembic.runtime.migration] Running upgrade b41692817381 -> b180eac5e92f, add source_product_id to product_ingredients
Backend CI	Run database migrations	2026-03-17T02:36:53.1666530Z INFO  [alembic.runtime.migration] Running upgrade b180eac5e92f -> c53915a0c393, add production tables
Backend CI	Run database migrations	2026-03-17T02:36:53.1840840Z INFO  [alembic.runtime.migration] Running upgrade c53915a0c393, d21cfee4a049 -> e7c1f3a2b9d0, single superadmin
Backend CI	Run database migrations	2026-03-17T02:36:53.1907080Z INFO  [alembic.runtime.migration] Running upgrade 010_ensure_pay_enums -> 011_fix_payment_status, Fix invalid payment status values
Backend CI	Run database migrations	2026-03-17T02:36:53.1924088Z INFO  [alembic.runtime.migration] Running upgrade 011_fix_payment_status, e7c1f3a2b9d0 -> f1a2b3c4d5e6, Merge heads after payment status fixes
Backend CI	Run database migrations	2026-03-17T02:36:53.1934755Z INFO  [alembic.runtime.migration] Running upgrade f1a2b3c4d5e6 -> 012_add_paid_partial, Add paid and partial values to paymentstatus enum
Backend CI	Run database migrations	2026-03-17T02:36:53.1950398Z INFO  [alembic.runtime.migration] Running upgrade 012_add_paid_partial -> 013_drop_payments_table, Drop payments table and related enums
Backend CI	Run database migrations	2026-03-17T02:36:53.1976358Z INFO  [alembic.runtime.migration] Running upgrade 013_drop_payments_table -> 014_add_supplier_payment_fields, Add supplier payment fields to invoices
Backend CI	Run database migrations	2026-03-17T02:36:53.2059358Z INFO  [alembic.runtime.migration] Running upgrade 014_add_supplier_payment_fields -> 015_add_product_suppliers, Add product-supplier association table
Backend CI	Run database migrations	2026-03-17T02:36:53.2126668Z INFO  [alembic.runtime.migration] Running upgrade 015_add_product_suppliers -> 016_add_time_entry_and_pos, Add time entry and POS connection tables
Backend CI	Run database migrations	2026-03-17T02:36:53.2388681Z INFO  [alembic.runtime.migration] Running upgrade 016_add_time_entry_and_pos -> 017_add_sessions, Add sessions table for active session management.
Backend CI	Run database migrations	2026-03-17T02:36:53.2456010Z INFO  [alembic.runtime.migration] Running upgrade 017_add_sessions -> 018_add_notifications, add notifications table
Backend CI	Run database migrations	2026-03-17T02:36:53.2560014Z INFO  [alembic.runtime.migration] Running upgrade 018_add_notifications -> 49bdc7531641, add_favorite_products_table
Backend CI	Run database migrations	2026-03-17T02:36:53.2649046Z INFO  [alembic.runtime.migration] Running upgrade 49bdc7531641 -> 298dd1eda420, add_job_execution_logs_table
Backend CI	Run database migrations	2026-03-17T02:36:53.2695765Z INFO  [alembic.runtime.migration] Running upgrade 018_add_notifications -> 019_add_departments, add departments table
Backend CI	Run database migrations	2026-03-17T02:36:53.2763838Z INFO  [alembic.runtime.migration] Running upgrade 019_add_departments -> 020_add_department_id, add department_id to business_users
Backend CI	Run database migrations	2026-03-17T02:36:53.2800208Z INFO  [alembic.runtime.migration] Running upgrade 020_add_department_id, 298dd1eda420 -> 021_merge_heads, merge departments and job logs
Backend CI	Run database migrations	2026-03-17T02:36:53.2810389Z INFO  [alembic.runtime.migration] Running upgrade 021_merge_heads -> 022_add_layby_config, add layby_config table
Backend CI	Run database migrations	2026-03-17T02:36:53.2891089Z INFO  [alembic.runtime.migration] Running upgrade 022_add_layby_config -> 023_add_laybys, add laybys table
Backend CI	Run database migrations	2026-03-17T02:36:53.3052073Z INFO  [alembic.runtime.migration] Running upgrade 023_add_laybys -> 024_add_layby_items, add layby_items table
Backend CI	Run database migrations	2026-03-17T02:36:53.3118399Z INFO  [alembic.runtime.migration] Running upgrade 024_add_layby_items -> 025_add_layby_schedules, add layby_schedules table
Backend CI	Run database migrations	2026-03-17T02:36:53.3184055Z INFO  [alembic.runtime.migration] Running upgrade 025_add_layby_schedules -> 026_add_layby_payments, add layby_payments table
Backend CI	Run database migrations	2026-03-17T02:36:53.3248905Z INFO  [alembic.runtime.migration] Running upgrade 026_add_layby_payments -> 027_add_layby_audit, add layby_audit table
Backend CI	Run database migrations	2026-03-17T02:36:53.3319666Z INFO  [alembic.runtime.migration] Running upgrade 027_add_layby_audit -> 028_add_layby_notifications, add layby_notifications table
Backend CI	Run database migrations	2026-03-17T02:36:53.3407175Z INFO  [alembic.runtime.migration] Running upgrade 028_add_layby_notifications -> 029_add_stock_reservations, add stock_reservations table
Backend CI	Run database migrations	2026-03-17T02:36:53.3493732Z INFO  [alembic.runtime.migration] Running upgrade 029_add_stock_reservations -> 4777487a7c3d, sync_schema_with_models
Backend CI	Run database migrations	2026-03-17T02:36:53.6107741Z INFO  [alembic.runtime.migration] Running upgrade 4777487a7c3d -> ef3bb807b7d5, add_is_custom_pricing_to_subscription_tiers
Backend CI	Run database migrations	2026-03-17T02:36:53.6149748Z INFO  [alembic.runtime.migration] Running upgrade ef3bb807b7d5 -> 6e181364b886, sync_schema_with_current_state
Backend CI	Run database migrations	2026-03-17T02:36:53.6187165Z INFO  [alembic.runtime.migration] Running upgrade 029_add_stock_reservations -> 030_add_tier_features, add tier_features table
Backend CI	Run database migrations	2026-03-17T02:36:53.6251814Z INFO  [alembic.runtime.migration] Running upgrade 030_add_tier_features -> 031_add_business_subscription, add business_subscription table
Backend CI	Run database migrations	2026-03-17T02:36:53.6333750Z INFO  [alembic.runtime.migration] Running upgrade 031_add_business_subscription -> 032_add_feature_overrides, add feature_overrides table
Backend CI	Run database migrations	2026-03-17T02:36:53.6399100Z INFO  [alembic.runtime.migration] Running upgrade 032_add_feature_overrides -> 033_add_device_registry, add device_registry table
Backend CI	Run database migrations	2026-03-17T02:36:53.6481439Z INFO  [alembic.runtime.migration] Running upgrade 033_add_device_registry -> 034_add_customer_accounts, add customer_accounts table
Backend CI	Run database migrations	2026-03-17T02:36:53.6581993Z INFO  [alembic.runtime.migration] Running upgrade 034_add_customer_accounts -> 035_add_account_transactions, add account_transactions table
Backend CI	Run database migrations	2026-03-17T02:36:53.6706167Z INFO  [alembic.runtime.migration] Running upgrade 035_add_account_transactions -> 036_add_account_payments, add account_payments and payment_allocations tables
Backend CI	Run database migrations	2026-03-17T02:36:53.6870397Z INFO  [alembic.runtime.migration] Running upgrade 033_add_device_registry, 6e181364b886 -> c5502fb966dd, merge_device_registry_and_schema_sync
Backend CI	Run database migrations	2026-03-17T02:36:53.6877182Z INFO  [alembic.runtime.migration] Running upgrade 036_add_account_payments -> 037_add_collection_activities, add collection_activities table
Backend CI	Run database migrations	2026-03-17T02:36:53.7021620Z INFO  [alembic.runtime.migration] Running upgrade 036_add_account_payments -> 037_add_account_write_offs, add account_write_offs table
Backend CI	Run database migrations	2026-03-17T02:36:53.7110578Z INFO  [alembic.runtime.migration] Running upgrade 037_add_account_write_offs, 037_add_collection_activities -> 038_add_account_statements, add account_statements table
Backend CI	Run database migrations	2026-03-17T02:36:53.7225466Z INFO  [alembic.runtime.migration] Running upgrade 038_add_account_statements, c5502fb966dd -> 4c665b9d28c3, merge_all_heads
Backend CI	Run database migrations	2026-03-17T02:36:53.7235957Z INFO  [alembic.runtime.migration] Running upgrade 4c665b9d28c3 -> 039_add_feat_defs, add subscription_feature_definitions table
Backend CI	Run database migrations	2026-03-17T02:36:53.7287840Z INFO  [alembic.runtime.migration] Running upgrade 039_add_feat_defs -> 040_report_subs, add report_subscriptions and report_delivery_logs tables
Backend CI	Run database migrations	2026-03-17T02:36:53.7417547Z INFO  [alembic.runtime.migration] Running upgrade 040_report_subs -> 6ead9fc807d9, restore business_time_settings
Backend CI	Run database migrations	2026-03-17T02:36:53.7461973Z INFO  [alembic.runtime.migration] Running upgrade 040_report_subs -> 041_employment_start_date, Add employment_start_date to business_users
Backend CI	Run database migrations	2026-03-17T02:36:53.7473794Z INFO  [alembic.runtime.migration] Running upgrade 041_employment_start_date, 6ead9fc807d9 -> 042_merge_heads, Merge alembic heads
Backend CI	Run database migrations	2026-03-17T02:36:53.7484431Z INFO  [alembic.runtime.migration] Running upgrade 042_merge_heads -> 043_order_management, Add order management tables and fields
Backend CI	Run database migrations	2026-03-17T02:36:53.7681900Z INFO  [alembic.runtime.migration] Running upgrade 043_order_management -> 044_loyalty_program, Add loyalty program tables
Backend CI	Run database migrations	2026-03-17T02:36:53.7869993Z INFO  [alembic.runtime.migration] Running upgrade 044_loyalty_program -> 045_petty_cash, Add petty cash tables
Backend CI	Run database migrations	2026-03-17T02:36:53.8097402Z INFO  [alembic.runtime.migration] Running upgrade 045_petty_cash -> 046_stock_take, Add stock take tables
Backend CI	Run database migrations	2026-03-17T02:36:53.8322589Z INFO  [alembic.runtime.migration] Running upgrade 046_stock_take -> 047_menu_engineering, Add menu engineering tables
Backend CI	Run database migrations	2026-03-17T02:36:53.8636896Z INFO  [alembic.runtime.migration] Running upgrade 047_menu_engineering -> 048_delivery_management, Add delivery management tables
Backend CI	Run database migrations	2026-03-17T02:36:53.8822143Z INFO  [alembic.runtime.migration] Running upgrade 048_delivery_management -> 049_crm_core, Add CRM core tables
Backend CI	Run database migrations	2026-03-17T02:36:53.9033924Z INFO  [alembic.runtime.migration] Running upgrade 049_crm_core -> 050_general_ledger, Add general ledger tables
Backend CI	Run database migrations	2026-03-17T02:36:53.9263281Z INFO  [alembic.runtime.migration] Running upgrade 050_general_ledger -> 051_automated_reorder, Add automated reorder tables
Backend CI	Run database migrations	2026-03-17T02:36:53.9462169Z INFO  [alembic.runtime.migration] Running upgrade 051_automated_reorder -> 052_custom_dashboards, Add custom dashboards tables
Backend CI	Run database migrations	2026-03-17T02:36:53.9590730Z INFO  [alembic.runtime.migration] Running upgrade 052_custom_dashboards -> 053_online_ordering, Add online ordering tables
Backend CI	Run database migrations	2026-03-17T02:36:53.9779238Z INFO  [alembic.runtime.migration] Running upgrade 053_online_ordering -> 054_audit_logs, Add user audit logs table
Backend CI	Run database migrations	2026-03-17T02:36:53.9869330Z INFO  [alembic.runtime.migration] Running upgrade 054_audit_logs -> 055_multi_location, Add multi-location inventory tables
Backend CI	Run database migrations	2026-03-17T02:36:54.0087014Z INFO  [alembic.runtime.migration] Running upgrade 055_multi_location -> 056_addons_modifiers, Add product addons and modifiers system
Backend CI	Run database migrations	2026-03-17T02:36:54.0212253Z INFO  [alembic.runtime.migration] Running upgrade 056_addons_modifiers -> 057_shift_management, Add shift management tables
Backend CI	Run database migrations	2026-03-17T02:36:54.0389762Z INFO  [alembic.runtime.migration] Running upgrade 057_shift_management -> 058_tax_configuration, Tax configuration tables
Backend CI	Run database migrations	2026-03-17T02:36:54.0546507Z INFO  [alembic.runtime.migration] Running upgrade 058_tax_configuration -> 059_notifications, Revamp notifications: new enums, channels, preferences
Backend CI	Run database migrations	2026-03-17T02:36:54.0731751Z INFO  [alembic.runtime.migration] Running upgrade 059_notifications -> 060_gift_cards, Add gift cards and gift card transactions
Backend CI	Run database migrations	2026-03-17T02:36:54.0860427Z INFO  [alembic.runtime.migration] Running upgrade 060_gift_cards -> 061_expenses, Add expense tracking tables
Backend CI	Run database migrations	2026-03-17T02:36:54.1019176Z INFO  [alembic.runtime.migration] Running upgrade 061_expenses -> 062_cash_registers, Cash register tables
Backend CI	Run database migrations	2026-03-17T02:36:54.1207207Z INFO  [alembic.runtime.migration] Running upgrade 062_cash_registers -> 063_commission_records, Add commission_records table
Backend CI	Run database migrations	2026-03-17T02:36:54.1304674Z INFO  [alembic.runtime.migration] Running upgrade 063_commission_records -> 064_report_templates, Add report_templates table
Backend CI	Run database migrations	2026-03-17T02:36:54.1363093Z INFO  [alembic.runtime.migration] Running upgrade 064_report_templates -> 065_customer_privacy, Add privacy compliance fields to customers
Backend CI	Run database migrations	2026-03-17T02:36:54.1445805Z INFO  [alembic.runtime.migration] Running upgrade 065_customer_privacy -> 066_proforma_invoices, Add proforma invoices tables
Backend CI	Run database migrations	2026-03-17T02:36:54.1591620Z INFO  [alembic.runtime.migration] Running upgrade 066_proforma_invoices -> 067_staff_targets, Staff targets and performance tables.
Backend CI	Run database migrations	2026-03-17T02:36:54.2027594Z INFO  [alembic.runtime.migration] Running upgrade 067_staff_targets -> 068_combo_deals, Create combo_deals and combo_components tables.
Backend CI	Run database migrations	2026-03-17T02:36:54.2201140Z INFO  [alembic.runtime.migration] Running upgrade 068_combo_deals -> 069_order_item_modifiers, Create order_item_modifiers table.
Backend CI	Run database migrations	2026-03-17T02:36:54.2291409Z INFO  [alembic.runtime.migration] Running upgrade 069_order_item_modifiers -> 070_modifier_availability, Create modifier_availability table.
Backend CI	Run database migrations	2026-03-17T02:36:54.2373429Z INFO  [alembic.runtime.migration] Running upgrade 070_modifier_availability -> 071_nested_modifiers, Add parent_modifier_id to modifier_groups for nested modifiers.
Backend CI	Run database migrations	2026-03-17T02:36:54.2409268Z INFO  [alembic.runtime.migration] Running upgrade 071_nested_modifiers -> 072_reorder_grn_audit, Create product_reorder_settings, goods_received_notes, grn_items, reorder_audit_log tables.
Backend CI	Run database migrations	2026-03-17T02:36:54.2682308Z INFO  [alembic.runtime.migration] Running upgrade 072_reorder_grn_audit -> 073_bulk_operations, Add bulk operations, items, templates tables.
Backend CI	Run database migrations	2026-03-17T02:36:54.2941242Z INFO  [alembic.runtime.migration] Running upgrade 073_bulk_operations -> 074_dashboard_templates_shares, Add dashboard_templates, dashboard_shares, export_schedules tables.
Backend CI	Run database migrations	2026-03-17T02:36:54.3097731Z INFO  [alembic.runtime.migration] Running upgrade 074_dashboard_templates_shares -> 075_expense_approvals, Create expense_approvals table for petty-cash approval workflows.
Backend CI	Run database migrations	2026-03-17T02:36:54.3187368Z INFO  [alembic.runtime.migration] Running upgrade 075_expense_approvals -> 076_gl_account_mappings, Create gl_account_mappings table for automatic journal entry generation.
Backend CI	Run database migrations	2026-03-17T02:36:54.3247633Z INFO  [alembic.runtime.migration] Running upgrade 076_gl_account_mappings -> 077_inventory_report_configs, Create inventory_report_configs table for saved report settings.
Backend CI	Run database migrations	2026-03-17T02:36:54.3339798Z INFO  [alembic.runtime.migration] Running upgrade 077_inventory_report_configs -> 078_stock_take_scope_counters, Create stock_take_scope and stock_take_counters tables.
Backend CI	Run database migrations	2026-03-17T02:36:54.3430724Z INFO  [alembic.runtime.migration] Running upgrade 078_stock_take_scope_counters -> 079_floor_plans, Create floor_plans table for restaurant layout management.
Backend CI	Run database migrations	2026-03-17T02:36:54.3497216Z INFO  [alembic.runtime.migration] Running upgrade 079_floor_plans -> 080_sections, Create sections table for grouping tables within a floor plan.
Backend CI	Run database migrations	2026-03-17T02:36:54.3608262Z INFO  [alembic.runtime.migration] Running upgrade 080_sections -> 081_reservations, Create reservations table for table booking management.
Backend CI	Run database migrations	2026-03-17T02:36:54.3714015Z INFO  [alembic.runtime.migration] Running upgrade 081_reservations -> 082_driver_shifts, Create driver_shifts table for scheduling delivery drivers.
Backend CI	Run database migrations	2026-03-17T02:36:54.3757267Z INFO  [alembic.runtime.migration] Running upgrade 082_driver_shifts -> 083_delivery_tracking, Create delivery_tracking and delivery_proofs tables.
Backend CI	Run database migrations	2026-03-17T02:36:54.3847580Z INFO  [alembic.runtime.migration] Running upgrade 083_delivery_tracking -> 084_payment_methods, Create payment_methods and payment_transactions tables.
Backend CI	Run database migrations	2026-03-17T02:36:54.3980221Z INFO  [alembic.runtime.migration] Running upgrade 084_payment_methods -> 085_customer_displays, Create customer_displays and display_configs tables.
Backend CI	Run database migrations	2026-03-17T02:36:54.4084768Z INFO  [alembic.runtime.migration] Running upgrade 085_customer_displays -> 086_tags, Create tag_categories, tags, and product_tags tables.
Backend CI	Run database migrations	2026-03-17T02:36:54.4291674Z INFO  [alembic.runtime.migration] Running upgrade 086_tags -> 087_proforma_revisions, Create proforma_invoice_revisions table for quote versioning.
Backend CI	Run database migrations	2026-03-17T02:36:54.4352061Z INFO  [alembic.runtime.migration] Running upgrade 087_proforma_revisions -> 088_smart_collections, Create smart_collections and collection_products tables.
Backend CI	Run database migrations	2026-03-17T02:36:54.4484391Z INFO  [alembic.runtime.migration] Running upgrade 088_smart_collections -> 089_digital_signage, Create core digital signage tables.
Backend CI	Run database migrations	2026-03-17T02:36:54.4714489Z INFO  [alembic.runtime.migration] Running upgrade 089_digital_signage -> 090_partners, Create core partner administration tables.
Backend CI	Run database migrations	2026-03-17T02:36:54.4947139Z INFO  [alembic.runtime.migration] Running upgrade 090_partners -> 091_pms_core, Create core PMS (Property Management System) integration tables.
Backend CI	Run database migrations	2026-03-17T02:36:54.5315071Z INFO  [alembic.runtime.migration] Running upgrade 091_pms_core -> 092_integrations, Create core Xero and WooCommerce integration tables.
Backend CI	Run database migrations	2026-03-17T02:36:54.5566314Z INFO  [alembic.runtime.migration] Running upgrade 092_integrations -> 093_gl_extensions, Extend general ledger with balances cache, recurring entries, and audit log.
Backend CI	Run database migrations	2026-03-17T02:36:54.5745935Z INFO  [alembic.runtime.migration] Running upgrade 093_gl_extensions -> 094_month_end_extensions, Add inventory periods, period snapshots, ABC classification, stock count history.
Backend CI	Run database migrations	2026-03-17T02:36:54.5971524Z INFO  [alembic.runtime.migration] Running upgrade 094_month_end_extensions -> 095_sync_queue, Add sync queue and sync metadata tables for offline-first sync engine.
Backend CI	Run database migrations	2026-03-17T02:36:54.6098003Z INFO  [alembic.runtime.migration] Running upgrade 095_sync_queue -> 096_loyalty_and_location_ext, Add loyalty reward catalog and tier benefits; multi-location settings/pricing/access.
Backend CI	Run database migrations	2026-03-17T02:36:54.6329366Z INFO  [alembic.runtime.migration] Running upgrade 096_loyalty_and_location_ext -> 097_petty_cash_ext, Add petty cash disbursements, receipts, and reconciliation tables.
Backend CI	Run database migrations	2026-03-17T02:36:54.6548837Z INFO  [alembic.runtime.migration] Running upgrade 097_petty_cash_ext -> 098_sage_integration, Add Sage accounting integration tables.
Backend CI	Run database migrations	2026-03-17T02:36:54.6823854Z INFO  [alembic.runtime.migration] Running upgrade 098_sage_integration -> 099_fix_subscription_deleted_at, add deleted_at to business_subscription
Backend CI	Run database migrations	2026-03-17T02:36:54.6835370Z INFO  [alembic.runtime.migration] Running upgrade 099_fix_subscription_deleted_at -> 100_fix_sub_model_cols, add missing columns to feature_overrides and device_registry
Backend CI	Run database migrations	2026-03-17T02:36:54.6864305Z INFO  [alembic.runtime.migration] Running upgrade 100_fix_sub_model_cols -> 101_bts_timezone, Add timezone to business_time_settings
Backend CI	Run database migrations	2026-03-17T02:36:54.6886548Z INFO  [alembic.runtime.migration] Running upgrade 101_bts_timezone -> 102_pf_approval_audit, proforma approval audit
Backend CI	Run database migrations	2026-03-17T02:36:54.7145686Z INFO  [alembic.runtime.migration] Running upgrade 102_pf_approval_audit -> 103_zone_fee_fields, add delivery zone and fee fields
Backend CI	Run database migrations	2026-03-17T02:36:54.7274872Z INFO  [alembic.runtime.migration] Running upgrade f1a2b3c4d5e6 -> 070_product_supplier_primary, add is_primary to product_suppliers
Backend CI	Run database migrations	2026-03-17T02:36:54.7288073Z INFO  [alembic.runtime.migration] Running upgrade 070_product_supplier_primary, 103_zone_fee_fields -> a1b2c3d4e5f6, add agent_logs table
Backend CI	Run database migrations	2026-03-17T02:36:54.7401567Z INFO  [alembic.runtime.migration] Running upgrade 070_product_supplier_primary, 103_zone_fee_fields -> 3bc48f58a175, merge heads
Backend CI	Run database migrations	2026-03-17T02:36:54.7407630Z INFO  [alembic.runtime.migration] Running upgrade 3bc48f58a175 -> aa34fa0ca264, floor_plan_extensions
Backend CI	Run database migrations	2026-03-17T02:36:54.7528707Z INFO  [alembic.runtime.migration] Running upgrade aa34fa0ca264 -> 104_delivery_missing, add_delivery_management_missing_tables
Backend CI	Run database migrations	2026-03-17T02:36:54.7534734Z INFO  [alembic.runtime.migration] Running upgrade 104_delivery_missing, a1b2c3d4e5f6 -> ef79f6d52049, merge heads before floor plan extensions
Backend CI	Run database migrations	2026-03-17T02:36:54.7544845Z INFO  [alembic.runtime.migration] Running upgrade ef79f6d52049 -> 4c77b07b9fef, floor_plan_extensions
Backend CI	Run database migrations	2026-03-17T02:36:54.7646852Z INFO  [alembic.runtime.migration] Running upgrade 4c77b07b9fef -> ecad824d00b3, add_waiter_cashups
Backend CI	Run database migrations	2026-03-17T02:36:54.7753545Z INFO  [alembic.runtime.migration] Running upgrade f1a2b3c4d5e6 -> d3b53d8c8886, add totp to user
Backend CI	Run database migrations	2026-03-17T02:36:54.7782649Z INFO  [alembic.runtime.migration] Running upgrade f1a2b3c4d5e6 -> df4f520ae4d7, create webhook tables
Backend CI	Run database migrations	2026-03-17T02:36:54.7886414Z INFO  [alembic.runtime.migration] Running upgrade df4f520ae4d7, ecad824d00b3 -> 68e3d4c6803c, merge migration heads
Backend CI	Run database migrations	2026-03-17T02:36:54.7897580Z INFO  [alembic.runtime.migration] Running upgrade 68e3d4c6803c -> b77c000b4892, Add penalty tracking columns to time_entries
Backend CI	Run database migrations	2026-03-17T02:36:54.7950407Z INFO  [alembic.runtime.migration] Running upgrade b77c000b4892, d3b53d8c8886 -> 04c9537675e7, Merge migration heads
Backend CI	Run database migrations	2026-03-17T02:36:54.8220916Z business_time_settings table does not exist, skipping drop
Backend CI	Run database migrations	2026-03-17T02:36:54.8221902Z stock_reservations table does not exist yet, skipping index creation
Backend CI	Run tests	﻿2026-03-17T02:36:55.1152060Z ##[group]Run pytest app/tests/ -v --tb=short --cov --cov-report=term-missing --cov-report=xml --cov-fail-under=50
Backend CI	Run tests	2026-03-17T02:36:55.1153142Z [36;1mpytest app/tests/ -v --tb=short --cov --cov-report=term-missing --cov-report=xml --cov-fail-under=50[0m
Backend CI	Run tests	2026-03-17T02:36:55.1203759Z shell: /usr/bin/bash -e {0}
Backend CI	Run tests	2026-03-17T02:36:55.1204024Z env:
Backend CI	Run tests	2026-03-17T02:36:55.1204188Z   PYTHON_VERSION: 3.12
Backend CI	Run tests	2026-03-17T02:36:55.1204392Z   NODE_VERSION: 20
Backend CI	Run tests	2026-03-17T02:36:55.1204657Z   pythonLocation: /opt/hostedtoolcache/Python/3.12.13/x64
Backend CI	Run tests	2026-03-17T02:36:55.1205081Z   PKG_CONFIG_PATH: /opt/hostedtoolcache/Python/3.12.13/x64/lib/pkgconfig
Backend CI	Run tests	2026-03-17T02:36:55.1205521Z   Python_ROOT_DIR: /opt/hostedtoolcache/Python/3.12.13/x64
Backend CI	Run tests	2026-03-17T02:36:55.1205897Z   Python2_ROOT_DIR: /opt/hostedtoolcache/Python/3.12.13/x64
Backend CI	Run tests	2026-03-17T02:36:55.1206262Z   Python3_ROOT_DIR: /opt/hostedtoolcache/Python/3.12.13/x64
Backend CI	Run tests	2026-03-17T02:36:55.1206631Z   LD_LIBRARY_PATH: /opt/hostedtoolcache/Python/3.12.13/x64/lib
Backend CI	Run tests	2026-03-17T02:36:55.1206991Z   SECRET_KEY: test-secret-key-for-ci-testing-only
Backend CI	Run tests	2026-03-17T02:36:55.1207639Z   DATABASE_URL: ***localhost:5432/bizpilot
Backend CI	Run tests	2026-03-17T02:36:55.1207909Z ##[endgroup]
Backend CI	Run tests	2026-03-17T02:37:20.1333743Z ============================= test session starts ==============================
Backend CI	Run tests	2026-03-17T02:37:20.1334847Z platform linux -- Python 3.12.13, pytest-9.0.2, pluggy-1.6.0 -- /opt/hostedtoolcache/Python/3.12.13/x64/bin/python
Backend CI	Run tests	2026-03-17T02:37:20.1336152Z cachedir: .pytest_cache
Backend CI	Run tests	2026-03-17T02:37:20.1337150Z hypothesis profile 'ci' -> database=None, deadline=None, print_blob=True, derandomize=True, suppress_health_check=[HealthCheck.too_slow]
Backend CI	Run tests	2026-03-17T02:37:20.1338288Z rootdir: /home/runner/work/BizPilot2/BizPilot2/backend
Backend CI	Run tests	2026-03-17T02:37:20.1338998Z plugins: hypothesis-6.122.3, anyio-4.12.1, cov-7.0.0, asyncio-1.3.0
Backend CI	Run tests	2026-03-17T02:37:20.1340102Z asyncio: mode=Mode.STRICT, debug=False, asyncio_default_fixture_loop_scope=None, asyncio_default_test_loop_scope=function
Backend CI	Run tests	2026-03-17T02:37:34.0850350Z collecting ... collected 4220 items
Backend CI	Run tests	2026-03-17T02:37:34.0850813Z 
Backend CI	Run tests	2026-03-17T02:37:34.7234552Z app/tests/e2e/test_report_flow.py::TestReportFlowE2E::test_weekly_report_full_flow PASSED [  0%]
Backend CI	Run tests	2026-03-17T02:37:34.7316834Z app/tests/e2e/test_report_flow.py::TestReportFlowE2E::test_monthly_report_full_flow PASSED [  0%]
Backend CI	Run tests	2026-03-17T02:37:34.7407628Z app/tests/e2e/test_report_flow.py::TestReportFlowE2E::test_flow_handles_generation_failure_gracefully PASSED [  0%]
Backend CI	Run tests	2026-03-17T02:37:34.7478812Z app/tests/e2e/test_report_flow.py::TestReportFlowE2E::test_flow_handles_email_failure_gracefully PASSED [  0%]
Backend CI	Run tests	2026-03-17T02:37:34.7536559Z app/tests/e2e/test_report_flow.py::TestReportFlowE2E::test_no_subscriptions_produces_zero_work PASSED [  0%]
Backend CI	Run tests	2026-03-17T02:37:34.7626041Z app/tests/e2e/test_report_flow.py::TestReportFlowE2E::test_multiple_subscriptions_processed_independently PASSED [  0%]
Backend CI	Run tests	2026-03-17T02:37:34.7878615Z app/tests/integration/test_entity_sync.py::TestEntitySyncValidation::test_unknown_entity_post_returns_404 PASSED [  0%]
Backend CI	Run tests	2026-03-17T02:37:34.8023834Z app/tests/integration/test_entity_sync.py::TestEntitySyncValidation::test_unknown_entity_get_returns_404 PASSED [  0%]
Backend CI	Run tests	2026-03-17T02:37:34.8525380Z app/tests/integration/test_entity_sync.py::TestEntitySyncValidation::test_valid_entity_types_accepted_for_get PASSED [  0%]
Backend CI	Run tests	2026-03-17T02:37:34.8781379Z app/tests/integration/test_entity_sync.py::TestEntitySyncValidation::test_batch_too_large_returns_422 PASSED [  0%]
Backend CI	Run tests	2026-03-17T02:37:34.8923549Z app/tests/integration/test_entity_sync.py::TestEntitySyncValidation::test_invalid_action_returns_422 PASSED [  0%]
Backend CI	Run tests	2026-03-17T02:37:34.9056008Z app/tests/integration/test_entity_sync.py::TestEntitySyncValidation::test_invalid_since_timestamp_returns_422 PASSED [  0%]
Backend CI	Run tests	2026-03-17T02:37:34.9192297Z app/tests/integration/test_entity_sync.py::TestEntitySyncValidation::test_per_page_above_200_returns_422 PASSED [  0%]
Backend CI	Run tests	2026-03-17T02:37:34.9329930Z app/tests/integration/test_entity_sync.py::TestEntitySyncValidation::test_missing_records_key_returns_422 PASSED [  0%]
Backend CI	Run tests	2026-03-17T02:37:34.9470548Z app/tests/integration/test_entity_sync.py::TestEntitySyncValidation::test_missing_updated_at_returns_422 PASSED [  0%]
Backend CI	Run tests	2026-03-17T02:37:34.9619544Z app/tests/integration/test_entity_sync.py::TestEntitySyncPushResponseStructure::test_push_empty_batch_returns_zero_counts PASSED [  0%]
Backend CI	Run tests	2026-03-17T02:37:34.9762882Z app/tests/integration/test_entity_sync.py::TestEntitySyncPushResponseStructure::test_push_invalid_uuid_record_returns_error_result PASSED [  0%]
Backend CI	Run tests	2026-03-17T02:37:34.9905442Z app/tests/integration/test_entity_sync.py::TestEntitySyncPushResponseStructure::test_push_response_has_all_required_fields PASSED [  0%]
Backend CI	Run tests	2026-03-17T02:37:35.0046134Z app/tests/integration/test_entity_sync.py::TestEntitySyncPushResponseStructure::test_pull_response_has_all_required_fields PASSED [  0%]
Backend CI	Run tests	2026-03-17T02:37:35.0182926Z app/tests/integration/test_entity_sync.py::TestEntitySyncPushResponseStructure::test_pull_response_echoes_since_param PASSED [  0%]
Backend CI	Run tests	2026-03-17T02:37:35.0318030Z app/tests/integration/test_entity_sync.py::TestEntitySyncPushResponseStructure::test_pull_response_since_is_none_when_not_provided PASSED [  0%]
Backend CI	Run tests	2026-03-17T02:37:35.0471161Z app/tests/integration/test_entity_sync.py::TestEntitySyncPushResponseStructure::test_push_delete_nonexistent_is_idempotent PASSED [  0%]
Backend CI	Run tests	2026-03-17T02:37:35.0486310Z app/tests/integration/test_entity_sync.py::TestEntitySyncHelpers::test_entity_registry_contains_expected_entities PASSED [  0%]
Backend CI	Run tests	2026-03-17T02:37:35.0500449Z app/tests/integration/test_entity_sync.py::TestEntitySyncHelpers::test_entity_registry_does_not_contain_internal_tables PASSED [  0%]
Backend CI	Run tests	2026-03-17T02:37:35.0516132Z app/tests/integration/test_entity_sync.py::TestEntitySyncHelpers::test_get_writable_columns_excludes_system_fields PASSED [  0%]
Backend CI	Run tests	2026-03-17T02:37:35.0530400Z app/tests/integration/test_entity_sync.py::TestEntitySyncHelpers::test_get_writable_columns_includes_business_fields PASSED [  0%]
Backend CI	Run tests	2026-03-17T02:37:35.0547614Z app/tests/integration/test_entity_sync.py::TestEntitySyncHelpers::test_model_to_dict_converts_uuid_to_str PASSED [  0%]
Backend CI	Run tests	2026-03-17T02:37:35.0566806Z app/tests/integration/test_entity_sync.py::TestEntitySyncHelpers::test_model_to_dict_converts_datetime_to_str PASSED [  0%]
Backend CI	Run tests	2026-03-17T02:37:35.0686989Z app/tests/integration/test_mobile_sync.py::TestDeviceRegistrationOnSync::test_sync_returns_device_info PASSED [  0%]
Backend CI	Run tests	2026-03-17T02:37:35.0793163Z app/tests/integration/test_mobile_sync.py::TestDeviceRegistrationOnSync::test_sync_returns_sync_timestamp PASSED [  0%]
Backend CI	Run tests	2026-03-17T02:37:35.0900150Z app/tests/integration/test_mobile_sync.py::TestPermissionsInSyncResponse::test_sync_includes_permissions PASSED [  0%]
Backend CI	Run tests	2026-03-17T02:37:35.1008195Z app/tests/integration/test_mobile_sync.py::TestPermissionsInSyncResponse::test_sync_permissions_include_tier PASSED [  0%]
Backend CI	Run tests	2026-03-17T02:37:35.1098872Z app/tests/integration/test_mobile_sync.py::TestDeviceLimitRejection::test_device_limit_returns_403 PASSED [  0%]
Backend CI	Run tests	2026-03-17T02:37:35.1189486Z app/tests/integration/test_mobile_sync.py::TestDeviceLimitRejection::test_missing_device_headers_returns_400 PASSED [  0%]
Backend CI	Run tests	2026-03-17T02:37:35.1297503Z app/tests/integration/test_mobile_sync.py::TestDeviceLimitRejection::test_superadmin_bypasses_device_limit PASSED [  0%]
Backend CI	Run tests	2026-03-17T02:37:35.1334533Z app/tests/integration/test_report_subscriptions_api.py::TestSubscriptionStateToggle::test_toggle_activates_inactive_subscription PASSED [  0%]
Backend CI	Run tests	2026-03-17T02:37:35.1368087Z app/tests/integration/test_report_subscriptions_api.py::TestSubscriptionStateToggle::test_toggle_deactivates_active_subscription PASSED [  0%]
Backend CI	Run tests	2026-03-17T02:37:35.1411699Z app/tests/integration/test_report_subscriptions_api.py::TestSubscriptionStateToggle::test_double_toggle_restores_original_state PASSED [  0%]
Backend CI	Run tests	2026-03-17T02:37:35.1437257Z app/tests/integration/test_report_subscriptions_api.py::TestSubscriptionStateToggle::test_toggle_nonexistent_returns_none PASSED [  0%]
Backend CI	Run tests	2026-03-17T02:37:35.1467085Z app/tests/integration/test_report_subscriptions_api.py::TestInactiveSubscriptionExclusion::test_active_only_returned PASSED [  0%]
Backend CI	Run tests	2026-03-17T02:37:35.1495105Z app/tests/integration/test_report_subscriptions_api.py::TestInactiveSubscriptionExclusion::test_empty_when_all_inactive PASSED [  0%]
Backend CI	Run tests	2026-03-17T02:37:35.1528461Z app/tests/integration/test_report_subscriptions_api.py::TestInactiveSubscriptionExclusion::test_count_matches_list_length PASSED [  0%]
Backend CI	Run tests	2026-03-17T02:37:35.1565686Z app/tests/integration/test_report_subscriptions_api.py::TestCreateDeactivateRoundTrip::test_create_subscription_sets_active PASSED [  1%]
Backend CI	Run tests	2026-03-17T02:37:35.1599639Z app/tests/integration/test_report_subscriptions_api.py::TestCreateDeactivateRoundTrip::test_create_reactivates_existing_inactive PASSED [  1%]
Backend CI	Run tests	2026-03-17T02:37:35.1631632Z app/tests/integration/test_report_subscriptions_api.py::TestCreateDeactivateRoundTrip::test_deactivate_sets_inactive PASSED [  1%]
Backend CI	Run tests	2026-03-17T02:37:35.1658182Z app/tests/integration/test_report_subscriptions_api.py::TestCreateDeactivateRoundTrip::test_deactivate_nonexistent_returns_false PASSED [  1%]
Backend CI	Run tests	2026-03-17T02:37:35.1685157Z app/tests/integration/test_report_subscriptions_api.py::TestDeliveryLogging::test_log_delivery_success PASSED [  1%]
Backend CI	Run tests	2026-03-17T02:37:35.1711214Z app/tests/integration/test_report_subscriptions_api.py::TestDeliveryLogging::test_log_delivery_failed_with_error PASSED [  1%]
Backend CI	Run tests	2026-03-17T02:37:35.1749085Z app/tests/integration/test_report_subscriptions_api.py::TestDeliveryLogging::test_log_delivery_retrying PASSED [  1%]
Backend CI	Run tests	2026-03-17T02:37:35.1773692Z app/tests/integration/test_report_subscriptions_api.py::TestUserSubscriptionsQuery::test_returns_all_when_active_only_false PASSED [  1%]
Backend CI	Run tests	2026-03-17T02:37:35.1802239Z app/tests/integration/test_report_subscriptions_api.py::TestUserSubscriptionsQuery::test_returns_only_active_when_filtered PASSED [  1%]
Backend CI	Run tests	2026-03-17T02:37:36.1474486Z app/tests/property/test_properties_analytics_accuracy.py::test_frequency_counts_non_negative PASSED [  1%]
Backend CI	Run tests	2026-03-17T02:37:36.8448638Z app/tests/property/test_properties_analytics_accuracy.py::test_revenue_values_non_negative PASSED [  1%]
Backend CI	Run tests	2026-03-17T02:37:37.2358536Z app/tests/property/test_properties_analytics_accuracy.py::test_frequency_ranking_is_sorted_descending PASSED [  1%]
Backend CI	Run tests	2026-03-17T02:37:37.9633309Z app/tests/property/test_properties_analytics_accuracy.py::test_revenue_ranking_is_sorted_descending PASSED [  1%]
Backend CI	Run tests	2026-03-17T02:37:38.4968976Z app/tests/property/test_properties_analytics_accuracy.py::test_summary_total_gte_any_individual PASSED [  1%]
Backend CI	Run tests	2026-03-17T02:37:38.7141774Z app/tests/property/test_properties_batch_processing.py::test_complete_batch_processing PASSED [  1%]
Backend CI	Run tests	2026-03-17T02:37:39.7461314Z app/tests/property/test_properties_batch_processing.py::test_batch_size_adherence PASSED [  1%]
Backend CI	Run tests	2026-03-17T02:37:39.9037229Z app/tests/property/test_properties_bulk_operations.py::test_price_validation_negative_check PASSED [  1%]
Backend CI	Run tests	2026-03-17T02:37:39.9275819Z app/tests/property/test_properties_bulk_operations.py::test_operation_progress_invariant PASSED [  1%]
Backend CI	Run tests	2026-03-17T02:37:40.0537286Z app/tests/property/test_properties_bulk_operations.py::test_error_isolation PASSED [  1%]
Backend CI	Run tests	2026-03-17T02:37:40.2630192Z app/tests/property/test_properties_bulk_operations.py::test_before_after_snapshot_consistency PASSED [  1%]
Backend CI	Run tests	2026-03-17T02:37:40.3406572Z app/tests/property/test_properties_bulk_operations.py::test_progress_percentage_safe PASSED [  1%]
Backend CI	Run tests	2026-03-17T02:37:40.3514544Z app/tests/property/test_properties_bulk_operations.py::test_terminal_state_detection PASSED [  1%]
Backend CI	Run tests	2026-03-17T02:37:40.5905325Z app/tests/property/test_properties_bulk_operations.py::test_validation_matches_execution PASSED [  1%]
Backend CI	Run tests	2026-03-17T02:37:40.8009615Z app/tests/property/test_properties_cash_register.py::test_expected_drawer_balance PASSED [  1%]
Backend CI	Run tests	2026-03-17T02:37:40.9147532Z app/tests/property/test_properties_cash_register.py::test_variance_is_actual_minus_expected PASSED [  1%]
Backend CI	Run tests	2026-03-17T02:37:40.9598945Z app/tests/property/test_properties_cash_register.py::test_opening_float_is_positive PASSED [  1%]
Backend CI	Run tests	2026-03-17T02:37:41.1014480Z app/tests/property/test_properties_cash_register.py::test_counted_total_matches_denomination_sum PASSED [  1%]
Backend CI	Run tests	2026-03-17T02:37:41.4463660Z app/tests/property/test_properties_combo_pricing.py::test_combo_price_is_non_negative PASSED [  1%]
Backend CI	Run tests	2026-03-17T02:37:42.0754276Z app/tests/property/test_properties_combo_pricing.py::test_savings_equals_difference PASSED [  1%]
Backend CI	Run tests	2026-03-17T02:37:42.7300077Z app/tests/property/test_properties_combo_pricing.py::test_savings_non_negative PASSED [  1%]
Backend CI	Run tests	2026-03-17T02:37:42.8149941Z app/tests/property/test_properties_combo_pricing.py::test_no_discount_means_zero_savings PASSED [  1%]
Backend CI	Run tests	2026-03-17T02:37:43.0571684Z app/tests/property/test_properties_crm.py::test_visit_count_equals_distinct_order_count PASSED [  1%]
Backend CI	Run tests	2026-03-17T02:37:43.2680441Z app/tests/property/test_properties_crm.py::test_total_spent_equals_sum_of_order_totals PASSED [  1%]
Backend CI	Run tests	2026-03-17T02:37:43.6695572Z app/tests/property/test_properties_crm.py::test_segment_membership_iff_criteria_satisfied PASSED [  1%]
Backend CI	Run tests	2026-03-17T02:37:43.7464034Z app/tests/property/test_properties_crm.py::test_average_order_value_consistency PASSED [  1%]
Backend CI	Run tests	2026-03-17T02:37:43.8039088Z app/tests/property/test_properties_crm_core.py::TestCRMCoreProperties::test_visit_count_monotonic PASSED [  1%]
Backend CI	Run tests	2026-03-17T02:37:43.9773059Z app/tests/property/test_properties_crm_core.py::TestCRMCoreProperties::test_total_spent_equals_transaction_sum PASSED [  1%]
Backend CI	Run tests	2026-03-17T02:37:44.0320203Z app/tests/property/test_properties_crm_core.py::TestCRMCoreProperties::test_segment_membership_deterministic PASSED [  1%]
Backend CI	Run tests	2026-03-17T02:37:46.8397739Z app/tests/property/test_properties_crm_core.py::TestCRMCoreProperties::test_customer_email_format PASSED [  1%]
Backend CI	Run tests	2026-03-17T02:37:46.8507306Z app/tests/property/test_properties_custom_dashboards.py::TestDashboardWidgetProperties::test_widget_type_valid PASSED [  1%]
Backend CI	Run tests	2026-03-17T02:37:46.8833057Z app/tests/property/test_properties_custom_dashboards.py::TestDashboardWidgetProperties::test_widget_size_within_grid PASSED [  1%]
Backend CI	Run tests	2026-03-17T02:37:46.9208934Z app/tests/property/test_properties_custom_dashboards.py::TestDashboardWidgetProperties::test_widget_position_no_overflow PASSED [  1%]
Backend CI	Run tests	2026-03-17T02:37:46.9270578Z app/tests/property/test_properties_custom_dashboards.py::TestDashboardShareProperties::test_share_permission_valid PASSED [  2%]
Backend CI	Run tests	2026-03-17T02:37:46.9417587Z app/tests/property/test_properties_custom_dashboards.py::TestDashboardShareProperties::test_public_dashboard_no_shares_needed PASSED [  2%]
Backend CI	Run tests	2026-03-17T02:37:47.2213411Z app/tests/property/test_properties_customer_accounts.py::test_balance_equals_sum_of_transactions PASSED [  2%]
Backend CI	Run tests	2026-03-17T02:37:47.4035554Z app/tests/property/test_properties_customer_accounts.py::test_credit_limit_enforcement PASSED [  2%]
Backend CI	Run tests	2026-03-17T02:37:47.4839947Z app/tests/property/test_properties_customer_accounts.py::test_payment_allocation_fifo PASSED [  2%]
Backend CI	Run tests	2026-03-17T02:37:47.8999500Z app/tests/property/test_properties_customer_accounts.py::test_statement_accuracy PASSED [  2%]
Backend CI	Run tests	2026-03-17T02:37:47.9076516Z app/tests/property/test_properties_customer_display.py::TestCustomerDisplayProperties::test_display_type_enum PASSED [  2%]
Backend CI	Run tests	2026-03-17T02:37:47.9142466Z app/tests/property/test_properties_customer_display.py::TestCustomerDisplayProperties::test_display_status_enum PASSED [  2%]
Backend CI	Run tests	2026-03-17T02:37:47.9551193Z app/tests/property/test_properties_customer_display.py::TestCustomerDisplayProperties::test_config_defaults PASSED [  2%]
Backend CI	Run tests	2026-03-17T02:37:47.9701904Z app/tests/property/test_properties_dashboards.py::test_widget_data_handler_dispatch PASSED [  2%]
Backend CI	Run tests	2026-03-17T02:37:48.2223670Z app/tests/property/test_properties_dashboards.py::test_layout_persistence_round_trip PASSED [  2%]
Backend CI	Run tests	2026-03-17T02:37:48.3453071Z app/tests/property/test_properties_dashboards.py::test_same_metric_returns_consistent_value PASSED [  2%]
Backend CI	Run tests	2026-03-17T02:37:48.4421993Z app/tests/property/test_properties_dashboards.py::test_template_system_flag_immutable PASSED [  2%]
Backend CI	Run tests	2026-03-17T02:37:48.4480083Z app/tests/property/test_properties_dashboards.py::test_share_permission_values PASSED [  2%]
Backend CI	Run tests	2026-03-17T02:37:48.5707711Z app/tests/property/test_properties_days_overdue.py::test_days_overdue_calculation PASSED [  2%]
Backend CI	Run tests	2026-03-17T02:37:48.6328296Z app/tests/property/test_properties_days_overdue.py::test_days_overdue_zero_for_future_dates PASSED [  2%]
Backend CI	Run tests	2026-03-17T02:37:48.8284788Z app/tests/property/test_properties_days_overdue.py::test_days_overdue_calculation_consistency PASSED [  2%]
Backend CI	Run tests	2026-03-17T02:37:48.8909373Z app/tests/property/test_properties_days_overdue.py::test_days_overdue_uses_utc_timezone PASSED [  2%]
Backend CI	Run tests	2026-03-17T02:37:48.9288720Z app/tests/property/test_properties_days_overdue.py::test_days_overdue_no_due_date_returns_zero PASSED [  2%]
Backend CI	Run tests	2026-03-17T02:37:49.0820873Z app/tests/property/test_properties_delivery.py::test_fee_calculation_consistency PASSED [  2%]
Backend CI	Run tests	2026-03-17T02:37:49.0925160Z app/tests/property/test_properties_delivery.py::test_assignment_integrity PASSED [  2%]
Backend CI	Run tests	2026-03-17T02:37:49.1634297Z app/tests/property/test_properties_delivery.py::test_tracking_continuity_valid_transitions PASSED [  2%]
Backend CI	Run tests	2026-03-17T02:37:49.2920664Z app/tests/property/test_properties_delivery.py::test_terminal_states_are_final PASSED [  2%]
Backend CI	Run tests	2026-03-17T02:37:49.2999669Z app/tests/property/test_properties_delivery_management.py::TestDriverShiftProperties::test_driver_shift_status_valid PASSED [  2%]
Backend CI	Run tests	2026-03-17T02:37:49.3218292Z app/tests/property/test_properties_delivery_management.py::TestDriverShiftProperties::test_shift_duration_reasonable PASSED [  2%]
Backend CI	Run tests	2026-03-17T02:37:49.3320520Z app/tests/property/test_properties_delivery_management.py::TestDeliveryTrackingProperties::test_delivery_status_valid PASSED [  2%]
Backend CI	Run tests	2026-03-17T02:37:49.3643103Z app/tests/property/test_properties_delivery_management.py::TestDeliveryTrackingProperties::test_gps_coordinates_valid PASSED [  2%]
Backend CI	Run tests	2026-03-17T02:37:49.3706451Z app/tests/property/test_properties_delivery_management.py::TestDeliveryProofProperties::test_proof_type_valid PASSED [  2%]
Backend CI	Run tests	2026-03-17T02:37:49.3790521Z app/tests/property/test_properties_delivery_management.py::TestDeliveryProofProperties::test_proof_requires_evidence PASSED [  2%]
Backend CI	Run tests	2026-03-17T02:37:49.4517894Z app/tests/property/test_properties_delivery_tracking.py::TestDriverShiftProperties::test_shift_end_after_start PASSED [  2%]
Backend CI	Run tests	2026-03-17T02:37:49.4601029Z app/tests/property/test_properties_delivery_tracking.py::TestDriverShiftProperties::test_shift_status_enum PASSED [  2%]
Backend CI	Run tests	2026-03-17T02:37:49.4853349Z app/tests/property/test_properties_delivery_tracking.py::TestDeliveryTrackingProperties::test_eta_non_negative PASSED [  2%]
Backend CI	Run tests	2026-03-17T02:37:49.4918830Z app/tests/property/test_properties_delivery_tracking.py::TestDeliveryTrackingProperties::test_proof_type_enum PASSED [  2%]
Backend CI	Run tests	2026-03-17T02:37:49.5788203Z app/tests/property/test_properties_department_roles.py::test_department_name_validation PASSED [  2%]
Backend CI	Run tests	2026-03-17T02:37:50.7044042Z app/tests/property/test_properties_department_roles.py::test_department_name_uniqueness_per_business PASSED [  2%]
Backend CI	Run tests	2026-03-17T02:37:51.0012398Z app/tests/property/test_properties_department_roles.py::test_department_persistence_roundtrip PASSED [  2%]
Backend CI	Run tests	2026-03-17T02:37:51.2033794Z app/tests/property/test_properties_department_roles.py::test_team_member_single_department PASSED [  2%]
Backend CI	Run tests	2026-03-17T02:37:51.7848502Z app/tests/property/test_properties_department_roles.py::test_default_department_always_exists PASSED [  2%]
Backend CI	Run tests	2026-03-17T02:37:51.8085167Z app/tests/property/test_properties_department_roles.py::test_department_deletion_guard PASSED [  2%]
Backend CI	Run tests	2026-03-17T02:37:52.0505540Z app/tests/property/test_properties_department_roles.py::test_department_filter_returns_correct_members PASSED [  2%]
Backend CI	Run tests	2026-03-17T02:37:52.3020770Z app/tests/property/test_properties_departments.py::test_department_name_uniqueness_check PASSED [  2%]
Backend CI	Run tests	2026-03-17T02:37:52.5671509Z app/tests/property/test_properties_departments.py::test_department_creation_validation PASSED [  2%]
Backend CI	Run tests	2026-03-17T02:37:52.9292369Z app/tests/property/test_properties_departments.py::test_department_persistence_round_trip PASSED [  3%]
Backend CI	Run tests	2026-03-17T02:37:52.9430236Z app/tests/property/test_properties_departments.py::test_department_deletion_with_members PASSED [  3%]
Backend CI	Run tests	2026-03-17T02:37:53.0146548Z app/tests/property/test_properties_digital_signage.py::TestDigitalSignageProperties::test_pairing_code_format PASSED [  3%]
Backend CI	Run tests	2026-03-17T02:37:53.0402932Z app/tests/property/test_properties_digital_signage.py::TestDigitalSignageProperties::test_content_duration_positive PASSED [  3%]
Backend CI	Run tests	2026-03-17T02:37:53.0469682Z app/tests/property/test_properties_digital_signage.py::TestDigitalSignageProperties::test_content_status_enum PASSED [  3%]
Backend CI	Run tests	2026-03-17T02:37:53.0932387Z app/tests/property/test_properties_digital_signage.py::TestDigitalSignageProperties::test_playlist_sort_order_unique PASSED [  3%]
Backend CI	Run tests	2026-03-17T02:38:19.2866489Z app/tests/property/test_properties_error_handling.py::test_error_isolation FAILED [  3%]
Backend CI	Run tests	2026-03-17T02:38:19.4423805Z app/tests/property/test_properties_error_handling.py::test_resource_cleanup PASSED [  3%]
Backend CI	Run tests	2026-03-17T02:38:27.6001256Z app/tests/property/test_properties_error_handling.py::test_execution_logging_completeness FAILED [  3%]
Backend CI	Run tests	2026-03-17T02:38:27.8039895Z app/tests/property/test_properties_expense_approvals.py::test_approval_level_determined_by_amount PASSED [  3%]
Backend CI	Run tests	2026-03-17T02:38:28.0427943Z app/tests/property/test_properties_expense_approvals.py::test_budget_enforcement PASSED [  3%]
Backend CI	Run tests	2026-03-17T02:38:28.1728759Z app/tests/property/test_properties_expense_approvals.py::test_terminal_status_is_irreversible PASSED [  3%]
Backend CI	Run tests	2026-03-17T02:38:28.4504377Z app/tests/property/test_properties_expense_approvals.py::test_total_approved_never_exceeds_sum PASSED [  3%]
Backend CI	Run tests	2026-03-17T02:38:28.4924853Z app/tests/property/test_properties_extended_reports.py::TestExtendedReportProperties::test_date_range_start_before_end PASSED [  3%]
Backend CI	Run tests	2026-03-17T02:38:28.5396365Z app/tests/property/test_properties_extended_reports.py::TestExtendedReportProperties::test_pagination_pages_calculation PASSED [  3%]
Backend CI	Run tests	2026-03-17T02:38:28.5482561Z app/tests/property/test_properties_extended_reports.py::TestExtendedReportProperties::test_export_format_is_valid PASSED [  3%]
Backend CI	Run tests	2026-03-17T02:38:28.6989515Z app/tests/property/test_properties_floor_plans.py::test_table_position_bounds PASSED [  3%]
Backend CI	Run tests	2026-03-17T02:38:28.8023969Z app/tests/property/test_properties_floor_plans.py::test_total_capacity_is_sum_of_seats PASSED [  3%]
Backend CI	Run tests	2026-03-17T02:38:28.9073320Z app/tests/property/test_properties_floor_plans.py::test_reservation_overlap_detection PASSED [  3%]
Backend CI	Run tests	2026-03-17T02:38:28.9772131Z app/tests/property/test_properties_floor_plans.py::test_reservation_fits_table PASSED [  3%]
Backend CI	Run tests	2026-03-17T02:38:29.0545275Z app/tests/property/test_properties_general_ledger.py::TestGeneralLedgerProperties::test_journal_entry_must_balance PASSED [  3%]
Backend CI	Run tests	2026-03-17T02:38:29.1598115Z app/tests/property/test_properties_general_ledger.py::TestGeneralLedgerProperties::test_balanced_entry_sums_to_zero PASSED [  3%]
Backend CI	Run tests	2026-03-17T02:38:29.1761247Z app/tests/property/test_properties_general_ledger.py::TestGeneralLedgerProperties::test_account_type_has_valid_normal_balance PASSED [  3%]
Backend CI	Run tests	2026-03-17T02:38:29.2536674Z app/tests/property/test_properties_general_ledger.py::TestGeneralLedgerProperties::test_account_code_is_numeric_string PASSED [  3%]
Backend CI	Run tests	2026-03-17T02:38:29.3662007Z app/tests/property/test_properties_general_ledger.py::TestGeneralLedgerProperties::test_trial_balance_debits_equal_credits PASSED [  3%]
Backend CI	Run tests	2026-03-17T02:38:29.4746998Z app/tests/property/test_properties_gift_cards.py::TestGiftCardProperties::test_balance_never_negative PASSED [  3%]
Backend CI	Run tests	2026-03-17T02:38:29.5217023Z app/tests/property/test_properties_gift_cards.py::TestGiftCardProperties::test_top_up_increases_balance PASSED [  3%]
Backend CI	Run tests	2026-03-17T02:38:29.6109067Z app/tests/property/test_properties_gift_cards.py::TestGiftCardProperties::test_card_number_format PASSED [  3%]
Backend CI	Run tests	2026-03-17T02:38:29.6390955Z app/tests/property/test_properties_gift_cards.py::TestGiftCardProperties::test_expiry_is_in_future PASSED [  3%]
Backend CI	Run tests	2026-03-17T02:38:29.6484036Z app/tests/property/test_properties_gl_extensions.py::TestGLRecurringEntryProperties::test_frequency_enum_valid PASSED [  3%]
Backend CI	Run tests	2026-03-17T02:38:29.6983802Z app/tests/property/test_properties_gl_extensions.py::TestGLRecurringEntryProperties::test_template_line_balanced PASSED [  3%]
Backend CI	Run tests	2026-03-17T02:38:29.7270498Z app/tests/property/test_properties_gl_extensions.py::TestGLRecurringEntryProperties::test_end_date_after_next_date PASSED [  3%]
Backend CI	Run tests	2026-03-17T02:38:29.8066087Z app/tests/property/test_properties_gl_extensions.py::TestGLAccountBalanceProperties::test_closing_balance_formula PASSED [  3%]
Backend CI	Run tests	2026-03-17T02:38:29.8356324Z app/tests/property/test_properties_gl_extensions.py::TestGLAccountBalanceProperties::test_period_valid PASSED [  3%]
Backend CI	Run tests	2026-03-17T02:38:29.8457948Z app/tests/property/test_properties_gl_extensions.py::TestGLAuditLogProperties::test_action_enum_valid PASSED [  3%]
Backend CI	Run tests	2026-03-17T02:38:29.8545253Z app/tests/property/test_properties_gl_extensions.py::TestGLAuditLogProperties::test_entity_type_valid PASSED [  3%]
Backend CI	Run tests	2026-03-17T02:38:29.9041880Z app/tests/property/test_properties_gl_extensions.py::TestGLAuditLogProperties::test_audit_has_at_least_one_value PASSED [  3%]
Backend CI	Run tests	2026-03-17T02:38:29.9110999Z app/tests/property/test_properties_inventory_periods.py::TestInventoryPeriodLifecycle::test_period_status_valid PASSED [  3%]
Backend CI	Run tests	2026-03-17T02:38:29.9224321Z app/tests/property/test_properties_inventory_periods.py::TestInventoryPeriodLifecycle::test_period_transition_rules PASSED [  3%]
Backend CI	Run tests	2026-03-17T02:38:29.9743731Z app/tests/property/test_properties_inventory_periods.py::TestPeriodSnapshotProperties::test_total_value_equals_quantity_times_cost PASSED [  3%]
Backend CI	Run tests	2026-03-17T02:38:30.0309107Z app/tests/property/test_properties_inventory_periods.py::TestPeriodSnapshotProperties::test_period_total_is_sum_of_snapshots PASSED [  3%]
Backend CI	Run tests	2026-03-17T02:38:30.1829976Z app/tests/property/test_properties_inventory_periods.py::TestABCClassificationProperties::test_abc_coverage_complete PASSED [  3%]
Backend CI	Run tests	2026-03-17T02:38:30.2376186Z app/tests/property/test_properties_inventory_reports.py::TestInventoryReportProperties::test_stock_valuation_is_quantity_times_cost PASSED [  4%]
Backend CI	Run tests	2026-03-17T02:38:30.2727927Z app/tests/property/test_properties_inventory_reports.py::TestInventoryReportProperties::test_turnover_ratio_is_positive PASSED [  4%]
Backend CI	Run tests	2026-03-17T02:38:30.3793314Z app/tests/property/test_properties_inventory_reports.py::TestInventoryReportProperties::test_total_valuation_is_sum_of_line_items PASSED [  4%]
Backend CI	Run tests	2026-03-17T02:38:30.4237036Z app/tests/property/test_properties_inventory_reports.py::TestInventoryReportProperties::test_low_stock_detection PASSED [  4%]
Backend CI	Run tests	2026-03-17T02:38:30.6906628Z app/tests/property/test_properties_invoice_query.py::test_overdue_invoice_query_correctness PASSED [  4%]
Backend CI	Run tests	2026-03-17T02:38:31.1876215Z app/tests/property/test_properties_invoice_query.py::test_overdue_invoice_query_pagination PASSED [  4%]
Backend CI	Run tests	2026-03-17T02:38:31.5585022Z app/tests/property/test_properties_invoice_query.py::test_overdue_invoice_count_matches_query PASSED [  4%]
Backend CI	Run tests	2026-03-17T02:38:31.8972100Z app/tests/property/test_properties_invoice_query.py::test_overdue_invoice_excludes_deleted PASSED [  4%]
Backend CI	Run tests	2026-03-17T02:38:31.9521341Z app/tests/property/test_properties_invoice_query.py::test_days_overdue_calculation PASSED [  4%]
Backend CI	Run tests	2026-03-17T02:38:32.0068746Z app/tests/property/test_properties_invoice_query.py::test_days_overdue_zero_for_future_dates PASSED [  4%]
Backend CI	Run tests	2026-03-17T02:38:32.2376793Z app/tests/property/test_properties_invoice_query.py::test_days_overdue_calculation_consistency PASSED [  4%]
Backend CI	Run tests	2026-03-17T02:38:32.3412146Z app/tests/property/test_properties_ip_masking.py::test_ipv4_masking_preserves_first_three_octets PASSED [  4%]
Backend CI	Run tests	2026-03-17T02:38:32.4432387Z app/tests/property/test_properties_ip_masking.py::test_masked_ipv4_has_four_segments PASSED [  4%]
Backend CI	Run tests	2026-03-17T02:38:32.5451335Z app/tests/property/test_properties_ip_masking.py::test_ip_masking_is_idempotent PASSED [  4%]
Backend CI	Run tests	2026-03-17T02:38:32.6202521Z app/tests/property/test_properties_ip_masking.py::test_suspicious_flag_iff_exceeds_threshold PASSED [  4%]
Backend CI	Run tests	2026-03-17T02:38:32.7151148Z app/tests/property/test_properties_layby.py::TestLaybyProperties::test_balance_invariant PASSED [  4%]
Backend CI	Run tests	2026-03-17T02:38:32.7911910Z app/tests/property/test_properties_layby.py::TestLaybyProperties::test_reference_number_format PASSED [  4%]
Backend CI	Run tests	2026-03-17T02:38:32.8541847Z app/tests/property/test_properties_layby.py::TestLaybyProperties::test_schedule_sum_equals_balance PASSED [  4%]
Backend CI	Run tests	2026-03-17T02:38:33.0003403Z app/tests/property/test_properties_layby.py::TestLaybyProperties::test_overpayment_detection PASSED [  4%]
Backend CI	Run tests	2026-03-17T02:38:33.0278925Z app/tests/property/test_properties_layby.py::TestLaybyProperties::test_aging_bucket_assignment PASSED [  4%]
Backend CI	Run tests	2026-03-17T02:38:33.0761074Z app/tests/property/test_properties_location_extensions.py::TestLocationPricingProperties::test_location_price_positive PASSED [  4%]
Backend CI	Run tests	2026-03-17T02:38:33.1197288Z app/tests/property/test_properties_location_extensions.py::TestLocationPricingProperties::test_price_variance_within_bounds PASSED [  4%]
Backend CI	Run tests	2026-03-17T02:38:33.1295423Z app/tests/property/test_properties_location_extensions.py::TestLocationSettingsProperties::test_setting_key_valid PASSED [  4%]
Backend CI	Run tests	2026-03-17T02:38:33.1360531Z app/tests/property/test_properties_location_extensions.py::TestUserLocationAccessProperties::test_access_level_valid PASSED [  4%]
Backend CI	Run tests	2026-03-17T02:38:33.1513545Z app/tests/property/test_properties_location_extensions.py::TestUserLocationAccessProperties::test_access_hierarchy PASSED [  4%]
Backend CI	Run tests	2026-03-17T02:38:33.4726947Z app/tests/property/test_properties_loyalty.py::test_balance_accuracy PASSED [  4%]
Backend CI	Run tests	2026-03-17T02:38:33.5990247Z app/tests/property/test_properties_loyalty.py::test_redemption_validation PASSED [  4%]
Backend CI	Run tests	2026-03-17T02:38:33.6774448Z app/tests/property/test_properties_loyalty.py::test_tier_consistency PASSED [  4%]
Backend CI	Run tests	2026-03-17T02:38:33.6840598Z app/tests/property/test_properties_loyalty_rewards.py::TestRewardCatalogProperties::test_reward_type_valid PASSED [  4%]
Backend CI	Run tests	2026-03-17T02:38:33.7288171Z app/tests/property/test_properties_loyalty_rewards.py::TestRewardCatalogProperties::test_redemption_requires_sufficient_points PASSED [  4%]
Backend CI	Run tests	2026-03-17T02:38:33.7518750Z app/tests/property/test_properties_loyalty_rewards.py::TestRewardCatalogProperties::test_stock_quantity_validation PASSED [  4%]
Backend CI	Run tests	2026-03-17T02:38:33.7669532Z app/tests/property/test_properties_loyalty_rewards.py::TestTierBenefitProperties::test_tier_and_benefit_valid PASSED [  4%]
Backend CI	Run tests	2026-03-17T02:38:33.8046128Z app/tests/property/test_properties_loyalty_rewards.py::TestTierBenefitProperties::test_discount_benefit_percentage_range PASSED [  4%]
Backend CI	Run tests	2026-03-17T02:38:33.9008058Z app/tests/property/test_properties_menu_engineering.py::TestMenuEngineeringProperties::test_plu_code_format PASSED [  4%]
Backend CI	Run tests	2026-03-17T02:38:34.0021397Z app/tests/property/test_properties_menu_engineering.py::TestMenuEngineeringProperties::test_modifier_price_adjustment PASSED [  4%]
Backend CI	Run tests	2026-03-17T02:38:34.1212304Z app/tests/property/test_properties_menu_engineering.py::TestMenuEngineeringProperties::test_recipe_cost_is_sum_of_ingredients PASSED [  4%]
Backend CI	Run tests	2026-03-17T02:38:34.1682273Z app/tests/property/test_properties_menu_engineering.py::TestMenuEngineeringProperties::test_gross_profit_calculation PASSED [  4%]
Backend CI	Run tests	2026-03-17T02:38:34.4488237Z app/tests/property/test_properties_modifier_availability.py::test_empty_rule_matches_everything PASSED [  4%]
Backend CI	Run tests	2026-03-17T02:38:34.6812146Z app/tests/property/test_properties_modifier_availability.py::test_time_within_range_matches PASSED [  4%]
Backend CI	Run tests	2026-03-17T02:38:34.7129918Z app/tests/property/test_properties_modifier_availability.py::test_time_outside_range_does_not_match PASSED [  4%]
Backend CI	Run tests	2026-03-17T02:38:34.8779479Z app/tests/property/test_properties_modifier_availability.py::test_date_within_range_matches PASSED [  4%]
Backend CI	Run tests	2026-03-17T02:38:34.9612338Z app/tests/property/test_properties_modifier_availability.py::test_day_of_week_filter PASSED [  4%]
Backend CI	Run tests	2026-03-17T02:38:34.9955720Z app/tests/property/test_properties_modifier_nesting.py::test_nesting_depth_is_accurate PASSED [  5%]
Backend CI	Run tests	2026-03-17T02:38:35.0307860Z app/tests/property/test_properties_modifier_nesting.py::test_nesting_depth_limit_enforced PASSED [  5%]
Backend CI	Run tests	2026-03-17T02:38:35.6588031Z app/tests/property/test_properties_modifier_pricing.py::test_fixed_pricing_equals_price_times_quantity PASSED [  5%]
Backend CI	Run tests	2026-03-17T02:38:37.6733489Z app/tests/property/test_properties_modifier_pricing.py::test_percentage_pricing_is_non_negative PASSED [  5%]
Backend CI	Run tests	2026-03-17T02:38:37.7337603Z app/tests/property/test_properties_modifier_pricing.py::test_zero_price_yields_zero PASSED [  5%]
Backend CI	Run tests	2026-03-17T02:38:38.3647453Z app/tests/property/test_properties_modifier_pricing.py::test_total_is_sum_of_individual_prices PASSED [  5%]
Backend CI	Run tests	2026-03-17T02:38:38.6409809Z app/tests/property/test_properties_modifier_pricing.py::test_first_n_free_never_negative PASSED [  5%]
Backend CI	Run tests	2026-03-17T02:38:38.9676071Z app/tests/property/test_properties_modifier_validation.py::test_selecting_min_is_valid PASSED [  5%]
Backend CI	Run tests	2026-03-17T02:38:39.1733917Z app/tests/property/test_properties_modifier_validation.py::test_exceeding_max_is_invalid PASSED [  5%]
Backend CI	Run tests	2026-03-17T02:38:39.4172401Z app/tests/property/test_properties_modifier_validation.py::test_empty_selection_on_required_group_is_invalid PASSED [  5%]
Backend CI	Run tests	2026-03-17T02:38:39.4803586Z app/tests/property/test_properties_modifier_validation.py::test_empty_selection_on_optional_group_is_valid PASSED [  5%]
Backend CI	Run tests	2026-03-17T02:38:39.5802129Z app/tests/property/test_properties_month_end_stock.py::TestMonthEndStockProperties::test_abc_classification_covers_all_items PASSED [  5%]
Backend CI	Run tests	2026-03-17T02:38:39.6288903Z app/tests/property/test_properties_month_end_stock.py::TestMonthEndStockProperties::test_abc_thresholds_are_ordered PASSED [  5%]
Backend CI	Run tests	2026-03-17T02:38:39.6365560Z app/tests/property/test_properties_month_end_stock.py::TestMonthEndStockProperties::test_cycle_count_frequency_by_class PASSED [  5%]
Backend CI	Run tests	2026-03-17T02:38:39.7088430Z app/tests/property/test_properties_multi_location.py::TestMultiLocationProperties::test_transfer_cannot_exceed_source_stock PASSED [  5%]
Backend CI	Run tests	2026-03-17T02:38:39.7686863Z app/tests/property/test_properties_multi_location.py::TestMultiLocationProperties::test_transfer_preserves_total_stock PASSED [  5%]
Backend CI	Run tests	2026-03-17T02:38:39.9632119Z app/tests/property/test_properties_multi_location.py::TestMultiLocationProperties::test_location_names_can_overlap PASSED [  5%]
Backend CI	Run tests	2026-03-17T02:38:40.0298812Z app/tests/property/test_properties_multi_location.py::TestMultiLocationProperties::test_global_stock_is_sum_of_locations PASSED [  5%]
Backend CI	Run tests	2026-03-17T02:38:45.8390174Z app/tests/property/test_properties_notification_creation.py::test_notification_creation_for_new_overdue_invoices FAILED [  5%]
Backend CI	Run tests	2026-03-17T02:38:48.8086137Z app/tests/property/test_properties_notification_creation.py::test_notification_contains_days_overdue FAILED [  5%]
Backend CI	Run tests	2026-03-17T02:39:05.6455273Z app/tests/property/test_properties_notification_deduplication.py::test_notification_deduplication FAILED [  5%]
Backend CI	Run tests	2026-03-17T02:39:05.6542193Z app/tests/property/test_properties_offline_sync.py::test_conflict_resolution_returns_one_of_inputs PASSED [  5%]
Backend CI	Run tests	2026-03-17T02:39:05.6632895Z app/tests/property/test_properties_offline_sync.py::test_server_wins_for_financial_entities PASSED [  5%]
Backend CI	Run tests	2026-03-17T02:39:05.6712579Z app/tests/property/test_properties_offline_sync.py::test_client_wins_for_contact_entities PASSED [  5%]
Backend CI	Run tests	2026-03-17T02:39:05.7489574Z app/tests/property/test_properties_offline_sync.py::test_last_write_wins_picks_newer_timestamp PASSED [  5%]
Backend CI	Run tests	2026-03-17T02:39:05.8558975Z app/tests/property/test_properties_offline_sync.py::test_queue_preserves_fifo_order PASSED [  5%]
Backend CI	Run tests	2026-03-17T02:39:05.9739948Z app/tests/property/test_properties_offline_sync.py::test_dead_letter_after_max_retries PASSED [  5%]
Backend CI	Run tests	2026-03-17T02:39:06.1407795Z app/tests/property/test_properties_offline_sync.py::test_sync_watermark_is_monotonically_advancing PASSED [  5%]
Backend CI	Run tests	2026-03-17T02:39:06.2542283Z app/tests/property/test_properties_online_ordering.py::TestOnlineOrderProperties::test_order_total_includes_delivery PASSED [  5%]
Backend CI	Run tests	2026-03-17T02:39:06.2660112Z app/tests/property/test_properties_online_ordering.py::TestOnlineOrderProperties::test_valid_order_status PASSED [  5%]
Backend CI	Run tests	2026-03-17T02:39:06.3026821Z app/tests/property/test_properties_online_ordering.py::TestOnlineOrderProperties::test_estimated_delivery_time PASSED [  5%]
Backend CI	Run tests	2026-03-17T02:39:07.7010027Z app/tests/property/test_properties_order_modifier_persistence.py::test_total_equals_unit_times_quantity PASSED [  5%]
Backend CI	Run tests	2026-03-17T02:39:08.0177989Z app/tests/property/test_properties_order_modifier_persistence.py::test_unit_price_non_negative PASSED [  5%]
Backend CI	Run tests	2026-03-17T02:39:08.0821566Z app/tests/property/test_properties_order_modifier_persistence.py::test_quantity_at_least_one PASSED [  5%]
Backend CI	Run tests	2026-03-17T02:39:08.2458420Z app/tests/property/test_properties_orders.py::test_item_total_calculation PASSED [  5%]
Backend CI	Run tests	2026-03-17T02:39:08.7145915Z app/tests/property/test_properties_orders.py::test_order_total_formula PASSED [  5%]
Backend CI	Run tests	2026-03-17T02:39:08.8748732Z app/tests/property/test_properties_orders.py::test_tax_calculation_non_negative PASSED [  5%]
Backend CI	Run tests	2026-03-17T02:39:09.0019728Z app/tests/property/test_properties_partner.py::TestPartnerProperties::test_partner_identifier_format PASSED [  5%]
Backend CI	Run tests	2026-03-17T02:39:09.0353265Z app/tests/property/test_properties_partner.py::TestPartnerProperties::test_revenue_share_percentage_bounds PASSED [  5%]
Backend CI	Run tests	2026-03-17T02:39:09.0429586Z app/tests/property/test_properties_partner.py::TestPartnerProperties::test_partner_status_enum PASSED [  5%]
Backend CI	Run tests	2026-03-17T02:39:09.0506036Z app/tests/property/test_properties_partner.py::TestPartnerProperties::test_partner_user_role_enum PASSED [  5%]
Backend CI	Run tests	2026-03-17T02:39:09.0961303Z app/tests/property/test_properties_partner.py::TestPartnerProperties::test_partner_limits_positive PASSED [  5%]
Backend CI	Run tests	2026-03-17T02:39:09.1926683Z app/tests/property/test_properties_payments.py::TestPaymentProperties::test_payment_must_not_exceed_order_total PASSED [  5%]
Backend CI	Run tests	2026-03-17T02:39:09.2793038Z app/tests/property/test_properties_payments.py::TestPaymentProperties::test_refund_cannot_exceed_original_payment PASSED [  6%]
Backend CI	Run tests	2026-03-17T02:39:09.2899213Z app/tests/property/test_properties_payments.py::TestPaymentProperties::test_payment_method_is_valid PASSED [  6%]
Backend CI	Run tests	2026-03-17T02:39:09.3464317Z app/tests/property/test_properties_payments.py::TestPaymentProperties::test_total_with_tip PASSED [  6%]
Backend CI	Run tests	2026-03-17T02:39:09.5241042Z app/tests/property/test_properties_permissions.py::test_tier_based_feature_access PASSED [  6%]
Backend CI	Run tests	2026-03-17T02:39:09.7944913Z app/tests/property/test_properties_permissions.py::test_override_precedence_over_tier PASSED [  6%]
Backend CI	Run tests	2026-03-17T02:39:09.8314093Z app/tests/property/test_properties_permissions.py::test_demo_mode_grants_all_features PASSED [  6%]
Backend CI	Run tests	2026-03-17T02:39:09.8475433Z app/tests/property/test_properties_permissions.py::test_superadmin_bypass PASSED [  6%]
Backend CI	Run tests	2026-03-17T02:39:09.8553345Z app/tests/property/test_properties_permissions.py::test_non_active_status_revokes_access PASSED [  6%]
Backend CI	Run tests	2026-03-17T02:39:09.9569570Z app/tests/property/test_properties_permissions.py::test_device_limit_enforcement PASSED [  6%]
Backend CI	Run tests	2026-03-17T02:39:09.9898953Z app/tests/property/test_properties_permissions.py::test_demo_expiry_reverts_to_tier PASSED [  6%]
Backend CI	Run tests	2026-03-17T02:39:10.0342359Z app/tests/property/test_properties_permissions_subscription.py::TestPermissionProperties::test_tier_feature_access_monotonic PASSED [  6%]
Backend CI	Run tests	2026-03-17T02:39:10.0648864Z app/tests/property/test_properties_permissions_subscription.py::TestPermissionProperties::test_role_permission_hierarchy PASSED [  6%]
Backend CI	Run tests	2026-03-17T02:39:10.0814968Z app/tests/property/test_properties_permissions_subscription.py::TestPermissionProperties::test_superadmin_bypass PASSED [  6%]
Backend CI	Run tests	2026-03-17T02:39:10.1139927Z app/tests/property/test_properties_permissions_subscription.py::TestPermissionProperties::test_device_limit_enforcement PASSED [  6%]
Backend CI	Run tests	2026-03-17T02:39:10.1290077Z app/tests/property/test_properties_permissions_subscription.py::TestPermissionProperties::test_override_precedence PASSED [  6%]
Backend CI	Run tests	2026-03-17T02:39:10.1917173Z app/tests/property/test_properties_permissions_subscription.py::TestPermissionProperties::test_audit_log_completeness PASSED [  6%]
Backend CI	Run tests	2026-03-17T02:39:10.2851821Z app/tests/property/test_properties_petty_cash.py::TestPettyCashProperties::test_fund_creation_preserves_amount PASSED [  6%]
Backend CI	Run tests	2026-03-17T02:39:10.3398228Z app/tests/property/test_properties_petty_cash.py::TestPettyCashProperties::test_expense_cannot_exceed_fund_balance PASSED [  6%]
Backend CI	Run tests	2026-03-17T02:39:10.3726782Z app/tests/property/test_properties_petty_cash.py::TestPettyCashProperties::test_expense_amount_must_be_positive PASSED [  6%]
Backend CI	Run tests	2026-03-17T02:39:10.4295846Z app/tests/property/test_properties_petty_cash.py::TestPettyCashProperties::test_replenishment_increases_balance PASSED [  6%]
Backend CI	Run tests	2026-03-17T02:39:10.4431609Z app/tests/property/test_properties_petty_cash.py::TestPettyCashProperties::test_approval_level_must_be_positive PASSED [  6%]
Backend CI	Run tests	2026-03-17T02:39:10.5344076Z app/tests/property/test_properties_petty_cash_ext.py::test_disbursement_number_sequence PASSED [  6%]
Backend CI	Run tests	2026-03-17T02:39:10.7675328Z app/tests/property/test_properties_petty_cash_ext.py::test_reconciliation_variance_calculation PASSED [  6%]
Backend CI	Run tests	2026-03-17T02:39:11.0018193Z app/tests/property/test_properties_petty_cash_ext.py::test_reconciliation_status_from_variance PASSED [  6%]
Backend CI	Run tests	2026-03-17T02:39:11.1706674Z app/tests/property/test_properties_petty_cash_ext.py::test_receipt_amount_within_expense PASSED [  6%]
Backend CI	Run tests	2026-03-17T02:39:11.6784040Z app/tests/property/test_properties_petty_cash_ext.py::test_fund_balance_after_disbursement PASSED [  6%]
Backend CI	Run tests	2026-03-17T02:39:11.7696305Z app/tests/property/test_properties_petty_cash_ext.py::test_reconciliation_number_sequence PASSED [  6%]
Backend CI	Run tests	2026-03-17T02:39:11.7758953Z app/tests/property/test_properties_petty_cash_ext.py::test_receipt_validation_state_transition PASSED [  6%]
Backend CI	Run tests	2026-03-17T02:39:11.8626201Z app/tests/property/test_properties_pms_integration.py::TestPMSIntegrationProperties::test_charge_amount_positive PASSED [  6%]
Backend CI	Run tests	2026-03-17T02:39:11.8957935Z app/tests/property/test_properties_pms_integration.py::TestPMSIntegrationProperties::test_reversal_matches_original PASSED [  6%]
Backend CI	Run tests	2026-03-17T02:39:11.9550691Z app/tests/property/test_properties_pms_integration.py::TestPMSIntegrationProperties::test_guest_name_not_empty PASSED [  6%]
Backend CI	Run tests	2026-03-17T02:39:11.9635101Z app/tests/property/test_properties_pms_integration.py::TestPMSIntegrationProperties::test_adapter_type_known PASSED [  6%]
Backend CI	Run tests	2026-03-17T02:39:12.0583627Z app/tests/property/test_properties_pms_integration.py::TestPMSIntegrationProperties::test_folio_balance_equals_sum PASSED [  6%]
Backend CI	Run tests	2026-03-17T02:39:12.0880609Z app/tests/property/test_properties_pms_integration.py::TestPMSIntegrationProperties::test_retry_within_limit PASSED [  6%]
Backend CI	Run tests	2026-03-17T02:39:12.2250078Z app/tests/property/test_properties_pos_core.py::TestPOSCoreProperties::test_change_calculation PASSED [  6%]
Backend CI	Run tests	2026-03-17T02:39:12.3477625Z app/tests/property/test_properties_pos_core.py::TestPOSCoreProperties::test_receipt_total_matches_items PASSED [  6%]
Backend CI	Run tests	2026-03-17T02:39:12.4354810Z app/tests/property/test_properties_pos_core.py::TestPOSCoreProperties::test_receipt_number_format PASSED [  6%]
Backend CI	Run tests	2026-03-17T02:39:12.4825123Z app/tests/property/test_properties_pos_core.py::TestPOSCoreProperties::test_void_must_match_original PASSED [  6%]
Backend CI	Run tests	2026-03-17T02:39:12.6444225Z app/tests/property/test_properties_pricing_consistency.py::test_discounted_price_is_non_negative PASSED [  6%]
Backend CI	Run tests	2026-03-17T02:39:12.8025030Z app/tests/property/test_properties_pricing_consistency.py::test_discounted_price_lte_original PASSED [  6%]
Backend CI	Run tests	2026-03-17T02:39:12.9841803Z app/tests/property/test_properties_pricing_consistency.py::test_larger_discount_produces_lower_price PASSED [  6%]
Backend CI	Run tests	2026-03-17T02:39:13.1442345Z app/tests/property/test_properties_pricing_consistency.py::test_tax_inclusive_exceeds_exclusive PASSED [  6%]
Backend CI	Run tests	2026-03-17T02:39:13.3080702Z app/tests/property/test_properties_pricing_consistency.py::test_tax_roundtrip_consistency PASSED [  7%]
Backend CI	Run tests	2026-03-17T02:39:13.4672930Z app/tests/property/test_properties_pricing_consistency.py::test_promo_price_between_zero_and_original PASSED [  7%]
Backend CI	Run tests	2026-03-17T02:39:13.5347750Z app/tests/property/test_properties_proforma.py::TestProformaProperties::test_line_item_total_calculation PASSED [  7%]
Backend CI	Run tests	2026-03-17T02:39:13.7008191Z app/tests/property/test_properties_proforma.py::TestProformaProperties::test_quote_total_is_sum_of_line_items PASSED [  7%]
Backend CI	Run tests	2026-03-17T02:39:13.7274768Z app/tests/property/test_properties_proforma.py::TestProformaProperties::test_expiry_date_is_after_issue_date PASSED [  7%]
Backend CI	Run tests	2026-03-17T02:39:13.7392007Z app/tests/property/test_properties_proforma.py::TestProformaProperties::test_status_is_valid PASSED [  7%]
Backend CI	Run tests	2026-03-17T02:39:13.7966270Z app/tests/property/test_properties_proforma.py::TestProformaProperties::test_discount_never_exceeds_subtotal PASSED [  7%]
Backend CI	Run tests	2026-03-17T02:39:13.8516025Z app/tests/property/test_properties_proforma_revisions.py::TestProformaRevisionProperties::test_revision_numbers_are_sequential PASSED [  7%]
Backend CI	Run tests	2026-03-17T02:39:13.9803169Z app/tests/property/test_properties_proforma_revisions.py::TestProformaRevisionProperties::test_snapshot_total_consistency PASSED [  7%]
Backend CI	Run tests	2026-03-17T02:39:13.9920979Z app/tests/property/test_properties_proforma_revisions.py::TestProformaRevisionProperties::test_quote_status_enum PASSED [  7%]
Backend CI	Run tests	2026-03-17T02:39:14.0188108Z app/tests/property/test_properties_proforma_revisions.py::TestProformaRevisionProperties::test_validity_period PASSED [  7%]
Backend CI	Run tests	2026-03-17T02:39:14.1375902Z app/tests/property/test_properties_recipe_management.py::TestRecipeManagementProperties::test_recipe_cost_equals_sum_of_ingredients PASSED [  7%]
Backend CI	Run tests	2026-03-17T02:39:14.1893753Z app/tests/property/test_properties_recipe_management.py::TestRecipeManagementProperties::test_ingredient_scaling_proportional PASSED [  7%]
Backend CI	Run tests	2026-03-17T02:39:14.2481986Z app/tests/property/test_properties_recipe_management.py::TestRecipeManagementProperties::test_food_cost_percentage_valid PASSED [  7%]
Backend CI	Run tests	2026-03-17T02:39:14.3115734Z app/tests/property/test_properties_recipe_management.py::TestRecipeManagementProperties::test_waste_factor_increases_cost PASSED [  7%]
Backend CI	Run tests	2026-03-17T02:39:14.3665232Z app/tests/property/test_properties_recipe_management.py::TestRecipeManagementProperties::test_batch_cost_proportional_to_servings PASSED [  7%]
Backend CI	Run tests	2026-03-17T02:39:14.9514023Z app/tests/property/test_properties_recipes.py::test_recipe_cost_accuracy PASSED [  7%]
Backend CI	Run tests	2026-03-17T02:39:15.5387077Z app/tests/property/test_properties_recipes.py::test_ingredient_deduction_accuracy PASSED [  7%]
Backend CI	Run tests	2026-03-17T02:39:16.2733566Z app/tests/property/test_properties_recipes.py::test_cost_per_portion PASSED [  7%]
Backend CI	Run tests	2026-03-17T02:39:17.4929287Z app/tests/property/test_properties_refund_modifiers.py::test_refund_is_non_negative PASSED [  7%]
Backend CI	Run tests	2026-03-17T02:39:17.8047326Z app/tests/property/test_properties_refund_modifiers.py::test_refund_without_modifiers_equals_item_total PASSED [  7%]
Backend CI	Run tests	2026-03-17T02:39:18.1438809Z app/tests/property/test_properties_refund_modifiers.py::test_adding_modifier_increases_refund PASSED [  7%]
Backend CI	Run tests	2026-03-17T02:39:18.6814369Z app/tests/property/test_properties_reorder.py::test_stock_increases_by_received_quantity PASSED [  7%]
Backend CI	Run tests	2026-03-17T02:39:19.0150789Z app/tests/property/test_properties_reorder.py::test_low_stock_detection_is_consistent PASSED [  7%]
Backend CI	Run tests	2026-03-17T02:39:20.5081557Z app/tests/property/test_properties_reorder.py::test_po_total_equals_sum_of_line_totals PASSED [  7%]
Backend CI	Run tests	2026-03-17T02:39:21.1634389Z app/tests/property/test_properties_reorder.py::test_line_total_equals_qty_times_cost PASSED [  7%]
Backend CI	Run tests	2026-03-17T02:39:22.9063759Z app/tests/property/test_properties_reorder.py::test_reorder_triggers_at_threshold PASSED [  7%]
Backend CI	Run tests	2026-03-17T02:39:23.2184026Z app/tests/property/test_properties_reorder.py::test_suggested_reorder_point_formula PASSED [  7%]
Backend CI	Run tests	2026-03-17T02:39:23.7714378Z app/tests/property/test_properties_reorder.py::test_variance_equals_received_minus_ordered PASSED [  7%]
Backend CI	Run tests	2026-03-17T02:39:24.0382535Z app/tests/property/test_properties_reorder.py::test_remaining_qty_is_non_negative PASSED [  7%]
Backend CI	Run tests	2026-03-17T02:39:24.1316170Z app/tests/property/test_properties_reservations.py::TestReservationProperties::test_overlap_detection_is_symmetric PASSED [  7%]
Backend CI	Run tests	2026-03-17T02:39:24.1657273Z app/tests/property/test_properties_reservations.py::TestReservationProperties::test_party_size_vs_table_capacity PASSED [  7%]
Backend CI	Run tests	2026-03-17T02:39:24.1921379Z app/tests/property/test_properties_reservations.py::TestReservationProperties::test_duration_bounds PASSED [  7%]
Backend CI	Run tests	2026-03-17T02:39:24.2022256Z app/tests/property/test_properties_reservations.py::TestReservationProperties::test_valid_status_transitions PASSED [  7%]
Backend CI	Run tests	2026-03-17T02:39:24.2179042Z app/tests/property/test_properties_sage.py::test_backoff_delay_increases_with_retries PASSED [  7%]
Backend CI	Run tests	2026-03-17T02:39:24.2268564Z app/tests/property/test_properties_sage.py::test_backoff_delay_is_positive PASSED [  7%]
Backend CI	Run tests	2026-03-17T02:39:24.3342608Z app/tests/property/test_properties_sage.py::test_dead_letter_iff_max_retries_exceeded PASSED [  7%]
Backend CI	Run tests	2026-03-17T02:39:24.3756786Z app/tests/property/test_properties_sage.py::test_sync_status_is_valid_enum PASSED [  7%]
Backend CI	Run tests	2026-03-17T02:39:24.4481955Z app/tests/property/test_properties_sage.py::test_mapping_types_are_from_known_set PASSED [  7%]
Backend CI	Run tests	2026-03-17T02:39:24.4984804Z app/tests/property/test_properties_sage.py::test_journal_debits_equal_credits PASSED [  7%]
Backend CI	Run tests	2026-03-17T02:39:24.6372008Z app/tests/property/test_properties_sales_calculations.py::TestSalesReportProperties::test_gross_revenue_equals_sum_of_line_totals PASSED [  7%]
Backend CI	Run tests	2026-03-17T02:39:24.7137098Z app/tests/property/test_properties_sales_calculations.py::TestSalesReportProperties::test_net_revenue_after_discount PASSED [  7%]
Backend CI	Run tests	2026-03-17T02:39:24.7934546Z app/tests/property/test_properties_sales_calculations.py::TestSalesReportProperties::test_tax_amount_calculation PASSED [  8%]
Backend CI	Run tests	2026-03-17T02:39:24.8689832Z app/tests/property/test_properties_sales_calculations.py::TestSalesReportProperties::test_average_transaction_value PASSED [  8%]
Backend CI	Run tests	2026-03-17T02:39:26.0989959Z app/tests/property/test_properties_sales_reports.py::test_sales_accuracy_gross_equals_sum PASSED [  8%]
Backend CI	Run tests	2026-03-17T02:39:27.2350076Z app/tests/property/test_properties_sales_reports.py::test_net_sales_formula PASSED [  8%]
Backend CI	Run tests	2026-03-17T02:39:28.4332550Z app/tests/property/test_properties_sales_reports.py::test_average_transaction_value PASSED [  8%]
Backend CI	Run tests	2026-03-17T02:39:28.5298759Z app/tests/property/test_properties_sales_reports.py::test_percentage_change_calculation PASSED [  8%]
Backend CI	Run tests	2026-03-17T02:39:28.6190602Z app/tests/property/test_properties_schedule.py::test_configuration_application PASSED [  8%]
Backend CI	Run tests	2026-03-17T02:39:28.6533560Z app/tests/property/test_properties_schedule.py::test_configuration_persistence PASSED [  8%]
Backend CI	Run tests	2026-03-17T02:39:28.7379582Z app/tests/property/test_properties_shift_management.py::TestShiftManagementProperties::test_pin_format PASSED [  8%]
Backend CI	Run tests	2026-03-17T02:39:28.7477951Z app/tests/property/test_properties_shift_management.py::TestShiftManagementProperties::test_single_active_shift_per_user PASSED [  8%]
Backend CI	Run tests	2026-03-17T02:39:28.7977481Z app/tests/property/test_properties_shift_management.py::TestShiftManagementProperties::test_cash_variance_calculation PASSED [  8%]
Backend CI	Run tests	2026-03-17T02:39:28.8306887Z app/tests/property/test_properties_shift_management.py::TestShiftManagementProperties::test_float_amount_non_negative PASSED [  8%]
Backend CI	Run tests	2026-03-17T02:39:28.8744975Z app/tests/property/test_properties_shift_management.py::TestShiftManagementProperties::test_shift_sales_include_refunds PASSED [  8%]
Backend CI	Run tests	2026-03-17T02:39:29.2711282Z app/tests/property/test_properties_shifts.py::test_expected_cash_formula PASSED [  8%]
Backend CI	Run tests	2026-03-17T02:39:29.3920407Z app/tests/property/test_properties_shifts.py::test_variance_calculation PASSED [  8%]
Backend CI	Run tests	2026-03-17T02:39:29.4020868Z app/tests/property/test_properties_shifts.py::test_single_active_shift_per_register PASSED [  8%]
Backend CI	Run tests	2026-03-17T02:39:29.4076070Z app/tests/property/test_properties_smart_collections.py::TestSmartCollectionProperties::test_rule_logic_enum PASSED [  8%]
Backend CI	Run tests	2026-03-17T02:39:29.4343495Z app/tests/property/test_properties_smart_collections.py::TestSmartCollectionProperties::test_product_count_non_negative PASSED [  8%]
Backend CI	Run tests	2026-03-17T02:39:29.5185796Z app/tests/property/test_properties_smart_collections.py::TestSmartCollectionProperties::test_collection_slug_format PASSED [  8%]
Backend CI	Run tests	2026-03-17T02:39:29.5281703Z app/tests/property/test_properties_smart_collections.py::TestSmartCollectionProperties::test_manual_include_exclude_mutual_exclusion PASSED [  8%]
Backend CI	Run tests	2026-03-17T02:39:29.5691846Z app/tests/property/test_properties_staff_management.py::test_role_hierarchy_grants_access PASSED [  8%]
Backend CI	Run tests	2026-03-17T02:39:29.7024028Z app/tests/property/test_properties_staff_management.py::test_permission_check_is_exact PASSED [  8%]
Backend CI	Run tests	2026-03-17T02:39:29.8728861Z app/tests/property/test_properties_staff_management.py::test_shift_duration_within_legal_limit PASSED [  8%]
Backend CI	Run tests	2026-03-17T02:39:30.0586231Z app/tests/property/test_properties_staff_management.py::test_weekly_hours_cap PASSED [  8%]
Backend CI	Run tests	2026-03-17T02:39:30.1678621Z app/tests/property/test_properties_staff_management.py::test_minimum_staffing_level PASSED [  8%]
Backend CI	Run tests	2026-03-17T02:39:30.2250676Z app/tests/property/test_properties_staff_report_calc.py::TestStaffReportCalculations::test_performance_score_calculation PASSED [  8%]
Backend CI	Run tests	2026-03-17T02:39:30.2612311Z app/tests/property/test_properties_staff_report_calc.py::TestStaffReportCalculations::test_net_hours_excludes_breaks PASSED [  8%]
Backend CI	Run tests	2026-03-17T02:39:30.3179854Z app/tests/property/test_properties_staff_report_calc.py::TestStaffReportCalculations::test_commission_non_negative PASSED [  8%]
Backend CI	Run tests	2026-03-17T02:39:30.3832463Z app/tests/property/test_properties_staff_report_calc.py::TestStaffReportCalculations::test_activity_log_ordered PASSED [  8%]
Backend CI	Run tests	2026-03-17T02:39:31.1739083Z app/tests/property/test_properties_staff_reports.py::test_performance_hours_aggregation PASSED [  8%]
Backend CI	Run tests	2026-03-17T02:39:31.8090048Z app/tests/property/test_properties_staff_reports.py::test_net_hours_equals_total_minus_breaks PASSED [  8%]
Backend CI	Run tests	2026-03-17T02:39:32.2405297Z app/tests/property/test_properties_staff_reports.py::test_commission_calculation PASSED [  8%]
Backend CI	Run tests	2026-03-17T02:39:32.2981209Z app/tests/property/test_properties_staff_reports.py::test_activity_log_completeness PASSED [  8%]
Backend CI	Run tests	2026-03-17T02:39:32.4701951Z app/tests/property/test_properties_staff_targets.py::test_achievement_percentage_accuracy PASSED [  8%]
Backend CI	Run tests	2026-03-17T02:39:32.6361747Z app/tests/property/test_properties_staff_targets.py::test_commission_calculation PASSED [  8%]
Backend CI	Run tests	2026-03-17T02:39:32.8054345Z app/tests/property/test_properties_staff_targets.py::test_target_status_consistency PASSED [  8%]
Backend CI	Run tests	2026-03-17T02:39:32.8585355Z app/tests/property/test_properties_stock_control.py::TestStockTakeProperties::test_variance_calculation PASSED [  8%]
Backend CI	Run tests	2026-03-17T02:39:32.9077749Z app/tests/property/test_properties_stock_control.py::TestStockTakeProperties::test_variance_percentage PASSED [  8%]
Backend CI	Run tests	2026-03-17T02:39:33.0857872Z app/tests/property/test_properties_stock_control.py::TestStockTakeProperties::test_total_variance_is_sum_of_individual PASSED [  8%]
Backend CI	Run tests	2026-03-17T02:39:33.0935555Z app/tests/property/test_properties_stock_control.py::TestStockTakeProperties::test_scope_type_is_valid_enum PASSED [  8%]
Backend CI	Run tests	2026-03-17T02:39:33.7361891Z app/tests/property/test_properties_subscription_permissions.py::test_override_precedence PASSED [  8%]
Backend CI	Run tests	2026-03-17T02:39:33.7743854Z app/tests/property/test_properties_subscription_permissions.py::test_override_precedence_all_features PASSED [  8%]
Backend CI	Run tests	2026-03-17T02:39:33.7941442Z app/tests/property/test_properties_subscription_permissions.py::test_override_precedence_no_overrides PASSED [  9%]
Backend CI	Run tests	2026-03-17T02:39:33.8163669Z app/tests/property/test_properties_subscription_permissions.py::test_override_precedence_opposite_values PASSED [  9%]
Backend CI	Run tests	2026-03-17T02:39:33.8715318Z app/tests/property/test_properties_subscription_permissions.py::test_override_precedence_partial_overrides PASSED [  9%]
Backend CI	Run tests	2026-03-17T02:39:33.8782352Z app/tests/property/test_properties_sync_queue.py::TestSyncQueueProperties::test_action_enum_valid PASSED [  9%]
Backend CI	Run tests	2026-03-17T02:39:33.8856112Z app/tests/property/test_properties_sync_queue.py::TestSyncQueueProperties::test_status_enum_valid PASSED [  9%]
Backend CI	Run tests	2026-03-17T02:39:33.8940784Z app/tests/property/test_properties_sync_queue.py::TestSyncQueueProperties::test_entity_type_valid PASSED [  9%]
Backend CI	Run tests	2026-03-17T02:39:33.9112254Z app/tests/property/test_properties_sync_queue.py::TestSyncQueueProperties::test_attempts_non_negative PASSED [  9%]
Backend CI	Run tests	2026-03-17T02:39:33.9247404Z app/tests/property/test_properties_sync_queue.py::TestSyncQueueProperties::test_max_retry_policy PASSED [  9%]
Backend CI	Run tests	2026-03-17T02:39:33.9459081Z app/tests/property/test_properties_sync_queue.py::TestSyncMetadataProperties::test_records_synced_non_negative PASSED [  9%]
Backend CI	Run tests	2026-03-17T02:39:33.9525048Z app/tests/property/test_properties_sync_queue.py::TestSyncMetadataProperties::test_sync_status_valid PASSED [  9%]
Backend CI	Run tests	2026-03-17T02:39:33.9673359Z app/tests/property/test_properties_table_management.py::TestFloorPlanProperties::test_floor_plan_has_tables PASSED [  9%]
Backend CI	Run tests	2026-03-17T02:39:33.9959261Z app/tests/property/test_properties_table_management.py::TestFloorPlanProperties::test_table_position_within_bounds PASSED [  9%]
Backend CI	Run tests	2026-03-17T02:39:34.0227776Z app/tests/property/test_properties_table_management.py::TestSectionProperties::test_section_name_not_empty PASSED [  9%]
Backend CI	Run tests	2026-03-17T02:39:34.0505577Z app/tests/property/test_properties_table_management.py::TestReservationProperties::test_reservation_fits_table PASSED [  9%]
Backend CI	Run tests	2026-03-17T02:39:34.0833157Z app/tests/property/test_properties_table_management.py::TestReservationProperties::test_reservation_duration_reasonable PASSED [  9%]
Backend CI	Run tests	2026-03-17T02:39:34.0934070Z app/tests/property/test_properties_table_management.py::TestReservationProperties::test_reservation_status_valid PASSED [  9%]
Backend CI	Run tests	2026-03-17T02:39:34.1891449Z app/tests/property/test_properties_tables.py::test_table_capacity_enforcement PASSED [  9%]
Backend CI	Run tests	2026-03-17T02:39:34.2265547Z app/tests/property/test_properties_tables.py::test_status_transition_validity PASSED [  9%]
Backend CI	Run tests	2026-03-17T02:39:34.3172157Z app/tests/property/test_properties_tables.py::test_table_number_uniqueness_within_section PASSED [  9%]
Backend CI	Run tests	2026-03-17T02:39:34.4731963Z app/tests/property/test_properties_tags.py::TestTagProperties::test_slug_format PASSED [  9%]
Backend CI	Run tests	2026-03-17T02:39:34.4875022Z app/tests/property/test_properties_tags.py::TestTagProperties::test_hierarchy_depth_limit PASSED [  9%]
Backend CI	Run tests	2026-03-17T02:39:34.5515425Z app/tests/property/test_properties_tags.py::TestTagProperties::test_usage_count_non_negative PASSED [  9%]
Backend CI	Run tests	2026-03-17T02:39:34.6264037Z app/tests/property/test_properties_tags.py::TestTagProperties::test_colour_format PASSED [  9%]
Backend CI	Run tests	2026-03-17T02:39:35.1042206Z app/tests/property/test_properties_tags.py::TestTagProperties::test_hierarchy_path_format PASSED [  9%]
Backend CI	Run tests	2026-03-17T02:39:35.8314232Z app/tests/property/test_properties_tags_categorization.py::test_tag_slugs_are_unique_after_normalization PASSED [  9%]
Backend CI	Run tests	2026-03-17T02:39:35.9636210Z app/tests/property/test_properties_tags_categorization.py::test_category_contains_valid_tags PASSED [  9%]
Backend CI	Run tests	2026-03-17T02:39:36.0821063Z app/tests/property/test_properties_tags_categorization.py::test_tag_hierarchy_depth_limit PASSED [  9%]
Backend CI	Run tests	2026-03-17T02:39:36.7006998Z app/tests/property/test_properties_tags_categorization.py::test_tag_filter_returns_correct_products PASSED [  9%]
Backend CI	Run tests	2026-03-17T02:39:36.8825878Z app/tests/property/test_properties_tags_categorization.py::test_tag_intersection_for_multi_tag_filter PASSED [  9%]
Backend CI	Run tests	2026-03-17T02:39:37.2327545Z app/tests/property/test_properties_tech_debt.py::test_import_usage_invariant PASSED [  9%]
Backend CI	Run tests	2026-03-17T02:39:37.4879847Z app/tests/property/test_properties_tech_debt.py::test_variable_usage_invariant PASSED [  9%]
Backend CI	Run tests	2026-03-17T02:39:37.7230509Z app/tests/property/test_properties_tech_debt.py::test_boolean_comparison_style PASSED [  9%]
Backend CI	Run tests	2026-03-17T02:39:38.6973986Z app/tests/property/test_properties_tech_debt.py::test_python_import_detection PASSED [  9%]
Backend CI	Run tests	2026-03-17T02:39:39.4838993Z app/tests/property/test_properties_tech_debt.py::test_wildcard_import_resolution PASSED [  9%]
Backend CI	Run tests	2026-03-17T02:39:39.7482081Z app/tests/property/test_properties_tech_debt.py::test_backward_compatibility_line_count PASSED [  9%]
Backend CI	Run tests	2026-03-17T02:39:40.1526924Z app/tests/property/test_properties_tech_debt.py::test_image_component_migration_preserves_attributes PASSED [  9%]
Backend CI	Run tests	2026-03-17T02:39:40.2306011Z app/tests/property/test_properties_time_tracking.py::test_clock_out_after_clock_in PASSED [  9%]
Backend CI	Run tests	2026-03-17T02:39:40.4231246Z app/tests/property/test_properties_time_tracking.py::test_net_hours_deducts_breaks PASSED [  9%]
Backend CI	Run tests	2026-03-17T02:39:40.5747016Z app/tests/property/test_properties_time_tracking.py::test_overtime_kicks_in_after_threshold PASSED [  9%]
Backend CI	Run tests	2026-03-17T02:39:40.7893366Z app/tests/property/test_properties_time_tracking.py::test_overtime_pay_calculation PASSED [  9%]
Backend CI	Run tests	2026-03-17T02:39:40.9545414Z app/tests/property/test_properties_time_tracking.py::test_weekly_total_is_sum_of_daily PASSED [  9%]
Backend CI	Run tests	2026-03-17T02:39:41.3141833Z app/tests/property/test_properties_time_tracking.py::test_monthly_hours_non_negative PASSED [  9%]
Backend CI	Run tests	2026-03-17T02:39:41.3225551Z app/tests/property/test_properties_woocommerce.py::TestWooCommerceProperties::test_sync_entity_types_valid PASSED [ 10%]
Backend CI	Run tests	2026-03-17T02:39:41.3490146Z app/tests/property/test_properties_woocommerce.py::TestWooCommerceProperties::test_woo_id_positive_integer PASSED [ 10%]
Backend CI	Run tests	2026-03-17T02:39:41.3577133Z app/tests/property/test_properties_woocommerce.py::TestWooCommerceProperties::test_bidirectional_sync_direction PASSED [ 10%]
Backend CI	Run tests	2026-03-17T02:39:41.4360638Z app/tests/property/test_properties_woocommerce.py::TestWooCommerceProperties::test_store_url_format PASSED [ 10%]
Backend CI	Run tests	2026-03-17T02:39:41.4496729Z app/tests/property/test_properties_xero.py::TestXeroIntegrationProperties::test_sync_entity_types_valid PASSED [ 10%]
Backend CI	Run tests	2026-03-17T02:39:41.4875099Z app/tests/property/test_properties_xero.py::TestXeroIntegrationProperties::test_payload_hash_deterministic PASSED [ 10%]
Backend CI	Run tests	2026-03-17T02:39:41.4951543Z app/tests/property/test_properties_xero.py::TestXeroIntegrationProperties::test_sync_status_enum PASSED [ 10%]
Backend CI	Run tests	2026-03-17T02:39:41.7190716Z app/tests/property/test_properties_xero.py::TestXeroIntegrationProperties::test_xero_id_uuid_format PASSED [ 10%]
Backend CI	Run tests	2026-03-17T02:39:43.5460335Z app/tests/property/test_report_email_properties.py::test_email_content_completeness PASSED [ 10%]
Backend CI	Run tests	2026-03-17T02:39:45.1437690Z app/tests/property/test_report_email_properties.py::test_email_recipient_correctness PASSED [ 10%]
Backend CI	Run tests	2026-03-17T02:39:46.0272344Z app/tests/property/test_report_email_properties.py::test_email_attachment_generation PASSED [ 10%]
Backend CI	Run tests	2026-03-17T02:39:47.7679859Z app/tests/property/test_report_email_properties.py::test_email_subject_completeness PASSED [ 10%]
Backend CI	Run tests	2026-03-17T02:39:49.0403960Z app/tests/property/test_report_email_properties.py::test_email_link_presence PASSED [ 10%]
Backend CI	Run tests	2026-03-17T02:39:51.6659079Z app/tests/property/test_report_generator_properties.py::test_report_period_coverage PASSED [ 10%]
Backend CI	Run tests	2026-03-17T02:39:53.1861119Z app/tests/property/test_report_generator_properties.py::test_financial_consistency PASSED [ 10%]
Backend CI	Run tests	2026-03-17T02:39:53.3815246Z app/tests/property/test_report_generator_properties.py::test_report_metrics_completeness PASSED [ 10%]
Backend CI	Run tests	2026-03-17T02:39:54.8181227Z app/tests/property/test_report_generator_properties.py::test_report_content_completeness PASSED [ 10%]
Backend CI	Run tests	2026-03-17T02:39:56.2537107Z app/tests/property/test_report_generator_properties.py::test_partial_report_generation PASSED [ 10%]
Backend CI	Run tests	2026-03-17T02:39:58.4404466Z app/tests/property/test_report_generator_properties.py::test_business_data_isolation PASSED [ 10%]
Backend CI	Run tests	2026-03-17T02:40:00.0156533Z app/tests/property/test_report_generator_properties.py::test_reporting_period_data_filtering PASSED [ 10%]
Backend CI	Run tests	2026-03-17T02:40:01.2187386Z app/tests/property/test_report_scheduler_properties.py::test_scheduler_job_execution_flow PASSED [ 10%]
Backend CI	Run tests	2026-03-17T02:40:01.2429049Z app/tests/property/test_report_scheduler_properties.py::test_scheduler_invalid_frequency PASSED [ 10%]
Backend CI	Run tests	2026-03-17T02:40:01.8093670Z app/tests/property/test_report_scheduler_properties.py::test_report_generation_isolation PASSED [ 10%]
Backend CI	Run tests	2026-03-17T02:40:01.8347580Z app/tests/property/test_report_scheduler_properties.py::test_email_delivery_retry_logic PASSED [ 10%]
Backend CI	Run tests	2026-03-17T02:40:01.9456645Z app/tests/property/test_report_scheduler_properties.py::test_delivery_logging_completeness PASSED [ 10%]
Backend CI	Run tests	2026-03-17T02:40:02.2369540Z app/tests/property/test_report_subscription_properties.py::test_subscription_persistence_round_trip PASSED [ 10%]
Backend CI	Run tests	2026-03-17T02:40:02.6166032Z app/tests/property/test_report_subscription_properties.py::test_subscription_update_persistence PASSED [ 10%]
Backend CI	Run tests	2026-03-17T02:40:03.0313765Z app/tests/property/test_report_subscription_properties.py::test_subscription_independence PASSED [ 10%]
Backend CI	Run tests	2026-03-17T02:40:03.2715555Z app/tests/property/test_report_subscription_properties.py::test_active_subscription_query_filtering PASSED [ 10%]
Backend CI	Run tests	2026-03-17T02:40:03.5783704Z app/tests/property/test_report_subscription_properties.py::test_multiple_frequencies_per_report_type PASSED [ 10%]
Backend CI	Run tests	2026-03-17T02:40:03.8878743Z app/tests/property/test_report_subscription_properties.py::test_subscription_state_toggle PASSED [ 10%]
Backend CI	Run tests	2026-03-17T02:40:04.1169802Z app/tests/property/test_report_subscription_properties.py::test_inactive_subscription_exclusion PASSED [ 10%]
Backend CI	Run tests	2026-03-17T02:40:04.4411786Z app/tests/property/test_report_subscription_properties.py::test_token_based_unsubscribe PASSED [ 10%]
Backend CI	Run tests	2026-03-17T02:40:04.4430076Z app/tests/schemas/test_aging_report_schemas.py::TestAgingBreakdown::test_aging_breakdown_valid PASSED [ 10%]
Backend CI	Run tests	2026-03-17T02:40:04.4447302Z app/tests/schemas/test_aging_report_schemas.py::TestAgingBreakdown::test_aging_breakdown_defaults PASSED [ 10%]
Backend CI	Run tests	2026-03-17T02:40:04.4463928Z app/tests/schemas/test_aging_report_schemas.py::TestAgingReportFilters::test_filters_valid PASSED [ 10%]
Backend CI	Run tests	2026-03-17T02:40:04.4481093Z app/tests/schemas/test_aging_report_schemas.py::TestAgingReportFilters::test_filters_defaults PASSED [ 10%]
Backend CI	Run tests	2026-03-17T02:40:04.4500809Z app/tests/schemas/test_aging_report_schemas.py::TestAgingReportFilters::test_filters_negative_balance_rejected PASSED [ 10%]
Backend CI	Run tests	2026-03-17T02:40:04.4518402Z app/tests/schemas/test_aging_report_schemas.py::TestAgingReportResponse::test_aging_report_valid PASSED [ 10%]
Backend CI	Run tests	2026-03-17T02:40:04.4535302Z app/tests/schemas/test_aging_report_schemas.py::TestCreditUtilizationReport::test_credit_utilization_valid PASSED [ 10%]
Backend CI	Run tests	2026-03-17T02:40:04.4552022Z app/tests/schemas/test_aging_report_schemas.py::TestCreditUtilizationSummary::test_utilization_summary_valid PASSED [ 10%]
Backend CI	Run tests	2026-03-17T02:40:04.4569886Z app/tests/schemas/test_aging_report_schemas.py::TestBadDebtReport::test_bad_debt_report_valid PASSED [ 10%]
Backend CI	Run tests	2026-03-17T02:40:04.4586841Z app/tests/schemas/test_aging_report_schemas.py::TestBadDebtSummary::test_bad_debt_summary_valid PASSED [ 10%]
Backend CI	Run tests	2026-03-17T02:40:04.4603534Z app/tests/schemas/test_aging_report_schemas.py::TestPaymentHistoryReport::test_payment_history_valid PASSED [ 11%]
Backend CI	Run tests	2026-03-17T02:40:04.4620266Z app/tests/schemas/test_aging_report_schemas.py::TestAccountActivityReport::test_activity_report_valid PASSED [ 11%]
Backend CI	Run tests	2026-03-17T02:40:04.4636695Z app/tests/schemas/test_aging_report_schemas.py::TestDashboardWidget::test_dashboard_widget_valid PASSED [ 11%]
Backend CI	Run tests	2026-03-17T02:40:04.4653330Z app/tests/schemas/test_aging_report_schemas.py::TestARDashboard::test_ar_dashboard_valid PASSED [ 11%]
Backend CI	Run tests	2026-03-17T02:40:04.4669722Z app/tests/schemas/test_aging_report_schemas.py::TestReportExportRequest::test_export_request_valid PASSED [ 11%]
Backend CI	Run tests	2026-03-17T02:40:04.4685778Z app/tests/schemas/test_aging_report_schemas.py::TestReportExportRequest::test_export_request_minimal PASSED [ 11%]
Backend CI	Run tests	2026-03-17T02:40:04.4701898Z app/tests/schemas/test_aging_report_schemas.py::TestReportExportResponse::test_export_response_valid PASSED [ 11%]
Backend CI	Run tests	2026-03-17T02:40:04.4721724Z app/tests/schemas/test_aging_report_schemas.py::TestReportExportResponse::test_export_response_pending PASSED [ 11%]
Backend CI	Run tests	2026-03-17T02:40:04.4755856Z app/tests/test_addon_service.py::TestCreateModifierGroup::test_creates_group_with_defaults PASSED [ 11%]
Backend CI	Run tests	2026-03-17T02:40:04.4786945Z app/tests/test_addon_service.py::TestCreateModifierGroup::test_creates_group_with_custom_params PASSED [ 11%]
Backend CI	Run tests	2026-03-17T02:40:04.4848183Z app/tests/test_addon_service.py::TestListModifierGroups::test_returns_groups PASSED [ 11%]
Backend CI	Run tests	2026-03-17T02:40:04.4886128Z app/tests/test_addon_service.py::TestListModifierGroups::test_returns_empty_list PASSED [ 11%]
Backend CI	Run tests	2026-03-17T02:40:04.4934091Z app/tests/test_addon_service.py::TestGetModifierGroup::test_returns_group PASSED [ 11%]
Backend CI	Run tests	2026-03-17T02:40:04.4973760Z app/tests/test_addon_service.py::TestGetModifierGroup::test_returns_none_when_missing PASSED [ 11%]
Backend CI	Run tests	2026-03-17T02:40:04.5043123Z app/tests/test_addon_service.py::TestUpdateModifierGroup::test_updates_fields PASSED [ 11%]
Backend CI	Run tests	2026-03-17T02:40:04.5080723Z app/tests/test_addon_service.py::TestUpdateModifierGroup::test_returns_none_when_not_found PASSED [ 11%]
Backend CI	Run tests	2026-03-17T02:40:04.5135028Z app/tests/test_addon_service.py::TestUpdateModifierGroup::test_ignores_unknown_field PASSED [ 11%]
Backend CI	Run tests	2026-03-17T02:40:04.5189671Z app/tests/test_addon_service.py::TestDeleteModifierGroup::test_soft_deletes PASSED [ 11%]
Backend CI	Run tests	2026-03-17T02:40:04.5226745Z app/tests/test_addon_service.py::TestDeleteModifierGroup::test_returns_none_when_not_found PASSED [ 11%]
Backend CI	Run tests	2026-03-17T02:40:04.5284989Z app/tests/test_addon_service.py::TestAddModifier::test_adds_modifier PASSED [ 11%]
Backend CI	Run tests	2026-03-17T02:40:04.5332851Z app/tests/test_addon_service.py::TestAddModifier::test_raises_when_group_not_found PASSED [ 11%]
Backend CI	Run tests	2026-03-17T02:40:04.5399358Z app/tests/test_addon_service.py::TestUpdateModifier::test_updates_modifier PASSED [ 11%]
Backend CI	Run tests	2026-03-17T02:40:04.5437103Z app/tests/test_addon_service.py::TestUpdateModifier::test_returns_none_when_not_found PASSED [ 11%]
Backend CI	Run tests	2026-03-17T02:40:04.5490747Z app/tests/test_addon_service.py::TestDeleteModifier::test_soft_deletes PASSED [ 11%]
Backend CI	Run tests	2026-03-17T02:40:04.5527108Z app/tests/test_addon_service.py::TestDeleteModifier::test_returns_none_when_not_found PASSED [ 11%]
Backend CI	Run tests	2026-03-17T02:40:04.5574457Z app/tests/test_addon_service.py::TestAssignGroupToProduct::test_creates_new_link PASSED [ 11%]
Backend CI	Run tests	2026-03-17T02:40:04.5621366Z app/tests/test_addon_service.py::TestAssignGroupToProduct::test_returns_existing_link PASSED [ 11%]
Backend CI	Run tests	2026-03-17T02:40:04.5673919Z app/tests/test_addon_service.py::TestRemoveGroupFromProduct::test_removes_link PASSED [ 11%]
Backend CI	Run tests	2026-03-17T02:40:04.5724184Z app/tests/test_addon_service.py::TestRemoveGroupFromProduct::test_returns_false_when_not_found PASSED [ 11%]
Backend CI	Run tests	2026-03-17T02:40:04.5795028Z app/tests/test_addon_service.py::TestGetProductModifiers::test_returns_groups_for_product PASSED [ 11%]
Backend CI	Run tests	2026-03-17T02:40:04.5832602Z app/tests/test_addon_service.py::TestGetProductModifiers::test_returns_empty_when_no_links PASSED [ 11%]
Backend CI	Run tests	2026-03-17T02:40:04.5881429Z app/tests/test_addon_service.py::TestGetNestedModifierGroups::test_returns_child_groups PASSED [ 11%]
Backend CI	Run tests	2026-03-17T02:40:04.5919286Z app/tests/test_addon_service.py::TestGetNestedModifierGroups::test_returns_empty_list PASSED [ 11%]
Backend CI	Run tests	2026-03-17T02:40:04.6048099Z app/tests/test_addon_service.py::TestAttachNestedModifierGroup::test_attaches_at_depth_zero PASSED [ 11%]
Backend CI	Run tests	2026-03-17T02:40:04.6096828Z app/tests/test_addon_service.py::TestAttachNestedModifierGroup::test_raises_when_parent_not_found PASSED [ 11%]
Backend CI	Run tests	2026-03-17T02:40:04.6197935Z app/tests/test_addon_service.py::TestAttachNestedModifierGroup::test_raises_when_group_not_found PASSED [ 11%]
Backend CI	Run tests	2026-03-17T02:40:04.6406208Z app/tests/test_addon_service.py::TestAttachNestedModifierGroup::test_raises_when_depth_exceeds_max PASSED [ 11%]
Backend CI	Run tests	2026-03-17T02:40:04.6568220Z app/tests/test_ai.py::TestAIAPI::test_ai_chat_endpoint_exists FAILED     [ 11%]
Backend CI	Run tests	2026-03-17T02:40:04.6705250Z app/tests/test_ai.py::TestAIAPI::test_ai_conversations_list_exists FAILED [ 11%]
Backend CI	Run tests	2026-03-17T02:40:04.6844645Z app/tests/test_ai.py::TestAIAPI::test_ai_conversations_create_exists FAILED [ 11%]
Backend CI	Run tests	2026-03-17T02:40:04.6989765Z app/tests/test_ai.py::TestAIAPI::test_ai_messages_list_exists FAILED     [ 11%]
Backend CI	Run tests	2026-03-17T02:40:04.7126314Z app/tests/test_ai.py::TestAIAPI::test_ai_context_exists FAILED           [ 11%]
Backend CI	Run tests	2026-03-17T02:40:04.7266686Z app/tests/test_ai.py::TestAIAPI::test_ai_chat_returns_clear_4xx_when_unconfigured FAILED [ 12%]
Backend CI	Run tests	2026-03-17T02:40:04.7345027Z app/tests/test_ai.py::TestUserSettingsAPI::test_user_settings_get_exists PASSED [ 12%]
Backend CI	Run tests	2026-03-17T02:40:04.7436880Z app/tests/test_ai.py::TestUserSettingsAPI::test_user_settings_update_exists PASSED [ 12%]
Backend CI	Run tests	2026-03-17T02:40:04.7452109Z app/tests/test_ai_model_routing.py::TestModelRegistry::test_registry_has_required_task_types PASSED [ 12%]
Backend CI	Run tests	2026-03-17T02:40:04.7467340Z app/tests/test_ai_model_routing.py::TestModelRegistry::test_all_task_types_have_models PASSED [ 12%]
Backend CI	Run tests	2026-03-17T02:40:04.7482020Z app/tests/test_ai_model_routing.py::TestModelRegistry::test_fallback_exists PASSED [ 12%]
Backend CI	Run tests	2026-03-17T02:40:04.7501819Z app/tests/test_ai_model_routing.py::TestEnvironmentOverrides::test_force_model_override PASSED [ 12%]
Backend CI	Run tests	2026-03-17T02:40:04.7520213Z app/tests/test_ai_model_routing.py::TestEnvironmentOverrides::test_fast_model_override PASSED [ 12%]
Backend CI	Run tests	2026-03-17T02:40:04.7538502Z app/tests/test_ai_model_routing.py::TestEnvironmentOverrides::test_reasoning_model_override PASSED [ 12%]
Backend CI	Run tests	2026-03-17T02:40:04.7588927Z app/tests/test_ai_model_routing.py::TestModelExecution::test_successful_execution PASSED [ 12%]
Backend CI	Run tests	2026-03-17T02:40:04.7621458Z app/tests/test_ai_model_routing.py::TestModelExecution::test_automatic_fallback_on_model_failure PASSED [ 12%]
Backend CI	Run tests	2026-03-17T02:40:04.7670808Z app/tests/test_ai_model_routing.py::TestModelExecution::test_universal_fallback_when_all_primary_fail PASSED [ 12%]
Backend CI	Run tests	2026-03-17T02:40:04.7702045Z app/tests/test_ai_model_routing.py::TestModelExecution::test_raises_error_when_all_models_fail PASSED [ 12%]
Backend CI	Run tests	2026-03-17T02:40:04.7731479Z app/tests/test_ai_model_routing.py::TestTaskTypeHelpers::test_execute_fast_task PASSED [ 12%]
Backend CI	Run tests	2026-03-17T02:40:04.7760944Z app/tests/test_ai_model_routing.py::TestTaskTypeHelpers::test_execute_reasoning_task PASSED [ 12%]
Backend CI	Run tests	2026-03-17T02:40:04.7792203Z app/tests/test_ai_model_routing.py::TestTaskTypeHelpers::test_execute_summarization_task PASSED [ 12%]
Backend CI	Run tests	2026-03-17T02:40:04.7807660Z app/tests/test_ai_model_routing.py::TestNoHardcodedModels::test_model_names_only_in_registry PASSED [ 12%]
Backend CI	Run tests	2026-03-17T02:40:04.7853574Z app/tests/test_ai_model_routing.py::TestGroqExecutionWrapper::test_run_groq_success PASSED [ 12%]
Backend CI	Run tests	2026-03-17T02:40:04.7896381Z app/tests/test_ai_model_routing.py::TestGroqExecutionWrapper::test_run_groq_http_error PASSED [ 12%]
Backend CI	Run tests	2026-03-17T02:40:04.7934698Z app/tests/test_ai_model_routing.py::TestGroqExecutionWrapper::test_run_groq_no_api_key PASSED [ 12%]
Backend CI	Run tests	2026-03-17T02:40:04.7990487Z app/tests/test_ai_model_routing.py::TestGroqExecutionWrapper::test_run_groq_timeout PASSED [ 12%]
Backend CI	Run tests	2026-03-17T02:40:04.8005832Z app/tests/test_ai_routing_unit.py::TestModelRegistry::test_registry_has_required_task_types PASSED [ 12%]
Backend CI	Run tests	2026-03-17T02:40:04.8020568Z app/tests/test_ai_routing_unit.py::TestModelRegistry::test_all_task_types_have_models PASSED [ 12%]
Backend CI	Run tests	2026-03-17T02:40:04.8035261Z app/tests/test_ai_routing_unit.py::TestModelRegistry::test_fallback_exists PASSED [ 12%]
Backend CI	Run tests	2026-03-17T02:40:04.8049731Z app/tests/test_ai_routing_unit.py::TestModelRegistry::test_reasoning_has_multiple_models PASSED [ 12%]
Backend CI	Run tests	2026-03-17T02:40:04.8068777Z app/tests/test_ai_routing_unit.py::TestEnvironmentOverrides::test_force_model_override PASSED [ 12%]
Backend CI	Run tests	2026-03-17T02:40:04.8087057Z app/tests/test_ai_routing_unit.py::TestEnvironmentOverrides::test_fast_model_override PASSED [ 12%]
Backend CI	Run tests	2026-03-17T02:40:04.8104784Z app/tests/test_ai_routing_unit.py::TestEnvironmentOverrides::test_reasoning_model_override PASSED [ 12%]
Backend CI	Run tests	2026-03-17T02:40:04.8119916Z app/tests/test_ai_routing_unit.py::TestEnvironmentOverrides::test_no_override_returns_registry_defaults PASSED [ 12%]
Backend CI	Run tests	2026-03-17T02:40:04.8149862Z app/tests/test_ai_routing_unit.py::TestModelExecution::test_successful_execution PASSED [ 12%]
Backend CI	Run tests	2026-03-17T02:40:04.8181338Z app/tests/test_ai_routing_unit.py::TestModelExecution::test_automatic_fallback_on_model_failure PASSED [ 12%]
Backend CI	Run tests	2026-03-17T02:40:04.8219578Z app/tests/test_ai_routing_unit.py::TestModelExecution::test_universal_fallback_when_all_primary_fail PASSED [ 12%]
Backend CI	Run tests	2026-03-17T02:40:04.8251141Z app/tests/test_ai_routing_unit.py::TestModelExecution::test_raises_error_when_all_models_fail PASSED [ 12%]
Backend CI	Run tests	2026-03-17T02:40:04.8280260Z app/tests/test_ai_routing_unit.py::TestTaskTypeHelpers::test_execute_fast_task PASSED [ 12%]
Backend CI	Run tests	2026-03-17T02:40:04.8309506Z app/tests/test_ai_routing_unit.py::TestTaskTypeHelpers::test_execute_reasoning_task PASSED [ 12%]
Backend CI	Run tests	2026-03-17T02:40:04.8340596Z app/tests/test_ai_routing_unit.py::TestTaskTypeHelpers::test_execute_summarization_task PASSED [ 12%]
Backend CI	Run tests	2026-03-17T02:40:04.8384881Z app/tests/test_ai_routing_unit.py::TestGroqExecutionWrapper::test_run_groq_success PASSED [ 12%]
Backend CI	Run tests	2026-03-17T02:40:04.8428158Z app/tests/test_ai_routing_unit.py::TestGroqExecutionWrapper::test_run_groq_http_error PASSED [ 12%]
Backend CI	Run tests	2026-03-17T02:40:04.8454488Z app/tests/test_ai_routing_unit.py::TestGroqExecutionWrapper::test_run_groq_no_api_key PASSED [ 12%]
Backend CI	Run tests	2026-03-17T02:40:04.8510162Z app/tests/test_ai_routing_unit.py::TestGroqExecutionWrapper::test_run_groq_empty_response PASSED [ 12%]
Backend CI	Run tests	2026-03-17T02:40:04.8525478Z app/tests/test_ai_routing_unit.py::TestModelSelectionLogic::test_fast_task_selects_fast_model PASSED [ 12%]
Backend CI	Run tests	2026-03-17T02:40:04.8540375Z app/tests/test_ai_routing_unit.py::TestModelSelectionLogic::test_reasoning_task_selects_reasoning_models PASSED [ 12%]
Backend CI	Run tests	2026-03-17T02:40:04.8555712Z app/tests/test_ai_routing_unit.py::TestModelSelectionLogic::test_summarization_task_selects_appropriate_models PASSED [ 13%]
Backend CI	Run tests	2026-03-17T02:40:04.8570224Z app/tests/test_ai_routing_unit.py::TestModelSelectionLogic::test_fallback_task_returns_fallback_models PASSED [ 13%]
Backend CI	Run tests	2026-03-17T02:40:04.8585023Z app/tests/test_ai_routing_unit.py::TestNoHardcodedModels::test_model_names_only_in_registry PASSED [ 13%]
Backend CI	Run tests	2026-03-17T02:40:04.8599636Z app/tests/test_ai_routing_unit.py::TestNoHardcodedModels::test_registry_models_are_strings PASSED [ 13%]
Backend CI	Run tests	2026-03-17T02:40:04.8634922Z app/tests/test_ai_routing_unit.py::TestLoggingAndObservability::test_success_logging PASSED [ 13%]
Backend CI	Run tests	2026-03-17T02:40:04.8672205Z app/tests/test_ai_routing_unit.py::TestLoggingAndObservability::test_failure_logging PASSED [ 13%]
Backend CI	Run tests	2026-03-17T02:40:04.8716326Z app/tests/test_ai_service.py::TestUserSettings::test_get_existing PASSED [ 13%]
Backend CI	Run tests	2026-03-17T02:40:04.8761222Z app/tests/test_ai_service.py::TestUserSettings::test_create_new PASSED   [ 13%]
Backend CI	Run tests	2026-03-17T02:40:04.8816894Z app/tests/test_ai_service.py::TestUserSettings::test_update PASSED       [ 13%]
Backend CI	Run tests	2026-03-17T02:40:04.8957299Z app/tests/test_ai_service.py::TestConversations::test_list FAILED        [ 13%]
Backend CI	Run tests	2026-03-17T02:40:04.9082351Z app/tests/test_ai_service.py::TestConversations::test_create FAILED      [ 13%]
Backend CI	Run tests	2026-03-17T02:40:04.9222178Z app/tests/test_ai_service.py::TestConversations::test_delete FAILED      [ 13%]
Backend CI	Run tests	2026-03-17T02:40:04.9361723Z app/tests/test_ai_service.py::TestConversations::test_delete_not_found FAILED [ 13%]
Backend CI	Run tests	2026-03-17T02:40:04.9493112Z app/tests/test_ai_service.py::TestMessages::test_list FAILED             [ 13%]
Backend CI	Run tests	2026-03-17T02:40:04.9646420Z app/tests/test_ai_service.py::TestMessages::test_add FAILED              [ 13%]
Backend CI	Run tests	2026-03-17T02:40:04.9788020Z app/tests/test_ai_service.py::TestBusinessContext::test_no_business FAILED [ 13%]
Backend CI	Run tests	2026-03-17T02:40:04.9919340Z app/tests/test_ai_service.py::TestBusinessContext::test_none_level FAILED [ 13%]
Backend CI	Run tests	2026-03-17T02:40:05.0045643Z app/tests/test_ai_service.py::TestContextModeDetection::test_app_help FAILED [ 13%]
Backend CI	Run tests	2026-03-17T02:40:05.0171143Z app/tests/test_ai_service.py::TestContextModeDetection::test_business FAILED [ 13%]
Backend CI	Run tests	2026-03-17T02:40:05.0298328Z app/tests/test_ai_service.py::TestContextModeDetection::test_mixed FAILED [ 13%]
Backend CI	Run tests	2026-03-17T02:40:05.0426856Z app/tests/test_ai_service.py::TestContextModeDetection::test_default_mixed FAILED [ 13%]
Backend CI	Run tests	2026-03-17T02:40:05.0536962Z app/tests/test_ai_service.py::TestSystemPrompt::test_no_context FAILED   [ 13%]
Backend CI	Run tests	2026-03-17T02:40:05.0646137Z app/tests/test_ai_service.py::TestSystemPrompt::test_with_app_context FAILED [ 13%]
Backend CI	Run tests	2026-03-17T02:40:05.0754564Z app/tests/test_ai_service.py::TestSystemPrompt::test_with_biz_context FAILED [ 13%]
Backend CI	Run tests	2026-03-17T02:40:05.1990569Z app/tests/test_ai_service.py::TestAsyncMethods::test_generate_title_no_key FAILED [ 13%]
Backend CI	Run tests	2026-03-17T02:40:06.0528013Z app/tests/test_ai_service.py::TestAsyncMethods::test_generate_title_success FAILED [ 13%]
Backend CI	Run tests	2026-03-17T02:40:06.1743282Z app/tests/test_ai_service.py::TestAsyncMethods::test_generate_title_error FAILED [ 13%]
Backend CI	Run tests	2026-03-17T02:40:06.2961507Z app/tests/test_ai_service.py::TestAsyncMethods::test_call_groq_no_key FAILED [ 13%]
Backend CI	Run tests	2026-03-17T02:40:06.3211485Z app/tests/test_app_help_kb.py::test_app_help_kb_scans_routes_without_reading_secrets PASSED [ 13%]
Backend CI	Run tests	2026-03-17T02:40:06.3234104Z app/tests/test_app_help_kb.py::test_app_help_kb_retrieve_returns_relevant_articles PASSED [ 13%]
Backend CI	Run tests	2026-03-17T02:40:06.3264125Z app/tests/test_audit_service.py::TestLogAction::test_creates_entry_and_commits PASSED [ 13%]
Backend CI	Run tests	2026-03-17T02:40:06.3293111Z app/tests/test_audit_service.py::TestLogAction::test_metadata_serialized_to_json PASSED [ 13%]
Backend CI	Run tests	2026-03-17T02:40:06.3321444Z app/tests/test_audit_service.py::TestLogAction::test_metadata_none_when_not_provided PASSED [ 13%]
Backend CI	Run tests	2026-03-17T02:40:06.3350251Z app/tests/test_audit_service.py::TestLogAction::test_optional_fields_set PASSED [ 13%]
Backend CI	Run tests	2026-03-17T02:40:06.3378173Z app/tests/test_audit_service.py::TestLogAction::test_user_id_optional PASSED [ 13%]
Backend CI	Run tests	2026-03-17T02:40:06.3450559Z app/tests/test_audit_service.py::TestGetUserActivity::test_returns_items_and_total PASSED [ 13%]
Backend CI	Run tests	2026-03-17T02:40:06.3490603Z app/tests/test_audit_service.py::TestGetUserActivity::test_pagination_offset PASSED [ 13%]
Backend CI	Run tests	2026-03-17T02:40:06.3530507Z app/tests/test_audit_service.py::TestGetUserActivity::test_filters_by_user_id PASSED [ 13%]
Backend CI	Run tests	2026-03-17T02:40:06.3571509Z app/tests/test_audit_service.py::TestGetUserActivity::test_filters_by_action PASSED [ 13%]
Backend CI	Run tests	2026-03-17T02:40:06.3613950Z app/tests/test_audit_service.py::TestGetUserActivity::test_filters_by_resource_type PASSED [ 13%]
Backend CI	Run tests	2026-03-17T02:40:06.3657136Z app/tests/test_audit_service.py::TestGetUserActivity::test_filters_by_date_range PASSED [ 13%]
Backend CI	Run tests	2026-03-17T02:40:06.3722279Z app/tests/test_audit_service.py::TestGetLoginHistory::test_returns_login_logout_events PASSED [ 13%]
Backend CI	Run tests	2026-03-17T02:40:06.3776129Z app/tests/test_audit_service.py::TestGetLoginHistory::test_filters_by_user_id PASSED [ 14%]
Backend CI	Run tests	2026-03-17T02:40:06.3816206Z app/tests/test_audit_service.py::TestGetLoginHistory::test_pagination PASSED [ 14%]
Backend CI	Run tests	2026-03-17T02:40:06.3859161Z app/tests/test_audit_service.py::TestGetActivitySummary::test_returns_summary_dict PASSED [ 14%]
Backend CI	Run tests	2026-03-17T02:40:06.3901746Z app/tests/test_audit_service.py::TestGetActivitySummary::test_system_user_label_for_none_user PASSED [ 14%]
Backend CI	Run tests	2026-03-17T02:40:06.3945971Z app/tests/test_audit_service.py::TestGetActivitySummary::test_with_date_filters PASSED [ 14%]
Backend CI	Run tests	2026-03-17T02:40:06.3997361Z app/tests/test_audit_service.py::TestExportActivityCsv::test_returns_list_of_dicts PASSED [ 14%]
Backend CI	Run tests	2026-03-17T02:40:06.4047184Z app/tests/test_audit_service.py::TestExportActivityCsv::test_empty_export PASSED [ 14%]
Backend CI	Run tests	2026-03-17T02:40:06.4096758Z app/tests/test_audit_service.py::TestExportActivityCsv::test_handles_none_optional_fields PASSED [ 14%]
Backend CI	Run tests	2026-03-17T02:40:06.4139453Z app/tests/test_audit_service.py::TestExportActivityCsv::test_with_date_filters PASSED [ 14%]
Backend CI	Run tests	2026-03-17T02:40:07.2186107Z app/tests/test_auth.py::TestSecurityModule::test_password_hashing PASSED [ 14%]
Backend CI	Run tests	2026-03-17T02:40:07.2215965Z app/tests/test_auth.py::TestSecurityModule::test_create_access_token PASSED [ 14%]
Backend CI	Run tests	2026-03-17T02:40:07.2234820Z app/tests/test_auth.py::TestSecurityModule::test_create_refresh_token PASSED [ 14%]
Backend CI	Run tests	2026-03-17T02:40:07.2252487Z app/tests/test_auth.py::TestSecurityModule::test_email_verification_token PASSED [ 14%]
Backend CI	Run tests	2026-03-17T02:40:07.2270797Z app/tests/test_auth.py::TestSecurityModule::test_password_reset_token PASSED [ 14%]
Backend CI	Run tests	2026-03-17T02:40:07.2286391Z app/tests/test_auth.py::TestSecurityModule::test_decode_invalid_token PASSED [ 14%]
Backend CI	Run tests	2026-03-17T02:40:07.2446238Z app/tests/test_auth.py::TestAuthSchemas::test_user_create_schema PASSED  [ 14%]
Backend CI	Run tests	2026-03-17T02:40:07.2463387Z app/tests/test_auth.py::TestAuthSchemas::test_user_create_requires_valid_email PASSED [ 14%]
Backend CI	Run tests	2026-03-17T02:40:07.2482353Z app/tests/test_auth.py::TestAuthSchemas::test_user_create_requires_min_password_length PASSED [ 14%]
Backend CI	Run tests	2026-03-17T02:40:07.2500507Z app/tests/test_auth.py::TestAuthSchemas::test_user_login_schema PASSED   [ 14%]
Backend CI	Run tests	2026-03-17T02:40:07.2516024Z app/tests/test_auth.py::TestAuthSchemas::test_token_schema PASSED        [ 14%]
Backend CI	Run tests	2026-03-17T02:40:07.2531691Z app/tests/test_auth.py::TestAuthSchemas::test_user_response_schema PASSED [ 14%]
Backend CI	Run tests	2026-03-17T02:40:07.2547316Z app/tests/test_auth.py::TestAuthEndpoints::test_auth_router_exists PASSED [ 14%]
Backend CI	Run tests	2026-03-17T02:40:07.2563039Z app/tests/test_auth.py::TestAuthEndpoints::test_auth_router_has_register_route PASSED [ 14%]
Backend CI	Run tests	2026-03-17T02:40:07.2578365Z app/tests/test_auth.py::TestAuthEndpoints::test_auth_router_has_login_route PASSED [ 14%]
Backend CI	Run tests	2026-03-17T02:40:07.2593547Z app/tests/test_auth.py::TestAuthEndpoints::test_auth_router_has_refresh_route PASSED [ 14%]
Backend CI	Run tests	2026-03-17T02:40:07.2609225Z app/tests/test_auth.py::TestAuthEndpoints::test_auth_router_has_verify_email_route PASSED [ 14%]
Backend CI	Run tests	2026-03-17T02:40:07.2624790Z app/tests/test_auth.py::TestAuthEndpoints::test_auth_router_has_forgot_password_route PASSED [ 14%]
Backend CI	Run tests	2026-03-17T02:40:07.2640135Z app/tests/test_auth.py::TestAuthEndpoints::test_auth_router_has_reset_password_route PASSED [ 14%]
Backend CI	Run tests	2026-03-17T02:40:07.2655609Z app/tests/test_auth.py::TestAuthEndpoints::test_auth_router_has_me_route PASSED [ 14%]
Backend CI	Run tests	2026-03-17T02:40:07.2670800Z app/tests/test_auth.py::TestAuthService::test_auth_service_exists PASSED [ 14%]
Backend CI	Run tests	2026-03-17T02:40:07.2686309Z app/tests/test_auth.py::TestAuthService::test_auth_service_has_required_methods PASSED [ 14%]
Backend CI	Run tests	2026-03-17T02:40:07.2713632Z app/tests/test_auth.py::TestAuthDependencies::test_deps_module_exists PASSED [ 14%]
Backend CI	Run tests	2026-03-17T02:40:07.2773009Z app/tests/test_auth_service.py::TestGetUserByEmail::test_returns_user_when_found PASSED [ 14%]
Backend CI	Run tests	2026-03-17T02:40:07.2809715Z app/tests/test_auth_service.py::TestGetUserByEmail::test_returns_none_when_not_found PASSED [ 14%]
Backend CI	Run tests	2026-03-17T02:40:07.2866908Z app/tests/test_auth_service.py::TestGetUserById::test_with_uuid_string_finds_user PASSED [ 14%]
Backend CI	Run tests	2026-03-17T02:40:07.2894933Z app/tests/test_auth_service.py::TestGetUserById::test_with_invalid_uuid_string_returns_none PASSED [ 14%]
Backend CI	Run tests	2026-03-17T02:40:07.2951467Z app/tests/test_auth_service.py::TestGetUserById::test_with_uuid_object_finds_user PASSED [ 14%]
Backend CI	Run tests	2026-03-17T02:40:07.2995032Z app/tests/test_auth_service.py::TestCreateUser::test_creates_user_with_pending_status PASSED [ 14%]
Backend CI	Run tests	2026-03-17T02:40:07.3068335Z app/tests/test_auth_service.py::TestAuthenticateUser::test_valid_credentials_returns_user PASSED [ 14%]
Backend CI	Run tests	2026-03-17T02:40:07.3127056Z app/tests/test_auth_service.py::TestAuthenticateUser::test_wrong_password_returns_none PASSED [ 14%]
Backend CI	Run tests	2026-03-17T02:40:07.3163306Z app/tests/test_auth_service.py::TestAuthenticateUser::test_user_not_found_returns_none PASSED [ 14%]
Backend CI	Run tests	2026-03-17T02:40:07.3219482Z app/tests/test_auth_service.py::TestAuthenticateUser::test_oauth_user_no_password_returns_none PASSED [ 14%]
Backend CI	Run tests	2026-03-17T02:40:07.3278729Z app/tests/test_auth_service.py::TestVerifyEmail::test_marks_email_verified_and_active PASSED [ 15%]
Backend CI	Run tests	2026-03-17T02:40:07.3316314Z app/tests/test_auth_service.py::TestVerifyEmail::test_user_not_found_returns_false PASSED [ 15%]
Backend CI	Run tests	2026-03-17T02:40:07.3369171Z app/tests/test_auth_service.py::TestUpdatePassword::test_hashes_and_commits PASSED [ 15%]
Backend CI	Run tests	2026-03-17T02:40:07.3431975Z app/tests/test_auth_service.py::TestResetPassword::test_finds_user_and_resets PASSED [ 15%]
Backend CI	Run tests	2026-03-17T02:40:07.3473239Z app/tests/test_auth_service.py::TestResetPassword::test_user_not_found_returns_false PASSED [ 15%]
Backend CI	Run tests	2026-03-17T02:40:07.3494809Z app/tests/test_boolean_comparison_fixer.py::test_identify_x_equals_true PASSED [ 15%]
Backend CI	Run tests	2026-03-17T02:40:07.3514688Z app/tests/test_boolean_comparison_fixer.py::test_identify_x_equals_false PASSED [ 15%]
Backend CI	Run tests	2026-03-17T02:40:07.3533798Z app/tests/test_boolean_comparison_fixer.py::test_identify_true_equals_x PASSED [ 15%]
Backend CI	Run tests	2026-03-17T02:40:07.3553202Z app/tests/test_boolean_comparison_fixer.py::test_identify_false_equals_x PASSED [ 15%]
Backend CI	Run tests	2026-03-17T02:40:07.3572444Z app/tests/test_boolean_comparison_fixer.py::test_identify_attribute_comparison PASSED [ 15%]
Backend CI	Run tests	2026-03-17T02:40:07.3591782Z app/tests/test_boolean_comparison_fixer.py::test_ignore_non_boolean_comparisons PASSED [ 15%]
Backend CI	Run tests	2026-03-17T02:40:07.3611419Z app/tests/test_boolean_comparison_fixer.py::test_ignore_is_comparisons PASSED [ 15%]
Backend CI	Run tests	2026-03-17T02:40:07.3634362Z app/tests/test_boolean_comparison_fixer.py::test_fix_x_equals_true PASSED [ 15%]
Backend CI	Run tests	2026-03-17T02:40:07.3656524Z app/tests/test_boolean_comparison_fixer.py::test_fix_x_equals_false PASSED [ 15%]
Backend CI	Run tests	2026-03-17T02:40:07.3679270Z app/tests/test_boolean_comparison_fixer.py::test_fix_multiple_comparisons PASSED [ 15%]
Backend CI	Run tests	2026-03-17T02:40:07.3701549Z app/tests/test_boolean_comparison_fixer.py::test_fix_preserves_formatting PASSED [ 15%]
Backend CI	Run tests	2026-03-17T02:40:07.3725375Z app/tests/test_boolean_comparison_fixer.py::test_sqlalchemy_query_comparison PASSED [ 15%]
Backend CI	Run tests	2026-03-17T02:40:07.3745079Z app/tests/test_boolean_comparison_fixer.py::test_no_changes_for_clean_file PASSED [ 15%]
Backend CI	Run tests	2026-03-17T02:40:07.3766129Z app/tests/test_boolean_comparison_fixer.py::test_syntax_error_handling PASSED [ 15%]
Backend CI	Run tests	2026-03-17T02:40:07.3818854Z app/tests/test_bulk_operations_service.py::TestBulkPriceUpdate::test_percentage_increase PASSED [ 15%]
Backend CI	Run tests	2026-03-17T02:40:07.3869576Z app/tests/test_bulk_operations_service.py::TestBulkPriceUpdate::test_fixed_price PASSED [ 15%]
Backend CI	Run tests	2026-03-17T02:40:07.3933223Z app/tests/test_bulk_operations_service.py::TestBulkPriceUpdate::test_increment_price PASSED [ 15%]
Backend CI	Run tests	2026-03-17T02:40:07.3967813Z app/tests/test_bulk_operations_service.py::TestBulkPriceUpdate::test_no_products_found PASSED [ 15%]
Backend CI	Run tests	2026-03-17T02:40:07.4030320Z app/tests/test_bulk_operations_service.py::TestBulkPriceUpdate::test_multiple_products PASSED [ 15%]
Backend CI	Run tests	2026-03-17T02:40:07.4077807Z app/tests/test_bulk_operations_service.py::TestBulkStockAdjust::test_adjust_stock PASSED [ 15%]
Backend CI	Run tests	2026-03-17T02:40:07.4112478Z app/tests/test_bulk_operations_service.py::TestBulkStockAdjust::test_skip_missing_items PASSED [ 15%]
Backend CI	Run tests	2026-03-17T02:40:07.4147924Z app/tests/test_bulk_operations_service.py::TestBulkCategoryAssign::test_assign_category PASSED [ 15%]
Backend CI	Run tests	2026-03-17T02:40:07.4186401Z app/tests/test_bulk_operations_service.py::TestBulkActivateProducts::test_activate PASSED [ 15%]
Backend CI	Run tests	2026-03-17T02:40:07.4221551Z app/tests/test_bulk_operations_service.py::TestBulkActivateProducts::test_deactivate PASSED [ 15%]
Backend CI	Run tests	2026-03-17T02:40:07.4256414Z app/tests/test_bulk_operations_service.py::TestBulkDeleteProducts::test_soft_delete PASSED [ 15%]
Backend CI	Run tests	2026-03-17T02:40:07.4302874Z app/tests/test_bulk_operations_service.py::TestExportProductsCsv::test_export_returns_dicts PASSED [ 15%]
Backend CI	Run tests	2026-03-17T02:40:07.4333374Z app/tests/test_bulk_operations_service.py::TestExportProductsCsv::test_export_empty PASSED [ 15%]
Backend CI	Run tests	2026-03-17T02:40:07.4363613Z app/tests/test_bulk_operations_service.py::TestImportProductsCsv::test_import_rows PASSED [ 15%]
Backend CI	Run tests	2026-03-17T02:40:07.4430783Z app/tests/test_bulk_operations_service.py::TestExportCustomersCsv::test_export_customers PASSED [ 15%]
Backend CI	Run tests	2026-03-17T02:40:07.4462120Z app/tests/test_bulk_operations_service.py::TestImportCustomersCsv::test_import_customers PASSED [ 15%]
Backend CI	Run tests	2026-03-17T02:40:07.4494078Z app/tests/test_bulk_template_service.py::TestCreateTemplate::test_creates_with_all_params PASSED [ 15%]
Backend CI	Run tests	2026-03-17T02:40:07.4525770Z app/tests/test_bulk_template_service.py::TestCreateTemplate::test_creates_with_optional_params_none PASSED [ 15%]
Backend CI	Run tests	2026-03-17T02:40:07.4563130Z app/tests/test_bulk_template_service.py::TestGetTemplate::test_returns_found_template PASSED [ 15%]
Backend CI	Run tests	2026-03-17T02:40:07.4599773Z app/tests/test_bulk_template_service.py::TestGetTemplate::test_returns_none_when_not_found PASSED [ 15%]
Backend CI	Run tests	2026-03-17T02:40:07.4641939Z app/tests/test_bulk_template_service.py::TestListTemplates::test_returns_items_and_total PASSED [ 15%]
Backend CI	Run tests	2026-03-17T02:40:07.4681832Z app/tests/test_bulk_template_service.py::TestListTemplates::test_filters_by_operation_type PASSED [ 15%]
Backend CI	Run tests	2026-03-17T02:40:07.4720722Z app/tests/test_bulk_template_service.py::TestListTemplates::test_pagination_offset_limit PASSED [ 15%]
Backend CI	Run tests	2026-03-17T02:40:07.4758844Z app/tests/test_bulk_template_service.py::TestListTemplates::test_empty_results PASSED [ 15%]
Backend CI	Run tests	2026-03-17T02:40:07.4819044Z app/tests/test_bulk_template_service.py::TestUpdateTemplate::test_updates_name_only PASSED [ 16%]
Backend CI	Run tests	2026-03-17T02:40:07.4864962Z app/tests/test_bulk_template_service.py::TestUpdateTemplate::test_updates_all_fields PASSED [ 16%]
Backend CI	Run tests	2026-03-17T02:40:07.4902011Z app/tests/test_bulk_template_service.py::TestUpdateTemplate::test_returns_none_when_not_found PASSED [ 16%]
Backend CI	Run tests	2026-03-17T02:40:07.4947526Z app/tests/test_bulk_template_service.py::TestDeleteTemplate::test_soft_deletes_and_commits PASSED [ 16%]
Backend CI	Run tests	2026-03-17T02:40:07.4988076Z app/tests/test_bulk_template_service.py::TestDeleteTemplate::test_returns_false_when_not_found PASSED [ 16%]
Backend CI	Run tests	2026-03-17T02:40:07.5003589Z app/tests/test_business.py::TestBusinessAPI::test_business_api_exists PASSED [ 16%]
Backend CI	Run tests	2026-03-17T02:40:07.5018419Z app/tests/test_business.py::TestBusinessAPI::test_business_update_schema_exists PASSED [ 16%]
Backend CI	Run tests	2026-03-17T02:40:07.5033837Z app/tests/test_business.py::TestBusinessAPI::test_business_update_schema_fields PASSED [ 16%]
Backend CI	Run tests	2026-03-17T02:40:07.5138330Z app/tests/test_business.py::TestBusinessAPI::test_business_update_endpoint_exists PASSED [ 16%]
Backend CI	Run tests	2026-03-17T02:40:07.5247264Z app/tests/test_business.py::TestBusinessSetup::test_setup_business_creates_default_department PASSED [ 16%]
Backend CI	Run tests	2026-03-17T02:40:07.5336072Z app/tests/test_business.py::TestBusinessSetup::test_setup_business_department_in_same_transaction PASSED [ 16%]
Backend CI	Run tests	2026-03-17T02:40:07.5353151Z app/tests/test_business_users.py::TestBusinessUsersAPI::test_business_user_response_schema_has_department_fields PASSED [ 16%]
Backend CI	Run tests	2026-03-17T02:40:07.5368841Z app/tests/test_business_users.py::TestBusinessUsersAPI::test_invite_user_request_schema_has_department_id PASSED [ 16%]
Backend CI	Run tests	2026-03-17T02:40:07.5384514Z app/tests/test_business_users.py::TestBusinessUsersAPI::test_update_business_user_request_schema_has_department_id PASSED [ 16%]
Backend CI	Run tests	2026-03-17T02:40:07.5486067Z app/tests/test_business_users.py::TestBusinessUsersAPI::test_business_user_list_endpoint_exists PASSED [ 16%]
Backend CI	Run tests	2026-03-17T02:40:07.5607806Z app/tests/test_business_users.py::TestBusinessUsersAPI::test_business_user_invite_endpoint_exists PASSED [ 16%]
Backend CI	Run tests	2026-03-17T02:40:07.5722445Z app/tests/test_business_users.py::TestBusinessUsersAPI::test_business_user_update_endpoint_exists PASSED [ 16%]
Backend CI	Run tests	2026-03-17T02:40:07.5798304Z app/tests/test_business_users.py::TestBusinessUsersAPI::test_business_user_list_accepts_department_filter_param PASSED [ 16%]
Backend CI	Run tests	2026-03-17T02:40:07.5872265Z app/tests/test_business_users.py::TestBusinessUsersAPI::test_business_user_list_accepts_search_param PASSED [ 16%]
Backend CI	Run tests	2026-03-17T02:40:07.5888141Z app/tests/test_business_users.py::TestBusinessUsersAPI::test_invite_user_request_allows_optional_department PASSED [ 16%]
Backend CI	Run tests	2026-03-17T02:40:07.5906267Z app/tests/test_business_users.py::TestBusinessUsersAPI::test_update_business_user_allows_clearing_department PASSED [ 16%]
Backend CI	Run tests	2026-03-17T02:40:07.5941866Z app/tests/test_caching.py::test_get_cached_or_fetch_returns_from_cache_on_hit PASSED [ 16%]
Backend CI	Run tests	2026-03-17T02:40:07.5981951Z app/tests/test_caching.py::test_get_cached_or_fetch_calls_fetch_fn_on_cache_miss PASSED [ 16%]
Backend CI	Run tests	2026-03-17T02:40:07.6017197Z app/tests/test_caching.py::test_invalidate_business_cache_removes_correct_keys PASSED [ 16%]
Backend CI	Run tests	2026-03-17T02:40:07.6043231Z app/tests/test_caching.py::test_dashboard_endpoint_uses_cache_on_second_request PASSED [ 16%]
Backend CI	Run tests	2026-03-17T02:40:07.6075802Z app/tests/test_cash_register_service.py::TestCreateRegister::test_creates_register PASSED [ 16%]
Backend CI	Run tests	2026-03-17T02:40:07.6106746Z app/tests/test_cash_register_service.py::TestCreateRegister::test_creates_register_with_location PASSED [ 16%]
Backend CI	Run tests	2026-03-17T02:40:07.6149544Z app/tests/test_cash_register_service.py::TestCreateRegister::test_is_active_by_default PASSED [ 16%]
Backend CI	Run tests	2026-03-17T02:40:07.6203560Z app/tests/test_cash_register_service.py::TestListRegisters::test_returns_registers PASSED [ 16%]
Backend CI	Run tests	2026-03-17T02:40:07.6250645Z app/tests/test_cash_register_service.py::TestUpdateRegister::test_updates_register_attrs PASSED [ 16%]
Backend CI	Run tests	2026-03-17T02:40:07.6291009Z app/tests/test_cash_register_service.py::TestUpdateRegister::test_raises_if_not_found PASSED [ 16%]
Backend CI	Run tests	2026-03-17T02:40:07.6343058Z app/tests/test_cash_register_service.py::TestDeleteRegister::test_soft_deletes PASSED [ 16%]
Backend CI	Run tests	2026-03-17T02:40:07.6375071Z app/tests/test_cash_register_service.py::TestDeleteRegister::test_raises_if_not_found PASSED [ 16%]
Backend CI	Run tests	2026-03-17T02:40:07.6442563Z app/tests/test_cash_register_service.py::TestOpenSession::test_opens_session PASSED [ 16%]
Backend CI	Run tests	2026-03-17T02:40:07.6508826Z app/tests/test_cash_register_service.py::TestOpenSession::test_opens_with_custom_float PASSED [ 16%]
Backend CI	Run tests	2026-03-17T02:40:07.6559771Z app/tests/test_cash_register_service.py::TestOpenSession::test_raises_if_register_not_found PASSED [ 16%]
Backend CI	Run tests	2026-03-17T02:40:07.6642035Z app/tests/test_cash_register_service.py::TestOpenSession::test_raises_if_already_open PASSED [ 16%]
Backend CI	Run tests	2026-03-17T02:40:07.6728091Z app/tests/test_cash_register_service.py::TestCloseSession::test_closes_session_and_calculates PASSED [ 16%]
Backend CI	Run tests	2026-03-17T02:40:07.6810919Z app/tests/test_cash_register_service.py::TestCloseSession::test_cash_difference_positive_surplus PASSED [ 16%]
Backend CI	Run tests	2026-03-17T02:40:07.6911279Z app/tests/test_cash_register_service.py::TestCloseSession::test_cash_difference_negative_shortage PASSED [ 16%]
Backend CI	Run tests	2026-03-17T02:40:07.6994428Z app/tests/test_cash_register_service.py::TestCloseSession::test_closes_session_with_notes PASSED [ 16%]
Backend CI	Run tests	2026-03-17T02:40:07.7039473Z app/tests/test_cash_register_service.py::TestCloseSession::test_raises_if_not_found PASSED [ 16%]
Backend CI	Run tests	2026-03-17T02:40:07.7088627Z app/tests/test_cash_register_service.py::TestGetSession::test_returns_session PASSED [ 17%]
Backend CI	Run tests	2026-03-17T02:40:07.7119934Z app/tests/test_cash_register_service.py::TestGetSession::test_returns_none_when_not_found PASSED [ 17%]
Backend CI	Run tests	2026-03-17T02:40:07.7168668Z app/tests/test_cash_register_service.py::TestGetActiveSession::test_returns_open_session PASSED [ 17%]
Backend CI	Run tests	2026-03-17T02:40:07.7199354Z app/tests/test_cash_register_service.py::TestGetActiveSession::test_returns_none_when_no_active PASSED [ 17%]
Backend CI	Run tests	2026-03-17T02:40:07.7279068Z app/tests/test_cash_register_service.py::TestListSessions::test_returns_paginated PASSED [ 17%]
Backend CI	Run tests	2026-03-17T02:40:07.7332416Z app/tests/test_cash_register_service.py::TestListSessions::test_filters_by_register_and_status PASSED [ 17%]
Backend CI	Run tests	2026-03-17T02:40:07.7457093Z app/tests/test_cash_register_service.py::TestListSessions::test_respects_page_and_per_page PASSED [ 17%]
Backend CI	Run tests	2026-03-17T02:40:07.7513693Z app/tests/test_cash_register_service.py::TestAddCashMovement::test_adds_movement PASSED [ 17%]
Backend CI	Run tests	2026-03-17T02:40:07.7546336Z app/tests/test_cash_register_service.py::TestAddCashMovement::test_raises_if_session_not_open PASSED [ 17%]
Backend CI	Run tests	2026-03-17T02:40:07.7599284Z app/tests/test_cash_register_service.py::TestRecordSale::test_records_cash_sale PASSED [ 17%]
Backend CI	Run tests	2026-03-17T02:40:07.7652493Z app/tests/test_cash_register_service.py::TestRecordSale::test_records_card_sale PASSED [ 17%]
Backend CI	Run tests	2026-03-17T02:40:07.7706388Z app/tests/test_cash_register_service.py::TestRecordSale::test_records_other_payment_method PASSED [ 17%]
Backend CI	Run tests	2026-03-17T02:40:07.7738493Z app/tests/test_cash_register_service.py::TestRecordSale::test_raises_if_session_not_open PASSED [ 17%]
Backend CI	Run tests	2026-03-17T02:40:07.7812213Z app/tests/test_cash_register_service.py::TestGetRegisterReport::test_returns_aggregated_report PASSED [ 17%]
Backend CI	Run tests	2026-03-17T02:40:07.7902584Z app/tests/test_cash_register_service.py::TestGetRegisterReport::test_report_with_register_filter PASSED [ 17%]
Backend CI	Run tests	2026-03-17T02:40:07.7976881Z app/tests/test_cash_register_service.py::TestGetRegisterReport::test_report_with_date_range PASSED [ 17%]
Backend CI	Run tests	2026-03-17T02:40:07.8050720Z app/tests/test_cash_register_service.py::TestGetRegisterReport::test_report_zero_sessions PASSED [ 17%]
Backend CI	Run tests	2026-03-17T02:40:07.8290944Z app/tests/test_cashup_service.py::test_generate_cashup_aggregates_all_shift_orders_correctly FAILED [ 17%]
Backend CI	Run tests	2026-03-17T02:40:07.8491727Z app/tests/test_cashup_service.py::test_generate_cashup_fails_when_shift_has_open_orders FAILED [ 17%]
Backend CI	Run tests	2026-03-17T02:40:07.8655086Z app/tests/test_cashup_service.py::test_approve_cashup_changes_status FAILED [ 17%]
Backend CI	Run tests	2026-03-17T02:40:07.8811904Z app/tests/test_cashup_service.py::test_reject_cashup_requires_reason FAILED [ 17%]
Backend CI	Run tests	2026-03-17T02:40:07.8863323Z app/tests/test_category_service.py::TestGetUserBusinessId::test_returns_business_id PASSED [ 17%]
Backend CI	Run tests	2026-03-17T02:40:07.8909395Z app/tests/test_category_service.py::TestGetUserBusinessId::test_returns_none_when_not_found PASSED [ 17%]
Backend CI	Run tests	2026-03-17T02:40:07.8946816Z app/tests/test_category_service.py::TestListCategories::test_empty_when_no_business PASSED [ 17%]
Backend CI	Run tests	2026-03-17T02:40:07.9058126Z app/tests/test_category_service.py::TestListCategories::test_returns_items_and_total PASSED [ 17%]
Backend CI	Run tests	2026-03-17T02:40:07.9128042Z app/tests/test_category_service.py::TestListCategories::test_filters_by_parent_id PASSED [ 17%]
Backend CI	Run tests	2026-03-17T02:40:07.9208435Z app/tests/test_category_service.py::TestListCategories::test_pagination PASSED [ 17%]
Backend CI	Run tests	2026-03-17T02:40:07.9246187Z app/tests/test_category_service.py::TestGetCategoryTree::test_empty_when_no_business PASSED [ 17%]
Backend CI	Run tests	2026-03-17T02:40:07.9351607Z app/tests/test_category_service.py::TestGetCategoryTree::test_flat_categories PASSED [ 17%]
Backend CI	Run tests	2026-03-17T02:40:07.9468829Z app/tests/test_category_service.py::TestGetCategoryTree::test_hierarchical_tree PASSED [ 17%]
Backend CI	Run tests	2026-03-17T02:40:07.9545369Z app/tests/test_category_service.py::TestCreateCategory::test_creates_and_commits PASSED [ 17%]
Backend CI	Run tests	2026-03-17T02:40:07.9591280Z app/tests/test_category_service.py::TestCreateCategory::test_raises_when_no_business PASSED [ 17%]
Backend CI	Run tests	2026-03-17T02:40:07.9705801Z app/tests/test_category_service.py::TestCreateCategory::test_validates_parent PASSED [ 17%]
Backend CI	Run tests	2026-03-17T02:40:07.9784744Z app/tests/test_category_service.py::TestCreateCategory::test_parent_not_found_raises PASSED [ 17%]
Backend CI	Run tests	2026-03-17T02:40:07.9881755Z app/tests/test_category_service.py::TestGetCategory::test_found PASSED   [ 17%]
Backend CI	Run tests	2026-03-17T02:40:07.9959136Z app/tests/test_category_service.py::TestGetCategory::test_not_found PASSED [ 17%]
Backend CI	Run tests	2026-03-17T02:40:07.9996841Z app/tests/test_category_service.py::TestGetCategory::test_no_business_returns_none PASSED [ 17%]
Backend CI	Run tests	2026-03-17T02:40:08.0099214Z app/tests/test_category_service.py::TestUpdateCategory::test_updates_fields PASSED [ 17%]
Backend CI	Run tests	2026-03-17T02:40:08.0179378Z app/tests/test_category_service.py::TestUpdateCategory::test_not_found_returns_none PASSED [ 17%]
Backend CI	Run tests	2026-03-17T02:40:08.0217321Z app/tests/test_category_service.py::TestUpdateCategory::test_no_business_returns_none PASSED [ 17%]
Backend CI	Run tests	2026-03-17T02:40:08.0305116Z app/tests/test_category_service.py::TestUpdateCategory::test_self_parent_raises PASSED [ 17%]
Backend CI	Run tests	2026-03-17T02:40:08.0403777Z app/tests/test_category_service.py::TestUpdateCategory::test_invalid_parent_raises PASSED [ 17%]
Backend CI	Run tests	2026-03-17T02:40:08.0517083Z app/tests/test_category_service.py::TestDeleteCategory::test_deletes_and_reparents_children PASSED [ 18%]
Backend CI	Run tests	2026-03-17T02:40:08.0584857Z app/tests/test_category_service.py::TestDeleteCategory::test_not_found_returns_false PASSED [ 18%]
Backend CI	Run tests	2026-03-17T02:40:08.0623040Z app/tests/test_category_service.py::TestDeleteCategory::test_no_business_returns_false PASSED [ 18%]
Backend CI	Run tests	2026-03-17T02:40:08.0741301Z app/tests/test_category_service.py::TestReorderCategories::test_reorders_with_objects PASSED [ 18%]
Backend CI	Run tests	2026-03-17T02:40:08.0822187Z app/tests/test_category_service.py::TestReorderCategories::test_reorders_with_dicts PASSED [ 18%]
Backend CI	Run tests	2026-03-17T02:40:08.0860479Z app/tests/test_category_service.py::TestReorderCategories::test_no_business_returns_false PASSED [ 18%]
Backend CI	Run tests	2026-03-17T02:40:08.0943557Z app/tests/test_category_service.py::TestReorderCategories::test_skips_missing_categories PASSED [ 18%]
Backend CI	Run tests	2026-03-17T02:40:08.0959450Z app/tests/test_cicd.py::TestCIWorkflow::test_ci_workflow_exists PASSED   [ 18%]
Backend CI	Run tests	2026-03-17T02:40:08.1263365Z app/tests/test_cicd.py::TestCIWorkflow::test_ci_triggers_on_push_to_main PASSED [ 18%]
Backend CI	Run tests	2026-03-17T02:40:08.1553761Z app/tests/test_cicd.py::TestCIWorkflow::test_ci_triggers_on_pull_request PASSED [ 18%]
Backend CI	Run tests	2026-03-17T02:40:08.1841766Z app/tests/test_cicd.py::TestCIWorkflow::test_ci_has_backend_job PASSED   [ 18%]
Backend CI	Run tests	2026-03-17T02:40:08.2129586Z app/tests/test_cicd.py::TestCIWorkflow::test_ci_has_frontend_job PASSED  [ 18%]
Backend CI	Run tests	2026-03-17T02:40:08.2418763Z app/tests/test_cicd.py::TestCIWorkflow::test_backend_job_runs_tests PASSED [ 18%]
Backend CI	Run tests	2026-03-17T02:40:08.2708508Z app/tests/test_cicd.py::TestCIWorkflow::test_frontend_job_runs_build PASSED [ 18%]
Backend CI	Run tests	2026-03-17T02:40:08.2997317Z app/tests/test_cicd.py::TestCIWorkflow::test_frontend_job_runs_lint PASSED [ 18%]
Backend CI	Run tests	2026-03-17T02:40:08.3013662Z app/tests/test_cicd.py::TestDeployWorkflow::test_deploy_workflow_exists PASSED [ 18%]
Backend CI	Run tests	2026-03-17T02:40:08.3157502Z app/tests/test_cicd.py::TestDeployWorkflow::test_deploy_triggers_on_main_push PASSED [ 18%]
Backend CI	Run tests	2026-03-17T02:40:08.3308326Z app/tests/test_cicd.py::TestDeployWorkflow::test_deploy_has_workflow_dispatch PASSED [ 18%]
Backend CI	Run tests	2026-03-17T02:40:08.3326690Z app/tests/test_cicd.py::TestDependabot::test_dependabot_config_exists PASSED [ 18%]
Backend CI	Run tests	2026-03-17T02:40:08.3410658Z app/tests/test_cicd.py::TestDependabot::test_dependabot_has_pip_updates PASSED [ 18%]
Backend CI	Run tests	2026-03-17T02:40:08.3494222Z app/tests/test_cicd.py::TestDependabot::test_dependabot_has_npm_updates PASSED [ 18%]
Backend CI	Run tests	2026-03-17T02:40:08.3576978Z app/tests/test_cicd.py::TestDependabot::test_dependabot_has_github_actions_updates PASSED [ 18%]
Backend CI	Run tests	2026-03-17T02:40:08.3593506Z app/tests/test_cicd.py::TestPRTemplate::test_pr_template_exists PASSED   [ 18%]
Backend CI	Run tests	2026-03-17T02:40:08.3610818Z app/tests/test_cicd.py::TestPRTemplate::test_pr_template_has_description_section PASSED [ 18%]
Backend CI	Run tests	2026-03-17T02:40:08.3627798Z app/tests/test_cicd.py::TestPRTemplate::test_pr_template_has_checklist PASSED [ 18%]
Backend CI	Run tests	2026-03-17T02:40:08.3644154Z app/tests/test_cicd.py::TestIssueTemplates::test_bug_report_template_exists PASSED [ 18%]
Backend CI	Run tests	2026-03-17T02:40:08.3664171Z app/tests/test_cicd.py::TestIssueTemplates::test_feature_request_template_exists PASSED [ 18%]
Backend CI	Run tests	2026-03-17T02:40:08.3718790Z app/tests/test_combo_service.py::TestGetCombos::test_returns_items_and_total PASSED [ 18%]
Backend CI	Run tests	2026-03-17T02:40:08.3758076Z app/tests/test_combo_service.py::TestGetCombos::test_empty_list PASSED   [ 18%]
Backend CI	Run tests	2026-03-17T02:40:08.3801811Z app/tests/test_combo_service.py::TestGetCombos::test_active_filter_applies_extra_filter PASSED [ 18%]
Backend CI	Run tests	2026-03-17T02:40:08.3839522Z app/tests/test_combo_service.py::TestGetCombos::test_pagination_offset_and_limit PASSED [ 18%]
Backend CI	Run tests	2026-03-17T02:40:08.3891063Z app/tests/test_combo_service.py::TestGetComboById::test_found PASSED     [ 18%]
Backend CI	Run tests	2026-03-17T02:40:08.3928177Z app/tests/test_combo_service.py::TestGetComboById::test_not_found PASSED [ 18%]
Backend CI	Run tests	2026-03-17T02:40:08.3962131Z app/tests/test_combo_service.py::TestCreateCombo::test_creates_and_commits PASSED [ 18%]
Backend CI	Run tests	2026-03-17T02:40:08.3998284Z app/tests/test_combo_service.py::TestCreateCombo::test_creates_with_components PASSED [ 18%]
Backend CI	Run tests	2026-03-17T02:40:08.4031634Z app/tests/test_combo_service.py::TestCreateCombo::test_no_components_creates_only_combo PASSED [ 18%]
Backend CI	Run tests	2026-03-17T02:40:08.4091268Z app/tests/test_combo_service.py::TestUpdateCombo::test_updates_fields PASSED [ 18%]
Backend CI	Run tests	2026-03-17T02:40:08.4146695Z app/tests/test_combo_service.py::TestUpdateCombo::test_not_found_returns_none PASSED [ 18%]
Backend CI	Run tests	2026-03-17T02:40:08.4208404Z app/tests/test_combo_service.py::TestDeleteCombo::test_soft_deletes PASSED [ 18%]
Backend CI	Run tests	2026-03-17T02:40:08.4244600Z app/tests/test_combo_service.py::TestDeleteCombo::test_not_found_returns_none PASSED [ 18%]
Backend CI	Run tests	2026-03-17T02:40:08.4322976Z app/tests/test_combo_service.py::TestGetActiveCombosbyLocation::test_no_location_returns_all PASSED [ 18%]
Backend CI	Run tests	2026-03-17T02:40:08.4428807Z app/tests/test_combo_service.py::TestGetActiveCombosbyLocation::test_filters_by_location PASSED [ 18%]
Backend CI	Run tests	2026-03-17T02:40:08.4484104Z app/tests/test_combo_service.py::TestGetComboComponents::test_returns_ordered_components PASSED [ 19%]
Backend CI	Run tests	2026-03-17T02:40:08.4545010Z app/tests/test_combo_service.py::TestAddComboComponent::test_adds_successfully PASSED [ 19%]
Backend CI	Run tests	2026-03-17T02:40:08.4615714Z app/tests/test_combo_service.py::TestAddComboComponent::test_raises_if_combo_not_found PASSED [ 19%]
Backend CI	Run tests	2026-03-17T02:40:08.4678986Z app/tests/test_combo_service.py::TestUpdateComboComponent::test_updates_fields PASSED [ 19%]
Backend CI	Run tests	2026-03-17T02:40:08.4721652Z app/tests/test_combo_service.py::TestUpdateComboComponent::test_not_found_returns_none PASSED [ 19%]
Backend CI	Run tests	2026-03-17T02:40:08.4779928Z app/tests/test_combo_service.py::TestRemoveComboComponent::test_soft_deletes PASSED [ 19%]
Backend CI	Run tests	2026-03-17T02:40:08.4816658Z app/tests/test_combo_service.py::TestRemoveComboComponent::test_not_found_returns_false PASSED [ 19%]
Backend CI	Run tests	2026-03-17T02:40:08.4848244Z app/tests/test_combo_service.py::TestCalculateComboPrice::test_returns_quantized_decimal PASSED [ 19%]
Backend CI	Run tests	2026-03-17T02:40:08.4878867Z app/tests/test_combo_service.py::TestCalculateComboPrice::test_exact_two_places PASSED [ 19%]
Backend CI	Run tests	2026-03-17T02:40:08.4908964Z app/tests/test_combo_service.py::TestCalculateSavings::test_positive_savings PASSED [ 19%]
Backend CI	Run tests	2026-03-17T02:40:08.4939016Z app/tests/test_combo_service.py::TestCalculateSavings::test_zero_savings_when_equal PASSED [ 19%]
Backend CI	Run tests	2026-03-17T02:40:08.4974647Z app/tests/test_combo_service.py::TestCalculateSavings::test_negative_savings_clamped_to_zero PASSED [ 19%]
Backend CI	Run tests	2026-03-17T02:40:08.5039206Z app/tests/test_combo_service.py::TestValidateComboSelection::test_valid_fixed_selection PASSED [ 19%]
Backend CI	Run tests	2026-03-17T02:40:08.5104655Z app/tests/test_combo_service.py::TestValidateComboSelection::test_wrong_product_for_fixed_component PASSED [ 19%]
Backend CI	Run tests	2026-03-17T02:40:08.5150560Z app/tests/test_combo_service.py::TestValidateComboSelection::test_missing_component_selection PASSED [ 19%]
Backend CI	Run tests	2026-03-17T02:40:08.5197296Z app/tests/test_combo_service.py::TestValidateComboSelection::test_unknown_component_id PASSED [ 19%]
Backend CI	Run tests	2026-03-17T02:40:08.5231418Z app/tests/test_combo_service.py::TestValidateComboSelection::test_no_components_configured PASSED [ 19%]
Backend CI	Run tests	2026-03-17T02:40:08.5278344Z app/tests/test_combo_service.py::TestValidateComboSelection::test_choice_component_with_allowed_product PASSED [ 19%]
Backend CI	Run tests	2026-03-17T02:40:08.5324047Z app/tests/test_combo_service.py::TestValidateComboSelection::test_choice_component_product_not_allowed PASSED [ 19%]
Backend CI	Run tests	2026-03-17T02:40:08.5391085Z app/tests/test_combo_service.py::TestValidateComboSelection::test_choice_component_allowed_by_category PASSED [ 19%]
Backend CI	Run tests	2026-03-17T02:40:08.5420496Z app/tests/test_commission_service.py::TestGenerateRecords::test_creates_records_from_staff_data PASSED [ 19%]
Backend CI	Run tests	2026-03-17T02:40:08.5457436Z app/tests/test_commission_service.py::TestGenerateRecords::test_empty_staff_data_returns_empty_list PASSED [ 19%]
Backend CI	Run tests	2026-03-17T02:40:08.5485282Z app/tests/test_commission_service.py::TestGenerateRecords::test_defaults_for_missing_optional_fields PASSED [ 19%]
Backend CI	Run tests	2026-03-17T02:40:08.5515760Z app/tests/test_commission_service.py::TestGenerateRecords::test_multiple_staff_creates_multiple_records PASSED [ 19%]
Backend CI	Run tests	2026-03-17T02:40:08.5543098Z app/tests/test_commission_service.py::TestGenerateRecords::test_record_status_is_pending PASSED [ 19%]
Backend CI	Run tests	2026-03-17T02:40:08.5599904Z app/tests/test_commission_service.py::TestListRecords::test_returns_items_and_total PASSED [ 19%]
Backend CI	Run tests	2026-03-17T02:40:08.5639935Z app/tests/test_commission_service.py::TestListRecords::test_status_filter_applied PASSED [ 19%]
Backend CI	Run tests	2026-03-17T02:40:08.5679467Z app/tests/test_commission_service.py::TestListRecords::test_pagination_offset_and_limit PASSED [ 19%]
Backend CI	Run tests	2026-03-17T02:40:08.5733335Z app/tests/test_commission_service.py::TestListRecords::test_unknown_staff_when_no_relationship PASSED [ 19%]
Backend CI	Run tests	2026-03-17T02:40:08.5806163Z app/tests/test_commission_service.py::TestListRecords::test_approver_name_populated PASSED [ 19%]
Backend CI	Run tests	2026-03-17T02:40:08.5858871Z app/tests/test_commission_service.py::TestListRecords::test_status_enum_value_serialized PASSED [ 19%]
Backend CI	Run tests	2026-03-17T02:40:08.5901524Z app/tests/test_commission_service.py::TestApproveRecords::test_returns_updated_count PASSED [ 19%]
Backend CI	Run tests	2026-03-17T02:40:08.5943812Z app/tests/test_commission_service.py::TestApproveRecords::test_zero_matching_records PASSED [ 19%]
Backend CI	Run tests	2026-03-17T02:40:08.5985986Z app/tests/test_commission_service.py::TestRejectRecords::test_returns_updated_count PASSED [ 19%]
Backend CI	Run tests	2026-03-17T02:40:08.6028183Z app/tests/test_commission_service.py::TestRejectRecords::test_without_reason PASSED [ 19%]
Backend CI	Run tests	2026-03-17T02:40:08.6082282Z app/tests/test_commission_service.py::TestRejectRecords::test_zero_matching_records PASSED [ 19%]
Backend CI	Run tests	2026-03-17T02:40:08.6127582Z app/tests/test_commission_service.py::TestGetPayrollExport::test_returns_grouped_data PASSED [ 19%]
Backend CI	Run tests	2026-03-17T02:40:08.6171397Z app/tests/test_commission_service.py::TestGetPayrollExport::test_with_date_filters PASSED [ 19%]
Backend CI	Run tests	2026-03-17T02:40:08.6212608Z app/tests/test_commission_service.py::TestGetPayrollExport::test_empty_results PASSED [ 19%]
Backend CI	Run tests	2026-03-17T02:40:08.6258936Z app/tests/test_commission_service.py::TestGetPayrollExport::test_unknown_staff_name_with_missing_names PASSED [ 19%]
Backend CI	Run tests	2026-03-17T02:40:08.6277115Z app/tests/test_conflict_resolver.py::TestDefaultStrategies::test_server_wins_entities[orders] PASSED [ 19%]
Backend CI	Run tests	2026-03-17T02:40:08.6294362Z app/tests/test_conflict_resolver.py::TestDefaultStrategies::test_server_wins_entities[products] PASSED [ 19%]
Backend CI	Run tests	2026-03-17T02:40:08.6311130Z app/tests/test_conflict_resolver.py::TestDefaultStrategies::test_server_wins_entities[inventory] PASSED [ 20%]
Backend CI	Run tests	2026-03-17T02:40:08.6329660Z app/tests/test_conflict_resolver.py::TestDefaultStrategies::test_server_wins_entities[invoices] PASSED [ 20%]
Backend CI	Run tests	2026-03-17T02:40:08.6346627Z app/tests/test_conflict_resolver.py::TestDefaultStrategies::test_client_wins_entities[customers] PASSED [ 20%]
Backend CI	Run tests	2026-03-17T02:40:08.6363670Z app/tests/test_conflict_resolver.py::TestDefaultStrategies::test_client_wins_entities[suppliers] PASSED [ 20%]
Backend CI	Run tests	2026-03-17T02:40:08.6380710Z app/tests/test_conflict_resolver.py::TestDefaultStrategies::test_client_wins_entities[drafts] PASSED [ 20%]
Backend CI	Run tests	2026-03-17T02:40:08.6398624Z app/tests/test_conflict_resolver.py::TestResolveConflictExplicit::test_server_wins_returns_server_data PASSED [ 20%]
Backend CI	Run tests	2026-03-17T02:40:08.6415812Z app/tests/test_conflict_resolver.py::TestResolveConflictExplicit::test_client_wins_returns_client_data PASSED [ 20%]
Backend CI	Run tests	2026-03-17T02:40:08.6433263Z app/tests/test_conflict_resolver.py::TestResolveConflictExplicit::test_unknown_strategy_falls_back_to_server_wins PASSED [ 20%]
Backend CI	Run tests	2026-03-17T02:40:08.6450311Z app/tests/test_conflict_resolver.py::TestResolveConflictDefaults::test_orders_default_server_wins PASSED [ 20%]
Backend CI	Run tests	2026-03-17T02:40:08.6467779Z app/tests/test_conflict_resolver.py::TestResolveConflictDefaults::test_customers_default_client_wins PASSED [ 20%]
Backend CI	Run tests	2026-03-17T02:40:08.6486040Z app/tests/test_conflict_resolver.py::TestResolveConflictDefaults::test_unknown_entity_defaults_to_server_wins PASSED [ 20%]
Backend CI	Run tests	2026-03-17T02:40:08.6500839Z app/tests/test_conflict_resolver.py::TestResolveConflictLastWriteWins::test_client_newer_returns_client PASSED [ 20%]
Backend CI	Run tests	2026-03-17T02:40:08.6515743Z app/tests/test_conflict_resolver.py::TestResolveConflictLastWriteWins::test_server_newer_returns_server PASSED [ 20%]
Backend CI	Run tests	2026-03-17T02:40:08.6530484Z app/tests/test_conflict_resolver.py::TestResolveConflictLastWriteWins::test_equal_timestamps_server_wins PASSED [ 20%]
Backend CI	Run tests	2026-03-17T02:40:08.6545437Z app/tests/test_conflict_resolver.py::TestResolveConflictLastWriteWins::test_both_timestamps_none_server_wins PASSED [ 20%]
Backend CI	Run tests	2026-03-17T02:40:08.6560016Z app/tests/test_conflict_resolver.py::TestResolveConflictLastWriteWins::test_server_timestamp_none_client_wins PASSED [ 20%]
Backend CI	Run tests	2026-03-17T02:40:08.6574922Z app/tests/test_conflict_resolver.py::TestResolveConflictLastWriteWins::test_client_timestamp_none_server_wins PASSED [ 20%]
Backend CI	Run tests	2026-03-17T02:40:08.6589832Z app/tests/test_conflict_resolver.py::TestResolveConflictLastWriteWins::test_datetime_objects_compared_correctly PASSED [ 20%]
Backend CI	Run tests	2026-03-17T02:40:08.6604840Z app/tests/test_conflict_resolver.py::TestResolveConflictLastWriteWins::test_missing_updated_at_key_treated_as_none PASSED [ 20%]
Backend CI	Run tests	2026-03-17T02:40:08.6619175Z app/tests/test_conflict_resolver.py::TestParseTimestamp::test_none_returns_none PASSED [ 20%]
Backend CI	Run tests	2026-03-17T02:40:08.6633909Z app/tests/test_conflict_resolver.py::TestParseTimestamp::test_datetime_returns_same_object PASSED [ 20%]
Backend CI	Run tests	2026-03-17T02:40:08.6648545Z app/tests/test_conflict_resolver.py::TestParseTimestamp::test_valid_iso_string PASSED [ 20%]
Backend CI	Run tests	2026-03-17T02:40:08.6663698Z app/tests/test_conflict_resolver.py::TestParseTimestamp::test_invalid_string_returns_none PASSED [ 20%]
Backend CI	Run tests	2026-03-17T02:40:08.6681428Z app/tests/test_conflict_resolver.py::TestParseTimestamp::test_non_string_non_datetime_returns_none PASSED [ 20%]
Backend CI	Run tests	2026-03-17T02:40:08.6729036Z app/tests/test_coverage_services.py::test_settings_parse_cors_origins_json_list PASSED [ 20%]
Backend CI	Run tests	2026-03-17T02:40:08.6770088Z app/tests/test_coverage_services.py::test_settings_parse_cors_origins_csv PASSED [ 20%]
Backend CI	Run tests	2026-03-17T02:40:08.6811057Z app/tests/test_coverage_services.py::test_settings_secret_key_validator_requires_min_length PASSED [ 20%]
Backend CI	Run tests	2026-03-17T02:40:08.6838330Z app/tests/test_coverage_services.py::test_invoice_service_generate_invoice_number_increments_count PASSED [ 20%]
Backend CI	Run tests	2026-03-17T02:40:08.6879368Z app/tests/test_coverage_services.py::test_invoice_service_record_payment_sets_status_paid PASSED [ 20%]
Backend CI	Run tests	2026-03-17T02:40:08.6905381Z app/tests/test_coverage_services.py::test_invoice_service_record_payment_sets_status_partial PASSED [ 20%]
Backend CI	Run tests	2026-03-17T02:40:08.6930139Z app/tests/test_coverage_services.py::test_invoice_service_send_invoice PASSED [ 20%]
Backend CI	Run tests	2026-03-17T02:40:08.6949021Z app/tests/test_coverage_services.py::test_product_service_bulk_delete_enforces_max_ids PASSED [ 20%]
Backend CI	Run tests	2026-03-17T02:40:08.6975077Z app/tests/test_coverage_services.py::test_product_service_update_inventory_sets_out_of_stock PASSED [ 20%]
Backend CI	Run tests	2026-03-17T02:40:08.7000322Z app/tests/test_coverage_services.py::test_product_service_update_inventory_recovers_from_out_of_stock PASSED [ 20%]
Backend CI	Run tests	2026-03-17T02:40:08.7018582Z app/tests/test_coverage_services.py::test_customer_display_name_company_and_fallback PASSED [ 20%]
Backend CI	Run tests	2026-03-17T02:40:08.7035785Z app/tests/test_coverage_services.py::test_invoice_is_overdue_property PASSED [ 20%]
Backend CI	Run tests	2026-03-17T02:40:08.7070009Z app/tests/test_coverage_services.py::test_simple_cache_set_get_and_expiry PASSED [ 20%]
Backend CI	Run tests	2026-03-17T02:40:08.7085537Z app/tests/test_coverage_services.py::test_simple_cache_delete_and_clear_prefix PASSED [ 20%]
Backend CI	Run tests	2026-03-17T02:40:08.7100913Z app/tests/test_coverage_services.py::test_cache_key_is_deterministic PASSED [ 20%]
Backend CI	Run tests	2026-03-17T02:40:08.7128954Z app/tests/test_coverage_services.py::test_cached_response_decorator_caches_result PASSED [ 20%]
Backend CI	Run tests	2026-03-17T02:40:08.7146391Z app/tests/test_coverage_services.py::test_deps_extract_token_prefers_bearer_over_cookie PASSED [ 20%]
Backend CI	Run tests	2026-03-17T02:40:08.7163385Z app/tests/test_coverage_services.py::test_deps_extract_token_cookie_fallback PASSED [ 20%]
Backend CI	Run tests	2026-03-17T02:40:08.7190280Z app/tests/test_coverage_services.py::test_get_current_user_happy_path PASSED [ 20%]
Backend CI	Run tests	2026-03-17T02:40:08.7217181Z app/tests/test_coverage_services.py::test_get_current_user_raises_on_missing_token PASSED [ 21%]
Backend CI	Run tests	2026-03-17T02:40:08.7237750Z app/tests/test_coverage_services.py::test_auth_is_mobile_client_and_cookie_helpers PASSED [ 21%]
Backend CI	Run tests	2026-03-17T02:40:08.7499117Z app/tests/test_coverage_services.py::test_ai_chat_returns_fallback_when_not_configured FAILED [ 21%]
Backend CI	Run tests	2026-03-17T02:40:08.7749562Z app/tests/test_coverage_services.py::test_ai_generate_ai_response_keyword_paths FAILED [ 21%]
Backend CI	Run tests	2026-03-17T02:40:08.7771082Z app/tests/test_coverage_services.py::test_deps_get_current_active_user_blocks_inactive PASSED [ 21%]
Backend CI	Run tests	2026-03-17T02:40:08.7791120Z app/tests/test_coverage_services.py::test_deps_get_current_user_for_onboarding_allows_pending PASSED [ 21%]
Backend CI	Run tests	2026-03-17T02:40:08.7811696Z app/tests/test_coverage_services.py::test_deps_get_current_verified_user_blocks_unverified PASSED [ 21%]
Backend CI	Run tests	2026-03-17T02:40:08.7838463Z app/tests/test_coverage_services.py::test_get_optional_user_returns_none_when_no_token PASSED [ 21%]
Backend CI	Run tests	2026-03-17T02:40:08.7865109Z app/tests/test_coverage_services.py::test_get_optional_user_returns_user_when_valid_access PASSED [ 21%]
Backend CI	Run tests	2026-03-17T02:40:08.7898276Z app/tests/test_coverage_services.py::test_get_current_business_id_raises_when_missing PASSED [ 21%]
Backend CI	Run tests	2026-03-17T02:40:08.8467317Z app/tests/test_coverage_services.py::test_get_current_business_id_returns_id FAILED [ 21%]
Backend CI	Run tests	2026-03-17T02:40:08.9076428Z app/tests/test_coverage_services.py::test_auth_login_sets_cookies_for_web FAILED [ 21%]
Backend CI	Run tests	2026-03-17T02:40:08.9661476Z app/tests/test_coverage_services.py::test_auth_login_does_not_set_cookies_for_mobile FAILED [ 21%]
Backend CI	Run tests	2026-03-17T02:40:08.9690810Z app/tests/test_coverage_services.py::test_auth_refresh_token_web_cookie_missing PASSED [ 21%]
Backend CI	Run tests	2026-03-17T02:40:08.9717528Z app/tests/test_coverage_services.py::test_auth_refresh_token_mobile_requires_body PASSED [ 21%]
Backend CI	Run tests	2026-03-17T02:40:08.9748233Z app/tests/test_coverage_services.py::test_auth_forgot_password_always_returns_success PASSED [ 21%]
Backend CI	Run tests	2026-03-17T02:40:08.9763712Z app/tests/test_coverage_services.py::test_invoice_pdf_helpers_escape_and_build_pdf PASSED [ 21%]
Backend CI	Run tests	2026-03-17T02:40:08.9801784Z app/tests/test_coverage_services.py::test_orders_create_outbound_validates_supplier_before_creation PASSED [ 21%]
Backend CI	Run tests	2026-03-17T02:40:08.9819079Z app/tests/test_coverage_services.py::test_email_service_requires_password_when_user_set PASSED [ 21%]
Backend CI	Run tests	2026-03-17T02:40:09.1046859Z app/tests/test_coverage_services.py::test_email_service_uses_timeout_and_starttls PASSED [ 21%]
Backend CI	Run tests	2026-03-17T02:40:09.1077517Z app/tests/test_coverage_services.py::test_invoices_get_invoice_not_found PASSED [ 21%]
Backend CI	Run tests	2026-03-17T02:40:09.1105159Z app/tests/test_coverage_services.py::test_invoices_record_payment_exceeds_balance PASSED [ 21%]
Backend CI	Run tests	2026-03-17T02:40:09.1148818Z app/tests/test_coverage_services.py::test_invoices_get_invoice_pdf_builds_response PASSED [ 21%]
Backend CI	Run tests	2026-03-17T02:40:09.1176528Z app/tests/test_coverage_services.py::test_customers_create_customer_duplicate_email PASSED [ 21%]
Backend CI	Run tests	2026-03-17T02:40:09.1203779Z app/tests/test_coverage_services.py::test_inventory_adjust_inventory_handles_value_error PASSED [ 21%]
Backend CI	Run tests	2026-03-17T02:40:09.1233379Z app/tests/test_coverage_services.py::test_products_bulk_delete_returns_deleted_count PASSED [ 21%]
Backend CI	Run tests	2026-03-17T02:40:09.1266121Z app/tests/test_crm_service.py::TestCreateSegment::test_creates_segment PASSED [ 21%]
Backend CI	Run tests	2026-03-17T02:40:09.1305716Z app/tests/test_crm_service.py::TestCreateSegment::test_creates_with_color PASSED [ 21%]
Backend CI	Run tests	2026-03-17T02:40:09.1360653Z app/tests/test_crm_service.py::TestListSegments::test_returns_segments_with_count PASSED [ 21%]
Backend CI	Run tests	2026-03-17T02:40:09.1401313Z app/tests/test_crm_service.py::TestAddToSegment::test_add_new_member PASSED [ 21%]
Backend CI	Run tests	2026-03-17T02:40:09.1444927Z app/tests/test_crm_service.py::TestAddToSegment::test_returns_existing_member PASSED [ 21%]
Backend CI	Run tests	2026-03-17T02:40:09.1491542Z app/tests/test_crm_service.py::TestRemoveFromSegment::test_removes_member PASSED [ 21%]
Backend CI	Run tests	2026-03-17T02:40:09.1522838Z app/tests/test_crm_service.py::TestRemoveFromSegment::test_returns_false_when_not_found PASSED [ 21%]
Backend CI	Run tests	2026-03-17T02:40:09.1597440Z app/tests/test_crm_service.py::TestGetSegmentMembers::test_returns_paginated PASSED [ 21%]
Backend CI	Run tests	2026-03-17T02:40:09.1629575Z app/tests/test_crm_service.py::TestLogInteraction::test_logs_interaction PASSED [ 21%]
Backend CI	Run tests	2026-03-17T02:40:09.1711346Z app/tests/test_crm_service.py::TestGetInteractions::test_returns_paginated PASSED [ 21%]
Backend CI	Run tests	2026-03-17T02:40:09.1756433Z app/tests/test_crm_service.py::TestGetFollowUps::test_returns_pending_follow_ups PASSED [ 21%]
Backend CI	Run tests	2026-03-17T02:40:09.1803762Z app/tests/test_crm_service.py::TestCompleteFollowUp::test_marks_completed PASSED [ 21%]
Backend CI	Run tests	2026-03-17T02:40:09.1834528Z app/tests/test_crm_service.py::TestCompleteFollowUp::test_not_found_returns_none PASSED [ 21%]
Backend CI	Run tests	2026-03-17T02:40:09.1878060Z app/tests/test_crm_service.py::TestGetCustomerMetrics::test_returns_metrics PASSED [ 21%]
Backend CI	Run tests	2026-03-17T02:40:09.1909316Z app/tests/test_crm_service.py::TestGetCustomerMetrics::test_returns_none_when_missing PASSED [ 21%]
Backend CI	Run tests	2026-03-17T02:40:09.1997181Z app/tests/test_crm_service.py::TestGetTopCustomers::test_returns_list PASSED [ 21%]
Backend CI	Run tests	2026-03-17T02:40:09.2043123Z app/tests/test_crm_service.py::TestGetAtRiskCustomers::test_returns_at_risk PASSED [ 22%]
Backend CI	Run tests	2026-03-17T02:40:09.2129619Z app/tests/test_crm_service.py::TestGetAccessLogs::test_returns_logs PASSED [ 22%]
Backend CI	Run tests	2026-03-17T02:40:09.2171303Z app/tests/test_custom_dashboard_service.py::TestListDashboards::test_returns_items_and_total PASSED [ 22%]
Backend CI	Run tests	2026-03-17T02:40:09.2211572Z app/tests/test_custom_dashboard_service.py::TestListDashboards::test_empty PASSED [ 22%]
Backend CI	Run tests	2026-03-17T02:40:09.2250483Z app/tests/test_custom_dashboard_service.py::TestListDashboards::test_pagination_offset_and_limit PASSED [ 22%]
Backend CI	Run tests	2026-03-17T02:40:09.2286113Z app/tests/test_custom_dashboard_service.py::TestGetDashboard::test_found PASSED [ 22%]
Backend CI	Run tests	2026-03-17T02:40:09.2323769Z app/tests/test_custom_dashboard_service.py::TestGetDashboard::test_not_found_returns_none PASSED [ 22%]
Backend CI	Run tests	2026-03-17T02:40:09.2352641Z app/tests/test_custom_dashboard_service.py::TestCreateDashboard::test_basic PASSED [ 22%]
Backend CI	Run tests	2026-03-17T02:40:09.2400337Z app/tests/test_custom_dashboard_service.py::TestCreateDashboard::test_as_default_clears_existing PASSED [ 22%]
Backend CI	Run tests	2026-03-17T02:40:09.2448098Z app/tests/test_custom_dashboard_service.py::TestCreateDashboard::test_non_default_skips_clear PASSED [ 22%]
Backend CI	Run tests	2026-03-17T02:40:09.2482959Z app/tests/test_custom_dashboard_service.py::TestUpdateDashboard::test_not_found_returns_none PASSED [ 22%]
Backend CI	Run tests	2026-03-17T02:40:09.2527001Z app/tests/test_custom_dashboard_service.py::TestUpdateDashboard::test_update_name PASSED [ 22%]
Backend CI	Run tests	2026-03-17T02:40:09.2588114Z app/tests/test_custom_dashboard_service.py::TestUpdateDashboard::test_set_default_clears_existing PASSED [ 22%]
Backend CI	Run tests	2026-03-17T02:40:09.2632472Z app/tests/test_custom_dashboard_service.py::TestUpdateDashboard::test_update_shared PASSED [ 22%]
Backend CI	Run tests	2026-03-17T02:40:09.2689848Z app/tests/test_custom_dashboard_service.py::TestUpdateDashboard::test_unset_default_no_clear PASSED [ 22%]
Backend CI	Run tests	2026-03-17T02:40:09.2733002Z app/tests/test_custom_dashboard_service.py::TestDeleteDashboard::test_found PASSED [ 22%]
Backend CI	Run tests	2026-03-17T02:40:09.2767212Z app/tests/test_custom_dashboard_service.py::TestDeleteDashboard::test_not_found PASSED [ 22%]
Backend CI	Run tests	2026-03-17T02:40:09.2803128Z app/tests/test_custom_dashboard_service.py::TestListWidgets::test_returns_widgets PASSED [ 22%]
Backend CI	Run tests	2026-03-17T02:40:09.2831148Z app/tests/test_custom_dashboard_service.py::TestAddWidget::test_basic_defaults PASSED [ 22%]
Backend CI	Run tests	2026-03-17T02:40:09.2858666Z app/tests/test_custom_dashboard_service.py::TestAddWidget::test_custom_position PASSED [ 22%]
Backend CI	Run tests	2026-03-17T02:40:09.2901928Z app/tests/test_custom_dashboard_service.py::TestUpdateWidget::test_found_updates_fields PASSED [ 22%]
Backend CI	Run tests	2026-03-17T02:40:09.2936178Z app/tests/test_custom_dashboard_service.py::TestUpdateWidget::test_not_found PASSED [ 22%]
Backend CI	Run tests	2026-03-17T02:40:09.2992023Z app/tests/test_custom_dashboard_service.py::TestDeleteWidget::test_found PASSED [ 22%]
Backend CI	Run tests	2026-03-17T02:40:09.3025192Z app/tests/test_custom_dashboard_service.py::TestDeleteWidget::test_not_found PASSED [ 22%]
Backend CI	Run tests	2026-03-17T02:40:09.3062271Z app/tests/test_custom_dashboard_service.py::TestListTemplates::test_returns_system_and_business_templates PASSED [ 22%]
Backend CI	Run tests	2026-03-17T02:40:09.3145360Z app/tests/test_custom_dashboard_service.py::TestApplyTemplate::test_success_clears_old_creates_new PASSED [ 22%]
Backend CI	Run tests	2026-03-17T02:40:09.3205429Z app/tests/test_custom_dashboard_service.py::TestApplyTemplate::test_dashboard_not_found PASSED [ 22%]
Backend CI	Run tests	2026-03-17T02:40:09.3254973Z app/tests/test_custom_dashboard_service.py::TestApplyTemplate::test_template_not_found PASSED [ 22%]
Backend CI	Run tests	2026-03-17T02:40:09.3328944Z app/tests/test_custom_dashboard_service.py::TestApplyTemplate::test_empty_layout_creates_no_widgets PASSED [ 22%]
Backend CI	Run tests	2026-03-17T02:40:09.3415539Z app/tests/test_custom_dashboard_service.py::TestApplyTemplate::test_none_layout_treated_as_empty PASSED [ 22%]
Backend CI	Run tests	2026-03-17T02:40:09.3443451Z app/tests/test_custom_dashboard_service.py::TestShareDashboard::test_creates_share PASSED [ 22%]
Backend CI	Run tests	2026-03-17T02:40:09.3470363Z app/tests/test_custom_dashboard_service.py::TestShareDashboard::test_default_permission_is_view PASSED [ 22%]
Backend CI	Run tests	2026-03-17T02:40:09.3504339Z app/tests/test_custom_dashboard_service.py::TestListShares::test_returns_shares PASSED [ 22%]
Backend CI	Run tests	2026-03-17T02:40:09.3547390Z app/tests/test_custom_dashboard_service.py::TestRemoveShare::test_found PASSED [ 22%]
Backend CI	Run tests	2026-03-17T02:40:09.3582035Z app/tests/test_custom_dashboard_service.py::TestRemoveShare::test_not_found PASSED [ 22%]
Backend CI	Run tests	2026-03-17T02:40:09.3611603Z app/tests/test_custom_dashboard_service.py::TestCreateExportSchedule::test_creates_schedule PASSED [ 22%]
Backend CI	Run tests	2026-03-17T02:40:09.3639436Z app/tests/test_custom_dashboard_service.py::TestCreateExportSchedule::test_defaults PASSED [ 22%]
Backend CI	Run tests	2026-03-17T02:40:09.3690447Z app/tests/test_custom_dashboard_service.py::TestListExportSchedules::test_returns_schedules PASSED [ 22%]
Backend CI	Run tests	2026-03-17T02:40:09.3733356Z app/tests/test_custom_dashboard_service.py::TestToggleExportSchedule::test_activate PASSED [ 22%]
Backend CI	Run tests	2026-03-17T02:40:09.3776353Z app/tests/test_custom_dashboard_service.py::TestToggleExportSchedule::test_deactivate PASSED [ 22%]
Backend CI	Run tests	2026-03-17T02:40:09.3812514Z app/tests/test_custom_dashboard_service.py::TestToggleExportSchedule::test_not_found PASSED [ 22%]
Backend CI	Run tests	2026-03-17T02:40:09.3828054Z app/tests/test_custom_report_service.py::TestConstants::test_available_metrics PASSED [ 22%]
Backend CI	Run tests	2026-03-17T02:40:09.3843949Z app/tests/test_custom_report_service.py::TestConstants::test_available_group_by PASSED [ 23%]
Backend CI	Run tests	2026-03-17T02:40:09.3858703Z app/tests/test_custom_report_service.py::TestConstants::test_available_filters PASSED [ 23%]
Backend CI	Run tests	2026-03-17T02:40:09.3891731Z app/tests/test_custom_report_service.py::TestCreateTemplate::test_create_template_basic PASSED [ 23%]
Backend CI	Run tests	2026-03-17T02:40:09.3923330Z app/tests/test_custom_report_service.py::TestCreateTemplate::test_create_template_with_schedule PASSED [ 23%]
Backend CI	Run tests	2026-03-17T02:40:09.3954520Z app/tests/test_custom_report_service.py::TestCreateTemplate::test_create_template_recipients_default PASSED [ 23%]
Backend CI	Run tests	2026-03-17T02:40:09.4005250Z app/tests/test_custom_report_service.py::TestListTemplates::test_list_templates_no_user_filter PASSED [ 23%]
Backend CI	Run tests	2026-03-17T02:40:09.4068392Z app/tests/test_custom_report_service.py::TestListTemplates::test_list_templates_with_user_filter PASSED [ 23%]
Backend CI	Run tests	2026-03-17T02:40:09.4111502Z app/tests/test_custom_report_service.py::TestListTemplates::test_list_templates_pagination PASSED [ 23%]
Backend CI	Run tests	2026-03-17T02:40:09.4158381Z app/tests/test_custom_report_service.py::TestListTemplates::test_list_templates_owner_name_unknown_when_no_owner PASSED [ 23%]
Backend CI	Run tests	2026-03-17T02:40:09.4209464Z app/tests/test_custom_report_service.py::TestListTemplates::test_list_templates_owner_name_unknown_when_names_empty PASSED [ 23%]
Backend CI	Run tests	2026-03-17T02:40:09.4258737Z app/tests/test_custom_report_service.py::TestListTemplates::test_list_templates_owner_first_name_only PASSED [ 23%]
Backend CI	Run tests	2026-03-17T02:40:09.4320630Z app/tests/test_custom_report_service.py::TestListTemplates::test_list_templates_item_fields PASSED [ 23%]
Backend CI	Run tests	2026-03-17T02:40:09.4366546Z app/tests/test_custom_report_service.py::TestGetTemplate::test_get_template_found PASSED [ 23%]
Backend CI	Run tests	2026-03-17T02:40:09.4408916Z app/tests/test_custom_report_service.py::TestGetTemplate::test_get_template_not_found PASSED [ 23%]
Backend CI	Run tests	2026-03-17T02:40:09.4451030Z app/tests/test_custom_report_service.py::TestUpdateTemplate::test_update_template_sets_attrs PASSED [ 23%]
Backend CI	Run tests	2026-03-17T02:40:09.4480113Z app/tests/test_custom_report_service.py::TestUpdateTemplate::test_update_template_skips_none_values PASSED [ 23%]
Backend CI	Run tests	2026-03-17T02:40:09.4508500Z app/tests/test_custom_report_service.py::TestUpdateTemplate::test_update_template_ignores_nonexistent_attr PASSED [ 23%]
Backend CI	Run tests	2026-03-17T02:40:09.4538064Z app/tests/test_custom_report_service.py::TestDeleteTemplate::test_delete_template PASSED [ 23%]
Backend CI	Run tests	2026-03-17T02:40:09.4626930Z app/tests/test_custom_report_service.py::TestExecuteReport::test_execute_report_total_sales PASSED [ 23%]
Backend CI	Run tests	2026-03-17T02:40:09.4701990Z app/tests/test_custom_report_service.py::TestExecuteReport::test_execute_report_order_count PASSED [ 23%]
Backend CI	Run tests	2026-03-17T02:40:09.4778274Z app/tests/test_custom_report_service.py::TestExecuteReport::test_execute_report_avg_order_value PASSED [ 23%]
Backend CI	Run tests	2026-03-17T02:40:09.4866862Z app/tests/test_custom_report_service.py::TestExecuteReport::test_execute_report_avg_order_value_zero_orders PASSED [ 23%]
Backend CI	Run tests	2026-03-17T02:40:09.4940992Z app/tests/test_custom_report_service.py::TestExecuteReport::test_execute_report_discount_amount PASSED [ 23%]
Backend CI	Run tests	2026-03-17T02:40:09.5013380Z app/tests/test_custom_report_service.py::TestExecuteReport::test_execute_report_hours_worked PASSED [ 23%]
Backend CI	Run tests	2026-03-17T02:40:09.5083883Z app/tests/test_custom_report_service.py::TestExecuteReport::test_execute_report_void_count PASSED [ 23%]
Backend CI	Run tests	2026-03-17T02:40:09.5171546Z app/tests/test_custom_report_service.py::TestExecuteReport::test_execute_report_refund_count PASSED [ 23%]
Backend CI	Run tests	2026-03-17T02:40:09.5216355Z app/tests/test_custom_report_service.py::TestExecuteReport::test_execute_report_no_staff PASSED [ 23%]
Backend CI	Run tests	2026-03-17T02:40:09.5326216Z app/tests/test_custom_report_service.py::TestExecuteReport::test_execute_report_sorting_desc PASSED [ 23%]
Backend CI	Run tests	2026-03-17T02:40:09.5451799Z app/tests/test_custom_report_service.py::TestExecuteReport::test_execute_report_sorting_asc PASSED [ 23%]
Backend CI	Run tests	2026-03-17T02:40:09.5526148Z app/tests/test_custom_report_service.py::TestExecuteReport::test_execute_report_sort_by_nonexistent_key PASSED [ 23%]
Backend CI	Run tests	2026-03-17T02:40:09.5612279Z app/tests/test_custom_report_service.py::TestExecuteReport::test_execute_report_user_filter PASSED [ 23%]
Backend CI	Run tests	2026-03-17T02:40:09.5655840Z app/tests/test_custom_report_service.py::TestExecuteReport::test_execute_report_default_dates PASSED [ 23%]
Backend CI	Run tests	2026-03-17T02:40:09.5721401Z app/tests/test_custom_report_service.py::TestExecuteReport::test_execute_report_staff_name_unknown PASSED [ 23%]
Backend CI	Run tests	2026-03-17T02:40:09.5765623Z app/tests/test_custom_report_service.py::TestExecuteReport::test_execute_report_return_shape PASSED [ 23%]
Backend CI	Run tests	2026-03-17T02:40:09.5919481Z app/tests/test_custom_report_service.py::TestExecuteReport::test_execute_report_all_metrics PASSED [ 23%]
Backend CI	Run tests	2026-03-17T02:40:09.5937265Z app/tests/test_customer_account_models.py::TestCustomerAccount::test_customer_account_creation PASSED [ 23%]
Backend CI	Run tests	2026-03-17T02:40:09.5955094Z app/tests/test_customer_account_models.py::TestCustomerAccount::test_available_credit_calculation PASSED [ 23%]
Backend CI	Run tests	2026-03-17T02:40:09.5971260Z app/tests/test_customer_account_models.py::TestCustomerAccount::test_is_over_limit PASSED [ 23%]
Backend CI	Run tests	2026-03-17T02:40:09.5988028Z app/tests/test_customer_account_models.py::TestCustomerAccount::test_credit_utilization PASSED [ 23%]
Backend CI	Run tests	2026-03-17T02:40:09.6004512Z app/tests/test_customer_account_models.py::TestCustomerAccount::test_credit_utilization_zero_limit PASSED [ 23%]
Backend CI	Run tests	2026-03-17T02:40:09.6021464Z app/tests/test_customer_account_models.py::TestCustomerAccount::test_account_status_properties PASSED [ 23%]
Backend CI	Run tests	2026-03-17T02:40:09.6038276Z app/tests/test_customer_account_models.py::TestAccountTransaction::test_transaction_creation PASSED [ 23%]
Backend CI	Run tests	2026-03-17T02:40:09.6054839Z app/tests/test_customer_account_models.py::TestAccountTransaction::test_is_charge_property PASSED [ 24%]
Backend CI	Run tests	2026-03-17T02:40:09.6071089Z app/tests/test_customer_account_models.py::TestAccountTransaction::test_is_payment_property PASSED [ 24%]
Backend CI	Run tests	2026-03-17T02:40:09.6087371Z app/tests/test_customer_account_models.py::TestAccountPayment::test_payment_creation PASSED [ 24%]
Backend CI	Run tests	2026-03-17T02:40:09.6104016Z app/tests/test_customer_account_models.py::TestAccountPayment::test_allocated_amount_no_allocations PASSED [ 24%]
Backend CI	Run tests	2026-03-17T02:40:09.6119690Z app/tests/test_customer_account_models.py::TestAccountPayment::test_unallocated_amount PASSED [ 24%]
Backend CI	Run tests	2026-03-17T02:40:09.6136088Z app/tests/test_customer_account_models.py::TestAccountStatement::test_statement_creation PASSED [ 24%]
Backend CI	Run tests	2026-03-17T02:40:09.6151679Z app/tests/test_customer_account_models.py::TestAccountStatement::test_is_sent_property PASSED [ 24%]
Backend CI	Run tests	2026-03-17T02:40:09.6167959Z app/tests/test_customer_account_models.py::TestAccountStatement::test_total_aging PASSED [ 24%]
Backend CI	Run tests	2026-03-17T02:40:09.6185105Z app/tests/test_customer_account_models.py::TestCollectionActivity::test_activity_creation PASSED [ 24%]
Backend CI	Run tests	2026-03-17T02:40:09.6201282Z app/tests/test_customer_account_models.py::TestCollectionActivity::test_has_promise_property PASSED [ 24%]
Backend CI	Run tests	2026-03-17T02:40:09.6217044Z app/tests/test_customer_account_models.py::TestAccountWriteOff::test_write_off_creation PASSED [ 24%]
Backend CI	Run tests	2026-03-17T02:40:09.6235872Z app/tests/test_customer_account_models.py::TestPaymentAllocation::test_allocation_creation PASSED [ 24%]
Backend CI	Run tests	2026-03-17T02:40:09.6251662Z app/tests/test_customer_account_schemas.py::TestAccountSchemas::test_account_create_valid PASSED [ 24%]
Backend CI	Run tests	2026-03-17T02:40:09.6267629Z app/tests/test_customer_account_schemas.py::TestAccountSchemas::test_account_create_minimal PASSED [ 24%]
Backend CI	Run tests	2026-03-17T02:40:09.6284415Z app/tests/test_customer_account_schemas.py::TestAccountSchemas::test_account_create_invalid_pin PASSED [ 24%]
Backend CI	Run tests	2026-03-17T02:40:09.6299742Z app/tests/test_customer_account_schemas.py::TestAccountSchemas::test_account_create_negative_credit_limit PASSED [ 24%]
Backend CI	Run tests	2026-03-17T02:40:09.6314520Z app/tests/test_customer_account_schemas.py::TestAccountSchemas::test_account_update_valid PASSED [ 24%]
Backend CI	Run tests	2026-03-17T02:40:09.6329019Z app/tests/test_customer_account_schemas.py::TestAccountSchemas::test_account_update_partial PASSED [ 24%]
Backend CI	Run tests	2026-03-17T02:40:09.6346512Z app/tests/test_customer_account_schemas.py::TestTransactionSchemas::test_charge_create_valid PASSED [ 24%]
Backend CI	Run tests	2026-03-17T02:40:09.6361962Z app/tests/test_customer_account_schemas.py::TestTransactionSchemas::test_charge_create_negative_amount PASSED [ 24%]
Backend CI	Run tests	2026-03-17T02:40:09.6377160Z app/tests/test_customer_account_schemas.py::TestTransactionSchemas::test_charge_create_zero_amount PASSED [ 24%]
Backend CI	Run tests	2026-03-17T02:40:09.6393301Z app/tests/test_customer_account_schemas.py::TestTransactionSchemas::test_adjustment_create_valid_positive PASSED [ 24%]
Backend CI	Run tests	2026-03-17T02:40:09.6407961Z app/tests/test_customer_account_schemas.py::TestTransactionSchemas::test_adjustment_create_valid_negative PASSED [ 24%]
Backend CI	Run tests	2026-03-17T02:40:09.6423065Z app/tests/test_customer_account_schemas.py::TestTransactionSchemas::test_adjustment_create_zero_amount PASSED [ 24%]
Backend CI	Run tests	2026-03-17T02:40:09.6437650Z app/tests/test_customer_account_schemas.py::TestPaymentSchemas::test_payment_create_valid PASSED [ 24%]
Backend CI	Run tests	2026-03-17T02:40:09.6452051Z app/tests/test_customer_account_schemas.py::TestPaymentSchemas::test_payment_create_minimal PASSED [ 24%]
Backend CI	Run tests	2026-03-17T02:40:09.6467004Z app/tests/test_customer_account_schemas.py::TestPaymentSchemas::test_payment_create_negative_amount PASSED [ 24%]
Backend CI	Run tests	2026-03-17T02:40:09.6481656Z app/tests/test_customer_account_schemas.py::TestPaymentSchemas::test_payment_create_zero_amount PASSED [ 24%]
Backend CI	Run tests	2026-03-17T02:40:09.6498120Z app/tests/test_customer_account_schemas.py::TestStatementSchemas::test_aging_breakdown_valid PASSED [ 24%]
Backend CI	Run tests	2026-03-17T02:40:09.6513019Z app/tests/test_customer_account_schemas.py::TestStatementSchemas::test_aging_breakdown_defaults PASSED [ 24%]
Backend CI	Run tests	2026-03-17T02:40:09.6527878Z app/tests/test_customer_account_schemas.py::TestStatementSchemas::test_statement_generate_valid PASSED [ 24%]
Backend CI	Run tests	2026-03-17T02:40:09.6542360Z app/tests/test_customer_account_schemas.py::TestStatementSchemas::test_statement_generate_minimal PASSED [ 24%]
Backend CI	Run tests	2026-03-17T02:40:09.6557067Z app/tests/test_customer_account_schemas.py::TestCollectionSchemas::test_activity_create_valid PASSED [ 24%]
Backend CI	Run tests	2026-03-17T02:40:09.6572047Z app/tests/test_customer_account_schemas.py::TestCollectionSchemas::test_activity_create_with_promise PASSED [ 24%]
Backend CI	Run tests	2026-03-17T02:40:09.6587343Z app/tests/test_customer_account_schemas.py::TestCollectionSchemas::test_activity_create_promise_without_date PASSED [ 24%]
Backend CI	Run tests	2026-03-17T02:40:09.6601948Z app/tests/test_customer_account_schemas.py::TestWriteOffSchemas::test_write_off_create_valid PASSED [ 24%]
Backend CI	Run tests	2026-03-17T02:40:09.6616961Z app/tests/test_customer_account_schemas.py::TestWriteOffSchemas::test_write_off_create_negative_amount PASSED [ 24%]
Backend CI	Run tests	2026-03-17T02:40:09.6631627Z app/tests/test_customer_account_schemas.py::TestWriteOffSchemas::test_write_off_create_zero_amount PASSED [ 24%]
Backend CI	Run tests	2026-03-17T02:40:09.6649221Z app/tests/test_customer_account_schemas.py::TestWriteOffSchemas::test_write_off_create_empty_reason PASSED [ 24%]
Backend CI	Run tests	2026-03-17T02:40:09.6676810Z app/tests/test_customer_account_service.py::test_create_account_generates_unique_number PASSED [ 24%]
Backend CI	Run tests	2026-03-17T02:40:09.6701437Z app/tests/test_customer_account_service.py::test_create_account_raises_if_customer_not_found PASSED [ 24%]
Backend CI	Run tests	2026-03-17T02:40:09.6737966Z app/tests/test_customer_account_service.py::test_create_account_raises_if_account_exists PASSED [ 24%]
Backend CI	Run tests	2026-03-17T02:40:09.6757393Z app/tests/test_customer_account_service.py::test_validate_credit_succeeds_for_valid_charge PASSED [ 25%]
Backend CI	Run tests	2026-03-17T02:40:09.6775995Z app/tests/test_customer_account_service.py::test_validate_credit_fails_for_inactive_account PASSED [ 25%]
Backend CI	Run tests	2026-03-17T02:40:09.6794762Z app/tests/test_customer_account_service.py::test_validate_credit_fails_for_negative_amount PASSED [ 25%]
Backend CI	Run tests	2026-03-17T02:40:09.6813626Z app/tests/test_customer_account_service.py::test_validate_credit_fails_for_insufficient_credit PASSED [ 25%]
Backend CI	Run tests	2026-03-17T02:40:09.6836927Z app/tests/test_customer_account_service.py::test_charge_to_account_creates_transaction_and_updates_balance PASSED [ 25%]
Backend CI	Run tests	2026-03-17T02:40:09.6866168Z app/tests/test_customer_account_service.py::test_charge_to_account_raises_for_insufficient_credit PASSED [ 25%]
Backend CI	Run tests	2026-03-17T02:40:09.6890800Z app/tests/test_customer_account_service.py::test_charge_to_account_raises_for_inactive_account PASSED [ 25%]
Backend CI	Run tests	2026-03-17T02:40:09.6917438Z app/tests/test_customer_account_service.py::test_charge_to_account_raises_for_negative_amount PASSED [ 25%]
Backend CI	Run tests	2026-03-17T02:40:09.6938621Z app/tests/test_customer_account_service.py::test_charge_to_account_with_due_date PASSED [ 25%]
Backend CI	Run tests	2026-03-17T02:40:09.6961718Z app/tests/test_customer_account_service.py::test_charge_to_account_updates_balance_correctly_with_multiple_charges PASSED [ 25%]
Backend CI	Run tests	2026-03-17T02:40:09.6984508Z app/tests/test_customer_account_service.py::test_activate_account_sets_status_and_opened_date PASSED [ 25%]
Backend CI	Run tests	2026-03-17T02:40:09.7003966Z app/tests/test_customer_account_service.py::test_suspend_account_sets_status_and_suspended_date PASSED [ 25%]
Backend CI	Run tests	2026-03-17T02:40:09.7032454Z app/tests/test_customer_account_service.py::test_close_account_raises_if_balance_outstanding PASSED [ 25%]
Backend CI	Run tests	2026-03-17T02:40:09.7051733Z app/tests/test_customer_account_service.py::test_close_account_succeeds_with_zero_balance PASSED [ 25%]
Backend CI	Run tests	2026-03-17T02:40:09.7077896Z app/tests/test_customer_account_service.py::test_activate_account_raises_if_already_active PASSED [ 25%]
Backend CI	Run tests	2026-03-17T02:40:09.7111040Z app/tests/test_customer_account_service.py::test_activate_account_raises_if_closed PASSED [ 25%]
Backend CI	Run tests	2026-03-17T02:40:09.7130128Z app/tests/test_customer_account_service.py::test_activate_account_clears_suspended_date PASSED [ 25%]
Backend CI	Run tests	2026-03-17T02:40:09.7164989Z app/tests/test_customer_account_service.py::test_suspend_account_raises_if_not_active PASSED [ 25%]
Backend CI	Run tests	2026-03-17T02:40:09.7183961Z app/tests/test_customer_account_service.py::test_suspend_account_without_reason PASSED [ 25%]
Backend CI	Run tests	2026-03-17T02:40:09.7203177Z app/tests/test_customer_account_service.py::test_suspend_account_appends_reason_to_existing_notes PASSED [ 25%]
Backend CI	Run tests	2026-03-17T02:40:09.7221829Z app/tests/test_customer_account_service.py::test_close_account_without_reason PASSED [ 25%]
Backend CI	Run tests	2026-03-17T02:40:09.7240942Z app/tests/test_customer_account_service.py::test_close_account_appends_reason_to_existing_notes PASSED [ 25%]
Backend CI	Run tests	2026-03-17T02:40:09.7259701Z app/tests/test_customer_account_service.py::test_close_account_can_close_suspended_account PASSED [ 25%]
Backend CI	Run tests	2026-03-17T02:40:09.7279064Z app/tests/test_customer_account_service.py::test_get_balance_returns_correct_information PASSED [ 25%]
Backend CI	Run tests	2026-03-17T02:40:09.7297864Z app/tests/test_customer_account_service.py::test_get_balance_detects_over_limit PASSED [ 25%]
Backend CI	Run tests	2026-03-17T02:40:09.7326548Z app/tests/test_customer_account_service.py::test_generate_charge_slip_creates_pdf PASSED [ 25%]
Backend CI	Run tests	2026-03-17T02:40:09.7371875Z app/tests/test_customer_account_service.py::test_generate_charge_slip_raises_for_non_charge_transaction PASSED [ 25%]
Backend CI	Run tests	2026-03-17T02:40:09.7397730Z app/tests/test_customer_account_service.py::test_generate_charge_slip_includes_account_details PASSED [ 25%]
Backend CI	Run tests	2026-03-17T02:40:09.7424900Z app/tests/test_customer_account_service.py::test_generate_charge_slip_calculates_balances_correctly PASSED [ 25%]
Backend CI	Run tests	2026-03-17T02:40:09.7449623Z app/tests/test_customer_account_service.py::test_generate_charge_slip_with_minimal_info PASSED [ 25%]
Backend CI	Run tests	2026-03-17T02:40:09.7475193Z app/tests/test_customer_account_service.py::test_generate_charge_slip_with_due_date PASSED [ 25%]
Backend CI	Run tests	2026-03-17T02:40:09.7496173Z app/tests/test_customer_account_service.py::test_adjust_balance_positive_adjustment_increases_balance PASSED [ 25%]
Backend CI	Run tests	2026-03-17T02:40:09.7517083Z app/tests/test_customer_account_service.py::test_adjust_balance_negative_adjustment_decreases_balance PASSED [ 25%]
Backend CI	Run tests	2026-03-17T02:40:09.7544874Z app/tests/test_customer_account_service.py::test_adjust_balance_raises_for_zero_amount PASSED [ 25%]
Backend CI	Run tests	2026-03-17T02:40:09.7573347Z app/tests/test_customer_account_service.py::test_adjust_balance_raises_for_empty_reason PASSED [ 25%]
Backend CI	Run tests	2026-03-17T02:40:09.7593330Z app/tests/test_customer_account_service.py::test_adjust_balance_raises_for_whitespace_only_reason PASSED [ 25%]
Backend CI	Run tests	2026-03-17T02:40:09.7621025Z app/tests/test_customer_account_service.py::test_adjust_balance_raises_for_negative_result PASSED [ 25%]
Backend CI	Run tests	2026-03-17T02:40:09.7641792Z app/tests/test_customer_account_service.py::test_adjust_balance_allows_adjustment_to_zero PASSED [ 25%]
Backend CI	Run tests	2026-03-17T02:40:09.7661769Z app/tests/test_customer_account_service.py::test_adjust_balance_works_for_suspended_account PASSED [ 25%]
Backend CI	Run tests	2026-03-17T02:40:09.7681887Z app/tests/test_customer_account_service.py::test_adjust_balance_works_for_pending_account PASSED [ 25%]
Backend CI	Run tests	2026-03-17T02:40:09.7703998Z app/tests/test_customer_account_service.py::test_adjust_balance_multiple_adjustments_accumulate PASSED [ 25%]
Backend CI	Run tests	2026-03-17T02:40:09.7724315Z app/tests/test_customer_account_service.py::test_adjust_balance_description_includes_reason PASSED [ 25%]
Backend CI	Run tests	2026-03-17T02:40:09.7744640Z app/tests/test_customer_account_service.py::test_adjust_balance_large_positive_adjustment PASSED [ 25%]
Backend CI	Run tests	2026-03-17T02:40:09.7764867Z app/tests/test_customer_account_service.py::test_adjust_balance_can_exceed_credit_limit PASSED [ 26%]
Backend CI	Run tests	2026-03-17T02:40:09.7785154Z app/tests/test_customer_account_service.py::test_adjust_balance_with_decimal_precision PASSED [ 26%]
Backend CI	Run tests	2026-03-17T02:40:09.7805311Z app/tests/test_customer_account_service.py::test_adjust_balance_reason_trimmed PASSED [ 26%]
Backend CI	Run tests	2026-03-17T02:40:09.7824542Z app/tests/test_customer_account_service.py::test_check_credit_limit_alert_no_alert_for_low_utilization PASSED [ 26%]
Backend CI	Run tests	2026-03-17T02:40:09.7843441Z app/tests/test_customer_account_service.py::test_check_credit_limit_alert_warning_at_default_threshold PASSED [ 26%]
Backend CI	Run tests	2026-03-17T02:40:09.7862363Z app/tests/test_customer_account_service.py::test_check_credit_limit_alert_warning_above_threshold PASSED [ 26%]
Backend CI	Run tests	2026-03-17T02:40:09.7881311Z app/tests/test_customer_account_service.py::test_check_credit_limit_alert_critical_at_100_percent PASSED [ 26%]
Backend CI	Run tests	2026-03-17T02:40:09.7900206Z app/tests/test_customer_account_service.py::test_check_credit_limit_alert_over_limit PASSED [ 26%]
Backend CI	Run tests	2026-03-17T02:40:09.7919338Z app/tests/test_customer_account_service.py::test_check_credit_limit_alert_custom_threshold PASSED [ 26%]
Backend CI	Run tests	2026-03-17T02:40:09.7938243Z app/tests/test_customer_account_service.py::test_check_credit_limit_alert_custom_threshold_50_percent PASSED [ 26%]
Backend CI	Run tests	2026-03-17T02:40:09.7957312Z app/tests/test_customer_account_service.py::test_check_credit_limit_alert_just_below_threshold PASSED [ 26%]
Backend CI	Run tests	2026-03-17T02:40:09.7976125Z app/tests/test_customer_account_service.py::test_check_credit_limit_alert_zero_balance PASSED [ 26%]
Backend CI	Run tests	2026-03-17T02:40:09.7994938Z app/tests/test_customer_account_service.py::test_check_credit_limit_alert_small_credit_limit PASSED [ 26%]
Backend CI	Run tests	2026-03-17T02:40:09.8013707Z app/tests/test_customer_account_service.py::test_check_credit_limit_alert_large_credit_limit PASSED [ 26%]
Backend CI	Run tests	2026-03-17T02:40:09.8032479Z app/tests/test_customer_account_service.py::test_check_credit_limit_alert_decimal_precision PASSED [ 26%]
Backend CI	Run tests	2026-03-17T02:40:09.8053076Z app/tests/test_customer_account_service.py::test_check_credit_limit_alert_exactly_at_threshold PASSED [ 26%]
Backend CI	Run tests	2026-03-17T02:40:09.8071954Z app/tests/test_customer_account_service.py::test_check_credit_limit_alert_priority_over_limit_over_critical PASSED [ 26%]
Backend CI	Run tests	2026-03-17T02:40:09.8090621Z app/tests/test_customer_account_service.py::test_check_credit_limit_alert_priority_critical_over_warning PASSED [ 26%]
Backend CI	Run tests	2026-03-17T02:40:09.8109507Z app/tests/test_customer_account_service.py::test_check_credit_limit_alert_message_format_warning PASSED [ 26%]
Backend CI	Run tests	2026-03-17T02:40:09.8128137Z app/tests/test_customer_account_service.py::test_check_credit_limit_alert_message_format_critical PASSED [ 26%]
Backend CI	Run tests	2026-03-17T02:40:09.8146876Z app/tests/test_customer_account_service.py::test_check_credit_limit_alert_message_format_over_limit PASSED [ 26%]
Backend CI	Run tests	2026-03-17T02:40:09.8165837Z app/tests/test_customer_account_service.py::test_check_credit_limit_alert_returns_all_required_fields PASSED [ 26%]
Backend CI	Run tests	2026-03-17T02:40:09.8184802Z app/tests/test_customer_account_service.py::test_check_credit_limit_alert_very_low_threshold PASSED [ 26%]
Backend CI	Run tests	2026-03-17T02:40:09.8203679Z app/tests/test_customer_account_service.py::test_check_credit_limit_alert_very_high_threshold PASSED [ 26%]
Backend CI	Run tests	2026-03-17T02:40:09.8222593Z app/tests/test_customer_account_service.py::test_check_credit_limit_alert_multiple_calls_consistent PASSED [ 26%]
Backend CI	Run tests	2026-03-17T02:40:09.8260876Z app/tests/test_customer_account_service.py::test_generate_payment_receipt_returns_structured_data PASSED [ 26%]
Backend CI	Run tests	2026-03-17T02:40:09.8291210Z app/tests/test_customer_account_service.py::test_generate_payment_receipt_includes_payment_details PASSED [ 26%]
Backend CI	Run tests	2026-03-17T02:40:09.8315941Z app/tests/test_customer_account_service.py::test_generate_payment_receipt_includes_account_info PASSED [ 26%]
Backend CI	Run tests	2026-03-17T02:40:09.8339874Z app/tests/test_customer_account_service.py::test_generate_payment_receipt_calculates_balance_correctly PASSED [ 26%]
Backend CI	Run tests	2026-03-17T02:40:09.8364846Z app/tests/test_customer_account_service.py::test_format_payment_receipt_text_creates_readable_output PASSED [ 26%]
Backend CI	Run tests	2026-03-17T02:40:09.8390255Z app/tests/test_customer_account_service.py::test_format_payment_receipt_html_creates_valid_html PASSED [ 26%]
Backend CI	Run tests	2026-03-17T02:40:09.8420943Z app/tests/test_customer_account_service.py::test_generate_payment_receipt_with_allocations PASSED [ 26%]
Backend CI	Run tests	2026-03-17T02:40:09.8448241Z app/tests/test_customer_account_service.py::test_generate_payment_receipt_formats_receipt_number PASSED [ 26%]
Backend CI	Run tests	2026-03-17T02:40:09.8495886Z app/tests/test_customer_display_service.py::TestRegisterDisplay::test_register_display_success PASSED [ 26%]
Backend CI	Run tests	2026-03-17T02:40:09.8523722Z app/tests/test_customer_display_service.py::TestRegisterDisplay::test_register_display_with_terminal_id PASSED [ 26%]
Backend CI	Run tests	2026-03-17T02:40:09.8551604Z app/tests/test_customer_display_service.py::TestRegisterDisplay::test_register_display_generates_uuid PASSED [ 26%]
Backend CI	Run tests	2026-03-17T02:40:09.8608069Z app/tests/test_customer_display_service.py::TestListDisplays::test_list_returns_items_and_total PASSED [ 26%]
Backend CI	Run tests	2026-03-17T02:40:09.8642250Z app/tests/test_customer_display_service.py::TestListDisplays::test_list_empty PASSED [ 26%]
Backend CI	Run tests	2026-03-17T02:40:09.8677224Z app/tests/test_customer_display_service.py::TestListDisplays::test_list_pagination_offset_limit PASSED [ 26%]
Backend CI	Run tests	2026-03-17T02:40:09.8711653Z app/tests/test_customer_display_service.py::TestListDisplays::test_list_default_pagination PASSED [ 26%]
Backend CI	Run tests	2026-03-17T02:40:09.8745637Z app/tests/test_customer_display_service.py::TestListDisplays::test_list_orders_by_name PASSED [ 26%]
Backend CI	Run tests	2026-03-17T02:40:09.8788399Z app/tests/test_customer_display_service.py::TestGetDisplay::test_get_display_found PASSED [ 26%]
Backend CI	Run tests	2026-03-17T02:40:09.8836035Z app/tests/test_customer_display_service.py::TestGetDisplay::test_get_display_not_found PASSED [ 27%]
Backend CI	Run tests	2026-03-17T02:40:09.8884783Z app/tests/test_customer_display_service.py::TestUpdateDisplay::test_update_display_success PASSED [ 27%]
Backend CI	Run tests	2026-03-17T02:40:09.8918106Z app/tests/test_customer_display_service.py::TestUpdateDisplay::test_update_display_not_found PASSED [ 27%]
Backend CI	Run tests	2026-03-17T02:40:09.8967129Z app/tests/test_customer_display_service.py::TestUpdateDisplay::test_update_skips_none_values PASSED [ 27%]
Backend CI	Run tests	2026-03-17T02:40:09.9021771Z app/tests/test_customer_display_service.py::TestUpdateDisplay::test_update_skips_nonexistent_attrs PASSED [ 27%]
Backend CI	Run tests	2026-03-17T02:40:09.9075274Z app/tests/test_customer_display_service.py::TestUpdateDisplay::test_update_multiple_fields PASSED [ 27%]
Backend CI	Run tests	2026-03-17T02:40:09.9126308Z app/tests/test_customer_display_service.py::TestDeleteDisplay::test_delete_display_success PASSED [ 27%]
Backend CI	Run tests	2026-03-17T02:40:09.9178325Z app/tests/test_customer_display_service.py::TestDeleteDisplay::test_delete_display_not_found PASSED [ 27%]
Backend CI	Run tests	2026-03-17T02:40:09.9228362Z app/tests/test_customer_display_service.py::TestHeartbeat::test_heartbeat_sets_online PASSED [ 27%]
Backend CI	Run tests	2026-03-17T02:40:09.9278609Z app/tests/test_customer_display_service.py::TestHeartbeat::test_heartbeat_updates_last_seen_at PASSED [ 27%]
Backend CI	Run tests	2026-03-17T02:40:09.9312599Z app/tests/test_customer_display_service.py::TestHeartbeat::test_heartbeat_not_found PASSED [ 27%]
Backend CI	Run tests	2026-03-17T02:40:09.9343445Z app/tests/test_customer_display_service.py::TestCreateConfig::test_create_config_defaults PASSED [ 27%]
Backend CI	Run tests	2026-03-17T02:40:09.9373489Z app/tests/test_customer_display_service.py::TestCreateConfig::test_create_config_custom_values PASSED [ 27%]
Backend CI	Run tests	2026-03-17T02:40:09.9402967Z app/tests/test_customer_display_service.py::TestCreateConfig::test_create_config_generates_uuid PASSED [ 27%]
Backend CI	Run tests	2026-03-17T02:40:09.9448213Z app/tests/test_customer_display_service.py::TestGetConfig::test_get_config_found PASSED [ 27%]
Backend CI	Run tests	2026-03-17T02:40:09.9482165Z app/tests/test_customer_display_service.py::TestGetConfig::test_get_config_not_found PASSED [ 27%]
Backend CI	Run tests	2026-03-17T02:40:09.9556188Z app/tests/test_customer_display_service.py::TestUpdateConfig::test_update_config_success PASSED [ 27%]
Backend CI	Run tests	2026-03-17T02:40:09.9591308Z app/tests/test_customer_display_service.py::TestUpdateConfig::test_update_config_not_found PASSED [ 27%]
Backend CI	Run tests	2026-03-17T02:40:09.9643190Z app/tests/test_customer_display_service.py::TestUpdateConfig::test_update_config_skips_none_values PASSED [ 27%]
Backend CI	Run tests	2026-03-17T02:40:09.9693564Z app/tests/test_customer_display_service.py::TestUpdateConfig::test_update_config_skips_nonexistent_attrs PASSED [ 27%]
Backend CI	Run tests	2026-03-17T02:40:09.9746313Z app/tests/test_customer_display_service.py::TestUpdateConfig::test_update_config_theme_and_features PASSED [ 27%]
Backend CI	Run tests	2026-03-17T02:40:09.9799580Z app/tests/test_customer_service.py::TestGetCustomer::test_found PASSED   [ 27%]
Backend CI	Run tests	2026-03-17T02:40:09.9834917Z app/tests/test_customer_service.py::TestGetCustomer::test_not_found PASSED [ 27%]
Backend CI	Run tests	2026-03-17T02:40:09.9902306Z app/tests/test_customer_service.py::TestGetCustomerByEmail::test_found PASSED [ 27%]
Backend CI	Run tests	2026-03-17T02:40:09.9936251Z app/tests/test_customer_service.py::TestGetCustomerByEmail::test_not_found PASSED [ 27%]
Backend CI	Run tests	2026-03-17T02:40:10.0007864Z app/tests/test_customer_service.py::TestGetCustomers::test_basic_pagination_defaults PASSED [ 27%]
Backend CI	Run tests	2026-03-17T02:40:10.0045034Z app/tests/test_customer_service.py::TestGetCustomers::test_pagination_page_two PASSED [ 27%]
Backend CI	Run tests	2026-03-17T02:40:10.0081557Z app/tests/test_customer_service.py::TestGetCustomers::test_pagination_page_three PASSED [ 27%]
Backend CI	Run tests	2026-03-17T02:40:10.0122362Z app/tests/test_customer_service.py::TestGetCustomers::test_search_adds_filter PASSED [ 27%]
Backend CI	Run tests	2026-03-17T02:40:10.0159875Z app/tests/test_customer_service.py::TestGetCustomers::test_customer_type_filter PASSED [ 27%]
Backend CI	Run tests	2026-03-17T02:40:10.0198370Z app/tests/test_customer_service.py::TestGetCustomers::test_tag_filter PASSED [ 27%]
Backend CI	Run tests	2026-03-17T02:40:10.0257864Z app/tests/test_customer_service.py::TestGetCustomers::test_all_filters_combined PASSED [ 27%]
Backend CI	Run tests	2026-03-17T02:40:10.0293571Z app/tests/test_customer_service.py::TestGetCustomers::test_sort_order_asc PASSED [ 27%]
Backend CI	Run tests	2026-03-17T02:40:10.0329376Z app/tests/test_customer_service.py::TestGetCustomers::test_sort_order_desc_default PASSED [ 27%]
Backend CI	Run tests	2026-03-17T02:40:10.0365585Z app/tests/test_customer_service.py::TestGetCustomers::test_empty_results PASSED [ 27%]
Backend CI	Run tests	2026-03-17T02:40:10.0416370Z app/tests/test_customer_service.py::TestCreateCustomer::test_create_basic PASSED [ 27%]
Backend CI	Run tests	2026-03-17T02:40:10.0460759Z app/tests/test_customer_service.py::TestCreateCustomer::test_create_tags_default_empty PASSED [ 27%]
Backend CI	Run tests	2026-03-17T02:40:10.0503420Z app/tests/test_customer_service.py::TestCreateCustomer::test_create_business_customer PASSED [ 27%]
Backend CI	Run tests	2026-03-17T02:40:10.0561371Z app/tests/test_customer_service.py::TestUpdateCustomer::test_update_partial_fields PASSED [ 27%]
Backend CI	Run tests	2026-03-17T02:40:10.0614904Z app/tests/test_customer_service.py::TestUpdateCustomer::test_update_single_field PASSED [ 27%]
Backend CI	Run tests	2026-03-17T02:40:10.0690014Z app/tests/test_customer_service.py::TestUpdateCustomer::test_update_no_fields PASSED [ 27%]
Backend CI	Run tests	2026-03-17T02:40:10.0748426Z app/tests/test_customer_service.py::TestUpdateCustomer::test_update_customer_type PASSED [ 27%]
Backend CI	Run tests	2026-03-17T02:40:10.0805618Z app/tests/test_customer_service.py::TestUpdateCustomer::test_update_tags PASSED [ 28%]
Backend CI	Run tests	2026-03-17T02:40:10.0851070Z app/tests/test_customer_service.py::TestDeleteCustomer::test_soft_delete PASSED [ 28%]
Backend CI	Run tests	2026-03-17T02:40:10.0895807Z app/tests/test_customer_service.py::TestDeleteCustomer::test_soft_delete_returns_none PASSED [ 28%]
Backend CI	Run tests	2026-03-17T02:40:10.0953284Z app/tests/test_customer_service.py::TestBulkCreateCustomers::test_bulk_create_multiple PASSED [ 28%]
Backend CI	Run tests	2026-03-17T02:40:10.0981531Z app/tests/test_customer_service.py::TestBulkCreateCustomers::test_bulk_create_empty_list PASSED [ 28%]
Backend CI	Run tests	2026-03-17T02:40:10.1026067Z app/tests/test_customer_service.py::TestBulkCreateCustomers::test_bulk_create_single PASSED [ 28%]
Backend CI	Run tests	2026-03-17T02:40:10.1073409Z app/tests/test_customer_service.py::TestBulkDeleteCustomers::test_bulk_delete_returns_count PASSED [ 28%]
Backend CI	Run tests	2026-03-17T02:40:10.1118932Z app/tests/test_customer_service.py::TestBulkDeleteCustomers::test_bulk_delete_none_matched PASSED [ 28%]
Backend CI	Run tests	2026-03-17T02:40:10.1183655Z app/tests/test_customer_service.py::TestBulkDeleteCustomers::test_bulk_delete_partial_match PASSED [ 28%]
Backend CI	Run tests	2026-03-17T02:40:10.1229580Z app/tests/test_customer_service.py::TestBulkDeleteCustomers::test_bulk_delete_empty_list PASSED [ 28%]
Backend CI	Run tests	2026-03-17T02:40:10.1270539Z app/tests/test_customer_service.py::TestUpdateCustomerMetrics::test_first_order PASSED [ 28%]
Backend CI	Run tests	2026-03-17T02:40:10.1312127Z app/tests/test_customer_service.py::TestUpdateCustomerMetrics::test_subsequent_order PASSED [ 28%]
Backend CI	Run tests	2026-03-17T02:40:10.1353357Z app/tests/test_customer_service.py::TestUpdateCustomerMetrics::test_average_recalculation PASSED [ 28%]
Backend CI	Run tests	2026-03-17T02:40:10.1394016Z app/tests/test_customer_service.py::TestUpdateCustomerMetrics::test_small_order PASSED [ 28%]
Backend CI	Run tests	2026-03-17T02:40:10.1432540Z app/tests/test_customer_service.py::TestUpdateCustomerMetrics::test_large_order PASSED [ 28%]
Backend CI	Run tests	2026-03-17T02:40:10.1555897Z app/tests/test_customer_service.py::TestGetTopCustomers::test_returns_limited_results PASSED [ 28%]
Backend CI	Run tests	2026-03-17T02:40:10.1591796Z app/tests/test_customer_service.py::TestGetTopCustomers::test_default_limit_ten PASSED [ 28%]
Backend CI	Run tests	2026-03-17T02:40:10.1628142Z app/tests/test_customer_service.py::TestGetTopCustomers::test_empty_results PASSED [ 28%]
Backend CI	Run tests	2026-03-17T02:40:10.1663667Z app/tests/test_customer_service.py::TestGetTopCustomers::test_custom_limit PASSED [ 28%]
Backend CI	Run tests	2026-03-17T02:40:10.1718779Z app/tests/test_customer_service.py::TestGetTopCustomers::test_queries_correct_model PASSED [ 28%]
Backend CI	Run tests	2026-03-17T02:40:10.1734413Z app/tests/test_customers.py::TestCustomerSchemas::test_customer_type_enum PASSED [ 28%]
Backend CI	Run tests	2026-03-17T02:40:10.1753640Z app/tests/test_customers.py::TestCustomerSchemas::test_customer_create_schema_individual PASSED [ 28%]
Backend CI	Run tests	2026-03-17T02:40:10.1771159Z app/tests/test_customers.py::TestCustomerSchemas::test_customer_create_schema_business PASSED [ 28%]
Backend CI	Run tests	2026-03-17T02:40:10.1786094Z app/tests/test_customers.py::TestCustomerSchemas::test_customer_create_with_tags PASSED [ 28%]
Backend CI	Run tests	2026-03-17T02:40:10.1800958Z app/tests/test_customers.py::TestCustomerSchemas::test_customer_update_schema_partial PASSED [ 28%]
Backend CI	Run tests	2026-03-17T02:40:10.1819472Z app/tests/test_customers.py::TestCustomerSchemas::test_customer_list_response_schema PASSED [ 28%]
Backend CI	Run tests	2026-03-17T02:40:10.1835858Z app/tests/test_customers.py::TestCustomerModel::test_customer_display_name_individual PASSED [ 28%]
Backend CI	Run tests	2026-03-17T02:40:10.1851208Z app/tests/test_customers.py::TestCustomerModel::test_customer_display_name_business PASSED [ 28%]
Backend CI	Run tests	2026-03-17T02:40:10.1866790Z app/tests/test_customers.py::TestCustomerModel::test_customer_display_name_first_only PASSED [ 28%]
Backend CI	Run tests	2026-03-17T02:40:10.1881865Z app/tests/test_customers.py::TestCustomerModel::test_customer_display_name_unknown PASSED [ 28%]
Backend CI	Run tests	2026-03-17T02:40:10.1897740Z app/tests/test_customers.py::TestCustomerModel::test_customer_full_address PASSED [ 28%]
Backend CI	Run tests	2026-03-17T02:40:10.1917914Z app/tests/test_customers.py::TestCustomerService::test_customer_service_init PASSED [ 28%]
Backend CI	Run tests	2026-03-17T02:40:10.1933732Z app/tests/test_customers.py::TestCustomerAPI::test_customer_router_exists PASSED [ 28%]
Backend CI	Run tests	2026-03-17T02:40:10.1949389Z app/tests/test_customers.py::TestCustomerAPI::test_customer_endpoints_exist PASSED [ 28%]
Backend CI	Run tests	2026-03-17T02:40:10.1971452Z app/tests/test_customers.py::TestCustomerAPI::test_customer_to_response_helper PASSED [ 28%]
Backend CI	Run tests	2026-03-17T02:40:10.1986736Z app/tests/test_customers.py::TestCustomerMetrics::test_customer_metrics_schema PASSED [ 28%]
Backend CI	Run tests	2026-03-17T02:40:10.2001907Z app/tests/test_customers.py::TestCustomerTags::test_customer_with_empty_tags PASSED [ 28%]
Backend CI	Run tests	2026-03-17T02:40:10.2017299Z app/tests/test_customers.py::TestCustomerTags::test_customer_with_multiple_tags PASSED [ 28%]
Backend CI	Run tests	2026-03-17T02:40:10.2033116Z app/tests/test_customers.py::TestCustomerBulkOperations::test_customer_bulk_create_schema PASSED [ 28%]
Backend CI	Run tests	2026-03-17T02:40:10.2050899Z app/tests/test_customers.py::TestCustomerBulkOperations::test_customer_bulk_delete_schema PASSED [ 28%]
Backend CI	Run tests	2026-03-17T02:40:10.2080896Z app/tests/test_dashboard_service.py::TestDashboardCRUD::test_create PASSED [ 28%]
Backend CI	Run tests	2026-03-17T02:40:10.2124820Z app/tests/test_dashboard_service.py::TestDashboardCRUD::test_list PASSED [ 28%]
Backend CI	Run tests	2026-03-17T02:40:10.2169884Z app/tests/test_dashboard_service.py::TestDashboardCRUD::test_get_found PASSED [ 29%]
Backend CI	Run tests	2026-03-17T02:40:10.2209873Z app/tests/test_dashboard_service.py::TestDashboardCRUD::test_get_not_found PASSED [ 29%]
Backend CI	Run tests	2026-03-17T02:40:10.2259451Z app/tests/test_dashboard_service.py::TestDashboardCRUD::test_update PASSED [ 29%]
Backend CI	Run tests	2026-03-17T02:40:10.2324246Z app/tests/test_dashboard_service.py::TestDashboardCRUD::test_delete PASSED [ 29%]
Backend CI	Run tests	2026-03-17T02:40:10.2352604Z app/tests/test_dashboard_service.py::TestWidgetCRUD::test_add_widget PASSED [ 29%]
Backend CI	Run tests	2026-03-17T02:40:10.2401639Z app/tests/test_dashboard_service.py::TestWidgetCRUD::test_update_widget_found PASSED [ 29%]
Backend CI	Run tests	2026-03-17T02:40:10.2441651Z app/tests/test_dashboard_service.py::TestWidgetCRUD::test_update_widget_not_found PASSED [ 29%]
Backend CI	Run tests	2026-03-17T02:40:10.2490435Z app/tests/test_dashboard_service.py::TestWidgetCRUD::test_remove_widget PASSED [ 29%]
Backend CI	Run tests	2026-03-17T02:40:10.2529100Z app/tests/test_dashboard_service.py::TestWidgetCRUD::test_remove_widget_not_found PASSED [ 29%]
Backend CI	Run tests	2026-03-17T02:40:10.2547596Z app/tests/test_dashboard_service.py::TestWidgetData::test_unknown_type PASSED [ 29%]
Backend CI	Run tests	2026-03-17T02:40:10.2603617Z app/tests/test_dashboard_service.py::TestWidgetData::test_kpi_total_orders PASSED [ 29%]
Backend CI	Run tests	2026-03-17T02:40:10.2641345Z app/tests/test_dashboard_service.py::TestWidgetData::test_kpi_total_customers PASSED [ 29%]
Backend CI	Run tests	2026-03-17T02:40:10.2679259Z app/tests/test_dashboard_service.py::TestWidgetData::test_kpi_total_products PASSED [ 29%]
Backend CI	Run tests	2026-03-17T02:40:10.2721048Z app/tests/test_dashboard_service.py::TestWidgetData::test_kpi_total_sales PASSED [ 29%]
Backend CI	Run tests	2026-03-17T02:40:10.2765070Z app/tests/test_dashboard_service.py::TestWidgetData::test_chart_order_status PASSED [ 29%]
Backend CI	Run tests	2026-03-17T02:40:10.2808805Z app/tests/test_dashboard_service.py::TestWidgetData::test_list_recent_orders PASSED [ 29%]
Backend CI	Run tests	2026-03-17T02:40:10.2866831Z app/tests/test_dashboard_service.py::TestWidgetData::test_list_low_stock PASSED [ 29%]
Backend CI	Run tests	2026-03-17T02:40:10.2923960Z app/tests/test_dashboard_service.py::TestDuplicateAndTemplates::test_duplicate PASSED [ 29%]
Backend CI	Run tests	2026-03-17T02:40:10.2951806Z app/tests/test_dashboard_service.py::TestDuplicateAndTemplates::test_create_template PASSED [ 29%]
Backend CI	Run tests	2026-03-17T02:40:10.2993745Z app/tests/test_dashboard_service.py::TestDuplicateAndTemplates::test_list_templates PASSED [ 29%]
Backend CI	Run tests	2026-03-17T02:40:10.3033225Z app/tests/test_dashboard_service.py::TestDuplicateAndTemplates::test_get_template_not_found PASSED [ 29%]
Backend CI	Run tests	2026-03-17T02:40:10.3089921Z app/tests/test_dashboard_service.py::TestDuplicateAndTemplates::test_apply_template PASSED [ 29%]
Backend CI	Run tests	2026-03-17T02:40:10.3148785Z app/tests/test_dashboard_service.py::TestDuplicateAndTemplates::test_delete_system_template PASSED [ 29%]
Backend CI	Run tests	2026-03-17T02:40:10.3190828Z app/tests/test_dashboard_service.py::TestDuplicateAndTemplates::test_delete_other_business_template PASSED [ 29%]
Backend CI	Run tests	2026-03-17T02:40:10.3240608Z app/tests/test_dashboard_service.py::TestSharing::test_share_new PASSED  [ 29%]
Backend CI	Run tests	2026-03-17T02:40:10.3289068Z app/tests/test_dashboard_service.py::TestSharing::test_share_update_existing PASSED [ 29%]
Backend CI	Run tests	2026-03-17T02:40:10.3329478Z app/tests/test_dashboard_service.py::TestSharing::test_list_shares PASSED [ 29%]
Backend CI	Run tests	2026-03-17T02:40:10.3392261Z app/tests/test_dashboard_service.py::TestSharing::test_revoke_share PASSED [ 29%]
Backend CI	Run tests	2026-03-17T02:40:10.3430944Z app/tests/test_dashboard_service.py::TestSharing::test_revoke_share_not_found PASSED [ 29%]
Backend CI	Run tests	2026-03-17T02:40:10.3484160Z app/tests/test_dashboard_service.py::TestExportSchedules::test_create PASSED [ 29%]
Backend CI	Run tests	2026-03-17T02:40:10.3524527Z app/tests/test_dashboard_service.py::TestExportSchedules::test_list PASSED [ 29%]
Backend CI	Run tests	2026-03-17T02:40:10.3574573Z app/tests/test_dashboard_service.py::TestExportSchedules::test_update PASSED [ 29%]
Backend CI	Run tests	2026-03-17T02:40:10.3630166Z app/tests/test_dashboard_service.py::TestExportSchedules::test_update_not_found PASSED [ 29%]
Backend CI	Run tests	2026-03-17T02:40:10.3680206Z app/tests/test_dashboard_service.py::TestExportSchedules::test_delete PASSED [ 29%]
Backend CI	Run tests	2026-03-17T02:40:10.3723553Z app/tests/test_dashboard_service.py::TestExportSchedules::test_delete_not_found PASSED [ 29%]
Backend CI	Run tests	2026-03-17T02:40:10.3754107Z app/tests/test_delivery_assign_service.py::TestActiveDeliveryCount::test_returns_count PASSED [ 29%]
Backend CI	Run tests	2026-03-17T02:40:10.3783623Z app/tests/test_delivery_assign_service.py::TestActiveDeliveryCount::test_returns_zero_when_scalar_is_none PASSED [ 29%]
Backend CI	Run tests	2026-03-17T02:40:10.3812508Z app/tests/test_delivery_assign_service.py::TestActiveDeliveryCount::test_returns_zero_when_scalar_is_zero PASSED [ 29%]
Backend CI	Run tests	2026-03-17T02:40:10.3841583Z app/tests/test_delivery_assign_service.py::TestActiveDeliveryCount::test_calls_query_with_filter PASSED [ 29%]
Backend CI	Run tests	2026-03-17T02:40:10.3910691Z app/tests/test_delivery_assign_service.py::TestGetAvailableDrivers::test_returns_sorted_by_active_count PASSED [ 29%]
Backend CI	Run tests	2026-03-17T02:40:10.3959035Z app/tests/test_delivery_assign_service.py::TestGetAvailableDrivers::test_excludes_drivers_at_max_capacity PASSED [ 29%]
Backend CI	Run tests	2026-03-17T02:40:10.4022922Z app/tests/test_delivery_assign_service.py::TestGetAvailableDrivers::test_includes_driver_under_max_capacity PASSED [ 29%]
Backend CI	Run tests	2026-03-17T02:40:10.4069499Z app/tests/test_delivery_assign_service.py::TestGetAvailableDrivers::test_default_max_concurrent_is_five PASSED [ 30%]
Backend CI	Run tests	2026-03-17T02:40:10.4117454Z app/tests/test_delivery_assign_service.py::TestGetAvailableDrivers::test_default_max_concurrent_excludes_at_five PASSED [ 30%]
Backend CI	Run tests	2026-03-17T02:40:10.4144940Z app/tests/test_delivery_assign_service.py::TestGetAvailableDrivers::test_returns_empty_list_when_no_drivers PASSED [ 30%]
Backend CI	Run tests	2026-03-17T02:40:10.4198786Z app/tests/test_delivery_assign_service.py::TestGetAvailableDrivers::test_converts_lat_lng_to_float PASSED [ 30%]
Backend CI	Run tests	2026-03-17T02:40:10.4248952Z app/tests/test_delivery_assign_service.py::TestGetAvailableDrivers::test_none_lat_lng_stays_none PASSED [ 30%]
Backend CI	Run tests	2026-03-17T02:40:10.4290940Z app/tests/test_delivery_assign_service.py::TestAutoAssign::test_returns_none_when_no_candidates PASSED [ 30%]
Backend CI	Run tests	2026-03-17T02:40:10.4381136Z app/tests/test_delivery_assign_service.py::TestAutoAssign::test_assigns_best_driver_by_workload PASSED [ 30%]
Backend CI	Run tests	2026-03-17T02:40:10.4470830Z app/tests/test_delivery_assign_service.py::TestAutoAssign::test_assigns_closest_driver_with_location PASSED [ 30%]
Backend CI	Run tests	2026-03-17T02:40:10.4581534Z app/tests/test_delivery_assign_service.py::TestAutoAssign::test_prefers_closer_driver_over_less_busy PASSED [ 30%]
Backend CI	Run tests	2026-03-17T02:40:10.4649139Z app/tests/test_delivery_assign_service.py::TestAutoAssign::test_does_not_change_status_if_not_pending PASSED [ 30%]
Backend CI	Run tests	2026-03-17T02:40:10.4736208Z app/tests/test_delivery_assign_service.py::TestAutoAssign::test_no_location_uses_inf_distance PASSED [ 30%]
Backend CI	Run tests	2026-03-17T02:40:10.4825920Z app/tests/test_delivery_assign_service.py::TestAutoAssign::test_driver_without_location_gets_inf_distance PASSED [ 30%]
Backend CI	Run tests	2026-03-17T02:40:10.4900627Z app/tests/test_delivery_assign_service.py::TestAutoAssign::test_single_candidate_selected PASSED [ 30%]
Backend CI	Run tests	2026-03-17T02:40:10.4961039Z app/tests/test_delivery_assign_service.py::TestReassignDriver::test_reassign_with_reason PASSED [ 30%]
Backend CI	Run tests	2026-03-17T02:40:10.5043425Z app/tests/test_delivery_assign_service.py::TestReassignDriver::test_reassign_without_reason PASSED [ 30%]
Backend CI	Run tests	2026-03-17T02:40:10.5101115Z app/tests/test_delivery_assign_service.py::TestReassignDriver::test_reassign_appends_to_existing_notes PASSED [ 30%]
Backend CI	Run tests	2026-03-17T02:40:10.5158304Z app/tests/test_delivery_assign_service.py::TestReassignDriver::test_reassign_sets_assigned_if_pending PASSED [ 30%]
Backend CI	Run tests	2026-03-17T02:40:10.5214622Z app/tests/test_delivery_assign_service.py::TestReassignDriver::test_reassign_does_not_change_non_pending_status PASSED [ 30%]
Backend CI	Run tests	2026-03-17T02:40:10.5272298Z app/tests/test_delivery_assign_service.py::TestReassignDriver::test_reassign_queries_new_driver PASSED [ 30%]
Backend CI	Run tests	2026-03-17T02:40:10.5342139Z app/tests/test_delivery_assign_service.py::TestGetDriverWorkload::test_returns_workload_for_all_active_drivers PASSED [ 30%]
Backend CI	Run tests	2026-03-17T02:40:10.5409787Z app/tests/test_delivery_assign_service.py::TestGetDriverWorkload::test_sorted_by_active_deliveries_descending PASSED [ 30%]
Backend CI	Run tests	2026-03-17T02:40:10.5457327Z app/tests/test_delivery_assign_service.py::TestGetDriverWorkload::test_utilization_pct_calculation PASSED [ 30%]
Backend CI	Run tests	2026-03-17T02:40:10.5523052Z app/tests/test_delivery_assign_service.py::TestGetDriverWorkload::test_utilization_pct_zero_when_idle PASSED [ 30%]
Backend CI	Run tests	2026-03-17T02:40:10.5569126Z app/tests/test_delivery_assign_service.py::TestGetDriverWorkload::test_utilization_pct_hundred_when_full PASSED [ 30%]
Backend CI	Run tests	2026-03-17T02:40:10.5615244Z app/tests/test_delivery_assign_service.py::TestGetDriverWorkload::test_default_max_concurrent_in_workload PASSED [ 30%]
Backend CI	Run tests	2026-03-17T02:40:10.5661356Z app/tests/test_delivery_assign_service.py::TestGetDriverWorkload::test_workload_dict_keys PASSED [ 30%]
Backend CI	Run tests	2026-03-17T02:40:10.5707642Z app/tests/test_delivery_assign_service.py::TestGetDriverWorkload::test_driver_id_is_string PASSED [ 30%]
Backend CI	Run tests	2026-03-17T02:40:10.5734192Z app/tests/test_delivery_assign_service.py::TestGetDriverWorkload::test_empty_when_no_active_drivers PASSED [ 30%]
Backend CI	Run tests	2026-03-17T02:40:10.5780163Z app/tests/test_delivery_assign_service.py::TestGetDriverWorkload::test_includes_unavailable_drivers PASSED [ 30%]
Backend CI	Run tests	2026-03-17T02:40:10.5829803Z app/tests/test_delivery_assign_service.py::TestGetDriverWorkload::test_utilization_rounds_to_one_decimal PASSED [ 30%]
Backend CI	Run tests	2026-03-17T02:40:10.5846323Z app/tests/test_delivery_fee_service.py::TestHaversineKm::test_same_point_returns_zero PASSED [ 30%]
Backend CI	Run tests	2026-03-17T02:40:10.5861966Z app/tests/test_delivery_fee_service.py::TestHaversineKm::test_joburg_to_pretoria PASSED [ 30%]
Backend CI	Run tests	2026-03-17T02:40:10.5877800Z app/tests/test_delivery_fee_service.py::TestHaversineKm::test_antipodal_points PASSED [ 30%]
Backend CI	Run tests	2026-03-17T02:40:10.5893423Z app/tests/test_delivery_fee_service.py::TestHaversineKm::test_equatorial_quarter PASSED [ 30%]
Backend CI	Run tests	2026-03-17T02:40:10.5909247Z app/tests/test_delivery_fee_service.py::TestHaversineKm::test_symmetry PASSED [ 30%]
Backend CI	Run tests	2026-03-17T02:40:10.5924905Z app/tests/test_delivery_fee_service.py::TestHaversineKm::test_short_distance PASSED [ 30%]
Backend CI	Run tests	2026-03-17T02:40:10.5956600Z app/tests/test_delivery_fee_service.py::TestCalculateFeeFlatStrategy::test_returns_base_fee PASSED [ 30%]
Backend CI	Run tests	2026-03-17T02:40:10.5986580Z app/tests/test_delivery_fee_service.py::TestCalculateFeeFlatStrategy::test_handles_none_delivery_fee PASSED [ 30%]
Backend CI	Run tests	2026-03-17T02:40:10.6016328Z app/tests/test_delivery_fee_service.py::TestCalculateFeeFlatStrategy::test_breakdown_text PASSED [ 30%]
Backend CI	Run tests	2026-03-17T02:40:10.6046318Z app/tests/test_delivery_fee_service.py::TestFreeDeliveryThreshold::test_order_above_threshold_is_free PASSED [ 30%]
Backend CI	Run tests	2026-03-17T02:40:10.6076143Z app/tests/test_delivery_fee_service.py::TestFreeDeliveryThreshold::test_order_equal_to_threshold_is_free PASSED [ 30%]
Backend CI	Run tests	2026-03-17T02:40:10.6105797Z app/tests/test_delivery_fee_service.py::TestFreeDeliveryThreshold::test_order_below_threshold_not_free PASSED [ 30%]
Backend CI	Run tests	2026-03-17T02:40:10.6135516Z app/tests/test_delivery_fee_service.py::TestFreeDeliveryThreshold::test_none_threshold_never_free PASSED [ 30%]
Backend CI	Run tests	2026-03-17T02:40:10.6165569Z app/tests/test_delivery_fee_service.py::TestCalculateFeeDistanceStrategy::test_base_plus_per_km PASSED [ 31%]
Backend CI	Run tests	2026-03-17T02:40:10.6195358Z app/tests/test_delivery_fee_service.py::TestCalculateFeeDistanceStrategy::test_no_coordinates_returns_base_only PASSED [ 31%]
Backend CI	Run tests	2026-03-17T02:40:10.6224874Z app/tests/test_delivery_fee_service.py::TestCalculateFeeDistanceStrategy::test_zero_center_coords_skips_distance PASSED [ 31%]
Backend CI	Run tests	2026-03-17T02:40:10.6254790Z app/tests/test_delivery_fee_service.py::TestCalculateFeeDistanceStrategy::test_fee_quantized_to_two_decimal_places PASSED [ 31%]
Backend CI	Run tests	2026-03-17T02:40:10.6284456Z app/tests/test_delivery_fee_service.py::TestCalculateFeeDistanceStrategy::test_breakdown_includes_per_km_info PASSED [ 31%]
Backend CI	Run tests	2026-03-17T02:40:10.6315227Z app/tests/test_delivery_fee_service.py::TestCalculateFeeOrderValueStrategy::test_min_order_not_met_returns_negative_one PASSED [ 31%]
Backend CI	Run tests	2026-03-17T02:40:10.6354618Z app/tests/test_delivery_fee_service.py::TestCalculateFeeOrderValueStrategy::test_standard_fee_when_above_min PASSED [ 31%]
Backend CI	Run tests	2026-03-17T02:40:10.6377940Z app/tests/test_delivery_fee_service.py::TestCalculateFeeOrderValueStrategy::test_order_equal_to_min_passes PASSED [ 31%]
Backend CI	Run tests	2026-03-17T02:40:10.6407841Z app/tests/test_delivery_fee_service.py::TestCalculateFeeOrderValueStrategy::test_zero_min_order_always_passes PASSED [ 31%]
Backend CI	Run tests	2026-03-17T02:40:10.6437911Z app/tests/test_delivery_fee_service.py::TestCalculateFeeCombinedStrategy::test_base_plus_distance_surcharge PASSED [ 31%]
Backend CI	Run tests	2026-03-17T02:40:10.6467821Z app/tests/test_delivery_fee_service.py::TestCalculateFeeCombinedStrategy::test_combined_no_coords_returns_base PASSED [ 31%]
Backend CI	Run tests	2026-03-17T02:40:10.6497596Z app/tests/test_delivery_fee_service.py::TestMaxDistanceExceeded::test_returns_negative_one_fee PASSED [ 31%]
Backend CI	Run tests	2026-03-17T02:40:10.6527878Z app/tests/test_delivery_fee_service.py::TestMaxDistanceExceeded::test_within_max_distance_is_ok PASSED [ 31%]
Backend CI	Run tests	2026-03-17T02:40:10.6557464Z app/tests/test_delivery_fee_service.py::TestUnknownFeeType::test_unknown_type_uses_flat PASSED [ 31%]
Backend CI	Run tests	2026-03-17T02:40:10.6586963Z app/tests/test_delivery_fee_service.py::TestUnknownFeeType::test_none_fee_type_defaults_to_flat PASSED [ 31%]
Backend CI	Run tests	2026-03-17T02:40:10.6616422Z app/tests/test_delivery_fee_service.py::TestEdgeCases::test_default_order_total_is_zero PASSED [ 31%]
Backend CI	Run tests	2026-03-17T02:40:10.6646406Z app/tests/test_delivery_fee_service.py::TestEdgeCases::test_fee_always_quantized PASSED [ 31%]
Backend CI	Run tests	2026-03-17T02:40:10.6676584Z app/tests/test_delivery_fee_service.py::TestEdgeCases::test_free_delivery_threshold_as_zero_does_not_trigger PASSED [ 31%]
Backend CI	Run tests	2026-03-17T02:40:10.6706504Z app/tests/test_delivery_fee_service.py::TestEdgeCases::test_partial_coords_ignored PASSED [ 31%]
Backend CI	Run tests	2026-03-17T02:40:10.6736730Z app/tests/test_delivery_fee_service.py::TestEdgeCases::test_none_fee_per_km_treated_as_zero PASSED [ 31%]
Backend CI	Run tests	2026-03-17T02:40:10.6769429Z app/tests/test_delivery_fee_service.py::TestEdgeCases::test_result_dict_has_required_keys PASSED [ 31%]
Backend CI	Run tests	2026-03-17T02:40:10.6816806Z app/tests/test_delivery_report_service.py::TestDeliveryTimeReport::test_basic_report PASSED [ 31%]
Backend CI	Run tests	2026-03-17T02:40:10.6881699Z app/tests/test_delivery_report_service.py::TestDeliveryTimeReport::test_empty_result_none_values PASSED [ 31%]
Backend CI	Run tests	2026-03-17T02:40:10.6924286Z app/tests/test_delivery_report_service.py::TestDeliveryTimeReport::test_zero_total PASSED [ 31%]
Backend CI	Run tests	2026-03-17T02:40:10.6967434Z app/tests/test_delivery_report_service.py::TestDeliveryTimeReport::test_rounding_applied PASSED [ 31%]
Backend CI	Run tests	2026-03-17T02:40:10.7010363Z app/tests/test_delivery_report_service.py::TestDeliveryTimeReport::test_negative_diffs PASSED [ 31%]
Backend CI	Run tests	2026-03-17T02:40:10.7054238Z app/tests/test_delivery_report_service.py::TestDeliveryTimeReport::test_date_from_filter PASSED [ 31%]
Backend CI	Run tests	2026-03-17T02:40:10.7097243Z app/tests/test_delivery_report_service.py::TestDeliveryTimeReport::test_date_to_filter PASSED [ 31%]
Backend CI	Run tests	2026-03-17T02:40:10.7141693Z app/tests/test_delivery_report_service.py::TestDeliveryTimeReport::test_both_date_filters PASSED [ 31%]
Backend CI	Run tests	2026-03-17T02:40:10.7208939Z app/tests/test_delivery_report_service.py::TestDeliveryTimeReport::test_decimal_input_values PASSED [ 31%]
Backend CI	Run tests	2026-03-17T02:40:10.7250284Z app/tests/test_delivery_report_service.py::TestDeliveryTimeReport::test_return_type PASSED [ 31%]
Backend CI	Run tests	2026-03-17T02:40:10.7295978Z app/tests/test_delivery_report_service.py::TestZonePerformanceReport::test_single_zone PASSED [ 31%]
Backend CI	Run tests	2026-03-17T02:40:10.7342540Z app/tests/test_delivery_report_service.py::TestZonePerformanceReport::test_multiple_zones PASSED [ 31%]
Backend CI	Run tests	2026-03-17T02:40:10.7385039Z app/tests/test_delivery_report_service.py::TestZonePerformanceReport::test_empty_no_zones PASSED [ 31%]
Backend CI	Run tests	2026-03-17T02:40:10.7428793Z app/tests/test_delivery_report_service.py::TestZonePerformanceReport::test_zero_total_zone PASSED [ 31%]
Backend CI	Run tests	2026-03-17T02:40:10.7487199Z app/tests/test_delivery_report_service.py::TestZonePerformanceReport::test_none_values_in_row PASSED [ 31%]
Backend CI	Run tests	2026-03-17T02:40:10.7530482Z app/tests/test_delivery_report_service.py::TestZonePerformanceReport::test_success_rate_rounding PASSED [ 31%]
Backend CI	Run tests	2026-03-17T02:40:10.7573125Z app/tests/test_delivery_report_service.py::TestZonePerformanceReport::test_all_delivered PASSED [ 31%]
Backend CI	Run tests	2026-03-17T02:40:10.7616190Z app/tests/test_delivery_report_service.py::TestZonePerformanceReport::test_all_failed PASSED [ 31%]
Backend CI	Run tests	2026-03-17T02:40:10.7660044Z app/tests/test_delivery_report_service.py::TestZonePerformanceReport::test_total_fees_float PASSED [ 31%]
Backend CI	Run tests	2026-03-17T02:40:10.7703343Z app/tests/test_delivery_report_service.py::TestZonePerformanceReport::test_date_filters_passed PASSED [ 31%]
Backend CI	Run tests	2026-03-17T02:40:10.7748411Z app/tests/test_delivery_report_service.py::TestZonePerformanceReport::test_return_type PASSED [ 31%]
Backend CI	Run tests	2026-03-17T02:40:10.7809762Z app/tests/test_delivery_report_service.py::TestCostAnalysisReport::test_basic_report PASSED [ 32%]
Backend CI	Run tests	2026-03-17T02:40:10.7852532Z app/tests/test_delivery_report_service.py::TestCostAnalysisReport::test_empty_result_all_none PASSED [ 32%]
Backend CI	Run tests	2026-03-17T02:40:10.7896288Z app/tests/test_delivery_report_service.py::TestCostAnalysisReport::test_zero_total PASSED [ 32%]
Backend CI	Run tests	2026-03-17T02:40:10.7939342Z app/tests/test_delivery_report_service.py::TestCostAnalysisReport::test_avg_fee_rounding PASSED [ 32%]
Backend CI	Run tests	2026-03-17T02:40:10.7982281Z app/tests/test_delivery_report_service.py::TestCostAnalysisReport::test_large_values PASSED [ 32%]
Backend CI	Run tests	2026-03-17T02:40:10.8027888Z app/tests/test_delivery_report_service.py::TestCostAnalysisReport::test_date_from_only PASSED [ 32%]
Backend CI	Run tests	2026-03-17T02:40:10.8073891Z app/tests/test_delivery_report_service.py::TestCostAnalysisReport::test_date_to_only PASSED [ 32%]
Backend CI	Run tests	2026-03-17T02:40:10.8141691Z app/tests/test_delivery_report_service.py::TestCostAnalysisReport::test_both_dates PASSED [ 32%]
Backend CI	Run tests	2026-03-17T02:40:10.8183686Z app/tests/test_delivery_report_service.py::TestCostAnalysisReport::test_return_type PASSED [ 32%]
Backend CI	Run tests	2026-03-17T02:40:10.8227201Z app/tests/test_delivery_report_service.py::TestCostAnalysisReport::test_float_conversion PASSED [ 32%]
Backend CI	Run tests	2026-03-17T02:40:10.8272573Z app/tests/test_delivery_report_service.py::TestDriverComparisonReport::test_single_driver PASSED [ 32%]
Backend CI	Run tests	2026-03-17T02:40:10.8320610Z app/tests/test_delivery_report_service.py::TestDriverComparisonReport::test_multiple_drivers_sorted_by_success_rate PASSED [ 32%]
Backend CI	Run tests	2026-03-17T02:40:10.8364106Z app/tests/test_delivery_report_service.py::TestDriverComparisonReport::test_empty_no_drivers PASSED [ 32%]
Backend CI	Run tests	2026-03-17T02:40:10.8426564Z app/tests/test_delivery_report_service.py::TestDriverComparisonReport::test_zero_total_driver PASSED [ 32%]
Backend CI	Run tests	2026-03-17T02:40:10.8469356Z app/tests/test_delivery_report_service.py::TestDriverComparisonReport::test_none_values_default_to_zero PASSED [ 32%]
Backend CI	Run tests	2026-03-17T02:40:10.8514898Z app/tests/test_delivery_report_service.py::TestDriverComparisonReport::test_success_rate_rounding PASSED [ 32%]
Backend CI	Run tests	2026-03-17T02:40:10.8559094Z app/tests/test_delivery_report_service.py::TestDriverComparisonReport::test_all_delivered PASSED [ 32%]
Backend CI	Run tests	2026-03-17T02:40:10.8603093Z app/tests/test_delivery_report_service.py::TestDriverComparisonReport::test_all_failed PASSED [ 32%]
Backend CI	Run tests	2026-03-17T02:40:10.8646940Z app/tests/test_delivery_report_service.py::TestDriverComparisonReport::test_date_filters PASSED [ 32%]
Backend CI	Run tests	2026-03-17T02:40:10.8693569Z app/tests/test_delivery_report_service.py::TestDriverComparisonReport::test_tied_success_rates_stable_sort PASSED [ 32%]
Backend CI	Run tests	2026-03-17T02:40:10.8751889Z app/tests/test_delivery_report_service.py::TestDriverComparisonReport::test_total_fees_float PASSED [ 32%]
Backend CI	Run tests	2026-03-17T02:40:10.8799644Z app/tests/test_delivery_report_service.py::TestDriverComparisonReport::test_return_type PASSED [ 32%]
Backend CI	Run tests	2026-03-17T02:40:10.8829292Z app/tests/test_delivery_service.py::TestCreateZone::test_creates_and_commits PASSED [ 32%]
Backend CI	Run tests	2026-03-17T02:40:10.8858671Z app/tests/test_delivery_service.py::TestCreateZone::test_defaults_no_description PASSED [ 32%]
Backend CI	Run tests	2026-03-17T02:40:10.8928952Z app/tests/test_delivery_service.py::TestListZones::test_returns_active_zones PASSED [ 32%]
Backend CI	Run tests	2026-03-17T02:40:10.8970642Z app/tests/test_delivery_service.py::TestListZones::test_empty_list PASSED [ 32%]
Backend CI	Run tests	2026-03-17T02:40:10.9033307Z app/tests/test_delivery_service.py::TestUpdateZone::test_updates_fields PASSED [ 32%]
Backend CI	Run tests	2026-03-17T02:40:10.9096326Z app/tests/test_delivery_service.py::TestUpdateZone::test_not_found_returns_none PASSED [ 32%]
Backend CI	Run tests	2026-03-17T02:40:10.9157669Z app/tests/test_delivery_service.py::TestUpdateZone::test_ignores_nonexistent_attributes PASSED [ 32%]
Backend CI	Run tests	2026-03-17T02:40:10.9188070Z app/tests/test_delivery_service.py::TestCreateDriver::test_creates_and_commits PASSED [ 32%]
Backend CI	Run tests	2026-03-17T02:40:10.9217389Z app/tests/test_delivery_service.py::TestCreateDriver::test_optional_fields_default_none PASSED [ 32%]
Backend CI	Run tests	2026-03-17T02:40:10.9283926Z app/tests/test_delivery_service.py::TestListDrivers::test_returns_all_active_drivers PASSED [ 32%]
Backend CI	Run tests	2026-03-17T02:40:10.9339639Z app/tests/test_delivery_service.py::TestListDrivers::test_available_only_adds_filter PASSED [ 32%]
Backend CI	Run tests	2026-03-17T02:40:10.9382436Z app/tests/test_delivery_service.py::TestListDrivers::test_empty_list PASSED [ 32%]
Backend CI	Run tests	2026-03-17T02:40:10.9462583Z app/tests/test_delivery_service.py::TestToggleDriverAvailability::test_toggles_true_to_false PASSED [ 32%]
Backend CI	Run tests	2026-03-17T02:40:10.9523850Z app/tests/test_delivery_service.py::TestToggleDriverAvailability::test_toggles_false_to_true PASSED [ 32%]
Backend CI	Run tests	2026-03-17T02:40:10.9567342Z app/tests/test_delivery_service.py::TestToggleDriverAvailability::test_not_found_returns_none PASSED [ 32%]
Backend CI	Run tests	2026-03-17T02:40:10.9597724Z app/tests/test_delivery_service.py::TestCreateDelivery::test_without_driver_sets_pending PASSED [ 32%]
Backend CI	Run tests	2026-03-17T02:40:10.9626785Z app/tests/test_delivery_service.py::TestCreateDelivery::test_with_driver_sets_assigned PASSED [ 32%]
Backend CI	Run tests	2026-03-17T02:40:10.9656202Z app/tests/test_delivery_service.py::TestCreateDelivery::test_delivery_fee_defaults_to_zero PASSED [ 32%]
Backend CI	Run tests	2026-03-17T02:40:10.9685449Z app/tests/test_delivery_service.py::TestCreateDelivery::test_with_all_optional_fields PASSED [ 32%]
Backend CI	Run tests	2026-03-17T02:40:10.9769223Z app/tests/test_delivery_service.py::TestAssignDriver::test_assigns_and_updates_pending_to_assigned PASSED [ 32%]
Backend CI	Run tests	2026-03-17T02:40:10.9833242Z app/tests/test_delivery_service.py::TestAssignDriver::test_does_not_change_non_pending_status PASSED [ 33%]
Backend CI	Run tests	2026-03-17T02:40:10.9876343Z app/tests/test_delivery_service.py::TestAssignDriver::test_not_found_returns_none PASSED [ 33%]
Backend CI	Run tests	2026-03-17T02:40:10.9937623Z app/tests/test_delivery_service.py::TestUpdateStatus::test_sets_new_status PASSED [ 33%]
Backend CI	Run tests	2026-03-17T02:40:11.0000929Z app/tests/test_delivery_service.py::TestUpdateStatus::test_delivered_sets_actual_time PASSED [ 33%]
Backend CI	Run tests	2026-03-17T02:40:11.0075422Z app/tests/test_delivery_service.py::TestUpdateStatus::test_with_proof PASSED [ 33%]
Backend CI	Run tests	2026-03-17T02:40:11.0116849Z app/tests/test_delivery_service.py::TestUpdateStatus::test_not_found_returns_none PASSED [ 33%]
Backend CI	Run tests	2026-03-17T02:40:11.0175534Z app/tests/test_delivery_service.py::TestUpdateStatus::test_non_delivered_status_no_time PASSED [ 33%]
Backend CI	Run tests	2026-03-17T02:40:11.0226896Z app/tests/test_delivery_service.py::TestGetDelivery::test_found PASSED   [ 33%]
Backend CI	Run tests	2026-03-17T02:40:11.0266318Z app/tests/test_delivery_service.py::TestGetDelivery::test_not_found PASSED [ 33%]
Backend CI	Run tests	2026-03-17T02:40:11.0331781Z app/tests/test_delivery_service.py::TestListDeliveries::test_returns_items_and_total PASSED [ 33%]
Backend CI	Run tests	2026-03-17T02:40:11.0386538Z app/tests/test_delivery_service.py::TestListDeliveries::test_empty_result PASSED [ 33%]
Backend CI	Run tests	2026-03-17T02:40:11.0441218Z app/tests/test_delivery_service.py::TestListDeliveries::test_with_status_filter PASSED [ 33%]
Backend CI	Run tests	2026-03-17T02:40:11.0485359Z app/tests/test_delivery_service.py::TestListDeliveries::test_with_driver_filter PASSED [ 33%]
Backend CI	Run tests	2026-03-17T02:40:11.0538574Z app/tests/test_delivery_service.py::TestListDeliveries::test_pagination PASSED [ 33%]
Backend CI	Run tests	2026-03-17T02:40:11.0593157Z app/tests/test_delivery_service.py::TestGetActiveDeliveries::test_returns_non_terminal_deliveries PASSED [ 33%]
Backend CI	Run tests	2026-03-17T02:40:11.0635192Z app/tests/test_delivery_service.py::TestGetActiveDeliveries::test_empty_when_all_completed PASSED [ 33%]
Backend CI	Run tests	2026-03-17T02:40:11.0763158Z app/tests/test_delivery_service.py::TestGetDriverStats::test_returns_stats_with_deliveries PASSED [ 33%]
Backend CI	Run tests	2026-03-17T02:40:11.0851521Z app/tests/test_delivery_service.py::TestGetDriverStats::test_zero_deliveries_no_division_error PASSED [ 33%]
Backend CI	Run tests	2026-03-17T02:40:11.0938489Z app/tests/test_delivery_service.py::TestGetDriverStats::test_with_date_filters PASSED [ 33%]
Backend CI	Run tests	2026-03-17T02:40:11.0954038Z app/tests/test_delivery_services.py::TestHaversine::test_same_point_returns_zero PASSED [ 33%]
Backend CI	Run tests	2026-03-17T02:40:11.0968996Z app/tests/test_delivery_services.py::TestHaversine::test_johannesburg_to_pretoria PASSED [ 33%]
Backend CI	Run tests	2026-03-17T02:40:11.0984096Z app/tests/test_delivery_services.py::TestHaversine::test_short_distance PASSED [ 33%]
Backend CI	Run tests	2026-03-17T02:40:11.1001791Z app/tests/test_delivery_services.py::TestFeeCalculation::test_flat_fee PASSED [ 33%]
Backend CI	Run tests	2026-03-17T02:40:11.1019721Z app/tests/test_delivery_services.py::TestFeeCalculation::test_free_delivery_above_threshold PASSED [ 33%]
Backend CI	Run tests	2026-03-17T02:40:11.1037439Z app/tests/test_delivery_services.py::TestFeeCalculation::test_below_threshold_charges_fee PASSED [ 33%]
Backend CI	Run tests	2026-03-17T02:40:11.1055776Z app/tests/test_delivery_services.py::TestFeeCalculation::test_distance_fee_with_coords PASSED [ 33%]
Backend CI	Run tests	2026-03-17T02:40:11.1073444Z app/tests/test_delivery_services.py::TestFeeCalculation::test_distance_fee_without_coords_returns_base PASSED [ 33%]
Backend CI	Run tests	2026-03-17T02:40:11.1092134Z app/tests/test_delivery_services.py::TestFeeCalculation::test_max_distance_exceeded PASSED [ 33%]
Backend CI	Run tests	2026-03-17T02:40:11.1110014Z app/tests/test_delivery_services.py::TestFeeCalculation::test_order_value_min_order_not_met PASSED [ 33%]
Backend CI	Run tests	2026-03-17T02:40:11.1127992Z app/tests/test_delivery_services.py::TestFeeCalculation::test_combined_fee PASSED [ 33%]
Backend CI	Run tests	2026-03-17T02:40:11.1143342Z app/tests/test_delivery_services.py::TestPointInPolygon::test_point_inside_square PASSED [ 33%]
Backend CI	Run tests	2026-03-17T02:40:11.1158410Z app/tests/test_delivery_services.py::TestPointInPolygon::test_point_outside_square PASSED [ 33%]
Backend CI	Run tests	2026-03-17T02:40:11.1173103Z app/tests/test_delivery_services.py::TestPointInPolygon::test_point_on_edge PASSED [ 33%]
Backend CI	Run tests	2026-03-17T02:40:11.1206220Z app/tests/test_delivery_services.py::TestZoneMatching::test_radius_zone_match PASSED [ 33%]
Backend CI	Run tests	2026-03-17T02:40:11.1237655Z app/tests/test_delivery_services.py::TestZoneMatching::test_radius_zone_too_far PASSED [ 33%]
Backend CI	Run tests	2026-03-17T02:40:11.1269171Z app/tests/test_delivery_services.py::TestZoneMatching::test_polygon_zone_match PASSED [ 33%]
Backend CI	Run tests	2026-03-17T02:40:11.1311634Z app/tests/test_delivery_services.py::TestZoneMatching::test_flat_zone_fallback PASSED [ 33%]
Backend CI	Run tests	2026-03-17T02:40:11.1343011Z app/tests/test_delivery_services.py::TestZoneMatching::test_postcode_match PASSED [ 33%]
Backend CI	Run tests	2026-03-17T02:40:11.1373434Z app/tests/test_delivery_services.py::TestZoneMatching::test_postcode_no_match PASSED [ 33%]
Backend CI	Run tests	2026-03-17T02:40:11.1406896Z app/tests/test_delivery_services.py::TestZoneMatching::test_check_address_coords_first PASSED [ 33%]
Backend CI	Run tests	2026-03-17T02:40:11.1455753Z app/tests/test_delivery_services.py::TestAutoAssignment::test_assigns_driver_with_fewest_deliveries PASSED [ 33%]
Backend CI	Run tests	2026-03-17T02:40:11.1484480Z app/tests/test_delivery_services.py::TestAutoAssignment::test_no_available_drivers PASSED [ 33%]
Backend CI	Run tests	2026-03-17T02:40:11.1519564Z app/tests/test_delivery_services.py::TestAutoAssignment::test_driver_at_max_concurrent_skipped PASSED [ 34%]
Backend CI	Run tests	2026-03-17T02:40:11.1559338Z app/tests/test_delivery_services.py::TestAutoAssignment::test_workload_includes_all_drivers PASSED [ 34%]
Backend CI	Run tests	2026-03-17T02:40:11.1574617Z app/tests/test_delivery_services.py::TestETACalculation::test_zero_distance PASSED [ 34%]
Backend CI	Run tests	2026-03-17T02:40:11.1589668Z app/tests/test_delivery_services.py::TestETACalculation::test_positive_distance PASSED [ 34%]
Backend CI	Run tests	2026-03-17T02:40:11.1604936Z app/tests/test_delivery_services.py::TestETACalculation::test_custom_speed_and_prep PASSED [ 34%]
Backend CI	Run tests	2026-03-17T02:40:11.1622302Z app/tests/test_delivery_services.py::TestETACalculation::test_negative_distance_returns_prep_only PASSED [ 34%]
Backend CI	Run tests	2026-03-17T02:40:11.1658853Z app/tests/test_delivery_tracking_service.py::TestCreateShift::test_creates_shift_successfully PASSED [ 34%]
Backend CI	Run tests	2026-03-17T02:40:11.1694479Z app/tests/test_delivery_tracking_service.py::TestCreateShift::test_raises_when_end_before_start PASSED [ 34%]
Backend CI	Run tests	2026-03-17T02:40:11.1714674Z app/tests/test_delivery_tracking_service.py::TestCreateShift::test_raises_when_end_equals_start PASSED [ 34%]
Backend CI	Run tests	2026-03-17T02:40:11.1772267Z app/tests/test_delivery_tracking_service.py::TestStartShift::test_starts_shift_successfully PASSED [ 34%]
Backend CI	Run tests	2026-03-17T02:40:11.1808268Z app/tests/test_delivery_tracking_service.py::TestStartShift::test_returns_none_when_not_found PASSED [ 34%]
Backend CI	Run tests	2026-03-17T02:40:11.1851983Z app/tests/test_delivery_tracking_service.py::TestEndShift::test_ends_shift_successfully PASSED [ 34%]
Backend CI	Run tests	2026-03-17T02:40:11.1888308Z app/tests/test_delivery_tracking_service.py::TestEndShift::test_returns_none_when_not_found PASSED [ 34%]
Backend CI	Run tests	2026-03-17T02:40:11.1927212Z app/tests/test_delivery_tracking_service.py::TestListShifts::test_basic_list PASSED [ 34%]
Backend CI	Run tests	2026-03-17T02:40:11.1965859Z app/tests/test_delivery_tracking_service.py::TestListShifts::test_with_date_filters PASSED [ 34%]
Backend CI	Run tests	2026-03-17T02:40:11.2003645Z app/tests/test_delivery_tracking_service.py::TestListShifts::test_with_from_date_only PASSED [ 34%]
Backend CI	Run tests	2026-03-17T02:40:11.2053253Z app/tests/test_delivery_tracking_service.py::TestListShifts::test_with_to_date_only PASSED [ 34%]
Backend CI	Run tests	2026-03-17T02:40:11.2089298Z app/tests/test_delivery_tracking_service.py::TestListShifts::test_pagination PASSED [ 34%]
Backend CI	Run tests	2026-03-17T02:40:11.2125480Z app/tests/test_delivery_tracking_service.py::TestListShifts::test_empty_result PASSED [ 34%]
Backend CI	Run tests	2026-03-17T02:40:11.2160599Z app/tests/test_delivery_tracking_service.py::TestAddTrackingUpdate::test_with_all_params PASSED [ 34%]
Backend CI	Run tests	2026-03-17T02:40:11.2194481Z app/tests/test_delivery_tracking_service.py::TestAddTrackingUpdate::test_with_minimal_params PASSED [ 34%]
Backend CI	Run tests	2026-03-17T02:40:11.2233353Z app/tests/test_delivery_tracking_service.py::TestGetTrackingHistory::test_returns_ordered_results PASSED [ 34%]
Backend CI	Run tests	2026-03-17T02:40:11.2267858Z app/tests/test_delivery_tracking_service.py::TestGetTrackingHistory::test_returns_empty_list PASSED [ 34%]
Backend CI	Run tests	2026-03-17T02:40:11.2305193Z app/tests/test_delivery_tracking_service.py::TestGetLatestTracking::test_returns_latest_when_found PASSED [ 34%]
Backend CI	Run tests	2026-03-17T02:40:11.2341381Z app/tests/test_delivery_tracking_service.py::TestGetLatestTracking::test_returns_none_when_not_found PASSED [ 34%]
Backend CI	Run tests	2026-03-17T02:40:11.2388962Z app/tests/test_delivery_tracking_service.py::TestAddProof::test_signature_proof PASSED [ 34%]
Backend CI	Run tests	2026-03-17T02:40:11.2422066Z app/tests/test_delivery_tracking_service.py::TestAddProof::test_photo_proof PASSED [ 34%]
Backend CI	Run tests	2026-03-17T02:40:11.2455556Z app/tests/test_delivery_tracking_service.py::TestAddProof::test_both_proof PASSED [ 34%]
Backend CI	Run tests	2026-03-17T02:40:11.2486169Z app/tests/test_delivery_tracking_service.py::TestAddProof::test_signature_missing_url_raises PASSED [ 34%]
Backend CI	Run tests	2026-03-17T02:40:11.2515498Z app/tests/test_delivery_tracking_service.py::TestAddProof::test_photo_missing_url_raises PASSED [ 34%]
Backend CI	Run tests	2026-03-17T02:40:11.2549412Z app/tests/test_delivery_tracking_service.py::TestAddProof::test_both_missing_signature_raises PASSED [ 34%]
Backend CI	Run tests	2026-03-17T02:40:11.2569258Z app/tests/test_delivery_tracking_service.py::TestAddProof::test_both_missing_photo_raises PASSED [ 34%]
Backend CI	Run tests	2026-03-17T02:40:11.2589532Z app/tests/test_delivery_tracking_service.py::TestAddProof::test_both_missing_all_raises PASSED [ 34%]
Backend CI	Run tests	2026-03-17T02:40:11.2626885Z app/tests/test_delivery_tracking_service.py::TestGetProof::test_returns_proof_when_found PASSED [ 34%]
Backend CI	Run tests	2026-03-17T02:40:11.2661308Z app/tests/test_delivery_tracking_service.py::TestGetProof::test_returns_none_when_not_found PASSED [ 34%]
Backend CI	Run tests	2026-03-17T02:40:11.2677542Z app/tests/test_delivery_tracking_service.py::TestEstimateEta::test_normal_distance PASSED [ 34%]
Backend CI	Run tests	2026-03-17T02:40:11.2692845Z app/tests/test_delivery_tracking_service.py::TestEstimateEta::test_zero_distance PASSED [ 34%]
Backend CI	Run tests	2026-03-17T02:40:11.2707664Z app/tests/test_delivery_tracking_service.py::TestEstimateEta::test_negative_distance PASSED [ 34%]
Backend CI	Run tests	2026-03-17T02:40:11.2722218Z app/tests/test_delivery_tracking_service.py::TestEstimateEta::test_custom_speed PASSED [ 34%]
Backend CI	Run tests	2026-03-17T02:40:11.2737227Z app/tests/test_delivery_tracking_service.py::TestEstimateEta::test_custom_prep_minutes PASSED [ 34%]
Backend CI	Run tests	2026-03-17T02:40:11.2751892Z app/tests/test_delivery_tracking_service.py::TestEstimateEta::test_fractional_result_rounds PASSED [ 34%]
Backend CI	Run tests	2026-03-17T02:40:11.2766706Z app/tests/test_delivery_tracking_service.py::TestEstimateEta::test_small_distance PASSED [ 34%]
Backend CI	Run tests	2026-03-17T02:40:11.2784454Z app/tests/test_delivery_tracking_service.py::TestEstimateEta::test_zero_distance_with_custom_prep PASSED [ 35%]
Backend CI	Run tests	2026-03-17T02:40:11.2799146Z app/tests/test_delivery_zone_service.py::TestPointInPolygon::test_inside_square PASSED [ 35%]
Backend CI	Run tests	2026-03-17T02:40:11.2814114Z app/tests/test_delivery_zone_service.py::TestPointInPolygon::test_outside_square_right PASSED [ 35%]
Backend CI	Run tests	2026-03-17T02:40:11.2828727Z app/tests/test_delivery_zone_service.py::TestPointInPolygon::test_outside_square_above PASSED [ 35%]
Backend CI	Run tests	2026-03-17T02:40:11.2843423Z app/tests/test_delivery_zone_service.py::TestPointInPolygon::test_outside_square_negative PASSED [ 35%]
Backend CI	Run tests	2026-03-17T02:40:11.2858165Z app/tests/test_delivery_zone_service.py::TestPointInPolygon::test_corner_of_square PASSED [ 35%]
Backend CI	Run tests	2026-03-17T02:40:11.2873032Z app/tests/test_delivery_zone_service.py::TestPointInPolygon::test_on_edge_of_square PASSED [ 35%]
Backend CI	Run tests	2026-03-17T02:40:11.2887760Z app/tests/test_delivery_zone_service.py::TestPointInPolygon::test_inside_triangle PASSED [ 35%]
Backend CI	Run tests	2026-03-17T02:40:11.2902263Z app/tests/test_delivery_zone_service.py::TestPointInPolygon::test_outside_triangle PASSED [ 35%]
Backend CI	Run tests	2026-03-17T02:40:11.2917478Z app/tests/test_delivery_zone_service.py::TestPointInPolygon::test_decimal_coords_inside PASSED [ 35%]
Backend CI	Run tests	2026-03-17T02:40:11.2932275Z app/tests/test_delivery_zone_service.py::TestPointInPolygon::test_decimal_coords_outside PASSED [ 35%]
Backend CI	Run tests	2026-03-17T02:40:11.2947678Z app/tests/test_delivery_zone_service.py::TestPointInPolygon::test_minimal_three_vertices PASSED [ 35%]
Backend CI	Run tests	2026-03-17T02:40:11.2962614Z app/tests/test_delivery_zone_service.py::TestPointInPolygon::test_concave_polygon_inside_concavity PASSED [ 35%]
Backend CI	Run tests	2026-03-17T02:40:11.2992513Z app/tests/test_delivery_zone_service.py::TestMatchZoneByCoords::test_returns_none_when_no_zones PASSED [ 35%]
Backend CI	Run tests	2026-03-17T02:40:11.3037003Z app/tests/test_delivery_zone_service.py::TestMatchZoneByCoords::test_radius_match_within_range PASSED [ 35%]
Backend CI	Run tests	2026-03-17T02:40:11.3080044Z app/tests/test_delivery_zone_service.py::TestMatchZoneByCoords::test_radius_no_match_outside_range PASSED [ 35%]
Backend CI	Run tests	2026-03-17T02:40:11.3135967Z app/tests/test_delivery_zone_service.py::TestMatchZoneByCoords::test_radius_closest_wins PASSED [ 35%]
Backend CI	Run tests	2026-03-17T02:40:11.3178196Z app/tests/test_delivery_zone_service.py::TestMatchZoneByCoords::test_radius_exact_boundary PASSED [ 35%]
Backend CI	Run tests	2026-03-17T02:40:11.3232838Z app/tests/test_delivery_zone_service.py::TestMatchZoneByCoords::test_radius_skipped_when_center_zero PASSED [ 35%]
Backend CI	Run tests	2026-03-17T02:40:11.3273268Z app/tests/test_delivery_zone_service.py::TestMatchZoneByCoords::test_radius_skipped_when_radius_zero PASSED [ 35%]
Backend CI	Run tests	2026-03-17T02:40:11.3315133Z app/tests/test_delivery_zone_service.py::TestMatchZoneByCoords::test_radius_skipped_when_none_values PASSED [ 35%]
Backend CI	Run tests	2026-03-17T02:40:11.3356651Z app/tests/test_delivery_zone_service.py::TestMatchZoneByCoords::test_polygon_match PASSED [ 35%]
Backend CI	Run tests	2026-03-17T02:40:11.3398434Z app/tests/test_delivery_zone_service.py::TestMatchZoneByCoords::test_polygon_no_match PASSED [ 35%]
Backend CI	Run tests	2026-03-17T02:40:11.3439873Z app/tests/test_delivery_zone_service.py::TestMatchZoneByCoords::test_polygon_boundary_too_few_points_skipped PASSED [ 35%]
Backend CI	Run tests	2026-03-17T02:40:11.3481243Z app/tests/test_delivery_zone_service.py::TestMatchZoneByCoords::test_polygon_boundary_none_skipped PASSED [ 35%]
Backend CI	Run tests	2026-03-17T02:40:11.3523386Z app/tests/test_delivery_zone_service.py::TestMatchZoneByCoords::test_polygon_boundary_not_list_skipped PASSED [ 35%]
Backend CI	Run tests	2026-03-17T02:40:11.3565148Z app/tests/test_delivery_zone_service.py::TestMatchZoneByCoords::test_flat_fallback PASSED [ 35%]
Backend CI	Run tests	2026-03-17T02:40:11.3620141Z app/tests/test_delivery_zone_service.py::TestMatchZoneByCoords::test_flat_first_only PASSED [ 35%]
Backend CI	Run tests	2026-03-17T02:40:11.3678069Z app/tests/test_delivery_zone_service.py::TestMatchZoneByCoords::test_radius_beats_polygon PASSED [ 35%]
Backend CI	Run tests	2026-03-17T02:40:11.3733330Z app/tests/test_delivery_zone_service.py::TestMatchZoneByCoords::test_radius_beats_flat PASSED [ 35%]
Backend CI	Run tests	2026-03-17T02:40:11.3788133Z app/tests/test_delivery_zone_service.py::TestMatchZoneByCoords::test_polygon_beats_flat PASSED [ 35%]
Backend CI	Run tests	2026-03-17T02:40:11.3869084Z app/tests/test_delivery_zone_service.py::TestMatchZoneByCoords::test_falls_through_to_flat_when_radius_and_polygon_miss PASSED [ 35%]
Backend CI	Run tests	2026-03-17T02:40:11.3909280Z app/tests/test_delivery_zone_service.py::TestMatchZoneByCoords::test_zone_type_none_treated_as_flat PASSED [ 35%]
Backend CI	Run tests	2026-03-17T02:40:11.3951474Z app/tests/test_delivery_zone_service.py::TestMatchZoneByCoords::test_zone_type_uppercase_radius PASSED [ 35%]
Backend CI	Run tests	2026-03-17T02:40:11.3992938Z app/tests/test_delivery_zone_service.py::TestMatchZoneByCoords::test_postcode_zone_ignored PASSED [ 35%]
Backend CI	Run tests	2026-03-17T02:40:11.4033045Z app/tests/test_delivery_zone_service.py::TestMatchZoneByPostcode::test_matching_postcode PASSED [ 35%]
Backend CI	Run tests	2026-03-17T02:40:11.4072565Z app/tests/test_delivery_zone_service.py::TestMatchZoneByPostcode::test_no_match PASSED [ 35%]
Backend CI	Run tests	2026-03-17T02:40:11.4111586Z app/tests/test_delivery_zone_service.py::TestMatchZoneByPostcode::test_whitespace_trimmed PASSED [ 35%]
Backend CI	Run tests	2026-03-17T02:40:11.4138309Z app/tests/test_delivery_zone_service.py::TestMatchZoneByPostcode::test_no_zones_returns_none PASSED [ 35%]
Backend CI	Run tests	2026-03-17T02:40:11.4178551Z app/tests/test_delivery_zone_service.py::TestMatchZoneByPostcode::test_postcodes_none_skipped PASSED [ 35%]
Backend CI	Run tests	2026-03-17T02:40:11.4217651Z app/tests/test_delivery_zone_service.py::TestMatchZoneByPostcode::test_postcodes_not_list_skipped PASSED [ 35%]
Backend CI	Run tests	2026-03-17T02:40:11.4273471Z app/tests/test_delivery_zone_service.py::TestMatchZoneByPostcode::test_first_matching_zone_returned PASSED [ 35%]
Backend CI	Run tests	2026-03-17T02:40:11.4313395Z app/tests/test_delivery_zone_service.py::TestMatchZoneByPostcode::test_empty_postcode_list PASSED [ 35%]
Backend CI	Run tests	2026-03-17T02:40:11.4348492Z app/tests/test_delivery_zone_service.py::TestCheckAddressInZone::test_coords_only PASSED [ 36%]
Backend CI	Run tests	2026-03-17T02:40:11.4384649Z app/tests/test_delivery_zone_service.py::TestCheckAddressInZone::test_postcode_only PASSED [ 36%]
Backend CI	Run tests	2026-03-17T02:40:11.4419136Z app/tests/test_delivery_zone_service.py::TestCheckAddressInZone::test_both_coords_preferred PASSED [ 36%]
Backend CI	Run tests	2026-03-17T02:40:11.4455708Z app/tests/test_delivery_zone_service.py::TestCheckAddressInZone::test_falls_through_to_postcode PASSED [ 36%]
Backend CI	Run tests	2026-03-17T02:40:11.4476397Z app/tests/test_delivery_zone_service.py::TestCheckAddressInZone::test_neither_returns_none PASSED [ 36%]
Backend CI	Run tests	2026-03-17T02:40:11.4497902Z app/tests/test_delivery_zone_service.py::TestCheckAddressInZone::test_both_miss_returns_none PASSED [ 36%]
Backend CI	Run tests	2026-03-17T02:40:11.4520394Z app/tests/test_delivery_zone_service.py::TestCheckAddressInZone::test_lat_only_without_lng_skips_coords PASSED [ 36%]
Backend CI	Run tests	2026-03-17T02:40:11.4543975Z app/tests/test_delivery_zone_service.py::TestCheckAddressInZone::test_empty_postcode_skips_postcode PASSED [ 36%]
Backend CI	Run tests	2026-03-17T02:40:11.4677272Z app/tests/test_department_service.py::TestGetDepartments::test_returns_departments_for_member PASSED [ 36%]
Backend CI	Run tests	2026-03-17T02:40:11.4770682Z app/tests/test_department_service.py::TestGetDepartments::test_superadmin_bypasses_access_check PASSED [ 36%]
Backend CI	Run tests	2026-03-17T02:40:11.4852284Z app/tests/test_department_service.py::TestGetDepartments::test_returns_empty_list PASSED [ 36%]
Backend CI	Run tests	2026-03-17T02:40:11.4944904Z app/tests/test_department_service.py::TestGetDepartments::test_access_denied_for_non_member PASSED [ 36%]
Backend CI	Run tests	2026-03-17T02:40:11.5034956Z app/tests/test_department_service.py::TestGetDepartment::test_returns_department_with_count PASSED [ 36%]
Backend CI	Run tests	2026-03-17T02:40:11.5115881Z app/tests/test_department_service.py::TestGetDepartment::test_returns_none_when_not_found PASSED [ 36%]
Backend CI	Run tests	2026-03-17T02:40:11.5205169Z app/tests/test_department_service.py::TestGetDepartment::test_access_denied PASSED [ 36%]
Backend CI	Run tests	2026-03-17T02:40:11.5331363Z app/tests/test_department_service.py::TestCreateDepartment::test_creates_department_success PASSED [ 36%]
Backend CI	Run tests	2026-03-17T02:40:11.5420413Z app/tests/test_department_service.py::TestCreateDepartment::test_superadmin_creates_department PASSED [ 36%]
Backend CI	Run tests	2026-03-17T02:40:11.5521211Z app/tests/test_department_service.py::TestCreateDepartment::test_duplicate_name_raises_400 PASSED [ 36%]
Backend CI	Run tests	2026-03-17T02:40:11.5612529Z app/tests/test_department_service.py::TestCreateDepartment::test_non_owner_forbidden PASSED [ 36%]
Backend CI	Run tests	2026-03-17T02:40:11.5691201Z app/tests/test_department_service.py::TestCreateDepartment::test_no_business_user_forbidden PASSED [ 36%]
Backend CI	Run tests	2026-03-17T02:40:11.5864584Z app/tests/test_department_service.py::TestUpdateDepartment::test_update_name_success PASSED [ 36%]
Backend CI	Run tests	2026-03-17T02:40:11.5984045Z app/tests/test_department_service.py::TestUpdateDepartment::test_update_without_name_change PASSED [ 36%]
Backend CI	Run tests	2026-03-17T02:40:11.6097421Z app/tests/test_department_service.py::TestUpdateDepartment::test_update_same_name_skips_dup_check PASSED [ 36%]
Backend CI	Run tests	2026-03-17T02:40:11.6178074Z app/tests/test_department_service.py::TestUpdateDepartment::test_update_not_found PASSED [ 36%]
Backend CI	Run tests	2026-03-17T02:40:11.6280634Z app/tests/test_department_service.py::TestUpdateDepartment::test_update_wrong_business PASSED [ 36%]
Backend CI	Run tests	2026-03-17T02:40:11.6397102Z app/tests/test_department_service.py::TestUpdateDepartment::test_update_duplicate_name_raises_400 PASSED [ 36%]
Backend CI	Run tests	2026-03-17T02:40:11.6519831Z app/tests/test_department_service.py::TestDeleteDepartment::test_delete_success PASSED [ 36%]
Backend CI	Run tests	2026-03-17T02:40:11.6625750Z app/tests/test_department_service.py::TestDeleteDepartment::test_delete_with_members_raises_409 PASSED [ 36%]
Backend CI	Run tests	2026-03-17T02:40:11.6705489Z app/tests/test_department_service.py::TestDeleteDepartment::test_delete_not_found PASSED [ 36%]
Backend CI	Run tests	2026-03-17T02:40:11.6807111Z app/tests/test_department_service.py::TestDeleteDepartment::test_delete_wrong_business PASSED [ 36%]
Backend CI	Run tests	2026-03-17T02:40:11.6900131Z app/tests/test_department_service.py::TestDeleteDepartment::test_delete_owner_required PASSED [ 36%]
Backend CI	Run tests	2026-03-17T02:40:11.6993250Z app/tests/test_department_service.py::TestValidateBusinessOwner::test_admin_role_allowed PASSED [ 36%]
Backend CI	Run tests	2026-03-17T02:40:11.7086995Z app/tests/test_department_service.py::TestValidateBusinessOwner::test_owner_role_allowed PASSED [ 36%]
Backend CI	Run tests	2026-03-17T02:40:11.7177641Z app/tests/test_department_service.py::TestValidateBusinessOwner::test_user_not_found_still_checks_business_user PASSED [ 36%]
Backend CI	Run tests	2026-03-17T02:40:11.7193265Z app/tests/test_departments_api.py::TestDepartmentAPIEndpoints::test_department_router_exists PASSED [ 36%]
Backend CI	Run tests	2026-03-17T02:40:11.7208615Z app/tests/test_departments_api.py::TestDepartmentAPIEndpoints::test_department_router_has_list_route PASSED [ 36%]
Backend CI	Run tests	2026-03-17T02:40:11.7223748Z app/tests/test_departments_api.py::TestDepartmentAPIEndpoints::test_department_router_has_get_route PASSED [ 36%]
Backend CI	Run tests	2026-03-17T02:40:11.7239191Z app/tests/test_departments_api.py::TestDepartmentAPIEndpoints::test_department_router_has_create_route PASSED [ 36%]
Backend CI	Run tests	2026-03-17T02:40:11.7255373Z app/tests/test_departments_api.py::TestDepartmentAPIEndpoints::test_department_router_has_update_route PASSED [ 36%]
Backend CI	Run tests	2026-03-17T02:40:11.7270603Z app/tests/test_departments_api.py::TestDepartmentAPIEndpoints::test_department_router_has_delete_route PASSED [ 36%]
Backend CI	Run tests	2026-03-17T02:40:11.7310020Z app/tests/test_departments_api.py::TestListDepartmentsEndpoint::test_list_departments_with_valid_data PASSED [ 36%]
Backend CI	Run tests	2026-03-17T02:40:11.7341692Z app/tests/test_departments_api.py::TestListDepartmentsEndpoint::test_list_departments_calls_service_with_correct_params PASSED [ 36%]
Backend CI	Run tests	2026-03-17T02:40:11.7371511Z app/tests/test_departments_api.py::TestListDepartmentsEndpoint::test_list_departments_returns_empty_list PASSED [ 37%]
Backend CI	Run tests	2026-03-17T02:40:11.7402274Z app/tests/test_departments_api.py::TestGetDepartmentEndpoint::test_get_department_with_valid_id PASSED [ 37%]
Backend CI	Run tests	2026-03-17T02:40:11.7432326Z app/tests/test_departments_api.py::TestGetDepartmentEndpoint::test_get_department_not_found_raises_404 PASSED [ 37%]
Backend CI	Run tests	2026-03-17T02:40:11.7463882Z app/tests/test_departments_api.py::TestGetDepartmentEndpoint::test_get_department_unauthorized_raises_403 PASSED [ 37%]
Backend CI	Run tests	2026-03-17T02:40:11.7494508Z app/tests/test_departments_api.py::TestCreateDepartmentEndpoint::test_create_department_with_valid_data PASSED [ 37%]
Backend CI	Run tests	2026-03-17T02:40:11.7524899Z app/tests/test_departments_api.py::TestCreateDepartmentEndpoint::test_create_department_with_minimal_data PASSED [ 37%]
Backend CI	Run tests	2026-03-17T02:40:11.7556358Z app/tests/test_departments_api.py::TestCreateDepartmentEndpoint::test_create_department_duplicate_name_raises_400 PASSED [ 37%]
Backend CI	Run tests	2026-03-17T02:40:11.7585723Z app/tests/test_departments_api.py::TestCreateDepartmentEndpoint::test_create_department_non_owner_raises_403 PASSED [ 37%]
Backend CI	Run tests	2026-03-17T02:40:11.7616091Z app/tests/test_departments_api.py::TestUpdateDepartmentEndpoint::test_update_department_with_valid_data PASSED [ 37%]
Backend CI	Run tests	2026-03-17T02:40:11.7648502Z app/tests/test_departments_api.py::TestUpdateDepartmentEndpoint::test_update_department_partial_update PASSED [ 37%]
Backend CI	Run tests	2026-03-17T02:40:11.7678239Z app/tests/test_departments_api.py::TestUpdateDepartmentEndpoint::test_update_department_not_found_raises_404 PASSED [ 37%]
Backend CI	Run tests	2026-03-17T02:40:11.7708124Z app/tests/test_departments_api.py::TestUpdateDepartmentEndpoint::test_update_department_duplicate_name_raises_400 PASSED [ 37%]
Backend CI	Run tests	2026-03-17T02:40:11.7739601Z app/tests/test_departments_api.py::TestUpdateDepartmentEndpoint::test_update_department_wrong_business_raises_403 PASSED [ 37%]
Backend CI	Run tests	2026-03-17T02:40:11.7768965Z app/tests/test_departments_api.py::TestUpdateDepartmentEndpoint::test_update_department_non_owner_raises_403 PASSED [ 37%]
Backend CI	Run tests	2026-03-17T02:40:11.7799357Z app/tests/test_departments_api.py::TestDeleteDepartmentEndpoint::test_delete_department_with_no_members PASSED [ 37%]
Backend CI	Run tests	2026-03-17T02:40:11.7830867Z app/tests/test_departments_api.py::TestDeleteDepartmentEndpoint::test_delete_department_with_members_raises_409 PASSED [ 37%]
Backend CI	Run tests	2026-03-17T02:40:11.7860518Z app/tests/test_departments_api.py::TestDeleteDepartmentEndpoint::test_delete_department_not_found_raises_404 PASSED [ 37%]
Backend CI	Run tests	2026-03-17T02:40:11.7890207Z app/tests/test_departments_api.py::TestDeleteDepartmentEndpoint::test_delete_department_wrong_business_raises_403 PASSED [ 37%]
Backend CI	Run tests	2026-03-17T02:40:11.7921732Z app/tests/test_departments_api.py::TestDeleteDepartmentEndpoint::test_delete_department_non_owner_raises_403 PASSED [ 37%]
Backend CI	Run tests	2026-03-17T02:40:11.7939525Z app/tests/test_departments_api.py::TestDepartmentResponseConversion::test_department_to_response_conversion PASSED [ 37%]
Backend CI	Run tests	2026-03-17T02:40:11.7959496Z app/tests/test_departments_api.py::TestDepartmentResponseConversion::test_department_to_response_without_team_count PASSED [ 37%]
Backend CI	Run tests	2026-03-17T02:40:11.8211371Z app/tests/test_docker.py::TestDockerComposeConfig::test_compose_file_is_valid_yaml PASSED [ 37%]
Backend CI	Run tests	2026-03-17T02:40:11.8476020Z app/tests/test_docker.py::TestDockerComposeConfig::test_compose_has_services PASSED [ 37%]
Backend CI	Run tests	2026-03-17T02:40:11.8726926Z app/tests/test_docker.py::TestDockerComposeConfig::test_compose_has_required_services PASSED [ 37%]
Backend CI	Run tests	2026-03-17T02:40:11.8977934Z app/tests/test_docker.py::TestDockerComposeConfig::test_db_service_uses_postgres_16 PASSED [ 37%]
Backend CI	Run tests	2026-03-17T02:40:11.9227833Z app/tests/test_docker.py::TestDockerComposeConfig::test_redis_service_uses_redis_7 PASSED [ 37%]
Backend CI	Run tests	2026-03-17T02:40:11.9475304Z app/tests/test_docker.py::TestDockerComposeConfig::test_api_service_has_health_check PASSED [ 37%]
Backend CI	Run tests	2026-03-17T02:40:11.9722049Z app/tests/test_docker.py::TestDockerComposeConfig::test_web_service_has_health_check PASSED [ 37%]
Backend CI	Run tests	2026-03-17T02:40:11.9969080Z app/tests/test_docker.py::TestDockerComposeConfig::test_db_service_has_health_check PASSED [ 37%]
Backend CI	Run tests	2026-03-17T02:40:12.0215846Z app/tests/test_docker.py::TestDockerComposeConfig::test_api_depends_on_db_and_redis PASSED [ 37%]
Backend CI	Run tests	2026-03-17T02:40:12.0459954Z app/tests/test_docker.py::TestDockerComposeConfig::test_web_depends_on_api PASSED [ 37%]
Backend CI	Run tests	2026-03-17T02:40:12.0705395Z app/tests/test_docker.py::TestDockerComposeConfig::test_volumes_are_defined PASSED [ 37%]
Backend CI	Run tests	2026-03-17T02:40:12.0953332Z app/tests/test_docker.py::TestDockerComposeConfig::test_api_has_volume_mount_for_hot_reload PASSED [ 37%]
Backend CI	Run tests	2026-03-17T02:40:12.1201178Z app/tests/test_docker.py::TestDockerComposeConfig::test_web_has_volume_mount_for_hot_reload PASSED [ 37%]
Backend CI	Run tests	2026-03-17T02:40:12.1216804Z app/tests/test_docker.py::TestDockerfiles::test_api_dockerfile_exists PASSED [ 37%]
Backend CI	Run tests	2026-03-17T02:40:12.1232224Z app/tests/test_docker.py::TestDockerfiles::test_web_dockerfile_exists PASSED [ 37%]
Backend CI	Run tests	2026-03-17T02:40:12.1247884Z app/tests/test_docker.py::TestDockerfiles::test_api_dockerfile_uses_python_312 PASSED [ 37%]
Backend CI	Run tests	2026-03-17T02:40:12.1263252Z app/tests/test_docker.py::TestDockerfiles::test_web_dockerfile_uses_node_20 PASSED [ 37%]
Backend CI	Run tests	2026-03-17T02:40:12.1278535Z app/tests/test_docker.py::TestDockerfiles::test_api_dockerfile_exposes_port_8000 PASSED [ 37%]
Backend CI	Run tests	2026-03-17T02:40:12.1293928Z app/tests/test_docker.py::TestDockerfiles::test_web_dockerfile_exposes_port_3000 PASSED [ 37%]
Backend CI	Run tests	2026-03-17T02:40:12.1308668Z app/tests/test_docker.py::TestDockerReadme::test_readme_exists PASSED    [ 37%]
Backend CI	Run tests	2026-03-17T02:40:12.1323890Z app/tests/test_docker.py::TestDockerReadme::test_readme_has_quick_start PASSED [ 37%]
Backend CI	Run tests	2026-03-17T02:40:12.1341783Z app/tests/test_docker.py::TestDockerReadme::test_readme_has_services_table PASSED [ 38%]
Backend CI	Run tests	2026-03-17T02:40:12.1373383Z app/tests/test_email_service.py::test_email_service_starttls_and_login PASSED [ 38%]
Backend CI	Run tests	2026-03-17T02:40:12.1394247Z app/tests/test_email_service.py::test_email_service_requires_password_when_user_set PASSED [ 38%]
Backend CI	Run tests	2026-03-17T02:40:12.1598120Z app/tests/test_email_templates.py::test_render_invoice_email_template_produces_valid_html PASSED [ 38%]
Backend CI	Run tests	2026-03-17T02:40:12.1624916Z app/tests/test_email_templates.py::test_email_template_includes_business_branding PASSED [ 38%]
Backend CI	Run tests	2026-03-17T02:40:12.1717032Z app/tests/test_email_templates.py::test_send_invoice_email_calls_email_service_with_correct_recipient PASSED [ 38%]
Backend CI	Run tests	2026-03-17T02:40:12.1815092Z app/tests/test_email_templates.py::test_send_low_stock_alert_uses_configured_recipients PASSED [ 38%]
Backend CI	Run tests	2026-03-17T02:40:12.1933083Z app/tests/test_email_templates.py::test_all_templates_extend_base_template PASSED [ 38%]
Backend CI	Run tests	2026-03-17T02:40:12.1967144Z app/tests/test_expense_service.py::TestCreateCategory::test_creates_category_minimal PASSED [ 38%]
Backend CI	Run tests	2026-03-17T02:40:12.2000094Z app/tests/test_expense_service.py::TestCreateCategory::test_creates_category_with_all_fields PASSED [ 38%]
Backend CI	Run tests	2026-03-17T02:40:12.2064430Z app/tests/test_expense_service.py::TestListCategories::test_returns_active_categories PASSED [ 38%]
Backend CI	Run tests	2026-03-17T02:40:12.2109461Z app/tests/test_expense_service.py::TestListCategories::test_returns_empty_list PASSED [ 38%]
Backend CI	Run tests	2026-03-17T02:40:12.2170799Z app/tests/test_expense_service.py::TestUpdateCategory::test_updates_fields PASSED [ 38%]
Backend CI	Run tests	2026-03-17T02:40:12.2228955Z app/tests/test_expense_service.py::TestUpdateCategory::test_returns_none_when_not_found PASSED [ 38%]
Backend CI	Run tests	2026-03-17T02:40:12.2287660Z app/tests/test_expense_service.py::TestDeleteCategory::test_soft_deletes PASSED [ 38%]
Backend CI	Run tests	2026-03-17T02:40:12.2333545Z app/tests/test_expense_service.py::TestDeleteCategory::test_returns_false_when_not_found PASSED [ 38%]
Backend CI	Run tests	2026-03-17T02:40:12.2366671Z app/tests/test_expense_service.py::TestCreateExpense::test_creates_expense_defaults_date_to_today PASSED [ 38%]
Backend CI	Run tests	2026-03-17T02:40:12.2398695Z app/tests/test_expense_service.py::TestCreateExpense::test_creates_expense_with_all_fields PASSED [ 38%]
Backend CI	Run tests	2026-03-17T02:40:12.2456515Z app/tests/test_expense_service.py::TestListExpenses::test_returns_paginated_items PASSED [ 38%]
Backend CI	Run tests	2026-03-17T02:40:12.2502045Z app/tests/test_expense_service.py::TestListExpenses::test_returns_empty PASSED [ 38%]
Backend CI	Run tests	2026-03-17T02:40:12.2564326Z app/tests/test_expense_service.py::TestListExpenses::test_applies_all_filters PASSED [ 38%]
Backend CI	Run tests	2026-03-17T02:40:12.2608953Z app/tests/test_expense_service.py::TestListExpenses::test_pagination_offset PASSED [ 38%]
Backend CI	Run tests	2026-03-17T02:40:12.2664827Z app/tests/test_expense_service.py::TestGetExpense::test_returns_expense PASSED [ 38%]
Backend CI	Run tests	2026-03-17T02:40:12.2708120Z app/tests/test_expense_service.py::TestGetExpense::test_returns_none_when_not_found PASSED [ 38%]
Backend CI	Run tests	2026-03-17T02:40:12.2770511Z app/tests/test_expense_service.py::TestUpdateExpense::test_updates_fields PASSED [ 38%]
Backend CI	Run tests	2026-03-17T02:40:12.2827851Z app/tests/test_expense_service.py::TestUpdateExpense::test_returns_none_when_not_found PASSED [ 38%]
Backend CI	Run tests	2026-03-17T02:40:12.2891982Z app/tests/test_expense_service.py::TestApproveExpense::test_sets_approved_status_and_approver PASSED [ 38%]
Backend CI	Run tests	2026-03-17T02:40:12.2938013Z app/tests/test_expense_service.py::TestApproveExpense::test_returns_none_when_not_found PASSED [ 38%]
Backend CI	Run tests	2026-03-17T02:40:12.3001674Z app/tests/test_expense_service.py::TestRejectExpense::test_sets_rejected_status PASSED [ 38%]
Backend CI	Run tests	2026-03-17T02:40:12.3047892Z app/tests/test_expense_service.py::TestRejectExpense::test_returns_none_when_not_found PASSED [ 38%]
Backend CI	Run tests	2026-03-17T02:40:12.3111382Z app/tests/test_expense_service.py::TestMarkPaid::test_sets_paid_status PASSED [ 38%]
Backend CI	Run tests	2026-03-17T02:40:12.3172347Z app/tests/test_expense_service.py::TestMarkPaid::test_returns_none_when_not_found PASSED [ 38%]
Backend CI	Run tests	2026-03-17T02:40:12.3232577Z app/tests/test_expense_service.py::TestDeleteExpense::test_soft_deletes PASSED [ 38%]
Backend CI	Run tests	2026-03-17T02:40:12.3276708Z app/tests/test_expense_service.py::TestDeleteExpense::test_returns_false_when_not_found PASSED [ 38%]
Backend CI	Run tests	2026-03-17T02:40:12.3328513Z app/tests/test_expense_service.py::TestGetSummary::test_returns_aggregated_data PASSED [ 38%]
Backend CI	Run tests	2026-03-17T02:40:12.3377846Z app/tests/test_expense_service.py::TestGetSummary::test_empty_summary PASSED [ 38%]
Backend CI	Run tests	2026-03-17T02:40:12.3440201Z app/tests/test_expense_service.py::TestGetSummary::test_uncategorised_label PASSED [ 38%]
Backend CI	Run tests	2026-03-17T02:40:12.3495434Z app/tests/test_expense_service.py::TestGetSummary::test_applies_date_filters PASSED [ 38%]
Backend CI	Run tests	2026-03-17T02:40:12.3510918Z app/tests/test_extended_report_service.py::TestIPMasking::test_ipv4_masks_last_octet PASSED [ 38%]
Backend CI	Run tests	2026-03-17T02:40:12.3525977Z app/tests/test_extended_report_service.py::TestIPMasking::test_ipv6_masks_last_segment PASSED [ 38%]
Backend CI	Run tests	2026-03-17T02:40:12.3540575Z app/tests/test_extended_report_service.py::TestIPMasking::test_empty_ip_passthrough PASSED [ 38%]
Backend CI	Run tests	2026-03-17T02:40:12.3555475Z app/tests/test_extended_report_service.py::TestIPMasking::test_none_ip_passthrough PASSED [ 38%]
Backend CI	Run tests	2026-03-17T02:40:12.3603776Z app/tests/test_extended_report_service.py::TestUserActivity::test_returns_items_and_total PASSED [ 39%]
Backend CI	Run tests	2026-03-17T02:40:12.3647805Z app/tests/test_extended_report_service.py::TestUserActivity::test_empty_result PASSED [ 39%]
Backend CI	Run tests	2026-03-17T02:40:12.3686447Z app/tests/test_extended_report_service.py::TestLoginHistory::test_normal_session_not_flagged PASSED [ 39%]
Backend CI	Run tests	2026-03-17T02:40:12.3723821Z app/tests/test_extended_report_service.py::TestLoginHistory::test_long_session_flagged_suspicious PASSED [ 39%]
Backend CI	Run tests	2026-03-17T02:40:12.3776228Z app/tests/test_extended_report_service.py::TestLoginHistory::test_suspicious_only_filter PASSED [ 39%]
Backend CI	Run tests	2026-03-17T02:40:12.3812162Z app/tests/test_extended_report_service.py::TestLoginHistory::test_ip_address_masked PASSED [ 39%]
Backend CI	Run tests	2026-03-17T02:40:12.3851971Z app/tests/test_extended_report_service.py::TestLoginHistory::test_null_last_active_no_crash PASSED [ 39%]
Backend CI	Run tests	2026-03-17T02:40:12.4365215Z app/tests/test_final_integration_validation.py::TestFinalIntegration::test_pricing_consistency_across_endpoints FAILED [ 39%]
Backend CI	Run tests	2026-03-17T02:40:12.4599253Z app/tests/test_final_integration_validation.py::TestFinalIntegration::test_guest_ai_functionality_and_security FAILED [ 39%]
Backend CI	Run tests	2026-03-17T02:40:12.5204199Z app/tests/test_final_integration_validation.py::TestFinalIntegration::test_authenticated_ai_context_switching FAILED [ 39%]
Backend CI	Run tests	2026-03-17T02:40:12.5443546Z app/tests/test_final_integration_validation.py::TestFinalIntegration::test_pricing_enterprise_tier_handling FAILED [ 39%]
Backend CI	Run tests	2026-03-17T02:40:12.6871836Z app/tests/test_final_integration_validation.py::TestFinalIntegration::test_performance_under_load FAILED [ 39%]
Backend CI	Run tests	2026-03-17T02:40:12.7193547Z app/tests/test_final_integration_validation.py::TestFinalIntegration::test_error_handling_and_recovery FAILED [ 39%]
Backend CI	Run tests	2026-03-17T02:40:12.7438290Z app/tests/test_final_integration_validation.py::TestFinalIntegration::test_marketing_ai_context_validation FAILED [ 39%]
Backend CI	Run tests	2026-03-17T02:40:12.7683141Z app/tests/test_final_integration_validation.py::TestFinalIntegration::test_session_management_and_persistence FAILED [ 39%]
Backend CI	Run tests	2026-03-17T02:40:12.8021569Z app/tests/test_final_integration_validation.py::TestFinalIntegration::test_analytics_and_monitoring_integration FAILED [ 39%]
Backend CI	Run tests	2026-03-17T02:40:12.8500469Z app/tests/test_final_integration_validation.py::TestFinalIntegration::test_security_and_data_protection FAILED [ 39%]
Backend CI	Run tests	2026-03-17T02:40:12.8688537Z app/tests/test_floor_plan_service.py::test_get_active_floor_plan_returns_all_tables_with_status FAILED [ 39%]
Backend CI	Run tests	2026-03-17T02:40:12.8728330Z app/tests/test_floor_plan_service.py::test_get_active_floor_plan_uses_redis_cache_on_second_request PASSED [ 39%]
Backend CI	Run tests	2026-03-17T02:40:12.8772252Z app/tests/test_floor_plan_service.py::test_get_table_status_returns_only_status_fields PASSED [ 39%]
Backend CI	Run tests	2026-03-17T02:40:12.9386537Z app/tests/test_floor_plan_service.py::test_floor_plan_cache_invalidated_after_table_created PASSED [ 39%]
Backend CI	Run tests	2026-03-17T02:40:12.9430642Z app/tests/test_floor_plan_service.py::test_floor_plan_returns_404_for_different_business PASSED [ 39%]
Backend CI	Run tests	2026-03-17T02:40:12.9495461Z app/tests/test_floor_plan_service.py::test_assign_waiter_to_section_replaces_existing_assignment PASSED [ 39%]
Backend CI	Run tests	2026-03-17T02:40:12.9524746Z app/tests/test_general_ledger_service.py::TestChartOfAccounts::test_create_account PASSED [ 39%]
Backend CI	Run tests	2026-03-17T02:40:12.9557756Z app/tests/test_general_ledger_service.py::TestChartOfAccounts::test_list_accounts PASSED [ 39%]
Backend CI	Run tests	2026-03-17T02:40:12.9590778Z app/tests/test_general_ledger_service.py::TestChartOfAccounts::test_get_account_found PASSED [ 39%]
Backend CI	Run tests	2026-03-17T02:40:12.9619528Z app/tests/test_general_ledger_service.py::TestChartOfAccounts::test_get_account_not_found PASSED [ 39%]
Backend CI	Run tests	2026-03-17T02:40:12.9665463Z app/tests/test_general_ledger_service.py::TestJournalEntries::test_create_balanced_entry PASSED [ 39%]
Backend CI	Run tests	2026-03-17T02:40:12.9689968Z app/tests/test_general_ledger_service.py::TestJournalEntries::test_reject_unbalanced_entry PASSED [ 39%]
Backend CI	Run tests	2026-03-17T02:40:12.9715734Z app/tests/test_general_ledger_service.py::TestJournalEntries::test_reject_single_line PASSED [ 39%]
Backend CI	Run tests	2026-03-17T02:40:12.9737594Z app/tests/test_general_ledger_service.py::TestJournalEntries::test_reject_zero_amount PASSED [ 39%]
Backend CI	Run tests	2026-03-17T02:40:12.9777691Z app/tests/test_general_ledger_service.py::TestJournalEntries::test_post_draft_entry PASSED [ 39%]
Backend CI	Run tests	2026-03-17T02:40:12.9816896Z app/tests/test_general_ledger_service.py::TestJournalEntries::test_post_rejects_already_posted PASSED [ 39%]
Backend CI	Run tests	2026-03-17T02:40:12.9874056Z app/tests/test_general_ledger_service.py::TestJournalEntries::test_void_entry PASSED [ 39%]
Backend CI	Run tests	2026-03-17T02:40:12.9924644Z app/tests/test_general_ledger_service.py::TestJournalEntries::test_void_already_voided_rejects PASSED [ 39%]
Backend CI	Run tests	2026-03-17T02:40:12.9960308Z app/tests/test_general_ledger_service.py::TestJournalEntries::test_void_not_found_raises PASSED [ 39%]
Backend CI	Run tests	2026-03-17T02:40:13.0003619Z app/tests/test_general_ledger_service.py::TestJournalEntries::test_list_entries_with_pagination PASSED [ 39%]
Backend CI	Run tests	2026-03-17T02:40:13.0052235Z app/tests/test_general_ledger_service.py::TestFinancialReports::test_trial_balance_empty PASSED [ 39%]
Backend CI	Run tests	2026-03-17T02:40:13.0103637Z app/tests/test_general_ledger_service.py::TestFinancialReports::test_trial_balance_balances PASSED [ 39%]
Backend CI	Run tests	2026-03-17T02:40:13.0156695Z app/tests/test_general_ledger_service.py::TestFinancialReports::test_income_statement_calculates_net_income PASSED [ 39%]
Backend CI	Run tests	2026-03-17T02:40:13.0216724Z app/tests/test_general_ledger_service.py::TestFinancialReports::test_balance_sheet_empty PASSED [ 39%]
Backend CI	Run tests	2026-03-17T02:40:13.0268544Z app/tests/test_general_ledger_service.py::TestFinancialReports::test_balance_sheet_categorises_accounts PASSED [ 39%]
Backend CI	Run tests	2026-03-17T02:40:13.0382574Z app/tests/test_general_ledger_service.py::TestSeedAccounts::test_seed_creates_accounts PASSED [ 40%]
Backend CI	Run tests	2026-03-17T02:40:13.0411810Z app/tests/test_general_ledger_service.py::TestEntryNumber::test_first_entry_is_000001 PASSED [ 40%]
Backend CI	Run tests	2026-03-17T02:40:13.0444595Z app/tests/test_general_ledger_service.py::TestEntryNumber::test_increments_from_existing PASSED [ 40%]
Backend CI	Run tests	2026-03-17T02:40:13.0461338Z app/tests/test_gift_card_service.py::TestGenerateCode::test_format PASSED [ 40%]
Backend CI	Run tests	2026-03-17T02:40:13.0477897Z app/tests/test_gift_card_service.py::TestGenerateCode::test_hex_characters PASSED [ 40%]
Backend CI	Run tests	2026-03-17T02:40:13.0496732Z app/tests/test_gift_card_service.py::TestGenerateCode::test_uniqueness PASSED [ 40%]
Backend CI	Run tests	2026-03-17T02:40:13.0549277Z app/tests/test_gift_card_service.py::TestCreateGiftCard::test_success PASSED [ 40%]
Backend CI	Run tests	2026-03-17T02:40:13.0649549Z app/tests/test_gift_card_service.py::TestCreateGiftCard::test_collision_retry_succeeds PASSED [ 40%]
Backend CI	Run tests	2026-03-17T02:40:13.0719734Z app/tests/test_gift_card_service.py::TestCreateGiftCard::test_code_exhausted_raises PASSED [ 40%]
Backend CI	Run tests	2026-03-17T02:40:13.0762956Z app/tests/test_gift_card_service.py::TestListGiftCards::test_no_filter PASSED [ 40%]
Backend CI	Run tests	2026-03-17T02:40:13.0810139Z app/tests/test_gift_card_service.py::TestListGiftCards::test_with_status_filter PASSED [ 40%]
Backend CI	Run tests	2026-03-17T02:40:13.0863325Z app/tests/test_gift_card_service.py::TestListGiftCards::test_empty PASSED [ 40%]
Backend CI	Run tests	2026-03-17T02:40:13.0906325Z app/tests/test_gift_card_service.py::TestListGiftCards::test_pagination_offset_and_limit PASSED [ 40%]
Backend CI	Run tests	2026-03-17T02:40:13.0946075Z app/tests/test_gift_card_service.py::TestGetGiftCard::test_found PASSED  [ 40%]
Backend CI	Run tests	2026-03-17T02:40:13.0983475Z app/tests/test_gift_card_service.py::TestGetGiftCard::test_not_found PASSED [ 40%]
Backend CI	Run tests	2026-03-17T02:40:13.1023420Z app/tests/test_gift_card_service.py::TestGetByCode::test_found PASSED    [ 40%]
Backend CI	Run tests	2026-03-17T02:40:13.1061338Z app/tests/test_gift_card_service.py::TestGetByCode::test_not_found PASSED [ 40%]
Backend CI	Run tests	2026-03-17T02:40:13.1114141Z app/tests/test_gift_card_service.py::TestRedeem::test_success_partial PASSED [ 40%]
Backend CI	Run tests	2026-03-17T02:40:13.1179405Z app/tests/test_gift_card_service.py::TestRedeem::test_full_balance_marks_redeemed PASSED [ 40%]
Backend CI	Run tests	2026-03-17T02:40:13.1216514Z app/tests/test_gift_card_service.py::TestRedeem::test_not_found PASSED   [ 40%]
Backend CI	Run tests	2026-03-17T02:40:13.1266826Z app/tests/test_gift_card_service.py::TestRedeem::test_not_active PASSED  [ 40%]
Backend CI	Run tests	2026-03-17T02:40:13.1318019Z app/tests/test_gift_card_service.py::TestRedeem::test_insufficient_balance PASSED [ 40%]
Backend CI	Run tests	2026-03-17T02:40:13.1370000Z app/tests/test_gift_card_service.py::TestTopUp::test_success PASSED      [ 40%]
Backend CI	Run tests	2026-03-17T02:40:13.1433399Z app/tests/test_gift_card_service.py::TestTopUp::test_reactivates_redeemed_card PASSED [ 40%]
Backend CI	Run tests	2026-03-17T02:40:13.1471167Z app/tests/test_gift_card_service.py::TestTopUp::test_not_found PASSED    [ 40%]
Backend CI	Run tests	2026-03-17T02:40:13.1513537Z app/tests/test_gift_card_service.py::TestTopUp::test_cancelled_card PASSED [ 40%]
Backend CI	Run tests	2026-03-17T02:40:13.1552611Z app/tests/test_gift_card_service.py::TestCheckBalance::test_returns_card PASSED [ 40%]
Backend CI	Run tests	2026-03-17T02:40:13.1590542Z app/tests/test_gift_card_service.py::TestCheckBalance::test_returns_none_when_missing PASSED [ 40%]
Backend CI	Run tests	2026-03-17T02:40:13.1638936Z app/tests/test_gift_card_service.py::TestCancelGiftCard::test_success PASSED [ 40%]
Backend CI	Run tests	2026-03-17T02:40:13.1677380Z app/tests/test_gift_card_service.py::TestCancelGiftCard::test_not_found PASSED [ 40%]
Backend CI	Run tests	2026-03-17T02:40:13.1781354Z app/tests/test_gift_card_service.py::TestGetStats::test_returns_aggregated_values PASSED [ 40%]
Backend CI	Run tests	2026-03-17T02:40:13.1874323Z app/tests/test_gift_card_service.py::TestGetStats::test_zero_stats PASSED [ 40%]
Backend CI	Run tests	2026-03-17T02:40:13.1928406Z app/tests/test_google_oauth_service.py::TestExchangeCode::test_success_returns_tokens PASSED [ 40%]
Backend CI	Run tests	2026-03-17T02:40:13.1986049Z app/tests/test_google_oauth_service.py::TestExchangeCode::test_non_200_returns_none PASSED [ 40%]
Backend CI	Run tests	2026-03-17T02:40:13.2030358Z app/tests/test_google_oauth_service.py::TestExchangeCode::test_exception_returns_none PASSED [ 40%]
Backend CI	Run tests	2026-03-17T02:40:13.2078382Z app/tests/test_google_oauth_service.py::TestExchangeCode::test_posts_correct_payload PASSED [ 40%]
Backend CI	Run tests	2026-03-17T02:40:13.2124410Z app/tests/test_google_oauth_service.py::TestGetUserInfoFromAccessToken::test_success_returns_google_user_info PASSED [ 40%]
Backend CI	Run tests	2026-03-17T02:40:13.2169902Z app/tests/test_google_oauth_service.py::TestGetUserInfoFromAccessToken::test_sends_bearer_header PASSED [ 40%]
Backend CI	Run tests	2026-03-17T02:40:13.2214604Z app/tests/test_google_oauth_service.py::TestGetUserInfoFromAccessToken::test_non_200_returns_none PASSED [ 40%]
Backend CI	Run tests	2026-03-17T02:40:13.2256501Z app/tests/test_google_oauth_service.py::TestGetUserInfoFromAccessToken::test_exception_returns_none PASSED [ 40%]
Backend CI	Run tests	2026-03-17T02:40:13.2301279Z app/tests/test_google_oauth_service.py::TestGetUserInfoFromAccessToken::test_missing_optional_fields_default_correctly PASSED [ 40%]
Backend CI	Run tests	2026-03-17T02:40:13.2336252Z app/tests/test_google_oauth_service.py::TestVerifyGoogleToken::test_valid_token_accounts_google PASSED [ 40%]
Backend CI	Run tests	2026-03-17T02:40:13.2371443Z app/tests/test_google_oauth_service.py::TestVerifyGoogleToken::test_valid_token_https_issuer PASSED [ 40%]
Backend CI	Run tests	2026-03-17T02:40:13.2403710Z app/tests/test_google_oauth_service.py::TestVerifyGoogleToken::test_invalid_issuer_returns_none PASSED [ 41%]
Backend CI	Run tests	2026-03-17T02:40:13.2437666Z app/tests/test_google_oauth_service.py::TestVerifyGoogleToken::test_value_error_returns_none PASSED [ 41%]
Backend CI	Run tests	2026-03-17T02:40:13.2470728Z app/tests/test_google_oauth_service.py::TestVerifyGoogleToken::test_missing_optional_fields PASSED [ 41%]
Backend CI	Run tests	2026-03-17T02:40:13.2533068Z app/tests/test_google_oauth_service.py::TestGetUserByGoogleId::test_found PASSED [ 41%]
Backend CI	Run tests	2026-03-17T02:40:13.2557951Z app/tests/test_google_oauth_service.py::TestGetUserByGoogleId::test_not_found PASSED [ 41%]
Backend CI	Run tests	2026-03-17T02:40:13.2603588Z app/tests/test_google_oauth_service.py::TestGetUserByEmail::test_found PASSED [ 41%]
Backend CI	Run tests	2026-03-17T02:40:13.2629698Z app/tests/test_google_oauth_service.py::TestGetUserByEmail::test_not_found PASSED [ 41%]
Backend CI	Run tests	2026-03-17T02:40:13.2658858Z app/tests/test_google_oauth_service.py::TestCreateUserFromGoogle::test_creates_user_with_given_name PASSED [ 41%]
Backend CI	Run tests	2026-03-17T02:40:13.2687121Z app/tests/test_google_oauth_service.py::TestCreateUserFromGoogle::test_creates_user_pending_when_not_verified PASSED [ 41%]
Backend CI	Run tests	2026-03-17T02:40:13.2715513Z app/tests/test_google_oauth_service.py::TestCreateUserFromGoogle::test_first_name_falls_back_to_name_split PASSED [ 41%]
Backend CI	Run tests	2026-03-17T02:40:13.2743766Z app/tests/test_google_oauth_service.py::TestCreateUserFromGoogle::test_last_name_from_name_split PASSED [ 41%]
Backend CI	Run tests	2026-03-17T02:40:13.2772097Z app/tests/test_google_oauth_service.py::TestCreateUserFromGoogle::test_last_name_empty_when_single_word_name PASSED [ 41%]
Backend CI	Run tests	2026-03-17T02:40:13.2800443Z app/tests/test_google_oauth_service.py::TestCreateUserFromGoogle::test_avatar_url_set PASSED [ 41%]
Backend CI	Run tests	2026-03-17T02:40:13.2845609Z app/tests/test_google_oauth_service.py::TestLinkGoogleAccount::test_sets_google_id PASSED [ 41%]
Backend CI	Run tests	2026-03-17T02:40:13.2890461Z app/tests/test_google_oauth_service.py::TestLinkGoogleAccount::test_sets_avatar_when_user_has_none PASSED [ 41%]
Backend CI	Run tests	2026-03-17T02:40:13.2935501Z app/tests/test_google_oauth_service.py::TestLinkGoogleAccount::test_does_not_overwrite_existing_avatar PASSED [ 41%]
Backend CI	Run tests	2026-03-17T02:40:13.2979425Z app/tests/test_google_oauth_service.py::TestLinkGoogleAccount::test_does_not_set_avatar_when_google_has_none PASSED [ 41%]
Backend CI	Run tests	2026-03-17T02:40:13.3024549Z app/tests/test_google_oauth_service.py::TestLinkGoogleAccount::test_verifies_email_and_activates_pending_user PASSED [ 41%]
Backend CI	Run tests	2026-03-17T02:40:13.3080200Z app/tests/test_google_oauth_service.py::TestLinkGoogleAccount::test_does_not_change_already_verified PASSED [ 41%]
Backend CI	Run tests	2026-03-17T02:40:13.3124837Z app/tests/test_google_oauth_service.py::TestLinkGoogleAccount::test_unverified_google_does_not_verify_user PASSED [ 41%]
Backend CI	Run tests	2026-03-17T02:40:13.3187726Z app/tests/test_google_oauth_service.py::TestAuthenticateWithGoogle::test_auth_code_flow_new_user PASSED [ 41%]
Backend CI	Run tests	2026-03-17T02:40:13.3243212Z app/tests/test_google_oauth_service.py::TestAuthenticateWithGoogle::test_auth_code_flow_existing_user_by_google_id PASSED [ 41%]
Backend CI	Run tests	2026-03-17T02:40:13.3321657Z app/tests/test_google_oauth_service.py::TestAuthenticateWithGoogle::test_auth_code_flow_links_existing_email_user PASSED [ 41%]
Backend CI	Run tests	2026-03-17T02:40:13.3380695Z app/tests/test_google_oauth_service.py::TestAuthenticateWithGoogle::test_short_credential_treated_as_auth_code PASSED [ 41%]
Backend CI	Run tests	2026-03-17T02:40:13.3441240Z app/tests/test_google_oauth_service.py::TestAuthenticateWithGoogle::test_code_exchange_fails_falls_back_to_id_token PASSED [ 41%]
Backend CI	Run tests	2026-03-17T02:40:13.3501935Z app/tests/test_google_oauth_service.py::TestAuthenticateWithGoogle::test_code_exchange_no_access_token_falls_back PASSED [ 41%]
Backend CI	Run tests	2026-03-17T02:40:13.3562912Z app/tests/test_google_oauth_service.py::TestAuthenticateWithGoogle::test_userinfo_fails_falls_back_to_id_token PASSED [ 41%]
Backend CI	Run tests	2026-03-17T02:40:13.3624668Z app/tests/test_google_oauth_service.py::TestAuthenticateWithGoogle::test_long_credential_skips_code_exchange PASSED [ 41%]
Backend CI	Run tests	2026-03-17T02:40:13.3657103Z app/tests/test_google_oauth_service.py::TestAuthenticateWithGoogle::test_all_flows_fail_returns_none PASSED [ 41%]
Backend CI	Run tests	2026-03-17T02:40:13.3693353Z app/tests/test_google_oauth_service.py::TestAuthenticateWithGoogle::test_id_token_only_fails_returns_none PASSED [ 41%]
Backend CI	Run tests	2026-03-17T02:40:13.3711694Z app/tests/test_grn_service.py::TestGenerateGRNNumber::test_format_prefix PASSED [ 41%]
Backend CI	Run tests	2026-03-17T02:40:13.3728896Z app/tests/test_grn_service.py::TestGenerateGRNNumber::test_contains_timestamp_segment PASSED [ 41%]
Backend CI	Run tests	2026-03-17T02:40:13.3745550Z app/tests/test_grn_service.py::TestGenerateGRNNumber::test_suffix_is_6_hex_uppercase PASSED [ 41%]
Backend CI	Run tests	2026-03-17T02:40:13.3775424Z app/tests/test_grn_service.py::TestGenerateGRNNumber::test_uniqueness PASSED [ 41%]
Backend CI	Run tests	2026-03-17T02:40:13.3828680Z app/tests/test_grn_service.py::TestCreateGRN::test_po_not_found_raises PASSED [ 41%]
Backend CI	Run tests	2026-03-17T02:40:13.3903600Z app/tests/test_grn_service.py::TestCreateGRN::test_non_receivable_status_raises[draft] PASSED [ 41%]
Backend CI	Run tests	2026-03-17T02:40:13.3957316Z app/tests/test_grn_service.py::TestCreateGRN::test_non_receivable_status_raises[submitted] PASSED [ 41%]
Backend CI	Run tests	2026-03-17T02:40:13.4009864Z app/tests/test_grn_service.py::TestCreateGRN::test_non_receivable_status_raises[received] PASSED [ 41%]
Backend CI	Run tests	2026-03-17T02:40:13.4063097Z app/tests/test_grn_service.py::TestCreateGRN::test_non_receivable_status_raises[cancelled] PASSED [ 41%]
Backend CI	Run tests	2026-03-17T02:40:13.4145404Z app/tests/test_grn_service.py::TestCreateGRN::test_po_item_not_found_raises PASSED [ 41%]
Backend CI	Run tests	2026-03-17T02:40:13.4287379Z app/tests/test_grn_service.py::TestCreateGRN::test_success_single_item_fully_received PASSED [ 41%]
Backend CI	Run tests	2026-03-17T02:40:13.4406190Z app/tests/test_grn_service.py::TestCreateGRN::test_success_partial_receive PASSED [ 41%]
Backend CI	Run tests	2026-03-17T02:40:13.4584113Z app/tests/test_grn_service.py::TestCreateGRN::test_success_multiple_items PASSED [ 42%]
Backend CI	Run tests	2026-03-17T02:40:13.4686310Z app/tests/test_grn_service.py::TestCreateGRN::test_product_not_found_skips_stock_update PASSED [ 42%]
Backend CI	Run tests	2026-03-17T02:40:13.4805940Z app/tests/test_grn_service.py::TestCreateGRN::test_adds_grn_header_and_items PASSED [ 42%]
Backend CI	Run tests	2026-03-17T02:40:13.4936992Z app/tests/test_grn_service.py::TestCreateGRN::test_audit_log_details PASSED [ 42%]
Backend CI	Run tests	2026-03-17T02:40:13.5090644Z app/tests/test_grn_service.py::TestCreateGRN::test_cumulative_received_quantity PASSED [ 42%]
Backend CI	Run tests	2026-03-17T02:40:13.5230281Z app/tests/test_grn_service.py::TestCreateGRN::test_none_received_quantity_treated_as_zero PASSED [ 42%]
Backend CI	Run tests	2026-03-17T02:40:13.5294322Z app/tests/test_grn_service.py::TestListGRNs::test_returns_items_and_total PASSED [ 42%]
Backend CI	Run tests	2026-03-17T02:40:13.5334359Z app/tests/test_grn_service.py::TestListGRNs::test_with_purchase_order_filter PASSED [ 42%]
Backend CI	Run tests	2026-03-17T02:40:13.5376131Z app/tests/test_grn_service.py::TestListGRNs::test_pagination PASSED      [ 42%]
Backend CI	Run tests	2026-03-17T02:40:13.5427220Z app/tests/test_grn_service.py::TestListGRNs::test_empty_result PASSED    [ 42%]
Backend CI	Run tests	2026-03-17T02:40:13.5477982Z app/tests/test_grn_service.py::TestGetGRN::test_returns_grn_when_found PASSED [ 42%]
Backend CI	Run tests	2026-03-17T02:40:13.5518240Z app/tests/test_grn_service.py::TestGetGRN::test_returns_none_when_not_found PASSED [ 42%]
Backend CI	Run tests	2026-03-17T02:40:13.5534856Z app/tests/test_inventory.py::TestInventorySchemas::test_transaction_type_enum PASSED [ 42%]
Backend CI	Run tests	2026-03-17T02:40:13.5551245Z app/tests/test_inventory.py::TestInventorySchemas::test_inventory_item_create_schema PASSED [ 42%]
Backend CI	Run tests	2026-03-17T02:40:13.5567620Z app/tests/test_inventory.py::TestInventorySchemas::test_inventory_adjustment_schema PASSED [ 42%]
Backend CI	Run tests	2026-03-17T02:40:13.5583579Z app/tests/test_inventory.py::TestInventorySchemas::test_inventory_adjustment_negative PASSED [ 42%]
Backend CI	Run tests	2026-03-17T02:40:13.5600437Z app/tests/test_inventory.py::TestInventoryModel::test_inventory_item_quantity_available PASSED [ 42%]
Backend CI	Run tests	2026-03-17T02:40:13.5616933Z app/tests/test_inventory.py::TestInventoryModel::test_inventory_item_quantity_available_no_negative PASSED [ 42%]
Backend CI	Run tests	2026-03-17T02:40:13.5633308Z app/tests/test_inventory.py::TestInventoryModel::test_inventory_item_is_low_stock_true PASSED [ 42%]
Backend CI	Run tests	2026-03-17T02:40:13.5647847Z app/tests/test_inventory.py::TestInventoryModel::test_inventory_item_is_low_stock_false PASSED [ 42%]
Backend CI	Run tests	2026-03-17T02:40:13.5663923Z app/tests/test_inventory.py::TestInventoryModel::test_inventory_item_stock_value PASSED [ 42%]
Backend CI	Run tests	2026-03-17T02:40:13.5687829Z app/tests/test_inventory.py::TestInventoryService::test_inventory_service_init PASSED [ 42%]
Backend CI	Run tests	2026-03-17T02:40:13.5714990Z app/tests/test_inventory.py::TestInventoryAPI::test_inventory_router_exists PASSED [ 42%]
Backend CI	Run tests	2026-03-17T02:40:13.5732293Z app/tests/test_inventory.py::TestInventoryAPI::test_inventory_endpoints_exist PASSED [ 42%]
Backend CI	Run tests	2026-03-17T02:40:13.5747922Z app/tests/test_inventory.py::TestInventorySummary::test_inventory_summary_schema PASSED [ 42%]
Backend CI	Run tests	2026-03-17T02:40:13.5766391Z app/tests/test_inventory.py::TestInventoryTransactions::test_transaction_response_schema PASSED [ 42%]
Backend CI	Run tests	2026-03-17T02:40:13.6115110Z app/tests/test_inventory_excel_service.py::TestGenerateTemplate::test_generate_template_returns_valid_excel PASSED [ 42%]
Backend CI	Run tests	2026-03-17T02:40:13.6376284Z app/tests/test_inventory_excel_service.py::TestGenerateTemplate::test_generate_template_has_correct_headers PASSED [ 42%]
Backend CI	Run tests	2026-03-17T02:40:13.6635372Z app/tests/test_inventory_excel_service.py::TestGenerateTemplate::test_generate_template_has_instructions_sheet PASSED [ 42%]
Backend CI	Run tests	2026-03-17T02:40:13.6890652Z app/tests/test_inventory_excel_service.py::TestGenerateTemplate::test_generate_template_has_frozen_header_row PASSED [ 42%]
Backend CI	Run tests	2026-03-17T02:40:13.7126177Z app/tests/test_inventory_excel_service.py::TestExportInventory::test_export_empty_inventory_returns_valid_excel PASSED [ 42%]
Backend CI	Run tests	2026-03-17T02:40:13.7406169Z app/tests/test_inventory_excel_service.py::TestExportInventory::test_export_includes_all_columns PASSED [ 42%]
Backend CI	Run tests	2026-03-17T02:40:13.7652027Z app/tests/test_inventory_excel_service.py::TestExportInventory::test_export_includes_metadata_sheet PASSED [ 42%]
Backend CI	Run tests	2026-03-17T02:40:13.7806910Z app/tests/test_inventory_excel_service.py::TestImportInventory::test_import_with_valid_data_creates_items PASSED [ 42%]
Backend CI	Run tests	2026-03-17T02:40:13.7957982Z app/tests/test_inventory_excel_service.py::TestImportInventory::test_import_updates_existing_items PASSED [ 42%]
Backend CI	Run tests	2026-03-17T02:40:13.8091223Z app/tests/test_inventory_excel_service.py::TestImportInventory::test_import_with_missing_required_columns_fails PASSED [ 42%]
Backend CI	Run tests	2026-03-17T02:40:13.8240801Z app/tests/test_inventory_excel_service.py::TestImportInventory::test_import_with_invalid_sku_reports_error PASSED [ 42%]
Backend CI	Run tests	2026-03-17T02:40:13.8392232Z app/tests/test_inventory_excel_service.py::TestImportInventory::test_import_with_invalid_quantity_reports_error PASSED [ 42%]
Backend CI	Run tests	2026-03-17T02:40:13.8545007Z app/tests/test_inventory_excel_service.py::TestImportInventory::test_import_skips_empty_rows PASSED [ 42%]
Backend CI	Run tests	2026-03-17T02:40:13.8697949Z app/tests/test_inventory_excel_service.py::TestImportInventory::test_import_converts_empty_strings_to_none PASSED [ 42%]
Backend CI	Run tests	2026-03-17T02:40:13.8716873Z app/tests/test_inventory_excel_service.py::TestImportInventory::test_import_handles_malformed_excel PASSED [ 42%]
Backend CI	Run tests	2026-03-17T02:40:13.8734944Z app/tests/test_inventory_excel_service.py::TestImportInventory::test_import_handles_empty_workbook PASSED [ 42%]
Backend CI	Run tests	2026-03-17T02:40:13.8875055Z app/tests/test_inventory_excel_service.py::TestImportInventory::test_import_finds_inventory_sheet_by_name PASSED [ 43%]
Backend CI	Run tests	2026-03-17T02:40:13.9015643Z app/tests/test_inventory_excel_service.py::TestImportInventory::test_import_falls_back_to_first_sheet PASSED [ 43%]
Backend CI	Run tests	2026-03-17T02:40:13.9164597Z app/tests/test_inventory_excel_service.py::TestImportInventory::test_import_with_no_valid_data_fails PASSED [ 43%]
Backend CI	Run tests	2026-03-17T02:40:13.9180143Z app/tests/test_inventory_excel_service.py::TestFileValidation::test_empty_file_should_be_rejected PASSED [ 43%]
Backend CI	Run tests	2026-03-17T02:40:13.9203410Z app/tests/test_inventory_excel_service.py::TestFileValidation::test_file_size_limit_calculation PASSED [ 43%]
Backend CI	Run tests	2026-03-17T02:40:13.9824616Z app/tests/test_inventory_excel_service.py::TestBatchProcessing::test_batch_commits_every_100_rows PASSED [ 43%]
Backend CI	Run tests	2026-03-17T02:40:13.9881827Z app/tests/test_inventory_period_service.py::TestListPeriods::test_returns_items_and_total PASSED [ 43%]
Backend CI	Run tests	2026-03-17T02:40:13.9923483Z app/tests/test_inventory_period_service.py::TestListPeriods::test_empty_list PASSED [ 43%]
Backend CI	Run tests	2026-03-17T02:40:13.9965680Z app/tests/test_inventory_period_service.py::TestListPeriods::test_pagination_offset PASSED [ 43%]
Backend CI	Run tests	2026-03-17T02:40:14.0019058Z app/tests/test_inventory_period_service.py::TestGetOrCreatePeriod::test_returns_existing_period PASSED [ 43%]
Backend CI	Run tests	2026-03-17T02:40:14.0083507Z app/tests/test_inventory_period_service.py::TestGetOrCreatePeriod::test_creates_new_period PASSED [ 43%]
Backend CI	Run tests	2026-03-17T02:40:14.0140112Z app/tests/test_inventory_period_service.py::TestClosePeriod::test_closes_open_period PASSED [ 43%]
Backend CI	Run tests	2026-03-17T02:40:14.0191481Z app/tests/test_inventory_period_service.py::TestClosePeriod::test_idempotent_on_already_closed PASSED [ 43%]
Backend CI	Run tests	2026-03-17T02:40:14.0230986Z app/tests/test_inventory_period_service.py::TestClosePeriod::test_returns_none_when_not_found PASSED [ 43%]
Backend CI	Run tests	2026-03-17T02:40:14.0287877Z app/tests/test_inventory_period_service.py::TestClosePeriod::test_closes_reopened_period PASSED [ 43%]
Backend CI	Run tests	2026-03-17T02:40:14.0346131Z app/tests/test_inventory_period_service.py::TestReopenPeriod::test_reopens_closed_period PASSED [ 43%]
Backend CI	Run tests	2026-03-17T02:40:14.0399488Z app/tests/test_inventory_period_service.py::TestReopenPeriod::test_returns_none_when_not_found PASSED [ 43%]
Backend CI	Run tests	2026-03-17T02:40:14.0438296Z app/tests/test_inventory_period_service.py::TestReopenPeriod::test_returns_none_when_not_closed PASSED [ 43%]
Backend CI	Run tests	2026-03-17T02:40:14.0469881Z app/tests/test_inventory_period_service.py::TestCreateSnapshot::test_creates_snapshot_with_computed_total PASSED [ 43%]
Backend CI	Run tests	2026-03-17T02:40:14.0500496Z app/tests/test_inventory_period_service.py::TestCreateSnapshot::test_zero_quantity_gives_zero_total PASSED [ 43%]
Backend CI	Run tests	2026-03-17T02:40:14.0531089Z app/tests/test_inventory_period_service.py::TestCreateSnapshot::test_large_values PASSED [ 43%]
Backend CI	Run tests	2026-03-17T02:40:14.0579446Z app/tests/test_inventory_period_service.py::TestListSnapshots::test_returns_snapshots_and_total PASSED [ 43%]
Backend CI	Run tests	2026-03-17T02:40:14.0619110Z app/tests/test_inventory_period_service.py::TestListSnapshots::test_pagination PASSED [ 43%]
Backend CI	Run tests	2026-03-17T02:40:14.0669317Z app/tests/test_inventory_period_service.py::TestSetClassification::test_creates_new_classification PASSED [ 43%]
Backend CI	Run tests	2026-03-17T02:40:14.0740287Z app/tests/test_inventory_period_service.py::TestSetClassification::test_updates_existing_classification PASSED [ 43%]
Backend CI	Run tests	2026-03-17T02:40:14.0787707Z app/tests/test_inventory_period_service.py::TestSetClassification::test_default_count_frequency PASSED [ 43%]
Backend CI	Run tests	2026-03-17T02:40:14.0837696Z app/tests/test_inventory_period_service.py::TestListClassifications::test_returns_all_classifications PASSED [ 43%]
Backend CI	Run tests	2026-03-17T02:40:14.0878295Z app/tests/test_inventory_period_service.py::TestListClassifications::test_filters_by_classification PASSED [ 43%]
Backend CI	Run tests	2026-03-17T02:40:14.0918011Z app/tests/test_inventory_period_service.py::TestListClassifications::test_no_extra_filter_without_classification PASSED [ 43%]
Backend CI	Run tests	2026-03-17T02:40:14.0958181Z app/tests/test_inventory_period_service.py::TestListClassifications::test_pagination PASSED [ 43%]
Backend CI	Run tests	2026-03-17T02:40:14.0989603Z app/tests/test_inventory_period_service.py::TestAddCountHistory::test_creates_history_record PASSED [ 43%]
Backend CI	Run tests	2026-03-17T02:40:14.1036449Z app/tests/test_inventory_period_service.py::TestAddCountHistory::test_optional_fields_default_none PASSED [ 43%]
Backend CI	Run tests	2026-03-17T02:40:14.1091783Z app/tests/test_inventory_period_service.py::TestGetCountHistory::test_returns_ordered_history PASSED [ 43%]
Backend CI	Run tests	2026-03-17T02:40:14.1133149Z app/tests/test_inventory_period_service.py::TestGetCountHistory::test_returns_empty_list PASSED [ 43%]
Backend CI	Run tests	2026-03-17T02:40:14.1169497Z app/tests/test_inventory_report_service.py::TestStockLevels::test_returns_correct_structure PASSED [ 43%]
Backend CI	Run tests	2026-03-17T02:40:14.1206404Z app/tests/test_inventory_report_service.py::TestStockLevels::test_calculates_stock_values PASSED [ 43%]
Backend CI	Run tests	2026-03-17T02:40:14.1243214Z app/tests/test_inventory_report_service.py::TestStockLevels::test_low_stock_flag PASSED [ 43%]
Backend CI	Run tests	2026-03-17T02:40:14.1281290Z app/tests/test_inventory_report_service.py::TestStockLevels::test_out_of_stock_flag PASSED [ 43%]
Backend CI	Run tests	2026-03-17T02:40:14.1318780Z app/tests/test_inventory_report_service.py::TestStockLevels::test_uncategorized_products PASSED [ 43%]
Backend CI	Run tests	2026-03-17T02:40:14.1398272Z app/tests/test_inventory_report_service.py::TestStockMovements::test_returns_correct_structure PASSED [ 43%]
Backend CI	Run tests	2026-03-17T02:40:14.1439326Z app/tests/test_inventory_report_service.py::TestValuation::test_empty_inventory PASSED [ 43%]
Backend CI	Run tests	2026-03-17T02:40:14.1525549Z app/tests/test_inventory_report_service.py::TestTurnoverAnalysis::test_empty_returns_zeros PASSED [ 43%]
Backend CI	Run tests	2026-03-17T02:40:14.1571759Z app/tests/test_inventory_report_service.py::TestSupplierPerformance::test_empty_returns_zeros PASSED [ 44%]
Backend CI	Run tests	2026-03-17T02:40:14.1631678Z app/tests/test_inventory_report_service.py::TestWastageReport::test_empty_returns_zeros PASSED [ 44%]
Backend CI	Run tests	2026-03-17T02:40:14.1667869Z app/tests/test_inventory_report_service.py::TestDashboard::test_dashboard_structure PASSED [ 44%]
Backend CI	Run tests	2026-03-17T02:40:14.1691815Z app/tests/test_inventory_service.py::test_get_inventory_items_paginates_and_returns_total PASSED [ 44%]
Backend CI	Run tests	2026-03-17T02:40:14.1712184Z app/tests/test_inventory_service.py::test_create_inventory_item_adds_and_commits PASSED [ 44%]
Backend CI	Run tests	2026-03-17T02:40:14.1737949Z app/tests/test_inventory_service.py::test_adjust_inventory_raises_when_below_zero PASSED [ 44%]
Backend CI	Run tests	2026-03-17T02:40:14.1759032Z app/tests/test_inventory_service.py::test_adjust_inventory_creates_transaction_and_updates_quantity PASSED [ 44%]
Backend CI	Run tests	2026-03-17T02:40:14.1779075Z app/tests/test_inventory_service.py::test_record_sale_returns_none_when_item_missing PASSED [ 44%]
Backend CI	Run tests	2026-03-17T02:40:14.1808825Z app/tests/test_inventory_service.py::test_record_sale_raises_on_insufficient_inventory PASSED [ 44%]
Backend CI	Run tests	2026-03-17T02:40:14.1831284Z app/tests/test_inventory_service.py::test_record_sale_creates_transaction_and_updates_quantity PASSED [ 44%]
Backend CI	Run tests	2026-03-17T02:40:14.1857043Z app/tests/test_inventory_service.py::test_record_purchase_updates_weighted_average_cost_and_creates_tx PASSED [ 44%]
Backend CI	Run tests	2026-03-17T02:40:14.1873056Z app/tests/test_invoice_payment_service.py::TestCalculateGatewayFees::test_normal_amount PASSED [ 44%]
Backend CI	Run tests	2026-03-17T02:40:14.1888952Z app/tests/test_invoice_payment_service.py::TestCalculateGatewayFees::test_small_amount PASSED [ 44%]
Backend CI	Run tests	2026-03-17T02:40:14.1904606Z app/tests/test_invoice_payment_service.py::TestCalculateGatewayFees::test_zero_amount PASSED [ 44%]
Backend CI	Run tests	2026-03-17T02:40:14.1920166Z app/tests/test_invoice_payment_service.py::TestCalculateGatewayFees::test_large_amount_hits_cap PASSED [ 44%]
Backend CI	Run tests	2026-03-17T02:40:14.1936140Z app/tests/test_invoice_payment_service.py::TestCalculateGatewayFees::test_amount_just_below_cap PASSED [ 44%]
Backend CI	Run tests	2026-03-17T02:40:14.1951815Z app/tests/test_invoice_payment_service.py::TestCalculateGatewayFees::test_amount_exactly_at_cap_boundary PASSED [ 44%]
Backend CI	Run tests	2026-03-17T02:40:14.1967738Z app/tests/test_invoice_payment_service.py::TestCalculateGatewayFees::test_result_is_quantized PASSED [ 44%]
Backend CI	Run tests	2026-03-17T02:40:14.1983603Z app/tests/test_invoice_payment_service.py::TestCalculateGatewayFees::test_result_type_is_decimal PASSED [ 44%]
Backend CI	Run tests	2026-03-17T02:40:14.2030788Z app/tests/test_invoice_payment_service.py::TestGetInvoice::test_found PASSED [ 44%]
Backend CI	Run tests	2026-03-17T02:40:14.2060362Z app/tests/test_invoice_payment_service.py::TestGetInvoice::test_not_found PASSED [ 44%]
Backend CI	Run tests	2026-03-17T02:40:14.2089621Z app/tests/test_invoice_payment_service.py::TestGetInvoice::test_filter_called PASSED [ 44%]
Backend CI	Run tests	2026-03-17T02:40:14.2137389Z app/tests/test_invoice_payment_service.py::TestGetInvoiceByReference::test_found PASSED [ 44%]
Backend CI	Run tests	2026-03-17T02:40:14.2169078Z app/tests/test_invoice_payment_service.py::TestGetInvoiceByReference::test_not_found PASSED [ 44%]
Backend CI	Run tests	2026-03-17T02:40:14.2229157Z app/tests/test_invoice_payment_service.py::TestInitiatePayment::test_success PASSED [ 44%]
Backend CI	Run tests	2026-03-17T02:40:14.2280805Z app/tests/test_invoice_payment_service.py::TestInitiatePayment::test_zero_balance_returns_none_tuple PASSED [ 44%]
Backend CI	Run tests	2026-03-17T02:40:14.2328217Z app/tests/test_invoice_payment_service.py::TestInitiatePayment::test_negative_balance_returns_none_tuple PASSED [ 44%]
Backend CI	Run tests	2026-03-17T02:40:14.2381780Z app/tests/test_invoice_payment_service.py::TestInitiatePayment::test_paystack_failure_returns_none PASSED [ 44%]
Backend CI	Run tests	2026-03-17T02:40:14.2437275Z app/tests/test_invoice_payment_service.py::TestInitiatePayment::test_amount_cents_passed_correctly PASSED [ 44%]
Backend CI	Run tests	2026-03-17T02:40:14.2503565Z app/tests/test_invoice_payment_service.py::TestInitiatePayment::test_metadata_includes_invoice_details PASSED [ 44%]
Backend CI	Run tests	2026-03-17T02:40:14.2566886Z app/tests/test_invoice_payment_service.py::TestVerifyPayment::test_success_full_payment PASSED [ 44%]
Backend CI	Run tests	2026-03-17T02:40:14.2629450Z app/tests/test_invoice_payment_service.py::TestVerifyPayment::test_success_partial_payment PASSED [ 44%]
Backend CI	Run tests	2026-03-17T02:40:14.2690813Z app/tests/test_invoice_payment_service.py::TestVerifyPayment::test_abandoned_payment PASSED [ 44%]
Backend CI	Run tests	2026-03-17T02:40:14.2753375Z app/tests/test_invoice_payment_service.py::TestVerifyPayment::test_failed_payment PASSED [ 44%]
Backend CI	Run tests	2026-03-17T02:40:14.2815677Z app/tests/test_invoice_payment_service.py::TestVerifyPayment::test_unknown_status PASSED [ 44%]
Backend CI	Run tests	2026-03-17T02:40:14.2878133Z app/tests/test_invoice_payment_service.py::TestVerifyPayment::test_unknown_status_none PASSED [ 44%]
Backend CI	Run tests	2026-03-17T02:40:14.2919951Z app/tests/test_invoice_payment_service.py::TestVerifyPayment::test_invoice_not_found PASSED [ 44%]
Backend CI	Run tests	2026-03-17T02:40:14.2997737Z app/tests/test_invoice_payment_service.py::TestVerifyPayment::test_paystack_verify_returns_none PASSED [ 44%]
Backend CI	Run tests	2026-03-17T02:40:14.3059244Z app/tests/test_invoice_payment_service.py::TestVerifyPayment::test_success_accumulates_amount_paid PASSED [ 44%]
Backend CI	Run tests	2026-03-17T02:40:14.3120931Z app/tests/test_invoice_payment_service.py::TestVerifyPayment::test_success_with_none_amount_paid PASSED [ 44%]
Backend CI	Run tests	2026-03-17T02:40:14.3158475Z app/tests/test_invoice_payment_service.py::TestResetPaymentReference::test_clears_reference_and_status PASSED [ 44%]
Backend CI	Run tests	2026-03-17T02:40:14.3199154Z app/tests/test_invoice_payment_service.py::TestResetPaymentReference::test_already_none PASSED [ 44%]
Backend CI	Run tests	2026-03-17T02:40:14.3239863Z app/tests/test_invoice_service.py::TestGenerateInvoiceNumber::test_first_invoice_number PASSED [ 45%]
Backend CI	Run tests	2026-03-17T02:40:14.3280622Z app/tests/test_invoice_service.py::TestGenerateInvoiceNumber::test_increments_sequence PASSED [ 45%]
Backend CI	Run tests	2026-03-17T02:40:14.3354602Z app/tests/test_invoice_service.py::TestGetInvoices::test_returns_invoices_and_total PASSED [ 45%]
Backend CI	Run tests	2026-03-17T02:40:14.3398680Z app/tests/test_invoice_service.py::TestGetInvoices::test_empty_result PASSED [ 45%]
Backend CI	Run tests	2026-03-17T02:40:14.3454495Z app/tests/test_invoice_service.py::TestGetInvoices::test_pagination_offset PASSED [ 45%]
Backend CI	Run tests	2026-03-17T02:40:14.3498586Z app/tests/test_invoice_service.py::TestGetInvoices::test_search_filter PASSED [ 45%]
Backend CI	Run tests	2026-03-17T02:40:14.3541453Z app/tests/test_invoice_service.py::TestGetInvoices::test_customer_filter PASSED [ 45%]
Backend CI	Run tests	2026-03-17T02:40:14.3585808Z app/tests/test_invoice_service.py::TestGetInvoices::test_status_filter PASSED [ 45%]
Backend CI	Run tests	2026-03-17T02:40:14.3631174Z app/tests/test_invoice_service.py::TestGetInvoices::test_date_range_filter PASSED [ 45%]
Backend CI	Run tests	2026-03-17T02:40:14.3677536Z app/tests/test_invoice_service.py::TestGetInvoices::test_overdue_only_filter PASSED [ 45%]
Backend CI	Run tests	2026-03-17T02:40:14.3720140Z app/tests/test_invoice_service.py::TestGetInvoices::test_sort_ascending PASSED [ 45%]
Backend CI	Run tests	2026-03-17T02:40:14.3791909Z app/tests/test_invoice_service.py::TestGetInvoice::test_returns_invoice PASSED [ 45%]
Backend CI	Run tests	2026-03-17T02:40:14.3831879Z app/tests/test_invoice_service.py::TestGetInvoice::test_returns_none_when_missing PASSED [ 45%]
Backend CI	Run tests	2026-03-17T02:40:14.3888142Z app/tests/test_invoice_service.py::TestGetInvoiceByNumber::test_returns_invoice PASSED [ 45%]
Backend CI	Run tests	2026-03-17T02:40:14.3928922Z app/tests/test_invoice_service.py::TestGetInvoiceByNumber::test_returns_none_when_missing PASSED [ 45%]
Backend CI	Run tests	2026-03-17T02:40:14.4013240Z app/tests/test_invoice_service.py::TestCreateInvoice::test_creates_invoice_with_items PASSED [ 45%]
Backend CI	Run tests	2026-03-17T02:40:14.4095776Z app/tests/test_invoice_service.py::TestCreateInvoice::test_creates_invoice_with_no_items PASSED [ 45%]
Backend CI	Run tests	2026-03-17T02:40:14.4165267Z app/tests/test_invoice_service.py::TestCreateInvoice::test_creates_invoice_with_billing_address PASSED [ 45%]
Backend CI	Run tests	2026-03-17T02:40:14.4236561Z app/tests/test_invoice_service.py::TestCreateInvoice::test_item_calculation_accuracy PASSED [ 45%]
Backend CI	Run tests	2026-03-17T02:40:14.4319077Z app/tests/test_invoice_service.py::TestUpdateInvoice::test_updates_fields PASSED [ 45%]
Backend CI	Run tests	2026-03-17T02:40:14.4383297Z app/tests/test_invoice_service.py::TestUpdateInvoice::test_updates_billing_address PASSED [ 45%]
Backend CI	Run tests	2026-03-17T02:40:14.4458824Z app/tests/test_invoice_service.py::TestUpdateInvoice::test_recalculates_totals PASSED [ 45%]
Backend CI	Run tests	2026-03-17T02:40:14.4504457Z app/tests/test_invoice_service.py::TestRecordPayment::test_partial_payment PASSED [ 45%]
Backend CI	Run tests	2026-03-17T02:40:14.4547714Z app/tests/test_invoice_service.py::TestRecordPayment::test_full_payment PASSED [ 45%]
Backend CI	Run tests	2026-03-17T02:40:14.4593296Z app/tests/test_invoice_service.py::TestRecordPayment::test_overpayment_marks_paid PASSED [ 45%]
Backend CI	Run tests	2026-03-17T02:40:14.4638337Z app/tests/test_invoice_service.py::TestSendInvoice::test_marks_as_sent PASSED [ 45%]
Backend CI	Run tests	2026-03-17T02:40:14.4680996Z app/tests/test_invoice_service.py::TestDeleteInvoice::test_soft_deletes PASSED [ 45%]
Backend CI	Run tests	2026-03-17T02:40:14.4743070Z app/tests/test_invoice_service.py::TestGetInvoiceItems::test_returns_items PASSED [ 45%]
Backend CI	Run tests	2026-03-17T02:40:14.4795152Z app/tests/test_invoice_service.py::TestGetInvoiceItems::test_returns_empty_list PASSED [ 45%]
Backend CI	Run tests	2026-03-17T02:40:14.4890346Z app/tests/test_invoice_service.py::TestGetInvoiceStats::test_returns_stats PASSED [ 45%]
Backend CI	Run tests	2026-03-17T02:40:14.4985895Z app/tests/test_invoice_service.py::TestGetInvoiceStats::test_stats_with_zero_values PASSED [ 45%]
Backend CI	Run tests	2026-03-17T02:40:14.5002103Z app/tests/test_invoices.py::TestInvoiceSchemas::test_invoice_status_enum PASSED [ 45%]
Backend CI	Run tests	2026-03-17T02:40:14.5018908Z app/tests/test_invoices.py::TestInvoiceSchemas::test_invoice_item_create_schema PASSED [ 45%]
Backend CI	Run tests	2026-03-17T02:40:14.5034884Z app/tests/test_invoices.py::TestInvoiceSchemas::test_invoice_create_schema PASSED [ 45%]
Backend CI	Run tests	2026-03-17T02:40:14.5050406Z app/tests/test_invoices.py::TestInvoiceSchemas::test_invoice_update_schema PASSED [ 45%]
Backend CI	Run tests	2026-03-17T02:40:14.5066177Z app/tests/test_invoices.py::TestInvoiceSchemas::test_payment_record_schema PASSED [ 45%]
Backend CI	Run tests	2026-03-17T02:40:14.5082327Z app/tests/test_invoices.py::TestInvoiceModel::test_invoice_balance_due PASSED [ 45%]
Backend CI	Run tests	2026-03-17T02:40:14.5098499Z app/tests/test_invoices.py::TestInvoiceModel::test_invoice_is_paid_false PASSED [ 45%]
Backend CI	Run tests	2026-03-17T02:40:14.5114355Z app/tests/test_invoices.py::TestInvoiceModel::test_invoice_is_paid_true PASSED [ 45%]
Backend CI	Run tests	2026-03-17T02:40:14.5130402Z app/tests/test_invoices.py::TestInvoiceModel::test_invoice_is_overdue_false_no_due_date PASSED [ 45%]
Backend CI	Run tests	2026-03-17T02:40:14.5146644Z app/tests/test_invoices.py::TestInvoiceModel::test_invoice_is_overdue_false_paid PASSED [ 45%]
Backend CI	Run tests	2026-03-17T02:40:14.5163065Z app/tests/test_invoices.py::TestInvoiceItemModel::test_invoice_item_line_total PASSED [ 45%]
Backend CI	Run tests	2026-03-17T02:40:14.5182586Z app/tests/test_invoices.py::TestInvoiceService::test_invoice_service_init PASSED [ 45%]
Backend CI	Run tests	2026-03-17T02:40:14.5210799Z app/tests/test_invoices.py::TestInvoiceService::test_generate_invoice_number_format PASSED [ 46%]
Backend CI	Run tests	2026-03-17T02:40:14.5226901Z app/tests/test_invoices.py::TestInvoiceAPI::test_invoice_router_exists PASSED [ 46%]
Backend CI	Run tests	2026-03-17T02:40:14.5242987Z app/tests/test_invoices.py::TestInvoiceAPI::test_invoice_endpoints_exist PASSED [ 46%]
Backend CI	Run tests	2026-03-17T02:40:14.5259099Z app/tests/test_invoices.py::TestInvoiceSummary::test_invoice_summary_schema PASSED [ 46%]
Backend CI	Run tests	2026-03-17T02:40:14.5278246Z app/tests/test_invoices.py::TestInvoiceListResponse::test_invoice_list_response_schema PASSED [ 46%]
Backend CI	Run tests	2026-03-17T02:40:14.5305358Z app/tests/test_layby_notification_service.py::TestConstructor::test_creates_email_and_notification_services PASSED [ 46%]
Backend CI	Run tests	2026-03-17T02:40:14.5321380Z app/tests/test_layby_notification_service.py::TestFormatCurrency::test_formats_decimal PASSED [ 46%]
Backend CI	Run tests	2026-03-17T02:40:14.5338773Z app/tests/test_layby_notification_service.py::TestFormatCurrency::test_formats_zero PASSED [ 46%]
Backend CI	Run tests	2026-03-17T02:40:14.5354355Z app/tests/test_layby_notification_service.py::TestFormatCurrency::test_formats_none PASSED [ 46%]
Backend CI	Run tests	2026-03-17T02:40:14.5369907Z app/tests/test_layby_notification_service.py::TestFormatCurrency::test_formats_large_amount PASSED [ 46%]
Backend CI	Run tests	2026-03-17T02:40:14.5400799Z app/tests/test_layby_notification_service.py::TestCustomerName::test_first_and_last PASSED [ 46%]
Backend CI	Run tests	2026-03-17T02:40:14.5431567Z app/tests/test_layby_notification_service.py::TestCustomerName::test_first_name_only PASSED [ 46%]
Backend CI	Run tests	2026-03-17T02:40:14.5462380Z app/tests/test_layby_notification_service.py::TestCustomerName::test_falls_back_to_name_attr PASSED [ 46%]
Backend CI	Run tests	2026-03-17T02:40:14.5490237Z app/tests/test_layby_notification_service.py::TestCustomerName::test_no_customer PASSED [ 46%]
Backend CI	Run tests	2026-03-17T02:40:14.5520888Z app/tests/test_layby_notification_service.py::TestCustomerName::test_customer_no_names PASSED [ 46%]
Backend CI	Run tests	2026-03-17T02:40:14.5550104Z app/tests/test_layby_notification_service.py::TestRecipientAddress::test_email_channel PASSED [ 46%]
Backend CI	Run tests	2026-03-17T02:40:14.5578997Z app/tests/test_layby_notification_service.py::TestRecipientAddress::test_sms_channel PASSED [ 46%]
Backend CI	Run tests	2026-03-17T02:40:14.5608385Z app/tests/test_layby_notification_service.py::TestRecipientAddress::test_in_app_channel PASSED [ 46%]
Backend CI	Run tests	2026-03-17T02:40:14.5635057Z app/tests/test_layby_notification_service.py::TestRecipientAddress::test_email_no_customer PASSED [ 46%]
Backend CI	Run tests	2026-03-17T02:40:14.5663691Z app/tests/test_layby_notification_service.py::TestRecipientAddress::test_in_app_no_created_by PASSED [ 46%]
Backend CI	Run tests	2026-03-17T02:40:14.5716578Z app/tests/test_layby_notification_service.py::TestSend::test_in_app_creates_record_and_in_app_notification PASSED [ 46%]
Backend CI	Run tests	2026-03-17T02:40:14.5758407Z app/tests/test_layby_notification_service.py::TestSend::test_email_calls_email_service PASSED [ 46%]
Backend CI	Run tests	2026-03-17T02:40:14.5807467Z app/tests/test_layby_notification_service.py::TestSend::test_email_failure_marks_failed PASSED [ 46%]
Backend CI	Run tests	2026-03-17T02:40:14.5850053Z app/tests/test_layby_notification_service.py::TestSend::test_in_app_failure_marks_failed PASSED [ 46%]
Backend CI	Run tests	2026-03-17T02:40:14.5890899Z app/tests/test_layby_notification_service.py::TestSend::test_unimplemented_channel_still_marks_sent PASSED [ 46%]
Backend CI	Run tests	2026-03-17T02:40:14.5930976Z app/tests/test_layby_notification_service.py::TestSend::test_in_app_skips_if_no_created_by PASSED [ 46%]
Backend CI	Run tests	2026-03-17T02:40:14.5985006Z app/tests/test_layby_notification_service.py::TestSend::test_error_message_truncated_to_500 PASSED [ 46%]
Backend CI	Run tests	2026-03-17T02:40:14.6030304Z app/tests/test_layby_notification_service.py::TestSendPaymentReminder::test_creates_notification_with_correct_content PASSED [ 46%]
Backend CI	Run tests	2026-03-17T02:40:14.6075151Z app/tests/test_layby_notification_service.py::TestSendPaymentReminder::test_defaults_to_in_app_channel PASSED [ 46%]
Backend CI	Run tests	2026-03-17T02:40:14.6119793Z app/tests/test_layby_notification_service.py::TestSendPaymentReminder::test_can_override_channel_to_email PASSED [ 46%]
Backend CI	Run tests	2026-03-17T02:40:14.6164107Z app/tests/test_layby_notification_service.py::TestSendOverdueNotice::test_creates_notification_with_overdue_details PASSED [ 46%]
Backend CI	Run tests	2026-03-17T02:40:14.6208335Z app/tests/test_layby_notification_service.py::TestSendCollectionReady::test_creates_notification PASSED [ 46%]
Backend CI	Run tests	2026-03-17T02:40:14.6268247Z app/tests/test_layby_notification_service.py::TestSendCancellationConfirmation::test_creates_notification_with_reason PASSED [ 46%]
Backend CI	Run tests	2026-03-17T02:40:14.6314726Z app/tests/test_layby_notification_service.py::TestSendScheduleUpdate::test_creates_notification_with_details PASSED [ 46%]
Backend CI	Run tests	2026-03-17T02:40:14.6393924Z app/tests/test_layby_refund_notification.py::TestRefundPayment::test_full_refund_updates_payment_and_layby PASSED [ 46%]
Backend CI	Run tests	2026-03-17T02:40:14.6469258Z app/tests/test_layby_refund_notification.py::TestRefundPayment::test_partial_refund PASSED [ 46%]
Backend CI	Run tests	2026-03-17T02:40:14.6532536Z app/tests/test_layby_refund_notification.py::TestRefundPayment::test_cannot_refund_already_refunded PASSED [ 46%]
Backend CI	Run tests	2026-03-17T02:40:14.6595860Z app/tests/test_layby_refund_notification.py::TestRefundPayment::test_cannot_refund_pending_payment PASSED [ 46%]
Backend CI	Run tests	2026-03-17T02:40:14.6658656Z app/tests/test_layby_refund_notification.py::TestRefundPayment::test_refund_exceeding_amount_raises_error PASSED [ 46%]
Backend CI	Run tests	2026-03-17T02:40:14.6746280Z app/tests/test_layby_refund_notification.py::TestRefundPayment::test_refund_reverts_ready_layby_to_active PASSED [ 46%]
Backend CI	Run tests	2026-03-17T02:40:14.6803508Z app/tests/test_layby_refund_notification.py::TestLaybyNotificationService::test_send_payment_reminder_creates_record PASSED [ 46%]
Backend CI	Run tests	2026-03-17T02:40:14.6861340Z app/tests/test_layby_refund_notification.py::TestLaybyNotificationService::test_send_overdue_notice PASSED [ 46%]
Backend CI	Run tests	2026-03-17T02:40:14.6917872Z app/tests/test_layby_refund_notification.py::TestLaybyNotificationService::test_send_collection_ready PASSED [ 47%]
Backend CI	Run tests	2026-03-17T02:40:14.6972105Z app/tests/test_layby_refund_notification.py::TestLaybyNotificationService::test_send_cancellation_confirmation PASSED [ 47%]
Backend CI	Run tests	2026-03-17T02:40:14.7030733Z app/tests/test_layby_refund_notification.py::TestLaybyNotificationService::test_email_channel_calls_email_service PASSED [ 47%]
Backend CI	Run tests	2026-03-17T02:40:14.7087908Z app/tests/test_layby_refund_notification.py::TestLaybyNotificationService::test_failed_email_marks_record_as_failed PASSED [ 47%]
Backend CI	Run tests	2026-03-17T02:40:14.7126047Z app/tests/test_layby_refund_notification.py::TestLaybyNotificationService::test_customer_name_fallback PASSED [ 47%]
Backend CI	Run tests	2026-03-17T02:40:14.7144906Z app/tests/test_layby_refund_notification.py::TestLaybyNotificationService::test_format_currency PASSED [ 47%]
Backend CI	Run tests	2026-03-17T02:40:14.7190318Z app/tests/test_layby_report_service.py::TestGetActiveLaybys::test_returns_correct_totals PASSED [ 47%]
Backend CI	Run tests	2026-03-17T02:40:14.7245787Z app/tests/test_layby_report_service.py::TestGetActiveLaybys::test_empty_results_return_zeros PASSED [ 47%]
Backend CI	Run tests	2026-03-17T02:40:14.7287736Z app/tests/test_layby_report_service.py::TestGetActiveLaybys::test_decimal_rounding PASSED [ 47%]
Backend CI	Run tests	2026-03-17T02:40:14.7352008Z app/tests/test_layby_report_service.py::TestGetActiveLaybys::test_get_active_summary_is_alias PASSED [ 47%]
Backend CI	Run tests	2026-03-17T02:40:14.7395218Z app/tests/test_layby_report_service.py::TestGetActiveLaybys::test_total_count_is_int PASSED [ 47%]
Backend CI	Run tests	2026-03-17T02:40:14.7437604Z app/tests/test_layby_report_service.py::TestGetActiveLaybys::test_values_are_floats PASSED [ 47%]
Backend CI	Run tests	2026-03-17T02:40:14.7491385Z app/tests/test_layby_report_service.py::TestGetActiveLaybys::test_large_values PASSED [ 47%]
Backend CI	Run tests	2026-03-17T02:40:14.7531963Z app/tests/test_layby_report_service.py::TestGetOverdueLaybys::test_single_overdue_layby PASSED [ 47%]
Backend CI	Run tests	2026-03-17T02:40:14.7570557Z app/tests/test_layby_report_service.py::TestGetOverdueLaybys::test_no_overdue_laybys PASSED [ 47%]
Backend CI	Run tests	2026-03-17T02:40:14.7613233Z app/tests/test_layby_report_service.py::TestGetOverdueLaybys::test_multiple_overdue_laybys PASSED [ 47%]
Backend CI	Run tests	2026-03-17T02:40:14.7655354Z app/tests/test_layby_report_service.py::TestGetOverdueLaybys::test_none_next_payment_date_shows_zero_days PASSED [ 47%]
Backend CI	Run tests	2026-03-17T02:40:14.7696079Z app/tests/test_layby_report_service.py::TestGetOverdueLaybys::test_next_payment_date_formatted_as_string PASSED [ 47%]
Backend CI	Run tests	2026-03-17T02:40:14.7735165Z app/tests/test_layby_report_service.py::TestGetOverdueLaybys::test_get_overdue_alias PASSED [ 47%]
Backend CI	Run tests	2026-03-17T02:40:14.7787686Z app/tests/test_layby_report_service.py::TestGetOverdueLaybys::test_balance_due_rounds_correctly PASSED [ 47%]
Backend CI	Run tests	2026-03-17T02:40:14.7824892Z app/tests/test_layby_report_service.py::TestGetAgingReport::test_empty_report PASSED [ 47%]
Backend CI	Run tests	2026-03-17T02:40:14.7864218Z app/tests/test_layby_report_service.py::TestGetAgingReport::test_0_30_bucket PASSED [ 47%]
Backend CI	Run tests	2026-03-17T02:40:14.7903640Z app/tests/test_layby_report_service.py::TestGetAgingReport::test_31_60_bucket PASSED [ 47%]
Backend CI	Run tests	2026-03-17T02:40:14.7943560Z app/tests/test_layby_report_service.py::TestGetAgingReport::test_61_90_bucket PASSED [ 47%]
Backend CI	Run tests	2026-03-17T02:40:14.7982987Z app/tests/test_layby_report_service.py::TestGetAgingReport::test_90_plus_bucket PASSED [ 47%]
Backend CI	Run tests	2026-03-17T02:40:14.8027927Z app/tests/test_layby_report_service.py::TestGetAgingReport::test_boundary_day_30 PASSED [ 47%]
Backend CI	Run tests	2026-03-17T02:40:14.8079993Z app/tests/test_layby_report_service.py::TestGetAgingReport::test_boundary_day_31 PASSED [ 47%]
Backend CI	Run tests	2026-03-17T02:40:14.8119068Z app/tests/test_layby_report_service.py::TestGetAgingReport::test_boundary_day_60 PASSED [ 47%]
Backend CI	Run tests	2026-03-17T02:40:14.8158180Z app/tests/test_layby_report_service.py::TestGetAgingReport::test_boundary_day_61 PASSED [ 47%]
Backend CI	Run tests	2026-03-17T02:40:14.8197002Z app/tests/test_layby_report_service.py::TestGetAgingReport::test_boundary_day_90 PASSED [ 47%]
Backend CI	Run tests	2026-03-17T02:40:14.8236114Z app/tests/test_layby_report_service.py::TestGetAgingReport::test_boundary_day_91 PASSED [ 47%]
Backend CI	Run tests	2026-03-17T02:40:14.8281180Z app/tests/test_layby_report_service.py::TestGetAgingReport::test_multiple_laybys_across_buckets PASSED [ 47%]
Backend CI	Run tests	2026-03-17T02:40:14.8333894Z app/tests/test_layby_report_service.py::TestGetAgingReport::test_multiple_in_same_bucket PASSED [ 47%]
Backend CI	Run tests	2026-03-17T02:40:14.8372927Z app/tests/test_layby_report_service.py::TestGetAgingReport::test_none_start_date_defaults_zero_days PASSED [ 47%]
Backend CI	Run tests	2026-03-17T02:40:14.8411910Z app/tests/test_layby_report_service.py::TestGetAgingReport::test_today_start_date_is_zero_days PASSED [ 47%]
Backend CI	Run tests	2026-03-17T02:40:14.8449696Z app/tests/test_layby_report_service.py::TestGetAgingReport::test_as_of_field PASSED [ 47%]
Backend CI	Run tests	2026-03-17T02:40:14.8487358Z app/tests/test_layby_report_service.py::TestGetAgingReport::test_all_bucket_keys_present PASSED [ 47%]
Backend CI	Run tests	2026-03-17T02:40:14.8641917Z app/tests/test_layby_report_service.py::TestGetSummary::test_full_summary PASSED [ 47%]
Backend CI	Run tests	2026-03-17T02:40:14.8792357Z app/tests/test_layby_report_service.py::TestGetSummary::test_all_zeros PASSED [ 47%]
Backend CI	Run tests	2026-03-17T02:40:14.8943696Z app/tests/test_layby_report_service.py::TestGetSummary::test_date_range_in_output PASSED [ 47%]
Backend CI	Run tests	2026-03-17T02:40:14.9093132Z app/tests/test_layby_report_service.py::TestGetSummary::test_created_count_none_defaults_to_zero PASSED [ 47%]
Backend CI	Run tests	2026-03-17T02:40:14.9240664Z app/tests/test_layby_report_service.py::TestGetSummary::test_decimal_precision_in_summary PASSED [ 47%]
Backend CI	Run tests	2026-03-17T02:40:14.9389246Z app/tests/test_layby_report_service.py::TestGetSummary::test_single_day_range PASSED [ 48%]
Backend CI	Run tests	2026-03-17T02:40:14.9533887Z app/tests/test_layby_report_service.py::TestGetSummary::test_seven_queries_are_made PASSED [ 48%]
Backend CI	Run tests	2026-03-17T02:40:14.9683806Z app/tests/test_layby_report_service.py::TestGetSummary::test_return_types PASSED [ 48%]
Backend CI	Run tests	2026-03-17T02:40:14.9832577Z app/tests/test_layby_report_service.py::TestGetSummary::test_only_payments_no_refunds PASSED [ 48%]
Backend CI	Run tests	2026-03-17T02:40:15.6804373Z app/tests/test_layby_report_service.py::TestGetSummary::test_only_refunds_no_payments PASSED [ 48%]
Backend CI	Run tests	2026-03-17T02:40:15.6959217Z app/tests/test_layby_report_service.py::TestGetSummary::test_large_values_in_summary PASSED [ 48%]
Backend CI	Run tests	2026-03-17T02:40:15.6980126Z app/tests/test_layby_service.py::TestInstallmentDates::test_weekly PASSED [ 48%]
Backend CI	Run tests	2026-03-17T02:40:15.6999488Z app/tests/test_layby_service.py::TestInstallmentDates::test_monthly PASSED [ 48%]
Backend CI	Run tests	2026-03-17T02:40:15.7018425Z app/tests/test_layby_service.py::TestInstallmentDates::test_ensures_at_least_one PASSED [ 48%]
Backend CI	Run tests	2026-03-17T02:40:15.7061582Z app/tests/test_layby_service.py::TestGenerateReference::test_first_reference PASSED [ 48%]
Backend CI	Run tests	2026-03-17T02:40:15.7109472Z app/tests/test_layby_service.py::TestGenerateReference::test_increments_sequence PASSED [ 48%]
Backend CI	Run tests	2026-03-17T02:40:15.7164623Z app/tests/test_layby_service.py::TestGetLayby::test_found PASSED         [ 48%]
Backend CI	Run tests	2026-03-17T02:40:15.7205628Z app/tests/test_layby_service.py::TestGetLayby::test_not_found PASSED     [ 48%]
Backend CI	Run tests	2026-03-17T02:40:15.7250605Z app/tests/test_layby_service.py::TestListLaybys::test_basic PASSED       [ 48%]
Backend CI	Run tests	2026-03-17T02:40:15.7297508Z app/tests/test_layby_service.py::TestListLaybys::test_with_filters PASSED [ 48%]
Backend CI	Run tests	2026-03-17T02:40:15.7363991Z app/tests/test_layby_service.py::TestMakePayment::test_success PASSED    [ 48%]
Backend CI	Run tests	2026-03-17T02:40:15.7425089Z app/tests/test_layby_service.py::TestMakePayment::test_not_found PASSED  [ 48%]
Backend CI	Run tests	2026-03-17T02:40:15.7477172Z app/tests/test_layby_service.py::TestMakePayment::test_not_eligible PASSED [ 48%]
Backend CI	Run tests	2026-03-17T02:40:15.7531317Z app/tests/test_layby_service.py::TestMakePayment::test_zero_amount PASSED [ 48%]
Backend CI	Run tests	2026-03-17T02:40:15.7584887Z app/tests/test_layby_service.py::TestMakePayment::test_exceeds_balance PASSED [ 48%]
Backend CI	Run tests	2026-03-17T02:40:15.7627620Z app/tests/test_layby_service.py::TestRefundPayment::test_not_found_layby PASSED [ 48%]
Backend CI	Run tests	2026-03-17T02:40:15.7685812Z app/tests/test_layby_service.py::TestRefundPayment::test_not_found_payment PASSED [ 48%]
Backend CI	Run tests	2026-03-17T02:40:15.7737161Z app/tests/test_layby_service.py::TestRefundPayment::test_already_refunded PASSED [ 48%]
Backend CI	Run tests	2026-03-17T02:40:15.7788491Z app/tests/test_layby_service.py::TestRefundPayment::test_success_full_refund PASSED [ 48%]
Backend CI	Run tests	2026-03-17T02:40:15.7832311Z app/tests/test_layby_service.py::TestCancelLayby::test_not_found PASSED  [ 48%]
Backend CI	Run tests	2026-03-17T02:40:15.7890677Z app/tests/test_layby_service.py::TestCancelLayby::test_cannot_cancel PASSED [ 48%]
Backend CI	Run tests	2026-03-17T02:40:15.7977128Z app/tests/test_layby_service.py::TestCancelLayby::test_cancel_with_fee PASSED [ 48%]
Backend CI	Run tests	2026-03-17T02:40:15.8019229Z app/tests/test_layby_service.py::TestCollectLayby::test_not_found PASSED [ 48%]
Backend CI	Run tests	2026-03-17T02:40:15.8070206Z app/tests/test_layby_service.py::TestCollectLayby::test_not_ready PASSED [ 48%]
Backend CI	Run tests	2026-03-17T02:40:15.8129423Z app/tests/test_layby_service.py::TestCollectLayby::test_success PASSED   [ 48%]
Backend CI	Run tests	2026-03-17T02:40:15.8172562Z app/tests/test_layby_service.py::TestExtendLayby::test_not_found PASSED  [ 48%]
Backend CI	Run tests	2026-03-17T02:40:15.8238525Z app/tests/test_layby_service.py::TestExtendLayby::test_cannot_extend PASSED [ 48%]
Backend CI	Run tests	2026-03-17T02:40:15.8292949Z app/tests/test_layby_service.py::TestExtendLayby::test_date_not_after_current PASSED [ 48%]
Backend CI	Run tests	2026-03-17T02:40:15.8344671Z app/tests/test_layby_service.py::TestExtendLayby::test_max_extensions_reached PASSED [ 48%]
Backend CI	Run tests	2026-03-17T02:40:15.8386731Z app/tests/test_layby_service.py::TestPaymentHistory::test_found PASSED   [ 48%]
Backend CI	Run tests	2026-03-17T02:40:15.8431668Z app/tests/test_layby_service.py::TestPaymentHistory::test_not_found PASSED [ 48%]
Backend CI	Run tests	2026-03-17T02:40:15.8486468Z app/tests/test_layby_service.py::TestGetSchedule::test_found PASSED      [ 48%]
Backend CI	Run tests	2026-03-17T02:40:15.8531467Z app/tests/test_layby_service.py::TestConfig::test_get_config PASSED      [ 48%]
Backend CI	Run tests	2026-03-17T02:40:15.8586595Z app/tests/test_layby_service.py::TestConfig::test_update_config_existing PASSED [ 48%]
Backend CI	Run tests	2026-03-17T02:40:15.8647164Z app/tests/test_layby_service.py::TestConfig::test_update_config_creates_new PASSED [ 48%]
Backend CI	Run tests	2026-03-17T02:40:15.8681789Z app/tests/test_layby_stock_service.py::TestCheckAvailability::test_all_items_available PASSED [ 48%]
Backend CI	Run tests	2026-03-17T02:40:15.8714551Z app/tests/test_layby_stock_service.py::TestCheckAvailability::test_insufficient_stock PASSED [ 48%]
Backend CI	Run tests	2026-03-17T02:40:15.8733480Z app/tests/test_layby_stock_service.py::TestCheckAvailability::test_no_inventory_record PASSED [ 49%]
Backend CI	Run tests	2026-03-17T02:40:15.8779752Z app/tests/test_layby_stock_service.py::TestCheckAvailability::test_multiple_items_mixed PASSED [ 49%]
Backend CI	Run tests	2026-03-17T02:40:15.8817556Z app/tests/test_layby_stock_service.py::TestReserveStock::test_creates_reservations_and_updates_inventory PASSED [ 49%]
Backend CI	Run tests	2026-03-17T02:40:15.8871747Z app/tests/test_layby_stock_service.py::TestReserveStock::test_raises_on_insufficient_stock PASSED [ 49%]
Backend CI	Run tests	2026-03-17T02:40:15.8923612Z app/tests/test_layby_stock_service.py::TestReserveStock::test_multiple_items_reserved PASSED [ 49%]
Backend CI	Run tests	2026-03-17T02:40:15.8982384Z app/tests/test_layby_stock_service.py::TestReleaseStock::test_releases_reservations_and_decrements_reserved PASSED [ 49%]
Backend CI	Run tests	2026-03-17T02:40:15.9009526Z app/tests/test_layby_stock_service.py::TestReleaseStock::test_no_reservations_returns_zero PASSED [ 49%]
Backend CI	Run tests	2026-03-17T02:40:15.9067992Z app/tests/test_layby_stock_service.py::TestCollectStock::test_collects_stock_and_updates_inventory PASSED [ 49%]
Backend CI	Run tests	2026-03-17T02:40:15.9095500Z app/tests/test_layby_stock_service.py::TestCollectStock::test_no_reservations_returns_zero PASSED [ 49%]
Backend CI	Run tests	2026-03-17T02:40:15.9155125Z app/tests/test_layby_stock_service.py::TestCollectStock::test_on_hand_never_goes_negative PASSED [ 49%]
Backend CI	Run tests	2026-03-17T02:40:15.9181370Z app/tests/test_location_service.py::TestCreateLocation::test_creates_and_flushes PASSED [ 49%]
Backend CI	Run tests	2026-03-17T02:40:15.9205614Z app/tests/test_location_service.py::TestCreateLocation::test_returns_location_object PASSED [ 49%]
Backend CI	Run tests	2026-03-17T02:40:15.9264822Z app/tests/test_location_service.py::TestListLocations::test_returns_active_locations PASSED [ 49%]
Backend CI	Run tests	2026-03-17T02:40:15.9299475Z app/tests/test_location_service.py::TestListLocations::test_include_inactive_skips_active_filter PASSED [ 49%]
Backend CI	Run tests	2026-03-17T02:40:15.9358468Z app/tests/test_location_service.py::TestGetLocation::test_returns_location_when_found PASSED [ 49%]
Backend CI	Run tests	2026-03-17T02:40:15.9392447Z app/tests/test_location_service.py::TestGetLocation::test_returns_none_when_not_found PASSED [ 49%]
Backend CI	Run tests	2026-03-17T02:40:15.9443110Z app/tests/test_location_service.py::TestUpdateLocation::test_updates_attributes_and_flushes PASSED [ 49%]
Backend CI	Run tests	2026-03-17T02:40:15.9478232Z app/tests/test_location_service.py::TestUpdateLocation::test_returns_none_when_not_found PASSED [ 49%]
Backend CI	Run tests	2026-03-17T02:40:15.9526679Z app/tests/test_location_service.py::TestUpdateLocation::test_skips_none_values PASSED [ 49%]
Backend CI	Run tests	2026-03-17T02:40:15.9579658Z app/tests/test_location_service.py::TestDeleteLocation::test_soft_deletes_and_returns_true PASSED [ 49%]
Backend CI	Run tests	2026-03-17T02:40:15.9614966Z app/tests/test_location_service.py::TestDeleteLocation::test_returns_false_when_not_found PASSED [ 49%]
Backend CI	Run tests	2026-03-17T02:40:15.9680510Z app/tests/test_location_service.py::TestSetStockLevel::test_updates_existing_stock PASSED [ 49%]
Backend CI	Run tests	2026-03-17T02:40:15.9722278Z app/tests/test_location_service.py::TestSetStockLevel::test_creates_new_stock_when_not_found PASSED [ 49%]
Backend CI	Run tests	2026-03-17T02:40:15.9778487Z app/tests/test_location_service.py::TestGetStockLevels::test_returns_paginated_results PASSED [ 49%]
Backend CI	Run tests	2026-03-17T02:40:15.9819163Z app/tests/test_location_service.py::TestGetStockLevels::test_page_one_offset_zero PASSED [ 49%]
Backend CI	Run tests	2026-03-17T02:40:15.9879150Z app/tests/test_location_service.py::TestGetProductAcrossLocations::test_returns_stock_across_active_locations PASSED [ 49%]
Backend CI	Run tests	2026-03-17T02:40:15.9912441Z app/tests/test_location_service.py::TestCreateTransfer::test_creates_transfer_with_items PASSED [ 49%]
Backend CI	Run tests	2026-03-17T02:40:15.9943321Z app/tests/test_location_service.py::TestCreateTransfer::test_reference_number_format PASSED [ 49%]
Backend CI	Run tests	2026-03-17T02:40:15.9992593Z app/tests/test_location_service.py::TestListTransfers::test_returns_paginated_transfers PASSED [ 49%]
Backend CI	Run tests	2026-03-17T02:40:16.0045876Z app/tests/test_location_service.py::TestListTransfers::test_filters_by_status PASSED [ 49%]
Backend CI	Run tests	2026-03-17T02:40:16.0092139Z app/tests/test_location_service.py::TestGetTransfer::test_returns_transfer PASSED [ 49%]
Backend CI	Run tests	2026-03-17T02:40:16.0127116Z app/tests/test_location_service.py::TestGetTransfer::test_returns_none_when_not_found PASSED [ 49%]
Backend CI	Run tests	2026-03-17T02:40:16.0238811Z app/tests/test_location_service.py::TestReceiveTransfer::test_updates_stock_and_status PASSED [ 49%]
Backend CI	Run tests	2026-03-17T02:40:16.0285320Z app/tests/test_location_service.py::TestReceiveTransfer::test_returns_none_for_wrong_status PASSED [ 49%]
Backend CI	Run tests	2026-03-17T02:40:16.0321020Z app/tests/test_location_service.py::TestReceiveTransfer::test_returns_none_when_not_found PASSED [ 49%]
Backend CI	Run tests	2026-03-17T02:40:16.0440675Z app/tests/test_location_service.py::TestReceiveTransfer::test_creates_destination_stock_when_not_exists PASSED [ 49%]
Backend CI	Run tests	2026-03-17T02:40:16.0550927Z app/tests/test_location_service.py::TestReceiveTransfer::test_uses_item_quantity_when_no_received_match PASSED [ 49%]
Backend CI	Run tests	2026-03-17T02:40:16.0601814Z app/tests/test_location_service.py::TestCancelTransfer::test_cancels_pending_transfer PASSED [ 49%]
Backend CI	Run tests	2026-03-17T02:40:16.0648311Z app/tests/test_location_service.py::TestCancelTransfer::test_returns_none_for_non_pending_transfer PASSED [ 49%]
Backend CI	Run tests	2026-03-17T02:40:16.0697026Z app/tests/test_location_service.py::TestCancelTransfer::test_returns_none_when_not_found PASSED [ 49%]
Backend CI	Run tests	2026-03-17T02:40:16.0754337Z app/tests/test_location_service.py::TestGetLowStockAlerts::test_returns_low_stock_items PASSED [ 49%]
Backend CI	Run tests	2026-03-17T02:40:16.0794540Z app/tests/test_location_service.py::TestGetLowStockAlerts::test_returns_empty_when_no_alerts PASSED [ 49%]
Backend CI	Run tests	2026-03-17T02:40:16.0822494Z app/tests/test_loyalty_expiry.py::TestGetPointsExpiringSoon::test_returns_empty_when_no_expiring_points PASSED [ 50%]
Backend CI	Run tests	2026-03-17T02:40:16.0840028Z app/tests/test_loyalty_expiry.py::TestGetPointsExpiringSoon::test_returns_sorted_by_soonest_expiry PASSED [ 50%]
Backend CI	Run tests	2026-03-17T02:40:16.0855610Z app/tests/test_loyalty_expiry.py::TestGetPointsExpiringSoon::test_result_has_required_keys PASSED [ 50%]
Backend CI	Run tests	2026-03-17T02:40:16.0871035Z app/tests/test_loyalty_expiry.py::TestGetPointsExpiringSoon::test_days_remaining_is_non_negative PASSED [ 50%]
Backend CI	Run tests	2026-03-17T02:40:16.0888178Z app/tests/test_loyalty_expiry.py::TestGetExpiredPointsReport::test_report_structure_has_required_keys PASSED [ 50%]
Backend CI	Run tests	2026-03-17T02:40:16.0903310Z app/tests/test_loyalty_expiry.py::TestGetExpiredPointsReport::test_total_expired_points_is_positive PASSED [ 50%]
Backend CI	Run tests	2026-03-17T02:40:16.0918771Z app/tests/test_loyalty_expiry.py::TestGetExpiredPointsReport::test_pages_calculated_correctly PASSED [ 50%]
Backend CI	Run tests	2026-03-17T02:40:16.0934823Z app/tests/test_loyalty_expiry.py::TestGetExpiredPointsReport::test_transaction_item_has_required_keys PASSED [ 50%]
Backend CI	Run tests	2026-03-17T02:40:16.0949947Z app/tests/test_loyalty_expiry.py::TestGetExpiredPointsReport::test_points_expired_is_positive_absolute_value PASSED [ 50%]
Backend CI	Run tests	2026-03-17T02:40:16.0965372Z app/tests/test_loyalty_expiry.py::TestGetExpiredPointsReport::test_page_1_offset_is_zero PASSED [ 50%]
Backend CI	Run tests	2026-03-17T02:40:16.0980577Z app/tests/test_loyalty_expiry.py::TestGetExpiredPointsReport::test_page_2_offset_is_per_page PASSED [ 50%]
Backend CI	Run tests	2026-03-17T02:40:16.1126559Z app/tests/test_loyalty_expiry.py::TestLoyaltyExpiryEndpoints::test_expiring_soon_endpoint_exists PASSED [ 50%]
Backend CI	Run tests	2026-03-17T02:40:16.1257850Z app/tests/test_loyalty_expiry.py::TestLoyaltyExpiryEndpoints::test_expiring_soon_response_has_required_fields PASSED [ 50%]
Backend CI	Run tests	2026-03-17T02:40:16.1403374Z app/tests/test_loyalty_expiry.py::TestLoyaltyExpiryEndpoints::test_expiring_soon_default_warning_days_is_7 PASSED [ 50%]
Backend CI	Run tests	2026-03-17T02:40:16.1531808Z app/tests/test_loyalty_expiry.py::TestLoyaltyExpiryEndpoints::test_expiring_soon_custom_warning_days PASSED [ 50%]
Backend CI	Run tests	2026-03-17T02:40:16.1668418Z app/tests/test_loyalty_expiry.py::TestLoyaltyExpiryEndpoints::test_expired_points_report_endpoint_exists PASSED [ 50%]
Backend CI	Run tests	2026-03-17T02:40:16.1804127Z app/tests/test_loyalty_expiry.py::TestLoyaltyExpiryEndpoints::test_expired_points_report_has_required_fields PASSED [ 50%]
Backend CI	Run tests	2026-03-17T02:40:16.1854808Z app/tests/test_loyalty_service.py::TestGetOrCreateProgram::test_returns_existing PASSED [ 50%]
Backend CI	Run tests	2026-03-17T02:40:16.1911077Z app/tests/test_loyalty_service.py::TestGetOrCreateProgram::test_creates_when_missing PASSED [ 50%]
Backend CI	Run tests	2026-03-17T02:40:16.1962160Z app/tests/test_loyalty_service.py::TestUpdateProgram::test_updates_fields PASSED [ 50%]
Backend CI	Run tests	2026-03-17T02:40:16.2012372Z app/tests/test_loyalty_service.py::TestUpdateProgram::test_ignores_none_values PASSED [ 50%]
Backend CI	Run tests	2026-03-17T02:40:16.2105211Z app/tests/test_loyalty_service.py::TestEarnPoints::test_earn_basic PASSED [ 50%]
Backend CI	Run tests	2026-03-17T02:40:16.2156123Z app/tests/test_loyalty_service.py::TestEarnPoints::test_earn_inactive_program_raises PASSED [ 50%]
Backend CI	Run tests	2026-03-17T02:40:16.2248189Z app/tests/test_loyalty_service.py::TestEarnPoints::test_earn_with_tier_multiplier PASSED [ 50%]
Backend CI	Run tests	2026-03-17T02:40:16.2356375Z app/tests/test_loyalty_service.py::TestEarnPoints::test_earn_sets_expiry PASSED [ 50%]
Backend CI	Run tests	2026-03-17T02:40:16.2437567Z app/tests/test_loyalty_service.py::TestRedeemPoints::test_redeem_success PASSED [ 50%]
Backend CI	Run tests	2026-03-17T02:40:16.2510257Z app/tests/test_loyalty_service.py::TestRedeemPoints::test_redeem_insufficient_points PASSED [ 50%]
Backend CI	Run tests	2026-03-17T02:40:16.2582161Z app/tests/test_loyalty_service.py::TestRedeemPoints::test_redeem_below_minimum PASSED [ 50%]
Backend CI	Run tests	2026-03-17T02:40:16.2641910Z app/tests/test_loyalty_service.py::TestRedeemPoints::test_redeem_not_enrolled PASSED [ 50%]
Backend CI	Run tests	2026-03-17T02:40:16.2686755Z app/tests/test_loyalty_service.py::TestRedeemPoints::test_redeem_inactive_program PASSED [ 50%]
Backend CI	Run tests	2026-03-17T02:40:16.2769993Z app/tests/test_loyalty_service.py::TestCheckTierUpgrade::test_upgrade_to_silver PASSED [ 50%]
Backend CI	Run tests	2026-03-17T02:40:16.2832252Z app/tests/test_loyalty_service.py::TestCheckTierUpgrade::test_no_upgrade_same_tier PASSED [ 50%]
Backend CI	Run tests	2026-03-17T02:40:16.2901369Z app/tests/test_loyalty_service.py::TestCheckTierUpgrade::test_upgrade_to_platinum PASSED [ 50%]
Backend CI	Run tests	2026-03-17T02:40:16.2994077Z app/tests/test_loyalty_service.py::TestGetPointsHistory::test_returns_paginated PASSED [ 50%]
Backend CI	Run tests	2026-03-17T02:40:16.3037920Z app/tests/test_loyalty_service.py::TestGetPointsHistory::test_empty_history PASSED [ 50%]
Backend CI	Run tests	2026-03-17T02:40:16.3081980Z app/tests/test_loyalty_service.py::TestGetRedemptionValue::test_calculates_correctly PASSED [ 50%]
Backend CI	Run tests	2026-03-17T02:40:16.3126123Z app/tests/test_loyalty_service.py::TestGetRedemptionValue::test_zero_rate_returns_zero PASSED [ 50%]
Backend CI	Run tests	2026-03-17T02:40:16.3213401Z app/tests/test_loyalty_service.py::TestGetTopMembers::test_returns_limited_list PASSED [ 50%]
Backend CI	Run tests	2026-03-17T02:40:16.3286071Z app/tests/test_loyalty_service.py::TestGetProgramStats::test_returns_stats_dict PASSED [ 50%]
Backend CI	Run tests	2026-03-17T02:40:16.3359256Z app/tests/test_loyalty_service.py::TestGetMembers::test_list_members PASSED [ 50%]
Backend CI	Run tests	2026-03-17T02:40:16.3404501Z app/tests/test_loyalty_service.py::TestGetMembers::test_filter_by_tier PASSED [ 50%]
Backend CI	Run tests	2026-03-17T02:40:16.3451926Z app/tests/test_loyalty_service.py::TestGetPointsExpiringSoon::test_returns_expiring_list PASSED [ 50%]
Backend CI	Run tests	2026-03-17T02:40:16.3491220Z app/tests/test_loyalty_service.py::TestGetPointsExpiringSoon::test_empty_when_none_expiring PASSED [ 50%]
Backend CI	Run tests	2026-03-17T02:40:16.3604996Z app/tests/test_main.py::TestHealthEndpoint::test_health_check_returns_200 PASSED [ 51%]
Backend CI	Run tests	2026-03-17T02:40:16.3691708Z app/tests/test_main.py::TestHealthEndpoint::test_health_check_returns_healthy_status PASSED [ 51%]
Backend CI	Run tests	2026-03-17T02:40:16.3775818Z app/tests/test_main.py::TestHealthEndpoint::test_health_check_returns_version PASSED [ 51%]
Backend CI	Run tests	2026-03-17T02:40:16.3849374Z app/tests/test_main.py::TestRootEndpoint::test_root_returns_200 PASSED   [ 51%]
Backend CI	Run tests	2026-03-17T02:40:16.3933449Z app/tests/test_main.py::TestRootEndpoint::test_root_returns_welcome_message PASSED [ 51%]
Backend CI	Run tests	2026-03-17T02:40:16.4000890Z app/tests/test_main.py::TestRootEndpoint::test_root_includes_docs_link PASSED [ 51%]
Backend CI	Run tests	2026-03-17T02:40:16.4096343Z app/tests/test_main.py::TestAPIEndpoint::test_api_root_returns_200 PASSED [ 51%]
Backend CI	Run tests	2026-03-17T02:40:16.4187443Z app/tests/test_main.py::TestAPIEndpoint::test_api_root_returns_operational_status PASSED [ 51%]
Backend CI	Run tests	2026-03-17T02:40:16.4203675Z app/tests/test_marketing_ai_context.py::TestMarketingAIContext::test_type_is_marketing PASSED [ 51%]
Backend CI	Run tests	2026-03-17T02:40:16.4219604Z app/tests/test_marketing_ai_context.py::TestMarketingAIContext::test_has_all_top_level_keys PASSED [ 51%]
Backend CI	Run tests	2026-03-17T02:40:16.4235806Z app/tests/test_marketing_ai_context.py::TestMarketingAIContext::test_knowledge_base_is_nonempty_list_of_strings PASSED [ 51%]
Backend CI	Run tests	2026-03-17T02:40:16.4251720Z app/tests/test_marketing_ai_context.py::TestMarketingAIContext::test_knowledge_base_includes_pricing_info PASSED [ 51%]
Backend CI	Run tests	2026-03-17T02:40:16.4267447Z app/tests/test_marketing_ai_context.py::TestMarketingAIContext::test_knowledge_base_mentions_south_africa PASSED [ 51%]
Backend CI	Run tests	2026-03-17T02:40:16.4283061Z app/tests/test_marketing_ai_context.py::TestMarketingAIContext::test_capabilities_is_nonempty_list PASSED [ 51%]
Backend CI	Run tests	2026-03-17T02:40:16.4298765Z app/tests/test_marketing_ai_context.py::TestMarketingAIContext::test_restrictions_is_nonempty_list PASSED [ 51%]
Backend CI	Run tests	2026-03-17T02:40:16.4315290Z app/tests/test_marketing_ai_context.py::TestMarketingAIContext::test_fallback_responses_has_expected_categories PASSED [ 51%]
Backend CI	Run tests	2026-03-17T02:40:16.4331038Z app/tests/test_marketing_ai_context.py::TestMarketingAIContext::test_response_templates_have_pattern_and_response PASSED [ 51%]
Backend CI	Run tests	2026-03-17T02:40:16.4346902Z app/tests/test_marketing_ai_context.py::TestMarketingAIContext::test_response_templates_expected_keys PASSED [ 51%]
Backend CI	Run tests	2026-03-17T02:40:16.4362315Z app/tests/test_marketing_ai_context.py::TestMarketingAIContext::test_contact_routing_has_expected_keys PASSED [ 51%]
Backend CI	Run tests	2026-03-17T02:40:16.4378752Z app/tests/test_marketing_ai_context.py::TestMarketingAIContext::test_contact_routing_entries_have_triggers_and_contact PASSED [ 51%]
Backend CI	Run tests	2026-03-17T02:40:16.4394405Z app/tests/test_marketing_ai_context.py::TestMarketingAIContext::test_sales_contact_has_email_and_phone PASSED [ 51%]
Backend CI	Run tests	2026-03-17T02:40:16.4409800Z app/tests/test_marketing_ai_context.py::TestMarketingAIContext::test_general_contact_has_urls PASSED [ 51%]
Backend CI	Run tests	2026-03-17T02:40:16.4425475Z app/tests/test_marketing_ai_context.py::TestAIResponseConfig::test_has_expected_keys PASSED [ 51%]
Backend CI	Run tests	2026-03-17T02:40:16.4440967Z app/tests/test_marketing_ai_context.py::TestAIResponseConfig::test_max_response_length_is_positive_int PASSED [ 51%]
Backend CI	Run tests	2026-03-17T02:40:16.4456808Z app/tests/test_marketing_ai_context.py::TestAIResponseConfig::test_booleans PASSED [ 51%]
Backend CI	Run tests	2026-03-17T02:40:16.4472392Z app/tests/test_marketing_ai_context.py::TestAIResponseConfig::test_personalization_level_is_general PASSED [ 51%]
Backend CI	Run tests	2026-03-17T02:40:16.4491947Z app/tests/test_marketing_ai_context.py::TestMarketingAIValidator::TestValidateMarketingResponse::test_valid_responses[BizPilot offers five pricing tiers.] PASSED [ 51%]
Backend CI	Run tests	2026-03-17T02:40:16.4510630Z app/tests/test_marketing_ai_context.py::TestMarketingAIValidator::TestValidateMarketingResponse::test_valid_responses[Our POS system supports offline capability.] PASSED [ 51%]
Backend CI	Run tests	2026-03-17T02:40:16.4528998Z app/tests/test_marketing_ai_context.py::TestMarketingAIValidator::TestValidateMarketingResponse::test_valid_responses[] PASSED [ 51%]
Backend CI	Run tests	2026-03-17T02:40:16.4547395Z app/tests/test_marketing_ai_context.py::TestMarketingAIValidator::TestValidateMarketingResponse::test_valid_responses[   ] PASSED [ 51%]
Backend CI	Run tests	2026-03-17T02:40:16.4566177Z app/tests/test_marketing_ai_context.py::TestMarketingAIValidator::TestValidateMarketingResponse::test_restricted_terms_rejected[your business data] PASSED [ 51%]
Backend CI	Run tests	2026-03-17T02:40:16.4585628Z app/tests/test_marketing_ai_context.py::TestMarketingAIValidator::TestValidateMarketingResponse::test_restricted_terms_rejected[your account] PASSED [ 51%]
Backend CI	Run tests	2026-03-17T02:40:16.4603845Z app/tests/test_marketing_ai_context.py::TestMarketingAIValidator::TestValidateMarketingResponse::test_restricted_terms_rejected[your orders] PASSED [ 51%]
Backend CI	Run tests	2026-03-17T02:40:16.4622232Z app/tests/test_marketing_ai_context.py::TestMarketingAIValidator::TestValidateMarketingResponse::test_restricted_terms_rejected[your customers] PASSED [ 51%]
Backend CI	Run tests	2026-03-17T02:40:16.4640804Z app/tests/test_marketing_ai_context.py::TestMarketingAIValidator::TestValidateMarketingResponse::test_restricted_terms_rejected[your inventory] PASSED [ 51%]
Backend CI	Run tests	2026-03-17T02:40:16.4659303Z app/tests/test_marketing_ai_context.py::TestMarketingAIValidator::TestValidateMarketingResponse::test_restricted_terms_rejected[your sales] PASSED [ 51%]
Backend CI	Run tests	2026-03-17T02:40:16.4677706Z app/tests/test_marketing_ai_context.py::TestMarketingAIValidator::TestValidateMarketingResponse::test_restricted_terms_rejected[login to see] PASSED [ 51%]
Backend CI	Run tests	2026-03-17T02:40:16.4696152Z app/tests/test_marketing_ai_context.py::TestMarketingAIValidator::TestValidateMarketingResponse::test_restricted_terms_rejected[in your dashboard] PASSED [ 51%]
Backend CI	Run tests	2026-03-17T02:40:16.4712303Z app/tests/test_marketing_ai_context.py::TestMarketingAIValidator::TestValidateMarketingResponse::test_case_insensitive_rejection PASSED [ 51%]
Backend CI	Run tests	2026-03-17T02:40:16.4728696Z app/tests/test_marketing_ai_context.py::TestMarketingAIValidator::TestValidateMarketingResponse::test_partial_match_passes PASSED [ 51%]
Backend CI	Run tests	2026-03-17T02:40:16.4745022Z app/tests/test_marketing_ai_context.py::TestMarketingAIValidator::TestValidateMarketingResponse::test_multiple_restricted_terms PASSED [ 51%]
Backend CI	Run tests	2026-03-17T02:40:16.4764210Z app/tests/test_marketing_ai_context.py::TestMarketingAIValidator::TestIsMarketingQuestion::test_marketing_questions_accepted[What are the features of BizPilot?] PASSED [ 51%]
Backend CI	Run tests	2026-03-17T02:40:16.4783039Z app/tests/test_marketing_ai_context.py::TestMarketingAIValidator::TestIsMarketingQuestion::test_marketing_questions_accepted[How much does it cost?] PASSED [ 52%]
Backend CI	Run tests	2026-03-17T02:40:16.4801596Z app/tests/test_marketing_ai_context.py::TestMarketingAIValidator::TestIsMarketingQuestion::test_marketing_questions_accepted[Tell me about pricing] PASSED [ 52%]
Backend CI	Run tests	2026-03-17T02:40:16.4820598Z app/tests/test_marketing_ai_context.py::TestMarketingAIValidator::TestIsMarketingQuestion::test_marketing_questions_accepted[Can BizPilot help restaurants?] PASSED [ 52%]
Backend CI	Run tests	2026-03-17T02:40:16.4839900Z app/tests/test_marketing_ai_context.py::TestMarketingAIValidator::TestIsMarketingQuestion::test_marketing_questions_accepted[How does BizPilot compare to competitors?] PASSED [ 52%]
Backend CI	Run tests	2026-03-17T02:40:16.4858494Z app/tests/test_marketing_ai_context.py::TestMarketingAIValidator::TestIsMarketingQuestion::test_marketing_questions_accepted[Is there a demo?] PASSED [ 52%]
Backend CI	Run tests	2026-03-17T02:40:16.4877463Z app/tests/test_marketing_ai_context.py::TestMarketingAIValidator::TestIsMarketingQuestion::test_marketing_questions_accepted[Tell me about enterprise plans] PASSED [ 52%]
Backend CI	Run tests	2026-03-17T02:40:16.4897027Z app/tests/test_marketing_ai_context.py::TestMarketingAIValidator::TestIsMarketingQuestion::test_marketing_questions_accepted[What support options are available?] PASSED [ 52%]
Backend CI	Run tests	2026-03-17T02:40:16.4915993Z app/tests/test_marketing_ai_context.py::TestMarketingAIValidator::TestIsMarketingQuestion::test_marketing_questions_accepted[How do I start?] PASSED [ 52%]
Backend CI	Run tests	2026-03-17T02:40:16.4934801Z app/tests/test_marketing_ai_context.py::TestMarketingAIValidator::TestIsMarketingQuestion::test_marketing_questions_accepted[about bizpilot] PASSED [ 52%]
Backend CI	Run tests	2026-03-17T02:40:16.4954758Z app/tests/test_marketing_ai_context.py::TestMarketingAIValidator::TestIsMarketingQuestion::test_business_specific_questions_rejected[Show me my business data] PASSED [ 52%]
Backend CI	Run tests	2026-03-17T02:40:16.4973196Z app/tests/test_marketing_ai_context.py::TestMarketingAIValidator::TestIsMarketingQuestion::test_business_specific_questions_rejected[What are my sales today?] PASSED [ 52%]
Backend CI	Run tests	2026-03-17T02:40:16.4991519Z app/tests/test_marketing_ai_context.py::TestMarketingAIValidator::TestIsMarketingQuestion::test_business_specific_questions_rejected[Access my account] PASSED [ 52%]
Backend CI	Run tests	2026-03-17T02:40:16.5010169Z app/tests/test_marketing_ai_context.py::TestMarketingAIValidator::TestIsMarketingQuestion::test_business_specific_questions_rejected[Show me my customers] PASSED [ 52%]
Backend CI	Run tests	2026-03-17T02:40:16.5028567Z app/tests/test_marketing_ai_context.py::TestMarketingAIValidator::TestIsMarketingQuestion::test_business_specific_questions_rejected[Where is my inventory report?] PASSED [ 52%]
Backend CI	Run tests	2026-03-17T02:40:16.5047024Z app/tests/test_marketing_ai_context.py::TestMarketingAIValidator::TestIsMarketingQuestion::test_business_specific_questions_rejected[View my dashboard] PASSED [ 52%]
Backend CI	Run tests	2026-03-17T02:40:16.5065509Z app/tests/test_marketing_ai_context.py::TestMarketingAIValidator::TestIsMarketingQuestion::test_business_specific_questions_rejected[Show me my analytics] PASSED [ 52%]
Backend CI	Run tests	2026-03-17T02:40:16.5084195Z app/tests/test_marketing_ai_context.py::TestMarketingAIValidator::TestIsMarketingQuestion::test_business_specific_questions_rejected[What is my performance?] PASSED [ 52%]
Backend CI	Run tests	2026-03-17T02:40:16.5102642Z app/tests/test_marketing_ai_context.py::TestMarketingAIValidator::TestIsMarketingQuestion::test_business_specific_questions_rejected[See my reports] PASSED [ 52%]
Backend CI	Run tests	2026-03-17T02:40:16.5121607Z app/tests/test_marketing_ai_context.py::TestMarketingAIValidator::TestIsMarketingQuestion::test_business_specific_questions_rejected[Access data for my store] PASSED [ 52%]
Backend CI	Run tests	2026-03-17T02:40:16.5139023Z app/tests/test_marketing_ai_context.py::TestMarketingAIValidator::TestIsMarketingQuestion::test_case_insensitive_marketing_keyword PASSED [ 52%]
Backend CI	Run tests	2026-03-17T02:40:16.5155476Z app/tests/test_marketing_ai_context.py::TestMarketingAIValidator::TestIsMarketingQuestion::test_case_insensitive_business_rejection PASSED [ 52%]
Backend CI	Run tests	2026-03-17T02:40:16.5171621Z app/tests/test_marketing_ai_context.py::TestMarketingAIValidator::TestIsMarketingQuestion::test_business_specific_wins_over_marketing PASSED [ 52%]
Backend CI	Run tests	2026-03-17T02:40:16.5188447Z app/tests/test_marketing_ai_context.py::TestMarketingAIValidator::TestIsMarketingQuestion::test_empty_string_returns_false PASSED [ 52%]
Backend CI	Run tests	2026-03-17T02:40:16.5205543Z app/tests/test_marketing_ai_context.py::TestMarketingAIValidator::TestIsMarketingQuestion::test_no_keywords_returns_false PASSED [ 52%]
Backend CI	Run tests	2026-03-17T02:40:16.5222465Z app/tests/test_marketing_ai_context.py::TestMarketingAIValidator::TestGetResponseTemplate::test_pricing_template PASSED [ 52%]
Backend CI	Run tests	2026-03-17T02:40:16.5238767Z app/tests/test_marketing_ai_context.py::TestMarketingAIValidator::TestGetResponseTemplate::test_feature_template PASSED [ 52%]
Backend CI	Run tests	2026-03-17T02:40:16.5255099Z app/tests/test_marketing_ai_context.py::TestMarketingAIValidator::TestGetResponseTemplate::test_comparison_template PASSED [ 52%]
Backend CI	Run tests	2026-03-17T02:40:16.5271185Z app/tests/test_marketing_ai_context.py::TestMarketingAIValidator::TestGetResponseTemplate::test_industry_template PASSED [ 52%]
Backend CI	Run tests	2026-03-17T02:40:16.5287790Z app/tests/test_marketing_ai_context.py::TestMarketingAIValidator::TestGetResponseTemplate::test_getting_started_template PASSED [ 52%]
Backend CI	Run tests	2026-03-17T02:40:16.5304145Z app/tests/test_marketing_ai_context.py::TestMarketingAIValidator::TestGetResponseTemplate::test_no_match_returns_none PASSED [ 52%]
Backend CI	Run tests	2026-03-17T02:40:16.5320211Z app/tests/test_marketing_ai_context.py::TestMarketingAIValidator::TestGetResponseTemplate::test_case_insensitive_template_match PASSED [ 52%]
Backend CI	Run tests	2026-03-17T02:40:16.5336264Z app/tests/test_marketing_ai_context.py::TestMarketingAIValidator::TestGetResponseTemplate::test_first_matching_template_wins PASSED [ 52%]
Backend CI	Run tests	2026-03-17T02:40:16.5352475Z app/tests/test_marketing_ai_context.py::TestMarketingAIValidator::TestGetContactInfo::test_sales_trigger PASSED [ 52%]
Backend CI	Run tests	2026-03-17T02:40:16.5369358Z app/tests/test_marketing_ai_context.py::TestMarketingAIValidator::TestGetContactInfo::test_support_trigger PASSED [ 52%]
Backend CI	Run tests	2026-03-17T02:40:16.5385434Z app/tests/test_marketing_ai_context.py::TestMarketingAIValidator::TestGetContactInfo::test_general_trigger PASSED [ 52%]
Backend CI	Run tests	2026-03-17T02:40:16.5401511Z app/tests/test_marketing_ai_context.py::TestMarketingAIValidator::TestGetContactInfo::test_no_trigger_falls_back_to_general PASSED [ 52%]
Backend CI	Run tests	2026-03-17T02:40:16.5418057Z app/tests/test_marketing_ai_context.py::TestMarketingAIValidator::TestGetContactInfo::test_empty_string_falls_back_to_general PASSED [ 52%]
Backend CI	Run tests	2026-03-17T02:40:16.5433776Z app/tests/test_marketing_ai_context.py::TestMarketingAIValidator::TestGetContactInfo::test_case_insensitive_trigger PASSED [ 52%]
Backend CI	Run tests	2026-03-17T02:40:16.5449877Z app/tests/test_marketing_ai_context.py::TestMarketingAIValidator::TestGetContactInfo::test_first_matching_route_wins PASSED [ 52%]
Backend CI	Run tests	2026-03-17T02:40:16.5468416Z app/tests/test_marketing_ai_context.py::TestMarketingAIValidator::TestGetFallbackResponse::test_known_types_return_first_response[business_specific] PASSED [ 52%]
Backend CI	Run tests	2026-03-17T02:40:16.5486646Z app/tests/test_marketing_ai_context.py::TestMarketingAIValidator::TestGetFallbackResponse::test_known_types_return_first_response[technical_support] PASSED [ 52%]
Backend CI	Run tests	2026-03-17T02:40:16.5504815Z app/tests/test_marketing_ai_context.py::TestMarketingAIValidator::TestGetFallbackResponse::test_known_types_return_first_response[pricing_negotiation] PASSED [ 52%]
Backend CI	Run tests	2026-03-17T02:40:16.5523138Z app/tests/test_marketing_ai_context.py::TestMarketingAIValidator::TestGetFallbackResponse::test_known_types_return_first_response[account_access] PASSED [ 53%]
Backend CI	Run tests	2026-03-17T02:40:16.5539348Z app/tests/test_marketing_ai_context.py::TestMarketingAIValidator::TestGetFallbackResponse::test_unknown_type_returns_default_message PASSED [ 53%]
Backend CI	Run tests	2026-03-17T02:40:16.5555344Z app/tests/test_marketing_ai_context.py::TestMarketingAIValidator::TestGetFallbackResponse::test_empty_string_type_returns_default PASSED [ 53%]
Backend CI	Run tests	2026-03-17T02:40:16.5572368Z app/tests/test_marketing_ai_context.py::TestMarketingAIContextManager::test_init_sets_context_and_config PASSED [ 53%]
Backend CI	Run tests	2026-03-17T02:40:16.5589794Z app/tests/test_marketing_ai_context.py::TestMarketingAIContextManager::test_get_knowledge_base_returns_list PASSED [ 53%]
Backend CI	Run tests	2026-03-17T02:40:16.5606763Z app/tests/test_marketing_ai_context.py::TestMarketingAIContextManager::test_get_capabilities PASSED [ 53%]
Backend CI	Run tests	2026-03-17T02:40:16.5623728Z app/tests/test_marketing_ai_context.py::TestMarketingAIContextManager::test_get_restrictions PASSED [ 53%]
Backend CI	Run tests	2026-03-17T02:40:16.5642200Z app/tests/test_marketing_ai_context.py::TestMarketingAIContextManager::test_process_valid_marketing_question PASSED [ 53%]
Backend CI	Run tests	2026-03-17T02:40:16.5660532Z app/tests/test_marketing_ai_context.py::TestMarketingAIContextManager::test_process_valid_question_with_template PASSED [ 53%]
Backend CI	Run tests	2026-03-17T02:40:16.5679222Z app/tests/test_marketing_ai_context.py::TestMarketingAIContextManager::test_process_valid_question_without_template PASSED [ 53%]
Backend CI	Run tests	2026-03-17T02:40:16.5697063Z app/tests/test_marketing_ai_context.py::TestMarketingAIContextManager::test_process_business_specific_question PASSED [ 53%]
Backend CI	Run tests	2026-03-17T02:40:16.5715778Z app/tests/test_marketing_ai_context.py::TestMarketingAIContextManager::test_process_business_question_returns_fallback PASSED [ 53%]
Backend CI	Run tests	2026-03-17T02:40:16.5733658Z app/tests/test_marketing_ai_context.py::TestMarketingAIContextManager::test_process_empty_string PASSED [ 53%]
Backend CI	Run tests	2026-03-17T02:40:16.5751810Z app/tests/test_marketing_ai_context.py::TestMarketingAIContextManager::test_process_non_marketing_non_business PASSED [ 53%]
Backend CI	Run tests	2026-03-17T02:40:16.5769933Z app/tests/test_marketing_ai_context.py::TestMarketingAIContextManager::test_process_question_contact_info_for_sales PASSED [ 53%]
Backend CI	Run tests	2026-03-17T02:40:16.5787629Z app/tests/test_marketing_ai_context.py::TestMarketingAIContextManager::test_process_question_mixed_triggers PASSED [ 53%]
Backend CI	Run tests	2026-03-17T02:40:16.5804969Z app/tests/test_marketing_ai_context.py::TestMarketingAIContextManager::test_validate_response_clean PASSED [ 53%]
Backend CI	Run tests	2026-03-17T02:40:16.5822295Z app/tests/test_marketing_ai_context.py::TestMarketingAIContextManager::test_validate_response_restricted PASSED [ 53%]
Backend CI	Run tests	2026-03-17T02:40:16.5842902Z app/tests/test_marketing_ai_context.py::TestMarketingAIContextManager::test_validate_response_empty PASSED [ 53%]
Backend CI	Run tests	2026-03-17T02:40:16.5873224Z app/tests/test_menu_service.py::TestMenuItems::test_create_item PASSED   [ 53%]
Backend CI	Run tests	2026-03-17T02:40:16.5907438Z app/tests/test_menu_service.py::TestMenuItems::test_get_item PASSED      [ 53%]
Backend CI	Run tests	2026-03-17T02:40:16.5935793Z app/tests/test_menu_service.py::TestMenuItems::test_get_item_not_found PASSED [ 53%]
Backend CI	Run tests	2026-03-17T02:40:16.5975181Z app/tests/test_menu_service.py::TestMenuItems::test_toggle_availability PASSED [ 53%]
Backend CI	Run tests	2026-03-17T02:40:16.6004446Z app/tests/test_menu_service.py::TestRecipes::test_create_recipe PASSED   [ 53%]
Backend CI	Run tests	2026-03-17T02:40:16.6068302Z app/tests/test_menu_service.py::TestRecipes::test_calculate_recipe_cost PASSED [ 53%]
Backend CI	Run tests	2026-03-17T02:40:16.6105019Z app/tests/test_menu_service.py::TestRecipes::test_get_recipe_food_cost_pct PASSED [ 53%]
Backend CI	Run tests	2026-03-17T02:40:16.6133341Z app/tests/test_menu_service.py::TestEngineeringMatrix::test_empty_menu_returns_empty PASSED [ 53%]
Backend CI	Run tests	2026-03-17T02:40:16.6165064Z app/tests/test_menu_service.py::TestEngineeringMatrix::test_classification_labels PASSED [ 53%]
Backend CI	Run tests	2026-03-17T02:40:16.6209046Z app/tests/test_menu_service.py::TestMenuReports::test_item_sales_report_structure PASSED [ 53%]
Backend CI	Run tests	2026-03-17T02:40:16.6250211Z app/tests/test_menu_service.py::TestMenuReports::test_item_sales_empty PASSED [ 53%]
Backend CI	Run tests	2026-03-17T02:40:16.6301097Z app/tests/test_menu_service.py::TestMenuReports::test_profitability_report_calculates_margin PASSED [ 53%]
Backend CI	Run tests	2026-03-17T02:40:16.6343421Z app/tests/test_menu_service.py::TestMenuReports::test_modifier_popularity_report PASSED [ 53%]
Backend CI	Run tests	2026-03-17T02:40:16.6359458Z app/tests/test_models.py::TestUserModel::test_user_model_exists PASSED   [ 53%]
Backend CI	Run tests	2026-03-17T02:40:16.6375699Z app/tests/test_models.py::TestUserModel::test_user_has_required_fields PASSED [ 53%]
Backend CI	Run tests	2026-03-17T02:40:16.6391356Z app/tests/test_models.py::TestUserModel::test_user_status_enum_values PASSED [ 53%]
Backend CI	Run tests	2026-03-17T02:40:16.6423343Z app/tests/test_models.py::TestOrganizationModel::test_organization_model_exists PASSED [ 53%]
Backend CI	Run tests	2026-03-17T02:40:16.6439236Z app/tests/test_models.py::TestOrganizationModel::test_organization_has_required_fields PASSED [ 53%]
Backend CI	Run tests	2026-03-17T02:40:16.6454656Z app/tests/test_models.py::TestBusinessModel::test_business_model_exists PASSED [ 53%]
Backend CI	Run tests	2026-03-17T02:40:16.6470200Z app/tests/test_models.py::TestBusinessModel::test_business_has_required_fields PASSED [ 53%]
Backend CI	Run tests	2026-03-17T02:40:16.6486024Z app/tests/test_models.py::TestBusinessModel::test_business_has_south_african_defaults PASSED [ 53%]
Backend CI	Run tests	2026-03-17T02:40:16.6501481Z app/tests/test_models.py::TestRoleModel::test_role_model_exists PASSED   [ 53%]
Backend CI	Run tests	2026-03-17T02:40:16.6517167Z app/tests/test_models.py::TestRoleModel::test_permission_enum_exists PASSED [ 53%]
Backend CI	Run tests	2026-03-17T02:40:16.6533013Z app/tests/test_models.py::TestRoleModel::test_permission_enum_has_expected_values PASSED [ 54%]
Backend CI	Run tests	2026-03-17T02:40:16.6548297Z app/tests/test_models.py::TestRoleModel::test_default_roles_exist PASSED [ 54%]
Backend CI	Run tests	2026-03-17T02:40:16.6564396Z app/tests/test_models.py::TestRoleModel::test_admin_role_has_all_permissions PASSED [ 54%]
Backend CI	Run tests	2026-03-17T02:40:16.6579661Z app/tests/test_models.py::TestBusinessUserModel::test_business_user_model_exists PASSED [ 54%]
Backend CI	Run tests	2026-03-17T02:40:16.6595360Z app/tests/test_models.py::TestBusinessUserModel::test_business_user_has_required_fields PASSED [ 54%]
Backend CI	Run tests	2026-03-17T02:40:16.6610742Z app/tests/test_models.py::TestBusinessUserModel::test_business_user_status_enum_values PASSED [ 54%]
Backend CI	Run tests	2026-03-17T02:40:16.6626210Z app/tests/test_models.py::TestAIModels::test_ai_conversation_model_exists PASSED [ 54%]
Backend CI	Run tests	2026-03-17T02:40:16.6641668Z app/tests/test_models.py::TestAIModels::test_ai_conversation_has_required_fields PASSED [ 54%]
Backend CI	Run tests	2026-03-17T02:40:16.6657170Z app/tests/test_models.py::TestAIModels::test_ai_message_model_exists PASSED [ 54%]
Backend CI	Run tests	2026-03-17T02:40:16.6672533Z app/tests/test_models.py::TestAIModels::test_ai_message_has_required_fields PASSED [ 54%]
Backend CI	Run tests	2026-03-17T02:40:16.6688162Z app/tests/test_models.py::TestUserSettingsModel::test_user_settings_model_exists PASSED [ 54%]
Backend CI	Run tests	2026-03-17T02:40:16.6703677Z app/tests/test_models.py::TestUserSettingsModel::test_user_settings_has_required_fields PASSED [ 54%]
Backend CI	Run tests	2026-03-17T02:40:16.6719646Z app/tests/test_models.py::TestUserSettingsModel::test_ai_data_sharing_level_enum_values PASSED [ 54%]
Backend CI	Run tests	2026-03-17T02:40:16.6735092Z app/tests/test_models.py::TestDatabaseConfiguration::test_database_module_exists PASSED [ 54%]
Backend CI	Run tests	2026-03-17T02:40:16.6750261Z app/tests/test_models.py::TestDatabaseConfiguration::test_get_db_function_exists PASSED [ 54%]
Backend CI	Run tests	2026-03-17T02:40:16.6765983Z app/tests/test_models.py::TestAlembicConfiguration::test_alembic_ini_exists PASSED [ 54%]
Backend CI	Run tests	2026-03-17T02:40:16.6781408Z app/tests/test_models.py::TestAlembicConfiguration::test_alembic_env_exists PASSED [ 54%]
Backend CI	Run tests	2026-03-17T02:40:16.6797254Z app/tests/test_models.py::TestAlembicConfiguration::test_initial_migration_exists PASSED [ 54%]
Backend CI	Run tests	2026-03-17T02:40:16.6815669Z app/tests/test_models.py::TestSeedScript::test_seed_script_exists PASSED [ 54%]
Backend CI	Run tests	2026-03-17T02:40:16.6866319Z app/tests/test_modifier_analytics_service.py::TestGetModifierSelectionFrequency::test_returns_formatted_rows PASSED [ 54%]
Backend CI	Run tests	2026-03-17T02:40:16.6911653Z app/tests/test_modifier_analytics_service.py::TestGetModifierSelectionFrequency::test_returns_empty_list_when_no_data PASSED [ 54%]
Backend CI	Run tests	2026-03-17T02:40:16.6957781Z app/tests/test_modifier_analytics_service.py::TestGetModifierSelectionFrequency::test_respects_limit_parameter PASSED [ 54%]
Backend CI	Run tests	2026-03-17T02:40:16.7004874Z app/tests/test_modifier_analytics_service.py::TestGetModifierSelectionFrequency::test_applies_date_filters PASSED [ 54%]
Backend CI	Run tests	2026-03-17T02:40:16.7050400Z app/tests/test_modifier_analytics_service.py::TestGetModifierSelectionFrequency::test_applies_product_id_filter PASSED [ 54%]
Backend CI	Run tests	2026-03-17T02:40:16.7096386Z app/tests/test_modifier_analytics_service.py::TestGetModifierSelectionFrequency::test_default_limit_is_20 PASSED [ 54%]
Backend CI	Run tests	2026-03-17T02:40:16.7158544Z app/tests/test_modifier_analytics_service.py::TestGetModifierRevenue::test_returns_formatted_rows PASSED [ 54%]
Backend CI	Run tests	2026-03-17T02:40:16.7203980Z app/tests/test_modifier_analytics_service.py::TestGetModifierRevenue::test_handles_null_revenue PASSED [ 54%]
Backend CI	Run tests	2026-03-17T02:40:16.7248319Z app/tests/test_modifier_analytics_service.py::TestGetModifierRevenue::test_returns_empty_list PASSED [ 54%]
Backend CI	Run tests	2026-03-17T02:40:16.7294621Z app/tests/test_modifier_analytics_service.py::TestGetModifierRevenue::test_applies_date_filters PASSED [ 54%]
Backend CI	Run tests	2026-03-17T02:40:16.7339415Z app/tests/test_modifier_analytics_service.py::TestGetModifierRevenue::test_respects_limit PASSED [ 54%]
Backend CI	Run tests	2026-03-17T02:40:16.7383940Z app/tests/test_modifier_analytics_service.py::TestGetComboPerformance::test_returns_formatted_combos PASSED [ 54%]
Backend CI	Run tests	2026-03-17T02:40:16.7438585Z app/tests/test_modifier_analytics_service.py::TestGetComboPerformance::test_returns_empty_list PASSED [ 54%]
Backend CI	Run tests	2026-03-17T02:40:16.7479642Z app/tests/test_modifier_analytics_service.py::TestGetComboPerformance::test_respects_limit PASSED [ 54%]
Backend CI	Run tests	2026-03-17T02:40:16.7523012Z app/tests/test_modifier_analytics_service.py::TestGetComboPerformance::test_savings_calculation_is_accurate PASSED [ 54%]
Backend CI	Run tests	2026-03-17T02:40:16.7571922Z app/tests/test_modifier_analytics_service.py::TestGetModifierRankings::test_popular_order_returns_ranks PASSED [ 54%]
Backend CI	Run tests	2026-03-17T02:40:16.7620884Z app/tests/test_modifier_analytics_service.py::TestGetModifierRankings::test_unpopular_order PASSED [ 54%]
Backend CI	Run tests	2026-03-17T02:40:16.7671311Z app/tests/test_modifier_analytics_service.py::TestGetModifierRankings::test_revenue_order PASSED [ 54%]
Backend CI	Run tests	2026-03-17T02:40:16.7734644Z app/tests/test_modifier_analytics_service.py::TestGetModifierRankings::test_aov_impact_falls_through_to_popular PASSED [ 54%]
Backend CI	Run tests	2026-03-17T02:40:16.7779767Z app/tests/test_modifier_analytics_service.py::TestGetModifierRankings::test_handles_null_revenue_and_avg PASSED [ 54%]
Backend CI	Run tests	2026-03-17T02:40:16.7823505Z app/tests/test_modifier_analytics_service.py::TestGetModifierRankings::test_returns_empty_list PASSED [ 54%]
Backend CI	Run tests	2026-03-17T02:40:16.7868521Z app/tests/test_modifier_analytics_service.py::TestGetModifierRankings::test_default_limit_is_10 PASSED [ 54%]
Backend CI	Run tests	2026-03-17T02:40:16.7915047Z app/tests/test_modifier_analytics_service.py::TestGetModifierRankings::test_date_filter_applied PASSED [ 54%]
Backend CI	Run tests	2026-03-17T02:40:16.8007525Z app/tests/test_modifier_analytics_service.py::TestGetModifierSummary::test_returns_all_summary_fields PASSED [ 55%]
Backend CI	Run tests	2026-03-17T02:40:16.8087951Z app/tests/test_modifier_analytics_service.py::TestGetModifierSummary::test_zero_orders_returns_zero_adoption PASSED [ 55%]
Backend CI	Run tests	2026-03-17T02:40:16.8170580Z app/tests/test_modifier_analytics_service.py::TestGetModifierSummary::test_all_orders_have_modifiers PASSED [ 55%]
Backend CI	Run tests	2026-03-17T02:40:16.8259489Z app/tests/test_modifier_analytics_service.py::TestGetModifierSummary::test_handles_none_totals PASSED [ 55%]
Backend CI	Run tests	2026-03-17T02:40:16.8340239Z app/tests/test_modifier_analytics_service.py::TestGetModifierSummary::test_adoption_rate_rounds_to_one_decimal PASSED [ 55%]
Backend CI	Run tests	2026-03-17T02:40:16.8436574Z app/tests/test_modifier_analytics_service.py::TestGetModifierSummary::test_with_date_filters PASSED [ 55%]
Backend CI	Run tests	2026-03-17T02:40:16.8521010Z app/tests/test_modifier_analytics_service.py::TestGetModifierSummary::test_null_scalar_returns_zero PASSED [ 55%]
Backend CI	Run tests	2026-03-17T02:40:16.8540088Z app/tests/test_modifier_availability_service.py::TestRuleMatches::test_wildcard_rule_matches_everything PASSED [ 55%]
Backend CI	Run tests	2026-03-17T02:40:16.8558545Z app/tests/test_modifier_availability_service.py::TestRuleMatches::test_day_of_week_match PASSED [ 55%]
Backend CI	Run tests	2026-03-17T02:40:16.8576737Z app/tests/test_modifier_availability_service.py::TestRuleMatches::test_day_of_week_mismatch PASSED [ 55%]
Backend CI	Run tests	2026-03-17T02:40:16.8596070Z app/tests/test_modifier_availability_service.py::TestRuleMatches::test_time_within_window PASSED [ 55%]
Backend CI	Run tests	2026-03-17T02:40:16.8613846Z app/tests/test_modifier_availability_service.py::TestRuleMatches::test_time_before_window PASSED [ 55%]
Backend CI	Run tests	2026-03-17T02:40:16.8632136Z app/tests/test_modifier_availability_service.py::TestRuleMatches::test_time_after_window PASSED [ 55%]
Backend CI	Run tests	2026-03-17T02:40:16.8650334Z app/tests/test_modifier_availability_service.py::TestRuleMatches::test_date_within_range PASSED [ 55%]
Backend CI	Run tests	2026-03-17T02:40:16.8668233Z app/tests/test_modifier_availability_service.py::TestRuleMatches::test_date_before_range PASSED [ 55%]
Backend CI	Run tests	2026-03-17T02:40:16.8686795Z app/tests/test_modifier_availability_service.py::TestRuleMatches::test_date_after_range PASSED [ 55%]
Backend CI	Run tests	2026-03-17T02:40:16.8705979Z app/tests/test_modifier_availability_service.py::TestRuleMatches::test_location_match PASSED [ 55%]
Backend CI	Run tests	2026-03-17T02:40:16.8723704Z app/tests/test_modifier_availability_service.py::TestRuleMatches::test_location_mismatch PASSED [ 55%]
Backend CI	Run tests	2026-03-17T02:40:16.8741696Z app/tests/test_modifier_availability_service.py::TestRuleMatches::test_location_rule_with_no_context_location PASSED [ 55%]
Backend CI	Run tests	2026-03-17T02:40:16.8759756Z app/tests/test_modifier_availability_service.py::TestRuleMatches::test_combined_filters_all_match PASSED [ 55%]
Backend CI	Run tests	2026-03-17T02:40:16.8777715Z app/tests/test_modifier_availability_service.py::TestRuleMatches::test_combined_filters_one_mismatch PASSED [ 55%]
Backend CI	Run tests	2026-03-17T02:40:16.8796016Z app/tests/test_modifier_availability_service.py::TestRuleMatches::test_time_at_exact_boundaries PASSED [ 55%]
Backend CI	Run tests	2026-03-17T02:40:16.8832016Z app/tests/test_modifier_availability_service.py::TestCheckAvailability::test_no_rules_means_available PASSED [ 55%]
Backend CI	Run tests	2026-03-17T02:40:16.8868925Z app/tests/test_modifier_availability_service.py::TestCheckAvailability::test_matching_negative_rule_blocks PASSED [ 55%]
Backend CI	Run tests	2026-03-17T02:40:16.8918100Z app/tests/test_modifier_availability_service.py::TestCheckAvailability::test_non_matching_negative_rule_allows PASSED [ 55%]
Backend CI	Run tests	2026-03-17T02:40:16.8953649Z app/tests/test_modifier_availability_service.py::TestCheckAvailability::test_positive_rule_matching PASSED [ 55%]
Backend CI	Run tests	2026-03-17T02:40:16.8990346Z app/tests/test_modifier_availability_service.py::TestCheckAvailability::test_positive_rule_not_matching_blocks PASSED [ 55%]
Backend CI	Run tests	2026-03-17T02:40:16.9028270Z app/tests/test_modifier_availability_service.py::TestCheckAvailability::test_negative_rule_takes_priority_over_positive PASSED [ 55%]
Backend CI	Run tests	2026-03-17T02:40:16.9063958Z app/tests/test_modifier_availability_service.py::TestCheckAvailability::test_location_scoped_negative_rule PASSED [ 55%]
Backend CI	Run tests	2026-03-17T02:40:16.9099375Z app/tests/test_modifier_availability_service.py::TestCheckAvailability::test_defaults_to_current_time PASSED [ 55%]
Backend CI	Run tests	2026-03-17T02:40:16.9183731Z app/tests/test_modifier_availability_service.py::TestGetAvailableModifiers::test_returns_available_modifiers PASSED [ 55%]
Backend CI	Run tests	2026-03-17T02:40:16.9251963Z app/tests/test_modifier_availability_service.py::TestGetAvailableModifiers::test_filters_out_unavailable_modifier PASSED [ 55%]
Backend CI	Run tests	2026-03-17T02:40:16.9287543Z app/tests/test_modifier_availability_service.py::TestGetAvailableModifiers::test_empty_group_returns_empty PASSED [ 55%]
Backend CI	Run tests	2026-03-17T02:40:16.9334613Z app/tests/test_modifier_availability_service.py::TestSet86dStatus::test_creates_new_blanket_rule_when_none_exists PASSED [ 55%]
Backend CI	Run tests	2026-03-17T02:40:16.9381000Z app/tests/test_modifier_availability_service.py::TestSet86dStatus::test_updates_existing_blanket_rule PASSED [ 55%]
Backend CI	Run tests	2026-03-17T02:40:16.9441435Z app/tests/test_modifier_availability_service.py::TestSet86dStatus::test_restore_sets_available_true PASSED [ 55%]
Backend CI	Run tests	2026-03-17T02:40:16.9487765Z app/tests/test_modifier_availability_service.py::TestSet86dStatus::test_location_scoped_86d PASSED [ 55%]
Backend CI	Run tests	2026-03-17T02:40:16.9517207Z app/tests/test_modifier_availability_service.py::TestCreateAvailabilityRule::test_creates_rule_with_all_fields PASSED [ 55%]
Backend CI	Run tests	2026-03-17T02:40:16.9545577Z app/tests/test_modifier_availability_service.py::TestCreateAvailabilityRule::test_creates_rule_with_defaults PASSED [ 55%]
Backend CI	Run tests	2026-03-17T02:40:16.9582511Z app/tests/test_modifier_availability_service.py::TestGetAvailabilityRules::test_returns_rules_list PASSED [ 55%]
Backend CI	Run tests	2026-03-17T02:40:16.9617603Z app/tests/test_modifier_availability_service.py::TestGetAvailabilityRules::test_returns_empty_when_no_rules PASSED [ 55%]
Backend CI	Run tests	2026-03-17T02:40:16.9651883Z app/tests/test_modifier_availability_service.py::TestUpdateAvailabilityRule::test_returns_none_when_not_found PASSED [ 55%]
Backend CI	Run tests	2026-03-17T02:40:16.9709096Z app/tests/test_modifier_availability_service.py::TestUpdateAvailabilityRule::test_updates_fields PASSED [ 55%]
Backend CI	Run tests	2026-03-17T02:40:16.9753778Z app/tests/test_modifier_availability_service.py::TestDeleteAvailabilityRule::test_soft_deletes_rule PASSED [ 56%]
Backend CI	Run tests	2026-03-17T02:40:16.9788043Z app/tests/test_modifier_availability_service.py::TestDeleteAvailabilityRule::test_returns_false_when_not_found PASSED [ 56%]
Backend CI	Run tests	2026-03-17T02:40:16.9822470Z app/tests/test_modifier_availability_service.py::TestIsModifierAvailable::test_delegates_to_check_availability PASSED [ 56%]
Backend CI	Run tests	2026-03-17T02:40:16.9869663Z app/tests/test_modifier_availability_service.py::TestEightySixModifier::test_eighty_six_creates_blanket_unavailable PASSED [ 56%]
Backend CI	Run tests	2026-03-17T02:40:16.9915775Z app/tests/test_modifier_availability_service.py::TestEightySixModifier::test_un_eighty_six_removes_blanket_rules PASSED [ 56%]
Backend CI	Run tests	2026-03-17T02:40:16.9969942Z app/tests/test_modifier_availability_service.py::TestEightySixModifier::test_un_eighty_six_no_rules_returns_zero PASSED [ 56%]
Backend CI	Run tests	2026-03-17T02:40:17.0017038Z app/tests/test_modifier_availability_service.py::TestEightySixModifier::test_un_eighty_six_location_scoped PASSED [ 56%]
Backend CI	Run tests	2026-03-17T02:40:17.0033490Z app/tests/test_modifier_pricing_service.py::TestCalculateModifierPrice::test_free_returns_zero PASSED [ 56%]
Backend CI	Run tests	2026-03-17T02:40:17.0049644Z app/tests/test_modifier_pricing_service.py::TestCalculateModifierPrice::test_free_ignores_price_value PASSED [ 56%]
Backend CI	Run tests	2026-03-17T02:40:17.0065623Z app/tests/test_modifier_pricing_service.py::TestCalculateModifierPrice::test_fixed_single_quantity PASSED [ 56%]
Backend CI	Run tests	2026-03-17T02:40:17.0082049Z app/tests/test_modifier_pricing_service.py::TestCalculateModifierPrice::test_fixed_multiple_quantity PASSED [ 56%]
Backend CI	Run tests	2026-03-17T02:40:17.0099328Z app/tests/test_modifier_pricing_service.py::TestCalculateModifierPrice::test_fixed_zero_price_value PASSED [ 56%]
Backend CI	Run tests	2026-03-17T02:40:17.0116017Z app/tests/test_modifier_pricing_service.py::TestCalculateModifierPrice::test_fixed_zero_quantity PASSED [ 56%]
Backend CI	Run tests	2026-03-17T02:40:17.0132037Z app/tests/test_modifier_pricing_service.py::TestCalculateModifierPrice::test_fixed_rounding PASSED [ 56%]
Backend CI	Run tests	2026-03-17T02:40:17.0148182Z app/tests/test_modifier_pricing_service.py::TestCalculateModifierPrice::test_percentage_basic PASSED [ 56%]
Backend CI	Run tests	2026-03-17T02:40:17.0163926Z app/tests/test_modifier_pricing_service.py::TestCalculateModifierPrice::test_percentage_multiple_quantity PASSED [ 56%]
Backend CI	Run tests	2026-03-17T02:40:17.0179798Z app/tests/test_modifier_pricing_service.py::TestCalculateModifierPrice::test_percentage_rounding PASSED [ 56%]
Backend CI	Run tests	2026-03-17T02:40:17.0195732Z app/tests/test_modifier_pricing_service.py::TestCalculateModifierPrice::test_percentage_complex_rounding PASSED [ 56%]
Backend CI	Run tests	2026-03-17T02:40:17.0211462Z app/tests/test_modifier_pricing_service.py::TestCalculateModifierPrice::test_percentage_zero_base_price PASSED [ 56%]
Backend CI	Run tests	2026-03-17T02:40:17.0227692Z app/tests/test_modifier_pricing_service.py::TestCalculateModifierPrice::test_percentage_zero_price_value PASSED [ 56%]
Backend CI	Run tests	2026-03-17T02:40:17.0243494Z app/tests/test_modifier_pricing_service.py::TestCalculateModifierPrice::test_percentage_zero_quantity PASSED [ 56%]
Backend CI	Run tests	2026-03-17T02:40:17.0259301Z app/tests/test_modifier_pricing_service.py::TestCalculateModifierPrice::test_percentage_100_percent PASSED [ 56%]
Backend CI	Run tests	2026-03-17T02:40:17.0285747Z app/tests/test_modifier_pricing_service.py::TestCalculateModifierPrice::test_unknown_type_raises_value_error PASSED [ 56%]
Backend CI	Run tests	2026-03-17T02:40:17.0301985Z app/tests/test_modifier_pricing_service.py::TestCalculateModifierPrice::test_empty_string_type_raises_value_error PASSED [ 56%]
Backend CI	Run tests	2026-03-17T02:40:17.0318252Z app/tests/test_modifier_pricing_service.py::TestCalculateModifierPrice::test_returns_decimal PASSED [ 56%]
Backend CI	Run tests	2026-03-17T02:40:17.0334176Z app/tests/test_modifier_pricing_service.py::TestCalculateModifierPrice::test_free_returns_decimal PASSED [ 56%]
Backend CI	Run tests	2026-03-17T02:40:17.0349916Z app/tests/test_modifier_pricing_service.py::TestCalculateTotalModifierPrice::test_empty_selections PASSED [ 56%]
Backend CI	Run tests	2026-03-17T02:40:17.0365789Z app/tests/test_modifier_pricing_service.py::TestCalculateTotalModifierPrice::test_single_fixed_selection PASSED [ 56%]
Backend CI	Run tests	2026-03-17T02:40:17.0381536Z app/tests/test_modifier_pricing_service.py::TestCalculateTotalModifierPrice::test_multiple_selections PASSED [ 56%]
Backend CI	Run tests	2026-03-17T02:40:17.0397472Z app/tests/test_modifier_pricing_service.py::TestCalculateTotalModifierPrice::test_mixed_pricing_types PASSED [ 56%]
Backend CI	Run tests	2026-03-17T02:40:17.0412647Z app/tests/test_modifier_pricing_service.py::TestCalculateTotalModifierPrice::test_default_quantity_is_one PASSED [ 56%]
Backend CI	Run tests	2026-03-17T02:40:17.0428182Z app/tests/test_modifier_pricing_service.py::TestCalculateTotalModifierPrice::test_default_pricing_type_is_free PASSED [ 56%]
Backend CI	Run tests	2026-03-17T02:40:17.0443353Z app/tests/test_modifier_pricing_service.py::TestCalculateTotalModifierPrice::test_default_price_value_is_zero PASSED [ 56%]
Backend CI	Run tests	2026-03-17T02:40:17.0458587Z app/tests/test_modifier_pricing_service.py::TestCalculateTotalModifierPrice::test_price_value_coerced_from_string PASSED [ 56%]
Backend CI	Run tests	2026-03-17T02:40:17.0473845Z app/tests/test_modifier_pricing_service.py::TestCalculateTotalModifierPrice::test_nested_selections PASSED [ 56%]
Backend CI	Run tests	2026-03-17T02:40:17.0489461Z app/tests/test_modifier_pricing_service.py::TestCalculateTotalModifierPrice::test_deeply_nested_selections PASSED [ 56%]
Backend CI	Run tests	2026-03-17T02:40:17.0505596Z app/tests/test_modifier_pricing_service.py::TestCalculateTotalModifierPrice::test_nested_with_percentage PASSED [ 56%]
Backend CI	Run tests	2026-03-17T02:40:17.0521641Z app/tests/test_modifier_pricing_service.py::TestCalculateTotalModifierPrice::test_empty_nested_selections PASSED [ 56%]
Backend CI	Run tests	2026-03-17T02:40:17.0537892Z app/tests/test_modifier_pricing_service.py::TestCalculateTotalModifierPrice::test_multiple_items_with_nested PASSED [ 56%]
Backend CI	Run tests	2026-03-17T02:40:17.0554839Z app/tests/test_modifier_pricing_service.py::TestCalculateTotalModifierPrice::test_total_rounding PASSED [ 56%]
Backend CI	Run tests	2026-03-17T02:40:17.0571590Z app/tests/test_modifier_pricing_service.py::TestCalculateTotalModifierPrice::test_returns_decimal PASSED [ 56%]
Backend CI	Run tests	2026-03-17T02:40:17.0588095Z app/tests/test_modifier_pricing_service.py::TestApplyFirstNFreeRule::test_all_free PASSED [ 56%]
Backend CI	Run tests	2026-03-17T02:40:17.0603774Z app/tests/test_modifier_pricing_service.py::TestApplyFirstNFreeRule::test_exact_boundary_free PASSED [ 57%]
Backend CI	Run tests	2026-03-17T02:40:17.0619450Z app/tests/test_modifier_pricing_service.py::TestApplyFirstNFreeRule::test_one_over_free_count PASSED [ 57%]
Backend CI	Run tests	2026-03-17T02:40:17.0635431Z app/tests/test_modifier_pricing_service.py::TestApplyFirstNFreeRule::test_several_over_free_count PASSED [ 57%]
Backend CI	Run tests	2026-03-17T02:40:17.0652426Z app/tests/test_modifier_pricing_service.py::TestApplyFirstNFreeRule::test_free_count_zero PASSED [ 57%]
Backend CI	Run tests	2026-03-17T02:40:17.0668544Z app/tests/test_modifier_pricing_service.py::TestApplyFirstNFreeRule::test_zero_quantities PASSED [ 57%]
Backend CI	Run tests	2026-03-17T02:40:17.0684359Z app/tests/test_modifier_pricing_service.py::TestApplyFirstNFreeRule::test_zero_quantities_zero_free PASSED [ 57%]
Backend CI	Run tests	2026-03-17T02:40:17.0699722Z app/tests/test_modifier_pricing_service.py::TestApplyFirstNFreeRule::test_rounding PASSED [ 57%]
Backend CI	Run tests	2026-03-17T02:40:17.0715450Z app/tests/test_modifier_pricing_service.py::TestApplyFirstNFreeRule::test_returns_decimal PASSED [ 57%]
Backend CI	Run tests	2026-03-17T02:40:17.0731370Z app/tests/test_modifier_pricing_service.py::TestApplyTieredPricing::test_first_tier PASSED [ 57%]
Backend CI	Run tests	2026-03-17T02:40:17.0747442Z app/tests/test_modifier_pricing_service.py::TestApplyTieredPricing::test_first_tier_upper_boundary PASSED [ 57%]
Backend CI	Run tests	2026-03-17T02:40:17.0763077Z app/tests/test_modifier_pricing_service.py::TestApplyTieredPricing::test_middle_tier PASSED [ 57%]
Backend CI	Run tests	2026-03-17T02:40:17.0778962Z app/tests/test_modifier_pricing_service.py::TestApplyTieredPricing::test_middle_tier_lower_boundary PASSED [ 57%]
Backend CI	Run tests	2026-03-17T02:40:17.0794684Z app/tests/test_modifier_pricing_service.py::TestApplyTieredPricing::test_middle_tier_upper_boundary PASSED [ 57%]
Backend CI	Run tests	2026-03-17T02:40:17.0810101Z app/tests/test_modifier_pricing_service.py::TestApplyTieredPricing::test_last_tier_unbounded PASSED [ 57%]
Backend CI	Run tests	2026-03-17T02:40:17.0825737Z app/tests/test_modifier_pricing_service.py::TestApplyTieredPricing::test_last_tier_large_quantity PASSED [ 57%]
Backend CI	Run tests	2026-03-17T02:40:17.0857063Z app/tests/test_modifier_pricing_service.py::TestApplyTieredPricing::test_no_matching_tier_raises_value_error PASSED [ 57%]
Backend CI	Run tests	2026-03-17T02:40:17.0887825Z app/tests/test_modifier_pricing_service.py::TestApplyTieredPricing::test_gap_in_tiers_raises_value_error PASSED [ 57%]
Backend CI	Run tests	2026-03-17T02:40:17.0914417Z app/tests/test_modifier_pricing_service.py::TestApplyTieredPricing::test_empty_tiers_raises_value_error PASSED [ 57%]
Backend CI	Run tests	2026-03-17T02:40:17.0930519Z app/tests/test_modifier_pricing_service.py::TestApplyTieredPricing::test_single_tier_covers_all PASSED [ 57%]
Backend CI	Run tests	2026-03-17T02:40:17.0946435Z app/tests/test_modifier_pricing_service.py::TestApplyTieredPricing::test_rounding PASSED [ 57%]
Backend CI	Run tests	2026-03-17T02:40:17.0961992Z app/tests/test_modifier_pricing_service.py::TestApplyTieredPricing::test_returns_decimal PASSED [ 57%]
Backend CI	Run tests	2026-03-17T02:40:17.0977880Z app/tests/test_modifier_pricing_service.py::TestPricingTier::test_fields PASSED [ 57%]
Backend CI	Run tests	2026-03-17T02:40:17.0993640Z app/tests/test_modifier_pricing_service.py::TestPricingTier::test_none_max_quantity PASSED [ 57%]
Backend CI	Run tests	2026-03-17T02:40:17.1012257Z app/tests/test_modifier_pricing_service.py::TestPricingTier::test_tuple_unpacking PASSED [ 57%]
Backend CI	Run tests	2026-03-17T02:40:17.1048264Z app/tests/test_modifier_validation_service.py::TestValidateGroupSelection::test_required_group_empty_selection PASSED [ 57%]
Backend CI	Run tests	2026-03-17T02:40:17.1082174Z app/tests/test_modifier_validation_service.py::TestValidateGroupSelection::test_required_group_with_selection_passes PASSED [ 57%]
Backend CI	Run tests	2026-03-17T02:40:17.1114866Z app/tests/test_modifier_validation_service.py::TestValidateGroupSelection::test_min_selections_not_met PASSED [ 57%]
Backend CI	Run tests	2026-03-17T02:40:17.1147061Z app/tests/test_modifier_validation_service.py::TestValidateGroupSelection::test_min_selections_zero_count_skips_check PASSED [ 57%]
Backend CI	Run tests	2026-03-17T02:40:17.1179082Z app/tests/test_modifier_validation_service.py::TestValidateGroupSelection::test_min_selections_exact_passes PASSED [ 57%]
Backend CI	Run tests	2026-03-17T02:40:17.1211353Z app/tests/test_modifier_validation_service.py::TestValidateGroupSelection::test_max_selections_exceeded PASSED [ 57%]
Backend CI	Run tests	2026-03-17T02:40:17.1245759Z app/tests/test_modifier_validation_service.py::TestValidateGroupSelection::test_max_selections_none_means_unlimited PASSED [ 57%]
Backend CI	Run tests	2026-03-17T02:40:17.1278746Z app/tests/test_modifier_validation_service.py::TestValidateGroupSelection::test_max_selections_exact_passes PASSED [ 57%]
Backend CI	Run tests	2026-03-17T02:40:17.1310703Z app/tests/test_modifier_validation_service.py::TestValidateGroupSelection::test_multiple_errors_at_once PASSED [ 57%]
Backend CI	Run tests	2026-03-17T02:40:17.1351937Z app/tests/test_modifier_validation_service.py::TestValidateSelections::test_no_groups_assigned_returns_valid PASSED [ 57%]
Backend CI	Run tests	2026-03-17T02:40:17.1429248Z app/tests/test_modifier_validation_service.py::TestValidateSelections::test_valid_selections_pass PASSED [ 57%]
Backend CI	Run tests	2026-03-17T02:40:17.1517416Z app/tests/test_modifier_validation_service.py::TestValidateSelections::test_missing_required_group_selection PASSED [ 57%]
Backend CI	Run tests	2026-03-17T02:40:17.1612372Z app/tests/test_modifier_validation_service.py::TestValidateSelections::test_multiple_groups_partial_failure PASSED [ 57%]
Backend CI	Run tests	2026-03-17T02:40:17.1652035Z app/tests/test_modifier_validation_service.py::TestHasRequiredModifiers::test_returns_false_when_no_links PASSED [ 57%]
Backend CI	Run tests	2026-03-17T02:40:17.1716445Z app/tests/test_modifier_validation_service.py::TestHasRequiredModifiers::test_returns_true_when_required_groups_exist PASSED [ 57%]
Backend CI	Run tests	2026-03-17T02:40:17.1781285Z app/tests/test_modifier_validation_service.py::TestHasRequiredModifiers::test_returns_false_when_no_required_groups PASSED [ 57%]
Backend CI	Run tests	2026-03-17T02:40:17.1835427Z app/tests/test_modifier_validation_service.py::TestGetDefaultSelections::test_returns_empty_when_no_links PASSED [ 57%]
Backend CI	Run tests	2026-03-17T02:40:17.1918804Z app/tests/test_modifier_validation_service.py::TestGetDefaultSelections::test_returns_default_modifiers_grouped PASSED [ 57%]
Backend CI	Run tests	2026-03-17T02:40:17.2012993Z app/tests/test_modifier_validation_service.py::TestGetDefaultSelections::test_returns_defaults_across_multiple_groups PASSED [ 58%]
Backend CI	Run tests	2026-03-17T02:40:17.2080893Z app/tests/test_modifier_validation_service.py::TestGetDefaultSelections::test_returns_empty_dict_when_no_defaults PASSED [ 58%]
Backend CI	Run tests	2026-03-17T02:40:17.2110370Z app/tests/test_notification_service.py::TestCreateNotification::test_creates_with_defaults PASSED [ 58%]
Backend CI	Run tests	2026-03-17T02:40:17.2138991Z app/tests/test_notification_service.py::TestCreateNotification::test_creates_with_optional_fields PASSED [ 58%]
Backend CI	Run tests	2026-03-17T02:40:17.2230004Z app/tests/test_notification_service.py::TestNotifyBusinessUsers::test_notifies_all_active_users PASSED [ 58%]
Backend CI	Run tests	2026-03-17T02:40:17.2293582Z app/tests/test_notification_service.py::TestNotifyBusinessUsers::test_excludes_specified_user PASSED [ 58%]
Backend CI	Run tests	2026-03-17T02:40:17.2340819Z app/tests/test_notification_service.py::TestNotifyBusinessUsers::test_returns_empty_when_no_active_users PASSED [ 58%]
Backend CI	Run tests	2026-03-17T02:40:17.2396180Z app/tests/test_notification_service.py::TestListNotifications::test_default_pagination PASSED [ 58%]
Backend CI	Run tests	2026-03-17T02:40:17.2451146Z app/tests/test_notification_service.py::TestListNotifications::test_page_two PASSED [ 58%]
Backend CI	Run tests	2026-03-17T02:40:17.2494232Z app/tests/test_notification_service.py::TestListNotifications::test_filter_by_is_read PASSED [ 58%]
Backend CI	Run tests	2026-03-17T02:40:17.2537448Z app/tests/test_notification_service.py::TestListNotifications::test_filter_by_notification_type PASSED [ 58%]
Backend CI	Run tests	2026-03-17T02:40:17.2579670Z app/tests/test_notification_service.py::TestGetUnreadCount::test_returns_count PASSED [ 58%]
Backend CI	Run tests	2026-03-17T02:40:17.2621553Z app/tests/test_notification_service.py::TestGetUnreadCount::test_returns_zero_when_scalar_is_none PASSED [ 58%]
Backend CI	Run tests	2026-03-17T02:40:17.2683243Z app/tests/test_notification_service.py::TestMarkAsRead::test_marks_notification_as_read PASSED [ 58%]
Backend CI	Run tests	2026-03-17T02:40:17.2740004Z app/tests/test_notification_service.py::TestMarkAsRead::test_returns_none_when_not_found PASSED [ 58%]
Backend CI	Run tests	2026-03-17T02:40:17.2783588Z app/tests/test_notification_service.py::TestMarkAllAsRead::test_updates_and_returns_count PASSED [ 58%]
Backend CI	Run tests	2026-03-17T02:40:17.2843550Z app/tests/test_notification_service.py::TestDeleteNotification::test_soft_deletes_notification PASSED [ 58%]
Backend CI	Run tests	2026-03-17T02:40:17.2886169Z app/tests/test_notification_service.py::TestDeleteNotification::test_returns_false_when_not_found PASSED [ 58%]
Backend CI	Run tests	2026-03-17T02:40:17.2938681Z app/tests/test_notification_service.py::TestGetPreferences::test_returns_existing_preference PASSED [ 58%]
Backend CI	Run tests	2026-03-17T02:40:17.3000657Z app/tests/test_notification_service.py::TestGetPreferences::test_creates_default_when_none_exists PASSED [ 58%]
Backend CI	Run tests	2026-03-17T02:40:17.3057851Z app/tests/test_notification_service.py::TestUpdatePreferences::test_updates_allowed_fields PASSED [ 58%]
Backend CI	Run tests	2026-03-17T02:40:17.3114791Z app/tests/test_notification_service.py::TestUpdatePreferences::test_ignores_disallowed_fields PASSED [ 58%]
Backend CI	Run tests	2026-03-17T02:40:17.3173858Z app/tests/test_notification_service.py::TestUpdatePreferences::test_skips_none_values PASSED [ 58%]
Backend CI	Run tests	2026-03-17T02:40:17.3189679Z app/tests/test_oauth.py::TestOAuthSchemas::test_google_user_info_schema PASSED [ 58%]
Backend CI	Run tests	2026-03-17T02:40:17.3205095Z app/tests/test_oauth.py::TestOAuthSchemas::test_google_oauth_token_schema PASSED [ 58%]
Backend CI	Run tests	2026-03-17T02:40:17.3220293Z app/tests/test_oauth.py::TestOAuthSchemas::test_google_auth_response_schema PASSED [ 58%]
Backend CI	Run tests	2026-03-17T02:40:17.3235524Z app/tests/test_oauth.py::TestOAuthService::test_google_oauth_service_exists PASSED [ 58%]
Backend CI	Run tests	2026-03-17T02:40:17.3250700Z app/tests/test_oauth.py::TestOAuthService::test_google_oauth_service_has_required_methods PASSED [ 58%]
Backend CI	Run tests	2026-03-17T02:40:17.3265601Z app/tests/test_oauth.py::TestOAuthEndpoints::test_oauth_router_exists PASSED [ 58%]
Backend CI	Run tests	2026-03-17T02:40:17.3280562Z app/tests/test_oauth.py::TestOAuthEndpoints::test_oauth_router_has_google_route PASSED [ 58%]
Backend CI	Run tests	2026-03-17T02:40:17.3295551Z app/tests/test_oauth.py::TestOAuthEndpoints::test_oauth_router_has_google_url_route PASSED [ 58%]
Backend CI	Run tests	2026-03-17T02:40:17.3319915Z app/tests/test_oauth.py::TestOAuthIntegration::test_oauth_included_in_main_router PASSED [ 58%]
Backend CI	Run tests	2026-03-17T02:40:17.3390542Z app/tests/test_online_order_service.py::TestGetOrCreateStore::test_returns_existing_store PASSED [ 58%]
Backend CI	Run tests	2026-03-17T02:40:17.3442034Z app/tests/test_online_order_service.py::TestGetOrCreateStore::test_creates_new_store_when_none_exists PASSED [ 58%]
Backend CI	Run tests	2026-03-17T02:40:17.3501434Z app/tests/test_online_order_service.py::TestUpdateStore::test_updates_store_attributes PASSED [ 58%]
Backend CI	Run tests	2026-03-17T02:40:17.3544625Z app/tests/test_online_order_service.py::TestUpdateStore::test_returns_none_when_store_missing PASSED [ 58%]
Backend CI	Run tests	2026-03-17T02:40:17.3603453Z app/tests/test_online_order_service.py::TestUpdateStore::test_ignores_unknown_attributes PASSED [ 58%]
Backend CI	Run tests	2026-03-17T02:40:17.3671794Z app/tests/test_online_order_service.py::TestGetStoreMenu::test_returns_menu_items PASSED [ 58%]
Backend CI	Run tests	2026-03-17T02:40:17.3728488Z app/tests/test_online_order_service.py::TestGetStoreMenu::test_returns_empty_list PASSED [ 58%]
Backend CI	Run tests	2026-03-17T02:40:17.3775709Z app/tests/test_online_order_service.py::TestGenerateOrderNumber::test_first_order_of_day PASSED [ 58%]
Backend CI	Run tests	2026-03-17T02:40:17.3835119Z app/tests/test_online_order_service.py::TestGenerateOrderNumber::test_increments_from_last_order PASSED [ 58%]
Backend CI	Run tests	2026-03-17T02:40:17.3914855Z app/tests/test_online_order_service.py::TestCreateOrder::test_creates_collection_order PASSED [ 58%]
Backend CI	Run tests	2026-03-17T02:40:17.4018535Z app/tests/test_online_order_service.py::TestCreateOrder::test_creates_delivery_order_with_fee PASSED [ 59%]
Backend CI	Run tests	2026-03-17T02:40:17.4109272Z app/tests/test_online_order_service.py::TestCreateOrder::test_free_delivery_threshold_waives_fee PASSED [ 59%]
Backend CI	Run tests	2026-03-17T02:40:17.4200267Z app/tests/test_online_order_service.py::TestCreateOrder::test_multiple_items_summed PASSED [ 59%]
Backend CI	Run tests	2026-03-17T02:40:17.4278663Z app/tests/test_online_order_service.py::TestCreateOrder::test_order_items_added_to_db PASSED [ 59%]
Backend CI	Run tests	2026-03-17T02:40:17.4375732Z app/tests/test_online_order_service.py::TestCreateOrder::test_collection_order_no_delivery_fee_even_with_store PASSED [ 59%]
Backend CI	Run tests	2026-03-17T02:40:17.4431153Z app/tests/test_online_order_service.py::TestGetOrder::test_returns_order PASSED [ 59%]
Backend CI	Run tests	2026-03-17T02:40:17.4486550Z app/tests/test_online_order_service.py::TestGetOrder::test_returns_none_when_not_found PASSED [ 59%]
Backend CI	Run tests	2026-03-17T02:40:17.4554322Z app/tests/test_online_order_service.py::TestListOrders::test_returns_items_and_total PASSED [ 59%]
Backend CI	Run tests	2026-03-17T02:40:17.4598734Z app/tests/test_online_order_service.py::TestListOrders::test_with_status_filter PASSED [ 59%]
Backend CI	Run tests	2026-03-17T02:40:17.4642960Z app/tests/test_online_order_service.py::TestListOrders::test_empty_result PASSED [ 59%]
Backend CI	Run tests	2026-03-17T02:40:17.4704195Z app/tests/test_online_order_service.py::TestUpdateStatus::test_updates_order_status PASSED [ 59%]
Backend CI	Run tests	2026-03-17T02:40:17.4747884Z app/tests/test_online_order_service.py::TestUpdateStatus::test_returns_none_when_order_missing PASSED [ 59%]
Backend CI	Run tests	2026-03-17T02:40:17.4821950Z app/tests/test_online_order_service.py::TestCancelOrder::test_cancels_order PASSED [ 59%]
Backend CI	Run tests	2026-03-17T02:40:17.4882448Z app/tests/test_online_order_service.py::TestCancelOrder::test_cancel_with_reason_appends_to_notes PASSED [ 59%]
Backend CI	Run tests	2026-03-17T02:40:17.4943353Z app/tests/test_online_order_service.py::TestCancelOrder::test_cancel_with_reason_no_existing_notes PASSED [ 59%]
Backend CI	Run tests	2026-03-17T02:40:17.4986246Z app/tests/test_online_order_service.py::TestCancelOrder::test_cancel_returns_none_when_order_missing PASSED [ 59%]
Backend CI	Run tests	2026-03-17T02:40:17.5043499Z app/tests/test_online_order_service.py::TestGetActiveOrders::test_returns_non_terminal_orders PASSED [ 59%]
Backend CI	Run tests	2026-03-17T02:40:17.5099404Z app/tests/test_online_order_service.py::TestGetActiveOrders::test_returns_empty_when_all_terminal PASSED [ 59%]
Backend CI	Run tests	2026-03-17T02:40:17.5153233Z app/tests/test_online_order_service.py::TestGetOrderStats::test_returns_stats_dict PASSED [ 59%]
Backend CI	Run tests	2026-03-17T02:40:17.5201834Z app/tests/test_order_management_service.py::TestUpdateOrderStatus::test_valid_transition PASSED [ 59%]
Backend CI	Run tests	2026-03-17T02:40:17.5239846Z app/tests/test_order_management_service.py::TestUpdateOrderStatus::test_invalid_transition PASSED [ 59%]
Backend CI	Run tests	2026-03-17T02:40:17.5273145Z app/tests/test_order_management_service.py::TestUpdateOrderStatus::test_order_not_found PASSED [ 59%]
Backend CI	Run tests	2026-03-17T02:40:17.5336750Z app/tests/test_order_management_service.py::TestUpdateOrderStatus::test_table_freed_on_cancel PASSED [ 59%]
Backend CI	Run tests	2026-03-17T02:40:17.5410255Z app/tests/test_order_management_service.py::TestAssignTable::test_assign PASSED [ 59%]
Backend CI	Run tests	2026-03-17T02:40:17.5460163Z app/tests/test_order_management_service.py::TestAssignTable::test_table_not_found PASSED [ 59%]
Backend CI	Run tests	2026-03-17T02:40:17.5534834Z app/tests/test_order_management_service.py::TestTransferTable::test_transfer PASSED [ 59%]
Backend CI	Run tests	2026-03-17T02:40:17.5593959Z app/tests/test_order_management_service.py::TestMergeOrders::test_merge PASSED [ 59%]
Backend CI	Run tests	2026-03-17T02:40:17.5611081Z app/tests/test_order_management_service.py::TestMergeOrders::test_merge_too_few PASSED [ 59%]
Backend CI	Run tests	2026-03-17T02:40:17.5666362Z app/tests/test_order_management_service.py::TestSplitOrder::test_split PASSED [ 59%]
Backend CI	Run tests	2026-03-17T02:40:17.5704117Z app/tests/test_order_management_service.py::TestSplitOrder::test_split_no_items PASSED [ 59%]
Backend CI	Run tests	2026-03-17T02:40:17.5731979Z app/tests/test_order_management_service.py::TestTabs::test_open_tab PASSED [ 59%]
Backend CI	Run tests	2026-03-17T02:40:17.5778015Z app/tests/test_order_management_service.py::TestTabs::test_open_tab_with_table PASSED [ 59%]
Backend CI	Run tests	2026-03-17T02:40:17.5822286Z app/tests/test_order_management_service.py::TestTabs::test_close_tab PASSED [ 59%]
Backend CI	Run tests	2026-03-17T02:40:17.5869933Z app/tests/test_order_management_service.py::TestTabs::test_close_tab_not_found PASSED [ 59%]
Backend CI	Run tests	2026-03-17T02:40:17.5905990Z app/tests/test_order_management_service.py::TestTabs::test_get_open_tabs PASSED [ 59%]
Backend CI	Run tests	2026-03-17T02:40:17.5953605Z app/tests/test_order_management_service.py::TestAddRemoveItems::test_add_item PASSED [ 59%]
Backend CI	Run tests	2026-03-17T02:40:17.5992593Z app/tests/test_order_management_service.py::TestAddRemoveItems::test_add_item_to_cancelled PASSED [ 59%]
Backend CI	Run tests	2026-03-17T02:40:17.6052068Z app/tests/test_order_management_service.py::TestAddRemoveItems::test_remove_item PASSED [ 59%]
Backend CI	Run tests	2026-03-17T02:40:17.6090159Z app/tests/test_order_management_service.py::TestOrderHistory::test_basic PASSED [ 59%]
Backend CI	Run tests	2026-03-17T02:40:17.6129747Z app/tests/test_order_management_service.py::TestOrderHistory::test_with_filters PASSED [ 59%]
Backend CI	Run tests	2026-03-17T02:40:17.6196624Z app/tests/test_order_management_service.py::TestOrderHistory::test_status_history PASSED [ 59%]
Backend CI	Run tests	2026-03-17T02:40:17.6239622Z app/tests/test_order_management_service.py::TestDelivery::test_set_delivery_info PASSED [ 59%]
Backend CI	Run tests	2026-03-17T02:40:17.6273399Z app/tests/test_order_management_service.py::TestDelivery::test_delivery_not_found PASSED [ 60%]
Backend CI	Run tests	2026-03-17T02:40:17.6298177Z app/tests/test_order_management_service.py::TestRecalculateTotals::test_recalculate PASSED [ 60%]
Backend CI	Run tests	2026-03-17T02:40:17.6333750Z app/tests/test_order_service.py::TestGenerateOrderNumber::test_format PASSED [ 60%]
Backend CI	Run tests	2026-03-17T02:40:17.6368825Z app/tests/test_order_service.py::TestGenerateOrderNumber::test_increments_based_on_count PASSED [ 60%]
Backend CI	Run tests	2026-03-17T02:40:17.6408247Z app/tests/test_order_service.py::TestGetOrders::test_returns_orders_and_total PASSED [ 60%]
Backend CI	Run tests	2026-03-17T02:40:17.6457219Z app/tests/test_order_service.py::TestGetOrders::test_empty_result PASSED [ 60%]
Backend CI	Run tests	2026-03-17T02:40:17.6496263Z app/tests/test_order_service.py::TestGetOrders::test_search_adds_filter PASSED [ 60%]
Backend CI	Run tests	2026-03-17T02:40:17.6540797Z app/tests/test_order_service.py::TestGetOrders::test_all_filters PASSED  [ 60%]
Backend CI	Run tests	2026-03-17T02:40:17.6579934Z app/tests/test_order_service.py::TestGetOrders::test_pagination PASSED   [ 60%]
Backend CI	Run tests	2026-03-17T02:40:17.6617607Z app/tests/test_order_service.py::TestGetOrder::test_found PASSED         [ 60%]
Backend CI	Run tests	2026-03-17T02:40:17.6653336Z app/tests/test_order_service.py::TestGetOrder::test_not_found PASSED     [ 60%]
Backend CI	Run tests	2026-03-17T02:40:17.6691136Z app/tests/test_order_service.py::TestGetOrderByNumber::test_found PASSED [ 60%]
Backend CI	Run tests	2026-03-17T02:40:17.6740971Z app/tests/test_order_service.py::TestGetOrderByNumber::test_not_found PASSED [ 60%]
Backend CI	Run tests	2026-03-17T02:40:17.6809589Z app/tests/test_order_service.py::TestCreateOrder::test_with_items PASSED [ 60%]
Backend CI	Run tests	2026-03-17T02:40:17.6873265Z app/tests/test_order_service.py::TestCreateOrder::test_no_items PASSED   [ 60%]
Backend CI	Run tests	2026-03-17T02:40:17.6955447Z app/tests/test_order_service.py::TestCreateOrder::test_with_modifiers PASSED [ 60%]
Backend CI	Run tests	2026-03-17T02:40:17.6999336Z app/tests/test_order_service.py::TestUpdateOrder::test_applies_fields_and_recalculates PASSED [ 60%]
Backend CI	Run tests	2026-03-17T02:40:17.7026235Z app/tests/test_order_service.py::TestUpdateOrderStatus::test_shipped_sets_date PASSED [ 60%]
Backend CI	Run tests	2026-03-17T02:40:17.7052354Z app/tests/test_order_service.py::TestUpdateOrderStatus::test_delivered_sets_date PASSED [ 60%]
Backend CI	Run tests	2026-03-17T02:40:17.7077855Z app/tests/test_order_service.py::TestUpdateOrderStatus::test_other_status_no_dates PASSED [ 60%]
Backend CI	Run tests	2026-03-17T02:40:17.7104697Z app/tests/test_order_service.py::TestRecordPayment::test_full_payment_sets_paid PASSED [ 60%]
Backend CI	Run tests	2026-03-17T02:40:17.7130822Z app/tests/test_order_service.py::TestRecordPayment::test_partial_payment PASSED [ 60%]
Backend CI	Run tests	2026-03-17T02:40:17.7157154Z app/tests/test_order_service.py::TestRecordPayment::test_overpayment_still_paid PASSED [ 60%]
Backend CI	Run tests	2026-03-17T02:40:17.7183138Z app/tests/test_order_service.py::TestDeleteOrder::test_soft_deletes PASSED [ 60%]
Backend CI	Run tests	2026-03-17T02:40:17.7222639Z app/tests/test_order_service.py::TestGetOrderItems::test_returns_items PASSED [ 60%]
Backend CI	Run tests	2026-03-17T02:40:17.7286896Z app/tests/test_order_service.py::TestAddOrderItem::test_adds_and_recalculates PASSED [ 60%]
Backend CI	Run tests	2026-03-17T02:40:17.7350160Z app/tests/test_order_service.py::TestRemoveOrderItem::test_removes_and_recalculates PASSED [ 60%]
Backend CI	Run tests	2026-03-17T02:40:17.7388759Z app/tests/test_order_service.py::TestRemoveOrderItem::test_item_not_found_no_op PASSED [ 60%]
Backend CI	Run tests	2026-03-17T02:40:17.7444381Z app/tests/test_order_service.py::TestGetOrderStats::test_returns_aggregated_stats PASSED [ 60%]
Backend CI	Run tests	2026-03-17T02:40:17.7513920Z app/tests/test_order_service.py::TestGetOrderStats::test_zero_orders_no_division_error PASSED [ 60%]
Backend CI	Run tests	2026-03-17T02:40:17.7529352Z app/tests/test_orders.py::TestOrderSchemas::test_order_status_enum PASSED [ 60%]
Backend CI	Run tests	2026-03-17T02:40:17.7544576Z app/tests/test_orders.py::TestOrderSchemas::test_payment_status_enum PASSED [ 60%]
Backend CI	Run tests	2026-03-17T02:40:17.7559288Z app/tests/test_orders.py::TestOrderSchemas::test_order_direction_enum PASSED [ 60%]
Backend CI	Run tests	2026-03-17T02:40:17.7574453Z app/tests/test_orders.py::TestOrderSchemas::test_order_item_create_schema PASSED [ 60%]
Backend CI	Run tests	2026-03-17T02:40:17.7589610Z app/tests/test_orders.py::TestOrderSchemas::test_order_create_schema PASSED [ 60%]
Backend CI	Run tests	2026-03-17T02:40:17.7604646Z app/tests/test_orders.py::TestOrderSchemas::test_order_create_outbound_schema PASSED [ 60%]
Backend CI	Run tests	2026-03-17T02:40:17.7619338Z app/tests/test_orders.py::TestOrderSchemas::test_address_schema PASSED   [ 60%]
Backend CI	Run tests	2026-03-17T02:40:17.7634328Z app/tests/test_orders.py::TestOrderSchemas::test_order_update_schema PASSED [ 60%]
Backend CI	Run tests	2026-03-17T02:40:17.7649199Z app/tests/test_orders.py::TestOrderSchemas::test_payment_record_schema PASSED [ 60%]
Backend CI	Run tests	2026-03-17T02:40:17.7664696Z app/tests/test_orders.py::TestOrderModel::test_order_balance_due PASSED  [ 60%]
Backend CI	Run tests	2026-03-17T02:40:17.7679951Z app/tests/test_orders.py::TestOrderModel::test_order_is_paid_false PASSED [ 60%]
Backend CI	Run tests	2026-03-17T02:40:17.7695086Z app/tests/test_orders.py::TestOrderModel::test_order_is_paid_true PASSED [ 60%]
Backend CI	Run tests	2026-03-17T02:40:17.7710070Z app/tests/test_orders.py::TestOrderModel::test_order_is_paid_overpaid PASSED [ 60%]
Backend CI	Run tests	2026-03-17T02:40:17.7725436Z app/tests/test_orders.py::TestOrderItemModel::test_order_item_line_total PASSED [ 61%]
Backend CI	Run tests	2026-03-17T02:40:17.7744082Z app/tests/test_orders.py::TestOrderService::test_order_service_init PASSED [ 61%]
Backend CI	Run tests	2026-03-17T02:40:17.7771094Z app/tests/test_orders.py::TestOrderService::test_generate_order_number_format PASSED [ 61%]
Backend CI	Run tests	2026-03-17T02:40:17.7789705Z app/tests/test_orders.py::TestOrderService::test_create_order_item_internal PASSED [ 61%]
Backend CI	Run tests	2026-03-17T02:40:17.7804984Z app/tests/test_orders.py::TestOrderAPI::test_order_router_exists PASSED  [ 61%]
Backend CI	Run tests	2026-03-17T02:40:17.7820165Z app/tests/test_orders.py::TestOrderAPI::test_order_endpoints_exist PASSED [ 61%]
Backend CI	Run tests	2026-03-17T02:40:17.7835880Z app/tests/test_orders.py::TestOrderSummary::test_order_summary_schema PASSED [ 61%]
Backend CI	Run tests	2026-03-17T02:40:17.7850937Z app/tests/test_orders.py::TestOrderItemOperations::test_order_item_create_with_discount PASSED [ 61%]
Backend CI	Run tests	2026-03-17T02:40:17.7866208Z app/tests/test_orders.py::TestOrderItemOperations::test_order_item_create_with_tax PASSED [ 61%]
Backend CI	Run tests	2026-03-17T02:40:17.7884599Z app/tests/test_orders.py::TestOrderListResponse::test_order_list_response_schema PASSED [ 61%]
Backend CI	Run tests	2026-03-17T02:40:17.7933453Z app/tests/test_partner_service.py::TestCreatePartner::test_creates_partner_and_config PASSED [ 61%]
Backend CI	Run tests	2026-03-17T02:40:17.7990205Z app/tests/test_partner_service.py::TestCreatePartner::test_config_uses_partner_id PASSED [ 61%]
Backend CI	Run tests	2026-03-17T02:40:17.8037535Z app/tests/test_partner_service.py::TestGetPartner::test_returns_partner_when_found PASSED [ 61%]
Backend CI	Run tests	2026-03-17T02:40:17.8071121Z app/tests/test_partner_service.py::TestGetPartner::test_returns_none_when_not_found PASSED [ 61%]
Backend CI	Run tests	2026-03-17T02:40:17.8118060Z app/tests/test_partner_service.py::TestGetPartnerBySlug::test_returns_partner_for_valid_slug PASSED [ 61%]
Backend CI	Run tests	2026-03-17T02:40:17.8152325Z app/tests/test_partner_service.py::TestGetPartnerBySlug::test_returns_none_for_unknown_slug PASSED [ 61%]
Backend CI	Run tests	2026-03-17T02:40:17.8224492Z app/tests/test_partner_service.py::TestListPartners::test_returns_items_and_total PASSED [ 61%]
Backend CI	Run tests	2026-03-17T02:40:17.8259716Z app/tests/test_partner_service.py::TestListPartners::test_applies_status_filter PASSED [ 61%]
Backend CI	Run tests	2026-03-17T02:40:17.8294558Z app/tests/test_partner_service.py::TestListPartners::test_pagination_offset_and_limit PASSED [ 61%]
Backend CI	Run tests	2026-03-17T02:40:17.8329219Z app/tests/test_partner_service.py::TestListPartners::test_no_status_filter_single_filter_call PASSED [ 61%]
Backend CI	Run tests	2026-03-17T02:40:17.8385332Z app/tests/test_partner_service.py::TestUpdatePartner::test_updates_fields_and_returns_partner PASSED [ 61%]
Backend CI	Run tests	2026-03-17T02:40:17.8420971Z app/tests/test_partner_service.py::TestUpdatePartner::test_returns_none_when_partner_missing PASSED [ 61%]
Backend CI	Run tests	2026-03-17T02:40:17.8474430Z app/tests/test_partner_service.py::TestUpdatePartner::test_skips_none_values PASSED [ 61%]
Backend CI	Run tests	2026-03-17T02:40:17.8540948Z app/tests/test_partner_service.py::TestDeletePartner::test_soft_deletes_and_returns_true PASSED [ 61%]
Backend CI	Run tests	2026-03-17T02:40:17.8576569Z app/tests/test_partner_service.py::TestDeletePartner::test_returns_false_when_not_found PASSED [ 61%]
Backend CI	Run tests	2026-03-17T02:40:17.8620600Z app/tests/test_partner_service.py::TestGetConfiguration::test_returns_config_when_found PASSED [ 61%]
Backend CI	Run tests	2026-03-17T02:40:17.8654382Z app/tests/test_partner_service.py::TestGetConfiguration::test_returns_none_when_missing PASSED [ 61%]
Backend CI	Run tests	2026-03-17T02:40:17.8708807Z app/tests/test_partner_service.py::TestUpdateConfiguration::test_updates_and_returns_config PASSED [ 61%]
Backend CI	Run tests	2026-03-17T02:40:17.8743989Z app/tests/test_partner_service.py::TestUpdateConfiguration::test_returns_none_when_config_missing PASSED [ 61%]
Backend CI	Run tests	2026-03-17T02:40:17.8789398Z app/tests/test_partner_service.py::TestCreateWhiteLabel::test_creates_and_returns_white_label PASSED [ 61%]
Backend CI	Run tests	2026-03-17T02:40:17.8837854Z app/tests/test_partner_service.py::TestGetWhiteLabel::test_returns_white_label_when_found PASSED [ 61%]
Backend CI	Run tests	2026-03-17T02:40:17.8890882Z app/tests/test_partner_service.py::TestGetWhiteLabel::test_returns_none_when_not_found PASSED [ 61%]
Backend CI	Run tests	2026-03-17T02:40:17.8945985Z app/tests/test_partner_service.py::TestUpdateWhiteLabel::test_updates_and_returns_white_label PASSED [ 61%]
Backend CI	Run tests	2026-03-17T02:40:17.8981594Z app/tests/test_partner_service.py::TestUpdateWhiteLabel::test_returns_none_when_missing PASSED [ 61%]
Backend CI	Run tests	2026-03-17T02:40:17.9022858Z app/tests/test_partner_service.py::TestAddPartnerUser::test_creates_partner_user_with_defaults PASSED [ 61%]
Backend CI	Run tests	2026-03-17T02:40:17.9063546Z app/tests/test_partner_service.py::TestAddPartnerUser::test_creates_partner_user_with_custom_role PASSED [ 61%]
Backend CI	Run tests	2026-03-17T02:40:17.9121031Z app/tests/test_partner_service.py::TestListPartnerUsers::test_returns_items_and_total PASSED [ 61%]
Backend CI	Run tests	2026-03-17T02:40:17.9157727Z app/tests/test_partner_service.py::TestListPartnerUsers::test_pagination PASSED [ 61%]
Backend CI	Run tests	2026-03-17T02:40:17.9226145Z app/tests/test_partner_service.py::TestUpdatePartnerUser::test_updates_and_returns_partner_user PASSED [ 61%]
Backend CI	Run tests	2026-03-17T02:40:17.9261424Z app/tests/test_partner_service.py::TestUpdatePartnerUser::test_returns_none_when_not_found PASSED [ 61%]
Backend CI	Run tests	2026-03-17T02:40:17.9312561Z app/tests/test_partner_service.py::TestRemovePartnerUser::test_soft_deletes_and_returns_true PASSED [ 61%]
Backend CI	Run tests	2026-03-17T02:40:17.9351330Z app/tests/test_partner_service.py::TestRemovePartnerUser::test_returns_false_when_not_found PASSED [ 61%]
Backend CI	Run tests	2026-03-17T02:40:17.9380420Z app/tests/test_payment_service.py::TestPaymentMethods::test_create_method PASSED [ 62%]
Backend CI	Run tests	2026-03-17T02:40:17.9423020Z app/tests/test_payment_service.py::TestPaymentMethods::test_list_methods_active_only PASSED [ 62%]
Backend CI	Run tests	2026-03-17T02:40:17.9454588Z app/tests/test_payment_service.py::TestPaymentMethods::test_get_method_found PASSED [ 62%]
Backend CI	Run tests	2026-03-17T02:40:17.9481877Z app/tests/test_payment_service.py::TestPaymentMethods::test_get_method_not_found PASSED [ 62%]
Backend CI	Run tests	2026-03-17T02:40:17.9519971Z app/tests/test_payment_service.py::TestPaymentMethods::test_delete_method_soft_deletes PASSED [ 62%]
Backend CI	Run tests	2026-03-17T02:40:17.9563901Z app/tests/test_payment_service.py::TestTransactions::test_create_transaction PASSED [ 62%]
Backend CI	Run tests	2026-03-17T02:40:17.9600678Z app/tests/test_payment_service.py::TestTransactions::test_complete_transaction PASSED [ 62%]
Backend CI	Run tests	2026-03-17T02:40:17.9631438Z app/tests/test_payment_service.py::TestTransactions::test_refund_rejects_over_amount PASSED [ 62%]
Backend CI	Run tests	2026-03-17T02:40:17.9672614Z app/tests/test_payment_service.py::TestTransactions::test_refund_creates_linked_transaction PASSED [ 62%]
Backend CI	Run tests	2026-03-17T02:40:17.9730432Z app/tests/test_payment_service.py::TestPaymentReports::test_summary_report_structure PASSED [ 62%]
Backend CI	Run tests	2026-03-17T02:40:17.9786326Z app/tests/test_payment_service.py::TestPaymentReports::test_summary_report_empty PASSED [ 62%]
Backend CI	Run tests	2026-03-17T02:40:17.9844993Z app/tests/test_payment_service.py::TestPaymentReports::test_report_by_method PASSED [ 62%]
Backend CI	Run tests	2026-03-17T02:40:17.9882573Z app/tests/test_payment_service.py::TestPaymentReports::test_export_masks_references PASSED [ 62%]
Backend CI	Run tests	2026-03-17T02:40:17.9898363Z app/tests/test_payment_service.py::TestSecurityHelpers::test_mask_reference_long PASSED [ 62%]
Backend CI	Run tests	2026-03-17T02:40:17.9914113Z app/tests/test_payment_service.py::TestSecurityHelpers::test_mask_reference_short PASSED [ 62%]
Backend CI	Run tests	2026-03-17T02:40:17.9929277Z app/tests/test_payment_service.py::TestSecurityHelpers::test_mask_reference_none PASSED [ 62%]
Backend CI	Run tests	2026-03-17T02:40:17.9945203Z app/tests/test_payment_service.py::TestSecurityHelpers::test_mask_gateway_response_strips_sensitive PASSED [ 62%]
Backend CI	Run tests	2026-03-17T02:40:17.9960284Z app/tests/test_payment_service.py::TestSecurityHelpers::test_mask_gateway_response_nested PASSED [ 62%]
Backend CI	Run tests	2026-03-17T02:40:17.9978291Z app/tests/test_payment_service.py::TestSecurityHelpers::test_mask_gateway_response_none PASSED [ 62%]
Backend CI	Run tests	2026-03-17T02:40:18.0024899Z app/tests/test_paystack_service.py::TestCreateCustomer::test_success PASSED [ 62%]
Backend CI	Run tests	2026-03-17T02:40:18.0067845Z app/tests/test_paystack_service.py::TestCreateCustomer::test_success_without_phone PASSED [ 62%]
Backend CI	Run tests	2026-03-17T02:40:18.0110635Z app/tests/test_paystack_service.py::TestCreateCustomer::test_non_200_returns_none PASSED [ 62%]
Backend CI	Run tests	2026-03-17T02:40:18.0154077Z app/tests/test_paystack_service.py::TestCreateCustomer::test_status_false_returns_none PASSED [ 62%]
Backend CI	Run tests	2026-03-17T02:40:18.0197187Z app/tests/test_paystack_service.py::TestCreateCustomer::test_server_error_returns_none PASSED [ 62%]
Backend CI	Run tests	2026-03-17T02:40:18.0241120Z app/tests/test_paystack_service.py::TestInitializeTransaction::test_success PASSED [ 62%]
Backend CI	Run tests	2026-03-17T02:40:18.0285188Z app/tests/test_paystack_service.py::TestInitializeTransaction::test_with_plan_code PASSED [ 62%]
Backend CI	Run tests	2026-03-17T02:40:18.0343275Z app/tests/test_paystack_service.py::TestInitializeTransaction::test_without_plan_code_no_plan_key PASSED [ 62%]
Backend CI	Run tests	2026-03-17T02:40:18.0386056Z app/tests/test_paystack_service.py::TestInitializeTransaction::test_with_metadata PASSED [ 62%]
Backend CI	Run tests	2026-03-17T02:40:18.0429475Z app/tests/test_paystack_service.py::TestInitializeTransaction::test_default_metadata_empty_dict PASSED [ 62%]
Backend CI	Run tests	2026-03-17T02:40:18.0472480Z app/tests/test_paystack_service.py::TestInitializeTransaction::test_currency_is_zar PASSED [ 62%]
Backend CI	Run tests	2026-03-17T02:40:18.0515834Z app/tests/test_paystack_service.py::TestInitializeTransaction::test_non_200_returns_none PASSED [ 62%]
Backend CI	Run tests	2026-03-17T02:40:18.0559346Z app/tests/test_paystack_service.py::TestInitializeTransaction::test_status_false_returns_none PASSED [ 62%]
Backend CI	Run tests	2026-03-17T02:40:18.0603677Z app/tests/test_paystack_service.py::TestVerifyTransaction::test_success PASSED [ 62%]
Backend CI	Run tests	2026-03-17T02:40:18.0647665Z app/tests/test_paystack_service.py::TestVerifyTransaction::test_non_200_returns_none PASSED [ 62%]
Backend CI	Run tests	2026-03-17T02:40:18.0691359Z app/tests/test_paystack_service.py::TestVerifyTransaction::test_status_false_returns_none PASSED [ 62%]
Backend CI	Run tests	2026-03-17T02:40:18.0736038Z app/tests/test_paystack_service.py::TestCreateSubscription::test_success PASSED [ 62%]
Backend CI	Run tests	2026-03-17T02:40:18.0779850Z app/tests/test_paystack_service.py::TestCreateSubscription::test_with_start_date PASSED [ 62%]
Backend CI	Run tests	2026-03-17T02:40:18.0838935Z app/tests/test_paystack_service.py::TestCreateSubscription::test_non_200_returns_none PASSED [ 62%]
Backend CI	Run tests	2026-03-17T02:40:18.0881517Z app/tests/test_paystack_service.py::TestCreateSubscription::test_status_false_returns_none PASSED [ 62%]
Backend CI	Run tests	2026-03-17T02:40:18.0924872Z app/tests/test_paystack_service.py::TestCancelSubscription::test_success PASSED [ 62%]
Backend CI	Run tests	2026-03-17T02:40:18.0967810Z app/tests/test_paystack_service.py::TestCancelSubscription::test_non_200_returns_false PASSED [ 62%]
Backend CI	Run tests	2026-03-17T02:40:18.1011083Z app/tests/test_paystack_service.py::TestCancelSubscription::test_200_but_status_false_returns_false PASSED [ 62%]
Backend CI	Run tests	2026-03-17T02:40:18.1054542Z app/tests/test_paystack_service.py::TestGetSubscription::test_success PASSED [ 63%]
Backend CI	Run tests	2026-03-17T02:40:18.1098044Z app/tests/test_paystack_service.py::TestGetSubscription::test_non_200_returns_none PASSED [ 63%]
Backend CI	Run tests	2026-03-17T02:40:18.1141558Z app/tests/test_paystack_service.py::TestGetSubscription::test_status_false_returns_none PASSED [ 63%]
Backend CI	Run tests	2026-03-17T02:40:18.1185623Z app/tests/test_paystack_service.py::TestCreatePlan::test_success_200 PASSED [ 63%]
Backend CI	Run tests	2026-03-17T02:40:18.1228567Z app/tests/test_paystack_service.py::TestCreatePlan::test_success_201 PASSED [ 63%]
Backend CI	Run tests	2026-03-17T02:40:18.1287821Z app/tests/test_paystack_service.py::TestCreatePlan::test_with_description PASSED [ 63%]
Backend CI	Run tests	2026-03-17T02:40:18.1331496Z app/tests/test_paystack_service.py::TestCreatePlan::test_non_200_201_returns_none PASSED [ 63%]
Backend CI	Run tests	2026-03-17T02:40:18.1375098Z app/tests/test_paystack_service.py::TestCreatePlan::test_status_false_returns_none PASSED [ 63%]
Backend CI	Run tests	2026-03-17T02:40:18.1392085Z app/tests/test_paystack_service.py::TestVerifyWebhookSignature::test_valid_signature PASSED [ 63%]
Backend CI	Run tests	2026-03-17T02:40:18.1408378Z app/tests/test_paystack_service.py::TestVerifyWebhookSignature::test_invalid_signature PASSED [ 63%]
Backend CI	Run tests	2026-03-17T02:40:18.1424607Z app/tests/test_paystack_service.py::TestVerifyWebhookSignature::test_empty_secret_key_returns_false PASSED [ 63%]
Backend CI	Run tests	2026-03-17T02:40:18.1440542Z app/tests/test_paystack_service.py::TestVerifyWebhookSignature::test_tampered_payload PASSED [ 63%]
Backend CI	Run tests	2026-03-17T02:40:18.1456388Z app/tests/test_paystack_service.py::TestGenerateReference::test_default_prefix PASSED [ 63%]
Backend CI	Run tests	2026-03-17T02:40:18.1471644Z app/tests/test_paystack_service.py::TestGenerateReference::test_custom_prefix PASSED [ 63%]
Backend CI	Run tests	2026-03-17T02:40:18.1494260Z app/tests/test_paystack_service.py::TestGenerateReference::test_format_matches_pattern PASSED [ 63%]
Backend CI	Run tests	2026-03-17T02:40:18.1515553Z app/tests/test_paystack_service.py::TestGenerateReference::test_uniqueness PASSED [ 63%]
Backend CI	Run tests	2026-03-17T02:40:18.1531097Z app/tests/test_paystack_service.py::TestGenerateReference::test_contains_three_parts PASSED [ 63%]
Backend CI	Run tests	2026-03-17T02:40:18.1546411Z app/tests/test_paystack_service.py::TestPydanticModels::test_paystack_customer PASSED [ 63%]
Backend CI	Run tests	2026-03-17T02:40:18.1561303Z app/tests/test_paystack_service.py::TestPydanticModels::test_paystack_transaction PASSED [ 63%]
Backend CI	Run tests	2026-03-17T02:40:18.1579793Z app/tests/test_paystack_service.py::TestServiceHeaders::test_headers_contain_bearer_token PASSED [ 63%]
Backend CI	Run tests	2026-03-17T02:40:18.3754808Z app/tests/test_pdf.py::test_generate_pdf_from_valid_html_returns_bytes_starting_with_pdf_marker FAILED [ 63%]
Backend CI	Run tests	2026-03-17T02:40:18.3940433Z app/tests/test_pdf.py::test_render_template_produces_non_empty_html PASSED [ 63%]
Backend CI	Run tests	2026-03-17T02:40:18.3973774Z app/tests/test_pdf.py::test_generate_pdf_runs_in_thread_pool_not_blocking_event_loop PASSED [ 63%]
Backend CI	Run tests	2026-03-17T02:40:18.5662588Z app/tests/test_pdf.py::test_invoice_pdf_service_returns_correct_data FAILED [ 63%]
Backend CI	Run tests	2026-03-17T02:40:18.5706323Z app/tests/test_pdf.py::test_invoice_pdf_service_raises_404_for_invalid_invoice PASSED [ 63%]
Backend CI	Run tests	2026-03-17T02:40:18.5727132Z app/tests/test_pdf.py::test_invalid_template_name_raises_template_not_found_error PASSED [ 63%]
Backend CI	Run tests	2026-03-17T02:40:18.7230956Z app/tests/test_pdf.py::test_cashup_pdf_contains_all_required_financial_fields FAILED [ 63%]
Backend CI	Run tests	2026-03-17T02:40:18.8702194Z app/tests/test_pdf.py::test_purchase_order_pdf_service_returns_correct_data FAILED [ 63%]
Backend CI	Run tests	2026-03-17T02:40:18.9819354Z app/tests/test_pdf.py::test_invoice_pdf_endpoint_returns_200_with_pdf_content_type FAILED [ 63%]
Backend CI	Run tests	2026-03-17T02:40:18.9849193Z app/tests/test_petty_cash_service.py::TestFundManagement::test_create_fund PASSED [ 63%]
Backend CI	Run tests	2026-03-17T02:40:18.9876627Z app/tests/test_petty_cash_service.py::TestFundManagement::test_create_fund_with_custodian PASSED [ 63%]
Backend CI	Run tests	2026-03-17T02:40:18.9909010Z app/tests/test_petty_cash_service.py::TestFundManagement::test_get_fund PASSED [ 63%]
Backend CI	Run tests	2026-03-17T02:40:18.9937126Z app/tests/test_petty_cash_service.py::TestFundManagement::test_get_fund_not_found PASSED [ 63%]
Backend CI	Run tests	2026-03-17T02:40:18.9979823Z app/tests/test_petty_cash_service.py::TestFundManagement::test_list_funds_pagination PASSED [ 63%]
Backend CI	Run tests	2026-03-17T02:40:19.0007671Z app/tests/test_petty_cash_service.py::TestCategoryManagement::test_create_category PASSED [ 63%]
Backend CI	Run tests	2026-03-17T02:40:19.0034888Z app/tests/test_petty_cash_service.py::TestCategoryManagement::test_create_category_with_gl_code PASSED [ 63%]
Backend CI	Run tests	2026-03-17T02:40:19.0067723Z app/tests/test_petty_cash_service.py::TestCategoryManagement::test_list_categories PASSED [ 63%]
Backend CI	Run tests	2026-03-17T02:40:19.0121866Z app/tests/test_petty_cash_service.py::TestExpenseOperations::test_submit_expense PASSED [ 63%]
Backend CI	Run tests	2026-03-17T02:40:19.0153418Z app/tests/test_petty_cash_service.py::TestExpenseOperations::test_submit_expense_inactive_fund_raises PASSED [ 63%]
Backend CI	Run tests	2026-03-17T02:40:19.0188936Z app/tests/test_petty_cash_service.py::TestExpenseOperations::test_submit_expense_fund_not_found_raises PASSED [ 63%]
Backend CI	Run tests	2026-03-17T02:40:19.0232289Z app/tests/test_petty_cash_service.py::TestExpenseOperations::test_approve_expense_deducts_balance PASSED [ 63%]
Backend CI	Run tests	2026-03-17T02:40:19.0275537Z app/tests/test_petty_cash_service.py::TestExpenseOperations::test_approve_expense_insufficient_balance_raises PASSED [ 63%]
Backend CI	Run tests	2026-03-17T02:40:19.0313813Z app/tests/test_petty_cash_service.py::TestExpenseOperations::test_approve_non_pending_raises PASSED [ 64%]
Backend CI	Run tests	2026-03-17T02:40:19.0352014Z app/tests/test_petty_cash_service.py::TestExpenseOperations::test_reject_expense PASSED [ 64%]
Backend CI	Run tests	2026-03-17T02:40:19.0384043Z app/tests/test_petty_cash_service.py::TestExpenseOperations::test_reject_non_pending_raises PASSED [ 64%]
Backend CI	Run tests	2026-03-17T02:40:19.0430245Z app/tests/test_petty_cash_service.py::TestExpenseOperations::test_list_expenses_with_status_filter PASSED [ 64%]
Backend CI	Run tests	2026-03-17T02:40:19.0485535Z app/tests/test_petty_cash_service.py::TestReplenishment::test_replenish_increases_balance PASSED [ 64%]
Backend CI	Run tests	2026-03-17T02:40:19.0526295Z app/tests/test_petty_cash_service.py::TestDisbursement::test_create_disbursement PASSED [ 64%]
Backend CI	Run tests	2026-03-17T02:40:19.0563315Z app/tests/test_petty_cash_service.py::TestDisbursement::test_complete_disbursement PASSED [ 64%]
Backend CI	Run tests	2026-03-17T02:40:19.0591851Z app/tests/test_petty_cash_service.py::TestReceiptManagement::test_add_receipt PASSED [ 64%]
Backend CI	Run tests	2026-03-17T02:40:19.0629736Z app/tests/test_petty_cash_service.py::TestReceiptManagement::test_validate_receipt PASSED [ 64%]
Backend CI	Run tests	2026-03-17T02:40:19.0675616Z app/tests/test_petty_cash_service.py::TestReconciliation::test_create_reconciliation_calculates_variance PASSED [ 64%]
Backend CI	Run tests	2026-03-17T02:40:19.0716424Z app/tests/test_petty_cash_service.py::TestReconciliation::test_approve_reconciliation_variance PASSED [ 64%]
Backend CI	Run tests	2026-03-17T02:40:19.1409670Z app/tests/test_pin_service.py::TestHashAndVerify::test_hash_pin_returns_string PASSED [ 64%]
Backend CI	Run tests	2026-03-17T02:40:19.2774453Z app/tests/test_pin_service.py::TestHashAndVerify::test_hash_pin_different_salts PASSED [ 64%]
Backend CI	Run tests	2026-03-17T02:40:19.4138705Z app/tests/test_pin_service.py::TestHashAndVerify::test_verify_pin_correct PASSED [ 64%]
Backend CI	Run tests	2026-03-17T02:40:19.5504007Z app/tests/test_pin_service.py::TestHashAndVerify::test_verify_pin_wrong PASSED [ 64%]
Backend CI	Run tests	2026-03-17T02:40:19.5524797Z app/tests/test_pin_service.py::TestHashAndVerify::test_verify_pin_invalid_hash_returns_false PASSED [ 64%]
Backend CI	Run tests	2026-03-17T02:40:19.5564041Z app/tests/test_pin_service.py::TestHashAndVerify::test_verify_pin_empty_hash_returns_false PASSED [ 64%]
Backend CI	Run tests	2026-03-17T02:40:19.7596538Z app/tests/test_pin_service.py::TestHashAndVerify::test_verify_six_digit_pin PASSED [ 64%]
Backend CI	Run tests	2026-03-17T02:40:19.7616483Z app/tests/test_pin_service.py::TestValidatePinFormat::test_valid_pins[1234] PASSED [ 64%]
Backend CI	Run tests	2026-03-17T02:40:19.7635425Z app/tests/test_pin_service.py::TestValidatePinFormat::test_valid_pins[12345] PASSED [ 64%]
Backend CI	Run tests	2026-03-17T02:40:19.7653508Z app/tests/test_pin_service.py::TestValidatePinFormat::test_valid_pins[123456] PASSED [ 64%]
Backend CI	Run tests	2026-03-17T02:40:19.7672180Z app/tests/test_pin_service.py::TestValidatePinFormat::test_valid_pins[0000] PASSED [ 64%]
Backend CI	Run tests	2026-03-17T02:40:19.7691219Z app/tests/test_pin_service.py::TestValidatePinFormat::test_valid_pins[9999] PASSED [ 64%]
Backend CI	Run tests	2026-03-17T02:40:19.7711807Z app/tests/test_pin_service.py::TestValidatePinFormat::test_invalid_pins[123-too short \u2013 3 digits] PASSED [ 64%]
Backend CI	Run tests	2026-03-17T02:40:19.7732199Z app/tests/test_pin_service.py::TestValidatePinFormat::test_invalid_pins[1234567-too long \u2013 7 digits] PASSED [ 64%]
Backend CI	Run tests	2026-03-17T02:40:19.7752376Z app/tests/test_pin_service.py::TestValidatePinFormat::test_invalid_pins[-empty string] PASSED [ 64%]
Backend CI	Run tests	2026-03-17T02:40:19.7773107Z app/tests/test_pin_service.py::TestValidatePinFormat::test_invalid_pins[abcd-letters] PASSED [ 64%]
Backend CI	Run tests	2026-03-17T02:40:19.7793487Z app/tests/test_pin_service.py::TestValidatePinFormat::test_invalid_pins[12ab-mixed alphanumeric] PASSED [ 64%]
Backend CI	Run tests	2026-03-17T02:40:19.7813726Z app/tests/test_pin_service.py::TestValidatePinFormat::test_invalid_pins[12 34-contains space] PASSED [ 64%]
Backend CI	Run tests	2026-03-17T02:40:19.7834321Z app/tests/test_pin_service.py::TestValidatePinFormat::test_invalid_pins[123!-special character] PASSED [ 64%]
Backend CI	Run tests	2026-03-17T02:40:19.7855085Z app/tests/test_pin_service.py::TestValidatePinFormat::test_invalid_pins[12.34-decimal point] PASSED [ 64%]
Backend CI	Run tests	2026-03-17T02:40:19.8586043Z app/tests/test_pin_service.py::TestSetPin::test_set_pin_success_4_digit PASSED [ 64%]
Backend CI	Run tests	2026-03-17T02:40:19.9318231Z app/tests/test_pin_service.py::TestSetPin::test_set_pin_success_5_digit PASSED [ 64%]
Backend CI	Run tests	2026-03-17T02:40:20.0050031Z app/tests/test_pin_service.py::TestSetPin::test_set_pin_success_6_digit PASSED [ 64%]
Backend CI	Run tests	2026-03-17T02:40:20.0071251Z app/tests/test_pin_service.py::TestSetPin::test_set_pin_invalid_format_too_short PASSED [ 64%]
Backend CI	Run tests	2026-03-17T02:40:20.0092086Z app/tests/test_pin_service.py::TestSetPin::test_set_pin_invalid_format_too_long PASSED [ 64%]
Backend CI	Run tests	2026-03-17T02:40:20.0110664Z app/tests/test_pin_service.py::TestSetPin::test_set_pin_invalid_format_letters PASSED [ 64%]
Backend CI	Run tests	2026-03-17T02:40:20.0129101Z app/tests/test_pin_service.py::TestSetPin::test_set_pin_invalid_format_empty PASSED [ 64%]
Backend CI	Run tests	2026-03-17T02:40:20.0161299Z app/tests/test_pin_service.py::TestSetPin::test_set_pin_user_not_found PASSED [ 64%]
Backend CI	Run tests	2026-03-17T02:40:20.1560078Z app/tests/test_pin_service.py::TestSetPin::test_set_pin_stores_bcrypt_hash PASSED [ 64%]
Backend CI	Run tests	2026-03-17T02:40:20.2960821Z app/tests/test_pin_service.py::TestAuthenticateByPin::test_match_returns_user PASSED [ 64%]
Backend CI	Run tests	2026-03-17T02:40:20.4359551Z app/tests/test_pin_service.py::TestAuthenticateByPin::test_wrong_pin_returns_none PASSED [ 64%]
Backend CI	Run tests	2026-03-17T02:40:20.4391838Z app/tests/test_pin_service.py::TestAuthenticateByPin::test_no_users_returns_none PASSED [ 65%]
Backend CI	Run tests	2026-03-17T02:40:20.5134889Z app/tests/test_pin_service.py::TestAuthenticateByPin::test_skips_locked_out_user PASSED [ 65%]
Backend CI	Run tests	2026-03-17T02:40:20.7891847Z app/tests/test_pin_service.py::TestAuthenticateByPin::test_matches_second_user_when_first_wrong PASSED [ 65%]
Backend CI	Run tests	2026-03-17T02:40:20.9293180Z app/tests/test_pin_service.py::TestAuthenticateByPin::test_clears_failed_attempts_on_success PASSED [ 65%]
Backend CI	Run tests	2026-03-17T02:40:21.1383214Z app/tests/test_pin_service.py::TestAuthenticateByPin::test_skips_locked_falls_through_to_unlocked PASSED [ 65%]
Backend CI	Run tests	2026-03-17T02:40:21.2784536Z app/tests/test_pin_service.py::TestAuthenticateUserByPin::test_success PASSED [ 65%]
Backend CI	Run tests	2026-03-17T02:40:21.4182643Z app/tests/test_pin_service.py::TestAuthenticateUserByPin::test_wrong_pin_returns_none_and_records_attempt PASSED [ 65%]
Backend CI	Run tests	2026-03-17T02:40:21.4206191Z app/tests/test_pin_service.py::TestAuthenticateUserByPin::test_locked_out_returns_none_without_querying PASSED [ 65%]
Backend CI	Run tests	2026-03-17T02:40:21.4237318Z app/tests/test_pin_service.py::TestAuthenticateUserByPin::test_user_not_found_returns_none PASSED [ 65%]
Backend CI	Run tests	2026-03-17T02:40:21.5636002Z app/tests/test_pin_service.py::TestAuthenticateUserByPin::test_clears_attempts_on_success PASSED [ 65%]
Backend CI	Run tests	2026-03-17T02:40:21.8376938Z app/tests/test_pin_service.py::TestAuthenticateUserByPin::test_increments_attempts_on_each_failure PASSED [ 65%]
Backend CI	Run tests	2026-03-17T02:40:22.2464483Z app/tests/test_pin_service.py::TestAuthenticateUserByPin::test_locks_out_after_max_attempts PASSED [ 65%]
Backend CI	Run tests	2026-03-17T02:40:22.3211653Z app/tests/test_pin_service.py::TestRemovePin::test_remove_pin_success PASSED [ 65%]
Backend CI	Run tests	2026-03-17T02:40:22.3243561Z app/tests/test_pin_service.py::TestRemovePin::test_remove_pin_user_not_found PASSED [ 65%]
Backend CI	Run tests	2026-03-17T02:40:22.3262311Z app/tests/test_pin_service.py::TestIsLockedOut::test_not_locked_when_cache_empty PASSED [ 65%]
Backend CI	Run tests	2026-03-17T02:40:22.3280960Z app/tests/test_pin_service.py::TestIsLockedOut::test_locked_within_window PASSED [ 65%]
Backend CI	Run tests	2026-03-17T02:40:22.3299542Z app/tests/test_pin_service.py::TestIsLockedOut::test_not_locked_after_expiry PASSED [ 65%]
Backend CI	Run tests	2026-03-17T02:40:22.3318159Z app/tests/test_pin_service.py::TestIsLockedOut::test_not_locked_with_attempts_below_threshold PASSED [ 65%]
Backend CI	Run tests	2026-03-17T02:40:22.3336913Z app/tests/test_pin_service.py::TestGetLockoutInfo::test_no_info_when_cache_empty PASSED [ 65%]
Backend CI	Run tests	2026-03-17T02:40:22.3356823Z app/tests/test_pin_service.py::TestGetLockoutInfo::test_locked_with_remaining_seconds PASSED [ 65%]
Backend CI	Run tests	2026-03-17T02:40:22.3375229Z app/tests/test_pin_service.py::TestGetLockoutInfo::test_not_locked_after_expiry PASSED [ 65%]
Backend CI	Run tests	2026-03-17T02:40:22.3393495Z app/tests/test_pin_service.py::TestGetLockoutInfo::test_attempts_shown_when_not_locked PASSED [ 65%]
Backend CI	Run tests	2026-03-17T02:40:22.3414449Z app/tests/test_pin_service.py::TestManagerUnlock::test_unlock_locked_user PASSED [ 65%]
Backend CI	Run tests	2026-03-17T02:40:22.3433001Z app/tests/test_pin_service.py::TestManagerUnlock::test_unlock_not_in_cache PASSED [ 65%]
Backend CI	Run tests	2026-03-17T02:40:22.3451461Z app/tests/test_pin_service.py::TestManagerUnlock::test_unlock_with_attempts_but_no_lock PASSED [ 65%]
Backend CI	Run tests	2026-03-17T02:40:22.3468650Z app/tests/test_pin_service.py::TestLockoutMechanics::test_record_increments_count PASSED [ 65%]
Backend CI	Run tests	2026-03-17T02:40:22.3485822Z app/tests/test_pin_service.py::TestLockoutMechanics::test_lockout_set_at_max_attempts PASSED [ 65%]
Backend CI	Run tests	2026-03-17T02:40:22.3502391Z app/tests/test_pin_service.py::TestLockoutMechanics::test_no_lockout_below_max PASSED [ 65%]
Backend CI	Run tests	2026-03-17T02:40:22.3519133Z app/tests/test_pin_service.py::TestLockoutMechanics::test_clear_removes_entry PASSED [ 65%]
Backend CI	Run tests	2026-03-17T02:40:22.3535786Z app/tests/test_pin_service.py::TestLockoutMechanics::test_clear_nonexistent_is_noop PASSED [ 65%]
Backend CI	Run tests	2026-03-17T02:40:22.3552550Z app/tests/test_pin_service.py::TestLockoutMechanics::test_expired_lockout_auto_cleans PASSED [ 65%]
Backend CI	Run tests	2026-03-17T02:40:22.3571994Z app/tests/test_pin_service.py::TestLockoutMechanics::test_constants PASSED [ 65%]
Backend CI	Run tests	2026-03-17T02:40:22.3605900Z app/tests/test_pms_service.py::TestConnections::test_create PASSED       [ 65%]
Backend CI	Run tests	2026-03-17T02:40:22.3643694Z app/tests/test_pms_service.py::TestConnections::test_get PASSED          [ 65%]
Backend CI	Run tests	2026-03-17T02:40:22.3677258Z app/tests/test_pms_service.py::TestConnections::test_get_not_found PASSED [ 65%]
Backend CI	Run tests	2026-03-17T02:40:22.3713518Z app/tests/test_pms_service.py::TestConnections::test_list PASSED         [ 65%]
Backend CI	Run tests	2026-03-17T02:40:22.3762613Z app/tests/test_pms_service.py::TestConnections::test_update PASSED       [ 65%]
Backend CI	Run tests	2026-03-17T02:40:22.3808411Z app/tests/test_pms_service.py::TestConnections::test_update_not_found PASSED [ 65%]
Backend CI	Run tests	2026-03-17T02:40:22.3853714Z app/tests/test_pms_service.py::TestConnections::test_delete PASSED       [ 65%]
Backend CI	Run tests	2026-03-17T02:40:22.3886788Z app/tests/test_pms_service.py::TestConnections::test_delete_not_found PASSED [ 65%]
Backend CI	Run tests	2026-03-17T02:40:22.3918966Z app/tests/test_pms_service.py::TestCharges::test_create PASSED           [ 65%]
Backend CI	Run tests	2026-03-17T02:40:22.3954990Z app/tests/test_pms_service.py::TestCharges::test_get PASSED              [ 65%]
Backend CI	Run tests	2026-03-17T02:40:22.3990274Z app/tests/test_pms_service.py::TestCharges::test_list PASSED             [ 65%]
Backend CI	Run tests	2026-03-17T02:40:22.4026574Z app/tests/test_pms_service.py::TestCharges::test_list_with_filters PASSED [ 66%]
Backend CI	Run tests	2026-03-17T02:40:22.4089544Z app/tests/test_pms_service.py::TestReversals::test_create_reversal PASSED [ 66%]
Backend CI	Run tests	2026-03-17T02:40:22.4126331Z app/tests/test_pms_service.py::TestReversals::test_reversal_not_posted PASSED [ 66%]
Backend CI	Run tests	2026-03-17T02:40:22.4158681Z app/tests/test_pms_service.py::TestReversals::test_reversal_charge_not_found PASSED [ 66%]
Backend CI	Run tests	2026-03-17T02:40:22.4193693Z app/tests/test_pms_service.py::TestGuests::test_search PASSED            [ 66%]
Backend CI	Run tests	2026-03-17T02:40:22.4228555Z app/tests/test_pms_service.py::TestGuests::test_search_by_room PASSED    [ 66%]
Backend CI	Run tests	2026-03-17T02:40:22.4260644Z app/tests/test_pms_service.py::TestReconciliation::test_start PASSED     [ 66%]
Backend CI	Run tests	2026-03-17T02:40:22.4297197Z app/tests/test_pms_service.py::TestReconciliation::test_get_session PASSED [ 66%]
Backend CI	Run tests	2026-03-17T02:40:22.4339767Z app/tests/test_pms_service.py::TestReconciliation::test_resolve_item PASSED [ 66%]
Backend CI	Run tests	2026-03-17T02:40:22.4389216Z app/tests/test_pms_service.py::TestReconciliation::test_resolve_not_found PASSED [ 66%]
Backend CI	Run tests	2026-03-17T02:40:22.4423838Z app/tests/test_pms_service.py::TestAuditLogs::test_list PASSED           [ 66%]
Backend CI	Run tests	2026-03-17T02:40:22.4461990Z app/tests/test_pms_service.py::TestAuditLogs::test_list_filtered PASSED  [ 66%]
Backend CI	Run tests	2026-03-17T02:40:22.9896297Z app/tests/test_pricing_consistency_integration.py::TestPricingConsistencyIntegration::test_marketing_page_pricing_matches_backend_tiers_exactly FAILED [ 66%]
Backend CI	Run tests	2026-03-17T02:40:23.5505174Z app/tests/test_pricing_consistency_integration.py::TestPricingConsistencyIntegration::test_enterprise_tier_custom_pricing_display FAILED [ 66%]
Backend CI	Run tests	2026-03-17T02:40:24.0985974Z app/tests/test_pricing_consistency_integration.py::TestPricingConsistencyIntegration::test_billing_settings_show_identical_pricing_to_marketing_page PASSED [ 66%]
Backend CI	Run tests	2026-03-17T02:40:24.6285758Z app/tests/test_pricing_consistency_integration.py::TestPricingConsistencyIntegration::test_billing_cycle_calculations_consistency PASSED [ 66%]
Backend CI	Run tests	2026-03-17T02:40:25.1467475Z app/tests/test_pricing_consistency_integration.py::TestPricingConsistencyIntegration::test_payment_processing_uses_correct_pricing_amounts PASSED [ 66%]
Backend CI	Run tests	2026-03-17T02:40:25.6817164Z app/tests/test_pricing_consistency_integration.py::TestPricingConsistencyIntegration::test_tier_upgrade_downgrade_pricing_consistency PASSED [ 66%]
Backend CI	Run tests	2026-03-17T02:40:26.2334459Z app/tests/test_pricing_consistency_integration.py::TestPricingConsistencyIntegration::test_enterprise_tier_displays_contact_sales_consistently FAILED [ 66%]
Backend CI	Run tests	2026-03-17T02:40:26.7496531Z app/tests/test_pricing_consistency_integration.py::TestPricingConsistencyIntegration::test_all_pricing_sources_return_identical_data PASSED [ 66%]
Backend CI	Run tests	2026-03-17T02:40:27.2306563Z app/tests/test_pricing_consistency_integration.py::TestPricingConsistencyIntegration::test_pricing_configuration_validation PASSED [ 66%]
Backend CI	Run tests	2026-03-17T02:40:27.7438960Z app/tests/test_pricing_consistency_integration.py::TestPricingConsistencyIntegration::test_enterprise_contact_sales_flow_integration FAILED [ 66%]
Backend CI	Run tests	2026-03-17T02:40:27.7454233Z app/tests/test_pricing_consistency_unit.py::TestPricingConsistencyUnit::test_subscription_tiers_structure PASSED [ 66%]
Backend CI	Run tests	2026-03-17T02:40:27.7469119Z app/tests/test_pricing_consistency_unit.py::TestPricingConsistencyUnit::test_pilot_solo_pricing PASSED [ 66%]
Backend CI	Run tests	2026-03-17T02:40:27.7484224Z app/tests/test_pricing_consistency_unit.py::TestPricingConsistencyUnit::test_pilot_lite_pricing PASSED [ 66%]
Backend CI	Run tests	2026-03-17T02:40:27.7498863Z app/tests/test_pricing_consistency_unit.py::TestPricingConsistencyUnit::test_pilot_core_pricing PASSED [ 66%]
Backend CI	Run tests	2026-03-17T02:40:27.7513771Z app/tests/test_pricing_consistency_unit.py::TestPricingConsistencyUnit::test_pilot_pro_pricing PASSED [ 66%]
Backend CI	Run tests	2026-03-17T02:40:27.7528563Z app/tests/test_pricing_consistency_unit.py::TestPricingConsistencyUnit::test_enterprise_pricing PASSED [ 66%]
Backend CI	Run tests	2026-03-17T02:40:27.7543711Z app/tests/test_pricing_consistency_unit.py::TestPricingConsistencyUnit::test_tier_sort_order PASSED [ 66%]
Backend CI	Run tests	2026-03-17T02:40:27.7558751Z app/tests/test_pricing_consistency_unit.py::TestPricingConsistencyUnit::test_feature_flags_progression PASSED [ 66%]
Backend CI	Run tests	2026-03-17T02:40:27.7573762Z app/tests/test_pricing_consistency_unit.py::TestPricingConsistencyUnit::test_pricing_utility_format_price PASSED [ 66%]
Backend CI	Run tests	2026-03-17T02:40:27.7588449Z app/tests/test_pricing_consistency_unit.py::TestPricingConsistencyUnit::test_pricing_utility_yearly_savings PASSED [ 66%]
Backend CI	Run tests	2026-03-17T02:40:27.7603310Z app/tests/test_pricing_consistency_unit.py::TestPricingConsistencyUnit::test_pricing_utility_get_price_for_cycle PASSED [ 66%]
Backend CI	Run tests	2026-03-17T02:40:27.7618472Z app/tests/test_pricing_consistency_unit.py::TestPricingConsistencyUnit::test_pricing_utility_format_price_with_cycle PASSED [ 66%]
Backend CI	Run tests	2026-03-17T02:40:27.7633285Z app/tests/test_pricing_consistency_unit.py::TestPricingConsistencyUnit::test_pricing_utility_get_tier_by_id PASSED [ 66%]
Backend CI	Run tests	2026-03-17T02:40:27.7648008Z app/tests/test_pricing_consistency_unit.py::TestPricingConsistencyUnit::test_pricing_utility_get_default_tier PASSED [ 66%]
Backend CI	Run tests	2026-03-17T02:40:27.7662922Z app/tests/test_pricing_consistency_unit.py::TestPricingConsistencyUnit::test_pricing_utility_has_custom_pricing PASSED [ 66%]
Backend CI	Run tests	2026-03-17T02:40:27.7677926Z app/tests/test_pricing_consistency_unit.py::TestPricingConsistencyUnit::test_pricing_utility_get_active_tiers PASSED [ 66%]
Backend CI	Run tests	2026-03-17T02:40:27.7692633Z app/tests/test_pricing_consistency_unit.py::TestPricingConsistencyUnit::test_currency_consistency PASSED [ 66%]
Backend CI	Run tests	2026-03-17T02:40:27.7707797Z app/tests/test_pricing_consistency_unit.py::TestPricingConsistencyUnit::test_feature_limits_consistency PASSED [ 66%]
Backend CI	Run tests	2026-03-17T02:40:27.7722946Z app/tests/test_pricing_consistency_unit.py::TestPricingConsistencyUnit::test_pricing_amounts_match_requirements PASSED [ 66%]
Backend CI	Run tests	2026-03-17T02:40:27.7748068Z app/tests/test_pricing_consistency_unit.py::TestPricingConsistencyUnit::test_backend_pricing_consistency_with_shared_config PASSED [ 66%]
Backend CI	Run tests	2026-03-17T02:40:27.7762910Z app/tests/test_pricing_consistency_unit.py::TestPricingConsistencyUnit::test_payment_processing_amounts PASSED [ 67%]
Backend CI	Run tests	2026-03-17T02:40:27.7777462Z app/tests/test_pricing_consistency_unit.py::TestPricingConsistencyUnit::test_tier_upgrade_downgrade_logic PASSED [ 67%]
Backend CI	Run tests	2026-03-17T02:40:27.7795256Z app/tests/test_pricing_consistency_unit.py::TestPricingConsistencyUnit::test_enterprise_tier_features PASSED [ 67%]
Backend CI	Run tests	2026-03-17T02:40:27.7850846Z app/tests/test_product_service.py::TestGetProduct::test_get_product_found PASSED [ 67%]
Backend CI	Run tests	2026-03-17T02:40:27.7887748Z app/tests/test_product_service.py::TestGetProduct::test_get_product_not_found PASSED [ 67%]
Backend CI	Run tests	2026-03-17T02:40:27.7955858Z app/tests/test_product_service.py::TestGetProducts::test_basic_pagination PASSED [ 67%]
Backend CI	Run tests	2026-03-17T02:40:27.7994975Z app/tests/test_product_service.py::TestGetProducts::test_pagination_page_two PASSED [ 67%]
Backend CI	Run tests	2026-03-17T02:40:27.8051196Z app/tests/test_product_service.py::TestGetProducts::test_search_filter PASSED [ 67%]
Backend CI	Run tests	2026-03-17T02:40:27.8089113Z app/tests/test_product_service.py::TestGetProducts::test_category_filter PASSED [ 67%]
Backend CI	Run tests	2026-03-17T02:40:27.8128453Z app/tests/test_product_service.py::TestGetProducts::test_status_filter PASSED [ 67%]
Backend CI	Run tests	2026-03-17T02:40:27.8168076Z app/tests/test_product_service.py::TestGetProducts::test_price_range_filter PASSED [ 67%]
Backend CI	Run tests	2026-03-17T02:40:27.8207767Z app/tests/test_product_service.py::TestGetProducts::test_low_stock_filter PASSED [ 67%]
Backend CI	Run tests	2026-03-17T02:40:27.8246451Z app/tests/test_product_service.py::TestGetProducts::test_empty_results PASSED [ 67%]
Backend CI	Run tests	2026-03-17T02:40:27.8279037Z app/tests/test_product_service.py::TestCreateProduct::test_create_product_basic PASSED [ 67%]
Backend CI	Run tests	2026-03-17T02:40:27.8326545Z app/tests/test_product_service.py::TestCreateProduct::test_create_product_auto_inventory PASSED [ 67%]
Backend CI	Run tests	2026-03-17T02:40:27.8357402Z app/tests/test_product_service.py::TestCreateProduct::test_create_product_no_inventory_when_not_tracked PASSED [ 67%]
Backend CI	Run tests	2026-03-17T02:40:27.8421333Z app/tests/test_product_service.py::TestCreateProduct::test_create_product_with_ingredients PASSED [ 67%]
Backend CI	Run tests	2026-03-17T02:40:27.8465325Z app/tests/test_product_service.py::TestUpdateProduct::test_update_product_basic PASSED [ 67%]
Backend CI	Run tests	2026-03-17T02:40:27.8901890Z app/tests/test_product_service.py::TestUpdateProduct::test_update_product_with_ingredients FAILED [ 67%]
Backend CI	Run tests	2026-03-17T02:40:27.8942183Z app/tests/test_product_service.py::TestDeleteProduct::test_delete_product_soft PASSED [ 67%]
Backend CI	Run tests	2026-03-17T02:40:27.9004470Z app/tests/test_product_service.py::TestListProductIngredients::test_list_ingredients_ordered PASSED [ 67%]
Backend CI	Run tests	2026-03-17T02:40:27.9050404Z app/tests/test_product_service.py::TestAddProductIngredient::test_add_ingredient PASSED [ 67%]
Backend CI	Run tests	2026-03-17T02:40:27.9085992Z app/tests/test_product_service.py::TestDeleteProductIngredient::test_delete_ingredient_soft PASSED [ 67%]
Backend CI	Run tests	2026-03-17T02:40:27.9119937Z app/tests/test_product_service.py::TestBulkCreateProducts::test_bulk_create PASSED [ 67%]
Backend CI	Run tests	2026-03-17T02:40:27.9161668Z app/tests/test_product_service.py::TestBulkDeleteProducts::test_bulk_delete_success PASSED [ 67%]
Backend CI	Run tests	2026-03-17T02:40:27.9191136Z app/tests/test_product_service.py::TestBulkDeleteProducts::test_bulk_delete_exceeds_max PASSED [ 67%]
Backend CI	Run tests	2026-03-17T02:40:27.9226524Z app/tests/test_product_service.py::TestBulkDeleteProducts::test_bulk_delete_default_max PASSED [ 67%]
Backend CI	Run tests	2026-03-17T02:40:27.9266562Z app/tests/test_product_service.py::TestUpdateInventory::test_increase_quantity PASSED [ 67%]
Backend CI	Run tests	2026-03-17T02:40:27.9305633Z app/tests/test_product_service.py::TestUpdateInventory::test_decrease_quantity_floor_zero PASSED [ 67%]
Backend CI	Run tests	2026-03-17T02:40:27.9343187Z app/tests/test_product_service.py::TestUpdateInventory::test_auto_out_of_stock PASSED [ 67%]
Backend CI	Run tests	2026-03-17T02:40:27.9382000Z app/tests/test_product_service.py::TestUpdateInventory::test_auto_reactivate_from_out_of_stock PASSED [ 67%]
Backend CI	Run tests	2026-03-17T02:40:27.9420640Z app/tests/test_product_service.py::TestUpdateInventory::test_no_auto_status_when_not_tracking PASSED [ 67%]
Backend CI	Run tests	2026-03-17T02:40:27.9469264Z app/tests/test_product_service.py::TestGetCategory::test_get_category_found PASSED [ 67%]
Backend CI	Run tests	2026-03-17T02:40:27.9506956Z app/tests/test_product_service.py::TestGetCategory::test_get_category_not_found PASSED [ 67%]
Backend CI	Run tests	2026-03-17T02:40:27.9581255Z app/tests/test_product_service.py::TestGetCategories::test_list_categories PASSED [ 67%]
Backend CI	Run tests	2026-03-17T02:40:27.9618819Z app/tests/test_product_service.py::TestGetCategories::test_list_categories_with_parent PASSED [ 67%]
Backend CI	Run tests	2026-03-17T02:40:27.9647121Z app/tests/test_product_service.py::TestCreateCategory::test_create_category PASSED [ 67%]
Backend CI	Run tests	2026-03-17T02:40:27.9682074Z app/tests/test_product_service.py::TestUpdateCategory::test_update_category PASSED [ 67%]
Backend CI	Run tests	2026-03-17T02:40:27.9740006Z app/tests/test_product_service.py::TestDeleteCategory::test_delete_moves_products_to_uncategorized PASSED [ 67%]
Backend CI	Run tests	2026-03-17T02:40:27.9776996Z app/tests/test_production_service.py::TestGetProductionOrder::test_get_existing_order PASSED [ 67%]
Backend CI	Run tests	2026-03-17T02:40:27.9811827Z app/tests/test_production_service.py::TestGetProductionOrder::test_get_missing_order PASSED [ 67%]
Backend CI	Run tests	2026-03-17T02:40:27.9852069Z app/tests/test_production_service.py::TestGetProductionOrders::test_list_returns_orders_and_total PASSED [ 67%]
Backend CI	Run tests	2026-03-17T02:40:27.9902918Z app/tests/test_production_service.py::TestGetProductionOrders::test_list_empty PASSED [ 68%]
Backend CI	Run tests	2026-03-17T02:40:27.9939323Z app/tests/test_production_service.py::TestGetProductionOrders::test_list_with_status_filter PASSED [ 68%]
Backend CI	Run tests	2026-03-17T02:40:27.9976279Z app/tests/test_production_service.py::TestGetProductionOrders::test_list_with_product_filter PASSED [ 68%]
Backend CI	Run tests	2026-03-17T02:40:28.0014178Z app/tests/test_production_service.py::TestGetProductionOrders::test_list_with_search_filter PASSED [ 68%]
Backend CI	Run tests	2026-03-17T02:40:28.0051299Z app/tests/test_production_service.py::TestGetProductionOrders::test_pagination_offset PASSED [ 68%]
Backend CI	Run tests	2026-03-17T02:40:28.0096419Z app/tests/test_production_service.py::TestCreateProductionOrder::test_create_raises_if_product_not_found PASSED [ 68%]
Backend CI	Run tests	2026-03-17T02:40:28.0178243Z app/tests/test_production_service.py::TestCreateProductionOrder::test_create_order_no_ingredients PASSED [ 68%]
Backend CI	Run tests	2026-03-17T02:40:28.0248012Z app/tests/test_production_service.py::TestCreateProductionOrder::test_create_order_with_ingredients_calculates_cost PASSED [ 68%]
Backend CI	Run tests	2026-03-17T02:40:28.0317277Z app/tests/test_production_service.py::TestCreateProductionOrder::test_create_order_with_deleted_ingredients_excluded PASSED [ 68%]
Backend CI	Run tests	2026-03-17T02:40:28.0401950Z app/tests/test_production_service.py::TestCreateProductionOrder::test_create_order_with_explicit_items PASSED [ 68%]
Backend CI	Run tests	2026-03-17T02:40:28.0469410Z app/tests/test_production_service.py::TestCreateProductionOrder::test_create_order_ingredient_none_cost_defaults_zero PASSED [ 68%]
Backend CI	Run tests	2026-03-17T02:40:28.0496825Z app/tests/test_production_service.py::TestUpdateProductionOrder::test_update_sets_fields PASSED [ 68%]
Backend CI	Run tests	2026-03-17T02:40:28.0524077Z app/tests/test_production_service.py::TestUpdateProductionOrder::test_update_ignores_unset_fields PASSED [ 68%]
Backend CI	Run tests	2026-03-17T02:40:28.0554695Z app/tests/test_production_service.py::TestStartProduction::test_start_from_draft PASSED [ 68%]
Backend CI	Run tests	2026-03-17T02:40:28.0582522Z app/tests/test_production_service.py::TestStartProduction::test_start_from_pending PASSED [ 68%]
Backend CI	Run tests	2026-03-17T02:40:28.0615197Z app/tests/test_production_service.py::TestStartProduction::test_start_from_in_progress_raises PASSED [ 68%]
Backend CI	Run tests	2026-03-17T02:40:28.0635019Z app/tests/test_production_service.py::TestStartProduction::test_start_from_completed_raises PASSED [ 68%]
Backend CI	Run tests	2026-03-17T02:40:28.0654745Z app/tests/test_production_service.py::TestStartProduction::test_start_from_cancelled_raises PASSED [ 68%]
Backend CI	Run tests	2026-03-17T02:40:28.0704347Z app/tests/test_production_service.py::TestCompleteProduction::test_complete_sets_status_and_quantity PASSED [ 68%]
Backend CI	Run tests	2026-03-17T02:40:28.0771255Z app/tests/test_production_service.py::TestCompleteProduction::test_complete_with_explicit_actual_cost PASSED [ 68%]
Backend CI	Run tests	2026-03-17T02:40:28.0830895Z app/tests/test_production_service.py::TestCompleteProduction::test_complete_calculates_actual_cost_from_items PASSED [ 68%]
Backend CI	Run tests	2026-03-17T02:40:28.0884190Z app/tests/test_production_service.py::TestCompleteProduction::test_complete_item_none_unit_cost_defaults_zero PASSED [ 68%]
Backend CI	Run tests	2026-03-17T02:40:28.1015145Z app/tests/test_production_service.py::TestCompleteProduction::test_complete_deducts_ingredient_inventory PASSED [ 68%]
Backend CI	Run tests	2026-03-17T02:40:28.1047727Z app/tests/test_production_service.py::TestCompleteProduction::test_complete_from_draft_raises PASSED [ 68%]
Backend CI	Run tests	2026-03-17T02:40:28.1067968Z app/tests/test_production_service.py::TestCompleteProduction::test_complete_from_completed_raises PASSED [ 68%]
Backend CI	Run tests	2026-03-17T02:40:28.1095097Z app/tests/test_production_service.py::TestCancelProduction::test_cancel_draft PASSED [ 68%]
Backend CI	Run tests	2026-03-17T02:40:28.1121368Z app/tests/test_production_service.py::TestCancelProduction::test_cancel_in_progress PASSED [ 68%]
Backend CI	Run tests	2026-03-17T02:40:28.1151378Z app/tests/test_production_service.py::TestCancelProduction::test_cancel_completed_raises PASSED [ 68%]
Backend CI	Run tests	2026-03-17T02:40:28.1178673Z app/tests/test_production_service.py::TestDeleteProductionOrder::test_delete_draft_order PASSED [ 68%]
Backend CI	Run tests	2026-03-17T02:40:28.1208460Z app/tests/test_production_service.py::TestDeleteProductionOrder::test_delete_completed_raises PASSED [ 68%]
Backend CI	Run tests	2026-03-17T02:40:28.1234994Z app/tests/test_production_service.py::TestDeleteProductionOrder::test_delete_cancelled_order PASSED [ 68%]
Backend CI	Run tests	2026-03-17T02:40:28.1293034Z app/tests/test_production_service.py::TestGetIngredientSuggestions::test_suggestions_empty_query PASSED [ 68%]
Backend CI	Run tests	2026-03-17T02:40:28.1352981Z app/tests/test_production_service.py::TestGetIngredientSuggestions::test_suggestions_name_starts_with_boost PASSED [ 68%]
Backend CI	Run tests	2026-03-17T02:40:28.1426072Z app/tests/test_production_service.py::TestGetIngredientSuggestions::test_suggestions_exact_match_boost PASSED [ 68%]
Backend CI	Run tests	2026-03-17T02:40:28.1479624Z app/tests/test_production_service.py::TestGetIngredientSuggestions::test_suggestions_no_inventory PASSED [ 68%]
Backend CI	Run tests	2026-03-17T02:40:28.1552005Z app/tests/test_production_service.py::TestGetIngredientSuggestions::test_suggestions_sorted_by_relevance PASSED [ 68%]
Backend CI	Run tests	2026-03-17T02:40:28.1681669Z app/tests/test_production_service.py::TestGetIngredientSuggestions::test_suggestions_respects_limit PASSED [ 68%]
Backend CI	Run tests	2026-03-17T02:40:28.1714877Z app/tests/test_production_service.py::TestGenerateOrderNumber::test_first_order_number PASSED [ 68%]
Backend CI	Run tests	2026-03-17T02:40:28.1751468Z app/tests/test_production_service.py::TestGenerateOrderNumber::test_order_number_increments PASSED [ 68%]
Backend CI	Run tests	2026-03-17T02:40:28.1766860Z app/tests/test_products.py::TestProductModel::test_product_model_exists PASSED [ 68%]
Backend CI	Run tests	2026-03-17T02:40:28.1782069Z app/tests/test_products.py::TestProductModel::test_product_has_required_fields PASSED [ 68%]
Backend CI	Run tests	2026-03-17T02:40:28.1797310Z app/tests/test_products.py::TestProductModel::test_product_status_enum_exists PASSED [ 68%]
Backend CI	Run tests	2026-03-17T02:40:28.1812028Z app/tests/test_products.py::TestProductModel::test_product_category_model_exists PASSED [ 69%]
Backend CI	Run tests	2026-03-17T02:40:28.1827344Z app/tests/test_products.py::TestProductSchemas::test_product_create_schema PASSED [ 69%]
Backend CI	Run tests	2026-03-17T02:40:28.1842257Z app/tests/test_products.py::TestProductSchemas::test_product_update_schema PASSED [ 69%]
Backend CI	Run tests	2026-03-17T02:40:28.1857769Z app/tests/test_products.py::TestProductSchemas::test_product_response_schema PASSED [ 69%]
Backend CI	Run tests	2026-03-17T02:40:28.1886411Z app/tests/test_products.py::TestProductSchemas::test_product_list_response_schema PASSED [ 69%]
Backend CI	Run tests	2026-03-17T02:40:28.1908756Z app/tests/test_products.py::TestProductSchemas::test_product_bulk_create_schema PASSED [ 69%]
Backend CI	Run tests	2026-03-17T02:40:28.1923732Z app/tests/test_products.py::TestProductService::test_product_service_exists PASSED [ 69%]
Backend CI	Run tests	2026-03-17T02:40:28.1938782Z app/tests/test_products.py::TestProductService::test_product_service_has_crud_methods PASSED [ 69%]
Backend CI	Run tests	2026-03-17T02:40:28.1953787Z app/tests/test_products.py::TestProductService::test_product_service_has_bulk_methods PASSED [ 69%]
Backend CI	Run tests	2026-03-17T02:40:28.1968614Z app/tests/test_products.py::TestProductService::test_product_service_has_category_methods PASSED [ 69%]
Backend CI	Run tests	2026-03-17T02:40:28.1988923Z app/tests/test_products.py::TestProductService::test_product_bom_costing_properties PASSED [ 69%]
Backend CI	Run tests	2026-03-17T02:40:28.2008058Z app/tests/test_products.py::TestProductService::test_bulk_create_products_supports_ingredients_payload PASSED [ 69%]
Backend CI	Run tests	2026-03-17T02:40:28.2022865Z app/tests/test_products.py::TestProductEndpoints::test_products_router_exists PASSED [ 69%]
Backend CI	Run tests	2026-03-17T02:40:28.2037978Z app/tests/test_products.py::TestProductEndpoints::test_products_router_has_list_route PASSED [ 69%]
Backend CI	Run tests	2026-03-17T02:40:28.2053127Z app/tests/test_products.py::TestProductEndpoints::test_products_router_has_get_route PASSED [ 69%]
Backend CI	Run tests	2026-03-17T02:40:28.2068159Z app/tests/test_products.py::TestProductEndpoints::test_products_router_has_bulk_routes PASSED [ 69%]
Backend CI	Run tests	2026-03-17T02:40:28.2090114Z app/tests/test_products.py::TestProductEndpoints::test_products_included_in_main_router PASSED [ 69%]
Backend CI	Run tests	2026-03-17T02:40:28.2108384Z app/tests/test_products.py::TestProductFilter::test_product_filter_schema PASSED [ 69%]
Backend CI	Run tests	2026-03-17T02:40:28.2149785Z app/tests/test_proforma_report_service.py::TestGetConversionRate::test_basic_counts PASSED [ 69%]
Backend CI	Run tests	2026-03-17T02:40:28.2189389Z app/tests/test_proforma_report_service.py::TestGetConversionRate::test_conversion_rate_calculation PASSED [ 69%]
Backend CI	Run tests	2026-03-17T02:40:28.2238229Z app/tests/test_proforma_report_service.py::TestGetConversionRate::test_zero_total_returns_all_zeros PASSED [ 69%]
Backend CI	Run tests	2026-03-17T02:40:28.2277389Z app/tests/test_proforma_report_service.py::TestGetConversionRate::test_all_converted PASSED [ 69%]
Backend CI	Run tests	2026-03-17T02:40:28.2316688Z app/tests/test_proforma_report_service.py::TestGetConversionRate::test_no_conversions PASSED [ 69%]
Backend CI	Run tests	2026-03-17T02:40:28.2355685Z app/tests/test_proforma_report_service.py::TestGetConversionRate::test_rounding PASSED [ 69%]
Backend CI	Run tests	2026-03-17T02:40:28.2394318Z app/tests/test_proforma_report_service.py::TestGetConversionRate::test_single_quote_converted PASSED [ 69%]
Backend CI	Run tests	2026-03-17T02:40:28.2433718Z app/tests/test_proforma_report_service.py::TestGetConversionRate::test_all_rejected PASSED [ 69%]
Backend CI	Run tests	2026-03-17T02:40:28.2472964Z app/tests/test_proforma_report_service.py::TestGetConversionRate::test_approved_but_not_converted PASSED [ 69%]
Backend CI	Run tests	2026-03-17T02:40:28.2545625Z app/tests/test_proforma_report_service.py::TestGetValueReport::test_basic_aggregates PASSED [ 69%]
Backend CI	Run tests	2026-03-17T02:40:28.2602370Z app/tests/test_proforma_report_service.py::TestGetValueReport::test_period_dates_explicit PASSED [ 69%]
Backend CI	Run tests	2026-03-17T02:40:28.2658825Z app/tests/test_proforma_report_service.py::TestGetValueReport::test_default_dates PASSED [ 69%]
Backend CI	Run tests	2026-03-17T02:40:28.2717487Z app/tests/test_proforma_report_service.py::TestGetValueReport::test_default_start_with_explicit_end PASSED [ 69%]
Backend CI	Run tests	2026-03-17T02:40:28.2786861Z app/tests/test_proforma_report_service.py::TestGetValueReport::test_zero_quotes PASSED [ 69%]
Backend CI	Run tests	2026-03-17T02:40:28.2843406Z app/tests/test_proforma_report_service.py::TestGetValueReport::test_decimal_rounding PASSED [ 69%]
Backend CI	Run tests	2026-03-17T02:40:28.2899889Z app/tests/test_proforma_report_service.py::TestGetValueReport::test_large_values PASSED [ 69%]
Backend CI	Run tests	2026-03-17T02:40:28.2963950Z app/tests/test_proforma_report_service.py::TestGetAgingReport::test_all_buckets PASSED [ 69%]
Backend CI	Run tests	2026-03-17T02:40:28.3014201Z app/tests/test_proforma_report_service.py::TestGetAgingReport::test_empty_quotes PASSED [ 69%]
Backend CI	Run tests	2026-03-17T02:40:28.3060126Z app/tests/test_proforma_report_service.py::TestGetAgingReport::test_all_in_first_bucket PASSED [ 69%]
Backend CI	Run tests	2026-03-17T02:40:28.3102249Z app/tests/test_proforma_report_service.py::TestGetAgingReport::test_all_overdue PASSED [ 69%]
Backend CI	Run tests	2026-03-17T02:40:28.3142126Z app/tests/test_proforma_report_service.py::TestGetAgingReport::test_none_issue_date_treated_as_zero_age PASSED [ 69%]
Backend CI	Run tests	2026-03-17T02:40:28.3181322Z app/tests/test_proforma_report_service.py::TestGetAgingReport::test_boundary_day_7 PASSED [ 69%]
Backend CI	Run tests	2026-03-17T02:40:28.3220806Z app/tests/test_proforma_report_service.py::TestGetAgingReport::test_boundary_day_8 PASSED [ 69%]
Backend CI	Run tests	2026-03-17T02:40:28.3274916Z app/tests/test_proforma_report_service.py::TestGetAgingReport::test_boundary_day_14 PASSED [ 69%]
Backend CI	Run tests	2026-03-17T02:40:28.3313178Z app/tests/test_proforma_report_service.py::TestGetAgingReport::test_boundary_day_15 PASSED [ 70%]
Backend CI	Run tests	2026-03-17T02:40:28.3351844Z app/tests/test_proforma_report_service.py::TestGetAgingReport::test_boundary_day_30 PASSED [ 70%]
Backend CI	Run tests	2026-03-17T02:40:28.3391040Z app/tests/test_proforma_report_service.py::TestGetAgingReport::test_boundary_day_31 PASSED [ 70%]
Backend CI	Run tests	2026-03-17T02:40:28.3436120Z app/tests/test_proforma_report_service.py::TestGetLostQuotes::test_mix_rejected_and_expired PASSED [ 70%]
Backend CI	Run tests	2026-03-17T02:40:28.3474390Z app/tests/test_proforma_report_service.py::TestGetLostQuotes::test_empty_results PASSED [ 70%]
Backend CI	Run tests	2026-03-17T02:40:28.3512025Z app/tests/test_proforma_report_service.py::TestGetLostQuotes::test_default_dates PASSED [ 70%]
Backend CI	Run tests	2026-03-17T02:40:28.3565245Z app/tests/test_proforma_report_service.py::TestGetLostQuotes::test_default_start_with_explicit_end PASSED [ 70%]
Backend CI	Run tests	2026-03-17T02:40:28.3612259Z app/tests/test_proforma_report_service.py::TestGetLostQuotes::test_all_rejected PASSED [ 70%]
Backend CI	Run tests	2026-03-17T02:40:28.3663544Z app/tests/test_proforma_report_service.py::TestGetLostQuotes::test_all_expired PASSED [ 70%]
Backend CI	Run tests	2026-03-17T02:40:28.3704902Z app/tests/test_proforma_report_service.py::TestGetLostQuotes::test_none_total_treated_as_zero PASSED [ 70%]
Backend CI	Run tests	2026-03-17T02:40:28.3746311Z app/tests/test_proforma_report_service.py::TestGetLostQuotes::test_none_customer_id PASSED [ 70%]
Backend CI	Run tests	2026-03-17T02:40:28.3788735Z app/tests/test_proforma_report_service.py::TestGetLostQuotes::test_customer_id_stringified PASSED [ 70%]
Backend CI	Run tests	2026-03-17T02:40:28.3846037Z app/tests/test_proforma_report_service.py::TestGetLostQuotes::test_none_created_at PASSED [ 70%]
Backend CI	Run tests	2026-03-17T02:40:28.3887392Z app/tests/test_proforma_report_service.py::TestGetLostQuotes::test_created_at_iso_format PASSED [ 70%]
Backend CI	Run tests	2026-03-17T02:40:28.3931717Z app/tests/test_proforma_report_service.py::TestGetLostQuotes::test_quote_id_stringified PASSED [ 70%]
Backend CI	Run tests	2026-03-17T02:40:28.3984970Z app/tests/test_proforma_revision_service.py::TestCreateRevision::test_creates_first_revision_with_number_one PASSED [ 70%]
Backend CI	Run tests	2026-03-17T02:40:28.4031239Z app/tests/test_proforma_revision_service.py::TestCreateRevision::test_increments_revision_number PASSED [ 70%]
Backend CI	Run tests	2026-03-17T02:40:28.4078499Z app/tests/test_proforma_revision_service.py::TestCreateRevision::test_passes_all_optional_params PASSED [ 70%]
Backend CI	Run tests	2026-03-17T02:40:28.4139061Z app/tests/test_proforma_revision_service.py::TestCreateRevision::test_calls_db_add_commit_refresh PASSED [ 70%]
Backend CI	Run tests	2026-03-17T02:40:28.4180436Z app/tests/test_proforma_revision_service.py::TestListRevisions::test_returns_items_and_total PASSED [ 70%]
Backend CI	Run tests	2026-03-17T02:40:28.4215452Z app/tests/test_proforma_revision_service.py::TestListRevisions::test_pagination_offset_limit PASSED [ 70%]
Backend CI	Run tests	2026-03-17T02:40:28.4250157Z app/tests/test_proforma_revision_service.py::TestListRevisions::test_empty_results PASSED [ 70%]
Backend CI	Run tests	2026-03-17T02:40:28.4287061Z app/tests/test_proforma_revision_service.py::TestGetRevision::test_returns_matching_revision PASSED [ 70%]
Backend CI	Run tests	2026-03-17T02:40:28.4320381Z app/tests/test_proforma_revision_service.py::TestGetRevision::test_returns_none_when_not_found PASSED [ 70%]
Backend CI	Run tests	2026-03-17T02:40:28.4368654Z app/tests/test_proforma_revision_service.py::TestGetLatestRevision::test_returns_most_recent PASSED [ 70%]
Backend CI	Run tests	2026-03-17T02:40:28.4401523Z app/tests/test_proforma_revision_service.py::TestGetLatestRevision::test_returns_none_when_no_revisions PASSED [ 70%]
Backend CI	Run tests	2026-03-17T02:40:28.4444461Z app/tests/test_proforma_revision_service.py::TestGetRevisionCount::test_returns_count PASSED [ 70%]
Backend CI	Run tests	2026-03-17T02:40:28.4480972Z app/tests/test_proforma_revision_service.py::TestGetRevisionCount::test_returns_zero_when_no_revisions PASSED [ 70%]
Backend CI	Run tests	2026-03-17T02:40:28.4532393Z app/tests/test_proforma_service.py::TestProformaServiceCreate::test_create_quote_basic PASSED [ 70%]
Backend CI	Run tests	2026-03-17T02:40:28.4583886Z app/tests/test_proforma_service.py::TestProformaServiceCreate::test_create_quote_with_items PASSED [ 70%]
Backend CI	Run tests	2026-03-17T02:40:28.4632498Z app/tests/test_proforma_service.py::TestProformaServiceCreate::test_create_quote_with_discount PASSED [ 70%]
Backend CI	Run tests	2026-03-17T02:40:28.4683931Z app/tests/test_proforma_service.py::TestProformaServiceCRUD::test_get_quote_found PASSED [ 70%]
Backend CI	Run tests	2026-03-17T02:40:28.4710561Z app/tests/test_proforma_service.py::TestProformaServiceCRUD::test_get_quote_not_found PASSED [ 70%]
Backend CI	Run tests	2026-03-17T02:40:28.4746200Z app/tests/test_proforma_service.py::TestProformaServiceCRUD::test_get_quote_by_token PASSED [ 70%]
Backend CI	Run tests	2026-03-17T02:40:28.4814258Z app/tests/test_proforma_service.py::TestProformaServiceCRUD::test_list_quotes_with_filters PASSED [ 70%]
Backend CI	Run tests	2026-03-17T02:40:28.4862044Z app/tests/test_proforma_service.py::TestProformaServiceCRUD::test_list_quotes_with_search PASSED [ 70%]
Backend CI	Run tests	2026-03-17T02:40:28.4912434Z app/tests/test_proforma_service.py::TestProformaServiceCRUD::test_update_draft_quote PASSED [ 70%]
Backend CI	Run tests	2026-03-17T02:40:28.4968387Z app/tests/test_proforma_service.py::TestProformaServiceCRUD::test_update_non_draft_raises PASSED [ 70%]
Backend CI	Run tests	2026-03-17T02:40:28.5030595Z app/tests/test_proforma_service.py::TestProformaServiceCRUD::test_duplicate_quote PASSED [ 70%]
Backend CI	Run tests	2026-03-17T02:40:28.5051060Z app/tests/test_proforma_service.py::TestProformaServiceCRUD::test_duplicate_not_found PASSED [ 70%]
Backend CI	Run tests	2026-03-17T02:40:28.5082349Z app/tests/test_proforma_service.py::TestProformaServiceApproval::test_send_quote_from_draft PASSED [ 70%]
Backend CI	Run tests	2026-03-17T02:40:28.5116647Z app/tests/test_proforma_service.py::TestProformaServiceApproval::test_send_non_draft_raises PASSED [ 70%]
Backend CI	Run tests	2026-03-17T02:40:28.5155778Z app/tests/test_proforma_service.py::TestProformaServiceApproval::test_approve_quote PASSED [ 70%]
Backend CI	Run tests	2026-03-17T02:40:28.5175137Z app/tests/test_proforma_service.py::TestProformaServiceApproval::test_approve_quote_not_found PASSED [ 71%]
Backend CI	Run tests	2026-03-17T02:40:28.5213737Z app/tests/test_proforma_service.py::TestProformaServiceApproval::test_reject_quote PASSED [ 71%]
Backend CI	Run tests	2026-03-17T02:40:28.5243320Z app/tests/test_proforma_service.py::TestProformaServiceApproval::test_cancel_quote PASSED [ 71%]
Backend CI	Run tests	2026-03-17T02:40:28.5277504Z app/tests/test_proforma_service.py::TestProformaServiceApproval::test_cancel_converted_raises PASSED [ 71%]
Backend CI	Run tests	2026-03-17T02:40:28.5329417Z app/tests/test_proforma_service.py::TestProformaServiceApproval::test_record_view PASSED [ 71%]
Backend CI	Run tests	2026-03-17T02:40:28.5368710Z app/tests/test_proforma_service.py::TestProformaServiceValidity::test_extend_validity PASSED [ 71%]
Backend CI	Run tests	2026-03-17T02:40:28.5405963Z app/tests/test_proforma_service.py::TestProformaServiceValidity::test_extend_reactivates_expired PASSED [ 71%]
Backend CI	Run tests	2026-03-17T02:40:28.5465229Z app/tests/test_proforma_service.py::TestProformaServiceConversion::test_convert_full PASSED [ 71%]
Backend CI	Run tests	2026-03-17T02:40:28.5485940Z app/tests/test_proforma_service.py::TestProformaServiceConversion::test_convert_not_found PASSED [ 71%]
Backend CI	Run tests	2026-03-17T02:40:28.5521282Z app/tests/test_proforma_service.py::TestProformaServiceConversion::test_convert_wrong_status PASSED [ 71%]
Backend CI	Run tests	2026-03-17T02:40:28.5554374Z app/tests/test_proforma_service.py::TestProformaServiceExpiry::test_expire_old_quotes PASSED [ 71%]
Backend CI	Run tests	2026-03-17T02:40:28.5587419Z app/tests/test_proforma_service.py::TestProformaServiceAudit::test_get_audit_trail PASSED [ 71%]
Backend CI	Run tests	2026-03-17T02:40:28.5619335Z app/tests/test_proforma_service.py::TestConversionRateReport::test_empty_business PASSED [ 71%]
Backend CI	Run tests	2026-03-17T02:40:28.5673762Z app/tests/test_proforma_service.py::TestConversionRateReport::test_with_data PASSED [ 71%]
Backend CI	Run tests	2026-03-17T02:40:28.5711014Z app/tests/test_proforma_service.py::TestValueReport::test_default_date_range PASSED [ 71%]
Backend CI	Run tests	2026-03-17T02:40:28.5760484Z app/tests/test_proforma_service.py::TestAgingReport::test_aging_buckets PASSED [ 71%]
Backend CI	Run tests	2026-03-17T02:40:28.5807685Z app/tests/test_proforma_service.py::TestLostQuotesReport::test_lost_quotes_report PASSED [ 71%]
Backend CI	Run tests	2026-03-17T02:40:28.5856271Z app/tests/test_rate_limiting.py::test_rate_limit_allows_requests_within_limit PASSED [ 71%]
Backend CI	Run tests	2026-03-17T02:40:28.5890868Z app/tests/test_rate_limiting.py::test_rate_limit_blocks_requests_exceeding_limit PASSED [ 71%]
Backend CI	Run tests	2026-03-17T02:40:28.5936700Z app/tests/test_rate_limiting.py::test_auth_endpoint_rate_limit_by_ip PASSED [ 71%]
Backend CI	Run tests	2026-03-17T02:40:28.5986205Z app/tests/test_rate_limiting.py::test_rate_limit_uses_redis_not_memory PASSED [ 71%]
Backend CI	Run tests	2026-03-17T02:40:28.6050017Z app/tests/test_rate_limiting.py::test_rate_limit_window_resets_after_expiry PASSED [ 71%]
Backend CI	Run tests	2026-03-17T02:40:28.6065617Z app/tests/test_rbac.py::TestRBACDependencies::test_rbac_module_exists PASSED [ 71%]
Backend CI	Run tests	2026-03-17T02:40:28.6080765Z app/tests/test_rbac.py::TestRBACDependencies::test_has_permission_returns_callable PASSED [ 71%]
Backend CI	Run tests	2026-03-17T02:40:28.6096624Z app/tests/test_rbac.py::TestRBACDependencies::test_has_any_permission_returns_callable PASSED [ 71%]
Backend CI	Run tests	2026-03-17T02:40:28.6111672Z app/tests/test_rbac.py::TestRBACDependencies::test_has_all_permissions_returns_callable PASSED [ 71%]
Backend CI	Run tests	2026-03-17T02:40:28.6126510Z app/tests/test_rbac.py::TestRBACDependencies::test_require_permission_class_exists PASSED [ 71%]
Backend CI	Run tests	2026-03-17T02:40:28.6141437Z app/tests/test_rbac.py::TestRBACDependencies::test_require_permission_is_callable PASSED [ 71%]
Backend CI	Run tests	2026-03-17T02:40:28.6156252Z app/tests/test_rbac.py::TestRBACDependencies::test_get_user_permissions_exists PASSED [ 71%]
Backend CI	Run tests	2026-03-17T02:40:28.6170951Z app/tests/test_rbac.py::TestRoleService::test_role_service_exists PASSED [ 71%]
Backend CI	Run tests	2026-03-17T02:40:28.6186090Z app/tests/test_rbac.py::TestRoleService::test_role_service_has_required_methods PASSED [ 71%]
Backend CI	Run tests	2026-03-17T02:40:28.6203533Z app/tests/test_rbac.py::TestRoleService::test_get_all_permissions_returns_list PASSED [ 71%]
Backend CI	Run tests	2026-03-17T02:40:28.6220564Z app/tests/test_rbac.py::TestRoleService::test_get_permissions_by_category_returns_dict PASSED [ 71%]
Backend CI	Run tests	2026-03-17T02:40:28.6237620Z app/tests/test_rbac.py::TestRoleService::test_permissions_have_expected_categories PASSED [ 71%]
Backend CI	Run tests	2026-03-17T02:40:28.6252374Z app/tests/test_rbac.py::TestPermissionEnum::test_permission_enum_has_user_permissions PASSED [ 71%]
Backend CI	Run tests	2026-03-17T02:40:28.6267435Z app/tests/test_rbac.py::TestPermissionEnum::test_permission_enum_has_product_permissions PASSED [ 71%]
Backend CI	Run tests	2026-03-17T02:40:28.6282347Z app/tests/test_rbac.py::TestPermissionEnum::test_permission_enum_has_order_permissions PASSED [ 71%]
Backend CI	Run tests	2026-03-17T02:40:28.6297386Z app/tests/test_rbac.py::TestPermissionEnum::test_permission_enum_has_invoice_permissions PASSED [ 71%]
Backend CI	Run tests	2026-03-17T02:40:28.6312204Z app/tests/test_rbac.py::TestPermissionEnum::test_permission_enum_has_ai_permission PASSED [ 71%]
Backend CI	Run tests	2026-03-17T02:40:28.6327017Z app/tests/test_rbac.py::TestDefaultRoles::test_default_roles_exist PASSED [ 71%]
Backend CI	Run tests	2026-03-17T02:40:28.6342491Z app/tests/test_rbac.py::TestDefaultRoles::test_admin_has_all_permissions PASSED [ 71%]
Backend CI	Run tests	2026-03-17T02:40:28.6357577Z app/tests/test_rbac.py::TestDefaultRoles::test_employee_has_limited_permissions PASSED [ 71%]
Backend CI	Run tests	2026-03-17T02:40:28.6376363Z app/tests/test_rbac.py::TestDefaultRoles::test_manager_has_more_permissions_than_employee PASSED [ 72%]
Backend CI	Run tests	2026-03-17T02:40:28.6405750Z app/tests/test_reorder_service.py::TestCreateRule::test_create_rule_basic PASSED [ 72%]
Backend CI	Run tests	2026-03-17T02:40:28.6434523Z app/tests/test_reorder_service.py::TestCreateRule::test_create_rule_with_optional_params PASSED [ 72%]
Backend CI	Run tests	2026-03-17T02:40:28.6494199Z app/tests/test_reorder_service.py::TestListRules::test_list_rules_no_filter PASSED [ 72%]
Backend CI	Run tests	2026-03-17T02:40:28.6543300Z app/tests/test_reorder_service.py::TestListRules::test_list_rules_with_status_filter PASSED [ 72%]
Backend CI	Run tests	2026-03-17T02:40:28.6577858Z app/tests/test_reorder_service.py::TestListRules::test_list_rules_empty PASSED [ 72%]
Backend CI	Run tests	2026-03-17T02:40:28.6630555Z app/tests/test_reorder_service.py::TestUpdateRule::test_update_rule_success PASSED [ 72%]
Backend CI	Run tests	2026-03-17T02:40:28.6665445Z app/tests/test_reorder_service.py::TestUpdateRule::test_update_rule_not_found PASSED [ 72%]
Backend CI	Run tests	2026-03-17T02:40:28.6733444Z app/tests/test_reorder_service.py::TestToggleRule::test_toggle_active_to_paused PASSED [ 72%]
Backend CI	Run tests	2026-03-17T02:40:28.6784579Z app/tests/test_reorder_service.py::TestToggleRule::test_toggle_paused_to_active PASSED [ 72%]
Backend CI	Run tests	2026-03-17T02:40:28.6817374Z app/tests/test_reorder_service.py::TestToggleRule::test_toggle_not_found PASSED [ 72%]
Backend CI	Run tests	2026-03-17T02:40:28.6889930Z app/tests/test_reorder_service.py::TestCheckStockLevels::test_low_stock_detected PASSED [ 72%]
Backend CI	Run tests	2026-03-17T02:40:28.6962928Z app/tests/test_reorder_service.py::TestCheckStockLevels::test_stock_above_threshold PASSED [ 72%]
Backend CI	Run tests	2026-03-17T02:40:28.7021479Z app/tests/test_reorder_service.py::TestCheckStockLevels::test_product_not_found_skipped PASSED [ 72%]
Backend CI	Run tests	2026-03-17T02:40:28.7148981Z app/tests/test_reorder_service.py::TestCheckStockLevels::test_multiple_rules_mixed_stock PASSED [ 72%]
Backend CI	Run tests	2026-03-17T02:40:28.7183103Z app/tests/test_reorder_service.py::TestCheckStockLevels::test_no_active_rules PASSED [ 72%]
Backend CI	Run tests	2026-03-17T02:40:28.7236007Z app/tests/test_reorder_service.py::TestGeneratePurchaseRequest::test_generate_basic PASSED [ 72%]
Backend CI	Run tests	2026-03-17T02:40:28.7277413Z app/tests/test_reorder_service.py::TestGeneratePurchaseRequest::test_generate_auto_flag PASSED [ 72%]
Backend CI	Run tests	2026-03-17T02:40:28.7424460Z app/tests/test_reorder_service.py::TestAutoReorder::test_auto_reorder_groups_by_supplier PASSED [ 72%]
Backend CI	Run tests	2026-03-17T02:40:28.7477923Z app/tests/test_reorder_service.py::TestAutoReorder::test_auto_reorder_no_qualifying_rules PASSED [ 72%]
Backend CI	Run tests	2026-03-17T02:40:28.7565037Z app/tests/test_reorder_service.py::TestAutoReorder::test_auto_reorder_stock_above_threshold_skipped PASSED [ 72%]
Backend CI	Run tests	2026-03-17T02:40:28.7614857Z app/tests/test_reorder_service.py::TestGetRequest::test_get_request_found PASSED [ 72%]
Backend CI	Run tests	2026-03-17T02:40:28.7650062Z app/tests/test_reorder_service.py::TestGetRequest::test_get_request_not_found PASSED [ 72%]
Backend CI	Run tests	2026-03-17T02:40:28.7713160Z app/tests/test_reorder_service.py::TestListRequests::test_list_requests_basic PASSED [ 72%]
Backend CI	Run tests	2026-03-17T02:40:28.7763852Z app/tests/test_reorder_service.py::TestListRequests::test_list_requests_with_status_filter PASSED [ 72%]
Backend CI	Run tests	2026-03-17T02:40:28.7800126Z app/tests/test_reorder_service.py::TestListRequests::test_list_requests_pagination PASSED [ 72%]
Backend CI	Run tests	2026-03-17T02:40:28.7840263Z app/tests/test_reorder_service.py::TestListRequests::test_list_requests_empty PASSED [ 72%]
Backend CI	Run tests	2026-03-17T02:40:28.7932358Z app/tests/test_reorder_service.py::TestApproveRequest::test_approve_success PASSED [ 72%]
Backend CI	Run tests	2026-03-17T02:40:28.7967796Z app/tests/test_reorder_service.py::TestApproveRequest::test_approve_not_found PASSED [ 72%]
Backend CI	Run tests	2026-03-17T02:40:28.8114706Z app/tests/test_reorder_service.py::TestReceiveItems::test_full_receive PASSED [ 72%]
Backend CI	Run tests	2026-03-17T02:40:28.8252288Z app/tests/test_reorder_service.py::TestReceiveItems::test_partial_receive PASSED [ 72%]
Backend CI	Run tests	2026-03-17T02:40:28.8285578Z app/tests/test_reorder_service.py::TestReceiveItems::test_receive_not_found PASSED [ 72%]
Backend CI	Run tests	2026-03-17T02:40:28.8346567Z app/tests/test_reorder_service.py::TestGetReorderSuggestions::test_suggestions_returned PASSED [ 72%]
Backend CI	Run tests	2026-03-17T02:40:28.8396110Z app/tests/test_reorder_service.py::TestGetReorderSuggestions::test_suggestions_excludes_products_with_rules PASSED [ 72%]
Backend CI	Run tests	2026-03-17T02:40:28.8442228Z app/tests/test_reorder_service.py::TestGetReorderSuggestions::test_suggestions_empty_when_all_above_threshold PASSED [ 72%]
Backend CI	Run tests	2026-03-17T02:40:28.8460183Z app/tests/test_reorder_service.py::TestGenerateReference::test_format PASSED [ 72%]
Backend CI	Run tests	2026-03-17T02:40:28.8483703Z app/tests/test_reorder_service.py::TestGenerateReference::test_uniqueness PASSED [ 72%]
Backend CI	Run tests	2026-03-17T02:40:28.8544329Z app/tests/test_reorder_settings_service.py::TestGetSettings::test_returns_settings_when_found PASSED [ 72%]
Backend CI	Run tests	2026-03-17T02:40:28.8578623Z app/tests/test_reorder_settings_service.py::TestGetSettings::test_returns_none_when_not_found PASSED [ 72%]
Backend CI	Run tests	2026-03-17T02:40:28.8612892Z app/tests/test_reorder_settings_service.py::TestGetSettings::test_queries_correct_model PASSED [ 72%]
Backend CI	Run tests	2026-03-17T02:40:28.8647928Z app/tests/test_reorder_settings_service.py::TestGetSettings::test_applies_filter PASSED [ 72%]
Backend CI	Run tests	2026-03-17T02:40:28.8688280Z app/tests/test_reorder_settings_service.py::TestUpsertCreate::test_creates_new_settings PASSED [ 72%]
Backend CI	Run tests	2026-03-17T02:40:28.8729170Z app/tests/test_reorder_settings_service.py::TestUpsertCreate::test_adds_settings_and_audit_to_db PASSED [ 73%]
Backend CI	Run tests	2026-03-17T02:40:28.8769031Z app/tests/test_reorder_settings_service.py::TestUpsertCreate::test_audit_log_action_is_created PASSED [ 73%]
Backend CI	Run tests	2026-03-17T02:40:28.8809665Z app/tests/test_reorder_settings_service.py::TestUpsertCreate::test_audit_details_contain_product_and_thresholds PASSED [ 73%]
Backend CI	Run tests	2026-03-17T02:40:28.8863917Z app/tests/test_reorder_settings_service.py::TestUpsertCreate::test_returns_new_settings_object PASSED [ 73%]
Backend CI	Run tests	2026-03-17T02:40:28.8903168Z app/tests/test_reorder_settings_service.py::TestUpsertCreate::test_create_without_user_id PASSED [ 73%]
Backend CI	Run tests	2026-03-17T02:40:28.8950228Z app/tests/test_reorder_settings_service.py::TestUpsertUpdate::test_updates_existing_fields PASSED [ 73%]
Backend CI	Run tests	2026-03-17T02:40:28.8996579Z app/tests/test_reorder_settings_service.py::TestUpsertUpdate::test_does_not_add_existing_settings_to_session PASSED [ 73%]
Backend CI	Run tests	2026-03-17T02:40:28.9042643Z app/tests/test_reorder_settings_service.py::TestUpsertUpdate::test_audit_log_action_is_updated PASSED [ 73%]
Backend CI	Run tests	2026-03-17T02:40:28.9089551Z app/tests/test_reorder_settings_service.py::TestUpsertUpdate::test_preferred_supplier_updated_when_truthy PASSED [ 73%]
Backend CI	Run tests	2026-03-17T02:40:28.9136489Z app/tests/test_reorder_settings_service.py::TestUpsertUpdate::test_preferred_supplier_not_overwritten_when_falsy PASSED [ 73%]
Backend CI	Run tests	2026-03-17T02:40:28.9182458Z app/tests/test_reorder_settings_service.py::TestUpsertUpdate::test_returns_existing_settings_object PASSED [ 73%]
Backend CI	Run tests	2026-03-17T02:40:28.9229284Z app/tests/test_reorder_settings_service.py::TestUpsertUpdate::test_commits_and_refreshes PASSED [ 73%]
Backend CI	Run tests	2026-03-17T02:40:28.9254585Z app/tests/test_reorder_settings_service.py::TestBulkUpdate::test_calls_upsert_for_each_item PASSED [ 73%]
Backend CI	Run tests	2026-03-17T02:40:28.9278521Z app/tests/test_reorder_settings_service.py::TestBulkUpdate::test_returns_list_of_results PASSED [ 73%]
Backend CI	Run tests	2026-03-17T02:40:28.9299136Z app/tests/test_reorder_settings_service.py::TestBulkUpdate::test_empty_list_returns_empty PASSED [ 73%]
Backend CI	Run tests	2026-03-17T02:40:28.9339562Z app/tests/test_reorder_settings_service.py::TestBulkUpdate::test_passes_user_id_none_by_default PASSED [ 73%]
Backend CI	Run tests	2026-03-17T02:40:28.9397831Z app/tests/test_reorder_settings_service.py::TestListSettings::test_returns_items_and_total PASSED [ 73%]
Backend CI	Run tests	2026-03-17T02:40:28.9433158Z app/tests/test_reorder_settings_service.py::TestListSettings::test_empty_result PASSED [ 73%]
Backend CI	Run tests	2026-03-17T02:40:28.9469266Z app/tests/test_reorder_settings_service.py::TestListSettings::test_pagination_offset_and_limit PASSED [ 73%]
Backend CI	Run tests	2026-03-17T02:40:28.9505461Z app/tests/test_reorder_settings_service.py::TestListSettings::test_default_pagination PASSED [ 73%]
Backend CI	Run tests	2026-03-17T02:40:28.9540888Z app/tests/test_reorder_settings_service.py::TestListSettings::test_queries_correct_model PASSED [ 73%]
Backend CI	Run tests	2026-03-17T02:40:28.9580093Z app/tests/test_reorder_settings_service.py::TestListSettings::test_orders_by_created_at_desc PASSED [ 73%]
Backend CI	Run tests	2026-03-17T02:40:28.9606180Z app/tests/test_report_email_service.py::TestGenerateSubject::test_correct_format PASSED [ 73%]
Backend CI	Run tests	2026-03-17T02:40:28.9629333Z app/tests/test_report_email_service.py::TestGenerateSubject::test_different_report_type PASSED [ 73%]
Backend CI	Run tests	2026-03-17T02:40:28.9654453Z app/tests/test_report_email_service.py::TestGenerateSubject::test_dates_included PASSED [ 73%]
Backend CI	Run tests	2026-03-17T02:40:28.9678669Z app/tests/test_report_email_service.py::TestGenerateHtmlBody::test_contains_business_name PASSED [ 73%]
Backend CI	Run tests	2026-03-17T02:40:28.9703162Z app/tests/test_report_email_service.py::TestGenerateHtmlBody::test_contains_report_name PASSED [ 73%]
Backend CI	Run tests	2026-03-17T02:40:28.9728583Z app/tests/test_report_email_service.py::TestGenerateHtmlBody::test_contains_period_dates PASSED [ 73%]
Backend CI	Run tests	2026-03-17T02:40:28.9753178Z app/tests/test_report_email_service.py::TestGenerateHtmlBody::test_includes_simple_metrics PASSED [ 73%]
Backend CI	Run tests	2026-03-17T02:40:28.9778382Z app/tests/test_report_email_service.py::TestGenerateHtmlBody::test_skips_complex_metrics PASSED [ 73%]
Backend CI	Run tests	2026-03-17T02:40:28.9802884Z app/tests/test_report_email_service.py::TestGenerateHtmlBody::test_top_products_table PASSED [ 73%]
Backend CI	Run tests	2026-03-17T02:40:28.9827213Z app/tests/test_report_email_service.py::TestGenerateHtmlBody::test_low_stock_table PASSED [ 73%]
Backend CI	Run tests	2026-03-17T02:40:28.9866523Z app/tests/test_report_email_service.py::TestGenerateHtmlBody::test_no_low_stock_table_when_empty PASSED [ 73%]
Backend CI	Run tests	2026-03-17T02:40:28.9890418Z app/tests/test_report_email_service.py::TestGenerateHtmlBody::test_currency_in_product_rows PASSED [ 73%]
Backend CI	Run tests	2026-03-17T02:40:28.9915593Z app/tests/test_report_email_service.py::TestGenerateHtmlBody::test_footer_links PASSED [ 73%]
Backend CI	Run tests	2026-03-17T02:40:29.0190277Z app/tests/test_report_email_service.py::TestGenerateExcelAttachment::test_returns_email_attachment PASSED [ 73%]
Backend CI	Run tests	2026-03-17T02:40:29.0455336Z app/tests/test_report_email_service.py::TestGenerateExcelAttachment::test_correct_filename PASSED [ 73%]
Backend CI	Run tests	2026-03-17T02:40:29.0719889Z app/tests/test_report_email_service.py::TestGenerateExcelAttachment::test_correct_content_type PASSED [ 73%]
Backend CI	Run tests	2026-03-17T02:40:29.0988357Z app/tests/test_report_email_service.py::TestGenerateExcelAttachment::test_content_is_nonempty_bytes PASSED [ 73%]
Backend CI	Run tests	2026-03-17T02:40:29.1359829Z app/tests/test_report_email_service.py::TestGenerateExcelAttachment::test_excel_has_summary_sheet PASSED [ 73%]
Backend CI	Run tests	2026-03-17T02:40:29.1719468Z app/tests/test_report_email_service.py::TestGenerateExcelAttachment::test_excel_has_additional_sheets PASSED [ 73%]
Backend CI	Run tests	2026-03-17T02:40:29.2080660Z app/tests/test_report_email_service.py::TestGenerateExcelAttachment::test_summary_sheet_excludes_complex_metrics PASSED [ 73%]
Backend CI	Run tests	2026-03-17T02:40:29.2239982Z app/tests/test_report_email_service.py::TestGenerateExcelAttachment::test_no_extra_sheets_when_lists_absent PASSED [ 74%]
Backend CI	Run tests	2026-03-17T02:40:29.2271007Z app/tests/test_report_email_service.py::TestSendReportEmail::test_calls_send_email PASSED [ 74%]
Backend CI	Run tests	2026-03-17T02:40:29.2300992Z app/tests/test_report_email_service.py::TestSendReportEmail::test_send_email_args PASSED [ 74%]
Backend CI	Run tests	2026-03-17T02:40:29.2574892Z app/tests/test_report_email_service.py::TestSendReportEmail::test_include_excel_sends_attachment PASSED [ 74%]
Backend CI	Run tests	2026-03-17T02:40:29.2615643Z app/tests/test_report_email_service.py::TestSendReportEmail::test_excel_error_still_sends_email PASSED [ 74%]
Backend CI	Run tests	2026-03-17T02:40:29.2664951Z app/tests/test_report_email_service.py::TestSendReportEmail::test_without_excel_no_attachment PASSED [ 74%]
Backend CI	Run tests	2026-03-17T02:40:29.2681826Z app/tests/test_report_generator_service.py::TestPeriodCalculations::test_weekly_period PASSED [ 74%]
Backend CI	Run tests	2026-03-17T02:40:29.2698858Z app/tests/test_report_generator_service.py::TestPeriodCalculations::test_monthly_period PASSED [ 74%]
Backend CI	Run tests	2026-03-17T02:40:29.2717450Z app/tests/test_report_generator_service.py::TestPeriodCalculations::test_monthly_period_january PASSED [ 74%]
Backend CI	Run tests	2026-03-17T02:40:29.2775915Z app/tests/test_report_generator_service.py::TestBusinessLookup::test_get_user_businesses PASSED [ 74%]
Backend CI	Run tests	2026-03-17T02:40:29.2813269Z app/tests/test_report_generator_service.py::TestBusinessLookup::test_get_user_businesses_none PASSED [ 74%]
Backend CI	Run tests	2026-03-17T02:40:29.2875507Z app/tests/test_report_generator_service.py::TestBusinessLookup::test_get_primary_business PASSED [ 74%]
Backend CI	Run tests	2026-03-17T02:40:29.2967559Z app/tests/test_report_generator_service.py::TestBusinessLookup::test_get_primary_business_fallback PASSED [ 74%]
Backend CI	Run tests	2026-03-17T02:40:29.3007145Z app/tests/test_report_generator_service.py::TestBusinessLookup::test_get_primary_business_none PASSED [ 74%]
Backend CI	Run tests	2026-03-17T02:40:29.3071622Z app/tests/test_report_generator_service.py::TestSalesSummary::test_basic PASSED [ 74%]
Backend CI	Run tests	2026-03-17T02:40:29.3118929Z app/tests/test_report_generator_service.py::TestSalesSummary::test_no_orders PASSED [ 74%]
Backend CI	Run tests	2026-03-17T02:40:29.3162135Z app/tests/test_report_generator_service.py::TestInventoryStatus::test_with_items PASSED [ 74%]
Backend CI	Run tests	2026-03-17T02:40:29.3213513Z app/tests/test_report_generator_service.py::TestInventoryStatus::test_empty_inventory PASSED [ 74%]
Backend CI	Run tests	2026-03-17T02:40:29.3292949Z app/tests/test_report_generator_service.py::TestFinancialOverview::test_basic PASSED [ 74%]
Backend CI	Run tests	2026-03-17T02:40:29.3338437Z app/tests/test_report_generator_service.py::TestFinancialOverview::test_no_revenue PASSED [ 74%]
Backend CI	Run tests	2026-03-17T02:40:29.3471683Z app/tests/test_report_generator_service.py::TestCustomerActivity::test_basic PASSED [ 74%]
Backend CI	Run tests	2026-03-17T02:40:29.3529773Z app/tests/test_report_generator_service.py::TestCustomerActivity::test_zero_customers PASSED [ 74%]
Backend CI	Run tests	2026-03-17T02:40:29.3592396Z app/tests/test_report_generator_service.py::TestGenerateReport::test_dispatches_sales PASSED [ 74%]
Backend CI	Run tests	2026-03-17T02:40:29.3637176Z app/tests/test_report_generator_service.py::TestGenerateReport::test_no_business_returns_none PASSED [ 74%]
Backend CI	Run tests	2026-03-17T02:40:29.3677481Z app/tests/test_report_generator_service.py::TestGenerateReport::test_unknown_type_returns_none PASSED [ 74%]
Backend CI	Run tests	2026-03-17T02:40:29.3708830Z app/tests/test_report_generator_service.py::TestGenerateReport::test_exception_returns_none PASSED [ 74%]
Backend CI	Run tests	2026-03-17T02:40:29.3755975Z app/tests/test_report_subscription_service.py::TestCreateSubscription::test_creates_new_subscription PASSED [ 74%]
Backend CI	Run tests	2026-03-17T02:40:29.3808843Z app/tests/test_report_subscription_service.py::TestCreateSubscription::test_reactivates_inactive_subscription PASSED [ 74%]
Backend CI	Run tests	2026-03-17T02:40:29.3855595Z app/tests/test_report_subscription_service.py::TestCreateSubscription::test_returns_existing_active_subscription PASSED [ 74%]
Backend CI	Run tests	2026-03-17T02:40:29.3903797Z app/tests/test_report_subscription_service.py::TestDeactivateSubscription::test_deactivates_existing_subscription PASSED [ 74%]
Backend CI	Run tests	2026-03-17T02:40:29.3938656Z app/tests/test_report_subscription_service.py::TestDeactivateSubscription::test_returns_false_when_not_found PASSED [ 74%]
Backend CI	Run tests	2026-03-17T02:40:29.3990736Z app/tests/test_report_subscription_service.py::TestGetUserSubscriptions::test_returns_all_subscriptions PASSED [ 74%]
Backend CI	Run tests	2026-03-17T02:40:29.4047933Z app/tests/test_report_subscription_service.py::TestGetUserSubscriptions::test_active_only_adds_extra_filter PASSED [ 74%]
Backend CI	Run tests	2026-03-17T02:40:29.4079357Z app/tests/test_report_subscription_service.py::TestGetUserSubscriptions::test_returns_empty_list PASSED [ 74%]
Backend CI	Run tests	2026-03-17T02:40:29.4122350Z app/tests/test_report_subscription_service.py::TestGetSubscription::test_returns_subscription_when_found PASSED [ 74%]
Backend CI	Run tests	2026-03-17T02:40:29.4156158Z app/tests/test_report_subscription_service.py::TestGetSubscription::test_returns_none_when_not_found PASSED [ 74%]
Backend CI	Run tests	2026-03-17T02:40:29.4218927Z app/tests/test_report_subscription_service.py::TestGetActiveSubscriptionsByFrequency::test_returns_paginated_results PASSED [ 74%]
Backend CI	Run tests	2026-03-17T02:40:29.4253431Z app/tests/test_report_subscription_service.py::TestGetActiveSubscriptionsByFrequency::test_uses_default_batch_size PASSED [ 74%]
Backend CI	Run tests	2026-03-17T02:40:29.4286003Z app/tests/test_report_subscription_service.py::TestCountActiveSubscriptionsByFrequency::test_returns_count PASSED [ 74%]
Backend CI	Run tests	2026-03-17T02:40:29.4318550Z app/tests/test_report_subscription_service.py::TestCountActiveSubscriptionsByFrequency::test_returns_zero PASSED [ 74%]
Backend CI	Run tests	2026-03-17T02:40:29.4364355Z app/tests/test_report_subscription_service.py::TestUpdateLastSent::test_updates_timestamp PASSED [ 74%]
Backend CI	Run tests	2026-03-17T02:40:29.4412830Z app/tests/test_report_subscription_service.py::TestUpdateLastSent::test_noop_when_not_found PASSED [ 74%]
Backend CI	Run tests	2026-03-17T02:40:29.4446204Z app/tests/test_report_subscription_service.py::TestLogDelivery::test_creates_delivery_log PASSED [ 75%]
Backend CI	Run tests	2026-03-17T02:40:29.4473799Z app/tests/test_report_subscription_service.py::TestLogDelivery::test_creates_failed_delivery_log PASSED [ 75%]
Backend CI	Run tests	2026-03-17T02:40:29.4537749Z app/tests/test_report_subscription_service.py::TestGetDeliveryLogs::test_returns_logs_ordered PASSED [ 75%]
Backend CI	Run tests	2026-03-17T02:40:29.4570344Z app/tests/test_report_subscription_service.py::TestGetDeliveryLogs::test_custom_limit PASSED [ 75%]
Backend CI	Run tests	2026-03-17T02:40:29.4624543Z app/tests/test_report_subscription_service.py::TestToggleSubscription::test_toggles_active_to_inactive PASSED [ 75%]
Backend CI	Run tests	2026-03-17T02:40:29.4676426Z app/tests/test_report_subscription_service.py::TestToggleSubscription::test_toggles_inactive_to_active PASSED [ 75%]
Backend CI	Run tests	2026-03-17T02:40:29.4714429Z app/tests/test_report_subscription_service.py::TestToggleSubscription::test_returns_none_when_not_found PASSED [ 75%]
Backend CI	Run tests	2026-03-17T02:40:29.4747454Z app/tests/test_reservation_service.py::TestCreateReservation::test_create_without_table PASSED [ 75%]
Backend CI	Run tests	2026-03-17T02:40:29.4815123Z app/tests/test_reservation_service.py::TestCreateReservation::test_create_with_valid_table PASSED [ 75%]
Backend CI	Run tests	2026-03-17T02:40:29.4853685Z app/tests/test_reservation_service.py::TestCreateReservation::test_create_with_invalid_table_raises PASSED [ 75%]
Backend CI	Run tests	2026-03-17T02:40:29.4884830Z app/tests/test_reservation_service.py::TestCreateReservation::test_create_sets_default_duration PASSED [ 75%]
Backend CI	Run tests	2026-03-17T02:40:29.4930341Z app/tests/test_reservation_service.py::TestGetReservation::test_get_found PASSED [ 75%]
Backend CI	Run tests	2026-03-17T02:40:29.4960168Z app/tests/test_reservation_service.py::TestGetReservation::test_get_not_found PASSED [ 75%]
Backend CI	Run tests	2026-03-17T02:40:29.5028405Z app/tests/test_reservation_service.py::TestListReservations::test_list_basic PASSED [ 75%]
Backend CI	Run tests	2026-03-17T02:40:29.5075481Z app/tests/test_reservation_service.py::TestListReservations::test_list_with_date_filter PASSED [ 75%]
Backend CI	Run tests	2026-03-17T02:40:29.5120369Z app/tests/test_reservation_service.py::TestListReservations::test_list_with_status_filter PASSED [ 75%]
Backend CI	Run tests	2026-03-17T02:40:29.5185076Z app/tests/test_reservation_service.py::TestUpdateReservation::test_update_fields PASSED [ 75%]
Backend CI	Run tests	2026-03-17T02:40:29.5214264Z app/tests/test_reservation_service.py::TestUpdateReservation::test_update_not_found PASSED [ 75%]
Backend CI	Run tests	2026-03-17T02:40:29.5264055Z app/tests/test_reservation_service.py::TestUpdateReservation::test_update_ignores_disallowed_fields PASSED [ 75%]
Backend CI	Run tests	2026-03-17T02:40:29.5314494Z app/tests/test_reservation_service.py::TestCancelReservation::test_cancel_confirmed PASSED [ 75%]
Backend CI	Run tests	2026-03-17T02:40:29.5358239Z app/tests/test_reservation_service.py::TestCancelReservation::test_cancel_seated_raises PASSED [ 75%]
Backend CI	Run tests	2026-03-17T02:40:29.5582154Z app/tests/test_reservation_service.py::TestCancelReservation::test_cancel_completed_raises FAILED [ 75%]
Backend CI	Run tests	2026-03-17T02:40:29.5612163Z app/tests/test_reservation_service.py::TestCancelReservation::test_cancel_not_found PASSED [ 75%]
Backend CI	Run tests	2026-03-17T02:40:29.5907662Z app/tests/test_reservation_service.py::TestSeatReservation::test_seat_confirmed_reservation FAILED [ 75%]
Backend CI	Run tests	2026-03-17T02:40:29.5960696Z app/tests/test_reservation_service.py::TestSeatReservation::test_seat_non_confirmed_raises PASSED [ 75%]
Backend CI	Run tests	2026-03-17T02:40:29.5993661Z app/tests/test_reservation_service.py::TestSeatReservation::test_seat_not_found PASSED [ 75%]
Backend CI	Run tests	2026-03-17T02:40:29.6059215Z app/tests/test_reservation_service.py::TestMarkNoShow::test_no_show_confirmed PASSED [ 75%]
Backend CI	Run tests	2026-03-17T02:40:29.6110068Z app/tests/test_reservation_service.py::TestMarkNoShow::test_no_show_seated_raises PASSED [ 75%]
Backend CI	Run tests	2026-03-17T02:40:29.6141765Z app/tests/test_reservation_service.py::TestMarkNoShow::test_no_show_not_found PASSED [ 75%]
Backend CI	Run tests	2026-03-17T02:40:29.6406685Z app/tests/test_reservation_service.py::TestCheckConflicts::test_no_conflicts FAILED [ 75%]
Backend CI	Run tests	2026-03-17T02:40:29.6680540Z app/tests/test_reservation_service.py::TestCheckConflicts::test_detects_overlap FAILED [ 75%]
Backend CI	Run tests	2026-03-17T02:40:29.6949645Z app/tests/test_reservation_service.py::TestCheckConflicts::test_no_overlap_adjacent_slots FAILED [ 75%]
Backend CI	Run tests	2026-03-17T02:40:29.7218233Z app/tests/test_reservation_service.py::TestCheckConflicts::test_exclude_self_on_update FAILED [ 75%]
Backend CI	Run tests	2026-03-17T02:40:29.7280102Z app/tests/test_reservation_service.py::TestGetUpcoming::test_returns_upcoming PASSED [ 75%]
Backend CI	Run tests	2026-03-17T02:40:29.7318333Z app/tests/test_reservation_service.py::TestGetUpcoming::test_returns_empty_when_none PASSED [ 75%]
Backend CI	Run tests	2026-03-17T02:40:29.7376200Z app/tests/test_reward_catalog_service.py::TestListRewards::test_returns_items_and_total PASSED [ 75%]
Backend CI	Run tests	2026-03-17T02:40:29.7411515Z app/tests/test_reward_catalog_service.py::TestListRewards::test_active_only_true_applies_filter PASSED [ 75%]
Backend CI	Run tests	2026-03-17T02:40:29.7445517Z app/tests/test_reward_catalog_service.py::TestListRewards::test_active_only_false_skips_active_filter PASSED [ 75%]
Backend CI	Run tests	2026-03-17T02:40:29.7480890Z app/tests/test_reward_catalog_service.py::TestListRewards::test_pagination_defaults PASSED [ 75%]
Backend CI	Run tests	2026-03-17T02:40:29.7515291Z app/tests/test_reward_catalog_service.py::TestListRewards::test_pagination_custom PASSED [ 75%]
Backend CI	Run tests	2026-03-17T02:40:29.7563353Z app/tests/test_reward_catalog_service.py::TestListRewards::test_empty_catalog PASSED [ 75%]
Backend CI	Run tests	2026-03-17T02:40:29.7591164Z app/tests/test_reward_catalog_service.py::TestCreateReward::test_creates_and_returns_reward PASSED [ 75%]
Backend CI	Run tests	2026-03-17T02:40:29.7618389Z app/tests/test_reward_catalog_service.py::TestCreateReward::test_business_id_set_from_argument PASSED [ 75%]
Backend CI	Run tests	2026-03-17T02:40:29.7669434Z app/tests/test_reward_catalog_service.py::TestUpdateReward::test_updates_existing_reward PASSED [ 76%]
Backend CI	Run tests	2026-03-17T02:40:29.7703327Z app/tests/test_reward_catalog_service.py::TestUpdateReward::test_returns_none_when_not_found PASSED [ 76%]
Backend CI	Run tests	2026-03-17T02:40:29.7754900Z app/tests/test_reward_catalog_service.py::TestUpdateReward::test_only_sets_existing_attributes PASSED [ 76%]
Backend CI	Run tests	2026-03-17T02:40:29.7805848Z app/tests/test_reward_catalog_service.py::TestUpdateReward::test_update_multiple_fields PASSED [ 76%]
Backend CI	Run tests	2026-03-17T02:40:29.7856978Z app/tests/test_reward_catalog_service.py::TestDeleteReward::test_soft_deletes_existing_reward PASSED [ 76%]
Backend CI	Run tests	2026-03-17T02:40:29.7906000Z app/tests/test_reward_catalog_service.py::TestDeleteReward::test_returns_false_when_not_found PASSED [ 76%]
Backend CI	Run tests	2026-03-17T02:40:29.7938045Z app/tests/test_reward_catalog_service.py::TestDeleteReward::test_already_deleted_not_found PASSED [ 76%]
Backend CI	Run tests	2026-03-17T02:40:29.7972272Z app/tests/test_reward_catalog_service.py::TestDeleteReward::test_wrong_business_not_found PASSED [ 76%]
Backend CI	Run tests	2026-03-17T02:40:29.8024985Z app/tests/test_reward_catalog_service.py::TestListTierBenefits::test_returns_all_active_benefits PASSED [ 76%]
Backend CI	Run tests	2026-03-17T02:40:29.8068414Z app/tests/test_reward_catalog_service.py::TestListTierBenefits::test_filters_by_tier_name PASSED [ 76%]
Backend CI	Run tests	2026-03-17T02:40:29.8100369Z app/tests/test_reward_catalog_service.py::TestListTierBenefits::test_no_tier_name_filter PASSED [ 76%]
Backend CI	Run tests	2026-03-17T02:40:29.8132262Z app/tests/test_reward_catalog_service.py::TestListTierBenefits::test_empty_benefits PASSED [ 76%]
Backend CI	Run tests	2026-03-17T02:40:29.8160529Z app/tests/test_reward_catalog_service.py::TestCreateTierBenefit::test_creates_and_returns_benefit PASSED [ 76%]
Backend CI	Run tests	2026-03-17T02:40:29.8187816Z app/tests/test_reward_catalog_service.py::TestCreateTierBenefit::test_business_id_set_from_argument PASSED [ 76%]
Backend CI	Run tests	2026-03-17T02:40:29.8248041Z app/tests/test_reward_catalog_service.py::TestDeleteTierBenefit::test_deactivates_existing_benefit PASSED [ 76%]
Backend CI	Run tests	2026-03-17T02:40:29.8281435Z app/tests/test_reward_catalog_service.py::TestDeleteTierBenefit::test_returns_false_when_not_found PASSED [ 76%]
Backend CI	Run tests	2026-03-17T02:40:29.8318217Z app/tests/test_reward_catalog_service.py::TestDeleteTierBenefit::test_wrong_business_not_found PASSED [ 76%]
Backend CI	Run tests	2026-03-17T02:40:29.8369963Z app/tests/test_role_service.py::TestGetRoleById::test_returns_role_when_found PASSED [ 76%]
Backend CI	Run tests	2026-03-17T02:40:29.8410371Z app/tests/test_role_service.py::TestGetRoleById::test_returns_none_when_not_found PASSED [ 76%]
Backend CI	Run tests	2026-03-17T02:40:29.8476244Z app/tests/test_role_service.py::TestGetRolesForBusiness::test_returns_business_and_system_roles PASSED [ 76%]
Backend CI	Run tests	2026-03-17T02:40:29.8517721Z app/tests/test_role_service.py::TestGetRolesForBusiness::test_returns_empty_list PASSED [ 76%]
Backend CI	Run tests	2026-03-17T02:40:29.8592493Z app/tests/test_role_service.py::TestGetSystemRoles::test_returns_system_roles PASSED [ 76%]
Backend CI	Run tests	2026-03-17T02:40:29.8632310Z app/tests/test_role_service.py::TestGetSystemRoles::test_returns_empty_when_none PASSED [ 76%]
Backend CI	Run tests	2026-03-17T02:40:29.8664244Z app/tests/test_role_service.py::TestCreateRole::test_creates_role_with_correct_fields PASSED [ 76%]
Backend CI	Run tests	2026-03-17T02:40:29.8695463Z app/tests/test_role_service.py::TestCreateRole::test_creates_role_with_empty_permissions PASSED [ 76%]
Backend CI	Run tests	2026-03-17T02:40:29.8753526Z app/tests/test_role_service.py::TestUpdateRole::test_updates_name_only PASSED [ 76%]
Backend CI	Run tests	2026-03-17T02:40:29.8810707Z app/tests/test_role_service.py::TestUpdateRole::test_updates_description_only PASSED [ 76%]
Backend CI	Run tests	2026-03-17T02:40:29.8870675Z app/tests/test_role_service.py::TestUpdateRole::test_updates_permissions PASSED [ 76%]
Backend CI	Run tests	2026-03-17T02:40:29.8946450Z app/tests/test_role_service.py::TestUpdateRole::test_updates_all_fields PASSED [ 76%]
Backend CI	Run tests	2026-03-17T02:40:29.8988317Z app/tests/test_role_service.py::TestUpdateRole::test_returns_none_when_not_found PASSED [ 76%]
Backend CI	Run tests	2026-03-17T02:40:29.9040286Z app/tests/test_role_service.py::TestUpdateRole::test_returns_none_for_system_role PASSED [ 76%]
Backend CI	Run tests	2026-03-17T02:40:29.9097892Z app/tests/test_role_service.py::TestUpdateRole::test_no_changes_when_all_none PASSED [ 76%]
Backend CI	Run tests	2026-03-17T02:40:29.9158148Z app/tests/test_role_service.py::TestUpdateRole::test_permissions_empty_list_still_calls_set PASSED [ 76%]
Backend CI	Run tests	2026-03-17T02:40:29.9245804Z app/tests/test_role_service.py::TestDeleteRole::test_deletes_unused_custom_role PASSED [ 76%]
Backend CI	Run tests	2026-03-17T02:40:29.9287628Z app/tests/test_role_service.py::TestDeleteRole::test_returns_false_when_not_found PASSED [ 76%]
Backend CI	Run tests	2026-03-17T02:40:29.9338872Z app/tests/test_role_service.py::TestDeleteRole::test_returns_false_for_system_role PASSED [ 76%]
Backend CI	Run tests	2026-03-17T02:40:29.9409228Z app/tests/test_role_service.py::TestDeleteRole::test_returns_false_when_role_in_use PASSED [ 76%]
Backend CI	Run tests	2026-03-17T02:40:29.9480378Z app/tests/test_role_service.py::TestAssignRoleToUser::test_assigns_role_successfully PASSED [ 76%]
Backend CI	Run tests	2026-03-17T02:40:29.9523048Z app/tests/test_role_service.py::TestAssignRoleToUser::test_returns_none_when_business_user_not_found PASSED [ 76%]
Backend CI	Run tests	2026-03-17T02:40:29.9578708Z app/tests/test_role_service.py::TestCreateSystemRoles::test_creates_all_roles_when_none_exist PASSED [ 76%]
Backend CI	Run tests	2026-03-17T02:40:29.9633411Z app/tests/test_role_service.py::TestCreateSystemRoles::test_skips_existing_roles PASSED [ 76%]
Backend CI	Run tests	2026-03-17T02:40:29.9725163Z app/tests/test_role_service.py::TestCreateSystemRoles::test_creates_only_missing_roles PASSED [ 76%]
Backend CI	Run tests	2026-03-17T02:40:29.9748500Z app/tests/test_role_service.py::TestCreateSystemRoles::test_empty_default_roles PASSED [ 77%]
Backend CI	Run tests	2026-03-17T02:40:29.9800541Z app/tests/test_role_service.py::TestCreateSystemRoles::test_stores_permissions_as_json PASSED [ 77%]
Backend CI	Run tests	2026-03-17T02:40:29.9817180Z app/tests/test_role_service.py::TestGetAllPermissions::test_returns_all_permissions PASSED [ 77%]
Backend CI	Run tests	2026-03-17T02:40:29.9833414Z app/tests/test_role_service.py::TestGetAllPermissions::test_each_entry_has_value_and_name PASSED [ 77%]
Backend CI	Run tests	2026-03-17T02:40:29.9849401Z app/tests/test_role_service.py::TestGetAllPermissions::test_contains_known_permission PASSED [ 77%]
Backend CI	Run tests	2026-03-17T02:40:29.9867008Z app/tests/test_role_service.py::TestGetAllPermissions::test_format_matches_enum PASSED [ 77%]
Backend CI	Run tests	2026-03-17T02:40:29.9884265Z app/tests/test_role_service.py::TestGetPermissionsByCategory::test_returns_dict_of_categories PASSED [ 77%]
Backend CI	Run tests	2026-03-17T02:40:29.9901092Z app/tests/test_role_service.py::TestGetPermissionsByCategory::test_known_categories_present PASSED [ 77%]
Backend CI	Run tests	2026-03-17T02:40:29.9918667Z app/tests/test_role_service.py::TestGetPermissionsByCategory::test_each_entry_has_required_fields PASSED [ 77%]
Backend CI	Run tests	2026-03-17T02:40:29.9935594Z app/tests/test_role_service.py::TestGetPermissionsByCategory::test_action_extracted_correctly PASSED [ 77%]
Backend CI	Run tests	2026-03-17T02:40:29.9952598Z app/tests/test_role_service.py::TestGetPermissionsByCategory::test_all_permissions_accounted_for PASSED [ 77%]
Backend CI	Run tests	2026-03-17T02:40:29.9972989Z app/tests/test_role_service.py::TestGetPermissionsByCategory::test_category_matches_value_prefix PASSED [ 77%]
Backend CI	Run tests	2026-03-17T02:40:30.0010417Z app/tests/test_sage_service.py::TestConnection::test_get PASSED          [ 77%]
Backend CI	Run tests	2026-03-17T02:40:30.0043743Z app/tests/test_sage_service.py::TestConnection::test_get_not_found PASSED [ 77%]
Backend CI	Run tests	2026-03-17T02:40:30.0072332Z app/tests/test_sage_service.py::TestConnection::test_create PASSED       [ 77%]
Backend CI	Run tests	2026-03-17T02:40:30.0115890Z app/tests/test_sage_service.py::TestConnection::test_update_status PASSED [ 77%]
Backend CI	Run tests	2026-03-17T02:40:30.0172551Z app/tests/test_sage_service.py::TestConnection::test_update_status_with_sync_time PASSED [ 77%]
Backend CI	Run tests	2026-03-17T02:40:30.0205659Z app/tests/test_sage_service.py::TestConnection::test_update_status_not_found PASSED [ 77%]
Backend CI	Run tests	2026-03-17T02:40:30.0246344Z app/tests/test_sage_service.py::TestConnection::test_disconnect PASSED   [ 77%]
Backend CI	Run tests	2026-03-17T02:40:30.0279322Z app/tests/test_sage_service.py::TestConnection::test_disconnect_not_found PASSED [ 77%]
Backend CI	Run tests	2026-03-17T02:40:30.0322387Z app/tests/test_sage_service.py::TestConnection::test_toggle_sync PASSED  [ 77%]
Backend CI	Run tests	2026-03-17T02:40:30.0356368Z app/tests/test_sage_service.py::TestConnection::test_toggle_sync_not_found PASSED [ 77%]
Backend CI	Run tests	2026-03-17T02:40:30.0393000Z app/tests/test_sage_service.py::TestMappings::test_list PASSED           [ 77%]
Backend CI	Run tests	2026-03-17T02:40:30.0451431Z app/tests/test_sage_service.py::TestMappings::test_save_new PASSED       [ 77%]
Backend CI	Run tests	2026-03-17T02:40:30.0496159Z app/tests/test_sage_service.py::TestMappings::test_save_update PASSED    [ 77%]
Backend CI	Run tests	2026-03-17T02:40:30.0523892Z app/tests/test_sage_service.py::TestSyncLog::test_log PASSED             [ 77%]
Backend CI	Run tests	2026-03-17T02:40:30.0560176Z app/tests/test_sage_service.py::TestSyncLog::test_get_history PASSED     [ 77%]
Backend CI	Run tests	2026-03-17T02:40:30.0596108Z app/tests/test_sage_service.py::TestSyncLog::test_get_history_filtered PASSED [ 77%]
Backend CI	Run tests	2026-03-17T02:40:30.0648376Z app/tests/test_sage_service.py::TestSyncLog::test_error_summary PASSED   [ 77%]
Backend CI	Run tests	2026-03-17T02:40:30.0676952Z app/tests/test_sage_service.py::TestQueue::test_enqueue PASSED           [ 77%]
Backend CI	Run tests	2026-03-17T02:40:30.0729605Z app/tests/test_sage_service.py::TestQueue::test_get_pending PASSED       [ 77%]
Backend CI	Run tests	2026-03-17T02:40:30.0769014Z app/tests/test_sage_service.py::TestQueue::test_mark_completed PASSED    [ 77%]
Backend CI	Run tests	2026-03-17T02:40:30.0801509Z app/tests/test_sage_service.py::TestQueue::test_mark_completed_not_found PASSED [ 77%]
Backend CI	Run tests	2026-03-17T02:40:30.0844414Z app/tests/test_sage_service.py::TestQueue::test_mark_failed_retry PASSED [ 77%]
Backend CI	Run tests	2026-03-17T02:40:30.0887672Z app/tests/test_sage_service.py::TestQueue::test_mark_failed_dead_letter PASSED [ 77%]
Backend CI	Run tests	2026-03-17T02:40:30.0920421Z app/tests/test_sage_service.py::TestQueue::test_mark_failed_not_found PASSED [ 77%]
Backend CI	Run tests	2026-03-17T02:40:30.0964278Z app/tests/test_sage_service.py::TestQueue::test_retry_item PASSED        [ 77%]
Backend CI	Run tests	2026-03-17T02:40:30.1017058Z app/tests/test_sage_service.py::TestQueue::test_retry_not_found PASSED   [ 77%]
Backend CI	Run tests	2026-03-17T02:40:30.1037405Z app/tests/test_sales_report_service.py::TestCalcChange::test_positive_change PASSED [ 77%]
Backend CI	Run tests	2026-03-17T02:40:30.1056839Z app/tests/test_sales_report_service.py::TestCalcChange::test_negative_change PASSED [ 77%]
Backend CI	Run tests	2026-03-17T02:40:30.1076210Z app/tests/test_sales_report_service.py::TestCalcChange::test_zero_previous PASSED [ 77%]
Backend CI	Run tests	2026-03-17T02:40:30.1095969Z app/tests/test_sales_report_service.py::TestCalcChange::test_no_change PASSED [ 77%]
Backend CI	Run tests	2026-03-17T02:40:30.1140891Z app/tests/test_sales_report_service.py::TestGetDailyReport::test_daily_report_structure PASSED [ 78%]
Backend CI	Run tests	2026-03-17T02:40:30.1183559Z app/tests/test_sales_report_service.py::TestGetDailyReport::test_daily_report_uses_totals PASSED [ 78%]
Backend CI	Run tests	2026-03-17T02:40:30.1227857Z app/tests/test_sales_report_service.py::TestGetWeeklyReport::test_weekly_report_structure PASSED [ 78%]
Backend CI	Run tests	2026-03-17T02:40:30.1272477Z app/tests/test_sales_report_service.py::TestGetMonthlyReport::test_monthly_report_structure PASSED [ 78%]
Backend CI	Run tests	2026-03-17T02:40:30.1325530Z app/tests/test_sales_report_service.py::TestGetProductPerformance::test_returns_dict_with_products PASSED [ 78%]
Backend CI	Run tests	2026-03-17T02:40:30.1390379Z app/tests/test_sales_report_service.py::TestGetProductPerformance::test_empty_performance PASSED [ 78%]
Backend CI	Run tests	2026-03-17T02:40:30.1446842Z app/tests/test_sales_report_service.py::TestGetCategoryPerformance::test_returns_dict_with_categories PASSED [ 78%]
Backend CI	Run tests	2026-03-17T02:40:30.1496925Z app/tests/test_sales_report_service.py::TestGetPaymentBreakdown::test_returns_breakdown PASSED [ 78%]
Backend CI	Run tests	2026-03-17T02:40:30.1553961Z app/tests/test_sales_report_service.py::TestGetTimeAnalysis::test_returns_analysis PASSED [ 78%]
Backend CI	Run tests	2026-03-17T02:40:30.1700214Z app/tests/test_sales_report_service.py::TestGetDiscountAnalysis::test_returns_analysis PASSED [ 78%]
Backend CI	Run tests	2026-03-17T02:40:30.1805098Z app/tests/test_sales_report_service.py::TestGetRefundAnalysis::test_returns_analysis PASSED [ 78%]
Backend CI	Run tests	2026-03-17T02:40:30.1820485Z app/tests/test_session_service.py::TestHashToken::test_returns_sha256_hex PASSED [ 78%]
Backend CI	Run tests	2026-03-17T02:40:30.1835641Z app/tests/test_session_service.py::TestHashToken::test_deterministic PASSED [ 78%]
Backend CI	Run tests	2026-03-17T02:40:30.1850646Z app/tests/test_session_service.py::TestHashToken::test_different_tokens_differ PASSED [ 78%]
Backend CI	Run tests	2026-03-17T02:40:30.1865806Z app/tests/test_session_service.py::TestParseDeviceInfo::test_none_returns_defaults PASSED [ 78%]
Backend CI	Run tests	2026-03-17T02:40:30.1880605Z app/tests/test_session_service.py::TestParseDeviceInfo::test_empty_string_returns_defaults PASSED [ 78%]
Backend CI	Run tests	2026-03-17T02:40:30.1917714Z app/tests/test_session_service.py::TestParseDeviceInfo::test_desktop_user_agent PASSED [ 78%]
Backend CI	Run tests	2026-03-17T02:40:30.1948859Z app/tests/test_session_service.py::TestParseDeviceInfo::test_mobile_user_agent PASSED [ 78%]
Backend CI	Run tests	2026-03-17T02:40:30.2004112Z app/tests/test_session_service.py::TestCreateSession::test_creates_and_persists PASSED [ 78%]
Backend CI	Run tests	2026-03-17T02:40:30.2068651Z app/tests/test_session_service.py::TestCreateSession::test_marks_previous_sessions_not_current PASSED [ 78%]
Backend CI	Run tests	2026-03-17T02:40:30.2119614Z app/tests/test_session_service.py::TestCreateSession::test_device_info_parsed PASSED [ 78%]
Backend CI	Run tests	2026-03-17T02:40:30.2173188Z app/tests/test_session_service.py::TestGetSessionByToken::test_returns_session_when_found PASSED [ 78%]
Backend CI	Run tests	2026-03-17T02:40:30.2214263Z app/tests/test_session_service.py::TestGetSessionByToken::test_returns_none_when_not_found PASSED [ 78%]
Backend CI	Run tests	2026-03-17T02:40:30.2282297Z app/tests/test_session_service.py::TestGetUserSessions::test_active_only_by_default PASSED [ 78%]
Backend CI	Run tests	2026-03-17T02:40:30.2348423Z app/tests/test_session_service.py::TestGetUserSessions::test_include_inactive PASSED [ 78%]
Backend CI	Run tests	2026-03-17T02:40:30.2401114Z app/tests/test_session_service.py::TestUpdateSessionActivity::test_updates_last_active_at PASSED [ 78%]
Backend CI	Run tests	2026-03-17T02:40:30.2457472Z app/tests/test_session_service.py::TestRevokeSession::test_revokes_existing_session PASSED [ 78%]
Backend CI	Run tests	2026-03-17T02:40:30.2499806Z app/tests/test_session_service.py::TestRevokeSession::test_returns_false_when_not_found PASSED [ 78%]
Backend CI	Run tests	2026-03-17T02:40:30.2543894Z app/tests/test_session_service.py::TestRevokeAllSessions::test_revokes_all PASSED [ 78%]
Backend CI	Run tests	2026-03-17T02:40:30.2589435Z app/tests/test_session_service.py::TestRevokeAllSessions::test_revokes_all_except_one PASSED [ 78%]
Backend CI	Run tests	2026-03-17T02:40:30.2633347Z app/tests/test_session_service.py::TestCleanupExpiredSessions::test_cleanup_all_expired PASSED [ 78%]
Backend CI	Run tests	2026-03-17T02:40:30.2693162Z app/tests/test_session_service.py::TestCleanupExpiredSessions::test_cleanup_for_specific_user PASSED [ 78%]
Backend CI	Run tests	2026-03-17T02:40:30.2751945Z app/tests/test_session_service.py::TestValidateSession::test_valid_session PASSED [ 78%]
Backend CI	Run tests	2026-03-17T02:40:30.2792645Z app/tests/test_session_service.py::TestValidateSession::test_returns_none_when_not_found PASSED [ 78%]
Backend CI	Run tests	2026-03-17T02:40:30.2846868Z app/tests/test_session_service.py::TestValidateSession::test_returns_none_when_invalid PASSED [ 78%]
Backend CI	Run tests	2026-03-17T02:40:30.2862335Z app/tests/test_sessions.py::TestHashToken::test_hash_token_creates_consistent_hash PASSED [ 78%]
Backend CI	Run tests	2026-03-17T02:40:30.2878532Z app/tests/test_sessions.py::TestHashToken::test_hash_token_different_tokens_different_hashes PASSED [ 78%]
Backend CI	Run tests	2026-03-17T02:40:30.2893835Z app/tests/test_sessions.py::TestHashToken::test_hash_token_is_sha256 PASSED [ 78%]
Backend CI	Run tests	2026-03-17T02:40:30.2925004Z app/tests/test_sessions.py::TestParseDeviceInfo::test_parse_device_info_chrome_desktop PASSED [ 78%]
Backend CI	Run tests	2026-03-17T02:40:30.2954175Z app/tests/test_sessions.py::TestParseDeviceInfo::test_parse_device_info_mobile PASSED [ 78%]
Backend CI	Run tests	2026-03-17T02:40:30.2982216Z app/tests/test_sessions.py::TestParseDeviceInfo::test_parse_device_info_tablet PASSED [ 78%]
Backend CI	Run tests	2026-03-17T02:40:30.2997394Z app/tests/test_sessions.py::TestParseDeviceInfo::test_parse_device_info_none_user_agent PASSED [ 78%]
Backend CI	Run tests	2026-03-17T02:40:30.3012139Z app/tests/test_sessions.py::TestParseDeviceInfo::test_parse_device_info_empty_user_agent PASSED [ 79%]
Backend CI	Run tests	2026-03-17T02:40:30.3038535Z app/tests/test_sessions.py::TestParseDeviceInfo::test_parse_device_info_invalid_user_agent PASSED [ 79%]
Backend CI	Run tests	2026-03-17T02:40:30.3100407Z app/tests/test_sessions.py::TestSessionService::test_create_session PASSED [ 79%]
Backend CI	Run tests	2026-03-17T02:40:30.3149118Z app/tests/test_sessions.py::TestSessionService::test_create_session_marks_other_sessions_not_current PASSED [ 79%]
Backend CI	Run tests	2026-03-17T02:40:30.3203575Z app/tests/test_sessions.py::TestSessionService::test_get_session_by_token PASSED [ 79%]
Backend CI	Run tests	2026-03-17T02:40:30.3244207Z app/tests/test_sessions.py::TestSessionService::test_get_session_by_token_not_found PASSED [ 79%]
Backend CI	Run tests	2026-03-17T02:40:30.3340984Z app/tests/test_sessions.py::TestSessionService::test_get_user_sessions PASSED [ 79%]
Backend CI	Run tests	2026-03-17T02:40:30.3405890Z app/tests/test_sessions.py::TestSessionService::test_get_user_sessions_include_inactive PASSED [ 79%]
Backend CI	Run tests	2026-03-17T02:40:30.3453422Z app/tests/test_sessions.py::TestSessionService::test_update_session_activity PASSED [ 79%]
Backend CI	Run tests	2026-03-17T02:40:30.3508623Z app/tests/test_sessions.py::TestSessionService::test_revoke_session PASSED [ 79%]
Backend CI	Run tests	2026-03-17T02:40:30.3550102Z app/tests/test_sessions.py::TestSessionService::test_revoke_session_not_found PASSED [ 79%]
Backend CI	Run tests	2026-03-17T02:40:30.3594435Z app/tests/test_sessions.py::TestSessionService::test_revoke_all_sessions PASSED [ 79%]
Backend CI	Run tests	2026-03-17T02:40:30.3642254Z app/tests/test_sessions.py::TestSessionService::test_revoke_all_sessions_except_one PASSED [ 79%]
Backend CI	Run tests	2026-03-17T02:40:30.3685703Z app/tests/test_sessions.py::TestSessionService::test_cleanup_expired_sessions PASSED [ 79%]
Backend CI	Run tests	2026-03-17T02:40:30.3734341Z app/tests/test_sessions.py::TestSessionService::test_cleanup_expired_sessions_for_user PASSED [ 79%]
Backend CI	Run tests	2026-03-17T02:40:30.3794747Z app/tests/test_sessions.py::TestSessionService::test_validate_session_valid PASSED [ 79%]
Backend CI	Run tests	2026-03-17T02:40:30.3846535Z app/tests/test_sessions.py::TestSessionService::test_validate_session_invalid PASSED [ 79%]
Backend CI	Run tests	2026-03-17T02:40:30.3904026Z app/tests/test_sessions.py::TestSessionService::test_validate_session_not_found PASSED [ 79%]
Backend CI	Run tests	2026-03-17T02:40:30.3919638Z app/tests/test_sessions.py::TestSessionModel::test_session_is_expired_true PASSED [ 79%]
Backend CI	Run tests	2026-03-17T02:40:30.3935036Z app/tests/test_sessions.py::TestSessionModel::test_session_is_expired_false PASSED [ 79%]
Backend CI	Run tests	2026-03-17T02:40:30.3950303Z app/tests/test_sessions.py::TestSessionModel::test_session_is_valid_true PASSED [ 79%]
Backend CI	Run tests	2026-03-17T02:40:30.3965765Z app/tests/test_sessions.py::TestSessionModel::test_session_is_valid_false_inactive PASSED [ 79%]
Backend CI	Run tests	2026-03-17T02:40:30.3980910Z app/tests/test_sessions.py::TestSessionModel::test_session_is_valid_false_expired PASSED [ 79%]
Backend CI	Run tests	2026-03-17T02:40:30.3996345Z app/tests/test_sessions.py::TestSessionModel::test_session_is_valid_false_revoked PASSED [ 79%]
Backend CI	Run tests	2026-03-17T02:40:30.4014502Z app/tests/test_sessions.py::TestSessionModel::test_session_repr PASSED   [ 79%]
Backend CI	Run tests	2026-03-17T02:40:30.4043488Z app/tests/test_sessions_api.py::TestSessionResponseSchema::test_session_response_creation PASSED [ 79%]
Backend CI	Run tests	2026-03-17T02:40:30.4058494Z app/tests/test_sessions_api.py::TestSessionResponseSchema::test_session_response_with_none_values PASSED [ 79%]
Backend CI	Run tests	2026-03-17T02:40:30.4073254Z app/tests/test_sessions_api.py::TestSessionResponseSchema::test_session_list_response_empty PASSED [ 79%]
Backend CI	Run tests	2026-03-17T02:40:30.4101632Z app/tests/test_sessions_api.py::TestSessionResponseSchema::test_session_list_response_multiple PASSED [ 79%]
Backend CI	Run tests	2026-03-17T02:40:30.4116709Z app/tests/test_sessions_api.py::TestSessionResponseSchema::test_revoke_session_response PASSED [ 79%]
Backend CI	Run tests	2026-03-17T02:40:30.4131630Z app/tests/test_sessions_api.py::TestSessionResponseSchema::test_revoke_all_response PASSED [ 79%]
Backend CI	Run tests	2026-03-17T02:40:30.4146734Z app/tests/test_sessions_api.py::TestSessionResponseSchema::test_revoke_all_response_zero_revoked PASSED [ 79%]
Backend CI	Run tests	2026-03-17T02:40:30.4175412Z app/tests/test_sessions_api.py::TestSessionResponseSerialization::test_session_response_dict_conversion PASSED [ 79%]
Backend CI	Run tests	2026-03-17T02:40:30.4206745Z app/tests/test_sessions_api.py::TestSessionResponseSerialization::test_session_list_response_dict_conversion PASSED [ 79%]
Backend CI	Run tests	2026-03-17T02:40:30.4236227Z app/tests/test_shift_service.py::TestCreateShift::test_creates_shift_with_all_fields PASSED [ 79%]
Backend CI	Run tests	2026-03-17T02:40:30.4264022Z app/tests/test_shift_service.py::TestCreateShift::test_creates_shift_defaults PASSED [ 79%]
Backend CI	Run tests	2026-03-17T02:40:30.4329470Z app/tests/test_shift_service.py::TestListShifts::test_basic_list PASSED  [ 79%]
Backend CI	Run tests	2026-03-17T02:40:30.4374069Z app/tests/test_shift_service.py::TestListShifts::test_filters_by_date_range_and_user PASSED [ 79%]
Backend CI	Run tests	2026-03-17T02:40:30.4416180Z app/tests/test_shift_service.py::TestListShifts::test_filters_by_status PASSED [ 79%]
Backend CI	Run tests	2026-03-17T02:40:30.4459010Z app/tests/test_shift_service.py::TestListShifts::test_pagination PASSED  [ 79%]
Backend CI	Run tests	2026-03-17T02:40:30.4525584Z app/tests/test_shift_service.py::TestGetShift::test_returns_shift PASSED [ 79%]
Backend CI	Run tests	2026-03-17T02:40:30.4565171Z app/tests/test_shift_service.py::TestGetShift::test_returns_none_when_not_found PASSED [ 79%]
Backend CI	Run tests	2026-03-17T02:40:30.4604994Z app/tests/test_shift_service.py::TestUpdateShift::test_update_success PASSED [ 80%]
Backend CI	Run tests	2026-03-17T02:40:30.4625528Z app/tests/test_shift_service.py::TestUpdateShift::test_update_not_found PASSED [ 80%]
Backend CI	Run tests	2026-03-17T02:40:30.4664261Z app/tests/test_shift_service.py::TestUpdateShift::test_update_skips_none_values PASSED [ 80%]
Backend CI	Run tests	2026-03-17T02:40:30.4700904Z app/tests/test_shift_service.py::TestDeleteShift::test_delete_success PASSED [ 80%]
Backend CI	Run tests	2026-03-17T02:40:30.4723061Z app/tests/test_shift_service.py::TestDeleteShift::test_delete_not_found PASSED [ 80%]
Backend CI	Run tests	2026-03-17T02:40:30.4762009Z app/tests/test_shift_service.py::TestClockIn::test_clock_in_success PASSED [ 80%]
Backend CI	Run tests	2026-03-17T02:40:30.4780962Z app/tests/test_shift_service.py::TestClockIn::test_clock_in_not_found PASSED [ 80%]
Backend CI	Run tests	2026-03-17T02:40:30.4813260Z app/tests/test_shift_service.py::TestClockIn::test_clock_in_wrong_status PASSED [ 80%]
Backend CI	Run tests	2026-03-17T02:40:30.4853415Z app/tests/test_shift_service.py::TestClockOut::test_clock_out_success PASSED [ 80%]
Backend CI	Run tests	2026-03-17T02:40:30.4871980Z app/tests/test_shift_service.py::TestClockOut::test_clock_out_not_found PASSED [ 80%]
Backend CI	Run tests	2026-03-17T02:40:30.4908213Z app/tests/test_shift_service.py::TestClockOut::test_clock_out_wrong_status PASSED [ 80%]
Backend CI	Run tests	2026-03-17T02:40:30.4963904Z app/tests/test_shift_service.py::TestGetSchedule::test_groups_shifts_by_date PASSED [ 80%]
Backend CI	Run tests	2026-03-17T02:40:30.4982878Z app/tests/test_shift_service.py::TestGetSchedule::test_empty_schedule PASSED [ 80%]
Backend CI	Run tests	2026-03-17T02:40:30.5004084Z app/tests/test_shift_service.py::TestGetSchedule::test_passes_correct_date_range PASSED [ 80%]
Backend CI	Run tests	2026-03-17T02:40:30.5033013Z app/tests/test_shift_service.py::TestCreateLeaveRequest::test_creates_leave_request PASSED [ 80%]
Backend CI	Run tests	2026-03-17T02:40:30.5109181Z app/tests/test_shift_service.py::TestListLeaveRequests::test_basic_list PASSED [ 80%]
Backend CI	Run tests	2026-03-17T02:40:30.5152562Z app/tests/test_shift_service.py::TestListLeaveRequests::test_filters_by_user_and_status PASSED [ 80%]
Backend CI	Run tests	2026-03-17T02:40:30.5193947Z app/tests/test_shift_service.py::TestListLeaveRequests::test_pagination PASSED [ 80%]
Backend CI	Run tests	2026-03-17T02:40:30.5250624Z app/tests/test_shift_service.py::TestApproveLeave::test_approve_success PASSED [ 80%]
Backend CI	Run tests	2026-03-17T02:40:30.5290811Z app/tests/test_shift_service.py::TestApproveLeave::test_approve_not_found PASSED [ 80%]
Backend CI	Run tests	2026-03-17T02:40:30.5343154Z app/tests/test_shift_service.py::TestApproveLeave::test_approve_wrong_status PASSED [ 80%]
Backend CI	Run tests	2026-03-17T02:40:30.5414156Z app/tests/test_shift_service.py::TestRejectLeave::test_reject_success PASSED [ 80%]
Backend CI	Run tests	2026-03-17T02:40:30.5453076Z app/tests/test_shift_service.py::TestRejectLeave::test_reject_not_found PASSED [ 80%]
Backend CI	Run tests	2026-03-17T02:40:30.5506675Z app/tests/test_shift_service.py::TestRejectLeave::test_reject_wrong_status PASSED [ 80%]
Backend CI	Run tests	2026-03-17T02:40:30.5522372Z app/tests/test_signage_service.py::TestHelpers::test_pairing_code_length PASSED [ 80%]
Backend CI	Run tests	2026-03-17T02:40:30.5537989Z app/tests/test_signage_service.py::TestHelpers::test_pairing_code_custom_length PASSED [ 80%]
Backend CI	Run tests	2026-03-17T02:40:30.5553091Z app/tests/test_signage_service.py::TestHelpers::test_pairing_code_alphanumeric PASSED [ 80%]
Backend CI	Run tests	2026-03-17T02:40:30.5580797Z app/tests/test_signage_service.py::TestDisplayGroups::test_create PASSED [ 80%]
Backend CI	Run tests	2026-03-17T02:40:30.5616960Z app/tests/test_signage_service.py::TestDisplayGroups::test_get PASSED    [ 80%]
Backend CI	Run tests	2026-03-17T02:40:30.5649768Z app/tests/test_signage_service.py::TestDisplayGroups::test_get_not_found PASSED [ 80%]
Backend CI	Run tests	2026-03-17T02:40:30.5684656Z app/tests/test_signage_service.py::TestDisplayGroups::test_list PASSED   [ 80%]
Backend CI	Run tests	2026-03-17T02:40:30.5741911Z app/tests/test_signage_service.py::TestDisplayGroups::test_update PASSED [ 80%]
Backend CI	Run tests	2026-03-17T02:40:30.5775079Z app/tests/test_signage_service.py::TestDisplayGroups::test_update_not_found PASSED [ 80%]
Backend CI	Run tests	2026-03-17T02:40:30.5816875Z app/tests/test_signage_service.py::TestDisplayGroups::test_delete PASSED [ 80%]
Backend CI	Run tests	2026-03-17T02:40:30.5849303Z app/tests/test_signage_service.py::TestDisplayGroups::test_delete_not_found PASSED [ 80%]
Backend CI	Run tests	2026-03-17T02:40:30.5877512Z app/tests/test_signage_service.py::TestDisplays::test_create PASSED      [ 80%]
Backend CI	Run tests	2026-03-17T02:40:30.5913962Z app/tests/test_signage_service.py::TestDisplays::test_get PASSED         [ 80%]
Backend CI	Run tests	2026-03-17T02:40:30.5950090Z app/tests/test_signage_service.py::TestDisplays::test_list PASSED        [ 80%]
Backend CI	Run tests	2026-03-17T02:40:30.5985915Z app/tests/test_signage_service.py::TestDisplays::test_list_with_group_filter PASSED [ 80%]
Backend CI	Run tests	2026-03-17T02:40:30.6043311Z app/tests/test_signage_service.py::TestDisplays::test_update PASSED      [ 80%]
Backend CI	Run tests	2026-03-17T02:40:30.6085411Z app/tests/test_signage_service.py::TestDisplays::test_heartbeat PASSED   [ 80%]
Backend CI	Run tests	2026-03-17T02:40:30.6117929Z app/tests/test_signage_service.py::TestDisplays::test_heartbeat_not_found PASSED [ 80%]
Backend CI	Run tests	2026-03-17T02:40:30.6145739Z app/tests/test_signage_service.py::TestContent::test_create PASSED       [ 80%]
Backend CI	Run tests	2026-03-17T02:40:30.6181434Z app/tests/test_signage_service.py::TestContent::test_get PASSED          [ 81%]
Backend CI	Run tests	2026-03-17T02:40:30.6216611Z app/tests/test_signage_service.py::TestContent::test_list PASSED         [ 81%]
Backend CI	Run tests	2026-03-17T02:40:30.6252412Z app/tests/test_signage_service.py::TestContent::test_list_with_filters PASSED [ 81%]
Backend CI	Run tests	2026-03-17T02:40:30.6307416Z app/tests/test_signage_service.py::TestContent::test_publish PASSED      [ 81%]
Backend CI	Run tests	2026-03-17T02:40:30.6339346Z app/tests/test_signage_service.py::TestContent::test_publish_not_found PASSED [ 81%]
Backend CI	Run tests	2026-03-17T02:40:30.6383830Z app/tests/test_signage_service.py::TestContent::test_update PASSED       [ 81%]
Backend CI	Run tests	2026-03-17T02:40:30.6412017Z app/tests/test_signage_service.py::TestPlaylists::test_create PASSED     [ 81%]
Backend CI	Run tests	2026-03-17T02:40:30.6448463Z app/tests/test_signage_service.py::TestPlaylists::test_get PASSED        [ 81%]
Backend CI	Run tests	2026-03-17T02:40:30.6483127Z app/tests/test_signage_service.py::TestPlaylists::test_list PASSED       [ 81%]
Backend CI	Run tests	2026-03-17T02:40:30.6528159Z app/tests/test_signage_service.py::TestPlaylists::test_update PASSED     [ 81%]
Backend CI	Run tests	2026-03-17T02:40:30.6561995Z app/tests/test_signage_service.py::TestPlaylists::test_update_not_found PASSED [ 81%]
Backend CI	Run tests	2026-03-17T02:40:30.6603718Z app/tests/test_signage_service.py::TestPlaylistItems::test_add PASSED    [ 81%]
Backend CI	Run tests	2026-03-17T02:40:30.6637862Z app/tests/test_signage_service.py::TestPlaylistItems::test_list PASSED   [ 81%]
Backend CI	Run tests	2026-03-17T02:40:30.6679496Z app/tests/test_signage_service.py::TestPlaylistItems::test_remove PASSED [ 81%]
Backend CI	Run tests	2026-03-17T02:40:30.6714759Z app/tests/test_signage_service.py::TestPlaylistItems::test_remove_not_found PASSED [ 81%]
Backend CI	Run tests	2026-03-17T02:40:30.6746692Z app/tests/test_smart_collection_service.py::TestCreateCollection::test_create_with_defaults PASSED [ 81%]
Backend CI	Run tests	2026-03-17T02:40:30.6777229Z app/tests/test_smart_collection_service.py::TestCreateCollection::test_create_with_all_fields PASSED [ 81%]
Backend CI	Run tests	2026-03-17T02:40:30.6827644Z app/tests/test_smart_collection_service.py::TestListCollections::test_active_only_default PASSED [ 81%]
Backend CI	Run tests	2026-03-17T02:40:30.6864590Z app/tests/test_smart_collection_service.py::TestListCollections::test_include_inactive PASSED [ 81%]
Backend CI	Run tests	2026-03-17T02:40:30.6916708Z app/tests/test_smart_collection_service.py::TestListCollections::test_pagination_offset_limit PASSED [ 81%]
Backend CI	Run tests	2026-03-17T02:40:30.6964130Z app/tests/test_smart_collection_service.py::TestGetCollection::test_found PASSED [ 81%]
Backend CI	Run tests	2026-03-17T02:40:30.6999154Z app/tests/test_smart_collection_service.py::TestGetCollection::test_not_found PASSED [ 81%]
Backend CI	Run tests	2026-03-17T02:40:30.7053628Z app/tests/test_smart_collection_service.py::TestUpdateCollection::test_updates_fields PASSED [ 81%]
Backend CI	Run tests	2026-03-17T02:40:30.7090316Z app/tests/test_smart_collection_service.py::TestUpdateCollection::test_not_found_returns_none PASSED [ 81%]
Backend CI	Run tests	2026-03-17T02:40:30.7143526Z app/tests/test_smart_collection_service.py::TestUpdateCollection::test_partial_update_leaves_other_fields PASSED [ 81%]
Backend CI	Run tests	2026-03-17T02:40:30.7210689Z app/tests/test_smart_collection_service.py::TestDeleteCollection::test_found PASSED [ 81%]
Backend CI	Run tests	2026-03-17T02:40:30.7246625Z app/tests/test_smart_collection_service.py::TestDeleteCollection::test_not_found PASSED [ 81%]
Backend CI	Run tests	2026-03-17T02:40:30.7330102Z app/tests/test_smart_collection_service.py::TestAddProduct::test_add_product PASSED [ 81%]
Backend CI	Run tests	2026-03-17T02:40:30.7425455Z app/tests/test_smart_collection_service.py::TestAddProduct::test_add_product_default_flags PASSED [ 81%]
Backend CI	Run tests	2026-03-17T02:40:30.7533301Z app/tests/test_smart_collection_service.py::TestRemoveProduct::test_found PASSED [ 81%]
Backend CI	Run tests	2026-03-17T02:40:30.7571434Z app/tests/test_smart_collection_service.py::TestRemoveProduct::test_not_found PASSED [ 81%]
Backend CI	Run tests	2026-03-17T02:40:30.7627347Z app/tests/test_smart_collection_service.py::TestListProducts::test_returns_non_excluded PASSED [ 81%]
Backend CI	Run tests	2026-03-17T02:40:30.7662617Z app/tests/test_smart_collection_service.py::TestListProducts::test_empty PASSED [ 81%]
Backend CI	Run tests	2026-03-17T02:40:30.7766357Z app/tests/test_smart_collection_service.py::TestExcludeProduct::test_found PASSED [ 81%]
Backend CI	Run tests	2026-03-17T02:40:30.7802395Z app/tests/test_smart_collection_service.py::TestExcludeProduct::test_not_found PASSED [ 81%]
Backend CI	Run tests	2026-03-17T02:40:30.7864917Z app/tests/test_smart_collection_service.py::TestUpdateProductCount::test_sets_count_on_collection PASSED [ 81%]
Backend CI	Run tests	2026-03-17T02:40:30.7927985Z app/tests/test_smart_collection_service.py::TestUpdateProductCount::test_defaults_to_zero_when_scalar_is_none PASSED [ 81%]
Backend CI	Run tests	2026-03-17T02:40:30.7979181Z app/tests/test_smart_collection_service.py::TestUpdateProductCount::test_no_collection_found PASSED [ 81%]
Backend CI	Run tests	2026-03-17T02:40:30.8044871Z app/tests/test_smart_collection_service.py::TestRefreshCollection::test_found PASSED [ 81%]
Backend CI	Run tests	2026-03-17T02:40:30.8084167Z app/tests/test_smart_collection_service.py::TestRefreshCollection::test_not_found PASSED [ 81%]
Backend CI	Run tests	2026-03-17T02:40:30.8101176Z app/tests/test_staff_report_service.py::TestParseAndHelpers::test_parse_dates PASSED [ 81%]
Backend CI	Run tests	2026-03-17T02:40:30.8141312Z app/tests/test_staff_report_service.py::TestParseAndHelpers::test_get_business_staff PASSED [ 81%]
Backend CI	Run tests	2026-03-17T02:40:30.8192544Z app/tests/test_staff_report_service.py::TestPerformanceReport::test_performance_basic PASSED [ 82%]
Backend CI	Run tests	2026-03-17T02:40:30.8240306Z app/tests/test_staff_report_service.py::TestPerformanceReport::test_performance_empty PASSED [ 82%]
Backend CI	Run tests	2026-03-17T02:40:30.8290702Z app/tests/test_staff_report_service.py::TestPerformanceReport::test_performance_multiple_staff PASSED [ 82%]
Backend CI	Run tests	2026-03-17T02:40:30.8353343Z app/tests/test_staff_report_service.py::TestAttendanceReport::test_attendance_report_basic PASSED [ 82%]
Backend CI	Run tests	2026-03-17T02:40:30.8404481Z app/tests/test_staff_report_service.py::TestAttendanceReport::test_attendance_report_user_filter PASSED [ 82%]
Backend CI	Run tests	2026-03-17T02:40:30.8455728Z app/tests/test_staff_report_service.py::TestAttendanceReport::test_attendance_multi_day PASSED [ 82%]
Backend CI	Run tests	2026-03-17T02:40:30.8505065Z app/tests/test_staff_report_service.py::TestAttendanceReport::test_attendance_empty PASSED [ 82%]
Backend CI	Run tests	2026-03-17T02:40:30.8564848Z app/tests/test_staff_report_service.py::TestDepartmentPerformance::test_department_performance PASSED [ 82%]
Backend CI	Run tests	2026-03-17T02:40:30.8623451Z app/tests/test_staff_report_service.py::TestDepartmentPerformance::test_department_with_unassigned PASSED [ 82%]
Backend CI	Run tests	2026-03-17T02:40:30.8699055Z app/tests/test_staff_report_service.py::TestProductivityReport::test_productivity_report PASSED [ 82%]
Backend CI	Run tests	2026-03-17T02:40:30.8750011Z app/tests/test_staff_report_service.py::TestCommissionReport::test_commission_report PASSED [ 82%]
Backend CI	Run tests	2026-03-17T02:40:30.8799574Z app/tests/test_staff_report_service.py::TestCommissionReport::test_commission_default_rate PASSED [ 82%]
Backend CI	Run tests	2026-03-17T02:40:30.8847784Z app/tests/test_staff_report_service.py::TestCommissionReport::test_commission_empty PASSED [ 82%]
Backend CI	Run tests	2026-03-17T02:40:30.8926522Z app/tests/test_staff_report_service.py::TestActivityLog::test_activity_log_basic PASSED [ 82%]
Backend CI	Run tests	2026-03-17T02:40:30.8981395Z app/tests/test_staff_report_service.py::TestActivityLog::test_activity_log_pagination PASSED [ 82%]
Backend CI	Run tests	2026-03-17T02:40:30.9053209Z app/tests/test_staff_report_service.py::TestCashDrawerReport::test_cash_drawer_report PASSED [ 82%]
Backend CI	Run tests	2026-03-17T02:40:30.9101340Z app/tests/test_staff_report_service.py::TestVoidRefundReport::test_void_refund_report PASSED [ 82%]
Backend CI	Run tests	2026-03-17T02:40:30.9144806Z app/tests/test_staff_report_service.py::TestVoidRefundReport::test_void_refund_empty PASSED [ 82%]
Backend CI	Run tests	2026-03-17T02:40:30.9207339Z app/tests/test_staff_report_service.py::TestDiscountReport::test_discount_report PASSED [ 82%]
Backend CI	Run tests	2026-03-17T02:40:30.9257978Z app/tests/test_staff_report_service.py::TestDiscountReport::test_discount_empty PASSED [ 82%]
Backend CI	Run tests	2026-03-17T02:40:30.9287082Z app/tests/test_staff_target_service.py::TestTargetCRUD::test_create_target PASSED [ 82%]
Backend CI	Run tests	2026-03-17T02:40:30.9328016Z app/tests/test_staff_target_service.py::TestTargetCRUD::test_list_targets PASSED [ 82%]
Backend CI	Run tests	2026-03-17T02:40:30.9370041Z app/tests/test_staff_target_service.py::TestTargetCRUD::test_list_targets_with_filters PASSED [ 82%]
Backend CI	Run tests	2026-03-17T02:40:30.9412033Z app/tests/test_staff_target_service.py::TestTargetCRUD::test_get_target PASSED [ 82%]
Backend CI	Run tests	2026-03-17T02:40:30.9463017Z app/tests/test_staff_target_service.py::TestTargetCRUD::test_get_target_not_found PASSED [ 82%]
Backend CI	Run tests	2026-03-17T02:40:30.9513548Z app/tests/test_staff_target_service.py::TestTargetCRUD::test_update_target PASSED [ 82%]
Backend CI	Run tests	2026-03-17T02:40:30.9552149Z app/tests/test_staff_target_service.py::TestTargetCRUD::test_update_target_not_found PASSED [ 82%]
Backend CI	Run tests	2026-03-17T02:40:30.9597611Z app/tests/test_staff_target_service.py::TestTargetCRUD::test_delete_target PASSED [ 82%]
Backend CI	Run tests	2026-03-17T02:40:30.9636038Z app/tests/test_staff_target_service.py::TestTargetCRUD::test_delete_target_not_found PASSED [ 82%]
Backend CI	Run tests	2026-03-17T02:40:30.9679579Z app/tests/test_staff_target_service.py::TestProgress::test_get_progress PASSED [ 82%]
Backend CI	Run tests	2026-03-17T02:40:30.9731273Z app/tests/test_staff_target_service.py::TestProgress::test_get_progress_not_found PASSED [ 82%]
Backend CI	Run tests	2026-03-17T02:40:30.9759708Z app/tests/test_staff_target_service.py::TestTemplates::test_create_template PASSED [ 82%]
Backend CI	Run tests	2026-03-17T02:40:30.9801326Z app/tests/test_staff_target_service.py::TestTemplates::test_list_templates PASSED [ 82%]
Backend CI	Run tests	2026-03-17T02:40:30.9833675Z app/tests/test_staff_target_service.py::TestCommissionRules::test_create_percentage_rule PASSED [ 82%]
Backend CI	Run tests	2026-03-17T02:40:30.9866772Z app/tests/test_staff_target_service.py::TestCommissionRules::test_create_tiered_rule PASSED [ 82%]
Backend CI	Run tests	2026-03-17T02:40:30.9906802Z app/tests/test_staff_target_service.py::TestCommissionRules::test_list_rules PASSED [ 82%]
Backend CI	Run tests	2026-03-17T02:40:30.9958832Z app/tests/test_staff_target_service.py::TestCommissionRules::test_update_rule PASSED [ 82%]
Backend CI	Run tests	2026-03-17T02:40:31.0009442Z app/tests/test_staff_target_service.py::TestCommissionRules::test_update_rule_not_found PASSED [ 82%]
Backend CI	Run tests	2026-03-17T02:40:31.0049893Z app/tests/test_staff_target_service.py::TestCalculateCommission::test_percentage PASSED [ 82%]
Backend CI	Run tests	2026-03-17T02:40:31.0090357Z app/tests/test_staff_target_service.py::TestCalculateCommission::test_flat_rate PASSED [ 82%]
Backend CI	Run tests	2026-03-17T02:40:31.0130101Z app/tests/test_staff_target_service.py::TestCalculateCommission::test_below_min_threshold PASSED [ 82%]
Backend CI	Run tests	2026-03-17T02:40:31.0169632Z app/tests/test_staff_target_service.py::TestCalculateCommission::test_capped PASSED [ 82%]
Backend CI	Run tests	2026-03-17T02:40:31.0208501Z app/tests/test_staff_target_service.py::TestCalculateCommission::test_no_rules PASSED [ 83%]
Backend CI	Run tests	2026-03-17T02:40:31.0262391Z app/tests/test_staff_target_service.py::TestCalculateCommission::test_tiered PASSED [ 83%]
Backend CI	Run tests	2026-03-17T02:40:31.0303513Z app/tests/test_staff_target_service.py::TestStaffCommissions::test_list PASSED [ 83%]
Backend CI	Run tests	2026-03-17T02:40:31.0348458Z app/tests/test_staff_target_service.py::TestStaffCommissions::test_commission_report PASSED [ 83%]
Backend CI	Run tests	2026-03-17T02:40:31.0377547Z app/tests/test_staff_target_service.py::TestIncentives::test_create PASSED [ 83%]
Backend CI	Run tests	2026-03-17T02:40:31.0419207Z app/tests/test_staff_target_service.py::TestIncentives::test_list PASSED [ 83%]
Backend CI	Run tests	2026-03-17T02:40:31.0457725Z app/tests/test_staff_target_service.py::TestIncentives::test_check_eligibility_not_found PASSED [ 83%]
Backend CI	Run tests	2026-03-17T02:40:31.0496208Z app/tests/test_staff_target_service.py::TestIncentives::test_check_eligibility_already_achieved PASSED [ 83%]
Backend CI	Run tests	2026-03-17T02:40:31.0550742Z app/tests/test_staff_target_service.py::TestLeaderboard::test_get_leaderboard PASSED [ 83%]
Backend CI	Run tests	2026-03-17T02:40:31.0599280Z app/tests/test_staff_target_service.py::TestPerformance::test_summary PASSED [ 83%]
Backend CI	Run tests	2026-03-17T02:40:31.0643611Z app/tests/test_staff_target_service.py::TestPerformance::test_trends PASSED [ 83%]
Backend CI	Run tests	2026-03-17T02:40:31.0709736Z app/tests/test_stock_monitor_service.py::TestGetLowStockItems::test_single_low_stock_item PASSED [ 83%]
Backend CI	Run tests	2026-03-17T02:40:31.0748283Z app/tests/test_stock_monitor_service.py::TestGetLowStockItems::test_empty_results PASSED [ 83%]
Backend CI	Run tests	2026-03-17T02:40:31.0835627Z app/tests/test_stock_monitor_service.py::TestGetLowStockItems::test_multiple_low_stock_items PASSED [ 83%]
Backend CI	Run tests	2026-03-17T02:40:31.0898127Z app/tests/test_stock_monitor_service.py::TestGetLowStockItems::test_no_preferred_supplier PASSED [ 83%]
Backend CI	Run tests	2026-03-17T02:40:31.0975150Z app/tests/test_stock_monitor_service.py::TestGetLowStockItems::test_stock_quantity_none_defaults_to_zero PASSED [ 83%]
Backend CI	Run tests	2026-03-17T02:40:31.1013426Z app/tests/test_stock_monitor_service.py::TestGetLowStockItems::test_pagination_defaults PASSED [ 83%]
Backend CI	Run tests	2026-03-17T02:40:31.1051295Z app/tests/test_stock_monitor_service.py::TestGetLowStockItems::test_pagination_page_2 PASSED [ 83%]
Backend CI	Run tests	2026-03-17T02:40:31.1090244Z app/tests/test_stock_monitor_service.py::TestGetLowStockItems::test_pagination_page_3_per_page_5 PASSED [ 83%]
Backend CI	Run tests	2026-03-17T02:40:31.1153837Z app/tests/test_stock_monitor_service.py::TestGetLowStockItems::test_auto_reorder_true PASSED [ 83%]
Backend CI	Run tests	2026-03-17T02:40:31.1195419Z app/tests/test_stock_monitor_service.py::TestCalculateSalesVelocity::test_normal_velocity PASSED [ 83%]
Backend CI	Run tests	2026-03-17T02:40:31.1235039Z app/tests/test_stock_monitor_service.py::TestCalculateSalesVelocity::test_zero_sales PASSED [ 83%]
Backend CI	Run tests	2026-03-17T02:40:31.1286222Z app/tests/test_stock_monitor_service.py::TestCalculateSalesVelocity::test_lookback_days_zero PASSED [ 83%]
Backend CI	Run tests	2026-03-17T02:40:31.1324957Z app/tests/test_stock_monitor_service.py::TestCalculateSalesVelocity::test_lookback_days_negative PASSED [ 83%]
Backend CI	Run tests	2026-03-17T02:40:31.1363737Z app/tests/test_stock_monitor_service.py::TestCalculateSalesVelocity::test_fractional_velocity PASSED [ 83%]
Backend CI	Run tests	2026-03-17T02:40:31.1405676Z app/tests/test_stock_monitor_service.py::TestCalculateSalesVelocity::test_decimal_total_sold PASSED [ 83%]
Backend CI	Run tests	2026-03-17T02:40:31.1445099Z app/tests/test_stock_monitor_service.py::TestCalculateSalesVelocity::test_custom_lookback_days PASSED [ 83%]
Backend CI	Run tests	2026-03-17T02:40:31.1483466Z app/tests/test_stock_monitor_service.py::TestCalculateSalesVelocity::test_query_chain_calls PASSED [ 83%]
Backend CI	Run tests	2026-03-17T02:40:31.1505021Z app/tests/test_stock_monitor_service.py::TestCalculateStockoutDate::test_with_explicit_stock_positive_velocity PASSED [ 83%]
Backend CI	Run tests	2026-03-17T02:40:31.1524842Z app/tests/test_stock_monitor_service.py::TestCalculateStockoutDate::test_with_explicit_stock_zero_velocity PASSED [ 83%]
Backend CI	Run tests	2026-03-17T02:40:31.1544538Z app/tests/test_stock_monitor_service.py::TestCalculateStockoutDate::test_with_explicit_stock_negative_velocity PASSED [ 83%]
Backend CI	Run tests	2026-03-17T02:40:31.1599148Z app/tests/test_stock_monitor_service.py::TestCalculateStockoutDate::test_stock_none_fetches_from_db PASSED [ 83%]
Backend CI	Run tests	2026-03-17T02:40:31.1650003Z app/tests/test_stock_monitor_service.py::TestCalculateStockoutDate::test_stock_none_product_not_found PASSED [ 83%]
Backend CI	Run tests	2026-03-17T02:40:31.1701674Z app/tests/test_stock_monitor_service.py::TestCalculateStockoutDate::test_stock_none_product_stock_is_none PASSED [ 83%]
Backend CI	Run tests	2026-03-17T02:40:31.1722921Z app/tests/test_stock_monitor_service.py::TestCalculateStockoutDate::test_fractional_days_rounded_up PASSED [ 83%]
Backend CI	Run tests	2026-03-17T02:40:31.1742551Z app/tests/test_stock_monitor_service.py::TestCalculateStockoutDate::test_exact_division PASSED [ 83%]
Backend CI	Run tests	2026-03-17T02:40:31.1763820Z app/tests/test_stock_monitor_service.py::TestCalculateStockoutDate::test_custom_lookback_days_passed PASSED [ 83%]
Backend CI	Run tests	2026-03-17T02:40:31.1782957Z app/tests/test_stock_monitor_service.py::TestCalculateStockoutDate::test_zero_stock_positive_velocity PASSED [ 83%]
Backend CI	Run tests	2026-03-17T02:40:31.1803318Z app/tests/test_stock_monitor_service.py::TestCalculateStockoutDate::test_large_stock_small_velocity PASSED [ 83%]
Backend CI	Run tests	2026-03-17T02:40:31.1821930Z app/tests/test_stock_monitor_service.py::TestSuggestReorderPoint::test_default_parameters PASSED [ 83%]
Backend CI	Run tests	2026-03-17T02:40:31.1840634Z app/tests/test_stock_monitor_service.py::TestSuggestReorderPoint::test_custom_lead_time PASSED [ 83%]
Backend CI	Run tests	2026-03-17T02:40:31.1860619Z app/tests/test_stock_monitor_service.py::TestSuggestReorderPoint::test_custom_safety_factor PASSED [ 83%]
Backend CI	Run tests	2026-03-17T02:40:31.1879174Z app/tests/test_stock_monitor_service.py::TestSuggestReorderPoint::test_zero_velocity PASSED [ 84%]
Backend CI	Run tests	2026-03-17T02:40:31.1897949Z app/tests/test_stock_monitor_service.py::TestSuggestReorderPoint::test_fractional_result_rounded_up PASSED [ 84%]
Backend CI	Run tests	2026-03-17T02:40:31.1916991Z app/tests/test_stock_monitor_service.py::TestSuggestReorderPoint::test_custom_lookback_days_forwarded PASSED [ 84%]
Backend CI	Run tests	2026-03-17T02:40:31.1937041Z app/tests/test_stock_monitor_service.py::TestSuggestReorderPoint::test_all_custom_parameters PASSED [ 84%]
Backend CI	Run tests	2026-03-17T02:40:31.1956032Z app/tests/test_stock_monitor_service.py::TestSuggestReorderPoint::test_high_velocity_high_lead_time PASSED [ 84%]
Backend CI	Run tests	2026-03-17T02:40:31.1977619Z app/tests/test_stock_monitor_service.py::TestSuggestReorderPoint::test_safety_factor_less_than_one PASSED [ 84%]
Backend CI	Run tests	2026-03-17T02:40:31.1994896Z app/tests/test_stock_take_service.py::TestGenerateReference::test_format PASSED [ 84%]
Backend CI	Run tests	2026-03-17T02:40:31.2023775Z app/tests/test_stock_take_service.py::TestCreateSession::test_creates_draft_session PASSED [ 84%]
Backend CI	Run tests	2026-03-17T02:40:31.2051303Z app/tests/test_stock_take_service.py::TestCreateSession::test_creates_session_without_notes PASSED [ 84%]
Backend CI	Run tests	2026-03-17T02:40:31.2100163Z app/tests/test_stock_take_service.py::TestGetSession::test_returns_session PASSED [ 84%]
Backend CI	Run tests	2026-03-17T02:40:31.2143949Z app/tests/test_stock_take_service.py::TestGetSession::test_returns_none_when_not_found PASSED [ 84%]
Backend CI	Run tests	2026-03-17T02:40:31.2200420Z app/tests/test_stock_take_service.py::TestListSessions::test_returns_items_and_total PASSED [ 84%]
Backend CI	Run tests	2026-03-17T02:40:31.2238009Z app/tests/test_stock_take_service.py::TestListSessions::test_with_status_filter PASSED [ 84%]
Backend CI	Run tests	2026-03-17T02:40:31.2274973Z app/tests/test_stock_take_service.py::TestListSessions::test_pagination PASSED [ 84%]
Backend CI	Run tests	2026-03-17T02:40:31.2363523Z app/tests/test_stock_take_service.py::TestStartSession::test_starts_draft_session PASSED [ 84%]
Backend CI	Run tests	2026-03-17T02:40:31.2412242Z app/tests/test_stock_take_service.py::TestStartSession::test_raises_if_session_not_found PASSED [ 84%]
Backend CI	Run tests	2026-03-17T02:40:31.2474391Z app/tests/test_stock_take_service.py::TestStartSession::test_raises_if_not_draft PASSED [ 84%]
Backend CI	Run tests	2026-03-17T02:40:31.2583031Z app/tests/test_stock_take_service.py::TestStartSession::test_populates_stock_counts_for_all_items PASSED [ 84%]
Backend CI	Run tests	2026-03-17T02:40:31.2664403Z app/tests/test_stock_take_service.py::TestRecordCount::test_records_count_successfully PASSED [ 84%]
Backend CI	Run tests	2026-03-17T02:40:31.2700379Z app/tests/test_stock_take_service.py::TestRecordCount::test_raises_if_session_not_found PASSED [ 84%]
Backend CI	Run tests	2026-03-17T02:40:31.2751568Z app/tests/test_stock_take_service.py::TestRecordCount::test_raises_if_not_in_progress PASSED [ 84%]
Backend CI	Run tests	2026-03-17T02:40:31.2839744Z app/tests/test_stock_take_service.py::TestRecordCount::test_raises_if_count_not_found PASSED [ 84%]
Backend CI	Run tests	2026-03-17T02:40:31.2919521Z app/tests/test_stock_take_service.py::TestRecordCount::test_no_variance_value_when_unit_cost_none PASSED [ 84%]
Backend CI	Run tests	2026-03-17T02:40:31.2976852Z app/tests/test_stock_take_service.py::TestGetCounts::test_returns_all_counts PASSED [ 84%]
Backend CI	Run tests	2026-03-17T02:40:31.3014257Z app/tests/test_stock_take_service.py::TestGetCounts::test_variance_only_filter PASSED [ 84%]
Backend CI	Run tests	2026-03-17T02:40:31.3142330Z app/tests/test_stock_take_service.py::TestCompleteSession::test_completes_session_with_variances PASSED [ 84%]
Backend CI	Run tests	2026-03-17T02:40:31.3178542Z app/tests/test_stock_take_service.py::TestCompleteSession::test_raises_if_session_not_found PASSED [ 84%]
Backend CI	Run tests	2026-03-17T02:40:31.3224540Z app/tests/test_stock_take_service.py::TestCompleteSession::test_raises_if_not_in_progress PASSED [ 84%]
Backend CI	Run tests	2026-03-17T02:40:31.3337669Z app/tests/test_stock_take_service.py::TestCompleteSession::test_updates_inventory_quantity PASSED [ 84%]
Backend CI	Run tests	2026-03-17T02:40:31.3430155Z app/tests/test_stock_take_service.py::TestCompleteSession::test_skips_zero_variance PASSED [ 84%]
Backend CI	Run tests	2026-03-17T02:40:31.3530790Z app/tests/test_stock_take_service.py::TestCompleteSession::test_no_inv_item_still_adds_adjustment PASSED [ 84%]
Backend CI	Run tests	2026-03-17T02:40:31.3640138Z app/tests/test_stock_take_service.py::TestGetVarianceSummary::test_returns_summary_dict PASSED [ 84%]
Backend CI	Run tests	2026-03-17T02:40:31.3675798Z app/tests/test_stock_take_service.py::TestGetVarianceSummary::test_raises_if_session_not_found PASSED [ 84%]
Backend CI	Run tests	2026-03-17T02:40:31.3772016Z app/tests/test_stock_take_service.py::TestGetVarianceSummary::test_returns_zero_when_no_items PASSED [ 84%]
Backend CI	Run tests	2026-03-17T02:40:31.3826657Z app/tests/test_stock_take_service.py::TestCancelSession::test_cancels_draft_session PASSED [ 84%]
Backend CI	Run tests	2026-03-17T02:40:31.3878344Z app/tests/test_stock_take_service.py::TestCancelSession::test_cancels_in_progress_session PASSED [ 84%]
Backend CI	Run tests	2026-03-17T02:40:31.3926274Z app/tests/test_stock_take_service.py::TestCancelSession::test_raises_if_session_not_found PASSED [ 84%]
Backend CI	Run tests	2026-03-17T02:40:31.3989208Z app/tests/test_stock_take_service.py::TestCancelSession::test_raises_if_completed PASSED [ 84%]
Backend CI	Run tests	2026-03-17T02:40:31.4196314Z app/tests/test_subscription_api_integration.py::TestSubscriptionAPIIntegration::test_subscription_tiers_endpoint_returns_data FAILED [ 84%]
Backend CI	Run tests	2026-03-17T02:40:31.4391721Z app/tests/test_subscription_api_integration.py::TestSubscriptionAPIIntegration::test_subscription_tiers_pricing_matches_shared_config FAILED [ 84%]
Backend CI	Run tests	2026-03-17T02:40:31.4518287Z app/tests/test_subscription_api_integration.py::TestSubscriptionAPIIntegration::test_specific_tier_pricing_values PASSED [ 84%]
Backend CI	Run tests	2026-03-17T02:40:31.4628522Z app/tests/test_subscription_api_integration.py::TestSubscriptionAPIIntegration::test_tier_response_structure PASSED [ 84%]
Backend CI	Run tests	2026-03-17T02:40:31.4738031Z app/tests/test_subscription_api_integration.py::TestSubscriptionAPIIntegration::test_tier_sort_order_in_api PASSED [ 85%]
Backend CI	Run tests	2026-03-17T02:40:31.4847271Z app/tests/test_subscription_api_integration.py::TestSubscriptionAPIIntegration::test_get_specific_tier_endpoint PASSED [ 85%]
Backend CI	Run tests	2026-03-17T02:40:31.5288890Z app/tests/test_subscription_api_integration.py::TestSubscriptionAPIIntegration::test_get_nonexistent_tier_returns_404 FAILED [ 85%]
Backend CI	Run tests	2026-03-17T02:40:31.5401756Z app/tests/test_subscription_api_integration.py::TestSubscriptionAPIIntegration::test_currency_consistency_in_api PASSED [ 85%]
Backend CI	Run tests	2026-03-17T02:40:31.5522258Z app/tests/test_subscription_api_integration.py::TestSubscriptionAPIIntegration::test_feature_flags_in_api_response PASSED [ 85%]
Backend CI	Run tests	2026-03-17T02:40:31.5631929Z app/tests/test_subscription_api_integration.py::TestSubscriptionAPIIntegration::test_yearly_discount_calculation_in_api PASSED [ 85%]
Backend CI	Run tests	2026-03-17T02:40:31.5738143Z app/tests/test_subscription_api_integration.py::TestSubscriptionAPIIntegration::test_api_error_handling PASSED [ 85%]
Backend CI	Run tests	2026-03-17T02:40:31.5851283Z app/tests/test_subscription_api_integration.py::TestSubscriptionAPIIntegration::test_pricing_consistency_across_endpoints PASSED [ 85%]
Backend CI	Run tests	2026-03-17T02:40:32.0897294Z app/tests/test_subscription_pricing.py::TestSubscriptionPricingConsistency::test_subscription_tiers_endpoint_returns_correct_pricing FAILED [ 85%]
Backend CI	Run tests	2026-03-17T02:40:32.6019567Z app/tests/test_subscription_pricing.py::TestSubscriptionPricingConsistency::test_specific_tier_pricing_accuracy FAILED [ 85%]
Backend CI	Run tests	2026-03-17T02:40:33.1317149Z app/tests/test_subscription_pricing.py::TestSubscriptionPricingConsistency::test_payment_processing_uses_correct_amounts FAILED [ 85%]
Backend CI	Run tests	2026-03-17T02:40:34.3744449Z app/tests/test_subscription_pricing.py::TestSubscriptionPricingConsistency::test_tier_upgrade_downgrade_functionality FAILED [ 85%]
Backend CI	Run tests	2026-03-17T02:40:34.8896842Z app/tests/test_subscription_pricing.py::TestSubscriptionPricingConsistency::test_enterprise_tier_custom_pricing_handling FAILED [ 85%]
Backend CI	Run tests	2026-03-17T02:40:35.3718019Z app/tests/test_subscription_pricing.py::TestSubscriptionPricingConsistency::test_pricing_utility_functions PASSED [ 85%]
Backend CI	Run tests	2026-03-17T02:40:35.8957033Z app/tests/test_subscription_pricing.py::TestSubscriptionPricingConsistency::test_subscription_transaction_pricing_consistency PASSED [ 85%]
Backend CI	Run tests	2026-03-17T02:40:36.3899616Z app/tests/test_subscription_pricing.py::TestSubscriptionPricingConsistency::test_yearly_discount_calculation_accuracy PASSED [ 85%]
Backend CI	Run tests	2026-03-17T02:40:36.8957020Z app/tests/test_subscription_pricing.py::TestSubscriptionPricingConsistency::test_feature_flags_consistency PASSED [ 85%]
Backend CI	Run tests	2026-03-17T02:40:37.3895499Z app/tests/test_subscription_pricing.py::TestSubscriptionPricingConsistency::test_currency_consistency PASSED [ 85%]
Backend CI	Run tests	2026-03-17T02:40:37.8771959Z app/tests/test_subscription_pricing.py::TestSubscriptionPricingConsistency::test_sort_order_consistency PASSED [ 85%]
Backend CI	Run tests	2026-03-17T02:40:37.9219663Z app/tests/test_subscription_pricing.py::TestSubscriptionAPIIntegration::test_subscription_api_error_handling FAILED [ 85%]
Backend CI	Run tests	2026-03-17T02:40:37.9348192Z app/tests/test_subscription_pricing.py::TestSubscriptionAPIIntegration::test_subscription_api_response_format PASSED [ 85%]
Backend CI	Run tests	2026-03-17T02:40:37.9573444Z app/tests/test_subscription_schema.py::TestTierFeaturesTable::test_demo_tier_seed_data PASSED [ 85%]
Backend CI	Run tests	2026-03-17T02:40:37.9592583Z app/tests/test_subscription_schema.py::TestTierFeaturesTable::test_pilot_core_tier_seed_data PASSED [ 85%]
Backend CI	Run tests	2026-03-17T02:40:37.9611595Z app/tests/test_subscription_schema.py::TestTierFeaturesTable::test_pilot_pro_tier_seed_data PASSED [ 85%]
Backend CI	Run tests	2026-03-17T02:40:37.9630802Z app/tests/test_subscription_schema.py::TestTierFeaturesTable::test_enterprise_tier_seed_data PASSED [ 85%]
Backend CI	Run tests	2026-03-17T02:40:37.9648433Z app/tests/test_subscription_schema.py::TestTierFeaturesTable::test_all_four_tiers_exist PASSED [ 85%]
Backend CI	Run tests	2026-03-17T02:40:37.9673359Z app/tests/test_subscription_schema.py::TestBusinessSubscriptionTable::test_foreign_key_to_tier_features PASSED [ 85%]
Backend CI	Run tests	2026-03-17T02:40:37.9696774Z app/tests/test_subscription_schema.py::TestBusinessSubscriptionTable::test_unique_constraint_on_business_id PASSED [ 85%]
Backend CI	Run tests	2026-03-17T02:40:37.9721477Z app/tests/test_subscription_schema.py::TestBusinessSubscriptionTable::test_status_check_constraint PASSED [ 85%]
Backend CI	Run tests	2026-03-17T02:40:37.9749326Z app/tests/test_subscription_schema.py::TestBusinessSubscriptionTable::test_valid_status_values PASSED [ 85%]
Backend CI	Run tests	2026-03-17T02:40:37.9774431Z app/tests/test_subscription_schema.py::TestBusinessSubscriptionTable::test_valid_until_nullable PASSED [ 85%]
Backend CI	Run tests	2026-03-17T02:40:37.9797527Z app/tests/test_subscription_schema.py::TestFeatureOverridesTable::test_unique_constraint_on_business_feature PASSED [ 85%]
Backend CI	Run tests	2026-03-17T02:40:37.9820627Z app/tests/test_subscription_schema.py::TestFeatureOverridesTable::test_feature_name_check_constraint PASSED [ 85%]
Backend CI	Run tests	2026-03-17T02:40:37.9854219Z app/tests/test_subscription_schema.py::TestFeatureOverridesTable::test_all_valid_feature_names PASSED [ 85%]
Backend CI	Run tests	2026-03-17T02:40:37.9876112Z app/tests/test_subscription_schema.py::TestFeatureOverridesTable::test_multiple_overrides_per_business PASSED [ 85%]
Backend CI	Run tests	2026-03-17T02:40:37.9898382Z app/tests/test_subscription_schema.py::TestDeviceRegistryTable::test_unique_constraint_on_business_device PASSED [ 85%]
Backend CI	Run tests	2026-03-17T02:40:37.9920285Z app/tests/test_subscription_schema.py::TestDeviceRegistryTable::test_same_device_different_businesses PASSED [ 85%]
Backend CI	Run tests	2026-03-17T02:40:37.9941454Z app/tests/test_subscription_schema.py::TestDeviceRegistryTable::test_is_active_default_true PASSED [ 85%]
Backend CI	Run tests	2026-03-17T02:40:37.9963044Z app/tests/test_subscription_schema.py::TestDeviceRegistryTable::test_last_sync_time_default PASSED [ 85%]
Backend CI	Run tests	2026-03-17T02:40:37.9986601Z app/tests/test_subscription_schema.py::TestIndexes::test_business_subscription_indexes PASSED [ 85%]
Backend CI	Run tests	2026-03-17T02:40:38.0008521Z app/tests/test_subscription_schema.py::TestIndexes::test_feature_overrides_indexes PASSED [ 85%]
Backend CI	Run tests	2026-03-17T02:40:38.0039117Z app/tests/test_subscription_schema.py::TestIndexes::test_device_registry_indexes PASSED [ 85%]
Backend CI	Run tests	2026-03-17T02:40:38.0103673Z app/tests/test_supplier_service.py::TestGetSuppliers::test_returns_items_and_total PASSED [ 85%]
Backend CI	Run tests	2026-03-17T02:40:38.0141422Z app/tests/test_supplier_service.py::TestGetSuppliers::test_search_adds_filter PASSED [ 86%]
Backend CI	Run tests	2026-03-17T02:40:38.0177405Z app/tests/test_supplier_service.py::TestGetSuppliers::test_tag_adds_filter PASSED [ 86%]
Backend CI	Run tests	2026-03-17T02:40:38.0223742Z app/tests/test_supplier_service.py::TestGetSuppliers::test_pagination_offset_limit_page1 PASSED [ 86%]
Backend CI	Run tests	2026-03-17T02:40:38.0257206Z app/tests/test_supplier_service.py::TestGetSuppliers::test_pagination_offset_limit_page2 PASSED [ 86%]
Backend CI	Run tests	2026-03-17T02:40:38.0290540Z app/tests/test_supplier_service.py::TestGetSuppliers::test_pagination_offset_limit_page3 PASSED [ 86%]
Backend CI	Run tests	2026-03-17T02:40:38.0324457Z app/tests/test_supplier_service.py::TestGetSuppliers::test_sort_order_desc PASSED [ 86%]
Backend CI	Run tests	2026-03-17T02:40:38.0358339Z app/tests/test_supplier_service.py::TestGetSuppliers::test_sort_order_asc PASSED [ 86%]
Backend CI	Run tests	2026-03-17T02:40:38.0392422Z app/tests/test_supplier_service.py::TestGetSuppliers::test_empty_results PASSED [ 86%]
Backend CI	Run tests	2026-03-17T02:40:38.0442562Z app/tests/test_supplier_service.py::TestGetSupplier::test_returns_supplier PASSED [ 86%]
Backend CI	Run tests	2026-03-17T02:40:38.0475548Z app/tests/test_supplier_service.py::TestGetSupplier::test_returns_none_when_not_found PASSED [ 86%]
Backend CI	Run tests	2026-03-17T02:40:38.0523640Z app/tests/test_supplier_service.py::TestGetSupplierByEmail::test_returns_supplier PASSED [ 86%]
Backend CI	Run tests	2026-03-17T02:40:38.0568245Z app/tests/test_supplier_service.py::TestGetSupplierByEmail::test_returns_none_when_not_found PASSED [ 86%]
Backend CI	Run tests	2026-03-17T02:40:38.0599195Z app/tests/test_supplier_service.py::TestCreateSupplier::test_creates_with_all_fields PASSED [ 86%]
Backend CI	Run tests	2026-03-17T02:40:38.0628306Z app/tests/test_supplier_service.py::TestCreateSupplier::test_tags_default_to_empty_list PASSED [ 86%]
Backend CI	Run tests	2026-03-17T02:40:38.0657905Z app/tests/test_supplier_service.py::TestCreateSupplier::test_calls_add_commit_refresh PASSED [ 86%]
Backend CI	Run tests	2026-03-17T02:40:38.0698831Z app/tests/test_supplier_service.py::TestUpdateSupplier::test_updates_fields_from_model_dump PASSED [ 86%]
Backend CI	Run tests	2026-03-17T02:40:38.0739289Z app/tests/test_supplier_service.py::TestUpdateSupplier::test_calls_commit_and_refresh PASSED [ 86%]
Backend CI	Run tests	2026-03-17T02:40:38.0779811Z app/tests/test_supplier_service.py::TestUpdateSupplier::test_no_fields_updated_when_empty_dump PASSED [ 86%]
Backend CI	Run tests	2026-03-17T02:40:38.0820782Z app/tests/test_supplier_service.py::TestDeleteSupplier::test_calls_soft_delete_and_commit PASSED [ 86%]
Backend CI	Run tests	2026-03-17T02:40:38.0839595Z app/tests/test_suppliers.py::TestSupplierSchemas::test_supplier_create_schema PASSED [ 86%]
Backend CI	Run tests	2026-03-17T02:40:38.0854827Z app/tests/test_suppliers.py::TestSupplierSchemas::test_supplier_update_schema_partial PASSED [ 86%]
Backend CI	Run tests	2026-03-17T02:40:38.0869936Z app/tests/test_suppliers.py::TestSupplierModel::test_supplier_display_name PASSED [ 86%]
Backend CI	Run tests	2026-03-17T02:40:38.0885795Z app/tests/test_suppliers.py::TestSupplierModel::test_supplier_full_address PASSED [ 86%]
Backend CI	Run tests	2026-03-17T02:40:38.0902261Z app/tests/test_suppliers.py::TestSupplierService::test_supplier_service_init PASSED [ 86%]
Backend CI	Run tests	2026-03-17T02:40:38.0917297Z app/tests/test_suppliers.py::TestSupplierAPI::test_supplier_router_exists PASSED [ 86%]
Backend CI	Run tests	2026-03-17T02:40:38.0934923Z app/tests/test_suppliers.py::TestSupplierAPI::test_supplier_endpoints_exist PASSED [ 86%]
Backend CI	Run tests	2026-03-17T02:40:38.0963283Z app/tests/test_sync_queue_service.py::TestEnqueue::test_enqueue_creates_item_with_pending_status PASSED [ 86%]
Backend CI	Run tests	2026-03-17T02:40:38.0990589Z app/tests/test_sync_queue_service.py::TestEnqueue::test_enqueue_commits_and_refreshes PASSED [ 86%]
Backend CI	Run tests	2026-03-17T02:40:38.1018040Z app/tests/test_sync_queue_service.py::TestEnqueue::test_enqueue_with_device_id PASSED [ 86%]
Backend CI	Run tests	2026-03-17T02:40:38.1045508Z app/tests/test_sync_queue_service.py::TestEnqueue::test_enqueue_returns_item PASSED [ 86%]
Backend CI	Run tests	2026-03-17T02:40:38.1115542Z app/tests/test_sync_queue_service.py::TestListPending::test_list_pending_returns_items_and_total PASSED [ 86%]
Backend CI	Run tests	2026-03-17T02:40:38.1151289Z app/tests/test_sync_queue_service.py::TestListPending::test_list_pending_with_entity_type_filter PASSED [ 86%]
Backend CI	Run tests	2026-03-17T02:40:38.1185768Z app/tests/test_sync_queue_service.py::TestListPending::test_list_pending_without_entity_type_filter PASSED [ 86%]
Backend CI	Run tests	2026-03-17T02:40:38.1221552Z app/tests/test_sync_queue_service.py::TestListPending::test_list_pending_pagination_defaults PASSED [ 86%]
Backend CI	Run tests	2026-03-17T02:40:38.1256570Z app/tests/test_sync_queue_service.py::TestListPending::test_list_pending_pagination_custom PASSED [ 86%]
Backend CI	Run tests	2026-03-17T02:40:38.1291431Z app/tests/test_sync_queue_service.py::TestListPending::test_list_pending_empty PASSED [ 86%]
Backend CI	Run tests	2026-03-17T02:40:38.1344605Z app/tests/test_sync_queue_service.py::TestMarkCompleted::test_mark_completed_sets_status_and_processed_at PASSED [ 86%]
Backend CI	Run tests	2026-03-17T02:40:38.1379875Z app/tests/test_sync_queue_service.py::TestMarkCompleted::test_mark_completed_not_found PASSED [ 86%]
Backend CI	Run tests	2026-03-17T02:40:38.1443650Z app/tests/test_sync_queue_service.py::TestMarkCompleted::test_mark_completed_processed_at_is_utc PASSED [ 86%]
Backend CI	Run tests	2026-03-17T02:40:38.1498256Z app/tests/test_sync_queue_service.py::TestMarkFailed::test_mark_failed_sets_status_and_error PASSED [ 86%]
Backend CI	Run tests	2026-03-17T02:40:38.1549004Z app/tests/test_sync_queue_service.py::TestMarkFailed::test_mark_failed_increments_attempts PASSED [ 86%]
Backend CI	Run tests	2026-03-17T02:40:38.1600001Z app/tests/test_sync_queue_service.py::TestMarkFailed::test_mark_failed_none_attempts_becomes_one PASSED [ 86%]
Backend CI	Run tests	2026-03-17T02:40:38.1636061Z app/tests/test_sync_queue_service.py::TestMarkFailed::test_mark_failed_not_found PASSED [ 87%]
Backend CI	Run tests	2026-03-17T02:40:38.1674392Z app/tests/test_sync_queue_service.py::TestRetryFailed::test_retry_failed_returns_updated_count PASSED [ 87%]
Backend CI	Run tests	2026-03-17T02:40:38.1722989Z app/tests/test_sync_queue_service.py::TestRetryFailed::test_retry_failed_no_failed_items PASSED [ 87%]
Backend CI	Run tests	2026-03-17T02:40:38.1768123Z app/tests/test_sync_queue_service.py::TestGetMetadata::test_get_metadata_found PASSED [ 87%]
Backend CI	Run tests	2026-03-17T02:40:38.1802219Z app/tests/test_sync_queue_service.py::TestGetMetadata::test_get_metadata_not_found PASSED [ 87%]
Backend CI	Run tests	2026-03-17T02:40:38.1847847Z app/tests/test_sync_queue_service.py::TestGetMetadata::test_get_metadata_with_device_id PASSED [ 87%]
Backend CI	Run tests	2026-03-17T02:40:38.1882147Z app/tests/test_sync_queue_service.py::TestGetMetadata::test_get_metadata_without_device_id_filters_null PASSED [ 87%]
Backend CI	Run tests	2026-03-17T02:40:38.1934994Z app/tests/test_sync_queue_service.py::TestUpdateMetadata::test_update_metadata_existing_record PASSED [ 87%]
Backend CI	Run tests	2026-03-17T02:40:38.1987072Z app/tests/test_sync_queue_service.py::TestUpdateMetadata::test_update_metadata_existing_none_records PASSED [ 87%]
Backend CI	Run tests	2026-03-17T02:40:38.2043402Z app/tests/test_sync_queue_service.py::TestUpdateMetadata::test_update_metadata_creates_new_when_not_found PASSED [ 87%]
Backend CI	Run tests	2026-03-17T02:40:38.2087464Z app/tests/test_sync_queue_service.py::TestUpdateMetadata::test_update_metadata_creates_new_with_device_id PASSED [ 87%]
Backend CI	Run tests	2026-03-17T02:40:38.2138145Z app/tests/test_sync_queue_service.py::TestUpdateMetadata::test_update_metadata_custom_status PASSED [ 87%]
Backend CI	Run tests	2026-03-17T02:40:38.2182306Z app/tests/test_sync_queue_service.py::TestUpdateMetadata::test_update_metadata_default_status_is_completed PASSED [ 87%]
Backend CI	Run tests	2026-03-17T02:40:38.2236096Z app/tests/test_sync_queue_service.py::TestListMetadata::test_list_metadata_returns_items PASSED [ 87%]
Backend CI	Run tests	2026-03-17T02:40:38.2269994Z app/tests/test_sync_queue_service.py::TestListMetadata::test_list_metadata_empty PASSED [ 87%]
Backend CI	Run tests	2026-03-17T02:40:38.2319691Z app/tests/test_sync_queue_service.py::TestListMetadata::test_list_metadata_calls_order_by PASSED [ 87%]
Backend CI	Run tests	2026-03-17T02:40:38.2362535Z app/tests/test_table_service.py::TestCreateTable::test_create_table_success PASSED [ 87%]
Backend CI	Run tests	2026-03-17T02:40:38.2406719Z app/tests/test_table_service.py::TestCreateTable::test_create_table_duplicate_raises PASSED [ 87%]
Backend CI	Run tests	2026-03-17T02:40:38.2448409Z app/tests/test_table_service.py::TestCreateTable::test_create_table_default_position PASSED [ 87%]
Backend CI	Run tests	2026-03-17T02:40:38.2495800Z app/tests/test_table_service.py::TestGetTable::test_get_table_found PASSED [ 87%]
Backend CI	Run tests	2026-03-17T02:40:38.2527946Z app/tests/test_table_service.py::TestGetTable::test_get_table_not_found PASSED [ 87%]
Backend CI	Run tests	2026-03-17T02:40:38.2584478Z app/tests/test_table_service.py::TestListTables::test_list_tables_returns_tuple PASSED [ 87%]
Backend CI	Run tests	2026-03-17T02:40:38.2629963Z app/tests/test_table_service.py::TestListTables::test_list_tables_with_section_filter PASSED [ 87%]
Backend CI	Run tests	2026-03-17T02:40:38.2687791Z app/tests/test_table_service.py::TestListTables::test_list_tables_with_status_filter PASSED [ 87%]
Backend CI	Run tests	2026-03-17T02:40:38.2738935Z app/tests/test_table_service.py::TestUpdateTable::test_update_table_changes_fields PASSED [ 87%]
Backend CI	Run tests	2026-03-17T02:40:38.2789878Z app/tests/test_table_service.py::TestUpdateTable::test_update_table_ignores_none PASSED [ 87%]
Backend CI	Run tests	2026-03-17T02:40:38.2841364Z app/tests/test_table_service.py::TestUpdateStatus::test_update_status PASSED [ 87%]
Backend CI	Run tests	2026-03-17T02:40:38.2890132Z app/tests/test_table_service.py::TestDeleteTable::test_soft_delete_sets_deleted_at PASSED [ 87%]
Backend CI	Run tests	2026-03-17T02:40:38.2946068Z app/tests/test_table_service.py::TestGetTableOrder::test_returns_active_order PASSED [ 87%]
Backend CI	Run tests	2026-03-17T02:40:38.2979129Z app/tests/test_table_service.py::TestGetTableOrder::test_returns_none_when_no_active_order PASSED [ 87%]
Backend CI	Run tests	2026-03-17T02:40:38.3039729Z app/tests/test_table_service.py::TestGetTablesWithOrders::test_returns_list_of_dicts PASSED [ 87%]
Backend CI	Run tests	2026-03-17T02:40:38.3123443Z app/tests/test_table_service.py::TestGetTablesWithOrders::test_with_active_order PASSED [ 87%]
Backend CI	Run tests	2026-03-17T02:40:38.3166394Z app/tests/test_tag_service.py::TestCreateCategory::test_creates_and_commits PASSED [ 87%]
Backend CI	Run tests	2026-03-17T02:40:38.3194727Z app/tests/test_tag_service.py::TestCreateCategory::test_optional_fields_set PASSED [ 87%]
Backend CI	Run tests	2026-03-17T02:40:38.3253337Z app/tests/test_tag_service.py::TestListCategories::test_returns_items_and_total PASSED [ 87%]
Backend CI	Run tests	2026-03-17T02:40:38.3290327Z app/tests/test_tag_service.py::TestListCategories::test_pagination_offset PASSED [ 87%]
Backend CI	Run tests	2026-03-17T02:40:38.3336715Z app/tests/test_tag_service.py::TestGetCategory::test_found PASSED        [ 87%]
Backend CI	Run tests	2026-03-17T02:40:38.3371760Z app/tests/test_tag_service.py::TestGetCategory::test_not_found PASSED    [ 87%]
Backend CI	Run tests	2026-03-17T02:40:38.3425588Z app/tests/test_tag_service.py::TestUpdateCategory::test_updates_fields PASSED [ 87%]
Backend CI	Run tests	2026-03-17T02:40:38.3462888Z app/tests/test_tag_service.py::TestUpdateCategory::test_not_found_returns_none PASSED [ 87%]
Backend CI	Run tests	2026-03-17T02:40:38.3528063Z app/tests/test_tag_service.py::TestUpdateCategory::test_ignores_none_values PASSED [ 87%]
Backend CI	Run tests	2026-03-17T02:40:38.3581080Z app/tests/test_tag_service.py::TestDeleteCategory::test_soft_deletes PASSED [ 87%]
Backend CI	Run tests	2026-03-17T02:40:38.3618828Z app/tests/test_tag_service.py::TestDeleteCategory::test_not_found_returns_false PASSED [ 88%]
Backend CI	Run tests	2026-03-17T02:40:38.3636676Z app/tests/test_tag_service.py::TestComputeHierarchy::test_no_parent_returns_root PASSED [ 88%]
Backend CI	Run tests	2026-03-17T02:40:38.3673354Z app/tests/test_tag_service.py::TestComputeHierarchy::test_parent_not_found_returns_root PASSED [ 88%]
Backend CI	Run tests	2026-03-17T02:40:38.3721013Z app/tests/test_tag_service.py::TestComputeHierarchy::test_valid_parent PASSED [ 88%]
Backend CI	Run tests	2026-03-17T02:40:38.3770774Z app/tests/test_tag_service.py::TestComputeHierarchy::test_nested_parent PASSED [ 88%]
Backend CI	Run tests	2026-03-17T02:40:38.3800693Z app/tests/test_tag_service.py::TestCreateTag::test_creates_root_tag PASSED [ 88%]
Backend CI	Run tests	2026-03-17T02:40:38.3871242Z app/tests/test_tag_service.py::TestCreateTag::test_creates_child_tag PASSED [ 88%]
Backend CI	Run tests	2026-03-17T02:40:38.3900112Z app/tests/test_tag_service.py::TestCreateTag::test_optional_fields PASSED [ 88%]
Backend CI	Run tests	2026-03-17T02:40:38.3962335Z app/tests/test_tag_service.py::TestListTags::test_basic_list PASSED      [ 88%]
Backend CI	Run tests	2026-03-17T02:40:38.4001922Z app/tests/test_tag_service.py::TestListTags::test_with_category_filter PASSED [ 88%]
Backend CI	Run tests	2026-03-17T02:40:38.4040367Z app/tests/test_tag_service.py::TestListTags::test_with_search PASSED     [ 88%]
Backend CI	Run tests	2026-03-17T02:40:38.4078674Z app/tests/test_tag_service.py::TestListTags::test_pagination PASSED      [ 88%]
Backend CI	Run tests	2026-03-17T02:40:38.4128229Z app/tests/test_tag_service.py::TestGetTag::test_found PASSED             [ 88%]
Backend CI	Run tests	2026-03-17T02:40:38.4176353Z app/tests/test_tag_service.py::TestGetTag::test_not_found PASSED         [ 88%]
Backend CI	Run tests	2026-03-17T02:40:38.4230351Z app/tests/test_tag_service.py::TestUpdateTag::test_updates_fields PASSED [ 88%]
Backend CI	Run tests	2026-03-17T02:40:38.4267494Z app/tests/test_tag_service.py::TestUpdateTag::test_not_found_returns_none PASSED [ 88%]
Backend CI	Run tests	2026-03-17T02:40:38.4348324Z app/tests/test_tag_service.py::TestUpdateTag::test_recomputes_hierarchy_on_parent_change PASSED [ 88%]
Backend CI	Run tests	2026-03-17T02:40:38.4404214Z app/tests/test_tag_service.py::TestDeleteTag::test_soft_deletes PASSED   [ 88%]
Backend CI	Run tests	2026-03-17T02:40:38.4441821Z app/tests/test_tag_service.py::TestDeleteTag::test_not_found_returns_false PASSED [ 88%]
Backend CI	Run tests	2026-03-17T02:40:38.4514651Z app/tests/test_tag_service.py::TestAssignTag::test_creates_association_and_increments_count PASSED [ 88%]
Backend CI	Run tests	2026-03-17T02:40:38.4561003Z app/tests/test_tag_service.py::TestAssignTag::test_tag_not_found_still_commits PASSED [ 88%]
Backend CI	Run tests	2026-03-17T02:40:38.4606532Z app/tests/test_tag_service.py::TestAssignTag::test_source_defaults_to_manual PASSED [ 88%]
Backend CI	Run tests	2026-03-17T02:40:38.4653466Z app/tests/test_tag_service.py::TestAssignTag::test_custom_source PASSED  [ 88%]
Backend CI	Run tests	2026-03-17T02:40:38.4711554Z app/tests/test_tag_service.py::TestAssignTag::test_usage_count_none_becomes_one PASSED [ 88%]
Backend CI	Run tests	2026-03-17T02:40:38.4804304Z app/tests/test_tag_service.py::TestRemoveTag::test_removes_and_decrements_count PASSED [ 88%]
Backend CI	Run tests	2026-03-17T02:40:38.4842952Z app/tests/test_tag_service.py::TestRemoveTag::test_not_found_returns_false PASSED [ 88%]
Backend CI	Run tests	2026-03-17T02:40:38.4922568Z app/tests/test_tag_service.py::TestRemoveTag::test_no_decrement_when_usage_count_zero PASSED [ 88%]
Backend CI	Run tests	2026-03-17T02:40:38.4978220Z app/tests/test_tag_service.py::TestGetProductTags::test_returns_tags PASSED [ 88%]
Backend CI	Run tests	2026-03-17T02:40:38.5017889Z app/tests/test_tag_service.py::TestGetProductTags::test_empty_list PASSED [ 88%]
Backend CI	Run tests	2026-03-17T02:40:38.5074878Z app/tests/test_tax_service.py::TestCreateTaxRate::test_create_basic PASSED [ 88%]
Backend CI	Run tests	2026-03-17T02:40:38.5122471Z app/tests/test_tax_service.py::TestCreateTaxRate::test_create_with_is_default_unsets_others PASSED [ 88%]
Backend CI	Run tests	2026-03-17T02:40:38.5166537Z app/tests/test_tax_service.py::TestCreateTaxRate::test_create_without_is_default_does_not_unset PASSED [ 88%]
Backend CI	Run tests	2026-03-17T02:40:38.5211622Z app/tests/test_tax_service.py::TestCreateTaxRate::test_create_custom_tax_type PASSED [ 88%]
Backend CI	Run tests	2026-03-17T02:40:38.5276063Z app/tests/test_tax_service.py::TestListTaxRates::test_list_active_only PASSED [ 88%]
Backend CI	Run tests	2026-03-17T02:40:38.5338736Z app/tests/test_tax_service.py::TestListTaxRates::test_list_include_inactive PASSED [ 88%]
Backend CI	Run tests	2026-03-17T02:40:38.5386960Z app/tests/test_tax_service.py::TestGetTaxRate::test_found PASSED         [ 88%]
Backend CI	Run tests	2026-03-17T02:40:38.5424003Z app/tests/test_tax_service.py::TestGetTaxRate::test_not_found PASSED     [ 88%]
Backend CI	Run tests	2026-03-17T02:40:38.5480270Z app/tests/test_tax_service.py::TestUpdateTaxRate::test_update_fields PASSED [ 88%]
Backend CI	Run tests	2026-03-17T02:40:38.5516896Z app/tests/test_tax_service.py::TestUpdateTaxRate::test_update_not_found PASSED [ 88%]
Backend CI	Run tests	2026-03-17T02:40:38.5600584Z app/tests/test_tax_service.py::TestUpdateTaxRate::test_update_is_default_unsets_others PASSED [ 88%]
Backend CI	Run tests	2026-03-17T02:40:38.5656923Z app/tests/test_tax_service.py::TestUpdateTaxRate::test_update_skips_unknown_attrs PASSED [ 88%]
Backend CI	Run tests	2026-03-17T02:40:38.5710682Z app/tests/test_tax_service.py::TestDeleteTaxRate::test_delete_success PASSED [ 88%]
Backend CI	Run tests	2026-03-17T02:40:38.5748106Z app/tests/test_tax_service.py::TestDeleteTaxRate::test_delete_not_found PASSED [ 89%]
Backend CI	Run tests	2026-03-17T02:40:38.5796907Z app/tests/test_tax_service.py::TestAssignToProduct::test_assign_new PASSED [ 89%]
Backend CI	Run tests	2026-03-17T02:40:38.5846033Z app/tests/test_tax_service.py::TestAssignToProduct::test_assign_existing_returns_it PASSED [ 89%]
Backend CI	Run tests	2026-03-17T02:40:38.5912408Z app/tests/test_tax_service.py::TestRemoveFromProduct::test_remove_success PASSED [ 89%]
Backend CI	Run tests	2026-03-17T02:40:38.5949950Z app/tests/test_tax_service.py::TestRemoveFromProduct::test_remove_not_found PASSED [ 89%]
Backend CI	Run tests	2026-03-17T02:40:38.5996619Z app/tests/test_tax_service.py::TestAssignToCategory::test_assign_new PASSED [ 89%]
Backend CI	Run tests	2026-03-17T02:40:38.6044473Z app/tests/test_tax_service.py::TestAssignToCategory::test_assign_existing_returns_it PASSED [ 89%]
Backend CI	Run tests	2026-03-17T02:40:38.6097221Z app/tests/test_tax_service.py::TestRemoveFromCategory::test_remove_success PASSED [ 89%]
Backend CI	Run tests	2026-03-17T02:40:38.6134460Z app/tests/test_tax_service.py::TestRemoveFromCategory::test_remove_not_found PASSED [ 89%]
Backend CI	Run tests	2026-03-17T02:40:38.6221875Z app/tests/test_tax_service.py::TestGetProductTaxRates::test_product_specific_rates PASSED [ 89%]
Backend CI	Run tests	2026-03-17T02:40:38.6330620Z app/tests/test_tax_service.py::TestGetProductTaxRates::test_category_level_rates PASSED [ 89%]
Backend CI	Run tests	2026-03-17T02:40:38.6442917Z app/tests/test_tax_service.py::TestGetProductTaxRates::test_falls_back_to_default_when_no_category_links PASSED [ 89%]
Backend CI	Run tests	2026-03-17T02:40:38.6530370Z app/tests/test_tax_service.py::TestGetProductTaxRates::test_falls_back_to_default_when_no_category PASSED [ 89%]
Backend CI	Run tests	2026-03-17T02:40:38.6584431Z app/tests/test_tax_service.py::TestGetProductTaxRates::test_returns_empty_when_product_not_found PASSED [ 89%]
Backend CI	Run tests	2026-03-17T02:40:38.6646766Z app/tests/test_tax_service.py::TestCalculateTax::test_inclusive_vat_15 PASSED [ 89%]
Backend CI	Run tests	2026-03-17T02:40:38.6696602Z app/tests/test_tax_service.py::TestCalculateTax::test_exclusive_tax PASSED [ 89%]
Backend CI	Run tests	2026-03-17T02:40:38.6733769Z app/tests/test_tax_service.py::TestCalculateTax::test_no_rates_returns_zero_tax PASSED [ 89%]
Backend CI	Run tests	2026-03-17T02:40:38.6809519Z app/tests/test_tax_service.py::TestCalculateTax::test_with_product_id_delegates_to_get_product_tax_rates PASSED [ 89%]
Backend CI	Run tests	2026-03-17T02:40:38.6873230Z app/tests/test_tax_service.py::TestCalculateTax::test_mixed_inclusive_exclusive PASSED [ 89%]
Backend CI	Run tests	2026-03-17T02:40:38.6941329Z app/tests/test_tax_service.py::TestCalculateTax::test_rates_applied_structure PASSED [ 89%]
Backend CI	Run tests	2026-03-17T02:40:38.6999860Z app/tests/test_time_entry_service.py::TestGetActiveEntry::test_returns_active_entry PASSED [ 89%]
Backend CI	Run tests	2026-03-17T02:40:38.7040411Z app/tests/test_time_entry_service.py::TestGetActiveEntry::test_returns_none_when_no_active PASSED [ 89%]
Backend CI	Run tests	2026-03-17T02:40:38.7073291Z app/tests/test_time_entry_service.py::TestClockIn::test_clock_in_success PASSED [ 89%]
Backend CI	Run tests	2026-03-17T02:40:38.7120832Z app/tests/test_time_entry_service.py::TestClockIn::test_clock_in_raises_when_already_active PASSED [ 89%]
Backend CI	Run tests	2026-03-17T02:40:38.7152309Z app/tests/test_time_entry_service.py::TestClockIn::test_clock_in_optional_fields_default_none PASSED [ 89%]
Backend CI	Run tests	2026-03-17T02:40:38.7199103Z app/tests/test_time_entry_service.py::TestClockOut::test_clock_out_success PASSED [ 89%]
Backend CI	Run tests	2026-03-17T02:40:38.7233193Z app/tests/test_time_entry_service.py::TestClockOut::test_clock_out_raises_when_not_clocked_in PASSED [ 89%]
Backend CI	Run tests	2026-03-17T02:40:38.7279911Z app/tests/test_time_entry_service.py::TestClockOut::test_clock_out_appends_notes PASSED [ 89%]
Backend CI	Run tests	2026-03-17T02:40:38.7326354Z app/tests/test_time_entry_service.py::TestClockOut::test_clock_out_notes_on_empty_existing PASSED [ 89%]
Backend CI	Run tests	2026-03-17T02:40:38.7370724Z app/tests/test_time_entry_service.py::TestStartBreak::test_start_break_success PASSED [ 89%]
Backend CI	Run tests	2026-03-17T02:40:38.7390701Z app/tests/test_time_entry_service.py::TestStartBreak::test_start_break_raises_when_not_clocked_in PASSED [ 89%]
Backend CI	Run tests	2026-03-17T02:40:38.7435478Z app/tests/test_time_entry_service.py::TestStartBreak::test_start_break_raises_when_already_on_break PASSED [ 89%]
Backend CI	Run tests	2026-03-17T02:40:38.7498088Z app/tests/test_time_entry_service.py::TestEndBreak::test_end_break_success PASSED [ 89%]
Backend CI	Run tests	2026-03-17T02:40:38.7517772Z app/tests/test_time_entry_service.py::TestEndBreak::test_end_break_raises_when_not_clocked_in PASSED [ 89%]
Backend CI	Run tests	2026-03-17T02:40:38.7565251Z app/tests/test_time_entry_service.py::TestEndBreak::test_end_break_raises_when_not_on_break PASSED [ 89%]
Backend CI	Run tests	2026-03-17T02:40:38.7609856Z app/tests/test_time_entry_service.py::TestEndBreak::test_end_break_raises_when_break_already_ended PASSED [ 89%]
Backend CI	Run tests	2026-03-17T02:40:38.7653956Z app/tests/test_time_entry_service.py::TestEndBreak::test_end_break_accumulates_duration PASSED [ 89%]
Backend CI	Run tests	2026-03-17T02:40:38.7728804Z app/tests/test_time_entry_service.py::TestGetEntries::test_basic_list PASSED [ 89%]
Backend CI	Run tests	2026-03-17T02:40:38.7771188Z app/tests/test_time_entry_service.py::TestGetEntries::test_filters_by_user_id PASSED [ 89%]
Backend CI	Run tests	2026-03-17T02:40:38.7814527Z app/tests/test_time_entry_service.py::TestGetEntries::test_filters_by_date_range PASSED [ 89%]
Backend CI	Run tests	2026-03-17T02:40:38.7856638Z app/tests/test_time_entry_service.py::TestGetEntries::test_filters_by_status PASSED [ 89%]
Backend CI	Run tests	2026-03-17T02:40:38.7910840Z app/tests/test_time_entry_service.py::TestGetEntries::test_pagination PASSED [ 89%]
Backend CI	Run tests	2026-03-17T02:40:38.7986263Z app/tests/test_time_entry_service.py::TestGetUserSummary::test_summary_with_entries PASSED [ 90%]
Backend CI	Run tests	2026-03-17T02:40:38.8027130Z app/tests/test_time_entry_service.py::TestGetUserSummary::test_summary_empty PASSED [ 90%]
Backend CI	Run tests	2026-03-17T02:40:38.8111453Z app/tests/test_time_entry_service.py::TestGetPayrollReport::test_payroll_report PASSED [ 90%]
Backend CI	Run tests	2026-03-17T02:40:38.8175184Z app/tests/test_time_entry_service.py::TestGetPayrollReport::test_payroll_report_user_not_found PASSED [ 90%]
Backend CI	Run tests	2026-03-17T02:40:38.8232631Z app/tests/test_time_entry_service.py::TestGetPayrollReport::test_payroll_report_empty PASSED [ 90%]
Backend CI	Run tests	2026-03-17T02:40:38.8297177Z app/tests/test_time_entry_service.py::TestApproveEntry::test_approve_success PASSED [ 90%]
Backend CI	Run tests	2026-03-17T02:40:38.8346544Z app/tests/test_time_entry_service.py::TestApproveEntry::test_approve_not_found PASSED [ 90%]
Backend CI	Run tests	2026-03-17T02:40:38.8410105Z app/tests/test_time_entry_service.py::TestRejectEntry::test_reject_success PASSED [ 90%]
Backend CI	Run tests	2026-03-17T02:40:38.8450582Z app/tests/test_time_entry_service.py::TestRejectEntry::test_reject_not_found PASSED [ 90%]
Backend CI	Run tests	2026-03-17T02:40:38.8479888Z app/tests/test_time_entry_service.py::TestCreateManualEntry::test_create_manual_success PASSED [ 90%]
Backend CI	Run tests	2026-03-17T02:40:38.8523190Z app/tests/test_time_entry_service.py::TestCreateManualEntry::test_create_manual_no_notes PASSED [ 90%]
Backend CI	Run tests	2026-03-17T02:40:38.8565104Z app/tests/test_time_entry_service.py::TestCreateManualEntry::test_create_manual_raises_if_clock_out_before_in PASSED [ 90%]
Backend CI	Run tests	2026-03-17T02:40:38.8633480Z app/tests/test_time_tracking_service.py::TestGetOrCreateBusinessSettings::test_returns_existing_settings PASSED [ 90%]
Backend CI	Run tests	2026-03-17T02:40:38.8700351Z app/tests/test_time_tracking_service.py::TestGetOrCreateBusinessSettings::test_creates_settings_when_missing PASSED [ 90%]
Backend CI	Run tests	2026-03-17T02:40:38.8749330Z app/tests/test_time_tracking_service.py::TestClockIn::test_success PASSED [ 90%]
Backend CI	Run tests	2026-03-17T02:40:38.8798582Z app/tests/test_time_tracking_service.py::TestClockIn::test_with_device_and_location PASSED [ 90%]
Backend CI	Run tests	2026-03-17T02:40:38.8863138Z app/tests/test_time_tracking_service.py::TestClockIn::test_raises_when_already_clocked_in PASSED [ 90%]
Backend CI	Run tests	2026-03-17T02:40:38.8969506Z app/tests/test_time_tracking_service.py::TestClockOut::test_success PASSED [ 90%]
Backend CI	Run tests	2026-03-17T02:40:38.9052496Z app/tests/test_time_tracking_service.py::TestClockOut::test_raises_when_no_active_entry PASSED [ 90%]
Backend CI	Run tests	2026-03-17T02:40:38.9224435Z app/tests/test_time_tracking_service.py::TestClockOut::test_auto_clock_out_applies_penalty PASSED [ 90%]
Backend CI	Run tests	2026-03-17T02:40:38.9347135Z app/tests/test_time_tracking_service.py::TestClockOut::test_auto_clock_out_default_reason PASSED [ 90%]
Backend CI	Run tests	2026-03-17T02:40:38.9422625Z app/tests/test_time_tracking_service.py::TestStartBreak::test_success PASSED [ 90%]
Backend CI	Run tests	2026-03-17T02:40:38.9479384Z app/tests/test_time_tracking_service.py::TestStartBreak::test_raises_when_no_active_entry PASSED [ 90%]
Backend CI	Run tests	2026-03-17T02:40:38.9543385Z app/tests/test_time_tracking_service.py::TestStartBreak::test_raises_when_break_already_started PASSED [ 90%]
Backend CI	Run tests	2026-03-17T02:40:38.9603754Z app/tests/test_time_tracking_service.py::TestEndBreak::test_success PASSED [ 90%]
Backend CI	Run tests	2026-03-17T02:40:38.9638613Z app/tests/test_time_tracking_service.py::TestEndBreak::test_raises_when_no_active_entry PASSED [ 90%]
Backend CI	Run tests	2026-03-17T02:40:38.9698766Z app/tests/test_time_tracking_service.py::TestEndBreak::test_raises_when_no_break_started PASSED [ 90%]
Backend CI	Run tests	2026-03-17T02:40:38.9752359Z app/tests/test_time_tracking_service.py::TestEndBreak::test_raises_when_break_already_ended PASSED [ 90%]
Backend CI	Run tests	2026-03-17T02:40:38.9786437Z app/tests/test_time_tracking_service.py::TestUpdateTimeEntry::test_raises_when_not_found PASSED [ 90%]
Backend CI	Run tests	2026-03-17T02:40:38.9858923Z app/tests/test_time_tracking_service.py::TestUpdateTimeEntry::test_updates_fields PASSED [ 90%]
Backend CI	Run tests	2026-03-17T02:40:38.9916301Z app/tests/test_time_tracking_service.py::TestUpdateTimeEntry::test_updates_break_duration PASSED [ 90%]
Backend CI	Run tests	2026-03-17T02:40:38.9985547Z app/tests/test_time_tracking_service.py::TestGetUserTimeEntries::test_no_filters PASSED [ 90%]
Backend CI	Run tests	2026-03-17T02:40:39.0041048Z app/tests/test_time_tracking_service.py::TestGetUserTimeEntries::test_with_date_filters PASSED [ 90%]
Backend CI	Run tests	2026-03-17T02:40:39.0075668Z app/tests/test_time_tracking_service.py::TestGetUserTimeEntries::test_empty_result PASSED [ 90%]
Backend CI	Run tests	2026-03-17T02:40:39.0162283Z app/tests/test_time_tracking_service.py::TestGetTeamTimeEntries::test_groups_by_user PASSED [ 90%]
Backend CI	Run tests	2026-03-17T02:40:39.0197228Z app/tests/test_time_tracking_service.py::TestGetTeamTimeEntries::test_empty PASSED [ 90%]
Backend CI	Run tests	2026-03-17T02:40:39.0248489Z app/tests/test_time_tracking_service.py::TestGetTeamTimeEntries::test_with_date_filters PASSED [ 90%]
Backend CI	Run tests	2026-03-17T02:40:39.0328967Z app/tests/test_time_tracking_service.py::TestGetPayrollReport::test_aggregates_per_user PASSED [ 90%]
Backend CI	Run tests	2026-03-17T02:40:39.0362428Z app/tests/test_time_tracking_service.py::TestGetPayrollReport::test_empty_when_no_users PASSED [ 90%]
Backend CI	Run tests	2026-03-17T02:40:39.0475537Z app/tests/test_time_tracking_service.py::TestRunDayEndProcess::test_force_clocks_out_active PASSED [ 90%]
Backend CI	Run tests	2026-03-17T02:40:39.0548892Z app/tests/test_time_tracking_service.py::TestRunDayEndProcess::test_no_active_entries PASSED [ 90%]
Backend CI	Run tests	2026-03-17T02:40:39.0674660Z app/tests/test_time_tracking_service.py::TestRunDayEndProcess::test_skips_when_not_time PASSED [ 90%]
Backend CI	Run tests	2026-03-17T02:40:39.0731091Z app/tests/test_time_tracking_service.py::TestGetCurrentlyWorkingUsers::test_returns_active_users PASSED [ 90%]
Backend CI	Run tests	2026-03-17T02:40:39.0785571Z app/tests/test_time_tracking_service.py::TestGetCurrentlyWorkingUsers::test_on_break_flag PASSED [ 91%]
Backend CI	Run tests	2026-03-17T02:40:39.0820278Z app/tests/test_time_tracking_service.py::TestGetCurrentlyWorkingUsers::test_empty PASSED [ 91%]
Backend CI	Run tests	2026-03-17T02:40:39.0856982Z app/tests/test_time_tracking_service.py::TestCalculateHours::test_basic_8_hour_day PASSED [ 91%]
Backend CI	Run tests	2026-03-17T02:40:39.0892325Z app/tests/test_time_tracking_service.py::TestCalculateHours::test_with_break PASSED [ 91%]
Backend CI	Run tests	2026-03-17T02:40:39.0927754Z app/tests/test_time_tracking_service.py::TestCalculateHours::test_no_clock_out_noop PASSED [ 91%]
Backend CI	Run tests	2026-03-17T02:40:39.0964723Z app/tests/test_time_tracking_service.py::TestCalculateHours::test_with_preset_break_duration PASSED [ 91%]
Backend CI	Run tests	2026-03-17T02:40:39.0999302Z app/tests/test_time_tracking_service.py::TestCalculateBreakDuration::test_30_min_break PASSED [ 91%]
Backend CI	Run tests	2026-03-17T02:40:39.1034111Z app/tests/test_time_tracking_service.py::TestCalculateBreakDuration::test_no_break_noop PASSED [ 91%]
Backend CI	Run tests	2026-03-17T02:40:39.1070393Z app/tests/test_time_tracking_service.py::TestCalculateCurrentHours::test_active_entry PASSED [ 91%]
Backend CI	Run tests	2026-03-17T02:40:39.1105260Z app/tests/test_time_tracking_service.py::TestCalculateCurrentHours::test_with_completed_break PASSED [ 91%]
Backend CI	Run tests	2026-03-17T02:40:39.1140212Z app/tests/test_time_tracking_service.py::TestCalculateCurrentHours::test_currently_on_break PASSED [ 91%]
Backend CI	Run tests	2026-03-17T02:40:39.1179266Z app/tests/test_time_tracking_service.py::TestCalculateCurrentHours::test_no_clock_in PASSED [ 91%]
Backend CI	Run tests	2026-03-17T02:40:39.1204476Z app/tests/test_tracked_bulk_service.py::TestOperationLifecycle::test_create_operation PASSED [ 91%]
Backend CI	Run tests	2026-03-17T02:40:39.1254932Z app/tests/test_tracked_bulk_service.py::TestOperationLifecycle::test_get_operation PASSED [ 91%]
Backend CI	Run tests	2026-03-17T02:40:39.1290095Z app/tests/test_tracked_bulk_service.py::TestOperationLifecycle::test_list_operations PASSED [ 91%]
Backend CI	Run tests	2026-03-17T02:40:39.1326764Z app/tests/test_tracked_bulk_service.py::TestOperationLifecycle::test_list_operations_filtered PASSED [ 91%]
Backend CI	Run tests	2026-03-17T02:40:39.1365713Z app/tests/test_tracked_bulk_service.py::TestOperationLifecycle::test_cancel_operation PASSED [ 91%]
Backend CI	Run tests	2026-03-17T02:40:39.1400135Z app/tests/test_tracked_bulk_service.py::TestOperationLifecycle::test_cancel_terminal PASSED [ 91%]
Backend CI	Run tests	2026-03-17T02:40:39.1432418Z app/tests/test_tracked_bulk_service.py::TestOperationLifecycle::test_cancel_not_found PASSED [ 91%]
Backend CI	Run tests	2026-03-17T02:40:39.1468243Z app/tests/test_tracked_bulk_service.py::TestValidatePriceUpdate::test_valid PASSED [ 91%]
Backend CI	Run tests	2026-03-17T02:40:39.1485579Z app/tests/test_tracked_bulk_service.py::TestValidatePriceUpdate::test_invalid_type PASSED [ 91%]
Backend CI	Run tests	2026-03-17T02:40:39.1534633Z app/tests/test_tracked_bulk_service.py::TestValidatePriceUpdate::test_negative_price PASSED [ 91%]
Backend CI	Run tests	2026-03-17T02:40:39.1567492Z app/tests/test_tracked_bulk_service.py::TestValidatePriceUpdate::test_missing_product PASSED [ 91%]
Backend CI	Run tests	2026-03-17T02:40:39.1604298Z app/tests/test_tracked_bulk_service.py::TestValidateStockAdjustment::test_valid PASSED [ 91%]
Backend CI	Run tests	2026-03-17T02:40:39.1640137Z app/tests/test_tracked_bulk_service.py::TestValidateStockAdjustment::test_negative_result PASSED [ 91%]
Backend CI	Run tests	2026-03-17T02:40:39.1674539Z app/tests/test_tracked_bulk_service.py::TestValidateStockAdjustment::test_missing_item PASSED [ 91%]
Backend CI	Run tests	2026-03-17T02:40:39.1723773Z app/tests/test_tracked_bulk_service.py::TestExecutePriceUpdate::test_percentage PASSED [ 91%]
Backend CI	Run tests	2026-03-17T02:40:39.1769607Z app/tests/test_tracked_bulk_service.py::TestExecutePriceUpdate::test_product_not_found PASSED [ 91%]
Backend CI	Run tests	2026-03-17T02:40:39.1832931Z app/tests/test_tracked_bulk_service.py::TestExecuteStockAdjustment::test_success PASSED [ 91%]
Backend CI	Run tests	2026-03-17T02:40:39.1877540Z app/tests/test_tracked_bulk_service.py::TestExecuteStockAdjustment::test_not_found PASSED [ 91%]
Backend CI	Run tests	2026-03-17T02:40:39.1926279Z app/tests/test_tracked_bulk_service.py::TestExecuteCategoryAssign::test_success PASSED [ 91%]
Backend CI	Run tests	2026-03-17T02:40:39.1972228Z app/tests/test_tracked_bulk_service.py::TestExecuteSupplierAssign::test_new_link PASSED [ 91%]
Backend CI	Run tests	2026-03-17T02:40:39.2020933Z app/tests/test_tracked_bulk_service.py::TestExecuteSupplierAssign::test_existing_link PASSED [ 91%]
Backend CI	Run tests	2026-03-17T02:40:39.2105830Z app/tests/test_tracked_bulk_service.py::TestRollback::test_rollback_price PASSED [ 91%]
Backend CI	Run tests	2026-03-17T02:40:39.2137942Z app/tests/test_tracked_bulk_service.py::TestRollback::test_rollback_not_found PASSED [ 91%]
Backend CI	Run tests	2026-03-17T02:40:39.2171291Z app/tests/test_tracked_bulk_service.py::TestOperationItems::test_list PASSED [ 91%]
Backend CI	Run tests	2026-03-17T02:40:39.2208665Z app/tests/test_tracked_bulk_service.py::TestOperationItems::test_list_filtered PASSED [ 91%]
Backend CI	Run tests	2026-03-17T02:40:42.0279324Z app/tests/test_two_factor.py::test_generate_totp_setup_returns_secret_and_qr_code PASSED [ 91%]
Backend CI	Run tests	2026-03-17T02:40:42.0349933Z app/tests/test_two_factor.py::test_verify_and_enable_totp_fails_with_invalid_code PASSED [ 91%]
Backend CI	Run tests	2026-03-17T02:40:42.0435564Z app/tests/test_two_factor.py::test_verify_and_enable_totp_succeeds_with_valid_code PASSED [ 91%]
Backend CI	Run tests	2026-03-17T02:40:42.5862496Z app/tests/test_two_factor.py::test_validate_totp_code_accepts_backup_code PASSED [ 91%]
Backend CI	Run tests	2026-03-17T02:40:43.1304561Z app/tests/test_two_factor.py::test_backup_code_cannot_be_used_twice PASSED [ 91%]
Backend CI	Run tests	2026-03-17T02:40:43.1393378Z app/tests/test_two_factor.py::test_disable_totp_requires_valid_current_code PASSED [ 92%]
Backend CI	Run tests	2026-03-17T02:40:43.1523341Z app/tests/test_two_factor.py::test_totp_secret_is_not_returned_after_setup_completion PASSED [ 92%]
Backend CI	Run tests	2026-03-17T02:40:43.1540954Z app/tests/test_unused_import_scanner.py::TestImportUsageAnalyzer::test_simple_import_used PASSED [ 92%]
Backend CI	Run tests	2026-03-17T02:40:43.1557327Z app/tests/test_unused_import_scanner.py::TestImportUsageAnalyzer::test_simple_import_unused PASSED [ 92%]
Backend CI	Run tests	2026-03-17T02:40:43.1573771Z app/tests/test_unused_import_scanner.py::TestImportUsageAnalyzer::test_from_import_used PASSED [ 92%]
Backend CI	Run tests	2026-03-17T02:40:43.1589884Z app/tests/test_unused_import_scanner.py::TestImportUsageAnalyzer::test_from_import_unused PASSED [ 92%]
Backend CI	Run tests	2026-03-17T02:40:43.1606228Z app/tests/test_unused_import_scanner.py::TestImportUsageAnalyzer::test_import_with_alias PASSED [ 92%]
Backend CI	Run tests	2026-03-17T02:40:43.1621953Z app/tests/test_unused_import_scanner.py::TestImportUsageAnalyzer::test_from_import_with_alias PASSED [ 92%]
Backend CI	Run tests	2026-03-17T02:40:43.1638423Z app/tests/test_unused_import_scanner.py::TestImportUsageAnalyzer::test_type_annotation_usage PASSED [ 92%]
Backend CI	Run tests	2026-03-17T02:40:43.1654260Z app/tests/test_unused_import_scanner.py::TestImportUsageAnalyzer::test_exception_handler_usage PASSED [ 92%]
Backend CI	Run tests	2026-03-17T02:40:43.1669990Z app/tests/test_unused_import_scanner.py::TestImportUsageAnalyzer::test_base_class_usage PASSED [ 92%]
Backend CI	Run tests	2026-03-17T02:40:43.1689626Z app/tests/test_unused_import_scanner.py::TestFindUnusedImports::test_no_unused_imports PASSED [ 92%]
Backend CI	Run tests	2026-03-17T02:40:43.1708092Z app/tests/test_unused_import_scanner.py::TestFindUnusedImports::test_single_unused_import PASSED [ 92%]
Backend CI	Run tests	2026-03-17T02:40:43.1727252Z app/tests/test_unused_import_scanner.py::TestFindUnusedImports::test_multiple_unused_imports PASSED [ 92%]
Backend CI	Run tests	2026-03-17T02:40:43.1746004Z app/tests/test_unused_import_scanner.py::TestFindUnusedImports::test_unused_from_import PASSED [ 92%]
Backend CI	Run tests	2026-03-17T02:40:43.1764344Z app/tests/test_unused_import_scanner.py::TestFindUnusedImports::test_wildcard_import_skipped PASSED [ 92%]
Backend CI	Run tests	2026-03-17T02:40:43.1780982Z app/tests/test_unused_import_scanner.py::TestEdgeCases::test_empty_file PASSED [ 92%]
Backend CI	Run tests	2026-03-17T02:40:43.1798785Z app/tests/test_unused_import_scanner.py::TestEdgeCases::test_no_imports PASSED [ 92%]
Backend CI	Run tests	2026-03-17T02:40:43.1816460Z app/tests/test_unused_import_scanner.py::TestEdgeCases::test_import_used_in_string PASSED [ 92%]
Backend CI	Run tests	2026-03-17T02:40:43.1834158Z app/tests/test_unused_import_scanner.py::TestEdgeCases::test_import_used_in_comment PASSED [ 92%]
Backend CI	Run tests	2026-03-17T02:40:43.1852396Z app/tests/test_unused_import_scanner.py::TestEdgeCases::test_relative_import PASSED [ 92%]
Backend CI	Run tests	2026-03-17T02:40:43.1872032Z app/tests/test_unused_import_scanner.py::TestRealWorldScenarios::test_fastapi_route PASSED [ 92%]
Backend CI	Run tests	2026-03-17T02:40:43.1892096Z app/tests/test_unused_import_scanner.py::TestRealWorldScenarios::test_pydantic_model PASSED [ 92%]
Backend CI	Run tests	2026-03-17T02:40:43.1914963Z app/tests/test_unused_import_scanner.py::TestRealWorldScenarios::test_test_file_with_fixtures PASSED [ 92%]
Backend CI	Run tests	2026-03-17T02:40:43.1929398Z app/tests/test_users.py::TestUsersAPI::test_users_api_exists PASSED      [ 92%]
Backend CI	Run tests	2026-03-17T02:40:43.1944039Z app/tests/test_users.py::TestUsersAPI::test_user_update_schema_exists PASSED [ 92%]
Backend CI	Run tests	2026-03-17T02:40:43.1958420Z app/tests/test_users.py::TestUsersAPI::test_user_response_schema_exists PASSED [ 92%]
Backend CI	Run tests	2026-03-17T02:40:43.1973186Z app/tests/test_users.py::TestUsersAPI::test_user_update_schema_fields PASSED [ 92%]
Backend CI	Run tests	2026-03-17T02:40:43.2068479Z app/tests/test_users.py::TestUsersAPI::test_user_update_endpoint_exists PASSED [ 92%]
Backend CI	Run tests	2026-03-17T02:40:43.2144826Z app/tests/test_users.py::TestUsersAPI::test_user_get_endpoint_exists PASSED [ 92%]
Backend CI	Run tests	2026-03-17T02:40:43.2217030Z app/tests/test_webhooks.py::test_trigger_webhook_event_creates_delivery_records_for_matching_subscriptions PASSED [ 92%]
Backend CI	Run tests	2026-03-17T02:40:43.3028198Z app/tests/test_webhooks.py::test_deliver_webhook_signs_payload_with_hmac PASSED [ 92%]
Backend CI	Run tests	2026-03-17T02:40:43.3298838Z app/tests/test_webhooks.py::test_create_subscription_validates_url_is_reachable PASSED [ 92%]
Backend CI	Run tests	2026-03-17T02:40:43.3428423Z app/tests/test_webhooks.py::test_webhook_secret_not_returned_after_initial_creation PASSED [ 92%]
Backend CI	Run tests	2026-03-17T02:40:43.3470361Z app/tests/test_webhooks.py::test_trigger_webhook_event_is_non_blocking PASSED [ 92%]
Backend CI	Run tests	2026-03-17T02:40:43.3767915Z app/tests/test_webhooks.py::test_deliver_webhook_retries_on_failure_with_exponential_backoff PASSED [ 92%]
Backend CI	Run tests	2026-03-17T02:40:43.4081454Z app/tests/test_webhooks.py::test_deliver_webhook_marks_failed_after_max_attempts PASSED [ 92%]
Backend CI	Run tests	2026-03-17T02:40:43.4099287Z app/tests/test_wildcard_import_resolver.py::test_wildcard_import_analyzer_finds_wildcard PASSED [ 92%]
Backend CI	Run tests	2026-03-17T02:40:43.4116674Z app/tests/test_wildcard_import_resolver.py::test_wildcard_import_analyzer_tracks_usage PASSED [ 92%]
Backend CI	Run tests	2026-03-17T02:40:43.4133131Z app/tests/test_wildcard_import_resolver.py::test_wildcard_import_analyzer_tracks_defined_names PASSED [ 92%]
Backend CI	Run tests	2026-03-17T02:40:43.4149730Z app/tests/test_wildcard_import_resolver.py::test_wildcard_import_analyzer_tracks_type_annotations PASSED [ 92%]
Backend CI	Run tests	2026-03-17T02:40:43.4166223Z app/tests/test_wildcard_import_resolver.py::test_wildcard_import_analyzer_tracks_exception_types PASSED [ 92%]
Backend CI	Run tests	2026-03-17T02:40:43.4181439Z app/tests/test_wildcard_import_resolver.py::test_wildcard_import_analyzer_tracks_base_classes PASSED [ 93%]
Backend CI	Run tests	2026-03-17T02:40:43.4201117Z app/tests/test_wildcard_import_resolver.py::test_analyze_file_with_wildcard PASSED [ 93%]
Backend CI	Run tests	2026-03-17T02:40:43.4219122Z app/tests/test_wildcard_import_resolver.py::test_analyze_file_without_wildcard PASSED [ 93%]
Backend CI	Run tests	2026-03-17T02:40:43.4241379Z app/tests/test_wildcard_import_resolver.py::test_fix_file_single_name PASSED [ 93%]
Backend CI	Run tests	2026-03-17T02:40:43.4261386Z app/tests/test_wildcard_import_resolver.py::test_fix_file_multiple_names PASSED [ 93%]
Backend CI	Run tests	2026-03-17T02:40:43.4280885Z app/tests/test_wildcard_import_resolver.py::test_fix_file_preserves_comments PASSED [ 93%]
Backend CI	Run tests	2026-03-17T02:40:43.4300065Z app/tests/test_wildcard_import_resolver.py::test_fix_file_no_names_used PASSED [ 93%]
Backend CI	Run tests	2026-03-17T02:40:43.4320888Z app/tests/test_wildcard_import_resolver.py::test_fix_file_preserves_indentation PASSED [ 93%]
Backend CI	Run tests	2026-03-17T02:40:43.4335589Z app/tests/test_wildcard_import_resolver.py::test_get_module_exports_with_all PASSED [ 93%]
Backend CI	Run tests	2026-03-17T02:40:43.4353354Z app/tests/test_wildcard_import_resolver.py::test_analyze_file_syntax_error PASSED [ 93%]
Backend CI	Run tests	2026-03-17T02:40:43.4372528Z app/tests/test_wildcard_import_resolver.py::test_fix_file_empty_list PASSED [ 93%]
Backend CI	Run tests	2026-03-17T02:40:43.4409372Z app/tests/test_woocommerce_service.py::TestGetConnection::test_returns_connection_when_found PASSED [ 93%]
Backend CI	Run tests	2026-03-17T02:40:43.4441812Z app/tests/test_woocommerce_service.py::TestGetConnection::test_returns_none_when_not_found PASSED [ 93%]
Backend CI	Run tests	2026-03-17T02:40:43.4474928Z app/tests/test_woocommerce_service.py::TestGetConnection::test_applies_business_id_and_deleted_at_filter PASSED [ 93%]
Backend CI	Run tests	2026-03-17T02:40:43.4503870Z app/tests/test_woocommerce_service.py::TestCreateConnection::test_creates_and_returns_connection PASSED [ 93%]
Backend CI	Run tests	2026-03-17T02:40:43.4531446Z app/tests/test_woocommerce_service.py::TestCreateConnection::test_passes_config_when_provided PASSED [ 93%]
Backend CI	Run tests	2026-03-17T02:40:43.4559198Z app/tests/test_woocommerce_service.py::TestCreateConnection::test_config_defaults_to_none PASSED [ 93%]
Backend CI	Run tests	2026-03-17T02:40:43.4608264Z app/tests/test_woocommerce_service.py::TestUpdateConnection::test_updates_attributes_and_timestamp PASSED [ 93%]
Backend CI	Run tests	2026-03-17T02:40:43.4653619Z app/tests/test_woocommerce_service.py::TestUpdateConnection::test_skips_none_values PASSED [ 93%]
Backend CI	Run tests	2026-03-17T02:40:43.4701690Z app/tests/test_woocommerce_service.py::TestUpdateConnection::test_returns_none_when_connection_not_found PASSED [ 93%]
Backend CI	Run tests	2026-03-17T02:40:43.4744579Z app/tests/test_woocommerce_service.py::TestUpdateConnection::test_with_no_kwargs PASSED [ 93%]
Backend CI	Run tests	2026-03-17T02:40:43.4785194Z app/tests/test_woocommerce_service.py::TestDeleteConnection::test_soft_deletes_and_returns_true PASSED [ 93%]
Backend CI	Run tests	2026-03-17T02:40:43.4818644Z app/tests/test_woocommerce_service.py::TestDeleteConnection::test_returns_false_when_not_found PASSED [ 93%]
Backend CI	Run tests	2026-03-17T02:40:43.4854840Z app/tests/test_woocommerce_service.py::TestListSyncMaps::test_returns_items_and_total PASSED [ 93%]
Backend CI	Run tests	2026-03-17T02:40:43.4889590Z app/tests/test_woocommerce_service.py::TestListSyncMaps::test_applies_entity_type_filter PASSED [ 93%]
Backend CI	Run tests	2026-03-17T02:40:43.4924123Z app/tests/test_woocommerce_service.py::TestListSyncMaps::test_applies_status_filter PASSED [ 93%]
Backend CI	Run tests	2026-03-17T02:40:43.4971997Z app/tests/test_woocommerce_service.py::TestListSyncMaps::test_applies_both_filters PASSED [ 93%]
Backend CI	Run tests	2026-03-17T02:40:43.5006026Z app/tests/test_woocommerce_service.py::TestListSyncMaps::test_no_optional_filters PASSED [ 93%]
Backend CI	Run tests	2026-03-17T02:40:43.5039329Z app/tests/test_woocommerce_service.py::TestListSyncMaps::test_pagination_offset_and_limit PASSED [ 93%]
Backend CI	Run tests	2026-03-17T02:40:43.5073300Z app/tests/test_woocommerce_service.py::TestListSyncMaps::test_first_page_offset_is_zero PASSED [ 93%]
Backend CI	Run tests	2026-03-17T02:40:43.5106325Z app/tests/test_woocommerce_service.py::TestListSyncMaps::test_order_by_is_called PASSED [ 93%]
Backend CI	Run tests	2026-03-17T02:40:43.5139463Z app/tests/test_woocommerce_service.py::TestListSyncMaps::test_empty_results PASSED [ 93%]
Backend CI	Run tests	2026-03-17T02:40:43.5173879Z app/tests/test_woocommerce_service.py::TestGetSyncMap::test_returns_sync_map_when_found PASSED [ 93%]
Backend CI	Run tests	2026-03-17T02:40:43.5206858Z app/tests/test_woocommerce_service.py::TestGetSyncMap::test_returns_none_when_not_found PASSED [ 93%]
Backend CI	Run tests	2026-03-17T02:40:43.5254670Z app/tests/test_woocommerce_service.py::TestGetSyncMap::test_filter_is_called PASSED [ 93%]
Backend CI	Run tests	2026-03-17T02:40:43.5282953Z app/tests/test_woocommerce_service.py::TestCreateSyncMap::test_creates_with_default_direction PASSED [ 93%]
Backend CI	Run tests	2026-03-17T02:40:43.5309964Z app/tests/test_woocommerce_service.py::TestCreateSyncMap::test_creates_with_custom_direction PASSED [ 93%]
Backend CI	Run tests	2026-03-17T02:40:43.5337403Z app/tests/test_woocommerce_service.py::TestCreateSyncMap::test_status_always_pending PASSED [ 93%]
Backend CI	Run tests	2026-03-17T02:40:43.5381020Z app/tests/test_woocommerce_service.py::TestMarkSynced::test_marks_entry_as_synced PASSED [ 93%]
Backend CI	Run tests	2026-03-17T02:40:43.5424496Z app/tests/test_woocommerce_service.py::TestMarkSynced::test_payload_hash_defaults_to_none PASSED [ 93%]
Backend CI	Run tests	2026-03-17T02:40:43.5457905Z app/tests/test_woocommerce_service.py::TestMarkSynced::test_returns_none_when_not_found PASSED [ 93%]
Backend CI	Run tests	2026-03-17T02:40:43.5502125Z app/tests/test_woocommerce_service.py::TestMarkFailed::test_marks_entry_as_failed PASSED [ 93%]
Backend CI	Run tests	2026-03-17T02:40:43.5549947Z app/tests/test_woocommerce_service.py::TestMarkFailed::test_returns_none_when_not_found PASSED [ 94%]
Backend CI	Run tests	2026-03-17T02:40:43.5595937Z app/tests/test_woocommerce_service.py::TestMarkFailed::test_preserves_error_message_text PASSED [ 94%]
Backend CI	Run tests	2026-03-17T02:40:43.5629397Z app/tests/test_xero_service.py::TestGetConnection::test_returns_connection_when_found PASSED [ 94%]
Backend CI	Run tests	2026-03-17T02:40:43.5660856Z app/tests/test_xero_service.py::TestGetConnection::test_returns_none_when_not_found PASSED [ 94%]
Backend CI	Run tests	2026-03-17T02:40:43.5692897Z app/tests/test_xero_service.py::TestGetConnection::test_queries_correct_model PASSED [ 94%]
Backend CI	Run tests	2026-03-17T02:40:43.5721014Z app/tests/test_xero_service.py::TestCreateConnection::test_creates_with_defaults PASSED [ 94%]
Backend CI	Run tests	2026-03-17T02:40:43.5748728Z app/tests/test_xero_service.py::TestCreateConnection::test_creates_with_tenant_id PASSED [ 94%]
Backend CI	Run tests	2026-03-17T02:40:43.5776132Z app/tests/test_xero_service.py::TestCreateConnection::test_creates_with_config PASSED [ 94%]
Backend CI	Run tests	2026-03-17T02:40:43.5803470Z app/tests/test_xero_service.py::TestCreateConnection::test_creates_with_all_params PASSED [ 94%]
Backend CI	Run tests	2026-03-17T02:40:43.5830905Z app/tests/test_xero_service.py::TestCreateConnection::test_returns_refreshed_object PASSED [ 94%]
Backend CI	Run tests	2026-03-17T02:40:43.5890426Z app/tests/test_xero_service.py::TestUpdateConnection::test_updates_kwargs PASSED [ 94%]
Backend CI	Run tests	2026-03-17T02:40:43.5934071Z app/tests/test_xero_service.py::TestUpdateConnection::test_skips_none_values PASSED [ 94%]
Backend CI	Run tests	2026-03-17T02:40:43.5967465Z app/tests/test_xero_service.py::TestUpdateConnection::test_returns_none_when_not_found PASSED [ 94%]
Backend CI	Run tests	2026-03-17T02:40:43.6010216Z app/tests/test_xero_service.py::TestUpdateConnection::test_sets_updated_at PASSED [ 94%]
Backend CI	Run tests	2026-03-17T02:40:43.6054448Z app/tests/test_xero_service.py::TestUpdateConnection::test_single_kwarg PASSED [ 94%]
Backend CI	Run tests	2026-03-17T02:40:43.6096629Z app/tests/test_xero_service.py::TestDeleteConnection::test_soft_deletes_and_returns_true PASSED [ 94%]
Backend CI	Run tests	2026-03-17T02:40:43.6145006Z app/tests/test_xero_service.py::TestDeleteConnection::test_returns_false_when_not_found PASSED [ 94%]
Backend CI	Run tests	2026-03-17T02:40:43.6179587Z app/tests/test_xero_service.py::TestListSyncLogs::test_returns_items_and_total PASSED [ 94%]
Backend CI	Run tests	2026-03-17T02:40:43.6213472Z app/tests/test_xero_service.py::TestListSyncLogs::test_empty_result PASSED [ 94%]
Backend CI	Run tests	2026-03-17T02:40:43.6247558Z app/tests/test_xero_service.py::TestListSyncLogs::test_entity_type_filter PASSED [ 94%]
Backend CI	Run tests	2026-03-17T02:40:43.6282327Z app/tests/test_xero_service.py::TestListSyncLogs::test_status_filter PASSED [ 94%]
Backend CI	Run tests	2026-03-17T02:40:43.6318226Z app/tests/test_xero_service.py::TestListSyncLogs::test_both_filters PASSED [ 94%]
Backend CI	Run tests	2026-03-17T02:40:43.6352543Z app/tests/test_xero_service.py::TestListSyncLogs::test_pagination_defaults PASSED [ 94%]
Backend CI	Run tests	2026-03-17T02:40:43.6387612Z app/tests/test_xero_service.py::TestListSyncLogs::test_pagination_custom PASSED [ 94%]
Backend CI	Run tests	2026-03-17T02:40:43.6438636Z app/tests/test_xero_service.py::TestListSyncLogs::test_order_by_called PASSED [ 94%]
Backend CI	Run tests	2026-03-17T02:40:43.6471934Z app/tests/test_xero_service.py::TestGetSyncLog::test_returns_log_when_found PASSED [ 94%]
Backend CI	Run tests	2026-03-17T02:40:43.6504633Z app/tests/test_xero_service.py::TestGetSyncLog::test_returns_none_when_not_found PASSED [ 94%]
Backend CI	Run tests	2026-03-17T02:40:43.6538400Z app/tests/test_xero_service.py::TestGetSyncLog::test_queries_correct_model PASSED [ 94%]
Backend CI	Run tests	2026-03-17T02:40:43.6567014Z app/tests/test_xero_service.py::TestCreateSyncLog::test_creates_with_defaults PASSED [ 94%]
Backend CI	Run tests	2026-03-17T02:40:43.6595290Z app/tests/test_xero_service.py::TestCreateSyncLog::test_creates_with_pull_direction PASSED [ 94%]
Backend CI	Run tests	2026-03-17T02:40:43.6622594Z app/tests/test_xero_service.py::TestCreateSyncLog::test_returns_refreshed_object PASSED [ 94%]
Backend CI	Run tests	2026-03-17T02:40:43.6667404Z app/tests/test_xero_service.py::TestMarkSynced::test_marks_synced PASSED [ 94%]
Backend CI	Run tests	2026-03-17T02:40:43.6712467Z app/tests/test_xero_service.py::TestMarkSynced::test_marks_synced_with_payload_hash PASSED [ 94%]
Backend CI	Run tests	2026-03-17T02:40:43.6761780Z app/tests/test_xero_service.py::TestMarkSynced::test_returns_none_when_not_found PASSED [ 94%]
Backend CI	Run tests	2026-03-17T02:40:43.6805729Z app/tests/test_xero_service.py::TestMarkFailed::test_marks_failed PASSED [ 94%]
Backend CI	Run tests	2026-03-17T02:40:43.6839314Z app/tests/test_xero_service.py::TestMarkFailed::test_returns_none_when_not_found PASSED [ 94%]
Backend CI	Run tests	2026-03-17T02:40:43.6886696Z app/tests/test_xero_service.py::TestMarkFailed::test_preserves_other_fields PASSED [ 94%]
Backend CI	Run tests	2026-03-17T02:40:43.6914098Z app/tests/unit/test_aging_calculation.py::test_calculate_aging_empty_account PASSED [ 94%]
Backend CI	Run tests	2026-03-17T02:40:43.6938279Z app/tests/unit/test_aging_calculation.py::test_calculate_aging_current_not_due PASSED [ 94%]
Backend CI	Run tests	2026-03-17T02:40:43.6960041Z app/tests/unit/test_aging_calculation.py::test_calculate_aging_30_days_overdue PASSED [ 94%]
Backend CI	Run tests	2026-03-17T02:40:43.6981215Z app/tests/unit/test_aging_calculation.py::test_calculate_aging_60_days_overdue PASSED [ 94%]
Backend CI	Run tests	2026-03-17T02:40:43.7004424Z app/tests/unit/test_aging_calculation.py::test_calculate_aging_90_plus_days_overdue PASSED [ 94%]
Backend CI	Run tests	2026-03-17T02:40:43.7030929Z app/tests/unit/test_aging_calculation.py::test_calculate_aging_mixed_buckets PASSED [ 95%]
Backend CI	Run tests	2026-03-17T02:40:43.7052209Z app/tests/unit/test_aging_calculation.py::test_calculate_aging_boundary_exactly_30_days PASSED [ 95%]
Backend CI	Run tests	2026-03-17T02:40:43.7073445Z app/tests/unit/test_aging_calculation.py::test_calculate_aging_boundary_exactly_60_days PASSED [ 95%]
Backend CI	Run tests	2026-03-17T02:40:43.7094852Z app/tests/unit/test_aging_calculation.py::test_calculate_aging_boundary_exactly_61_days PASSED [ 95%]
Backend CI	Run tests	2026-03-17T02:40:43.7116050Z app/tests/unit/test_aging_calculation.py::test_calculate_aging_no_due_date_uses_payment_terms PASSED [ 95%]
Backend CI	Run tests	2026-03-17T02:40:43.7137080Z app/tests/unit/test_aging_calculation.py::test_calculate_aging_custom_as_of_date PASSED [ 95%]
Backend CI	Run tests	2026-03-17T02:40:43.7158737Z app/tests/unit/test_aging_calculation.py::test_calculate_aging_excludes_fully_paid_charges PASSED [ 95%]
Backend CI	Run tests	2026-03-17T02:40:43.7180340Z app/tests/unit/test_aging_calculation.py::test_calculate_aging_partially_paid_charges PASSED [ 95%]
Backend CI	Run tests	2026-03-17T02:40:43.7208296Z app/tests/unit/test_aging_calculation.py::test_calculate_aging_mixed_payment_status PASSED [ 95%]
Backend CI	Run tests	2026-03-17T02:40:43.7226956Z app/tests/unit/test_balance_calculation.py::test_calculate_balance_from_transactions_with_no_transactions PASSED [ 95%]
Backend CI	Run tests	2026-03-17T02:40:43.7250591Z app/tests/unit/test_balance_calculation.py::test_calculate_balance_from_transactions_with_only_charges PASSED [ 95%]
Backend CI	Run tests	2026-03-17T02:40:43.7271964Z app/tests/unit/test_balance_calculation.py::test_calculate_balance_from_transactions_with_charges_and_payments PASSED [ 95%]
Backend CI	Run tests	2026-03-17T02:40:43.7291736Z app/tests/unit/test_balance_calculation.py::test_verify_balance_accuracy_when_accurate PASSED [ 95%]
Backend CI	Run tests	2026-03-17T02:40:43.7311638Z app/tests/unit/test_balance_calculation.py::test_verify_balance_accuracy_when_inaccurate PASSED [ 95%]
Backend CI	Run tests	2026-03-17T02:40:43.7336189Z app/tests/unit/test_balance_calculation.py::test_recalculate_and_fix_balance_when_inaccurate PASSED [ 95%]
Backend CI	Run tests	2026-03-17T02:40:43.7360980Z app/tests/unit/test_balance_management.py::test_calculate_balance_with_all_transaction_types PASSED [ 95%]
Backend CI	Run tests	2026-03-17T02:40:43.7381965Z app/tests/unit/test_balance_management.py::test_calculate_balance_with_negative_adjustments PASSED [ 95%]
Backend CI	Run tests	2026-03-17T02:40:43.7402379Z app/tests/unit/test_balance_management.py::test_calculate_balance_with_large_numbers PASSED [ 95%]
Backend CI	Run tests	2026-03-17T02:40:43.7423077Z app/tests/unit/test_balance_management.py::test_calculate_balance_with_decimal_precision PASSED [ 95%]
Backend CI	Run tests	2026-03-17T02:40:43.7442113Z app/tests/unit/test_balance_management.py::test_verify_balance_accuracy_with_tolerance PASSED [ 95%]
Backend CI	Run tests	2026-03-17T02:40:43.7461309Z app/tests/unit/test_balance_management.py::test_verify_balance_accuracy_exceeds_tolerance PASSED [ 95%]
Backend CI	Run tests	2026-03-17T02:40:43.7481091Z app/tests/unit/test_balance_management.py::test_verify_balance_accuracy_custom_tolerance PASSED [ 95%]
Backend CI	Run tests	2026-03-17T02:40:43.7501543Z app/tests/unit/test_balance_management.py::test_recalculate_and_fix_balance_updates_notes PASSED [ 95%]
Backend CI	Run tests	2026-03-17T02:40:43.7521547Z app/tests/unit/test_balance_management.py::test_recalculate_and_fix_balance_no_fix_needed PASSED [ 95%]
Backend CI	Run tests	2026-03-17T02:40:43.7541933Z app/tests/unit/test_balance_management.py::test_recalculate_and_fix_balance_with_custom_reason PASSED [ 95%]
Backend CI	Run tests	2026-03-17T02:40:43.7559930Z app/tests/unit/test_balance_management.py::test_get_balance_returns_account_balance_object PASSED [ 95%]
Backend CI	Run tests	2026-03-17T02:40:43.7577445Z app/tests/unit/test_balance_management.py::test_get_balance_calculates_credit_utilization PASSED [ 95%]
Backend CI	Run tests	2026-03-17T02:40:43.7594925Z app/tests/unit/test_balance_management.py::test_get_balance_detects_over_limit_status PASSED [ 95%]
Backend CI	Run tests	2026-03-17T02:40:43.7618980Z app/tests/unit/test_balance_management.py::test_get_balance_with_aging_breakdown PASSED [ 95%]
Backend CI	Run tests	2026-03-17T02:40:43.7636644Z app/tests/unit/test_balance_management.py::test_get_balance_without_aging_breakdown PASSED [ 95%]
Backend CI	Run tests	2026-03-17T02:40:43.7654626Z app/tests/unit/test_balance_management.py::test_available_credit_with_zero_balance PASSED [ 95%]
Backend CI	Run tests	2026-03-17T02:40:43.7671931Z app/tests/unit/test_balance_management.py::test_available_credit_with_partial_balance PASSED [ 95%]
Backend CI	Run tests	2026-03-17T02:40:43.7689416Z app/tests/unit/test_balance_management.py::test_available_credit_at_limit PASSED [ 95%]
Backend CI	Run tests	2026-03-17T02:40:43.7706885Z app/tests/unit/test_balance_management.py::test_available_credit_over_limit PASSED [ 95%]
Backend CI	Run tests	2026-03-17T02:40:43.7724961Z app/tests/unit/test_balance_management.py::test_balance_calculation_with_empty_transaction_list PASSED [ 95%]
Backend CI	Run tests	2026-03-17T02:40:43.7742363Z app/tests/unit/test_balance_management.py::test_get_balance_with_zero_credit_limit PASSED [ 95%]
Backend CI	Run tests	2026-03-17T02:40:43.7764481Z app/tests/unit/test_balance_management.py::test_balance_calculation_preserves_decimal_places PASSED [ 95%]
Backend CI	Run tests	2026-03-17T02:40:43.7781936Z app/tests/unit/test_balance_management.py::test_get_balance_with_suspended_account PASSED [ 95%]
Backend CI	Run tests	2026-03-17T02:40:43.7799722Z app/tests/unit/test_balance_management.py::test_get_balance_with_pending_account PASSED [ 95%]
Backend CI	Run tests	2026-03-17T02:40:43.7824134Z app/tests/unit/test_balance_management.py::test_balance_accuracy_after_multiple_operations PASSED [ 95%]
Backend CI	Run tests	2026-03-17T02:40:43.7849914Z app/tests/unit/test_balance_management.py::test_balance_reconciliation_workflow PASSED [ 95%]
Backend CI	Run tests	2026-03-17T02:40:43.7865294Z app/tests/unit/test_crm_service_unit.py::TestCustomerStats::test_visit_count PASSED [ 95%]
Backend CI	Run tests	2026-03-17T02:40:43.7880110Z app/tests/unit/test_crm_service_unit.py::TestCustomerStats::test_visit_count_excludes_cancelled PASSED [ 95%]
Backend CI	Run tests	2026-03-17T02:40:43.7894841Z app/tests/unit/test_crm_service_unit.py::TestCustomerStats::test_total_spent PASSED [ 96%]
Backend CI	Run tests	2026-03-17T02:40:43.7909328Z app/tests/unit/test_crm_service_unit.py::TestCustomerStats::test_avg_order_value PASSED [ 96%]
Backend CI	Run tests	2026-03-17T02:40:43.7923908Z app/tests/unit/test_crm_service_unit.py::TestCustomerStats::test_no_orders_returns_zeros PASSED [ 96%]
Backend CI	Run tests	2026-03-17T02:40:43.7938424Z app/tests/unit/test_crm_service_unit.py::TestCustomerStats::test_last_visit_is_most_recent PASSED [ 96%]
Backend CI	Run tests	2026-03-17T02:40:43.7953259Z app/tests/unit/test_crm_service_unit.py::TestCustomerStats::test_other_customer_orders_excluded PASSED [ 96%]
Backend CI	Run tests	2026-03-17T02:40:43.7967535Z app/tests/unit/test_crm_service_unit.py::TestSegmentRuleEvaluation::test_gt_rule PASSED [ 96%]
Backend CI	Run tests	2026-03-17T02:40:43.7981601Z app/tests/unit/test_crm_service_unit.py::TestSegmentRuleEvaluation::test_gt_rule_fails PASSED [ 96%]
Backend CI	Run tests	2026-03-17T02:40:43.7995712Z app/tests/unit/test_crm_service_unit.py::TestSegmentRuleEvaluation::test_lt_rule PASSED [ 96%]
Backend CI	Run tests	2026-03-17T02:40:43.8009504Z app/tests/unit/test_crm_service_unit.py::TestSegmentRuleEvaluation::test_eq_rule PASSED [ 96%]
Backend CI	Run tests	2026-03-17T02:40:43.8023706Z app/tests/unit/test_crm_service_unit.py::TestSegmentRuleEvaluation::test_between_rule PASSED [ 96%]
Backend CI	Run tests	2026-03-17T02:40:43.8037845Z app/tests/unit/test_crm_service_unit.py::TestSegmentRuleEvaluation::test_between_rule_out_of_range PASSED [ 96%]
Backend CI	Run tests	2026-03-17T02:40:43.8051940Z app/tests/unit/test_crm_service_unit.py::TestSegmentRuleEvaluation::test_missing_field PASSED [ 96%]
Backend CI	Run tests	2026-03-17T02:40:43.8066283Z app/tests/unit/test_crm_service_unit.py::TestSegmentEvaluation::test_all_rules_satisfied PASSED [ 96%]
Backend CI	Run tests	2026-03-17T02:40:43.8080329Z app/tests/unit/test_crm_service_unit.py::TestSegmentEvaluation::test_one_rule_fails PASSED [ 96%]
Backend CI	Run tests	2026-03-17T02:40:43.8094488Z app/tests/unit/test_crm_service_unit.py::TestSegmentEvaluation::test_empty_rules PASSED [ 96%]
Backend CI	Run tests	2026-03-17T02:40:43.8108989Z app/tests/unit/test_crm_service_unit.py::TestSegmentEvaluation::test_vip_segment PASSED [ 96%]
Backend CI	Run tests	2026-03-17T02:40:43.8126156Z app/tests/unit/test_crm_service_unit.py::TestSegmentEvaluation::test_new_customer_segment PASSED [ 96%]
Backend CI	Run tests	2026-03-17T02:40:44.1309311Z app/tests/unit/test_customer_account_service.py::TestCustomerAccountService::test_generate_account_number_format PASSED [ 96%]
Backend CI	Run tests	2026-03-17T02:40:44.4418702Z app/tests/unit/test_customer_account_service.py::TestCustomerAccountService::test_generate_account_number_uniqueness PASSED [ 96%]
Backend CI	Run tests	2026-03-17T02:40:44.8103471Z app/tests/unit/test_customer_account_service.py::TestCustomerAccountService::test_create_account_success PASSED [ 96%]
Backend CI	Run tests	2026-03-17T02:40:45.6497344Z app/tests/unit/test_customer_account_service.py::TestCustomerAccountService::test_create_account_with_pin PASSED [ 96%]
Backend CI	Run tests	2026-03-17T02:40:45.9327417Z app/tests/unit/test_customer_account_service.py::TestCustomerAccountService::test_create_account_customer_not_found PASSED [ 96%]
Backend CI	Run tests	2026-03-17T02:40:46.2510598Z app/tests/unit/test_customer_account_service.py::TestCustomerAccountService::test_create_account_duplicate_customer PASSED [ 96%]
Backend CI	Run tests	2026-03-17T02:40:46.5754975Z app/tests/unit/test_customer_account_service.py::TestCustomerAccountService::test_get_account PASSED [ 96%]
Backend CI	Run tests	2026-03-17T02:40:46.8852576Z app/tests/unit/test_customer_account_service.py::TestCustomerAccountService::test_get_account_by_customer PASSED [ 96%]
Backend CI	Run tests	2026-03-17T02:40:47.2096778Z app/tests/unit/test_customer_account_service.py::TestCustomerAccountService::test_get_account_by_number PASSED [ 96%]
Backend CI	Run tests	2026-03-17T02:40:47.5227173Z app/tests/unit/test_customer_account_service.py::TestCustomerAccountService::test_update_account PASSED [ 96%]
Backend CI	Run tests	2026-03-17T02:40:48.3722282Z app/tests/unit/test_customer_account_service.py::TestCustomerAccountService::test_update_account_pin PASSED [ 96%]
Backend CI	Run tests	2026-03-17T02:40:48.6839705Z app/tests/unit/test_customer_account_service.py::TestCustomerAccountService::test_activate_account PASSED [ 96%]
Backend CI	Run tests	2026-03-17T02:40:49.0153381Z app/tests/unit/test_customer_account_service.py::TestCustomerAccountService::test_activate_account_already_active PASSED [ 96%]
Backend CI	Run tests	2026-03-17T02:40:49.3661617Z app/tests/unit/test_customer_account_service.py::TestCustomerAccountService::test_suspend_account PASSED [ 96%]
Backend CI	Run tests	2026-03-17T02:40:49.6695610Z app/tests/unit/test_customer_account_service.py::TestCustomerAccountService::test_suspend_account_not_active PASSED [ 96%]
Backend CI	Run tests	2026-03-17T02:40:49.9907377Z app/tests/unit/test_customer_account_service.py::TestCustomerAccountService::test_close_account PASSED [ 96%]
Backend CI	Run tests	2026-03-17T02:40:50.3243882Z app/tests/unit/test_customer_account_service.py::TestCustomerAccountService::test_close_account_with_balance PASSED [ 96%]
Backend CI	Run tests	2026-03-17T02:40:50.6350939Z app/tests/unit/test_customer_account_service.py::TestCustomerAccountService::test_get_balance PASSED [ 96%]
Backend CI	Run tests	2026-03-17T02:40:50.9456463Z app/tests/unit/test_customer_account_service.py::TestCustomerAccountService::test_validate_credit_success PASSED [ 96%]
Backend CI	Run tests	2026-03-17T02:40:51.2566148Z app/tests/unit/test_customer_account_service.py::TestCustomerAccountService::test_validate_credit_exceeds_limit PASSED [ 96%]
Backend CI	Run tests	2026-03-17T02:40:51.5575625Z app/tests/unit/test_customer_account_service.py::TestCustomerAccountService::test_validate_credit_account_not_active PASSED [ 96%]
Backend CI	Run tests	2026-03-17T02:40:51.8691984Z app/tests/unit/test_customer_account_service.py::TestCustomerAccountService::test_validate_credit_negative_amount PASSED [ 96%]
Backend CI	Run tests	2026-03-17T02:40:52.1802269Z app/tests/unit/test_customer_account_service.py::TestCustomerAccountService::test_available_credit_calculation PASSED [ 96%]
Backend CI	Run tests	2026-03-17T02:40:52.4912384Z app/tests/unit/test_customer_account_service.py::TestCustomerAccountService::test_over_limit_detection PASSED [ 96%]
Backend CI	Run tests	2026-03-17T02:40:53.1405485Z app/tests/unit/test_customer_account_service.py::TestPaymentRecording::test_record_payment_success PASSED [ 96%]
Backend CI	Run tests	2026-03-17T02:40:53.8047155Z app/tests/unit/test_customer_account_service.py::TestPaymentRecording::test_record_payment_multiple_methods PASSED [ 97%]
Backend CI	Run tests	2026-03-17T02:40:54.4214051Z app/tests/unit/test_customer_account_service.py::TestPaymentRecording::test_record_payment_with_reference PASSED [ 97%]
Backend CI	Run tests	2026-03-17T02:40:55.0281513Z app/tests/unit/test_customer_account_service.py::TestPaymentRecording::test_record_payment_with_notes PASSED [ 97%]
Backend CI	Run tests	2026-03-17T02:40:55.6230548Z app/tests/unit/test_customer_account_service.py::TestPaymentRecording::test_record_payment_zero_amount_fails PASSED [ 97%]
Backend CI	Run tests	2026-03-17T02:40:56.2177171Z app/tests/unit/test_customer_account_service.py::TestPaymentRecording::test_record_payment_negative_amount_fails PASSED [ 97%]
Backend CI	Run tests	2026-03-17T02:40:56.8124211Z app/tests/unit/test_customer_account_service.py::TestPaymentRecording::test_record_payment_empty_method_fails PASSED [ 97%]
Backend CI	Run tests	2026-03-17T02:40:57.4160384Z app/tests/unit/test_customer_account_service.py::TestPaymentRecording::test_record_payment_whitespace_method_fails PASSED [ 97%]
Backend CI	Run tests	2026-03-17T02:40:58.0166591Z app/tests/unit/test_customer_account_service.py::TestPaymentRecording::test_record_payment_closed_account_fails PASSED [ 97%]
Backend CI	Run tests	2026-03-17T02:40:58.6292341Z app/tests/unit/test_customer_account_service.py::TestPaymentRecording::test_record_payment_suspended_account_allowed PASSED [ 97%]
Backend CI	Run tests	2026-03-17T02:40:59.2290639Z app/tests/unit/test_customer_account_service.py::TestPaymentRecording::test_record_payment_pending_account_allowed PASSED [ 97%]
Backend CI	Run tests	2026-03-17T02:40:59.8369043Z app/tests/unit/test_customer_account_service.py::TestPaymentRecording::test_record_payment_large_amount PASSED [ 97%]
Backend CI	Run tests	2026-03-17T02:41:00.4433462Z app/tests/unit/test_customer_account_service.py::TestPaymentRecording::test_record_payment_decimal_precision PASSED [ 97%]
Backend CI	Run tests	2026-03-17T02:41:01.0653529Z app/tests/unit/test_customer_account_service.py::TestPaymentRecording::test_record_multiple_payments PASSED [ 97%]
Backend CI	Run tests	2026-03-17T02:41:01.6812345Z app/tests/unit/test_customer_account_service.py::TestPaymentRecording::test_record_payment_does_not_update_balance PASSED [ 97%]
Backend CI	Run tests	2026-03-17T02:41:02.2917275Z app/tests/unit/test_customer_account_service.py::TestPaymentRecording::test_payment_unallocated_amount_initial PASSED [ 97%]
Backend CI	Run tests	2026-03-17T02:41:02.2962275Z app/tests/unit/test_edge_cases.py::TestEmptyInvoiceList::test_job_completes_successfully_with_no_overdue_invoices PASSED [ 97%]
Backend CI	Run tests	2026-03-17T02:41:02.3006432Z app/tests/unit/test_edge_cases.py::TestInvoicesDueToday::test_invoices_due_today_not_considered_overdue PASSED [ 97%]
Backend CI	Run tests	2026-03-17T02:41:02.3047293Z app/tests/unit/test_edge_cases.py::TestInvoicesDueToday::test_invoice_due_tomorrow_not_overdue PASSED [ 97%]
Backend CI	Run tests	2026-03-17T02:41:02.3173697Z app/tests/unit/test_edge_cases.py::TestNotificationServiceFailure::test_job_continues_when_notification_service_fails PASSED [ 97%]
Backend CI	Run tests	2026-03-17T02:41:02.3250265Z app/tests/unit/test_edge_cases.py::TestNotificationServiceFailure::test_error_logged_with_invoice_details PASSED [ 97%]
Backend CI	Run tests	2026-03-17T02:41:02.3267003Z app/tests/unit/test_job_execution_log.py::test_job_execution_log_creation PASSED [ 97%]
Backend CI	Run tests	2026-03-17T02:41:02.3281991Z app/tests/unit/test_job_execution_log.py::test_job_execution_log_duration PASSED [ 97%]
Backend CI	Run tests	2026-03-17T02:41:02.3297449Z app/tests/unit/test_job_execution_log.py::test_job_execution_log_duration_no_end PASSED [ 97%]
Backend CI	Run tests	2026-03-17T02:41:02.3313141Z app/tests/unit/test_job_execution_log.py::test_job_execution_log_with_errors PASSED [ 97%]
Backend CI	Run tests	2026-03-17T02:41:02.3330923Z app/tests/unit/test_job_execution_log.py::test_job_execution_log_repr PASSED [ 97%]
Backend CI	Run tests	2026-03-17T02:41:02.9885872Z app/tests/unit/test_payment_allocation.py::TestPaymentAllocation::test_allocate_payment_single_charge_full_payment PASSED [ 97%]
Backend CI	Run tests	2026-03-17T02:41:03.6337649Z app/tests/unit/test_payment_allocation.py::TestPaymentAllocation::test_allocate_payment_single_charge_partial_payment PASSED [ 97%]
Backend CI	Run tests	2026-03-17T02:41:04.3419816Z app/tests/unit/test_payment_allocation.py::TestPaymentAllocation::test_allocate_payment_multiple_charges_fifo PASSED [ 97%]
Backend CI	Run tests	2026-03-17T02:41:05.0180433Z app/tests/unit/test_payment_allocation.py::TestPaymentAllocation::test_allocate_payment_multiple_charges_partial_last PASSED [ 97%]
Backend CI	Run tests	2026-03-17T02:41:05.6638545Z app/tests/unit/test_payment_allocation.py::TestPaymentAllocation::test_allocate_payment_overpayment PASSED [ 97%]
Backend CI	Run tests	2026-03-17T02:41:06.2912425Z app/tests/unit/test_payment_allocation.py::TestPaymentAllocation::test_allocate_payment_no_charges PASSED [ 97%]
Backend CI	Run tests	2026-03-17T02:41:06.9294525Z app/tests/unit/test_payment_allocation.py::TestPaymentAllocation::test_allocate_payment_already_allocated_fails PASSED [ 97%]
Backend CI	Run tests	2026-03-17T02:41:07.5259703Z app/tests/unit/test_payment_allocation.py::TestPaymentAllocation::test_allocate_payment_closed_account_fails PASSED [ 97%]
Backend CI	Run tests	2026-03-17T02:41:08.1726796Z app/tests/unit/test_payment_allocation.py::TestPaymentAllocation::test_allocate_payment_creates_transaction PASSED [ 97%]
Backend CI	Run tests	2026-03-17T02:41:08.8626567Z app/tests/unit/test_payment_allocation.py::TestPaymentAllocation::test_allocate_payment_with_previous_partial_payment PASSED [ 97%]
Backend CI	Run tests	2026-03-17T02:41:09.5258848Z app/tests/unit/test_payment_allocation.py::TestPaymentAllocation::test_allocate_payment_decimal_precision PASSED [ 97%]
Backend CI	Run tests	2026-03-17T02:41:10.1687282Z app/tests/unit/test_payment_allocation.py::TestPaymentAllocation::test_process_payment_convenience_method PASSED [ 97%]
Backend CI	Run tests	2026-03-17T02:41:10.9173083Z app/tests/unit/test_payment_allocation.py::TestPaymentAllocation::test_allocate_payment_fifo_order_property PASSED [ 97%]
Backend CI	Run tests	2026-03-17T02:41:10.9189069Z app/tests/unit/test_sales_report_unit.py::TestGrossSales::test_single_order PASSED [ 97%]
Backend CI	Run tests	2026-03-17T02:41:10.9204818Z app/tests/unit/test_sales_report_unit.py::TestGrossSales::test_multiple_orders PASSED [ 97%]
Backend CI	Run tests	2026-03-17T02:41:10.9219786Z app/tests/unit/test_sales_report_unit.py::TestGrossSales::test_empty_orders PASSED [ 97%]
Backend CI	Run tests	2026-03-17T02:41:10.9235232Z app/tests/unit/test_sales_report_unit.py::TestGrossSales::test_large_values PASSED [ 97%]
Backend CI	Run tests	2026-03-17T02:41:10.9250741Z app/tests/unit/test_sales_report_unit.py::TestNetSales::test_no_discounts_or_refunds PASSED [ 98%]
Backend CI	Run tests	2026-03-17T02:41:10.9265905Z app/tests/unit/test_sales_report_unit.py::TestNetSales::test_with_discount PASSED [ 98%]
Backend CI	Run tests	2026-03-17T02:41:10.9280940Z app/tests/unit/test_sales_report_unit.py::TestNetSales::test_with_refund PASSED [ 98%]
Backend CI	Run tests	2026-03-17T02:41:10.9296332Z app/tests/unit/test_sales_report_unit.py::TestNetSales::test_with_both PASSED [ 98%]
Backend CI	Run tests	2026-03-17T02:41:10.9311731Z app/tests/unit/test_sales_report_unit.py::TestNetSales::test_multiple_orders_mixed PASSED [ 98%]
Backend CI	Run tests	2026-03-17T02:41:10.9327266Z app/tests/unit/test_sales_report_unit.py::TestAverageTransactionValue::test_basic_atv PASSED [ 98%]
Backend CI	Run tests	2026-03-17T02:41:10.9342860Z app/tests/unit/test_sales_report_unit.py::TestAverageTransactionValue::test_atv_excludes_cancelled PASSED [ 98%]
Backend CI	Run tests	2026-03-17T02:41:10.9358193Z app/tests/unit/test_sales_report_unit.py::TestAverageTransactionValue::test_atv_with_discounts PASSED [ 98%]
Backend CI	Run tests	2026-03-17T02:41:10.9373299Z app/tests/unit/test_sales_report_unit.py::TestAverageTransactionValue::test_atv_empty_returns_zero PASSED [ 98%]
Backend CI	Run tests	2026-03-17T02:41:10.9388616Z app/tests/unit/test_sales_report_unit.py::TestItemsPerTransaction::test_basic_items_per_txn PASSED [ 98%]
Backend CI	Run tests	2026-03-17T02:41:10.9404281Z app/tests/unit/test_sales_report_unit.py::TestItemsPerTransaction::test_single_item_orders PASSED [ 98%]
Backend CI	Run tests	2026-03-17T02:41:10.9419055Z app/tests/unit/test_sales_report_unit.py::TestItemsPerTransaction::test_empty_returns_zero PASSED [ 98%]
Backend CI	Run tests	2026-03-17T02:41:10.9434401Z app/tests/unit/test_sales_report_unit.py::TestPaymentBreakdown::test_single_method PASSED [ 98%]
Backend CI	Run tests	2026-03-17T02:41:10.9449568Z app/tests/unit/test_sales_report_unit.py::TestPaymentBreakdown::test_multiple_methods PASSED [ 98%]
Backend CI	Run tests	2026-03-17T02:41:10.9467912Z app/tests/unit/test_sales_report_unit.py::TestPaymentBreakdown::test_breakdown_totals_equal_gross PASSED [ 98%]
Backend CI	Run tests	2026-03-17T02:41:10.9499732Z app/tests/unit/test_scheduler_config.py::TestInvalidConfigurationHandling::test_invalid_schedule_type_uses_default PASSED [ 98%]
Backend CI	Run tests	2026-03-17T02:41:10.9530070Z app/tests/unit/test_scheduler_config.py::TestInvalidConfigurationHandling::test_invalid_cron_expression_uses_default PASSED [ 98%]
Backend CI	Run tests	2026-03-17T02:41:10.9560770Z app/tests/unit/test_scheduler_config.py::TestInvalidConfigurationHandling::test_invalid_interval_hours_uses_default PASSED [ 98%]
Backend CI	Run tests	2026-03-17T02:41:10.9591015Z app/tests/unit/test_scheduler_config.py::TestInvalidConfigurationHandling::test_negative_interval_hours_uses_default PASSED [ 98%]
Backend CI	Run tests	2026-03-17T02:41:10.9621047Z app/tests/unit/test_scheduler_config.py::TestInvalidConfigurationHandling::test_zero_interval_hours_uses_default PASSED [ 98%]
Backend CI	Run tests	2026-03-17T02:41:10.9651308Z app/tests/unit/test_scheduler_config.py::TestInvalidConfigurationHandling::test_invalid_batch_size_uses_default PASSED [ 98%]
Backend CI	Run tests	2026-03-17T02:41:10.9681403Z app/tests/unit/test_scheduler_config.py::TestInvalidConfigurationHandling::test_negative_batch_size_uses_default PASSED [ 98%]
Backend CI	Run tests	2026-03-17T02:41:10.9711406Z app/tests/unit/test_scheduler_config.py::TestInvalidConfigurationHandling::test_zero_batch_size_uses_default PASSED [ 98%]
Backend CI	Run tests	2026-03-17T02:41:10.9726802Z app/tests/unit/test_scheduler_config.py::TestDefaultConfiguration::test_default_configuration_values PASSED [ 98%]
Backend CI	Run tests	2026-03-17T02:41:10.9755531Z app/tests/unit/test_scheduler_config.py::TestDefaultConfiguration::test_no_env_vars_uses_defaults PASSED [ 98%]
Backend CI	Run tests	2026-03-17T02:41:10.9770556Z app/tests/unit/test_scheduler_config.py::TestConfigurationValidation::test_valid_cron_configuration PASSED [ 98%]
Backend CI	Run tests	2026-03-17T02:41:10.9786138Z app/tests/unit/test_scheduler_config.py::TestConfigurationValidation::test_valid_interval_configuration PASSED [ 98%]
Backend CI	Run tests	2026-03-17T02:41:10.9800999Z app/tests/unit/test_scheduler_config.py::TestConfigurationValidation::test_invalid_schedule_type_fails_validation PASSED [ 98%]
Backend CI	Run tests	2026-03-17T02:41:10.9816177Z app/tests/unit/test_scheduler_config.py::TestConfigurationValidation::test_invalid_batch_size_fails_validation PASSED [ 98%]
Backend CI	Run tests	2026-03-17T02:41:10.9831243Z app/tests/unit/test_scheduler_config.py::TestConfigurationValidation::test_invalid_cron_expression_fails_validation PASSED [ 98%]
Backend CI	Run tests	2026-03-17T02:41:10.9849622Z app/tests/unit/test_scheduler_config.py::TestConfigurationValidation::test_invalid_interval_value_fails_validation PASSED [ 98%]
Backend CI	Run tests	2026-03-17T02:41:10.9869150Z app/tests/unit/test_scheduler_manager.py::TestSchedulerManagerLifecycle::test_scheduler_initialization PASSED [ 98%]
Backend CI	Run tests	2026-03-17T02:41:10.9897019Z app/tests/unit/test_scheduler_manager.py::TestSchedulerManagerLifecycle::test_scheduler_starts_successfully PASSED [ 98%]
Backend CI	Run tests	2026-03-17T02:41:10.9921522Z app/tests/unit/test_scheduler_manager.py::TestSchedulerManagerLifecycle::test_scheduler_shutdown_successfully PASSED [ 98%]
Backend CI	Run tests	2026-03-17T02:41:10.9950121Z app/tests/unit/test_scheduler_manager.py::TestSchedulerManagerLifecycle::test_scheduler_start_when_already_running PASSED [ 98%]
Backend CI	Run tests	2026-03-17T02:41:10.9968532Z app/tests/unit/test_scheduler_manager.py::TestSchedulerManagerLifecycle::test_scheduler_shutdown_when_not_running PASSED [ 98%]
Backend CI	Run tests	2026-03-17T02:41:10.9992853Z app/tests/unit/test_scheduler_manager.py::TestJobRegistration::test_add_cron_job PASSED [ 98%]
Backend CI	Run tests	2026-03-17T02:41:11.0014734Z app/tests/unit/test_scheduler_manager.py::TestJobRegistration::test_add_interval_job PASSED [ 98%]
Backend CI	Run tests	2026-03-17T02:41:11.0045809Z app/tests/unit/test_scheduler_manager.py::TestJobRegistration::test_add_job_with_invalid_trigger PASSED [ 98%]
Backend CI	Run tests	2026-03-17T02:41:11.0075704Z app/tests/unit/test_scheduler_manager.py::TestJobRegistration::test_add_job_with_invalid_cron_expression PASSED [ 98%]
Backend CI	Run tests	2026-03-17T02:41:11.0113813Z app/tests/unit/test_scheduler_manager.py::TestJobRegistration::test_replace_existing_job PASSED [ 98%]
Backend CI	Run tests	2026-03-17T02:41:11.0132496Z app/tests/unit/test_scheduler_manager.py::TestJobRegistration::test_get_jobs_when_no_jobs_registered PASSED [ 98%]
Backend CI	Run tests	2026-03-17T02:41:11.0338112Z app/tests/unit/test_scheduler_manager.py::TestSchedulerConfiguration::test_scheduler_uses_configured_timezone PASSED [ 99%]
Backend CI	Run tests	2026-03-17T02:41:11.0359537Z app/tests/unit/test_scheduler_manager.py::TestSchedulerConfiguration::test_scheduler_job_defaults PASSED [ 99%]
Backend CI	Run tests	2026-03-17T02:41:11.0375369Z app/tests/unit/test_staff_report_unit.py::TestPerformanceReport::test_total_sales_aggregation PASSED [ 99%]
Backend CI	Run tests	2026-03-17T02:41:11.0390712Z app/tests/unit/test_staff_report_unit.py::TestPerformanceReport::test_transaction_count_aggregation PASSED [ 99%]
Backend CI	Run tests	2026-03-17T02:41:11.0406100Z app/tests/unit/test_staff_report_unit.py::TestPerformanceReport::test_empty_shifts_returns_zero PASSED [ 99%]
Backend CI	Run tests	2026-03-17T02:41:11.0421325Z app/tests/unit/test_staff_report_unit.py::TestAttendanceReport::test_standard_shift_hours PASSED [ 99%]
Backend CI	Run tests	2026-03-17T02:41:11.0436721Z app/tests/unit/test_staff_report_unit.py::TestAttendanceReport::test_shift_with_break PASSED [ 99%]
Backend CI	Run tests	2026-03-17T02:41:11.0451790Z app/tests/unit/test_staff_report_unit.py::TestAttendanceReport::test_shift_with_long_break PASSED [ 99%]
Backend CI	Run tests	2026-03-17T02:41:11.0466997Z app/tests/unit/test_staff_report_unit.py::TestAttendanceReport::test_short_shift PASSED [ 99%]
Backend CI	Run tests	2026-03-17T02:41:11.0482257Z app/tests/unit/test_staff_report_unit.py::TestAttendanceReport::test_aggregate_hours_for_period PASSED [ 99%]
Backend CI	Run tests	2026-03-17T02:41:11.0497232Z app/tests/unit/test_staff_report_unit.py::TestCommissionReport::test_basic_commission PASSED [ 99%]
Backend CI	Run tests	2026-03-17T02:41:11.0511929Z app/tests/unit/test_staff_report_unit.py::TestCommissionReport::test_commission_with_threshold PASSED [ 99%]
Backend CI	Run tests	2026-03-17T02:41:11.0526939Z app/tests/unit/test_staff_report_unit.py::TestCommissionReport::test_commission_below_threshold PASSED [ 99%]
Backend CI	Run tests	2026-03-17T02:41:11.0541771Z app/tests/unit/test_staff_report_unit.py::TestCommissionReport::test_commission_at_threshold PASSED [ 99%]
Backend CI	Run tests	2026-03-17T02:41:11.0557004Z app/tests/unit/test_staff_report_unit.py::TestCommissionReport::test_aggregate_commissions PASSED [ 99%]
Backend CI	Run tests	2026-03-17T02:41:11.0571859Z app/tests/unit/test_staff_report_unit.py::TestActivityReport::test_activity_entries_ordered_by_time PASSED [ 99%]
Backend CI	Run tests	2026-03-17T02:41:11.0587161Z app/tests/unit/test_staff_report_unit.py::TestActivityReport::test_every_action_type_logged PASSED [ 99%]
Backend CI	Run tests	2026-03-17T02:41:11.0602369Z app/tests/unit/test_staff_report_unit.py::TestProductivityReport::test_basic_productivity PASSED [ 99%]
Backend CI	Run tests	2026-03-17T02:41:11.0617823Z app/tests/unit/test_staff_report_unit.py::TestProductivityReport::test_productivity_with_breaks PASSED [ 99%]
Backend CI	Run tests	2026-03-17T02:41:11.0633235Z app/tests/unit/test_staff_report_unit.py::TestProductivityReport::test_zero_transactions PASSED [ 99%]
Backend CI	Run tests	2026-03-17T02:41:11.0648326Z app/tests/unit/test_staff_report_unit.py::TestProductivityReport::test_zero_hours_returns_zero PASSED [ 99%]
Backend CI	Run tests	2026-03-17T02:41:11.0663586Z app/tests/unit/test_staff_report_unit.py::TestTeamReport::test_team_total_sales PASSED [ 99%]
Backend CI	Run tests	2026-03-17T02:41:11.0678313Z app/tests/unit/test_staff_report_unit.py::TestTeamReport::test_team_member_count PASSED [ 99%]
Backend CI	Run tests	2026-03-17T02:41:11.0693482Z app/tests/unit/test_staff_report_unit.py::TestTeamReport::test_per_member_average PASSED [ 99%]
Backend CI	Run tests	2026-03-17T02:41:11.0708556Z app/tests/unit/test_staff_report_unit.py::TestCustomReportBuilder::test_group_by_staff PASSED [ 99%]
Backend CI	Run tests	2026-03-17T02:41:11.0723676Z app/tests/unit/test_staff_report_unit.py::TestCustomReportBuilder::test_filter_by_date_range PASSED [ 99%]
Backend CI	Run tests	2026-03-17T02:41:11.0741289Z app/tests/unit/test_staff_report_unit.py::TestCustomReportBuilder::test_empty_report PASSED [ 99%]
Backend CI	Run tests	2026-03-17T02:41:11.7478787Z app/tests/unit/test_statement_generation.py::TestStatementGeneration::test_generate_statement_basic PASSED [ 99%]
Backend CI	Run tests	2026-03-17T02:41:12.4109745Z app/tests/unit/test_statement_generation.py::TestStatementGeneration::test_generate_statement_property_4_validation PASSED [ 99%]
Backend CI	Run tests	2026-03-17T02:41:13.0390360Z app/tests/unit/test_statement_generation.py::TestStatementGeneration::test_generate_statement_with_opening_balance PASSED [ 99%]
Backend CI	Run tests	2026-03-17T02:41:13.6957549Z app/tests/unit/test_statement_generation.py::TestStatementGeneration::test_generate_statement_with_aging_breakdown PASSED [ 99%]
Backend CI	Run tests	2026-03-17T02:41:14.0134093Z app/tests/unit/test_statement_generation.py::TestStatementGeneration::test_generate_statement_empty_period PASSED [ 99%]
Backend CI	Run tests	2026-03-17T02:41:14.6581483Z app/tests/unit/test_statement_generation.py::TestStatementGeneration::test_generate_statement_with_adjustments PASSED [ 99%]
Backend CI	Run tests	2026-03-17T02:41:14.9708534Z app/tests/unit/test_statement_generation.py::TestStatementGeneration::test_generate_statement_invalid_period PASSED [ 99%]
Backend CI	Run tests	2026-03-17T02:41:15.5855619Z app/tests/unit/test_statement_generation.py::TestStatementGeneration::test_generate_statement_auto_period_start PASSED [ 99%]
Backend CI	Run tests	2026-03-17T02:41:16.2569349Z app/tests/unit/test_statement_generation.py::TestStatementGeneration::test_generate_statement_consecutive_periods PASSED [ 99%]
Backend CI	Run tests	2026-03-17T02:41:16.9215434Z app/tests/unit/test_statement_generation.py::TestStatementGeneration::test_get_statement_transactions PASSED [ 99%]
Backend CI	Run tests	2026-03-17T02:41:17.5651772Z app/tests/unit/test_statement_generation.py::TestStatementGeneration::test_verify_statement_accuracy PASSED [ 99%]
Backend CI	Run tests	2026-03-17T02:41:18.3398413Z app/tests/unit/test_statement_generation.py::TestStatementGeneration::test_generate_monthly_statements PASSED [ 99%]
Backend CI	Run tests	2026-03-17T02:41:18.6205165Z app/tests/unit/test_statement_generation.py::TestStatementGeneration::test_generate_monthly_statements_invalid_month PASSED [ 99%]
Backend CI	Run tests	2026-03-17T02:41:18.9009801Z app/tests/unit/test_statement_generation.py::TestStatementGeneration::test_generate_monthly_statements_invalid_year PASSED [ 99%]
Backend CI	Run tests	2026-03-17T02:41:19.5332527Z app/tests/unit/test_statement_generation.py::TestStatementGeneration::test_statement_with_write_offs PASSED [ 99%]
Backend CI	Run tests	2026-03-17T02:41:37.1370007Z app/tests/unit/test_statement_generation.py::TestStatementGeneration::test_statement_accuracy_with_multiple_transactions PASSED [100%]
Backend CI	Run tests	2026-03-17T02:41:37.1371308Z 
Backend CI	Run tests	2026-03-17T02:41:37.1371615Z =================================== FAILURES ===================================
Backend CI	Run tests	2026-03-17T02:41:37.1372311Z _____________________________ test_error_isolation _____________________________
Backend CI	Run tests	2026-03-17T02:41:37.1373302Z app/tests/property/test_properties_error_handling.py:62: in test_error_isolation
Backend CI	Run tests	2026-03-17T02:41:37.1374014Z     invoices=st.lists(
Backend CI	Run tests	2026-03-17T02:41:37.1374341Z                ^^^
Backend CI	Run tests	2026-03-17T02:41:37.1374917Z app/tests/property/test_properties_error_handling.py:145: in test_error_isolation
Backend CI	Run tests	2026-03-17T02:41:37.1375744Z     assert len(successful_notifications) == expected_successful
Backend CI	Run tests	2026-03-17T02:41:37.1376313Z E   assert 0 == 4
Backend CI	Run tests	2026-03-17T02:41:37.1376635Z E    +  where 0 = len([])
Backend CI	Run tests	2026-03-17T02:41:37.1377051Z E   Falsifying example: test_error_isolation(
Backend CI	Run tests	2026-03-17T02:41:37.1377685Z E       # The test always failed when commented parts were varied together.
Backend CI	Run tests	2026-03-17T02:41:37.1378437Z E       invoices=[{'id': UUID('2189d8e6-12fb-4f0d-b8d6-38d185532e20'),
Backend CI	Run tests	2026-03-17T02:41:37.1379177Z E         'business_id': UUID('bd649244-25e7-487c-a5cb-e1b3eeddff58'),
Backend CI	Run tests	2026-03-17T02:41:37.1379820Z E         'invoice_number': 'INV-1000',
Backend CI	Run tests	2026-03-17T02:41:37.1380290Z E         'due_date': datetime.date(2026, 3, 16),
Backend CI	Run tests	2026-03-17T02:41:37.1380835Z E         'status': <InvoiceStatus.DRAFT: 'draft'>,
Backend CI	Run tests	2026-03-17T02:41:37.1381427Z E         'issue_date': datetime.date(2026, 3, 9),
Backend CI	Run tests	2026-03-17T02:41:37.1381913Z E         'subtotal': Decimal('100.00'),
Backend CI	Run tests	2026-03-17T02:41:37.1382356Z E         'total': Decimal('100.00'),
Backend CI	Run tests	2026-03-17T02:41:37.1383210Z E         'amount_paid': Decimal('0.00'),
Backend CI	Run tests	2026-03-17T02:41:37.1383775Z E         'balance_due': Decimal('100.00')},
Backend CI	Run tests	2026-03-17T02:41:37.1384304Z E        {'id': UUID('1d383653-218c-4880-bef5-07f211a57fa5'),
Backend CI	Run tests	2026-03-17T02:41:37.1384940Z E         'business_id': UUID('c036d674-8287-4461-9c4a-2c8d6a85b6f1'),
Backend CI	Run tests	2026-03-17T02:41:37.1385539Z E         'invoice_number': 'INV-1000',
Backend CI	Run tests	2026-03-17T02:41:37.1386014Z E         'due_date': datetime.date(2026, 3, 16),
Backend CI	Run tests	2026-03-17T02:41:37.1387067Z E         'status': <InvoiceStatus.DRAFT: 'draft'>,
Backend CI	Run tests	2026-03-17T02:41:37.1387587Z E         'issue_date': datetime.date(2026, 3, 9),
Backend CI	Run tests	2026-03-17T02:41:37.1388066Z E         'subtotal': Decimal('100.00'),
Backend CI	Run tests	2026-03-17T02:41:37.1388505Z E         'total': Decimal('100.00'),
Backend CI	Run tests	2026-03-17T02:41:37.1388946Z E         'amount_paid': Decimal('0.00'),
Backend CI	Run tests	2026-03-17T02:41:37.1389393Z E         'balance_due': Decimal('100.00')},
Backend CI	Run tests	2026-03-17T02:41:37.1390236Z E        {'id': UUID('1e659ddd-c963-4cff-8f55-5243b9f4bd11'),
Backend CI	Run tests	2026-03-17T02:41:37.1390887Z E         'business_id': UUID('5e91e6ec-4ef3-4de8-b892-14a1fb05db3f'),
Backend CI	Run tests	2026-03-17T02:41:37.1391468Z E         'invoice_number': 'INV-1000',
Backend CI	Run tests	2026-03-17T02:41:37.1391920Z E         'due_date': datetime.date(2026, 3, 16),
Backend CI	Run tests	2026-03-17T02:41:37.1392401Z E         'status': <InvoiceStatus.DRAFT: 'draft'>,
Backend CI	Run tests	2026-03-17T02:41:37.1393137Z E         'issue_date': datetime.date(2026, 3, 9),
Backend CI	Run tests	2026-03-17T02:41:37.1393624Z E         'subtotal': Decimal('100.00'),
Backend CI	Run tests	2026-03-17T02:41:37.1394058Z E         'total': Decimal('100.00'),
Backend CI	Run tests	2026-03-17T02:41:37.1394496Z E         'amount_paid': Decimal('0.00'),
Backend CI	Run tests	2026-03-17T02:41:37.1394952Z E         'balance_due': Decimal('100.00')},
Backend CI	Run tests	2026-03-17T02:41:37.1395480Z E        {'id': UUID('fb0a01ea-9051-48a4-9030-98fda5621600'),
Backend CI	Run tests	2026-03-17T02:41:37.1396118Z E         'business_id': UUID('a779f341-c461-4fd0-9eb0-82a01f63cd0d'),
Backend CI	Run tests	2026-03-17T02:41:37.1396744Z E         'invoice_number': 'INV-1000',
Backend CI	Run tests	2026-03-17T02:41:37.1397214Z E         'due_date': datetime.date(2026, 3, 16),
Backend CI	Run tests	2026-03-17T02:41:37.1397739Z E         'status': <InvoiceStatus.DRAFT: 'draft'>,
Backend CI	Run tests	2026-03-17T02:41:37.1398254Z E         'issue_date': datetime.date(2026, 3, 9),
Backend CI	Run tests	2026-03-17T02:41:37.1398721Z E         'subtotal': Decimal('100.00'),
Backend CI	Run tests	2026-03-17T02:41:37.1399463Z E         'total': Decimal('100.00'),
Backend CI	Run tests	2026-03-17T02:41:37.1399917Z E         'amount_paid': Decimal('0.00'),
Backend CI	Run tests	2026-03-17T02:41:37.1400373Z E         'balance_due': Decimal('100.00')},
Backend CI	Run tests	2026-03-17T02:41:37.1400910Z E        {'id': UUID('fcbff710-2f66-4731-9e1c-7f6f19e6fd9c'),
Backend CI	Run tests	2026-03-17T02:41:37.1401577Z E         'business_id': UUID('4b9b01b3-be94-4e97-87f7-ccfa82c4f181'),
Backend CI	Run tests	2026-03-17T02:41:37.1402173Z E         'invoice_number': 'INV-1000',
Backend CI	Run tests	2026-03-17T02:41:37.1402633Z E         'due_date': datetime.date(2026, 3, 16),
Backend CI	Run tests	2026-03-17T02:41:37.1403355Z E         'status': <InvoiceStatus.DRAFT: 'draft'>,
Backend CI	Run tests	2026-03-17T02:41:37.1403876Z E         'issue_date': datetime.date(2026, 3, 9),
Backend CI	Run tests	2026-03-17T02:41:37.1404368Z E         'subtotal': Decimal('100.00'),
Backend CI	Run tests	2026-03-17T02:41:37.1404817Z E         'total': Decimal('100.00'),
Backend CI	Run tests	2026-03-17T02:41:37.1405262Z E         'amount_paid': Decimal('0.00'),
Backend CI	Run tests	2026-03-17T02:41:37.1405866Z E         'balance_due': Decimal('100.00')}],  # or any other generated value
Backend CI	Run tests	2026-03-17T02:41:37.1406547Z E       error_indices=[0],  # or any other generated value
Backend CI	Run tests	2026-03-17T02:41:37.1407040Z E   )
Backend CI	Run tests	2026-03-17T02:41:37.1407300Z E   
Backend CI	Run tests	2026-03-17T02:41:37.1408250Z E   You can reproduce this example by temporarily adding @reproduce_failure('6.122.3', b'AXicY2SAAUYiWSAmAADjAAc=') as a decorator on your test case
Backend CI	Run tests	2026-03-17T02:41:37.1409528Z ----------------------------- Captured stderr call -----------------------------
Backend CI	Run tests	2026-03-17T02:41:37.1410660Z INFO:app.scheduler.services.notification_creation:Created overdue notification for invoice INV-1000 (1 days overdue)
Backend CI	Run tests	2026-03-17T02:41:37.1412162Z INFO:app.scheduler.services.notification_creation:Created overdue notification for invoice INV-1000 (1 days overdue)
Backend CI	Run tests	2026-03-17T02:41:37.1413869Z INFO:app.scheduler.services.notification_creation:Created overdue notification for invoice INV-1000 (1 days overdue)
Backend CI	Run tests	2026-03-17T02:41:37.1415300Z INFO:app.scheduler.services.notification_creation:Created overdue notification for invoice INV-1000 (1 days overdue)
Backend CI	Run tests	2026-03-17T02:41:37.1416693Z INFO:app.scheduler.services.notification_creation:Created overdue notification for invoice INV-1000 (1 days overdue)
Backend CI	Run tests	2026-03-17T02:41:37.1418142Z INFO:app.scheduler.services.notification_creation:Created overdue notification for invoice INV-5579 (80 days overdue)
Backend CI	Run tests	2026-03-17T02:41:37.1419580Z INFO:app.scheduler.services.notification_creation:Created overdue notification for invoice INV-4541 (267 days overdue)
Backend CI	Run tests	2026-03-17T02:41:37.1420883Z INFO:app.scheduler.services.notification_creation:Created overdue notification for invoice INV-2552 (222 days overdue)
Backend CI	Run tests	2026-03-17T02:41:37.1422117Z INFO:app.scheduler.services.notification_creation:Created overdue notification for invoice INV-6556 (172 days overdue)
Backend CI	Run tests	2026-03-17T02:41:37.1423917Z INFO:app.scheduler.services.notification_creation:Created overdue notification for invoice INV-7402 (12 days overdue)
Backend CI	Run tests	2026-03-17T02:41:37.1425167Z INFO:app.scheduler.services.notification_creation:Created overdue notification for invoice INV-5579 (80 days overdue)
Backend CI	Run tests	2026-03-17T02:41:37.1426407Z INFO:app.scheduler.services.notification_creation:Created overdue notification for invoice INV-4541 (267 days overdue)
Backend CI	Run tests	2026-03-17T02:41:37.1427658Z INFO:app.scheduler.services.notification_creation:Created overdue notification for invoice INV-2552 (222 days overdue)
Backend CI	Run tests	2026-03-17T02:41:37.1428958Z INFO:app.scheduler.services.notification_creation:Created overdue notification for invoice INV-6556 (172 days overdue)
Backend CI	Run tests	2026-03-17T02:41:37.1430222Z INFO:app.scheduler.services.notification_creation:Created overdue notification for invoice INV-7402 (12 days overdue)
Backend CI	Run tests	2026-03-17T02:41:37.1431453Z INFO:app.scheduler.services.notification_creation:Created overdue notification for invoice INV-5579 (80 days overdue)
Backend CI	Run tests	2026-03-17T02:41:37.1433056Z INFO:app.scheduler.services.notification_creation:Created overdue notification for invoice INV-4541 (267 days overdue)
Backend CI	Run tests	2026-03-17T02:41:37.1434313Z INFO:app.scheduler.services.notification_creation:Created overdue notification for invoice INV-2552 (1 days overdue)
Backend CI	Run tests	2026-03-17T02:41:37.1435803Z INFO:app.scheduler.services.notification_creation:Created overdue notification for invoice INV-6556 (172 days overdue)
Backend CI	Run tests	2026-03-17T02:41:37.1437039Z INFO:app.scheduler.services.notification_creation:Created overdue notification for invoice INV-7402 (12 days overdue)
Backend CI	Run tests	2026-03-17T02:41:37.1438276Z INFO:app.scheduler.services.notification_creation:Created overdue notification for invoice INV-5579 (80 days overdue)
Backend CI	Run tests	2026-03-17T02:41:37.1439520Z INFO:app.scheduler.services.notification_creation:Created overdue notification for invoice INV-4541 (267 days overdue)
Backend CI	Run tests	2026-03-17T02:41:37.1440766Z INFO:app.scheduler.services.notification_creation:Created overdue notification for invoice INV-2552 (1 days overdue)
Backend CI	Run tests	2026-03-17T02:41:37.1442026Z INFO:app.scheduler.services.notification_creation:Created overdue notification for invoice INV-6556 (172 days overdue)
Backend CI	Run tests	2026-03-17T02:41:37.1443438Z INFO:app.scheduler.services.notification_creation:Created overdue notification for invoice INV-7402 (259 days overdue)
Backend CI	Run tests	2026-03-17T02:41:37.1444695Z INFO:app.scheduler.services.notification_creation:Created overdue notification for invoice INV-5579 (80 days overdue)
Backend CI	Run tests	2026-03-17T02:41:37.1445938Z INFO:app.scheduler.services.notification_creation:Created overdue notification for invoice INV-4541 (267 days overdue)
Backend CI	Run tests	2026-03-17T02:41:37.1447180Z INFO:app.scheduler.services.notification_creation:Created overdue notification for invoice INV-5579 (80 days overdue)
Backend CI	Run tests	2026-03-17T02:41:37.1448438Z INFO:app.scheduler.services.notification_creation:Created overdue notification for invoice INV-6556 (172 days overdue)
Backend CI	Run tests	2026-03-17T02:41:37.1449691Z INFO:app.scheduler.services.notification_creation:Created overdue notification for invoice INV-7402 (259 days overdue)
Backend CI	Run tests	2026-03-17T02:41:37.1450947Z INFO:app.scheduler.services.notification_creation:Created overdue notification for invoice INV-5579 (80 days overdue)
Backend CI	Run tests	2026-03-17T02:41:37.1452185Z INFO:app.scheduler.services.notification_creation:Created overdue notification for invoice INV-4541 (267 days overdue)
Backend CI	Run tests	2026-03-17T02:41:37.1453586Z INFO:app.scheduler.services.notification_creation:Created overdue notification for invoice INV-1258 (80 days overdue)
Backend CI	Run tests	2026-03-17T02:41:37.1454843Z INFO:app.scheduler.services.notification_creation:Created overdue notification for invoice INV-6556 (172 days overdue)
Backend CI	Run tests	2026-03-17T02:41:37.1456098Z INFO:app.scheduler.services.notification_creation:Created overdue notification for invoice INV-7402 (259 days overdue)
Backend CI	Run tests	2026-03-17T02:41:37.1457334Z INFO:app.scheduler.services.notification_creation:Created overdue notification for invoice INV-5579 (80 days overdue)
Backend CI	Run tests	2026-03-17T02:41:37.1458582Z INFO:app.scheduler.services.notification_creation:Created overdue notification for invoice INV-4541 (267 days overdue)
Backend CI	Run tests	2026-03-17T02:41:37.1460113Z INFO:app.scheduler.services.notification_creation:Created overdue notification for invoice INV-1258 (80 days overdue)
Backend CI	Run tests	2026-03-17T02:41:37.1461464Z INFO:app.scheduler.services.notification_creation:Created overdue notification for invoice INV-6556 (172 days overdue)
Backend CI	Run tests	2026-03-17T02:41:37.1463034Z INFO:app.scheduler.services.notification_creation:Created overdue notification for invoice INV-7402 (259 days overdue)
Backend CI	Run tests	2026-03-17T02:41:37.1464380Z INFO:app.scheduler.services.notification_creation:Created overdue notification for invoice INV-5727 (53 days overdue)
Backend CI	Run tests	2026-03-17T02:41:37.1465731Z INFO:app.scheduler.services.notification_creation:Created overdue notification for invoice INV-5483 (348 days overdue)
Backend CI	Run tests	2026-03-17T02:41:37.1467078Z INFO:app.scheduler.services.notification_creation:Created overdue notification for invoice INV-8839 (225 days overdue)
Backend CI	Run tests	2026-03-17T02:41:37.1468439Z INFO:app.scheduler.services.notification_creation:Created overdue notification for invoice INV-9193 (74 days overdue)
Backend CI	Run tests	2026-03-17T02:41:37.1469827Z INFO:app.scheduler.services.notification_creation:Created overdue notification for invoice INV-2060 (83 days overdue)
Backend CI	Run tests	2026-03-17T02:41:37.1471178Z INFO:app.scheduler.services.notification_creation:Created overdue notification for invoice INV-6969 (200 days overdue)
Backend CI	Run tests	2026-03-17T02:41:37.1472871Z INFO:app.scheduler.services.notification_creation:Created overdue notification for invoice INV-9397 (112 days overdue)
Backend CI	Run tests	2026-03-17T02:41:37.1474248Z INFO:app.scheduler.services.notification_creation:Created overdue notification for invoice INV-3589 (203 days overdue)
Backend CI	Run tests	2026-03-17T02:41:37.1475621Z INFO:app.scheduler.services.notification_creation:Created overdue notification for invoice INV-5727 (53 days overdue)
Backend CI	Run tests	2026-03-17T02:41:37.1476996Z INFO:app.scheduler.services.notification_creation:Created overdue notification for invoice INV-5483 (348 days overdue)
Backend CI	Run tests	2026-03-17T02:41:37.1478369Z INFO:app.scheduler.services.notification_creation:Created overdue notification for invoice INV-8839 (225 days overdue)
Backend CI	Run tests	2026-03-17T02:41:37.1479725Z INFO:app.scheduler.services.notification_creation:Created overdue notification for invoice INV-9193 (74 days overdue)
Backend CI	Run tests	2026-03-17T02:41:37.1481072Z INFO:app.scheduler.services.notification_creation:Created overdue notification for invoice INV-2060 (83 days overdue)
Backend CI	Run tests	2026-03-17T02:41:37.1482445Z INFO:app.scheduler.services.notification_creation:Created overdue notification for invoice INV-6969 (200 days overdue)
Backend CI	Run tests	2026-03-17T02:41:37.1483989Z INFO:app.scheduler.services.notification_creation:Created overdue notification for invoice INV-9397 (112 days overdue)
Backend CI	Run tests	2026-03-17T02:41:37.1485363Z INFO:app.scheduler.services.notification_creation:Created overdue notification for invoice INV-3589 (203 days overdue)
Backend CI	Run tests	2026-03-17T02:41:37.1486718Z INFO:app.scheduler.services.notification_creation:Created overdue notification for invoice INV-1000 (1 days overdue)
Backend CI	Run tests	2026-03-17T02:41:37.1488071Z INFO:app.scheduler.services.notification_creation:Created overdue notification for invoice INV-1000 (1 days overdue)
Backend CI	Run tests	2026-03-17T02:41:37.1489401Z INFO:app.scheduler.services.notification_creation:Created overdue notification for invoice INV-1000 (1 days overdue)
Backend CI	Run tests	2026-03-17T02:41:37.1490738Z INFO:app.scheduler.services.notification_creation:Created overdue notification for invoice INV-1000 (1 days overdue)
Backend CI	Run tests	2026-03-17T02:41:37.1492091Z INFO:app.scheduler.services.notification_creation:Created overdue notification for invoice INV-1000 (1 days overdue)
Backend CI	Run tests	2026-03-17T02:41:37.1493568Z INFO:app.scheduler.services.notification_creation:Created overdue notification for invoice INV-1000 (1 days overdue)
Backend CI	Run tests	2026-03-17T02:41:37.1494896Z INFO:app.scheduler.services.notification_creation:Created overdue notification for invoice INV-1000 (1 days overdue)
Backend CI	Run tests	2026-03-17T02:41:37.1496241Z INFO:app.scheduler.services.notification_creation:Created overdue notification for invoice INV-1000 (1 days overdue)
Backend CI	Run tests	2026-03-17T02:41:37.1497753Z INFO:app.scheduler.services.notification_creation:Created overdue notification for invoice INV-1000 (1 days overdue)
Backend CI	Run tests	2026-03-17T02:41:37.1499091Z INFO:app.scheduler.services.notification_creation:Created overdue notification for invoice INV-1000 (1 days overdue)
Backend CI	Run tests	2026-03-17T02:41:37.1500431Z INFO:app.scheduler.services.notification_creation:Created overdue notification for invoice INV-1000 (1 days overdue)
Backend CI	Run tests	2026-03-17T02:41:37.1501775Z INFO:app.scheduler.services.notification_creation:Created overdue notification for invoice INV-1000 (1 days overdue)
Backend CI	Run tests	2026-03-17T02:41:37.1503227Z INFO:app.scheduler.services.notification_creation:Created overdue notification for invoice INV-1000 (1 days overdue)
Backend CI	Run tests	2026-03-17T02:41:37.1504568Z INFO:app.scheduler.services.notification_creation:Created overdue notification for invoice INV-1000 (1 days overdue)
Backend CI	Run tests	2026-03-17T02:41:37.1505905Z INFO:app.scheduler.services.notification_creation:Created overdue notification for invoice INV-1000 (1 days overdue)
Backend CI	Run tests	2026-03-17T02:41:37.1507242Z INFO:app.scheduler.services.notification_creation:Created overdue notification for invoice INV-1000 (1 days overdue)
Backend CI	Run tests	2026-03-17T02:41:37.1508597Z INFO:app.scheduler.services.notification_creation:Created overdue notification for invoice INV-1000 (1 days overdue)
Backend CI	Run tests	2026-03-17T02:41:37.1509966Z INFO:app.scheduler.services.notification_creation:Created overdue notification for invoice INV-1000 (1 days overdue)
Backend CI	Run tests	2026-03-17T02:41:37.1511666Z INFO:app.scheduler.services.notification_creation:Created overdue notification for invoice INV-1000 (1 days overdue)
Backend CI	Run tests	2026-03-17T02:41:37.1513305Z INFO:app.scheduler.services.notification_creation:Created overdue notification for invoice INV-1000 (1 days overdue)
Backend CI	Run tests	2026-03-17T02:41:37.1514864Z INFO:app.scheduler.services.notification_creation:Created overdue notification for invoice INV-7116 (203 days overdue)
Backend CI	Run tests	2026-03-17T02:41:37.1516437Z INFO:app.scheduler.services.notification_creation:Created overdue notification for invoice INV-5960 (217 days overdue)
Backend CI	Run tests	2026-03-17T02:41:37.1517877Z INFO:app.scheduler.services.notification_creation:Created overdue notification for invoice INV-5413 (160 days overdue)
Backend CI	Run tests	2026-03-17T02:41:37.1519272Z INFO:app.scheduler.services.notification_creation:Created overdue notification for invoice INV-6080 (179 days overdue)
Backend CI	Run tests	2026-03-17T02:41:37.1520666Z INFO:app.scheduler.services.notification_creation:Created overdue notification for invoice INV-3399 (78 days overdue)
Backend CI	Run tests	2026-03-17T02:41:37.1522065Z INFO:app.scheduler.services.notification_creation:Created overdue notification for invoice INV-1000 (1 days overdue)
Backend CI	Run tests	2026-03-17T02:41:37.1523649Z INFO:app.scheduler.services.notification_creation:Created overdue notification for invoice INV-1969 (127 days overdue)
Backend CI	Run tests	2026-03-17T02:41:37.1525060Z INFO:app.scheduler.services.notification_creation:Created overdue notification for invoice INV-9390 (268 days overdue)
Backend CI	Run tests	2026-03-17T02:41:37.1526453Z INFO:app.scheduler.services.notification_creation:Created overdue notification for invoice INV-2818 (91 days overdue)
Backend CI	Run tests	2026-03-17T02:41:37.1527863Z INFO:app.scheduler.services.notification_creation:Created overdue notification for invoice INV-5071 (143 days overdue)
Backend CI	Run tests	2026-03-17T02:41:37.1529266Z INFO:app.scheduler.services.notification_creation:Created overdue notification for invoice INV-7116 (203 days overdue)
Backend CI	Run tests	2026-03-17T02:41:37.1530682Z INFO:app.scheduler.services.notification_creation:Created overdue notification for invoice INV-5960 (217 days overdue)
Backend CI	Run tests	2026-03-17T02:41:37.1532090Z INFO:app.scheduler.services.notification_creation:Created overdue notification for invoice INV-5413 (160 days overdue)
Backend CI	Run tests	2026-03-17T02:41:37.1533664Z INFO:app.scheduler.services.notification_creation:Created overdue notification for invoice INV-6080 (179 days overdue)
Backend CI	Run tests	2026-03-17T02:41:37.1535064Z INFO:app.scheduler.services.notification_creation:Created overdue notification for invoice INV-3399 (78 days overdue)
Backend CI	Run tests	2026-03-17T02:41:37.1536519Z INFO:app.scheduler.services.notification_creation:Created overdue notification for invoice INV-1000 (1 days overdue)
Backend CI	Run tests	2026-03-17T02:41:37.1538124Z INFO:app.scheduler.services.notification_creation:Created overdue notification for invoice INV-1969 (127 days overdue)
Backend CI	Run tests	2026-03-17T02:41:37.1539522Z INFO:app.scheduler.services.notification_creation:Created overdue notification for invoice INV-9390 (268 days overdue)
Backend CI	Run tests	2026-03-17T02:41:37.1540924Z INFO:app.scheduler.services.notification_creation:Created overdue notification for invoice INV-2818 (91 days overdue)
Backend CI	Run tests	2026-03-17T02:41:37.1542305Z INFO:app.scheduler.services.notification_creation:Created overdue notification for invoice INV-5071 (143 days overdue)
Backend CI	Run tests	2026-03-17T02:41:37.1543856Z INFO:app.scheduler.services.notification_creation:Created overdue notification for invoice INV-1073 (111 days overdue)
Backend CI	Run tests	2026-03-17T02:41:37.1545247Z INFO:app.scheduler.services.notification_creation:Created overdue notification for invoice INV-9479 (315 days overdue)
Backend CI	Run tests	2026-03-17T02:41:37.1546649Z INFO:app.scheduler.services.notification_creation:Created overdue notification for invoice INV-5036 (223 days overdue)
Backend CI	Run tests	2026-03-17T02:41:37.1548063Z INFO:app.scheduler.services.notification_creation:Created overdue notification for invoice INV-7042 (170 days overdue)
Backend CI	Run tests	2026-03-17T02:41:37.1549457Z INFO:app.scheduler.services.notification_creation:Created overdue notification for invoice INV-8731 (281 days overdue)
Backend CI	Run tests	2026-03-17T02:41:37.1551067Z INFO:app.scheduler.services.notification_creation:Created overdue notification for invoice INV-1000 (1 days overdue)
Backend CI	Run tests	2026-03-17T02:41:37.1552476Z INFO:app.scheduler.services.notification_creation:Created overdue notification for invoice INV-4218 (365 days overdue)
Backend CI	Run tests	2026-03-17T02:41:37.1554038Z INFO:app.scheduler.services.notification_creation:Created overdue notification for invoice INV-1073 (111 days overdue)
Backend CI	Run tests	2026-03-17T02:41:37.1555439Z INFO:app.scheduler.services.notification_creation:Created overdue notification for invoice INV-9479 (315 days overdue)
Backend CI	Run tests	2026-03-17T02:41:37.1556844Z INFO:app.scheduler.services.notification_creation:Created overdue notification for invoice INV-5036 (223 days overdue)
Backend CI	Run tests	2026-03-17T02:41:37.1558253Z INFO:app.scheduler.services.notification_creation:Created overdue notification for invoice INV-7042 (170 days overdue)
Backend CI	Run tests	2026-03-17T02:41:37.1559657Z INFO:app.scheduler.services.notification_creation:Created overdue notification for invoice INV-8731 (281 days overdue)
Backend CI	Run tests	2026-03-17T02:41:37.1561052Z INFO:app.scheduler.services.notification_creation:Created overdue notification for invoice INV-1000 (1 days overdue)
Backend CI	Run tests	2026-03-17T02:41:37.1562461Z INFO:app.scheduler.services.notification_creation:Created overdue notification for invoice INV-4218 (365 days overdue)
Backend CI	Run tests	2026-03-17T02:41:37.1564007Z INFO:app.scheduler.services.notification_creation:Created overdue notification for invoice INV-7654 (73 days overdue)
Backend CI	Run tests	2026-03-17T02:41:37.1565409Z INFO:app.scheduler.services.notification_creation:Created overdue notification for invoice INV-8321 (196 days overdue)
Backend CI	Run tests	2026-03-17T02:41:37.1566806Z INFO:app.scheduler.services.notification_creation:Created overdue notification for invoice INV-2733 (201 days overdue)
Backend CI	Run tests	2026-03-17T02:41:37.1568219Z INFO:app.scheduler.services.notification_creation:Created overdue notification for invoice INV-3003 (144 days overdue)
Backend CI	Run tests	2026-03-17T02:41:37.1569622Z INFO:app.scheduler.services.notification_creation:Created overdue notification for invoice INV-1676 (65 days overdue)
Backend CI	Run tests	2026-03-17T02:41:37.1571018Z INFO:app.scheduler.services.notification_creation:Created overdue notification for invoice INV-1000 (1 days overdue)
Backend CI	Run tests	2026-03-17T02:41:37.1572408Z INFO:app.scheduler.services.notification_creation:Created overdue notification for invoice INV-5021 (157 days overdue)
Backend CI	Run tests	2026-03-17T02:41:37.1574009Z INFO:app.scheduler.services.notification_creation:Created overdue notification for invoice INV-3882 (297 days overdue)
Backend CI	Run tests	2026-03-17T02:41:37.1575417Z INFO:app.scheduler.services.notification_creation:Created overdue notification for invoice INV-4174 (327 days overdue)
Backend CI	Run tests	2026-03-17T02:41:37.1576819Z INFO:app.scheduler.services.notification_creation:Created overdue notification for invoice INV-7948 (39 days overdue)
Backend CI	Run tests	2026-03-17T02:41:37.1578388Z INFO:app.scheduler.services.notification_creation:Created overdue notification for invoice INV-7654 (73 days overdue)
Backend CI	Run tests	2026-03-17T02:41:37.1579784Z INFO:app.scheduler.services.notification_creation:Created overdue notification for invoice INV-8321 (196 days overdue)
Backend CI	Run tests	2026-03-17T02:41:37.1581219Z INFO:app.scheduler.services.notification_creation:Created overdue notification for invoice INV-2733 (201 days overdue)
Backend CI	Run tests	2026-03-17T02:41:37.1582923Z INFO:app.scheduler.services.notification_creation:Created overdue notification for invoice INV-3003 (144 days overdue)
Backend CI	Run tests	2026-03-17T02:41:37.1584426Z INFO:app.scheduler.services.notification_creation:Created overdue notification for invoice INV-1676 (65 days overdue)
Backend CI	Run tests	2026-03-17T02:41:37.1585975Z INFO:app.scheduler.services.notification_creation:Created overdue notification for invoice INV-1000 (1 days overdue)
Backend CI	Run tests	2026-03-17T02:41:37.1587345Z INFO:app.scheduler.services.notification_creation:Created overdue notification for invoice INV-5021 (157 days overdue)
Backend CI	Run tests	2026-03-17T02:41:37.1588795Z INFO:app.scheduler.services.notification_creation:Created overdue notification for invoice INV-3882 (297 days overdue)
Backend CI	Run tests	2026-03-17T02:41:37.1590202Z INFO:app.scheduler.services.notification_creation:Created overdue notification for invoice INV-4174 (327 days overdue)
Backend CI	Run tests	2026-03-17T02:41:37.1591927Z INFO:app.scheduler.services.notification_creation:Created overdue notification for invoice INV-7948 (39 days overdue)
Backend CI	Run tests	2026-03-17T02:41:37.1593502Z INFO:app.scheduler.services.notification_creation:Created overdue notification for invoice INV-8776 (15 days overdue)
Backend CI	Run tests	2026-03-17T02:41:37.1594899Z INFO:app.scheduler.services.notification_creation:Created overdue notification for invoice INV-2258 (1 days overdue)
Backend CI	Run tests	2026-03-17T02:41:37.1596293Z INFO:app.scheduler.services.notification_creation:Created overdue notification for invoice INV-7950 (98 days overdue)
Backend CI	Run tests	2026-03-17T02:41:37.1597687Z INFO:app.scheduler.services.notification_creation:Created overdue notification for invoice INV-8882 (213 days overdue)
Backend CI	Run tests	2026-03-17T02:41:37.1599106Z INFO:app.scheduler.services.notification_creation:Created overdue notification for invoice INV-4711 (121 days overdue)
Backend CI	Run tests	2026-03-17T02:41:37.1600528Z INFO:app.scheduler.services.notification_creation:Created overdue notification for invoice INV-9128 (109 days overdue)
Backend CI	Run tests	2026-03-17T02:41:37.1601944Z INFO:app.scheduler.services.notification_creation:Created overdue notification for invoice INV-3654 (351 days overdue)
Backend CI	Run tests	2026-03-17T02:41:37.1603520Z INFO:app.scheduler.services.notification_creation:Created overdue notification for invoice INV-6422 (147 days overdue)
Backend CI	Run tests	2026-03-17T02:41:37.1604931Z INFO:app.scheduler.services.notification_creation:Created overdue notification for invoice INV-6150 (117 days overdue)
Backend CI	Run tests	2026-03-17T02:41:37.1606340Z INFO:app.scheduler.services.notification_creation:Created overdue notification for invoice INV-1235 (132 days overdue)
Backend CI	Run tests	2026-03-17T02:41:37.1607740Z INFO:app.scheduler.services.notification_creation:Created overdue notification for invoice INV-1000 (1 days overdue)
Backend CI	Run tests	2026-03-17T02:41:37.1609138Z INFO:app.scheduler.services.notification_creation:Created overdue notification for invoice INV-6922 (122 days overdue)
Backend CI	Run tests	2026-03-17T02:41:37.1610548Z INFO:app.scheduler.services.notification_creation:Created overdue notification for invoice INV-9128 (109 days overdue)
Backend CI	Run tests	2026-03-17T02:41:37.1611970Z INFO:app.scheduler.services.notification_creation:Created overdue notification for invoice INV-3654 (351 days overdue)
Backend CI	Run tests	2026-03-17T02:41:37.1613548Z INFO:app.scheduler.services.notification_creation:Created overdue notification for invoice INV-6422 (147 days overdue)
Backend CI	Run tests	2026-03-17T02:41:37.1614967Z INFO:app.scheduler.services.notification_creation:Created overdue notification for invoice INV-6150 (117 days overdue)
Backend CI	Run tests	2026-03-17T02:41:37.1616391Z INFO:app.scheduler.services.notification_creation:Created overdue notification for invoice INV-1235 (132 days overdue)
Backend CI	Run tests	2026-03-17T02:41:37.1617809Z INFO:app.scheduler.services.notification_creation:Created overdue notification for invoice INV-1000 (1 days overdue)
Backend CI	Run tests	2026-03-17T02:41:37.1619407Z INFO:app.scheduler.services.notification_creation:Created overdue notification for invoice INV-6922 (122 days overdue)
Backend CI	Run tests	2026-03-17T02:41:37.1620811Z INFO:app.scheduler.services.notification_creation:Created overdue notification for invoice INV-4335 (222 days overdue)
Backend CI	Run tests	2026-03-17T02:41:37.1622243Z INFO:app.scheduler.services.notification_creation:Created overdue notification for invoice INV-6218 (123 days overdue)
Backend CI	Run tests	2026-03-17T02:41:37.1623827Z INFO:app.scheduler.services.notification_creation:Created overdue notification for invoice INV-1146 (146 days overdue)
Backend CI	Run tests	2026-03-17T02:41:37.1625254Z INFO:app.scheduler.services.notification_creation:Created overdue notification for invoice INV-8578 (104 days overdue)
Backend CI	Run tests	2026-03-17T02:41:37.1626667Z INFO:app.scheduler.services.notification_creation:Created overdue notification for invoice INV-8895 (125 days overdue)
Backend CI	Run tests	2026-03-17T02:41:37.1628086Z INFO:app.scheduler.services.notification_creation:Created overdue notification for invoice INV-1000 (1 days overdue)
Backend CI	Run tests	2026-03-17T02:41:37.1629500Z INFO:app.scheduler.services.notification_creation:Created overdue notification for invoice INV-9312 (40 days overdue)
Backend CI	Run tests	2026-03-17T02:41:37.1630928Z INFO:app.scheduler.services.notification_creation:Created overdue notification for invoice INV-2778 (221 days overdue)
Backend CI	Run tests	2026-03-17T02:41:37.1632529Z INFO:app.scheduler.services.notification_creation:Created overdue notification for invoice INV-2782 (258 days overdue)
Backend CI	Run tests	2026-03-17T02:41:37.1634100Z INFO:app.scheduler.services.notification_creation:Created overdue notification for invoice INV-4335 (222 days overdue)
Backend CI	Run tests	2026-03-17T02:41:37.1635580Z INFO:app.scheduler.services.notification_creation:Created overdue notification for invoice INV-6218 (123 days overdue)
Backend CI	Run tests	2026-03-17T02:41:37.1637009Z INFO:app.scheduler.services.notification_creation:Created overdue notification for invoice INV-1146 (146 days overdue)
Backend CI	Run tests	2026-03-17T02:41:37.1638430Z INFO:app.scheduler.services.notification_creation:Created overdue notification for invoice INV-8578 (104 days overdue)
Backend CI	Run tests	2026-03-17T02:41:37.1639861Z INFO:app.scheduler.services.notification_creation:Created overdue notification for invoice INV-8895 (125 days overdue)
Backend CI	Run tests	2026-03-17T02:41:37.1641275Z INFO:app.scheduler.services.notification_creation:Created overdue notification for invoice INV-1000 (1 days overdue)
Backend CI	Run tests	2026-03-17T02:41:37.1642831Z INFO:app.scheduler.services.notification_creation:Created overdue notification for invoice INV-9312 (40 days overdue)
Backend CI	Run tests	2026-03-17T02:41:37.1644260Z INFO:app.scheduler.services.notification_creation:Created overdue notification for invoice INV-2778 (221 days overdue)
Backend CI	Run tests	2026-03-17T02:41:37.1645686Z INFO:app.scheduler.services.notification_creation:Created overdue notification for invoice INV-2782 (258 days overdue)
Backend CI	Run tests	2026-03-17T02:41:37.1647112Z INFO:app.scheduler.services.notification_creation:Created overdue notification for invoice INV-2110 (206 days overdue)
Backend CI	Run tests	2026-03-17T02:41:37.1648572Z INFO:app.scheduler.services.notification_creation:Created overdue notification for invoice INV-9391 (341 days overdue)
Backend CI	Run tests	2026-03-17T02:41:37.1650065Z INFO:app.scheduler.services.notification_creation:Created overdue notification for invoice INV-9870 (339 days overdue)
Backend CI	Run tests	2026-03-17T02:41:37.1651561Z INFO:app.scheduler.services.notification_creation:Created overdue notification for invoice INV-2478 (352 days overdue)
Backend CI	Run tests	2026-03-17T02:41:37.1653202Z INFO:app.scheduler.services.notification_creation:Created overdue notification for invoice INV-5802 (1 days overdue)
Backend CI	Run tests	2026-03-17T02:41:37.1654588Z INFO:app.scheduler.services.notification_creation:Created overdue notification for invoice INV-1000 (1 days overdue)
Backend CI	Run tests	2026-03-17T02:41:37.1655977Z INFO:app.scheduler.services.notification_creation:Created overdue notification for invoice INV-9665 (112 days overdue)
Backend CI	Run tests	2026-03-17T02:41:37.1657375Z INFO:app.scheduler.services.notification_creation:Created overdue notification for invoice INV-2230 (159 days overdue)
Backend CI	Run tests	2026-03-17T02:41:37.1658773Z INFO:app.scheduler.services.notification_creation:Created overdue notification for invoice INV-7695 (65 days overdue)
Backend CI	Run tests	2026-03-17T02:41:37.1660376Z INFO:app.scheduler.services.notification_creation:Created overdue notification for invoice INV-2266 (138 days overdue)
Backend CI	Run tests	2026-03-17T02:41:37.1661778Z INFO:app.scheduler.services.notification_creation:Created overdue notification for invoice INV-2110 (206 days overdue)
Backend CI	Run tests	2026-03-17T02:41:37.1663384Z INFO:app.scheduler.services.notification_creation:Created overdue notification for invoice INV-9391 (341 days overdue)
Backend CI	Run tests	2026-03-17T02:41:37.1664799Z INFO:app.scheduler.services.notification_creation:Created overdue notification for invoice INV-9870 (339 days overdue)
Backend CI	Run tests	2026-03-17T02:41:37.1666207Z INFO:app.scheduler.services.notification_creation:Created overdue notification for invoice INV-2478 (352 days overdue)
Backend CI	Run tests	2026-03-17T02:41:37.1667607Z INFO:app.scheduler.services.notification_creation:Created overdue notification for invoice INV-5802 (1 days overdue)
Backend CI	Run tests	2026-03-17T02:41:37.1668991Z INFO:app.scheduler.services.notification_creation:Created overdue notification for invoice INV-1000 (1 days overdue)
Backend CI	Run tests	2026-03-17T02:41:37.1670402Z INFO:app.scheduler.services.notification_creation:Created overdue notification for invoice INV-9665 (112 days overdue)
Backend CI	Run tests	2026-03-17T02:41:37.1671814Z INFO:app.scheduler.services.notification_creation:Created overdue notification for invoice INV-2230 (159 days overdue)
Backend CI	Run tests	2026-03-17T02:41:37.1673539Z INFO:app.scheduler.services.notification_creation:Created overdue notification for invoice INV-7695 (65 days overdue)
Backend CI	Run tests	2026-03-17T02:41:37.1674932Z INFO:app.scheduler.services.notification_creation:Created overdue notification for invoice INV-2266 (138 days overdue)
Backend CI	Run tests	2026-03-17T02:41:37.1676349Z INFO:app.scheduler.services.notification_creation:Created overdue notification for invoice INV-3055 (177 days overdue)
Backend CI	Run tests	2026-03-17T02:41:37.1677758Z INFO:app.scheduler.services.notification_creation:Created overdue notification for invoice INV-4823 (55 days overdue)
Backend CI	Run tests	2026-03-17T02:41:37.1679173Z INFO:app.scheduler.services.notification_creation:Created overdue notification for invoice INV-2166 (105 days overdue)
Backend CI	Run tests	2026-03-17T02:41:37.1680588Z INFO:app.scheduler.services.notification_creation:Created overdue notification for invoice INV-9555 (65 days overdue)
Backend CI	Run tests	2026-03-17T02:41:37.1682018Z INFO:app.scheduler.services.notification_creation:Created overdue notification for invoice INV-8646 (96 days overdue)
Backend CI	Run tests	2026-03-17T02:41:37.1683594Z INFO:app.scheduler.services.notification_creation:Created overdue notification for invoice INV-1000 (1 days overdue)
Backend CI	Run tests	2026-03-17T02:41:37.1685024Z INFO:app.scheduler.services.notification_creation:Created overdue notification for invoice INV-9573 (192 days overdue)
Backend CI	Run tests	2026-03-17T02:41:37.1686449Z INFO:app.scheduler.services.notification_creation:Created overdue notification for invoice INV-9943 (327 days overdue)
Backend CI	Run tests	2026-03-17T02:41:37.1687876Z INFO:app.scheduler.services.notification_creation:Created overdue notification for invoice INV-3055 (177 days overdue)
Backend CI	Run tests	2026-03-17T02:41:37.1689298Z INFO:app.scheduler.services.notification_creation:Created overdue notification for invoice INV-4823 (55 days overdue)
Backend CI	Run tests	2026-03-17T02:41:37.1690716Z INFO:app.scheduler.services.notification_creation:Created overdue notification for invoice INV-2166 (105 days overdue)
Backend CI	Run tests	2026-03-17T02:41:37.1692129Z INFO:app.scheduler.services.notification_creation:Created overdue notification for invoice INV-9555 (65 days overdue)
Backend CI	Run tests	2026-03-17T02:41:37.1693711Z INFO:app.scheduler.services.notification_creation:Created overdue notification for invoice INV-8646 (96 days overdue)
Backend CI	Run tests	2026-03-17T02:41:37.1695121Z INFO:app.scheduler.services.notification_creation:Created overdue notification for invoice INV-1000 (1 days overdue)
Backend CI	Run tests	2026-03-17T02:41:37.1696545Z INFO:app.scheduler.services.notification_creation:Created overdue notification for invoice INV-9573 (192 days overdue)
Backend CI	Run tests	2026-03-17T02:41:37.1697973Z INFO:app.scheduler.services.notification_creation:Created overdue notification for invoice INV-9943 (327 days overdue)
Backend CI	Run tests	2026-03-17T02:41:37.1699576Z INFO:app.scheduler.services.notification_creation:Created overdue notification for invoice INV-2564 (224 days overdue)
Backend CI	Run tests	2026-03-17T02:41:37.1700988Z INFO:app.scheduler.services.notification_creation:Created overdue notification for invoice INV-6524 (7 days overdue)
Backend CI	Run tests	2026-03-17T02:41:37.1702418Z INFO:app.scheduler.services.notification_creation:Created overdue notification for invoice INV-8506 (342 days overdue)
Backend CI	Run tests	2026-03-17T02:41:37.1703984Z INFO:app.scheduler.services.notification_creation:Created overdue notification for invoice INV-2105 (17 days overdue)
Backend CI	Run tests	2026-03-17T02:41:37.1705407Z INFO:app.scheduler.services.notification_creation:Created overdue notification for invoice INV-8792 (255 days overdue)
Backend CI	Run tests	2026-03-17T02:41:37.1706835Z INFO:app.scheduler.services.notification_creation:Created overdue notification for invoice INV-9756 (318 days overdue)
Backend CI	Run tests	2026-03-17T02:41:37.1708268Z INFO:app.scheduler.services.notification_creation:Created overdue notification for invoice INV-9998 (197 days overdue)
Backend CI	Run tests	2026-03-17T02:41:37.1709697Z INFO:app.scheduler.services.notification_creation:Created overdue notification for invoice INV-6988 (330 days overdue)
Backend CI	Run tests	2026-03-17T02:41:37.1711131Z INFO:app.scheduler.services.notification_creation:Created overdue notification for invoice INV-4351 (244 days overdue)
Backend CI	Run tests	2026-03-17T02:41:37.1712866Z INFO:app.scheduler.services.notification_creation:Created overdue notification for invoice INV-8374 (164 days overdue)
Backend CI	Run tests	2026-03-17T02:41:37.1714335Z INFO:app.scheduler.services.notification_creation:Created overdue notification for invoice INV-1000 (1 days overdue)
Backend CI	Run tests	2026-03-17T02:41:37.1715793Z INFO:app.scheduler.services.notification_creation:Created overdue notification for invoice INV-1262 (120 days overdue)
Backend CI	Run tests	2026-03-17T02:41:37.1717300Z INFO:app.scheduler.services.notification_creation:Created overdue notification for invoice INV-3605 (268 days overdue)
Backend CI	Run tests	2026-03-17T02:41:37.1720085Z INFO:app.scheduler.services.notification_creation:Created overdue notification for invoice INV-7519 (137 days overdue)
Backend CI	Run tests	2026-03-17T02:41:37.1721199Z INFO:app.scheduler.services.notification_creation:Created overdue notification for invoice INV-4442 (331 days overdue)
Backend CI	Run tests	2026-03-17T02:41:37.1722315Z INFO:app.scheduler.services.notification_creation:Created overdue notification for invoice INV-9756 (318 days overdue)
Backend CI	Run tests	2026-03-17T02:41:37.1723692Z INFO:app.scheduler.services.notification_creation:Created overdue notification for invoice INV-9998 (197 days overdue)
Backend CI	Run tests	2026-03-17T02:41:37.1724572Z INFO:app.scheduler.services.notification_creation:Created overdue notification for invoice INV-6988 (330 days overdue)
Backend CI	Run tests	2026-03-17T02:41:37.1725613Z INFO:app.scheduler.services.notification_creation:Created overdue notification for invoice INV-4351 (244 days overdue)
Backend CI	Run tests	2026-03-17T02:41:37.1726648Z INFO:app.scheduler.services.notification_creation:Created overdue notification for invoice INV-8374 (164 days overdue)
Backend CI	Run tests	2026-03-17T02:41:37.1727717Z INFO:app.scheduler.services.notification_creation:Created overdue notification for invoice INV-1000 (1 days overdue)
Backend CI	Run tests	2026-03-17T02:41:37.1728902Z INFO:app.scheduler.services.notification_creation:Created overdue notification for invoice INV-1262 (120 days overdue)
Backend CI	Run tests	2026-03-17T02:41:37.1730323Z INFO:app.scheduler.services.notification_creation:Created overdue notification for invoice INV-3605 (268 days overdue)
Backend CI	Run tests	2026-03-17T02:41:37.1731719Z INFO:app.scheduler.services.notification_creation:Created overdue notification for invoice INV-7519 (137 days overdue)
Backend CI	Run tests	2026-03-17T02:41:37.1733292Z INFO:app.scheduler.services.notification_creation:Created overdue notification for invoice INV-4442 (331 days overdue)
Backend CI	Run tests	2026-03-17T02:41:37.1734707Z INFO:app.scheduler.services.notification_creation:Created overdue notification for invoice INV-9742 (331 days overdue)
Backend CI	Run tests	2026-03-17T02:41:37.1736169Z INFO:app.scheduler.services.notification_creation:Created overdue notification for invoice INV-8364 (351 days overdue)
Backend CI	Run tests	2026-03-17T02:41:37.1737569Z INFO:app.scheduler.services.notification_creation:Created overdue notification for invoice INV-1649 (70 days overdue)
Backend CI	Run tests	2026-03-17T02:41:37.1739181Z INFO:app.scheduler.services.notification_creation:Created overdue notification for invoice INV-8262 (145 days overdue)
Backend CI	Run tests	2026-03-17T02:41:37.1740604Z INFO:app.scheduler.services.notification_creation:Created overdue notification for invoice INV-1728 (321 days overdue)
Backend CI	Run tests	2026-03-17T02:41:37.1742005Z INFO:app.scheduler.services.notification_creation:Created overdue notification for invoice INV-1000 (1 days overdue)
Backend CI	Run tests	2026-03-17T02:41:37.1743650Z INFO:app.scheduler.services.notification_creation:Created overdue notification for invoice INV-9319 (337 days overdue)
Backend CI	Run tests	2026-03-17T02:41:37.1745055Z INFO:app.scheduler.services.notification_creation:Created overdue notification for invoice INV-3891 (85 days overdue)
Backend CI	Run tests	2026-03-17T02:41:37.1746457Z INFO:app.scheduler.services.notification_creation:Created overdue notification for invoice INV-8932 (245 days overdue)
Backend CI	Run tests	2026-03-17T02:41:37.1747865Z INFO:app.scheduler.services.notification_creation:Created overdue notification for invoice INV-6254 (347 days overdue)
Backend CI	Run tests	2026-03-17T02:41:37.1749288Z INFO:app.scheduler.services.notification_creation:Created overdue notification for invoice INV-9742 (331 days overdue)
Backend CI	Run tests	2026-03-17T02:41:37.1750687Z INFO:app.scheduler.services.notification_creation:Created overdue notification for invoice INV-8364 (351 days overdue)
Backend CI	Run tests	2026-03-17T02:41:37.1752302Z INFO:app.scheduler.services.notification_creation:Created overdue notification for invoice INV-1649 (70 days overdue)
Backend CI	Run tests	2026-03-17T02:41:37.1753879Z INFO:app.scheduler.services.notification_creation:Created overdue notification for invoice INV-8262 (145 days overdue)
Backend CI	Run tests	2026-03-17T02:41:37.1755297Z INFO:app.scheduler.services.notification_creation:Created overdue notification for invoice INV-1728 (321 days overdue)
Backend CI	Run tests	2026-03-17T02:41:37.1756713Z INFO:app.scheduler.services.notification_creation:Created overdue notification for invoice INV-1000 (1 days overdue)
Backend CI	Run tests	2026-03-17T02:41:37.1758129Z INFO:app.scheduler.services.notification_creation:Created overdue notification for invoice INV-9319 (337 days overdue)
Backend CI	Run tests	2026-03-17T02:41:37.1759562Z INFO:app.scheduler.services.notification_creation:Created overdue notification for invoice INV-3891 (85 days overdue)
Backend CI	Run tests	2026-03-17T02:41:37.1760981Z INFO:app.scheduler.services.notification_creation:Created overdue notification for invoice INV-8932 (245 days overdue)
Backend CI	Run tests	2026-03-17T02:41:37.1762411Z INFO:app.scheduler.services.notification_creation:Created overdue notification for invoice INV-6254 (347 days overdue)
Backend CI	Run tests	2026-03-17T02:41:37.1764030Z INFO:app.scheduler.services.notification_creation:Created overdue notification for invoice INV-2008 (82 days overdue)
Backend CI	Run tests	2026-03-17T02:41:37.1765436Z INFO:app.scheduler.services.notification_creation:Created overdue notification for invoice INV-3855 (2 days overdue)
Backend CI	Run tests	2026-03-17T02:41:37.1766843Z INFO:app.scheduler.services.notification_creation:Created overdue notification for invoice INV-5562 (357 days overdue)
Backend CI	Run tests	2026-03-17T02:41:37.1768267Z INFO:app.scheduler.services.notification_creation:Created overdue notification for invoice INV-5729 (280 days overdue)
Backend CI	Run tests	2026-03-17T02:41:37.1769702Z INFO:app.scheduler.services.notification_creation:Created overdue notification for invoice INV-5654 (267 days overdue)
Backend CI	Run tests	2026-03-17T02:41:37.1771123Z INFO:app.scheduler.services.notification_creation:Created overdue notification for invoice INV-1000 (1 days overdue)
Backend CI	Run tests	2026-03-17T02:41:37.1772559Z INFO:app.scheduler.services.notification_creation:Created overdue notification for invoice INV-2812 (209 days overdue)
Backend CI	Run tests	2026-03-17T02:41:37.1774131Z INFO:app.scheduler.services.notification_creation:Created overdue notification for invoice INV-2008 (82 days overdue)
Backend CI	Run tests	2026-03-17T02:41:37.1775540Z INFO:app.scheduler.services.notification_creation:Created overdue notification for invoice INV-3855 (2 days overdue)
Backend CI	Run tests	2026-03-17T02:41:37.1776956Z INFO:app.scheduler.services.notification_creation:Created overdue notification for invoice INV-5562 (357 days overdue)
Backend CI	Run tests	2026-03-17T02:41:37.1778385Z INFO:app.scheduler.services.notification_creation:Created overdue notification for invoice INV-5729 (280 days overdue)
Backend CI	Run tests	2026-03-17T02:41:37.1779991Z INFO:app.scheduler.services.notification_creation:Created overdue notification for invoice INV-5654 (267 days overdue)
Backend CI	Run tests	2026-03-17T02:41:37.1781423Z INFO:app.scheduler.services.notification_creation:Created overdue notification for invoice INV-1000 (1 days overdue)
Backend CI	Run tests	2026-03-17T02:41:37.1783033Z INFO:app.scheduler.services.notification_creation:Created overdue notification for invoice INV-2812 (209 days overdue)
Backend CI	Run tests	2026-03-17T02:41:37.1784476Z INFO:app.scheduler.services.notification_creation:Created overdue notification for invoice INV-3532 (283 days overdue)
Backend CI	Run tests	2026-03-17T02:41:37.1785904Z INFO:app.scheduler.services.notification_creation:Created overdue notification for invoice INV-1000 (119 days overdue)
Backend CI	Run tests	2026-03-17T02:41:37.1787338Z INFO:app.scheduler.services.notification_creation:Created overdue notification for invoice INV-5186 (265 days overdue)
Backend CI	Run tests	2026-03-17T02:41:37.1788765Z INFO:app.scheduler.services.notification_creation:Created overdue notification for invoice INV-3899 (24 days overdue)
Backend CI	Run tests	2026-03-17T02:41:37.1790243Z INFO:app.scheduler.services.notification_creation:Created overdue notification for invoice INV-7949 (302 days overdue)
Backend CI	Run tests	2026-03-17T02:41:37.1791698Z INFO:app.scheduler.services.notification_creation:Created overdue notification for invoice INV-1105 (127 days overdue)
Backend CI	Run tests	2026-03-17T02:41:37.1793489Z INFO:app.scheduler.services.notification_creation:Created overdue notification for invoice INV-4126 (290 days overdue)
Backend CI	Run tests	2026-03-17T02:41:37.1794895Z INFO:app.scheduler.services.notification_creation:Created overdue notification for invoice INV-6292 (60 days overdue)
Backend CI	Run tests	2026-03-17T02:41:37.1796289Z INFO:app.scheduler.services.notification_creation:Created overdue notification for invoice INV-7257 (10 days overdue)
Backend CI	Run tests	2026-03-17T02:41:37.1797687Z INFO:app.scheduler.services.notification_creation:Created overdue notification for invoice INV-1459 (1 days overdue)
Backend CI	Run tests	2026-03-17T02:41:37.1799072Z INFO:app.scheduler.services.notification_creation:Created overdue notification for invoice INV-1000 (1 days overdue)
Backend CI	Run tests	2026-03-17T02:41:37.1800477Z INFO:app.scheduler.services.notification_creation:Created overdue notification for invoice INV-2778 (133 days overdue)
Backend CI	Run tests	2026-03-17T02:41:37.1801895Z INFO:app.scheduler.services.notification_creation:Created overdue notification for invoice INV-1105 (127 days overdue)
Backend CI	Run tests	2026-03-17T02:41:37.1803472Z INFO:app.scheduler.services.notification_creation:Created overdue notification for invoice INV-4126 (290 days overdue)
Backend CI	Run tests	2026-03-17T02:41:37.1804877Z INFO:app.scheduler.services.notification_creation:Created overdue notification for invoice INV-6292 (60 days overdue)
Backend CI	Run tests	2026-03-17T02:41:37.1806273Z INFO:app.scheduler.services.notification_creation:Created overdue notification for invoice INV-7257 (10 days overdue)
Backend CI	Run tests	2026-03-17T02:41:37.1807662Z INFO:app.scheduler.services.notification_creation:Created overdue notification for invoice INV-1459 (1 days overdue)
Backend CI	Run tests	2026-03-17T02:41:37.1809048Z INFO:app.scheduler.services.notification_creation:Created overdue notification for invoice INV-1000 (1 days overdue)
Backend CI	Run tests	2026-03-17T02:41:37.1810461Z INFO:app.scheduler.services.notification_creation:Created overdue notification for invoice INV-2778 (133 days overdue)
Backend CI	Run tests	2026-03-17T02:41:37.1811872Z INFO:app.scheduler.services.notification_creation:Created overdue notification for invoice INV-7188 (164 days overdue)
Backend CI	Run tests	2026-03-17T02:41:37.1813447Z INFO:app.scheduler.services.notification_creation:Created overdue notification for invoice INV-8484 (176 days overdue)
Backend CI	Run tests	2026-03-17T02:41:37.1898068Z INFO:app.scheduler.services.notification_creation:Created overdue notification for invoice INV-9703 (1 days overdue)
Backend CI	Run tests	2026-03-17T02:41:37.1899500Z INFO:app.scheduler.services.notification_creation:Created overdue notification for invoice INV-5590 (133 days overdue)
Backend CI	Run tests	2026-03-17T02:41:37.1900861Z INFO:app.scheduler.services.notification_creation:Created overdue notification for invoice INV-6826 (317 days overdue)
Backend CI	Run tests	2026-03-17T02:41:37.1902234Z INFO:app.scheduler.services.notification_creation:Created overdue notification for invoice INV-1000 (1 days overdue)
Backend CI	Run tests	2026-03-17T02:41:37.1904120Z INFO:app.scheduler.services.notification_creation:Created overdue notification for invoice INV-1830 (170 days overdue)
Backend CI	Run tests	2026-03-17T02:41:37.1905465Z INFO:app.scheduler.services.notification_creation:Created overdue notification for invoice INV-1081 (288 days overdue)
Backend CI	Run tests	2026-03-17T02:41:37.1906826Z INFO:app.scheduler.services.notification_creation:Created overdue notification for invoice INV-7188 (164 days overdue)
Backend CI	Run tests	2026-03-17T02:41:37.1908163Z INFO:app.scheduler.services.notification_creation:Created overdue notification for invoice INV-8484 (176 days overdue)
Backend CI	Run tests	2026-03-17T02:41:37.1909490Z INFO:app.scheduler.services.notification_creation:Created overdue notification for invoice INV-9703 (1 days overdue)
Backend CI	Run tests	2026-03-17T02:41:37.1910852Z INFO:app.scheduler.services.notification_creation:Created overdue notification for invoice INV-5590 (133 days overdue)
Backend CI	Run tests	2026-03-17T02:41:37.1912220Z INFO:app.scheduler.services.notification_creation:Created overdue notification for invoice INV-6826 (317 days overdue)
Backend CI	Run tests	2026-03-17T02:41:37.1913790Z INFO:app.scheduler.services.notification_creation:Created overdue notification for invoice INV-1000 (1 days overdue)
Backend CI	Run tests	2026-03-17T02:41:37.1915128Z INFO:app.scheduler.services.notification_creation:Created overdue notification for invoice INV-1830 (170 days overdue)
Backend CI	Run tests	2026-03-17T02:41:37.1916669Z INFO:app.scheduler.services.notification_creation:Created overdue notification for invoice INV-1081 (288 days overdue)
Backend CI	Run tests	2026-03-17T02:41:37.1918011Z INFO:app.scheduler.services.notification_creation:Created overdue notification for invoice INV-9403 (19 days overdue)
Backend CI	Run tests	2026-03-17T02:41:37.1919392Z INFO:app.scheduler.services.notification_creation:Created overdue notification for invoice INV-9190 (168 days overdue)
Backend CI	Run tests	2026-03-17T02:41:37.1920806Z INFO:app.scheduler.services.notification_creation:Created overdue notification for invoice INV-3757 (216 days overdue)
Backend CI	Run tests	2026-03-17T02:41:37.1922175Z INFO:app.scheduler.services.notification_creation:Created overdue notification for invoice INV-7305 (37 days overdue)
Backend CI	Run tests	2026-03-17T02:41:37.1923736Z INFO:app.scheduler.services.notification_creation:Created overdue notification for invoice INV-1006 (290 days overdue)
Backend CI	Run tests	2026-03-17T02:41:37.1925081Z INFO:app.scheduler.services.notification_creation:Created overdue notification for invoice INV-1000 (1 days overdue)
Backend CI	Run tests	2026-03-17T02:41:37.1926424Z INFO:app.scheduler.services.notification_creation:Created overdue notification for invoice INV-7056 (70 days overdue)
Backend CI	Run tests	2026-03-17T02:41:37.1927757Z INFO:app.scheduler.services.notification_creation:Created overdue notification for invoice INV-5392 (121 days overdue)
Backend CI	Run tests	2026-03-17T02:41:37.1929104Z INFO:app.scheduler.services.notification_creation:Created overdue notification for invoice INV-1000 (182 days overdue)
Backend CI	Run tests	2026-03-17T02:41:37.1930447Z INFO:app.scheduler.services.notification_creation:Created overdue notification for invoice INV-9998 (313 days overdue)
Backend CI	Run tests	2026-03-17T02:41:37.1931792Z INFO:app.scheduler.services.notification_creation:Created overdue notification for invoice INV-9403 (19 days overdue)
Backend CI	Run tests	2026-03-17T02:41:37.1933288Z INFO:app.scheduler.services.notification_creation:Created overdue notification for invoice INV-9190 (168 days overdue)
Backend CI	Run tests	2026-03-17T02:41:37.1934637Z INFO:app.scheduler.services.notification_creation:Created overdue notification for invoice INV-3757 (216 days overdue)
Backend CI	Run tests	2026-03-17T02:41:37.1936035Z INFO:app.scheduler.services.notification_creation:Created overdue notification for invoice INV-7305 (37 days overdue)
Backend CI	Run tests	2026-03-17T02:41:37.1937373Z INFO:app.scheduler.services.notification_creation:Created overdue notification for invoice INV-1006 (290 days overdue)
Backend CI	Run tests	2026-03-17T02:41:37.1938713Z INFO:app.scheduler.services.notification_creation:Created overdue notification for invoice INV-1000 (1 days overdue)
Backend CI	Run tests	2026-03-17T02:41:37.1940032Z INFO:app.scheduler.services.notification_creation:Created overdue notification for invoice INV-7056 (70 days overdue)
Backend CI	Run tests	2026-03-17T02:41:37.1941578Z INFO:app.scheduler.services.notification_creation:Created overdue notification for invoice INV-5392 (121 days overdue)
Backend CI	Run tests	2026-03-17T02:41:37.1943081Z INFO:app.scheduler.services.notification_creation:Created overdue notification for invoice INV-1000 (182 days overdue)
Backend CI	Run tests	2026-03-17T02:41:37.1944433Z INFO:app.scheduler.services.notification_creation:Created overdue notification for invoice INV-9998 (313 days overdue)
Backend CI	Run tests	2026-03-17T02:41:37.1945783Z INFO:app.scheduler.services.notification_creation:Created overdue notification for invoice INV-9698 (214 days overdue)
Backend CI	Run tests	2026-03-17T02:41:37.1947128Z INFO:app.scheduler.services.notification_creation:Created overdue notification for invoice INV-1744 (340 days overdue)
Backend CI	Run tests	2026-03-17T02:41:37.1948467Z INFO:app.scheduler.services.notification_creation:Created overdue notification for invoice INV-7631 (259 days overdue)
Backend CI	Run tests	2026-03-17T02:41:37.1949809Z INFO:app.scheduler.services.notification_creation:Created overdue notification for invoice INV-9999 (248 days overdue)
Backend CI	Run tests	2026-03-17T02:41:37.1951161Z INFO:app.scheduler.services.notification_creation:Created overdue notification for invoice INV-2634 (14 days overdue)
Backend CI	Run tests	2026-03-17T02:41:37.1952645Z INFO:app.scheduler.services.notification_creation:Created overdue notification for invoice INV-1000 (1 days overdue)
Backend CI	Run tests	2026-03-17T02:41:37.1954345Z INFO:app.scheduler.services.notification_creation:Created overdue notification for invoice INV-8837 (19 days overdue)
Backend CI	Run tests	2026-03-17T02:41:37.1955704Z INFO:app.scheduler.services.notification_creation:Created overdue notification for invoice INV-6420 (110 days overdue)
Backend CI	Run tests	2026-03-17T02:41:37.1957054Z INFO:app.scheduler.services.notification_creation:Created overdue notification for invoice INV-6514 (263 days overdue)
Backend CI	Run tests	2026-03-17T02:41:37.1958425Z INFO:app.scheduler.services.notification_creation:Created overdue notification for invoice INV-4415 (304 days overdue)
Backend CI	Run tests	2026-03-17T02:41:37.1959814Z INFO:app.scheduler.services.notification_creation:Created overdue notification for invoice INV-8038 (260 days overdue)
Backend CI	Run tests	2026-03-17T02:41:37.1961190Z INFO:app.scheduler.services.notification_creation:Created overdue notification for invoice INV-9178 (311 days overdue)
Backend CI	Run tests	2026-03-17T02:41:37.1962552Z INFO:app.scheduler.services.notification_creation:Created overdue notification for invoice INV-1660 (151 days overdue)
Backend CI	Run tests	2026-03-17T02:41:37.1964213Z INFO:app.scheduler.services.notification_creation:Created overdue notification for invoice INV-1167 (338 days overdue)
Backend CI	Run tests	2026-03-17T02:41:37.1965573Z INFO:app.scheduler.services.notification_creation:Created overdue notification for invoice INV-1705 (264 days overdue)
Backend CI	Run tests	2026-03-17T02:41:37.1966926Z INFO:app.scheduler.services.notification_creation:Created overdue notification for invoice INV-1000 (1 days overdue)
Backend CI	Run tests	2026-03-17T02:41:37.1968257Z INFO:app.scheduler.services.notification_creation:Created overdue notification for invoice INV-6255 (68 days overdue)
Backend CI	Run tests	2026-03-17T02:41:37.1969607Z INFO:app.scheduler.services.notification_creation:Created overdue notification for invoice INV-1671 (74 days overdue)
Backend CI	Run tests	2026-03-17T02:41:37.1970961Z INFO:app.scheduler.services.notification_creation:Created overdue notification for invoice INV-2859 (328 days overdue)
Backend CI	Run tests	2026-03-17T02:41:37.1972291Z INFO:app.scheduler.services.notification_creation:Created overdue notification for invoice INV-6787 (153 days overdue)
Backend CI	Run tests	2026-03-17T02:41:37.1973819Z INFO:app.scheduler.services.notification_creation:Created overdue notification for invoice INV-8038 (260 days overdue)
Backend CI	Run tests	2026-03-17T02:41:37.1975180Z INFO:app.scheduler.services.notification_creation:Created overdue notification for invoice INV-9178 (311 days overdue)
Backend CI	Run tests	2026-03-17T02:41:37.1976537Z INFO:app.scheduler.services.notification_creation:Created overdue notification for invoice INV-1660 (151 days overdue)
Backend CI	Run tests	2026-03-17T02:41:37.1977901Z INFO:app.scheduler.services.notification_creation:Created overdue notification for invoice INV-1167 (338 days overdue)
Backend CI	Run tests	2026-03-17T02:41:37.1979268Z INFO:app.scheduler.services.notification_creation:Created overdue notification for invoice INV-1705 (264 days overdue)
Backend CI	Run tests	2026-03-17T02:41:37.1980794Z INFO:app.scheduler.services.notification_creation:Created overdue notification for invoice INV-1000 (1 days overdue)
Backend CI	Run tests	2026-03-17T02:41:37.1982137Z INFO:app.scheduler.services.notification_creation:Created overdue notification for invoice INV-6255 (68 days overdue)
Backend CI	Run tests	2026-03-17T02:41:37.1983644Z INFO:app.scheduler.services.notification_creation:Created overdue notification for invoice INV-1671 (74 days overdue)
Backend CI	Run tests	2026-03-17T02:41:37.1985021Z INFO:app.scheduler.services.notification_creation:Created overdue notification for invoice INV-2859 (328 days overdue)
Backend CI	Run tests	2026-03-17T02:41:37.1986435Z INFO:app.scheduler.services.notification_creation:Created overdue notification for invoice INV-6787 (153 days overdue)
Backend CI	Run tests	2026-03-17T02:41:37.1987790Z INFO:app.scheduler.services.notification_creation:Created overdue notification for invoice INV-4029 (218 days overdue)
Backend CI	Run tests	2026-03-17T02:41:37.1989136Z INFO:app.scheduler.services.notification_creation:Created overdue notification for invoice INV-8971 (320 days overdue)
Backend CI	Run tests	2026-03-17T02:41:37.1990490Z INFO:app.scheduler.services.notification_creation:Created overdue notification for invoice INV-7535 (67 days overdue)
Backend CI	Run tests	2026-03-17T02:41:37.1991827Z INFO:app.scheduler.services.notification_creation:Created overdue notification for invoice INV-1722 (296 days overdue)
Backend CI	Run tests	2026-03-17T02:41:37.1993561Z INFO:app.scheduler.services.notification_creation:Created overdue notification for invoice INV-8091 (30 days overdue)
Backend CI	Run tests	2026-03-17T02:41:37.1994894Z INFO:app.scheduler.services.notification_creation:Created overdue notification for invoice INV-1000 (1 days overdue)
Backend CI	Run tests	2026-03-17T02:41:37.1996224Z INFO:app.scheduler.services.notification_creation:Created overdue notification for invoice INV-7876 (155 days overdue)
Backend CI	Run tests	2026-03-17T02:41:37.1997564Z INFO:app.scheduler.services.notification_creation:Created overdue notification for invoice INV-5204 (80 days overdue)
Backend CI	Run tests	2026-03-17T02:41:37.1998915Z INFO:app.scheduler.services.notification_creation:Created overdue notification for invoice INV-4029 (218 days overdue)
Backend CI	Run tests	2026-03-17T02:41:37.2000264Z INFO:app.scheduler.services.notification_creation:Created overdue notification for invoice INV-8971 (320 days overdue)
Backend CI	Run tests	2026-03-17T02:41:37.2001603Z INFO:app.scheduler.services.notification_creation:Created overdue notification for invoice INV-7535 (67 days overdue)
Backend CI	Run tests	2026-03-17T02:41:37.2003148Z INFO:app.scheduler.services.notification_creation:Created overdue notification for invoice INV-1722 (296 days overdue)
Backend CI	Run tests	2026-03-17T02:41:37.2004503Z INFO:app.scheduler.services.notification_creation:Created overdue notification for invoice INV-8091 (30 days overdue)
Backend CI	Run tests	2026-03-17T02:41:37.2005838Z INFO:app.scheduler.services.notification_creation:Created overdue notification for invoice INV-1000 (1 days overdue)
Backend CI	Run tests	2026-03-17T02:41:37.2007186Z INFO:app.scheduler.services.notification_creation:Created overdue notification for invoice INV-7876 (155 days overdue)
Backend CI	Run tests	2026-03-17T02:41:37.2008519Z INFO:app.scheduler.services.notification_creation:Created overdue notification for invoice INV-5204 (80 days overdue)
Backend CI	Run tests	2026-03-17T02:41:37.2009876Z INFO:app.scheduler.services.notification_creation:Created overdue notification for invoice INV-4928 (356 days overdue)
Backend CI	Run tests	2026-03-17T02:41:37.2011222Z INFO:app.scheduler.services.notification_creation:Created overdue notification for invoice INV-7938 (2 days overdue)
Backend CI	Run tests	2026-03-17T02:41:37.2012613Z INFO:app.scheduler.services.notification_creation:Created overdue notification for invoice INV-5586 (194 days overdue)
Backend CI	Run tests	2026-03-17T02:41:37.2014140Z INFO:app.scheduler.services.notification_creation:Created overdue notification for invoice INV-3810 (107 days overdue)
Backend CI	Run tests	2026-03-17T02:41:37.2015512Z INFO:app.scheduler.services.notification_creation:Created overdue notification for invoice INV-1000 (180 days overdue)
Backend CI	Run tests	2026-03-17T02:41:37.2016877Z INFO:app.scheduler.services.notification_creation:Created overdue notification for invoice INV-1000 (1 days overdue)
Backend CI	Run tests	2026-03-17T02:41:37.2018230Z INFO:app.scheduler.services.notification_creation:Created overdue notification for invoice INV-1001 (363 days overdue)
Backend CI	Run tests	2026-03-17T02:41:37.2019810Z INFO:app.scheduler.services.notification_creation:Created overdue notification for invoice INV-4928 (356 days overdue)
Backend CI	Run tests	2026-03-17T02:41:37.2021170Z INFO:app.scheduler.services.notification_creation:Created overdue notification for invoice INV-7938 (2 days overdue)
Backend CI	Run tests	2026-03-17T02:41:37.2022540Z INFO:app.scheduler.services.notification_creation:Created overdue notification for invoice INV-5586 (194 days overdue)
Backend CI	Run tests	2026-03-17T02:41:37.2024092Z INFO:app.scheduler.services.notification_creation:Created overdue notification for invoice INV-3810 (107 days overdue)
Backend CI	Run tests	2026-03-17T02:41:37.2025420Z INFO:app.scheduler.services.notification_creation:Created overdue notification for invoice INV-1000 (180 days overdue)
Backend CI	Run tests	2026-03-17T02:41:37.2026780Z INFO:app.scheduler.services.notification_creation:Created overdue notification for invoice INV-1000 (1 days overdue)
Backend CI	Run tests	2026-03-17T02:41:37.2028141Z INFO:app.scheduler.services.notification_creation:Created overdue notification for invoice INV-1001 (363 days overdue)
Backend CI	Run tests	2026-03-17T02:41:37.2029519Z INFO:app.scheduler.services.notification_creation:Created overdue notification for invoice INV-7824 (169 days overdue)
Backend CI	Run tests	2026-03-17T02:41:37.2030887Z INFO:app.scheduler.services.notification_creation:Created overdue notification for invoice INV-7993 (311 days overdue)
Backend CI	Run tests	2026-03-17T02:41:37.2032498Z INFO:app.scheduler.services.notification_creation:Created overdue notification for invoice INV-5097 (91 days overdue)
Backend CI	Run tests	2026-03-17T02:41:37.2034007Z INFO:app.scheduler.services.notification_creation:Created overdue notification for invoice INV-9598 (8 days overdue)
Backend CI	Run tests	2026-03-17T02:41:37.2035430Z INFO:app.scheduler.services.notification_creation:Created overdue notification for invoice INV-8715 (139 days overdue)
Backend CI	Run tests	2026-03-17T02:41:37.2036801Z INFO:app.scheduler.services.notification_creation:Created overdue notification for invoice INV-1000 (1 days overdue)
Backend CI	Run tests	2026-03-17T02:41:37.2038155Z INFO:app.scheduler.services.notification_creation:Created overdue notification for invoice INV-5876 (2 days overdue)
Backend CI	Run tests	2026-03-17T02:41:37.2039523Z INFO:app.scheduler.services.notification_creation:Created overdue notification for invoice INV-8226 (227 days overdue)
Backend CI	Run tests	2026-03-17T02:41:37.2040898Z INFO:app.scheduler.services.notification_creation:Created overdue notification for invoice INV-9016 (365 days overdue)
Backend CI	Run tests	2026-03-17T02:41:37.2042266Z INFO:app.scheduler.services.notification_creation:Created overdue notification for invoice INV-7452 (55 days overdue)
Backend CI	Run tests	2026-03-17T02:41:37.2043874Z INFO:app.scheduler.services.notification_creation:Created overdue notification for invoice INV-7824 (169 days overdue)
Backend CI	Run tests	2026-03-17T02:41:37.2045250Z INFO:app.scheduler.services.notification_creation:Created overdue notification for invoice INV-7993 (311 days overdue)
Backend CI	Run tests	2026-03-17T02:41:37.2046613Z INFO:app.scheduler.services.notification_creation:Created overdue notification for invoice INV-5097 (91 days overdue)
Backend CI	Run tests	2026-03-17T02:41:37.2047969Z INFO:app.scheduler.services.notification_creation:Created overdue notification for invoice INV-9598 (8 days overdue)
Backend CI	Run tests	2026-03-17T02:41:37.2049384Z INFO:app.scheduler.services.notification_creation:Created overdue notification for invoice INV-8715 (139 days overdue)
Backend CI	Run tests	2026-03-17T02:41:37.2050756Z INFO:app.scheduler.services.notification_creation:Created overdue notification for invoice INV-1000 (1 days overdue)
Backend CI	Run tests	2026-03-17T02:41:37.2052092Z INFO:app.scheduler.services.notification_creation:Created overdue notification for invoice INV-5876 (2 days overdue)
Backend CI	Run tests	2026-03-17T02:41:37.2053611Z INFO:app.scheduler.services.notification_creation:Created overdue notification for invoice INV-8226 (227 days overdue)
Backend CI	Run tests	2026-03-17T02:41:37.2054957Z INFO:app.scheduler.services.notification_creation:Created overdue notification for invoice INV-9016 (365 days overdue)
Backend CI	Run tests	2026-03-17T02:41:37.2056308Z INFO:app.scheduler.services.notification_creation:Created overdue notification for invoice INV-7452 (55 days overdue)
Backend CI	Run tests	2026-03-17T02:41:37.2057655Z INFO:app.scheduler.services.notification_creation:Created overdue notification for invoice INV-6067 (197 days overdue)
Backend CI	Run tests	2026-03-17T02:41:37.2059195Z INFO:app.scheduler.services.notification_creation:Created overdue notification for invoice INV-5614 (60 days overdue)
Backend CI	Run tests	2026-03-17T02:41:37.2060533Z INFO:app.scheduler.services.notification_creation:Created overdue notification for invoice INV-4159 (229 days overdue)
Backend CI	Run tests	2026-03-17T02:41:37.2061885Z INFO:app.scheduler.services.notification_creation:Created overdue notification for invoice INV-8556 (19 days overdue)
Backend CI	Run tests	2026-03-17T02:41:37.2063399Z INFO:app.scheduler.services.notification_creation:Created overdue notification for invoice INV-5362 (23 days overdue)
Backend CI	Run tests	2026-03-17T02:41:37.2064730Z INFO:app.scheduler.services.notification_creation:Created overdue notification for invoice INV-1000 (1 days overdue)
Backend CI	Run tests	2026-03-17T02:41:37.2066061Z INFO:app.scheduler.services.notification_creation:Created overdue notification for invoice INV-7377 (8 days overdue)
Backend CI	Run tests	2026-03-17T02:41:37.2067390Z INFO:app.scheduler.services.notification_creation:Created overdue notification for invoice INV-4631 (66 days overdue)
Backend CI	Run tests	2026-03-17T02:41:37.2068734Z INFO:app.scheduler.services.notification_creation:Created overdue notification for invoice INV-1515 (29 days overdue)
Backend CI	Run tests	2026-03-17T02:41:37.2070064Z INFO:app.scheduler.services.notification_creation:Created overdue notification for invoice INV-8833 (89 days overdue)
Backend CI	Run tests	2026-03-17T02:41:37.2071581Z INFO:app.scheduler.services.notification_creation:Created overdue notification for invoice INV-6067 (197 days overdue)
Backend CI	Run tests	2026-03-17T02:41:37.2073083Z INFO:app.scheduler.services.notification_creation:Created overdue notification for invoice INV-5614 (60 days overdue)
Backend CI	Run tests	2026-03-17T02:41:37.2074445Z INFO:app.scheduler.services.notification_creation:Created overdue notification for invoice INV-4159 (229 days overdue)
Backend CI	Run tests	2026-03-17T02:41:37.2075789Z INFO:app.scheduler.services.notification_creation:Created overdue notification for invoice INV-8556 (19 days overdue)
Backend CI	Run tests	2026-03-17T02:41:37.2077141Z INFO:app.scheduler.services.notification_creation:Created overdue notification for invoice INV-5362 (23 days overdue)
Backend CI	Run tests	2026-03-17T02:41:37.2078501Z INFO:app.scheduler.services.notification_creation:Created overdue notification for invoice INV-1000 (1 days overdue)
Backend CI	Run tests	2026-03-17T02:41:37.2079844Z INFO:app.scheduler.services.notification_creation:Created overdue notification for invoice INV-7377 (8 days overdue)
Backend CI	Run tests	2026-03-17T02:41:37.2081208Z INFO:app.scheduler.services.notification_creation:Created overdue notification for invoice INV-4631 (66 days overdue)
Backend CI	Run tests	2026-03-17T02:41:37.2082570Z INFO:app.scheduler.services.notification_creation:Created overdue notification for invoice INV-1515 (29 days overdue)
Backend CI	Run tests	2026-03-17T02:41:37.2084113Z INFO:app.scheduler.services.notification_creation:Created overdue notification for invoice INV-8833 (89 days overdue)
Backend CI	Run tests	2026-03-17T02:41:37.2085465Z INFO:app.scheduler.services.notification_creation:Created overdue notification for invoice INV-2775 (1 days overdue)
Backend CI	Run tests	2026-03-17T02:41:37.2086817Z INFO:app.scheduler.services.notification_creation:Created overdue notification for invoice INV-1974 (191 days overdue)
Backend CI	Run tests	2026-03-17T02:41:37.2088191Z INFO:app.scheduler.services.notification_creation:Created overdue notification for invoice INV-5068 (165 days overdue)
Backend CI	Run tests	2026-03-17T02:41:37.2089559Z INFO:app.scheduler.services.notification_creation:Created overdue notification for invoice INV-7374 (19 days overdue)
Backend CI	Run tests	2026-03-17T02:41:37.2090930Z INFO:app.scheduler.services.notification_creation:Created overdue notification for invoice INV-6317 (346 days overdue)
Backend CI	Run tests	2026-03-17T02:41:37.2092285Z INFO:app.scheduler.services.notification_creation:Created overdue notification for invoice INV-1000 (1 days overdue)
Backend CI	Run tests	2026-03-17T02:41:37.2093839Z INFO:app.scheduler.services.notification_creation:Created overdue notification for invoice INV-5522 (233 days overdue)
Backend CI	Run tests	2026-03-17T02:41:37.2095197Z INFO:app.scheduler.services.notification_creation:Created overdue notification for invoice INV-2775 (1 days overdue)
Backend CI	Run tests	2026-03-17T02:41:37.2096553Z INFO:app.scheduler.services.notification_creation:Created overdue notification for invoice INV-1974 (191 days overdue)
Backend CI	Run tests	2026-03-17T02:41:37.2098084Z INFO:app.scheduler.services.notification_creation:Created overdue notification for invoice INV-5068 (165 days overdue)
Backend CI	Run tests	2026-03-17T02:41:37.2099451Z INFO:app.scheduler.services.notification_creation:Created overdue notification for invoice INV-7374 (19 days overdue)
Backend CI	Run tests	2026-03-17T02:41:37.2100823Z INFO:app.scheduler.services.notification_creation:Created overdue notification for invoice INV-6317 (346 days overdue)
Backend CI	Run tests	2026-03-17T02:41:37.2102184Z INFO:app.scheduler.services.notification_creation:Created overdue notification for invoice INV-1000 (1 days overdue)
Backend CI	Run tests	2026-03-17T02:41:37.2103538Z INFO:app.scheduler.services.notification_creation:Created overdue notification for invoice INV-5522 (233 days overdue)
Backend CI	Run tests	2026-03-17T02:41:37.2104333Z INFO:app.scheduler.services.notification_creation:Created overdue notification for invoice INV-8728 (236 days overdue)
Backend CI	Run tests	2026-03-17T02:41:37.2105097Z INFO:app.scheduler.services.notification_creation:Created overdue notification for invoice INV-1281 (46 days overdue)
Backend CI	Run tests	2026-03-17T02:41:37.2105861Z INFO:app.scheduler.services.notification_creation:Created overdue notification for invoice INV-2882 (297 days overdue)
Backend CI	Run tests	2026-03-17T02:41:37.2106625Z INFO:app.scheduler.services.notification_creation:Created overdue notification for invoice INV-3414 (30 days overdue)
Backend CI	Run tests	2026-03-17T02:41:37.2107515Z INFO:app.scheduler.services.notification_creation:Created overdue notification for invoice INV-3789 (151 days overdue)
Backend CI	Run tests	2026-03-17T02:41:37.2108270Z INFO:app.scheduler.services.notification_creation:Created overdue notification for invoice INV-1000 (1 days overdue)
Backend CI	Run tests	2026-03-17T02:41:37.2109038Z INFO:app.scheduler.services.notification_creation:Created overdue notification for invoice INV-4676 (1 days overdue)
Backend CI	Run tests	2026-03-17T02:41:37.2109791Z INFO:app.scheduler.services.notification_creation:Created overdue notification for invoice INV-9998 (1 days overdue)
Backend CI	Run tests	2026-03-17T02:41:37.2112153Z INFO:app.scheduler.services.notification_creation:Created overdue notification for invoice INV-7011 (91 days overdue)
Backend CI	Run tests	2026-03-17T02:41:37.2113296Z INFO:app.scheduler.services.notification_creation:Created overdue notification for invoice INV-9612 (55 days overdue)
Backend CI	Run tests	2026-03-17T02:41:37.2114058Z INFO:app.scheduler.services.notification_creation:Created overdue notification for invoice INV-8728 (236 days overdue)
Backend CI	Run tests	2026-03-17T02:41:37.2114823Z INFO:app.scheduler.services.notification_creation:Created overdue notification for invoice INV-1281 (46 days overdue)
Backend CI	Run tests	2026-03-17T02:41:37.2115578Z INFO:app.scheduler.services.notification_creation:Created overdue notification for invoice INV-2882 (297 days overdue)
Backend CI	Run tests	2026-03-17T02:41:37.2116334Z INFO:app.scheduler.services.notification_creation:Created overdue notification for invoice INV-3414 (30 days overdue)
Backend CI	Run tests	2026-03-17T02:41:37.2117085Z INFO:app.scheduler.services.notification_creation:Created overdue notification for invoice INV-3789 (151 days overdue)
Backend CI	Run tests	2026-03-17T02:41:37.2117852Z INFO:app.scheduler.services.notification_creation:Created overdue notification for invoice INV-1000 (1 days overdue)
Backend CI	Run tests	2026-03-17T02:41:37.2118611Z INFO:app.scheduler.services.notification_creation:Created overdue notification for invoice INV-4676 (1 days overdue)
Backend CI	Run tests	2026-03-17T02:41:37.2119368Z INFO:app.scheduler.services.notification_creation:Created overdue notification for invoice INV-9998 (1 days overdue)
Backend CI	Run tests	2026-03-17T02:41:37.2120122Z INFO:app.scheduler.services.notification_creation:Created overdue notification for invoice INV-7011 (91 days overdue)
Backend CI	Run tests	2026-03-17T02:41:37.2120872Z INFO:app.scheduler.services.notification_creation:Created overdue notification for invoice INV-9612 (55 days overdue)
Backend CI	Run tests	2026-03-17T02:41:37.2121625Z INFO:app.scheduler.services.notification_creation:Created overdue notification for invoice INV-8805 (313 days overdue)
Backend CI	Run tests	2026-03-17T02:41:37.2122383Z INFO:app.scheduler.services.notification_creation:Created overdue notification for invoice INV-8751 (220 days overdue)
Backend CI	Run tests	2026-03-17T02:41:37.2123428Z INFO:app.scheduler.services.notification_creation:Created overdue notification for invoice INV-8945 (205 days overdue)
Backend CI	Run tests	2026-03-17T02:41:37.2124186Z INFO:app.scheduler.services.notification_creation:Created overdue notification for invoice INV-6697 (232 days overdue)
Backend CI	Run tests	2026-03-17T02:41:37.2124949Z INFO:app.scheduler.services.notification_creation:Created overdue notification for invoice INV-2886 (49 days overdue)
Backend CI	Run tests	2026-03-17T02:41:37.2125702Z INFO:app.scheduler.services.notification_creation:Created overdue notification for invoice INV-1000 (1 days overdue)
Backend CI	Run tests	2026-03-17T02:41:37.2126461Z INFO:app.scheduler.services.notification_creation:Created overdue notification for invoice INV-8805 (313 days overdue)
Backend CI	Run tests	2026-03-17T02:41:37.2127219Z INFO:app.scheduler.services.notification_creation:Created overdue notification for invoice INV-8751 (220 days overdue)
Backend CI	Run tests	2026-03-17T02:41:37.2127967Z INFO:app.scheduler.services.notification_creation:Created overdue notification for invoice INV-8945 (205 days overdue)
Backend CI	Run tests	2026-03-17T02:41:37.2128726Z INFO:app.scheduler.services.notification_creation:Created overdue notification for invoice INV-6697 (232 days overdue)
Backend CI	Run tests	2026-03-17T02:41:37.2129475Z INFO:app.scheduler.services.notification_creation:Created overdue notification for invoice INV-2886 (49 days overdue)
Backend CI	Run tests	2026-03-17T02:41:37.2130223Z INFO:app.scheduler.services.notification_creation:Created overdue notification for invoice INV-1000 (1 days overdue)
Backend CI	Run tests	2026-03-17T02:41:37.2131086Z INFO:app.scheduler.services.notification_creation:Created overdue notification for invoice INV-4033 (195 days overdue)
Backend CI	Run tests	2026-03-17T02:41:37.2131836Z INFO:app.scheduler.services.notification_creation:Created overdue notification for invoice INV-8302 (2 days overdue)
Backend CI	Run tests	2026-03-17T02:41:37.2132586Z INFO:app.scheduler.services.notification_creation:Created overdue notification for invoice INV-6495 (365 days overdue)
Backend CI	Run tests	2026-03-17T02:41:37.2133482Z INFO:app.scheduler.services.notification_creation:Created overdue notification for invoice INV-3842 (177 days overdue)
Backend CI	Run tests	2026-03-17T02:41:37.2134234Z INFO:app.scheduler.services.notification_creation:Created overdue notification for invoice INV-6032 (20 days overdue)
Backend CI	Run tests	2026-03-17T02:41:37.2134983Z INFO:app.scheduler.services.notification_creation:Created overdue notification for invoice INV-1000 (1 days overdue)
Backend CI	Run tests	2026-03-17T02:41:37.2135781Z INFO:app.scheduler.services.notification_creation:Created overdue notification for invoice INV-4033 (195 days overdue)
Backend CI	Run tests	2026-03-17T02:41:37.2136547Z INFO:app.scheduler.services.notification_creation:Created overdue notification for invoice INV-8302 (2 days overdue)
Backend CI	Run tests	2026-03-17T02:41:37.2137297Z INFO:app.scheduler.services.notification_creation:Created overdue notification for invoice INV-6495 (365 days overdue)
Backend CI	Run tests	2026-03-17T02:41:37.2138052Z INFO:app.scheduler.services.notification_creation:Created overdue notification for invoice INV-3842 (177 days overdue)
Backend CI	Run tests	2026-03-17T02:41:37.2138807Z INFO:app.scheduler.services.notification_creation:Created overdue notification for invoice INV-6032 (20 days overdue)
Backend CI	Run tests	2026-03-17T02:41:37.2139557Z INFO:app.scheduler.services.notification_creation:Created overdue notification for invoice INV-1000 (1 days overdue)
Backend CI	Run tests	2026-03-17T02:41:37.2140295Z INFO:app.scheduler.services.notification_creation:Created overdue notification for invoice INV-1405 (6 days overdue)
Backend CI	Run tests	2026-03-17T02:41:37.2141045Z INFO:app.scheduler.services.notification_creation:Created overdue notification for invoice INV-5706 (6 days overdue)
Backend CI	Run tests	2026-03-17T02:41:37.2141795Z INFO:app.scheduler.services.notification_creation:Created overdue notification for invoice INV-9537 (275 days overdue)
Backend CI	Run tests	2026-03-17T02:41:37.2142551Z INFO:app.scheduler.services.notification_creation:Created overdue notification for invoice INV-7700 (137 days overdue)
Backend CI	Run tests	2026-03-17T02:41:37.2143402Z INFO:app.scheduler.services.notification_creation:Created overdue notification for invoice INV-3641 (1 days overdue)
Backend CI	Run tests	2026-03-17T02:41:37.2144152Z INFO:app.scheduler.services.notification_creation:Created overdue notification for invoice INV-2818 (303 days overdue)
Backend CI	Run tests	2026-03-17T02:41:37.2145028Z INFO:app.scheduler.services.notification_creation:Created overdue notification for invoice INV-4973 (32 days overdue)
Backend CI	Run tests	2026-03-17T02:41:37.2145776Z INFO:app.scheduler.services.notification_creation:Created overdue notification for invoice INV-4109 (29 days overdue)
Backend CI	Run tests	2026-03-17T02:41:37.2146529Z INFO:app.scheduler.services.notification_creation:Created overdue notification for invoice INV-4861 (156 days overdue)
Backend CI	Run tests	2026-03-17T02:41:37.2147282Z INFO:app.scheduler.services.notification_creation:Created overdue notification for invoice INV-8222 (96 days overdue)
Backend CI	Run tests	2026-03-17T02:41:37.2148036Z INFO:app.scheduler.services.notification_creation:Created overdue notification for invoice INV-1001 (321 days overdue)
Backend CI	Run tests	2026-03-17T02:41:37.2148791Z INFO:app.scheduler.services.notification_creation:Created overdue notification for invoice INV-3921 (349 days overdue)
Backend CI	Run tests	2026-03-17T02:41:37.2149538Z INFO:app.scheduler.services.notification_creation:Created overdue notification for invoice INV-3699 (6 days overdue)
Backend CI	Run tests	2026-03-17T02:41:37.2150297Z INFO:app.scheduler.services.notification_creation:Created overdue notification for invoice INV-9352 (364 days overdue)
Backend CI	Run tests	2026-03-17T02:41:37.2151053Z INFO:app.scheduler.services.notification_creation:Created overdue notification for invoice INV-9545 (364 days overdue)
Backend CI	Run tests	2026-03-17T02:41:37.2151930Z INFO:app.scheduler.services.notification_creation:Created overdue notification for invoice INV-3788 (49 days overdue)
Backend CI	Run tests	2026-03-17T02:41:37.2152779Z INFO:app.scheduler.services.notification_creation:Created overdue notification for invoice INV-9317 (91 days overdue)
Backend CI	Run tests	2026-03-17T02:41:37.2153537Z INFO:app.scheduler.services.notification_creation:Created overdue notification for invoice INV-3108 (223 days overdue)
Backend CI	Run tests	2026-03-17T02:41:37.2154283Z INFO:app.scheduler.services.notification_creation:Created overdue notification for invoice INV-2854 (1 days overdue)
Backend CI	Run tests	2026-03-17T02:41:37.2155033Z INFO:app.scheduler.services.notification_creation:Created overdue notification for invoice INV-8267 (122 days overdue)
Backend CI	Run tests	2026-03-17T02:41:37.2155783Z INFO:app.scheduler.services.notification_creation:Created overdue notification for invoice INV-1000 (1 days overdue)
Backend CI	Run tests	2026-03-17T02:41:37.2156533Z INFO:app.scheduler.services.notification_creation:Created overdue notification for invoice INV-8703 (152 days overdue)
Backend CI	Run tests	2026-03-17T02:41:37.2157288Z INFO:app.scheduler.services.notification_creation:Created overdue notification for invoice INV-9998 (1 days overdue)
Backend CI	Run tests	2026-03-17T02:41:37.2158038Z INFO:app.scheduler.services.notification_creation:Created overdue notification for invoice INV-2058 (344 days overdue)
Backend CI	Run tests	2026-03-17T02:41:37.2158791Z INFO:app.scheduler.services.notification_creation:Created overdue notification for invoice INV-3788 (49 days overdue)
Backend CI	Run tests	2026-03-17T02:41:37.2159539Z INFO:app.scheduler.services.notification_creation:Created overdue notification for invoice INV-9317 (91 days overdue)
Backend CI	Run tests	2026-03-17T02:41:37.2160291Z INFO:app.scheduler.services.notification_creation:Created overdue notification for invoice INV-3108 (223 days overdue)
Backend CI	Run tests	2026-03-17T02:41:37.2161045Z INFO:app.scheduler.services.notification_creation:Created overdue notification for invoice INV-2854 (1 days overdue)
Backend CI	Run tests	2026-03-17T02:41:37.2161790Z INFO:app.scheduler.services.notification_creation:Created overdue notification for invoice INV-8267 (122 days overdue)
Backend CI	Run tests	2026-03-17T02:41:37.2162547Z INFO:app.scheduler.services.notification_creation:Created overdue notification for invoice INV-1000 (1 days overdue)
Backend CI	Run tests	2026-03-17T02:41:37.2163424Z INFO:app.scheduler.services.notification_creation:Created overdue notification for invoice INV-8703 (152 days overdue)
Backend CI	Run tests	2026-03-17T02:41:37.2164173Z INFO:app.scheduler.services.notification_creation:Created overdue notification for invoice INV-9998 (1 days overdue)
Backend CI	Run tests	2026-03-17T02:41:37.2164915Z INFO:app.scheduler.services.notification_creation:Created overdue notification for invoice INV-2058 (344 days overdue)
Backend CI	Run tests	2026-03-17T02:41:37.2165668Z INFO:app.scheduler.services.notification_creation:Created overdue notification for invoice INV-1639 (37 days overdue)
Backend CI	Run tests	2026-03-17T02:41:37.2166535Z INFO:app.scheduler.services.notification_creation:Created overdue notification for invoice INV-5546 (1 days overdue)
Backend CI	Run tests	2026-03-17T02:41:37.2167284Z INFO:app.scheduler.services.notification_creation:Created overdue notification for invoice INV-7140 (342 days overdue)
Backend CI	Run tests	2026-03-17T02:41:37.2168048Z INFO:app.scheduler.services.notification_creation:Created overdue notification for invoice INV-9237 (352 days overdue)
Backend CI	Run tests	2026-03-17T02:41:37.2168800Z INFO:app.scheduler.services.notification_creation:Created overdue notification for invoice INV-2227 (119 days overdue)
Backend CI	Run tests	2026-03-17T02:41:37.2169557Z INFO:app.scheduler.services.notification_creation:Created overdue notification for invoice INV-1000 (1 days overdue)
Backend CI	Run tests	2026-03-17T02:41:37.2170304Z INFO:app.scheduler.services.notification_creation:Created overdue notification for invoice INV-1639 (37 days overdue)
Backend CI	Run tests	2026-03-17T02:41:37.2171046Z INFO:app.scheduler.services.notification_creation:Created overdue notification for invoice INV-5546 (1 days overdue)
Backend CI	Run tests	2026-03-17T02:41:37.2171798Z INFO:app.scheduler.services.notification_creation:Created overdue notification for invoice INV-7140 (342 days overdue)
Backend CI	Run tests	2026-03-17T02:41:37.2172557Z INFO:app.scheduler.services.notification_creation:Created overdue notification for invoice INV-9237 (352 days overdue)
Backend CI	Run tests	2026-03-17T02:41:37.2173541Z INFO:app.scheduler.services.notification_creation:Created overdue notification for invoice INV-2227 (119 days overdue)
Backend CI	Run tests	2026-03-17T02:41:37.2174293Z INFO:app.scheduler.services.notification_creation:Created overdue notification for invoice INV-1000 (1 days overdue)
Backend CI	Run tests	2026-03-17T02:41:37.2175040Z INFO:app.scheduler.services.notification_creation:Created overdue notification for invoice INV-8671 (324 days overdue)
Backend CI	Run tests	2026-03-17T02:41:37.2175795Z INFO:app.scheduler.services.notification_creation:Created overdue notification for invoice INV-7405 (210 days overdue)
Backend CI	Run tests	2026-03-17T02:41:37.2176548Z INFO:app.scheduler.services.notification_creation:Created overdue notification for invoice INV-5341 (41 days overdue)
Backend CI	Run tests	2026-03-17T02:41:37.2177306Z INFO:app.scheduler.services.notification_creation:Created overdue notification for invoice INV-4946 (295 days overdue)
Backend CI	Run tests	2026-03-17T02:41:37.2178054Z INFO:app.scheduler.services.notification_creation:Created overdue notification for invoice INV-4618 (210 days overdue)
Backend CI	Run tests	2026-03-17T02:41:37.2178814Z INFO:app.scheduler.services.notification_creation:Created overdue notification for invoice INV-1000 (1 days overdue)
Backend CI	Run tests	2026-03-17T02:41:37.2179560Z INFO:app.scheduler.services.notification_creation:Created overdue notification for invoice INV-6430 (331 days overdue)
Backend CI	Run tests	2026-03-17T02:41:37.2180317Z INFO:app.scheduler.services.notification_creation:Created overdue notification for invoice INV-3941 (323 days overdue)
Backend CI	Run tests	2026-03-17T02:41:37.2181069Z INFO:app.scheduler.services.notification_creation:Created overdue notification for invoice INV-8671 (324 days overdue)
Backend CI	Run tests	2026-03-17T02:41:37.2181828Z INFO:app.scheduler.services.notification_creation:Created overdue notification for invoice INV-7405 (210 days overdue)
Backend CI	Run tests	2026-03-17T02:41:37.2182587Z INFO:app.scheduler.services.notification_creation:Created overdue notification for invoice INV-5341 (41 days overdue)
Backend CI	Run tests	2026-03-17T02:41:37.2183455Z INFO:app.scheduler.services.notification_creation:Created overdue notification for invoice INV-4946 (295 days overdue)
Backend CI	Run tests	2026-03-17T02:41:37.2184213Z INFO:app.scheduler.services.notification_creation:Created overdue notification for invoice INV-4618 (210 days overdue)
Backend CI	Run tests	2026-03-17T02:41:37.2184971Z INFO:app.scheduler.services.notification_creation:Created overdue notification for invoice INV-1000 (1 days overdue)
Backend CI	Run tests	2026-03-17T02:41:37.2185734Z INFO:app.scheduler.services.notification_creation:Created overdue notification for invoice INV-6430 (331 days overdue)
Backend CI	Run tests	2026-03-17T02:41:37.2186503Z INFO:app.scheduler.services.notification_creation:Created overdue notification for invoice INV-3941 (323 days overdue)
Backend CI	Run tests	2026-03-17T02:41:37.2187254Z INFO:app.scheduler.services.notification_creation:Created overdue notification for invoice INV-9130 (113 days overdue)
Backend CI	Run tests	2026-03-17T02:41:37.2188127Z INFO:app.scheduler.services.notification_creation:Created overdue notification for invoice INV-5277 (11 days overdue)
Backend CI	Run tests	2026-03-17T02:41:37.2188885Z INFO:app.scheduler.services.notification_creation:Created overdue notification for invoice INV-9478 (198 days overdue)
Backend CI	Run tests	2026-03-17T02:41:37.2189652Z INFO:app.scheduler.services.notification_creation:Created overdue notification for invoice INV-5873 (148 days overdue)
Backend CI	Run tests	2026-03-17T02:41:37.2190400Z INFO:app.scheduler.services.notification_creation:Created overdue notification for invoice INV-2922 (43 days overdue)
Backend CI	Run tests	2026-03-17T02:41:37.2191154Z INFO:app.scheduler.services.notification_creation:Created overdue notification for invoice INV-1000 (1 days overdue)
Backend CI	Run tests	2026-03-17T02:41:37.2191906Z INFO:app.scheduler.services.notification_creation:Created overdue notification for invoice INV-8463 (33 days overdue)
Backend CI	Run tests	2026-03-17T02:41:37.2192761Z INFO:app.scheduler.services.notification_creation:Created overdue notification for invoice INV-8431 (54 days overdue)
Backend CI	Run tests	2026-03-17T02:41:37.2193530Z INFO:app.scheduler.services.notification_creation:Created overdue notification for invoice INV-4602 (232 days overdue)
Backend CI	Run tests	2026-03-17T02:41:37.2194282Z INFO:app.scheduler.services.notification_creation:Created overdue notification for invoice INV-4597 (36 days overdue)
Backend CI	Run tests	2026-03-17T02:41:37.2195150Z INFO:app.scheduler.services.notification_creation:Created overdue notification for invoice INV-9130 (113 days overdue)
Backend CI	Run tests	2026-03-17T02:41:37.2195904Z INFO:app.scheduler.services.notification_creation:Created overdue notification for invoice INV-5277 (11 days overdue)
Backend CI	Run tests	2026-03-17T02:41:37.2196652Z INFO:app.scheduler.services.notification_creation:Created overdue notification for invoice INV-9478 (198 days overdue)
Backend CI	Run tests	2026-03-17T02:41:37.2197408Z INFO:app.scheduler.services.notification_creation:Created overdue notification for invoice INV-5873 (148 days overdue)
Backend CI	Run tests	2026-03-17T02:41:37.2198162Z INFO:app.scheduler.services.notification_creation:Created overdue notification for invoice INV-2922 (43 days overdue)
Backend CI	Run tests	2026-03-17T02:41:37.2198915Z INFO:app.scheduler.services.notification_creation:Created overdue notification for invoice INV-1000 (1 days overdue)
Backend CI	Run tests	2026-03-17T02:41:37.2199658Z INFO:app.scheduler.services.notification_creation:Created overdue notification for invoice INV-8463 (33 days overdue)
Backend CI	Run tests	2026-03-17T02:41:37.2200413Z INFO:app.scheduler.services.notification_creation:Created overdue notification for invoice INV-8431 (54 days overdue)
Backend CI	Run tests	2026-03-17T02:41:37.2201167Z INFO:app.scheduler.services.notification_creation:Created overdue notification for invoice INV-4602 (232 days overdue)
Backend CI	Run tests	2026-03-17T02:41:37.2201925Z INFO:app.scheduler.services.notification_creation:Created overdue notification for invoice INV-4597 (36 days overdue)
Backend CI	Run tests	2026-03-17T02:41:37.2202776Z INFO:app.scheduler.services.notification_creation:Created overdue notification for invoice INV-9352 (315 days overdue)
Backend CI	Run tests	2026-03-17T02:41:37.2203541Z INFO:app.scheduler.services.notification_creation:Created overdue notification for invoice INV-7387 (15 days overdue)
Backend CI	Run tests	2026-03-17T02:41:37.2204295Z INFO:app.scheduler.services.notification_creation:Created overdue notification for invoice INV-3132 (162 days overdue)
Backend CI	Run tests	2026-03-17T02:41:37.2205055Z INFO:app.scheduler.services.notification_creation:Created overdue notification for invoice INV-3819 (96 days overdue)
Backend CI	Run tests	2026-03-17T02:41:37.2205804Z INFO:app.scheduler.services.notification_creation:Created overdue notification for invoice INV-6552 (90 days overdue)
Backend CI	Run tests	2026-03-17T02:41:37.2206550Z INFO:app.scheduler.services.notification_creation:Created overdue notification for invoice INV-1000 (1 days overdue)
Backend CI	Run tests	2026-03-17T02:41:37.2207303Z INFO:app.scheduler.services.notification_creation:Created overdue notification for invoice INV-9352 (315 days overdue)
Backend CI	Run tests	2026-03-17T02:41:37.2208053Z INFO:app.scheduler.services.notification_creation:Created overdue notification for invoice INV-7387 (15 days overdue)
Backend CI	Run tests	2026-03-17T02:41:37.2208800Z INFO:app.scheduler.services.notification_creation:Created overdue notification for invoice INV-3132 (162 days overdue)
Backend CI	Run tests	2026-03-17T02:41:37.2209676Z INFO:app.scheduler.services.notification_creation:Created overdue notification for invoice INV-3819 (96 days overdue)
Backend CI	Run tests	2026-03-17T02:41:37.2210426Z INFO:app.scheduler.services.notification_creation:Created overdue notification for invoice INV-6552 (90 days overdue)
Backend CI	Run tests	2026-03-17T02:41:37.2211176Z INFO:app.scheduler.services.notification_creation:Created overdue notification for invoice INV-1000 (1 days overdue)
Backend CI	Run tests	2026-03-17T02:41:37.2211914Z INFO:app.scheduler.services.notification_creation:Created overdue notification for invoice INV-8791 (26 days overdue)
Backend CI	Run tests	2026-03-17T02:41:37.2212798Z INFO:app.scheduler.services.notification_creation:Created overdue notification for invoice INV-9241 (265 days overdue)
Backend CI	Run tests	2026-03-17T02:41:37.2213568Z INFO:app.scheduler.services.notification_creation:Created overdue notification for invoice INV-3257 (302 days overdue)
Backend CI	Run tests	2026-03-17T02:41:37.2214320Z INFO:app.scheduler.services.notification_creation:Created overdue notification for invoice INV-4859 (31 days overdue)
Backend CI	Run tests	2026-03-17T02:41:37.2215073Z INFO:app.scheduler.services.notification_creation:Created overdue notification for invoice INV-2514 (283 days overdue)
Backend CI	Run tests	2026-03-17T02:41:37.2215824Z INFO:app.scheduler.services.notification_creation:Created overdue notification for invoice INV-1000 (1 days overdue)
Backend CI	Run tests	2026-03-17T02:41:37.2216692Z INFO:app.scheduler.services.notification_creation:Created overdue notification for invoice INV-7831 (51 days overdue)
Backend CI	Run tests	2026-03-17T02:41:37.2217443Z INFO:app.scheduler.services.notification_creation:Created overdue notification for invoice INV-9999 (193 days overdue)
Backend CI	Run tests	2026-03-17T02:41:37.2218191Z INFO:app.scheduler.services.notification_creation:Created overdue notification for invoice INV-8791 (26 days overdue)
Backend CI	Run tests	2026-03-17T02:41:37.2218947Z INFO:app.scheduler.services.notification_creation:Created overdue notification for invoice INV-9241 (265 days overdue)
Backend CI	Run tests	2026-03-17T02:41:37.2219710Z INFO:app.scheduler.services.notification_creation:Created overdue notification for invoice INV-3257 (302 days overdue)
Backend CI	Run tests	2026-03-17T02:41:37.2220467Z INFO:app.scheduler.services.notification_creation:Created overdue notification for invoice INV-4859 (31 days overdue)
Backend CI	Run tests	2026-03-17T02:41:37.2221219Z INFO:app.scheduler.services.notification_creation:Created overdue notification for invoice INV-2514 (283 days overdue)
Backend CI	Run tests	2026-03-17T02:41:37.2221978Z INFO:app.scheduler.services.notification_creation:Created overdue notification for invoice INV-1000 (1 days overdue)
Backend CI	Run tests	2026-03-17T02:41:37.2222825Z INFO:app.scheduler.services.notification_creation:Created overdue notification for invoice INV-7831 (51 days overdue)
Backend CI	Run tests	2026-03-17T02:41:37.2223587Z INFO:app.scheduler.services.notification_creation:Created overdue notification for invoice INV-9999 (193 days overdue)
Backend CI	Run tests	2026-03-17T02:41:37.2224345Z INFO:app.scheduler.services.notification_creation:Created overdue notification for invoice INV-3753 (338 days overdue)
Backend CI	Run tests	2026-03-17T02:41:37.2225104Z INFO:app.scheduler.services.notification_creation:Created overdue notification for invoice INV-9999 (223 days overdue)
Backend CI	Run tests	2026-03-17T02:41:37.2225859Z INFO:app.scheduler.services.notification_creation:Created overdue notification for invoice INV-7961 (317 days overdue)
Backend CI	Run tests	2026-03-17T02:41:37.2226615Z INFO:app.scheduler.services.notification_creation:Created overdue notification for invoice INV-4307 (27 days overdue)
Backend CI	Run tests	2026-03-17T02:41:37.2227368Z INFO:app.scheduler.services.notification_creation:Created overdue notification for invoice INV-1001 (32 days overdue)
Backend CI	Run tests	2026-03-17T02:41:37.2228117Z INFO:app.scheduler.services.notification_creation:Created overdue notification for invoice INV-1000 (1 days overdue)
Backend CI	Run tests	2026-03-17T02:41:37.2228863Z INFO:app.scheduler.services.notification_creation:Created overdue notification for invoice INV-1954 (361 days overdue)
Backend CI	Run tests	2026-03-17T02:41:37.2229630Z INFO:app.scheduler.services.notification_creation:Created overdue notification for invoice INV-7511 (116 days overdue)
Backend CI	Run tests	2026-03-17T02:41:37.2230544Z INFO:app.scheduler.services.notification_creation:Created overdue notification for invoice INV-9999 (110 days overdue)
Backend CI	Run tests	2026-03-17T02:41:37.2231295Z INFO:app.scheduler.services.notification_creation:Created overdue notification for invoice INV-7130 (63 days overdue)
Backend CI	Run tests	2026-03-17T02:41:37.2232044Z INFO:app.scheduler.services.notification_creation:Created overdue notification for invoice INV-3753 (338 days overdue)
Backend CI	Run tests	2026-03-17T02:41:37.2232907Z INFO:app.scheduler.services.notification_creation:Created overdue notification for invoice INV-9999 (223 days overdue)
Backend CI	Run tests	2026-03-17T02:41:37.2233668Z INFO:app.scheduler.services.notification_creation:Created overdue notification for invoice INV-7961 (317 days overdue)
Backend CI	Run tests	2026-03-17T02:41:37.2234419Z INFO:app.scheduler.services.notification_creation:Created overdue notification for invoice INV-4307 (27 days overdue)
Backend CI	Run tests	2026-03-17T02:41:37.2235203Z INFO:app.scheduler.services.notification_creation:Created overdue notification for invoice INV-1001 (32 days overdue)
Backend CI	Run tests	2026-03-17T02:41:37.2235961Z INFO:app.scheduler.services.notification_creation:Created overdue notification for invoice INV-1000 (1 days overdue)
Backend CI	Run tests	2026-03-17T02:41:37.2236715Z INFO:app.scheduler.services.notification_creation:Created overdue notification for invoice INV-1954 (361 days overdue)
Backend CI	Run tests	2026-03-17T02:41:37.2237475Z INFO:app.scheduler.services.notification_creation:Created overdue notification for invoice INV-7511 (116 days overdue)
Backend CI	Run tests	2026-03-17T02:41:37.2238349Z INFO:app.scheduler.services.notification_creation:Created overdue notification for invoice INV-9999 (110 days overdue)
Backend CI	Run tests	2026-03-17T02:41:37.2239104Z INFO:app.scheduler.services.notification_creation:Created overdue notification for invoice INV-7130 (63 days overdue)
Backend CI	Run tests	2026-03-17T02:41:37.2239852Z INFO:app.scheduler.services.notification_creation:Created overdue notification for invoice INV-1001 (37 days overdue)
Backend CI	Run tests	2026-03-17T02:41:37.2240611Z INFO:app.scheduler.services.notification_creation:Created overdue notification for invoice INV-2740 (131 days overdue)
Backend CI	Run tests	2026-03-17T02:41:37.2241371Z INFO:app.scheduler.services.notification_creation:Created overdue notification for invoice INV-7021 (230 days overdue)
Backend CI	Run tests	2026-03-17T02:41:37.2242129Z INFO:app.scheduler.services.notification_creation:Created overdue notification for invoice INV-3832 (23 days overdue)
Backend CI	Run tests	2026-03-17T02:41:37.2243015Z INFO:app.scheduler.services.notification_creation:Created overdue notification for invoice INV-2182 (186 days overdue)
Backend CI	Run tests	2026-03-17T02:41:37.2243777Z INFO:app.scheduler.services.notification_creation:Created overdue notification for invoice INV-1000 (1 days overdue)
Backend CI	Run tests	2026-03-17T02:41:37.2244520Z INFO:app.scheduler.services.notification_creation:Created overdue notification for invoice INV-9117 (19 days overdue)
Backend CI	Run tests	2026-03-17T02:41:37.2245275Z INFO:app.scheduler.services.notification_creation:Created overdue notification for invoice INV-1571 (142 days overdue)
Backend CI	Run tests	2026-03-17T02:41:37.2246036Z INFO:app.scheduler.services.notification_creation:Created overdue notification for invoice INV-2485 (290 days overdue)
Backend CI	Run tests	2026-03-17T02:41:37.2246798Z INFO:app.scheduler.services.notification_creation:Created overdue notification for invoice INV-2524 (351 days overdue)
Backend CI	Run tests	2026-03-17T02:41:37.2247549Z INFO:app.scheduler.services.notification_creation:Created overdue notification for invoice INV-1001 (37 days overdue)
Backend CI	Run tests	2026-03-17T02:41:37.2248305Z INFO:app.scheduler.services.notification_creation:Created overdue notification for invoice INV-2740 (131 days overdue)
Backend CI	Run tests	2026-03-17T02:41:37.2249063Z INFO:app.scheduler.services.notification_creation:Created overdue notification for invoice INV-7021 (230 days overdue)
Backend CI	Run tests	2026-03-17T02:41:37.2249815Z INFO:app.scheduler.services.notification_creation:Created overdue notification for invoice INV-3832 (23 days overdue)
Backend CI	Run tests	2026-03-17T02:41:37.2250563Z INFO:app.scheduler.services.notification_creation:Created overdue notification for invoice INV-2182 (186 days overdue)
Backend CI	Run tests	2026-03-17T02:41:37.2251319Z INFO:app.scheduler.services.notification_creation:Created overdue notification for invoice INV-1000 (1 days overdue)
Backend CI	Run tests	2026-03-17T02:41:37.2252191Z INFO:app.scheduler.services.notification_creation:Created overdue notification for invoice INV-9117 (19 days overdue)
Backend CI	Run tests	2026-03-17T02:41:37.2253077Z INFO:app.scheduler.services.notification_creation:Created overdue notification for invoice INV-1571 (142 days overdue)
Backend CI	Run tests	2026-03-17T02:41:37.2253838Z INFO:app.scheduler.services.notification_creation:Created overdue notification for invoice INV-2485 (290 days overdue)
Backend CI	Run tests	2026-03-17T02:41:37.2254598Z INFO:app.scheduler.services.notification_creation:Created overdue notification for invoice INV-2524 (351 days overdue)
Backend CI	Run tests	2026-03-17T02:41:37.2255350Z INFO:app.scheduler.services.notification_creation:Created overdue notification for invoice INV-4329 (31 days overdue)
Backend CI	Run tests	2026-03-17T02:41:37.2256103Z INFO:app.scheduler.services.notification_creation:Created overdue notification for invoice INV-3340 (286 days overdue)
Backend CI	Run tests	2026-03-17T02:41:37.2256856Z INFO:app.scheduler.services.notification_creation:Created overdue notification for invoice INV-7187 (309 days overdue)
Backend CI	Run tests	2026-03-17T02:41:37.2257617Z INFO:app.scheduler.services.notification_creation:Created overdue notification for invoice INV-1001 (223 days overdue)
Backend CI	Run tests	2026-03-17T02:41:37.2258372Z INFO:app.scheduler.services.notification_creation:Created overdue notification for invoice INV-4018 (56 days overdue)
Backend CI	Run tests	2026-03-17T02:41:37.2259241Z INFO:app.scheduler.services.notification_creation:Created overdue notification for invoice INV-1000 (1 days overdue)
Backend CI	Run tests	2026-03-17T02:41:37.2259986Z INFO:app.scheduler.services.notification_creation:Created overdue notification for invoice INV-8941 (16 days overdue)
Backend CI	Run tests	2026-03-17T02:41:37.2260734Z INFO:app.scheduler.services.notification_creation:Created overdue notification for invoice INV-4329 (31 days overdue)
Backend CI	Run tests	2026-03-17T02:41:37.2261488Z INFO:app.scheduler.services.notification_creation:Created overdue notification for invoice INV-3340 (286 days overdue)
Backend CI	Run tests	2026-03-17T02:41:37.2262246Z INFO:app.scheduler.services.notification_creation:Created overdue notification for invoice INV-7187 (309 days overdue)
Backend CI	Run tests	2026-03-17T02:41:37.2263106Z INFO:app.scheduler.services.notification_creation:Created overdue notification for invoice INV-1001 (223 days overdue)
Backend CI	Run tests	2026-03-17T02:41:37.2263881Z INFO:app.scheduler.services.notification_creation:Created overdue notification for invoice INV-4018 (56 days overdue)
Backend CI	Run tests	2026-03-17T02:41:37.2264628Z INFO:app.scheduler.services.notification_creation:Created overdue notification for invoice INV-1000 (1 days overdue)
Backend CI	Run tests	2026-03-17T02:41:37.2265397Z INFO:app.scheduler.services.notification_creation:Created overdue notification for invoice INV-8941 (16 days overdue)
Backend CI	Run tests	2026-03-17T02:41:37.2266170Z INFO:app.scheduler.services.notification_creation:Created overdue notification for invoice INV-9592 (51 days overdue)
Backend CI	Run tests	2026-03-17T02:41:37.2267772Z INFO:app.scheduler.services.notification_creation:Created overdue notification for invoice INV-8670 (81 days overdue)
Backend CI	Run tests	2026-03-17T02:41:37.2268751Z INFO:app.scheduler.services.notification_creation:Created overdue notification for invoice INV-2910 (237 days overdue)
Backend CI	Run tests	2026-03-17T02:41:37.2269522Z INFO:app.scheduler.services.notification_creation:Created overdue notification for invoice INV-5828 (140 days overdue)
Backend CI	Run tests	2026-03-17T02:41:37.2270285Z INFO:app.scheduler.services.notification_creation:Created overdue notification for invoice INV-9010 (161 days overdue)
Backend CI	Run tests	2026-03-17T02:41:37.2271042Z INFO:app.scheduler.services.notification_creation:Created overdue notification for invoice INV-1000 (1 days overdue)
Backend CI	Run tests	2026-03-17T02:41:37.2271793Z INFO:app.scheduler.services.notification_creation:Created overdue notification for invoice INV-8688 (239 days overdue)
Backend CI	Run tests	2026-03-17T02:41:37.2272565Z INFO:app.scheduler.services.notification_creation:Created overdue notification for invoice INV-3319 (128 days overdue)
Backend CI	Run tests	2026-03-17T02:41:37.2273446Z INFO:app.scheduler.services.notification_creation:Created overdue notification for invoice INV-8898 (163 days overdue)
Backend CI	Run tests	2026-03-17T02:41:37.2274203Z INFO:app.scheduler.services.notification_creation:Created overdue notification for invoice INV-5812 (66 days overdue)
Backend CI	Run tests	2026-03-17T02:41:37.2275129Z INFO:app.scheduler.services.notification_creation:Created overdue notification for invoice INV-9592 (51 days overdue)
Backend CI	Run tests	2026-03-17T02:41:37.2275886Z INFO:app.scheduler.services.notification_creation:Created overdue notification for invoice INV-8670 (81 days overdue)
Backend CI	Run tests	2026-03-17T02:41:37.2276643Z INFO:app.scheduler.services.notification_creation:Created overdue notification for invoice INV-2910 (237 days overdue)
Backend CI	Run tests	2026-03-17T02:41:37.2277399Z INFO:app.scheduler.services.notification_creation:Created overdue notification for invoice INV-5828 (140 days overdue)
Backend CI	Run tests	2026-03-17T02:41:37.2278149Z INFO:app.scheduler.services.notification_creation:Created overdue notification for invoice INV-9010 (161 days overdue)
Backend CI	Run tests	2026-03-17T02:41:37.2278902Z INFO:app.scheduler.services.notification_creation:Created overdue notification for invoice INV-1000 (1 days overdue)
Backend CI	Run tests	2026-03-17T02:41:37.2279652Z INFO:app.scheduler.services.notification_creation:Created overdue notification for invoice INV-8688 (239 days overdue)
Backend CI	Run tests	2026-03-17T02:41:37.2280414Z INFO:app.scheduler.services.notification_creation:Created overdue notification for invoice INV-3319 (128 days overdue)
Backend CI	Run tests	2026-03-17T02:41:37.2281166Z INFO:app.scheduler.services.notification_creation:Created overdue notification for invoice INV-8898 (163 days overdue)
Backend CI	Run tests	2026-03-17T02:41:37.2282035Z INFO:app.scheduler.services.notification_creation:Created overdue notification for invoice INV-5812 (66 days overdue)
Backend CI	Run tests	2026-03-17T02:41:37.2282919Z INFO:app.scheduler.services.notification_creation:Created overdue notification for invoice INV-2162 (53 days overdue)
Backend CI	Run tests	2026-03-17T02:41:37.2283684Z INFO:app.scheduler.services.notification_creation:Created overdue notification for invoice INV-1003 (170 days overdue)
Backend CI	Run tests	2026-03-17T02:41:37.2284438Z INFO:app.scheduler.services.notification_creation:Created overdue notification for invoice INV-8893 (169 days overdue)
Backend CI	Run tests	2026-03-17T02:41:37.2285192Z INFO:app.scheduler.services.notification_creation:Created overdue notification for invoice INV-4009 (266 days overdue)
Backend CI	Run tests	2026-03-17T02:41:37.2285952Z INFO:app.scheduler.services.notification_creation:Created overdue notification for invoice INV-4630 (247 days overdue)
Backend CI	Run tests	2026-03-17T02:41:37.2286699Z INFO:app.scheduler.services.notification_creation:Created overdue notification for invoice INV-1000 (1 days overdue)
Backend CI	Run tests	2026-03-17T02:41:37.2287447Z INFO:app.scheduler.services.notification_creation:Created overdue notification for invoice INV-9872 (1 days overdue)
Backend CI	Run tests	2026-03-17T02:41:37.2288191Z INFO:app.scheduler.services.notification_creation:Created overdue notification for invoice INV-2162 (53 days overdue)
Backend CI	Run tests	2026-03-17T02:41:37.2288943Z INFO:app.scheduler.services.notification_creation:Created overdue notification for invoice INV-1003 (170 days overdue)
Backend CI	Run tests	2026-03-17T02:41:37.2289697Z INFO:app.scheduler.services.notification_creation:Created overdue notification for invoice INV-8893 (169 days overdue)
Backend CI	Run tests	2026-03-17T02:41:37.2290447Z INFO:app.scheduler.services.notification_creation:Created overdue notification for invoice INV-4009 (266 days overdue)
Backend CI	Run tests	2026-03-17T02:41:37.2291205Z INFO:app.scheduler.services.notification_creation:Created overdue notification for invoice INV-4630 (247 days overdue)
Backend CI	Run tests	2026-03-17T02:41:37.2291958Z INFO:app.scheduler.services.notification_creation:Created overdue notification for invoice INV-1000 (1 days overdue)
Backend CI	Run tests	2026-03-17T02:41:37.2292835Z INFO:app.scheduler.services.notification_creation:Created overdue notification for invoice INV-9872 (1 days overdue)
Backend CI	Run tests	2026-03-17T02:41:37.2293587Z INFO:app.scheduler.services.notification_creation:Created overdue notification for invoice INV-5229 (101 days overdue)
Backend CI	Run tests	2026-03-17T02:41:37.2294339Z INFO:app.scheduler.services.notification_creation:Created overdue notification for invoice INV-7871 (1 days overdue)
Backend CI	Run tests	2026-03-17T02:41:37.2295091Z INFO:app.scheduler.services.notification_creation:Created overdue notification for invoice INV-6085 (358 days overdue)
Backend CI	Run tests	2026-03-17T02:41:37.2295840Z INFO:app.scheduler.services.notification_creation:Created overdue notification for invoice INV-1177 (1 days overdue)
Backend CI	Run tests	2026-03-17T02:41:37.2296924Z INFO:app.scheduler.services.notification_creation:Created overdue notification for invoice INV-7406 (125 days overdue)
Backend CI	Run tests	2026-03-17T02:41:37.2297790Z INFO:app.scheduler.services.notification_creation:Created overdue notification for invoice INV-1000 (1 days overdue)
Backend CI	Run tests	2026-03-17T02:41:37.2298567Z INFO:app.scheduler.services.notification_creation:Created overdue notification for invoice INV-8808 (186 days overdue)
Backend CI	Run tests	2026-03-17T02:41:37.2299330Z INFO:app.scheduler.services.notification_creation:Created overdue notification for invoice INV-4324 (165 days overdue)
Backend CI	Run tests	2026-03-17T02:41:37.2300082Z INFO:app.scheduler.services.notification_creation:Created overdue notification for invoice INV-4475 (62 days overdue)
Backend CI	Run tests	2026-03-17T02:41:37.2301024Z INFO:app.scheduler.services.notification_creation:Created overdue notification for invoice INV-5229 (101 days overdue)
Backend CI	Run tests	2026-03-17T02:41:37.2301788Z INFO:app.scheduler.services.notification_creation:Created overdue notification for invoice INV-7871 (1 days overdue)
Backend CI	Run tests	2026-03-17T02:41:37.2302547Z INFO:app.scheduler.services.notification_creation:Created overdue notification for invoice INV-6085 (358 days overdue)
Backend CI	Run tests	2026-03-17T02:41:37.2303423Z INFO:app.scheduler.services.notification_creation:Created overdue notification for invoice INV-1177 (1 days overdue)
Backend CI	Run tests	2026-03-17T02:41:37.2304332Z INFO:app.scheduler.services.notification_creation:Created overdue notification for invoice INV-7406 (125 days overdue)
Backend CI	Run tests	2026-03-17T02:41:37.2305095Z INFO:app.scheduler.services.notification_creation:Created overdue notification for invoice INV-1000 (1 days overdue)
Backend CI	Run tests	2026-03-17T02:41:37.2305845Z INFO:app.scheduler.services.notification_creation:Created overdue notification for invoice INV-8808 (186 days overdue)
Backend CI	Run tests	2026-03-17T02:41:37.2306598Z INFO:app.scheduler.services.notification_creation:Created overdue notification for invoice INV-4324 (165 days overdue)
Backend CI	Run tests	2026-03-17T02:41:37.2307364Z INFO:app.scheduler.services.notification_creation:Created overdue notification for invoice INV-4475 (62 days overdue)
Backend CI	Run tests	2026-03-17T02:41:37.2308568Z INFO:app.scheduler.services.notification_creation:Created overdue notification for invoice INV-3330 (205 days overdue)
Backend CI	Run tests	2026-03-17T02:41:37.2309339Z INFO:app.scheduler.services.notification_creation:Created overdue notification for invoice INV-3173 (132 days overdue)
Backend CI	Run tests	2026-03-17T02:41:37.2310097Z INFO:app.scheduler.services.notification_creation:Created overdue notification for invoice INV-2036 (290 days overdue)
Backend CI	Run tests	2026-03-17T02:41:37.2310856Z INFO:app.scheduler.services.notification_creation:Created overdue notification for invoice INV-9999 (52 days overdue)
Backend CI	Run tests	2026-03-17T02:41:37.2311616Z INFO:app.scheduler.services.notification_creation:Created overdue notification for invoice INV-3673 (351 days overdue)
Backend CI	Run tests	2026-03-17T02:41:37.2312372Z INFO:app.scheduler.services.notification_creation:Created overdue notification for invoice INV-9999 (97 days overdue)
Backend CI	Run tests	2026-03-17T02:41:37.2313245Z INFO:app.scheduler.services.notification_creation:Created overdue notification for invoice INV-9998 (216 days overdue)
Backend CI	Run tests	2026-03-17T02:41:37.2314016Z INFO:app.scheduler.services.notification_creation:Created overdue notification for invoice INV-4153 (328 days overdue)
Backend CI	Run tests	2026-03-17T02:41:37.2314773Z INFO:app.scheduler.services.notification_creation:Created overdue notification for invoice INV-6867 (343 days overdue)
Backend CI	Run tests	2026-03-17T02:41:37.2315534Z INFO:app.scheduler.services.notification_creation:Created overdue notification for invoice INV-4463 (210 days overdue)
Backend CI	Run tests	2026-03-17T02:41:37.2316279Z INFO:app.scheduler.services.notification_creation:Created overdue notification for invoice INV-1000 (1 days overdue)
Backend CI	Run tests	2026-03-17T02:41:37.2317033Z INFO:app.scheduler.services.notification_creation:Created overdue notification for invoice INV-9999 (355 days overdue)
Backend CI	Run tests	2026-03-17T02:41:37.2317791Z INFO:app.scheduler.services.notification_creation:Created overdue notification for invoice INV-9999 (97 days overdue)
Backend CI	Run tests	2026-03-17T02:41:37.2318546Z INFO:app.scheduler.services.notification_creation:Created overdue notification for invoice INV-9998 (216 days overdue)
Backend CI	Run tests	2026-03-17T02:41:37.2319445Z INFO:app.scheduler.services.notification_creation:Created overdue notification for invoice INV-4153 (328 days overdue)
Backend CI	Run tests	2026-03-17T02:41:37.2320201Z INFO:app.scheduler.services.notification_creation:Created overdue notification for invoice INV-6867 (343 days overdue)
Backend CI	Run tests	2026-03-17T02:41:37.2320964Z INFO:app.scheduler.services.notification_creation:Created overdue notification for invoice INV-4463 (210 days overdue)
Backend CI	Run tests	2026-03-17T02:41:37.2321716Z INFO:app.scheduler.services.notification_creation:Created overdue notification for invoice INV-1000 (1 days overdue)
Backend CI	Run tests	2026-03-17T02:41:37.2322468Z INFO:app.scheduler.services.notification_creation:Created overdue notification for invoice INV-9999 (355 days overdue)
Backend CI	Run tests	2026-03-17T02:41:37.2323367Z INFO:app.scheduler.services.notification_creation:Created overdue notification for invoice INV-1626 (32 days overdue)
Backend CI	Run tests	2026-03-17T02:41:37.2324117Z INFO:app.scheduler.services.notification_creation:Created overdue notification for invoice INV-1972 (2 days overdue)
Backend CI	Run tests	2026-03-17T02:41:37.2324873Z INFO:app.scheduler.services.notification_creation:Created overdue notification for invoice INV-4131 (83 days overdue)
Backend CI	Run tests	2026-03-17T02:41:37.2325627Z INFO:app.scheduler.services.notification_creation:Created overdue notification for invoice INV-2799 (175 days overdue)
Backend CI	Run tests	2026-03-17T02:41:37.2326499Z INFO:app.scheduler.services.notification_creation:Created overdue notification for invoice INV-5073 (231 days overdue)
Backend CI	Run tests	2026-03-17T02:41:37.2327253Z INFO:app.scheduler.services.notification_creation:Created overdue notification for invoice INV-9999 (10 days overdue)
Backend CI	Run tests	2026-03-17T02:41:37.2328012Z INFO:app.scheduler.services.notification_creation:Created overdue notification for invoice INV-2573 (342 days overdue)
Backend CI	Run tests	2026-03-17T02:41:37.2328769Z INFO:app.scheduler.services.notification_creation:Created overdue notification for invoice INV-1000 (340 days overdue)
Backend CI	Run tests	2026-03-17T02:41:37.2329528Z INFO:app.scheduler.services.notification_creation:Created overdue notification for invoice INV-5566 (276 days overdue)
Backend CI	Run tests	2026-03-17T02:41:37.2330288Z INFO:app.scheduler.services.notification_creation:Created overdue notification for invoice INV-2695 (205 days overdue)
Backend CI	Run tests	2026-03-17T02:41:37.2331039Z INFO:app.scheduler.services.notification_creation:Created overdue notification for invoice INV-1000 (1 days overdue)
Backend CI	Run tests	2026-03-17T02:41:37.2331794Z INFO:app.scheduler.services.notification_creation:Created overdue notification for invoice INV-8878 (329 days overdue)
Backend CI	Run tests	2026-03-17T02:41:37.2332541Z INFO:app.scheduler.services.notification_creation:Created overdue notification for invoice INV-7409 (69 days overdue)
Backend CI	Run tests	2026-03-17T02:41:37.2333427Z INFO:app.scheduler.services.notification_creation:Created overdue notification for invoice INV-3404 (278 days overdue)
Backend CI	Run tests	2026-03-17T02:41:37.2334179Z INFO:app.scheduler.services.notification_creation:Created overdue notification for invoice INV-9999 (10 days overdue)
Backend CI	Run tests	2026-03-17T02:41:37.2334966Z INFO:app.scheduler.services.notification_creation:Created overdue notification for invoice INV-2573 (342 days overdue)
Backend CI	Run tests	2026-03-17T02:41:37.2335724Z INFO:app.scheduler.services.notification_creation:Created overdue notification for invoice INV-1000 (340 days overdue)
Backend CI	Run tests	2026-03-17T02:41:37.2336485Z INFO:app.scheduler.services.notification_creation:Created overdue notification for invoice INV-5566 (276 days overdue)
Backend CI	Run tests	2026-03-17T02:41:37.2337249Z INFO:app.scheduler.services.notification_creation:Created overdue notification for invoice INV-2695 (205 days overdue)
Backend CI	Run tests	2026-03-17T02:41:37.2338006Z INFO:app.scheduler.services.notification_creation:Created overdue notification for invoice INV-1000 (1 days overdue)
Backend CI	Run tests	2026-03-17T02:41:37.2338755Z INFO:app.scheduler.services.notification_creation:Created overdue notification for invoice INV-8878 (329 days overdue)
Backend CI	Run tests	2026-03-17T02:41:37.2339509Z INFO:app.scheduler.services.notification_creation:Created overdue notification for invoice INV-7409 (69 days overdue)
Backend CI	Run tests	2026-03-17T02:41:37.2340383Z INFO:app.scheduler.services.notification_creation:Created overdue notification for invoice INV-3404 (278 days overdue)
Backend CI	Run tests	2026-03-17T02:41:37.2341138Z INFO:app.scheduler.services.notification_creation:Created overdue notification for invoice INV-3705 (359 days overdue)
Backend CI	Run tests	2026-03-17T02:41:37.2341898Z INFO:app.scheduler.services.notification_creation:Created overdue notification for invoice INV-1433 (347 days overdue)
Backend CI	Run tests	2026-03-17T02:41:37.2342774Z INFO:app.scheduler.services.notification_creation:Created overdue notification for invoice INV-9125 (227 days overdue)
Backend CI	Run tests	2026-03-17T02:41:37.2343537Z INFO:app.scheduler.services.notification_creation:Created overdue notification for invoice INV-3314 (155 days overdue)
Backend CI	Run tests	2026-03-17T02:41:37.2344313Z INFO:app.scheduler.services.notification_creation:Created overdue notification for invoice INV-7660 (361 days overdue)
Backend CI	Run tests	2026-03-17T02:41:37.2345078Z INFO:app.scheduler.services.notification_creation:Created overdue notification for invoice INV-1000 (1 days overdue)
Backend CI	Run tests	2026-03-17T02:41:37.2345845Z INFO:app.scheduler.services.notification_creation:Created overdue notification for invoice INV-3705 (359 days overdue)
Backend CI	Run tests	2026-03-17T02:41:37.2346607Z INFO:app.scheduler.services.notification_creation:Created overdue notification for invoice INV-1433 (347 days overdue)
Backend CI	Run tests	2026-03-17T02:41:37.2347486Z INFO:app.scheduler.services.notification_creation:Created overdue notification for invoice INV-9125 (227 days overdue)
Backend CI	Run tests	2026-03-17T02:41:37.2348242Z INFO:app.scheduler.services.notification_creation:Created overdue notification for invoice INV-3314 (155 days overdue)
Backend CI	Run tests	2026-03-17T02:41:37.2349001Z INFO:app.scheduler.services.notification_creation:Created overdue notification for invoice INV-7660 (361 days overdue)
Backend CI	Run tests	2026-03-17T02:41:37.2349756Z INFO:app.scheduler.services.notification_creation:Created overdue notification for invoice INV-1000 (1 days overdue)
Backend CI	Run tests	2026-03-17T02:41:37.2350506Z INFO:app.scheduler.services.notification_creation:Created overdue notification for invoice INV-4888 (55 days overdue)
Backend CI	Run tests	2026-03-17T02:41:37.2351256Z INFO:app.scheduler.services.notification_creation:Created overdue notification for invoice INV-3765 (38 days overdue)
Backend CI	Run tests	2026-03-17T02:41:37.2352007Z INFO:app.scheduler.services.notification_creation:Created overdue notification for invoice INV-4679 (58 days overdue)
Backend CI	Run tests	2026-03-17T02:41:37.2352872Z INFO:app.scheduler.services.notification_creation:Created overdue notification for invoice INV-5712 (29 days overdue)
Backend CI	Run tests	2026-03-17T02:41:37.2353634Z INFO:app.scheduler.services.notification_creation:Created overdue notification for invoice INV-2250 (353 days overdue)
Backend CI	Run tests	2026-03-17T02:41:37.2354387Z INFO:app.scheduler.services.notification_creation:Created overdue notification for invoice INV-1000 (78 days overdue)
Backend CI	Run tests	2026-03-17T02:41:37.2355140Z INFO:app.scheduler.services.notification_creation:Created overdue notification for invoice INV-5037 (208 days overdue)
Backend CI	Run tests	2026-03-17T02:41:37.2355898Z INFO:app.scheduler.services.notification_creation:Created overdue notification for invoice INV-9717 (149 days overdue)
Backend CI	Run tests	2026-03-17T02:41:37.2356657Z INFO:app.scheduler.services.notification_creation:Created overdue notification for invoice INV-2415 (174 days overdue)
Backend CI	Run tests	2026-03-17T02:41:37.2357412Z INFO:app.scheduler.services.notification_creation:Created overdue notification for invoice INV-3145 (102 days overdue)
Backend CI	Run tests	2026-03-17T02:41:37.2358172Z INFO:app.scheduler.services.notification_creation:Created overdue notification for invoice INV-1000 (1 days overdue)
Backend CI	Run tests	2026-03-17T02:41:37.2358920Z INFO:app.scheduler.services.notification_creation:Created overdue notification for invoice INV-3714 (1 days overdue)
Backend CI	Run tests	2026-03-17T02:41:37.2359671Z INFO:app.scheduler.services.notification_creation:Created overdue notification for invoice INV-3352 (122 days overdue)
Backend CI	Run tests	2026-03-17T02:41:37.2360424Z INFO:app.scheduler.services.notification_creation:Created overdue notification for invoice INV-7382 (352 days overdue)
Backend CI	Run tests	2026-03-17T02:41:37.2361186Z INFO:app.scheduler.services.notification_creation:Created overdue notification for invoice INV-6414 (328 days overdue)
Backend CI	Run tests	2026-03-17T02:41:37.2362058Z INFO:app.scheduler.services.notification_creation:Created overdue notification for invoice INV-1000 (78 days overdue)
Backend CI	Run tests	2026-03-17T02:41:37.2362945Z INFO:app.scheduler.services.notification_creation:Created overdue notification for invoice INV-5037 (208 days overdue)
Backend CI	Run tests	2026-03-17T02:41:37.2363714Z INFO:app.scheduler.services.notification_creation:Created overdue notification for invoice INV-9717 (149 days overdue)
Backend CI	Run tests	2026-03-17T02:41:37.2364466Z INFO:app.scheduler.services.notification_creation:Created overdue notification for invoice INV-2415 (174 days overdue)
Backend CI	Run tests	2026-03-17T02:41:37.2365226Z INFO:app.scheduler.services.notification_creation:Created overdue notification for invoice INV-3145 (102 days overdue)
Backend CI	Run tests	2026-03-17T02:41:37.2365980Z INFO:app.scheduler.services.notification_creation:Created overdue notification for invoice INV-1000 (1 days overdue)
Backend CI	Run tests	2026-03-17T02:41:37.2366720Z INFO:app.scheduler.services.notification_creation:Created overdue notification for invoice INV-3714 (1 days overdue)
Backend CI	Run tests	2026-03-17T02:41:37.2367477Z INFO:app.scheduler.services.notification_creation:Created overdue notification for invoice INV-3352 (122 days overdue)
Backend CI	Run tests	2026-03-17T02:41:37.2368234Z INFO:app.scheduler.services.notification_creation:Created overdue notification for invoice INV-7382 (352 days overdue)
Backend CI	Run tests	2026-03-17T02:41:37.2369109Z INFO:app.scheduler.services.notification_creation:Created overdue notification for invoice INV-6414 (328 days overdue)
Backend CI	Run tests	2026-03-17T02:41:37.2369863Z INFO:app.scheduler.services.notification_creation:Created overdue notification for invoice INV-1163 (192 days overdue)
Backend CI	Run tests	2026-03-17T02:41:37.2370622Z INFO:app.scheduler.services.notification_creation:Created overdue notification for invoice INV-7721 (123 days overdue)
Backend CI	Run tests	2026-03-17T02:41:37.2371381Z INFO:app.scheduler.services.notification_creation:Created overdue notification for invoice INV-2677 (274 days overdue)
Backend CI	Run tests	2026-03-17T02:41:37.2372139Z INFO:app.scheduler.services.notification_creation:Created overdue notification for invoice INV-3381 (253 days overdue)
Backend CI	Run tests	2026-03-17T02:41:37.2373057Z INFO:app.scheduler.services.notification_creation:Created overdue notification for invoice INV-3451 (216 days overdue)
Backend CI	Run tests	2026-03-17T02:41:37.2373821Z INFO:app.scheduler.services.notification_creation:Created overdue notification for invoice INV-1000 (1 days overdue)
Backend CI	Run tests	2026-03-17T02:41:37.2374593Z INFO:app.scheduler.services.notification_creation:Created overdue notification for invoice INV-3868 (324 days overdue)
Backend CI	Run tests	2026-03-17T02:41:37.2375351Z INFO:app.scheduler.services.notification_creation:Created overdue notification for invoice INV-1163 (192 days overdue)
Backend CI	Run tests	2026-03-17T02:41:37.2376101Z INFO:app.scheduler.services.notification_creation:Created overdue notification for invoice INV-7721 (123 days overdue)
Backend CI	Run tests	2026-03-17T02:41:37.2376857Z INFO:app.scheduler.services.notification_creation:Created overdue notification for invoice INV-2677 (274 days overdue)
Backend CI	Run tests	2026-03-17T02:41:37.2377614Z INFO:app.scheduler.services.notification_creation:Created overdue notification for invoice INV-3381 (253 days overdue)
Backend CI	Run tests	2026-03-17T02:41:37.2378380Z INFO:app.scheduler.services.notification_creation:Created overdue notification for invoice INV-3451 (216 days overdue)
Backend CI	Run tests	2026-03-17T02:41:37.2379133Z INFO:app.scheduler.services.notification_creation:Created overdue notification for invoice INV-1000 (1 days overdue)
Backend CI	Run tests	2026-03-17T02:41:37.2379887Z INFO:app.scheduler.services.notification_creation:Created overdue notification for invoice INV-3868 (324 days overdue)
Backend CI	Run tests	2026-03-17T02:41:37.2380645Z INFO:app.scheduler.services.notification_creation:Created overdue notification for invoice INV-3577 (179 days overdue)
Backend CI	Run tests	2026-03-17T02:41:37.2381398Z INFO:app.scheduler.services.notification_creation:Created overdue notification for invoice INV-4082 (205 days overdue)
Backend CI	Run tests	2026-03-17T02:41:37.2382151Z INFO:app.scheduler.services.notification_creation:Created overdue notification for invoice INV-4489 (2 days overdue)
Backend CI	Run tests	2026-03-17T02:41:37.2383020Z INFO:app.scheduler.services.notification_creation:Created overdue notification for invoice INV-8435 (105 days overdue)
Backend CI	Run tests	2026-03-17T02:41:37.2383916Z INFO:app.scheduler.services.notification_creation:Created overdue notification for invoice INV-4068 (297 days overdue)
Backend CI	Run tests	2026-03-17T02:41:37.2384670Z INFO:app.scheduler.services.notification_creation:Created overdue notification for invoice INV-1000 (1 days overdue)
Backend CI	Run tests	2026-03-17T02:41:37.2385424Z INFO:app.scheduler.services.notification_creation:Created overdue notification for invoice INV-5019 (140 days overdue)
Backend CI	Run tests	2026-03-17T02:41:37.2386175Z INFO:app.scheduler.services.notification_creation:Created overdue notification for invoice INV-3042 (263 days overdue)
Backend CI	Run tests	2026-03-17T02:41:37.2386932Z INFO:app.scheduler.services.notification_creation:Created overdue notification for invoice INV-8591 (288 days overdue)
Backend CI	Run tests	2026-03-17T02:41:37.2387691Z INFO:app.scheduler.services.notification_creation:Created overdue notification for invoice INV-6851 (36 days overdue)
Backend CI	Run tests	2026-03-17T02:41:37.2388447Z INFO:app.scheduler.services.notification_creation:Created overdue notification for invoice INV-3577 (179 days overdue)
Backend CI	Run tests	2026-03-17T02:41:37.2389206Z INFO:app.scheduler.services.notification_creation:Created overdue notification for invoice INV-4082 (205 days overdue)
Backend CI	Run tests	2026-03-17T02:41:37.2389957Z INFO:app.scheduler.services.notification_creation:Created overdue notification for invoice INV-4489 (2 days overdue)
Backend CI	Run tests	2026-03-17T02:41:37.2390823Z INFO:app.scheduler.services.notification_creation:Created overdue notification for invoice INV-8435 (105 days overdue)
Backend CI	Run tests	2026-03-17T02:41:37.2391580Z INFO:app.scheduler.services.notification_creation:Created overdue notification for invoice INV-4068 (297 days overdue)
Backend CI	Run tests	2026-03-17T02:41:37.2392327Z INFO:app.scheduler.services.notification_creation:Created overdue notification for invoice INV-1000 (1 days overdue)
Backend CI	Run tests	2026-03-17T02:41:37.2393190Z INFO:app.scheduler.services.notification_creation:Created overdue notification for invoice INV-5019 (140 days overdue)
Backend CI	Run tests	2026-03-17T02:41:37.2393956Z INFO:app.scheduler.services.notification_creation:Created overdue notification for invoice INV-3042 (263 days overdue)
Backend CI	Run tests	2026-03-17T02:41:37.2394717Z INFO:app.scheduler.services.notification_creation:Created overdue notification for invoice INV-8591 (288 days overdue)
Backend CI	Run tests	2026-03-17T02:41:37.2395464Z INFO:app.scheduler.services.notification_creation:Created overdue notification for invoice INV-6851 (36 days overdue)
Backend CI	Run tests	2026-03-17T02:41:37.2396225Z INFO:app.scheduler.services.notification_creation:Created overdue notification for invoice INV-3892 (205 days overdue)
Backend CI	Run tests	2026-03-17T02:41:37.2396981Z INFO:app.scheduler.services.notification_creation:Created overdue notification for invoice INV-7320 (141 days overdue)
Backend CI	Run tests	2026-03-17T02:41:37.2397738Z INFO:app.scheduler.services.notification_creation:Created overdue notification for invoice INV-2824 (330 days overdue)
Backend CI	Run tests	2026-03-17T02:41:37.2398492Z INFO:app.scheduler.services.notification_creation:Created overdue notification for invoice INV-8175 (311 days overdue)
Backend CI	Run tests	2026-03-17T02:41:37.2399248Z INFO:app.scheduler.services.notification_creation:Created overdue notification for invoice INV-8688 (285 days overdue)
Backend CI	Run tests	2026-03-17T02:41:37.2400002Z INFO:app.scheduler.services.notification_creation:Created overdue notification for invoice INV-1000 (1 days overdue)
Backend CI	Run tests	2026-03-17T02:41:37.2400750Z INFO:app.scheduler.services.notification_creation:Created overdue notification for invoice INV-5388 (31 days overdue)
Backend CI	Run tests	2026-03-17T02:41:37.2401669Z INFO:app.scheduler.services.notification_creation:Created overdue notification for invoice INV-3892 (205 days overdue)
Backend CI	Run tests	2026-03-17T02:41:37.2402463Z INFO:app.scheduler.services.notification_creation:Created overdue notification for invoice INV-7320 (141 days overdue)
Backend CI	Run tests	2026-03-17T02:41:37.2403356Z INFO:app.scheduler.services.notification_creation:Created overdue notification for invoice INV-2824 (330 days overdue)
Backend CI	Run tests	2026-03-17T02:41:37.2404117Z INFO:app.scheduler.services.notification_creation:Created overdue notification for invoice INV-8175 (311 days overdue)
Backend CI	Run tests	2026-03-17T02:41:37.2404870Z INFO:app.scheduler.services.notification_creation:Created overdue notification for invoice INV-8688 (285 days overdue)
Backend CI	Run tests	2026-03-17T02:41:37.2405798Z INFO:app.scheduler.services.notification_creation:Created overdue notification for invoice INV-1000 (1 days overdue)
Backend CI	Run tests	2026-03-17T02:41:37.2406553Z INFO:app.scheduler.services.notification_creation:Created overdue notification for invoice INV-5388 (31 days overdue)
Backend CI	Run tests	2026-03-17T02:41:37.2407316Z INFO:app.scheduler.services.notification_creation:Created overdue notification for invoice INV-9326 (153 days overdue)
Backend CI	Run tests	2026-03-17T02:41:37.2408067Z INFO:app.scheduler.services.notification_creation:Created overdue notification for invoice INV-8100 (313 days overdue)
Backend CI	Run tests	2026-03-17T02:41:37.2408822Z INFO:app.scheduler.services.notification_creation:Created overdue notification for invoice INV-2316 (64 days overdue)
Backend CI	Run tests	2026-03-17T02:41:37.2409578Z INFO:app.scheduler.services.notification_creation:Created overdue notification for invoice INV-8854 (254 days overdue)
Backend CI	Run tests	2026-03-17T02:41:37.2410342Z INFO:app.scheduler.services.notification_creation:Created overdue notification for invoice INV-7262 (347 days overdue)
Backend CI	Run tests	2026-03-17T02:41:37.2411093Z INFO:app.scheduler.services.notification_creation:Created overdue notification for invoice INV-1000 (1 days overdue)
Backend CI	Run tests	2026-03-17T02:41:37.2411842Z INFO:app.scheduler.services.notification_creation:Created overdue notification for invoice INV-9792 (59 days overdue)
Backend CI	Run tests	2026-03-17T02:41:37.2412849Z INFO:app.scheduler.services.notification_creation:Created overdue notification for invoice INV-9326 (153 days overdue)
Backend CI	Run tests	2026-03-17T02:41:37.2413619Z INFO:app.scheduler.services.notification_creation:Created overdue notification for invoice INV-8100 (313 days overdue)
Backend CI	Run tests	2026-03-17T02:41:37.2414369Z INFO:app.scheduler.services.notification_creation:Created overdue notification for invoice INV-2316 (64 days overdue)
Backend CI	Run tests	2026-03-17T02:41:37.2415124Z INFO:app.scheduler.services.notification_creation:Created overdue notification for invoice INV-8854 (254 days overdue)
Backend CI	Run tests	2026-03-17T02:41:37.2415883Z INFO:app.scheduler.services.notification_creation:Created overdue notification for invoice INV-7262 (347 days overdue)
Backend CI	Run tests	2026-03-17T02:41:37.2416643Z INFO:app.scheduler.services.notification_creation:Created overdue notification for invoice INV-1000 (1 days overdue)
Backend CI	Run tests	2026-03-17T02:41:37.2417693Z INFO:app.scheduler.services.notification_creation:Created overdue notification for invoice INV-9792 (59 days overdue)
Backend CI	Run tests	2026-03-17T02:41:37.2418477Z INFO:app.scheduler.services.notification_creation:Created overdue notification for invoice INV-9214 (314 days overdue)
Backend CI	Run tests	2026-03-17T02:41:37.2419235Z INFO:app.scheduler.services.notification_creation:Created overdue notification for invoice INV-4960 (273 days overdue)
Backend CI	Run tests	2026-03-17T02:41:37.2419989Z INFO:app.scheduler.services.notification_creation:Created overdue notification for invoice INV-7577 (211 days overdue)
Backend CI	Run tests	2026-03-17T02:41:37.2420743Z INFO:app.scheduler.services.notification_creation:Created overdue notification for invoice INV-8423 (340 days overdue)
Backend CI	Run tests	2026-03-17T02:41:37.2421550Z INFO:app.scheduler.services.notification_creation:Created overdue notification for invoice INV-5463 (235 days overdue)
Backend CI	Run tests	2026-03-17T02:41:37.2422610Z INFO:app.scheduler.services.notification_creation:Created overdue notification for invoice INV-1000 (1 days overdue)
Backend CI	Run tests	2026-03-17T02:41:37.2423528Z INFO:app.scheduler.services.notification_creation:Created overdue notification for invoice INV-5067 (288 days overdue)
Backend CI	Run tests	2026-03-17T02:41:37.2424296Z INFO:app.scheduler.services.notification_creation:Created overdue notification for invoice INV-9214 (314 days overdue)
Backend CI	Run tests	2026-03-17T02:41:37.2425057Z INFO:app.scheduler.services.notification_creation:Created overdue notification for invoice INV-4960 (273 days overdue)
Backend CI	Run tests	2026-03-17T02:41:37.2425825Z INFO:app.scheduler.services.notification_creation:Created overdue notification for invoice INV-7577 (211 days overdue)
Backend CI	Run tests	2026-03-17T02:41:37.2426583Z INFO:app.scheduler.services.notification_creation:Created overdue notification for invoice INV-8423 (340 days overdue)
Backend CI	Run tests	2026-03-17T02:41:37.2427495Z INFO:app.scheduler.services.notification_creation:Created overdue notification for invoice INV-5463 (235 days overdue)
Backend CI	Run tests	2026-03-17T02:41:37.2428244Z INFO:app.scheduler.services.notification_creation:Created overdue notification for invoice INV-1000 (1 days overdue)
Backend CI	Run tests	2026-03-17T02:41:37.2428997Z INFO:app.scheduler.services.notification_creation:Created overdue notification for invoice INV-5067 (288 days overdue)
Backend CI	Run tests	2026-03-17T02:41:37.2429755Z INFO:app.scheduler.services.notification_creation:Created overdue notification for invoice INV-1990 (22 days overdue)
Backend CI	Run tests	2026-03-17T02:41:37.2430504Z INFO:app.scheduler.services.notification_creation:Created overdue notification for invoice INV-7164 (67 days overdue)
Backend CI	Run tests	2026-03-17T02:41:37.2431245Z INFO:app.scheduler.services.notification_creation:Created overdue notification for invoice INV-8265 (21 days overdue)
Backend CI	Run tests	2026-03-17T02:41:37.2432001Z INFO:app.scheduler.services.notification_creation:Created overdue notification for invoice INV-7270 (296 days overdue)
Backend CI	Run tests	2026-03-17T02:41:37.2432878Z INFO:app.scheduler.services.notification_creation:Created overdue notification for invoice INV-5528 (258 days overdue)
Backend CI	Run tests	2026-03-17T02:41:37.2433635Z INFO:app.scheduler.services.notification_creation:Created overdue notification for invoice INV-1000 (1 days overdue)
Backend CI	Run tests	2026-03-17T02:41:37.2434408Z INFO:app.scheduler.services.notification_creation:Created overdue notification for invoice INV-3860 (1 days overdue)
Backend CI	Run tests	2026-03-17T02:41:37.2435322Z INFO:app.scheduler.services.notification_creation:Created overdue notification for invoice INV-7250 (108 days overdue)
Backend CI	Run tests	2026-03-17T02:41:37.2436096Z INFO:app.scheduler.services.notification_creation:Created overdue notification for invoice INV-1990 (22 days overdue)
Backend CI	Run tests	2026-03-17T02:41:37.2436850Z INFO:app.scheduler.services.notification_creation:Created overdue notification for invoice INV-7164 (67 days overdue)
Backend CI	Run tests	2026-03-17T02:41:37.2437592Z INFO:app.scheduler.services.notification_creation:Created overdue notification for invoice INV-8265 (21 days overdue)
Backend CI	Run tests	2026-03-17T02:41:37.2438356Z INFO:app.scheduler.services.notification_creation:Created overdue notification for invoice INV-7270 (296 days overdue)
Backend CI	Run tests	2026-03-17T02:41:37.2439114Z INFO:app.scheduler.services.notification_creation:Created overdue notification for invoice INV-5528 (258 days overdue)
Backend CI	Run tests	2026-03-17T02:41:37.2439870Z INFO:app.scheduler.services.notification_creation:Created overdue notification for invoice INV-1000 (1 days overdue)
Backend CI	Run tests	2026-03-17T02:41:37.2440611Z INFO:app.scheduler.services.notification_creation:Created overdue notification for invoice INV-3860 (1 days overdue)
Backend CI	Run tests	2026-03-17T02:41:37.2441364Z INFO:app.scheduler.services.notification_creation:Created overdue notification for invoice INV-7250 (108 days overdue)
Backend CI	Run tests	2026-03-17T02:41:37.2442125Z INFO:app.scheduler.services.notification_creation:Created overdue notification for invoice INV-7752 (66 days overdue)
Backend CI	Run tests	2026-03-17T02:41:37.2443227Z INFO:app.scheduler.services.notification_creation:Created overdue notification for invoice INV-1218 (58 days overdue)
Backend CI	Run tests	2026-03-17T02:41:37.2444007Z INFO:app.scheduler.services.notification_creation:Created overdue notification for invoice INV-3241 (247 days overdue)
Backend CI	Run tests	2026-03-17T02:41:37.2444768Z INFO:app.scheduler.services.notification_creation:Created overdue notification for invoice INV-3329 (346 days overdue)
Backend CI	Run tests	2026-03-17T02:41:37.2445537Z INFO:app.scheduler.services.notification_creation:Created overdue notification for invoice INV-8311 (196 days overdue)
Backend CI	Run tests	2026-03-17T02:41:37.2446290Z INFO:app.scheduler.services.notification_creation:Created overdue notification for invoice INV-1000 (1 days overdue)
Backend CI	Run tests	2026-03-17T02:41:37.2447041Z INFO:app.scheduler.services.notification_creation:Created overdue notification for invoice INV-1340 (240 days overdue)
Backend CI	Run tests	2026-03-17T02:41:37.2447806Z INFO:app.scheduler.services.notification_creation:Created overdue notification for invoice INV-5337 (99 days overdue)
Backend CI	Run tests	2026-03-17T02:41:37.2448564Z INFO:app.scheduler.services.notification_creation:Created overdue notification for invoice INV-7752 (66 days overdue)
Backend CI	Run tests	2026-03-17T02:41:37.2449472Z INFO:app.scheduler.services.notification_creation:Created overdue notification for invoice INV-1218 (58 days overdue)
Backend CI	Run tests	2026-03-17T02:41:37.2450226Z INFO:app.scheduler.services.notification_creation:Created overdue notification for invoice INV-3241 (247 days overdue)
Backend CI	Run tests	2026-03-17T02:41:37.2451000Z INFO:app.scheduler.services.notification_creation:Created overdue notification for invoice INV-3329 (346 days overdue)
Backend CI	Run tests	2026-03-17T02:41:37.2451765Z INFO:app.scheduler.services.notification_creation:Created overdue notification for invoice INV-8311 (196 days overdue)
Backend CI	Run tests	2026-03-17T02:41:37.2452520Z INFO:app.scheduler.services.notification_creation:Created overdue notification for invoice INV-1000 (1 days overdue)
Backend CI	Run tests	2026-03-17T02:41:37.2453405Z INFO:app.scheduler.services.notification_creation:Created overdue notification for invoice INV-1340 (240 days overdue)
Backend CI	Run tests	2026-03-17T02:41:37.2454160Z INFO:app.scheduler.services.notification_creation:Created overdue notification for invoice INV-5337 (99 days overdue)
Backend CI	Run tests	2026-03-17T02:41:37.2454919Z INFO:app.scheduler.services.notification_creation:Created overdue notification for invoice INV-4338 (186 days overdue)
Backend CI	Run tests	2026-03-17T02:41:37.2455678Z INFO:app.scheduler.services.notification_creation:Created overdue notification for invoice INV-7848 (181 days overdue)
Backend CI	Run tests	2026-03-17T02:41:37.2456555Z INFO:app.scheduler.services.notification_creation:Created overdue notification for invoice INV-6781 (210 days overdue)
Backend CI	Run tests	2026-03-17T02:41:37.2457308Z INFO:app.scheduler.services.notification_creation:Created overdue notification for invoice INV-6985 (70 days overdue)
Backend CI	Run tests	2026-03-17T02:41:37.2458061Z INFO:app.scheduler.services.notification_creation:Created overdue notification for invoice INV-8948 (42 days overdue)
Backend CI	Run tests	2026-03-17T02:41:37.2458809Z INFO:app.scheduler.services.notification_creation:Created overdue notification for invoice INV-1000 (1 days overdue)
Backend CI	Run tests	2026-03-17T02:41:37.2459557Z INFO:app.scheduler.services.notification_creation:Created overdue notification for invoice INV-6225 (278 days overdue)
Backend CI	Run tests	2026-03-17T02:41:37.2460317Z INFO:app.scheduler.services.notification_creation:Created overdue notification for invoice INV-1572 (241 days overdue)
Backend CI	Run tests	2026-03-17T02:41:37.2461077Z INFO:app.scheduler.services.notification_creation:Created overdue notification for invoice INV-6766 (333 days overdue)
Backend CI	Run tests	2026-03-17T02:41:37.2461839Z INFO:app.scheduler.services.notification_creation:Created overdue notification for invoice INV-7770 (338 days overdue)
Backend CI	Run tests	2026-03-17T02:41:37.2462592Z INFO:app.scheduler.services.notification_creation:Created overdue notification for invoice INV-4338 (186 days overdue)
Backend CI	Run tests	2026-03-17T02:41:37.2463468Z INFO:app.scheduler.services.notification_creation:Created overdue notification for invoice INV-7848 (181 days overdue)
Backend CI	Run tests	2026-03-17T02:41:37.2464228Z INFO:app.scheduler.services.notification_creation:Created overdue notification for invoice INV-6781 (210 days overdue)
Backend CI	Run tests	2026-03-17T02:41:37.2464980Z INFO:app.scheduler.services.notification_creation:Created overdue notification for invoice INV-6985 (70 days overdue)
Backend CI	Run tests	2026-03-17T02:41:37.2465729Z INFO:app.scheduler.services.notification_creation:Created overdue notification for invoice INV-8948 (42 days overdue)
Backend CI	Run tests	2026-03-17T02:41:37.2466479Z INFO:app.scheduler.services.notification_creation:Created overdue notification for invoice INV-1000 (1 days overdue)
Backend CI	Run tests	2026-03-17T02:41:37.2467241Z INFO:app.scheduler.services.notification_creation:Created overdue notification for invoice INV-6225 (278 days overdue)
Backend CI	Run tests	2026-03-17T02:41:37.2467995Z INFO:app.scheduler.services.notification_creation:Created overdue notification for invoice INV-1572 (241 days overdue)
Backend CI	Run tests	2026-03-17T02:41:37.2468747Z INFO:app.scheduler.services.notification_creation:Created overdue notification for invoice INV-6766 (333 days overdue)
Backend CI	Run tests	2026-03-17T02:41:37.2469502Z INFO:app.scheduler.services.notification_creation:Created overdue notification for invoice INV-7770 (338 days overdue)
Backend CI	Run tests	2026-03-17T02:41:37.2470261Z INFO:app.scheduler.services.notification_creation:Created overdue notification for invoice INV-5516 (275 days overdue)
Backend CI	Run tests	2026-03-17T02:41:37.2471146Z INFO:app.scheduler.services.notification_creation:Created overdue notification for invoice INV-6556 (107 days overdue)
Backend CI	Run tests	2026-03-17T02:41:37.2471905Z INFO:app.scheduler.services.notification_creation:Created overdue notification for invoice INV-4080 (144 days overdue)
Backend CI	Run tests	2026-03-17T02:41:37.2472763Z INFO:app.scheduler.services.notification_creation:Created overdue notification for invoice INV-5172 (67 days overdue)
Backend CI	Run tests	2026-03-17T02:41:37.2473527Z INFO:app.scheduler.services.notification_creation:Created overdue notification for invoice INV-2082 (238 days overdue)
Backend CI	Run tests	2026-03-17T02:41:37.2474287Z INFO:app.scheduler.services.notification_creation:Created overdue notification for invoice INV-1000 (1 days overdue)
Backend CI	Run tests	2026-03-17T02:41:37.2475038Z INFO:app.scheduler.services.notification_creation:Created overdue notification for invoice INV-8183 (345 days overdue)
Backend CI	Run tests	2026-03-17T02:41:37.2475791Z INFO:app.scheduler.services.notification_creation:Created overdue notification for invoice INV-2690 (94 days overdue)
Backend CI	Run tests	2026-03-17T02:41:37.2476549Z INFO:app.scheduler.services.notification_creation:Created overdue notification for invoice INV-4163 (99 days overdue)
Backend CI	Run tests	2026-03-17T02:41:37.2477298Z INFO:app.scheduler.services.notification_creation:Created overdue notification for invoice INV-3793 (1 days overdue)
Backend CI	Run tests	2026-03-17T02:41:37.2478193Z INFO:app.scheduler.services.notification_creation:Created overdue notification for invoice INV-5516 (275 days overdue)
Backend CI	Run tests	2026-03-17T02:41:37.2478957Z INFO:app.scheduler.services.notification_creation:Created overdue notification for invoice INV-6556 (107 days overdue)
Backend CI	Run tests	2026-03-17T02:41:37.2479722Z INFO:app.scheduler.services.notification_creation:Created overdue notification for invoice INV-4080 (144 days overdue)
Backend CI	Run tests	2026-03-17T02:41:37.2480477Z INFO:app.scheduler.services.notification_creation:Created overdue notification for invoice INV-5172 (67 days overdue)
Backend CI	Run tests	2026-03-17T02:41:37.2481235Z INFO:app.scheduler.services.notification_creation:Created overdue notification for invoice INV-2082 (238 days overdue)
Backend CI	Run tests	2026-03-17T02:41:37.2481989Z INFO:app.scheduler.services.notification_creation:Created overdue notification for invoice INV-1000 (1 days overdue)
Backend CI	Run tests	2026-03-17T02:41:37.2483010Z INFO:app.scheduler.services.notification_creation:Created overdue notification for invoice INV-8183 (345 days overdue)
Backend CI	Run tests	2026-03-17T02:41:37.2483869Z INFO:app.scheduler.services.notification_creation:Created overdue notification for invoice INV-2690 (94 days overdue)
Backend CI	Run tests	2026-03-17T02:41:37.2484627Z INFO:app.scheduler.services.notification_creation:Created overdue notification for invoice INV-4163 (99 days overdue)
Backend CI	Run tests	2026-03-17T02:41:37.2485369Z INFO:app.scheduler.services.notification_creation:Created overdue notification for invoice INV-3793 (1 days overdue)
Backend CI	Run tests	2026-03-17T02:41:37.2486127Z INFO:app.scheduler.services.notification_creation:Created overdue notification for invoice INV-9739 (88 days overdue)
Backend CI	Run tests	2026-03-17T02:41:37.2486881Z INFO:app.scheduler.services.notification_creation:Created overdue notification for invoice INV-6539 (43 days overdue)
Backend CI	Run tests	2026-03-17T02:41:37.2487636Z INFO:app.scheduler.services.notification_creation:Created overdue notification for invoice INV-3430 (125 days overdue)
Backend CI	Run tests	2026-03-17T02:41:37.2488393Z INFO:app.scheduler.services.notification_creation:Created overdue notification for invoice INV-5420 (23 days overdue)
Backend CI	Run tests	2026-03-17T02:41:37.2489152Z INFO:app.scheduler.services.notification_creation:Created overdue notification for invoice INV-9206 (164 days overdue)
Backend CI	Run tests	2026-03-17T02:41:37.2489908Z INFO:app.scheduler.services.notification_creation:Created overdue notification for invoice INV-6270 (82 days overdue)
Backend CI	Run tests	2026-03-17T02:41:37.2490654Z INFO:app.scheduler.services.notification_creation:Created overdue notification for invoice INV-6170 (66 days overdue)
Backend CI	Run tests	2026-03-17T02:41:37.2491406Z INFO:app.scheduler.services.notification_creation:Created overdue notification for invoice INV-8451 (141 days overdue)
Backend CI	Run tests	2026-03-17T02:41:37.2492171Z INFO:app.scheduler.services.notification_creation:Created overdue notification for invoice INV-6385 (100 days overdue)
Backend CI	Run tests	2026-03-17T02:41:37.2493202Z INFO:app.scheduler.services.notification_creation:Created overdue notification for invoice INV-1356 (63 days overdue)
Backend CI	Run tests	2026-03-17T02:41:37.2493969Z INFO:app.scheduler.services.notification_creation:Created overdue notification for invoice INV-8090 (260 days overdue)
Backend CI	Run tests	2026-03-17T02:41:37.2494725Z INFO:app.scheduler.services.notification_creation:Created overdue notification for invoice INV-3230 (223 days overdue)
Backend CI	Run tests	2026-03-17T02:41:37.2495478Z INFO:app.scheduler.services.notification_creation:Created overdue notification for invoice INV-4704 (28 days overdue)
Backend CI	Run tests	2026-03-17T02:41:37.2496228Z INFO:app.scheduler.services.notification_creation:Created overdue notification for invoice INV-9510 (64 days overdue)
Backend CI	Run tests	2026-03-17T02:41:37.2496980Z INFO:app.scheduler.services.notification_creation:Created overdue notification for invoice INV-3006 (300 days overdue)
Backend CI	Run tests	2026-03-17T02:41:37.2497727Z INFO:app.scheduler.services.notification_creation:Created overdue notification for invoice INV-1000 (1 days overdue)
Backend CI	Run tests	2026-03-17T02:41:37.2498483Z INFO:app.scheduler.services.notification_creation:Created overdue notification for invoice INV-5807 (201 days overdue)
Backend CI	Run tests	2026-03-17T02:41:37.2499239Z INFO:app.scheduler.services.notification_creation:Created overdue notification for invoice INV-5987 (35 days overdue)
Backend CI	Run tests	2026-03-17T02:41:37.2500106Z INFO:app.scheduler.services.notification_creation:Created overdue notification for invoice INV-8153 (58 days overdue)
Backend CI	Run tests	2026-03-17T02:41:37.2500853Z INFO:app.scheduler.services.notification_creation:Created overdue notification for invoice INV-1215 (348 days overdue)
Backend CI	Run tests	2026-03-17T02:41:37.2501613Z INFO:app.scheduler.services.notification_creation:Created overdue notification for invoice INV-8090 (260 days overdue)
Backend CI	Run tests	2026-03-17T02:41:37.2502372Z INFO:app.scheduler.services.notification_creation:Created overdue notification for invoice INV-3230 (223 days overdue)
Backend CI	Run tests	2026-03-17T02:41:37.2503231Z INFO:app.scheduler.services.notification_creation:Created overdue notification for invoice INV-4704 (28 days overdue)
Backend CI	Run tests	2026-03-17T02:41:37.2503983Z INFO:app.scheduler.services.notification_creation:Created overdue notification for invoice INV-9510 (64 days overdue)
Backend CI	Run tests	2026-03-17T02:41:37.2504738Z INFO:app.scheduler.services.notification_creation:Created overdue notification for invoice INV-3006 (300 days overdue)
Backend CI	Run tests	2026-03-17T02:41:37.2505497Z INFO:app.scheduler.services.notification_creation:Created overdue notification for invoice INV-1000 (1 days overdue)
Backend CI	Run tests	2026-03-17T02:41:37.2506253Z INFO:app.scheduler.services.notification_creation:Created overdue notification for invoice INV-5807 (201 days overdue)
Backend CI	Run tests	2026-03-17T02:41:37.2507002Z INFO:app.scheduler.services.notification_creation:Created overdue notification for invoice INV-5987 (35 days overdue)
Backend CI	Run tests	2026-03-17T02:41:37.2507750Z INFO:app.scheduler.services.notification_creation:Created overdue notification for invoice INV-8153 (58 days overdue)
Backend CI	Run tests	2026-03-17T02:41:37.2508503Z INFO:app.scheduler.services.notification_creation:Created overdue notification for invoice INV-1215 (348 days overdue)
Backend CI	Run tests	2026-03-17T02:41:37.2509260Z INFO:app.scheduler.services.notification_creation:Created overdue notification for invoice INV-8216 (42 days overdue)
Backend CI	Run tests	2026-03-17T02:41:37.2510009Z INFO:app.scheduler.services.notification_creation:Created overdue notification for invoice INV-4281 (339 days overdue)
Backend CI	Run tests	2026-03-17T02:41:37.2510774Z INFO:app.scheduler.services.notification_creation:Created overdue notification for invoice INV-4403 (116 days overdue)
Backend CI	Run tests	2026-03-17T02:41:37.2511531Z INFO:app.scheduler.services.notification_creation:Created overdue notification for invoice INV-2217 (92 days overdue)
Backend CI	Run tests	2026-03-17T02:41:37.2512287Z INFO:app.scheduler.services.notification_creation:Created overdue notification for invoice INV-9472 (280 days overdue)
Backend CI	Run tests	2026-03-17T02:41:37.2513139Z INFO:app.scheduler.services.notification_creation:Created overdue notification for invoice INV-1000 (1 days overdue)
Backend CI	Run tests	2026-03-17T02:41:37.2513901Z INFO:app.scheduler.services.notification_creation:Created overdue notification for invoice INV-9394 (258 days overdue)
Backend CI	Run tests	2026-03-17T02:41:37.2514780Z INFO:app.scheduler.services.notification_creation:Created overdue notification for invoice INV-1559 (104 days overdue)
Backend CI	Run tests	2026-03-17T02:41:37.2515887Z INFO:app.scheduler.services.notification_creation:Created overdue notification for invoice INV-8216 (42 days overdue)
Backend CI	Run tests	2026-03-17T02:41:37.2516654Z INFO:app.scheduler.services.notification_creation:Created overdue notification for invoice INV-4281 (339 days overdue)
Backend CI	Run tests	2026-03-17T02:41:37.2517423Z INFO:app.scheduler.services.notification_creation:Created overdue notification for invoice INV-4403 (116 days overdue)
Backend CI	Run tests	2026-03-17T02:41:37.2518177Z INFO:app.scheduler.services.notification_creation:Created overdue notification for invoice INV-2217 (92 days overdue)
Backend CI	Run tests	2026-03-17T02:41:37.2518935Z INFO:app.scheduler.services.notification_creation:Created overdue notification for invoice INV-9472 (280 days overdue)
Backend CI	Run tests	2026-03-17T02:41:37.2519679Z INFO:app.scheduler.services.notification_creation:Created overdue notification for invoice INV-1000 (1 days overdue)
Backend CI	Run tests	2026-03-17T02:41:37.2520436Z INFO:app.scheduler.services.notification_creation:Created overdue notification for invoice INV-9394 (258 days overdue)
Backend CI	Run tests	2026-03-17T02:41:37.2521197Z INFO:app.scheduler.services.notification_creation:Created overdue notification for invoice INV-1559 (104 days overdue)
Backend CI	Run tests	2026-03-17T02:41:37.2522106Z INFO:app.scheduler.services.notification_creation:Created overdue notification for invoice INV-5611 (243 days overdue)
Backend CI	Run tests	2026-03-17T02:41:37.2523187Z INFO:app.scheduler.services.notification_creation:Created overdue notification for invoice INV-3387 (21 days overdue)
Backend CI	Run tests	2026-03-17T02:41:37.2523971Z INFO:app.scheduler.services.notification_creation:Created overdue notification for invoice INV-9790 (35 days overdue)
Backend CI	Run tests	2026-03-17T02:41:37.2524741Z INFO:app.scheduler.services.notification_creation:Created overdue notification for invoice INV-5419 (6 days overdue)
Backend CI	Run tests	2026-03-17T02:41:37.2525500Z INFO:app.scheduler.services.notification_creation:Created overdue notification for invoice INV-8986 (21 days overdue)
Backend CI	Run tests	2026-03-17T02:41:37.2526240Z INFO:app.scheduler.services.notification_creation:Created overdue notification for invoice INV-1000 (1 days overdue)
Backend CI	Run tests	2026-03-17T02:41:37.2526989Z INFO:app.scheduler.services.notification_creation:Created overdue notification for invoice INV-3613 (86 days overdue)
Backend CI	Run tests	2026-03-17T02:41:37.2527742Z INFO:app.scheduler.services.notification_creation:Created overdue notification for invoice INV-5931 (76 days overdue)
Backend CI	Run tests	2026-03-17T02:41:37.2528501Z INFO:app.scheduler.services.notification_creation:Created overdue notification for invoice INV-5611 (243 days overdue)
Backend CI	Run tests	2026-03-17T02:41:37.2529255Z INFO:app.scheduler.services.notification_creation:Created overdue notification for invoice INV-3387 (21 days overdue)
Backend CI	Run tests	2026-03-17T02:41:37.2530005Z INFO:app.scheduler.services.notification_creation:Created overdue notification for invoice INV-9790 (35 days overdue)
Backend CI	Run tests	2026-03-17T02:41:37.2530759Z INFO:app.scheduler.services.notification_creation:Created overdue notification for invoice INV-5419 (6 days overdue)
Backend CI	Run tests	2026-03-17T02:41:37.2531506Z INFO:app.scheduler.services.notification_creation:Created overdue notification for invoice INV-8986 (21 days overdue)
Backend CI	Run tests	2026-03-17T02:41:37.2532246Z INFO:app.scheduler.services.notification_creation:Created overdue notification for invoice INV-1000 (1 days overdue)
Backend CI	Run tests	2026-03-17T02:41:37.2533113Z INFO:app.scheduler.services.notification_creation:Created overdue notification for invoice INV-3613 (86 days overdue)
Backend CI	Run tests	2026-03-17T02:41:37.2533872Z INFO:app.scheduler.services.notification_creation:Created overdue notification for invoice INV-5931 (76 days overdue)
Backend CI	Run tests	2026-03-17T02:41:37.2534620Z INFO:app.scheduler.services.notification_creation:Created overdue notification for invoice INV-1926 (20 days overdue)
Backend CI	Run tests	2026-03-17T02:41:37.2535392Z INFO:app.scheduler.services.notification_creation:Created overdue notification for invoice INV-3155 (35 days overdue)
Backend CI	Run tests	2026-03-17T02:41:37.2536313Z INFO:app.scheduler.services.notification_creation:Created overdue notification for invoice INV-2735 (190 days overdue)
Backend CI	Run tests	2026-03-17T02:41:37.2537076Z INFO:app.scheduler.services.notification_creation:Created overdue notification for invoice INV-6739 (336 days overdue)
Backend CI	Run tests	2026-03-17T02:41:37.2537833Z INFO:app.scheduler.services.notification_creation:Created overdue notification for invoice INV-8029 (338 days overdue)
Backend CI	Run tests	2026-03-17T02:41:37.2538589Z INFO:app.scheduler.services.notification_creation:Created overdue notification for invoice INV-1000 (1 days overdue)
Backend CI	Run tests	2026-03-17T02:41:37.2539344Z INFO:app.scheduler.services.notification_creation:Created overdue notification for invoice INV-6057 (262 days overdue)
Backend CI	Run tests	2026-03-17T02:41:37.2540100Z INFO:app.scheduler.services.notification_creation:Created overdue notification for invoice INV-8033 (79 days overdue)
Backend CI	Run tests	2026-03-17T02:41:37.2540855Z INFO:app.scheduler.services.notification_creation:Created overdue notification for invoice INV-5601 (200 days overdue)
Backend CI	Run tests	2026-03-17T02:41:37.2541627Z INFO:app.scheduler.services.notification_creation:Created overdue notification for invoice INV-3348 (358 days overdue)
Backend CI	Run tests	2026-03-17T02:41:37.2542388Z INFO:app.scheduler.services.notification_creation:Created overdue notification for invoice INV-5722 (193 days overdue)
Backend CI	Run tests	2026-03-17T02:41:37.2543262Z INFO:app.scheduler.services.notification_creation:Created overdue notification for invoice INV-5943 (357 days overdue)
Backend CI	Run tests	2026-03-17T02:41:37.2544146Z INFO:app.scheduler.services.notification_creation:Created overdue notification for invoice INV-9950 (39 days overdue)
Backend CI	Run tests	2026-03-17T02:41:37.2544900Z INFO:app.scheduler.services.notification_creation:Created overdue notification for invoice INV-3231 (283 days overdue)
Backend CI	Run tests	2026-03-17T02:41:37.2545652Z INFO:app.scheduler.services.notification_creation:Created overdue notification for invoice INV-6629 (1 days overdue)
Backend CI	Run tests	2026-03-17T02:41:37.2546402Z INFO:app.scheduler.services.notification_creation:Created overdue notification for invoice INV-7290 (1 days overdue)
Backend CI	Run tests	2026-03-17T02:41:37.2547158Z INFO:app.scheduler.services.notification_creation:Created overdue notification for invoice INV-9605 (206 days overdue)
Backend CI	Run tests	2026-03-17T02:41:37.2547916Z INFO:app.scheduler.services.notification_creation:Created overdue notification for invoice INV-1000 (355 days overdue)
Backend CI	Run tests	2026-03-17T02:41:37.2548673Z INFO:app.scheduler.services.notification_creation:Created overdue notification for invoice INV-1000 (1 days overdue)
Backend CI	Run tests	2026-03-17T02:41:37.2549422Z INFO:app.scheduler.services.notification_creation:Created overdue notification for invoice INV-3231 (283 days overdue)
Backend CI	Run tests	2026-03-17T02:41:37.2550172Z INFO:app.scheduler.services.notification_creation:Created overdue notification for invoice INV-6629 (1 days overdue)
Backend CI	Run tests	2026-03-17T02:41:37.2550938Z INFO:app.scheduler.services.notification_creation:Created overdue notification for invoice INV-7290 (1 days overdue)
Backend CI	Run tests	2026-03-17T02:41:37.2551683Z INFO:app.scheduler.services.notification_creation:Created overdue notification for invoice INV-9605 (206 days overdue)
Backend CI	Run tests	2026-03-17T02:41:37.2552448Z INFO:app.scheduler.services.notification_creation:Created overdue notification for invoice INV-1000 (355 days overdue)
Backend CI	Run tests	2026-03-17T02:41:37.2553305Z INFO:app.scheduler.services.notification_creation:Created overdue notification for invoice INV-1000 (1 days overdue)
Backend CI	Run tests	2026-03-17T02:41:37.2554061Z INFO:app.scheduler.services.notification_creation:Created overdue notification for invoice INV-2968 (90 days overdue)
Backend CI	Run tests	2026-03-17T02:41:37.2554818Z INFO:app.scheduler.services.notification_creation:Created overdue notification for invoice INV-1069 (16 days overdue)
Backend CI	Run tests	2026-03-17T02:41:37.2555575Z INFO:app.scheduler.services.notification_creation:Created overdue notification for invoice INV-7552 (286 days overdue)
Backend CI	Run tests	2026-03-17T02:41:37.2587303Z INFO:app.scheduler.services.notification_creation:Created overdue notification for invoice INV-6686 (85 days overdue)
Backend CI	Run tests	2026-03-17T02:41:37.2588199Z INFO:app.scheduler.services.notification_creation:Created overdue notification for invoice INV-9514 (107 days overdue)
Backend CI	Run tests	2026-03-17T02:41:37.2589211Z INFO:app.scheduler.services.notification_creation:Created overdue notification for invoice INV-1000 (1 days overdue)
Backend CI	Run tests	2026-03-17T02:41:37.2589982Z INFO:app.scheduler.services.notification_creation:Created overdue notification for invoice INV-2245 (188 days overdue)
Backend CI	Run tests	2026-03-17T02:41:37.2590760Z INFO:app.scheduler.services.notification_creation:Created overdue notification for invoice INV-6164 (156 days overdue)
Backend CI	Run tests	2026-03-17T02:41:37.2591541Z INFO:app.scheduler.services.notification_creation:Created overdue notification for invoice INV-2968 (90 days overdue)
Backend CI	Run tests	2026-03-17T02:41:37.2592295Z INFO:app.scheduler.services.notification_creation:Created overdue notification for invoice INV-1069 (16 days overdue)
Backend CI	Run tests	2026-03-17T02:41:37.2593373Z INFO:app.scheduler.services.notification_creation:Created overdue notification for invoice INV-7552 (286 days overdue)
Backend CI	Run tests	2026-03-17T02:41:37.2594140Z INFO:app.scheduler.services.notification_creation:Created overdue notification for invoice INV-6686 (85 days overdue)
Backend CI	Run tests	2026-03-17T02:41:37.2594905Z INFO:app.scheduler.services.notification_creation:Created overdue notification for invoice INV-9514 (107 days overdue)
Backend CI	Run tests	2026-03-17T02:41:37.2595657Z INFO:app.scheduler.services.notification_creation:Created overdue notification for invoice INV-1000 (1 days overdue)
Backend CI	Run tests	2026-03-17T02:41:37.2596571Z INFO:app.scheduler.services.notification_creation:Created overdue notification for invoice INV-2245 (188 days overdue)
Backend CI	Run tests	2026-03-17T02:41:37.2597334Z INFO:app.scheduler.services.notification_creation:Created overdue notification for invoice INV-6164 (156 days overdue)
Backend CI	Run tests	2026-03-17T02:41:37.2598095Z INFO:app.scheduler.services.notification_creation:Created overdue notification for invoice INV-5394 (115 days overdue)
Backend CI	Run tests	2026-03-17T02:41:37.2598864Z INFO:app.scheduler.services.notification_creation:Created overdue notification for invoice INV-5983 (215 days overdue)
Backend CI	Run tests	2026-03-17T02:41:37.2599638Z INFO:app.scheduler.services.notification_creation:Created overdue notification for invoice INV-6231 (339 days overdue)
Backend CI	Run tests	2026-03-17T02:41:37.2600407Z INFO:app.scheduler.services.notification_creation:Created overdue notification for invoice INV-7810 (118 days overdue)
Backend CI	Run tests	2026-03-17T02:41:37.2601165Z INFO:app.scheduler.services.notification_creation:Created overdue notification for invoice INV-9213 (101 days overdue)
Backend CI	Run tests	2026-03-17T02:41:37.2601920Z INFO:app.scheduler.services.notification_creation:Created overdue notification for invoice INV-1000 (1 days overdue)
Backend CI	Run tests	2026-03-17T02:41:37.2602916Z INFO:app.scheduler.services.notification_creation:Created overdue notification for invoice INV-3871 (157 days overdue)
Backend CI	Run tests	2026-03-17T02:41:37.2603748Z INFO:app.scheduler.services.notification_creation:Created overdue notification for invoice INV-5394 (115 days overdue)
Backend CI	Run tests	2026-03-17T02:41:37.2604510Z INFO:app.scheduler.services.notification_creation:Created overdue notification for invoice INV-5983 (215 days overdue)
Backend CI	Run tests	2026-03-17T02:41:37.2605264Z INFO:app.scheduler.services.notification_creation:Created overdue notification for invoice INV-6231 (339 days overdue)
Backend CI	Run tests	2026-03-17T02:41:37.2606052Z INFO:app.scheduler.services.notification_creation:Created overdue notification for invoice INV-7810 (118 days overdue)
Backend CI	Run tests	2026-03-17T02:41:37.2606815Z INFO:app.scheduler.services.notification_creation:Created overdue notification for invoice INV-9213 (101 days overdue)
Backend CI	Run tests	2026-03-17T02:41:37.2607572Z INFO:app.scheduler.services.notification_creation:Created overdue notification for invoice INV-1000 (1 days overdue)
Backend CI	Run tests	2026-03-17T02:41:37.2608331Z INFO:app.scheduler.services.notification_creation:Created overdue notification for invoice INV-3871 (157 days overdue)
Backend CI	Run tests	2026-03-17T02:41:37.2609097Z INFO:app.scheduler.services.notification_creation:Created overdue notification for invoice INV-9433 (86 days overdue)
Backend CI	Run tests	2026-03-17T02:41:37.2609853Z INFO:app.scheduler.services.notification_creation:Created overdue notification for invoice INV-4701 (365 days overdue)
Backend CI	Run tests	2026-03-17T02:41:37.2610614Z INFO:app.scheduler.services.notification_creation:Created overdue notification for invoice INV-2204 (174 days overdue)
Backend CI	Run tests	2026-03-17T02:41:37.2611499Z INFO:app.scheduler.services.notification_creation:Created overdue notification for invoice INV-8436 (12 days overdue)
Backend CI	Run tests	2026-03-17T02:41:37.2612248Z INFO:app.scheduler.services.notification_creation:Created overdue notification for invoice INV-5173 (52 days overdue)
Backend CI	Run tests	2026-03-17T02:41:37.2613259Z INFO:app.scheduler.services.notification_creation:Created overdue notification for invoice INV-3530 (279 days overdue)
Backend CI	Run tests	2026-03-17T02:41:37.2614124Z INFO:app.scheduler.services.notification_creation:Created overdue notification for invoice INV-2526 (176 days overdue)
Backend CI	Run tests	2026-03-17T02:41:37.2614887Z INFO:app.scheduler.services.notification_creation:Created overdue notification for invoice INV-4758 (343 days overdue)
Backend CI	Run tests	2026-03-17T02:41:37.2615667Z INFO:app.scheduler.services.notification_creation:Created overdue notification for invoice INV-5531 (221 days overdue)
Backend CI	Run tests	2026-03-17T02:41:37.2616428Z INFO:app.scheduler.services.notification_creation:Created overdue notification for invoice INV-8848 (244 days overdue)
Backend CI	Run tests	2026-03-17T02:41:37.2617186Z INFO:app.scheduler.services.notification_creation:Created overdue notification for invoice INV-1000 (1 days overdue)
Backend CI	Run tests	2026-03-17T02:41:37.2617935Z INFO:app.scheduler.services.notification_creation:Created overdue notification for invoice INV-6784 (272 days overdue)
Backend CI	Run tests	2026-03-17T02:41:37.2618822Z INFO:app.scheduler.services.notification_creation:Created overdue notification for invoice INV-3530 (279 days overdue)
Backend CI	Run tests	2026-03-17T02:41:37.2619577Z INFO:app.scheduler.services.notification_creation:Created overdue notification for invoice INV-2526 (176 days overdue)
Backend CI	Run tests	2026-03-17T02:41:37.2620334Z INFO:app.scheduler.services.notification_creation:Created overdue notification for invoice INV-4758 (343 days overdue)
Backend CI	Run tests	2026-03-17T02:41:37.2621083Z INFO:app.scheduler.services.notification_creation:Created overdue notification for invoice INV-5531 (221 days overdue)
Backend CI	Run tests	2026-03-17T02:41:37.2621845Z INFO:app.scheduler.services.notification_creation:Created overdue notification for invoice INV-8848 (244 days overdue)
Backend CI	Run tests	2026-03-17T02:41:37.2622596Z INFO:app.scheduler.services.notification_creation:Created overdue notification for invoice INV-1000 (1 days overdue)
Backend CI	Run tests	2026-03-17T02:41:37.2623476Z INFO:app.scheduler.services.notification_creation:Created overdue notification for invoice INV-6784 (272 days overdue)
Backend CI	Run tests	2026-03-17T02:41:37.2624237Z INFO:app.scheduler.services.notification_creation:Created overdue notification for invoice INV-9752 (237 days overdue)
Backend CI	Run tests	2026-03-17T02:41:37.2625000Z INFO:app.scheduler.services.notification_creation:Created overdue notification for invoice INV-7052 (171 days overdue)
Backend CI	Run tests	2026-03-17T02:41:37.2625749Z INFO:app.scheduler.services.notification_creation:Created overdue notification for invoice INV-2190 (12 days overdue)
Backend CI	Run tests	2026-03-17T02:41:37.2626499Z INFO:app.scheduler.services.notification_creation:Created overdue notification for invoice INV-6162 (227 days overdue)
Backend CI	Run tests	2026-03-17T02:41:37.2627250Z INFO:app.scheduler.services.notification_creation:Created overdue notification for invoice INV-7380 (188 days overdue)
Backend CI	Run tests	2026-03-17T02:41:37.2628007Z INFO:app.scheduler.services.notification_creation:Created overdue notification for invoice INV-1000 (1 days overdue)
Backend CI	Run tests	2026-03-17T02:41:37.2628759Z INFO:app.scheduler.services.notification_creation:Created overdue notification for invoice INV-3536 (189 days overdue)
Backend CI	Run tests	2026-03-17T02:41:37.2629515Z INFO:app.scheduler.services.notification_creation:Created overdue notification for invoice INV-1271 (59 days overdue)
Backend CI	Run tests	2026-03-17T02:41:37.2630265Z INFO:app.scheduler.services.notification_creation:Created overdue notification for invoice INV-8303 (130 days overdue)
Backend CI	Run tests	2026-03-17T02:41:37.2631045Z INFO:app.scheduler.services.notification_creation:Created overdue notification for invoice INV-6107 (85 days overdue)
Backend CI	Run tests	2026-03-17T02:41:37.2631838Z INFO:app.scheduler.services.notification_creation:Created overdue notification for invoice INV-9752 (237 days overdue)
Backend CI	Run tests	2026-03-17T02:41:37.2632611Z INFO:app.scheduler.services.notification_creation:Created overdue notification for invoice INV-7052 (171 days overdue)
Backend CI	Run tests	2026-03-17T02:41:37.2633762Z INFO:app.scheduler.services.notification_creation:Created overdue notification for invoice INV-2190 (12 days overdue)
Backend CI	Run tests	2026-03-17T02:41:37.2634556Z INFO:app.scheduler.services.notification_creation:Created overdue notification for invoice INV-6162 (227 days overdue)
Backend CI	Run tests	2026-03-17T02:41:37.2635358Z INFO:app.scheduler.services.notification_creation:Created overdue notification for invoice INV-7380 (188 days overdue)
Backend CI	Run tests	2026-03-17T02:41:37.2636113Z INFO:app.scheduler.services.notification_creation:Created overdue notification for invoice INV-1000 (1 days overdue)
Backend CI	Run tests	2026-03-17T02:41:37.2636863Z INFO:app.scheduler.services.notification_creation:Created overdue notification for invoice INV-3536 (189 days overdue)
Backend CI	Run tests	2026-03-17T02:41:37.2637622Z INFO:app.scheduler.services.notification_creation:Created overdue notification for invoice INV-1271 (59 days overdue)
Backend CI	Run tests	2026-03-17T02:41:37.2638379Z INFO:app.scheduler.services.notification_creation:Created overdue notification for invoice INV-8303 (130 days overdue)
Backend CI	Run tests	2026-03-17T02:41:37.2639144Z INFO:app.scheduler.services.notification_creation:Created overdue notification for invoice INV-6107 (85 days overdue)
Backend CI	Run tests	2026-03-17T02:41:37.2639894Z INFO:app.scheduler.services.notification_creation:Created overdue notification for invoice INV-6745 (51 days overdue)
Backend CI	Run tests	2026-03-17T02:41:37.2640775Z INFO:app.scheduler.services.notification_creation:Created overdue notification for invoice INV-1000 (15 days overdue)
Backend CI	Run tests	2026-03-17T02:41:37.2641530Z INFO:app.scheduler.services.notification_creation:Created overdue notification for invoice INV-3842 (143 days overdue)
Backend CI	Run tests	2026-03-17T02:41:37.2642290Z INFO:app.scheduler.services.notification_creation:Created overdue notification for invoice INV-6592 (333 days overdue)
Backend CI	Run tests	2026-03-17T02:41:37.2643175Z INFO:app.scheduler.services.notification_creation:Created overdue notification for invoice INV-9326 (31 days overdue)
Backend CI	Run tests	2026-03-17T02:41:37.2643934Z INFO:app.scheduler.services.notification_creation:Created overdue notification for invoice INV-1000 (1 days overdue)
Backend CI	Run tests	2026-03-17T02:41:37.2644698Z INFO:app.scheduler.services.notification_creation:Created overdue notification for invoice INV-4072 (46 days overdue)
Backend CI	Run tests	2026-03-17T02:41:37.2645452Z INFO:app.scheduler.services.notification_creation:Created overdue notification for invoice INV-7649 (232 days overdue)
Backend CI	Run tests	2026-03-17T02:41:37.2646221Z INFO:app.scheduler.services.notification_creation:Created overdue notification for invoice INV-6112 (135 days overdue)
Backend CI	Run tests	2026-03-17T02:41:37.2646970Z INFO:app.scheduler.services.notification_creation:Created overdue notification for invoice INV-6745 (51 days overdue)
Backend CI	Run tests	2026-03-17T02:41:37.2647716Z INFO:app.scheduler.services.notification_creation:Created overdue notification for invoice INV-1000 (15 days overdue)
Backend CI	Run tests	2026-03-17T02:41:37.2648479Z INFO:app.scheduler.services.notification_creation:Created overdue notification for invoice INV-3842 (143 days overdue)
Backend CI	Run tests	2026-03-17T02:41:37.2649243Z INFO:app.scheduler.services.notification_creation:Created overdue notification for invoice INV-6592 (333 days overdue)
Backend CI	Run tests	2026-03-17T02:41:37.2649999Z INFO:app.scheduler.services.notification_creation:Created overdue notification for invoice INV-9326 (31 days overdue)
Backend CI	Run tests	2026-03-17T02:41:37.2650749Z INFO:app.scheduler.services.notification_creation:Created overdue notification for invoice INV-1000 (1 days overdue)
Backend CI	Run tests	2026-03-17T02:41:37.2651502Z INFO:app.scheduler.services.notification_creation:Created overdue notification for invoice INV-4072 (46 days overdue)
Backend CI	Run tests	2026-03-17T02:41:37.2652256Z INFO:app.scheduler.services.notification_creation:Created overdue notification for invoice INV-7649 (232 days overdue)
Backend CI	Run tests	2026-03-17T02:41:37.2653274Z INFO:app.scheduler.services.notification_creation:Created overdue notification for invoice INV-6112 (135 days overdue)
Backend CI	Run tests	2026-03-17T02:41:37.2654055Z INFO:app.scheduler.services.notification_creation:Created overdue notification for invoice INV-5250 (161 days overdue)
Backend CI	Run tests	2026-03-17T02:41:37.2654818Z INFO:app.scheduler.services.notification_creation:Created overdue notification for invoice INV-7906 (293 days overdue)
Backend CI	Run tests	2026-03-17T02:41:37.2655747Z INFO:app.scheduler.services.notification_creation:Created overdue notification for invoice INV-7823 (264 days overdue)
Backend CI	Run tests	2026-03-17T02:41:37.2656497Z INFO:app.scheduler.services.notification_creation:Created overdue notification for invoice INV-2907 (86 days overdue)
Backend CI	Run tests	2026-03-17T02:41:37.2657259Z INFO:app.scheduler.services.notification_creation:Created overdue notification for invoice INV-4472 (238 days overdue)
Backend CI	Run tests	2026-03-17T02:41:37.2658012Z INFO:app.scheduler.services.notification_creation:Created overdue notification for invoice INV-1000 (1 days overdue)
Backend CI	Run tests	2026-03-17T02:41:37.2658769Z INFO:app.scheduler.services.notification_creation:Created overdue notification for invoice INV-1000 (108 days overdue)
Backend CI	Run tests	2026-03-17T02:41:37.2659516Z INFO:app.scheduler.services.notification_creation:Created overdue notification for invoice INV-5031 (61 days overdue)
Backend CI	Run tests	2026-03-17T02:41:37.2660273Z INFO:app.scheduler.services.notification_creation:Created overdue notification for invoice INV-6053 (71 days overdue)
Backend CI	Run tests	2026-03-17T02:41:37.2661023Z INFO:app.scheduler.services.notification_creation:Created overdue notification for invoice INV-7406 (50 days overdue)
Backend CI	Run tests	2026-03-17T02:41:37.2661783Z INFO:app.scheduler.services.notification_creation:Created overdue notification for invoice INV-5250 (161 days overdue)
Backend CI	Run tests	2026-03-17T02:41:37.2662904Z INFO:app.scheduler.services.notification_creation:Created overdue notification for invoice INV-7906 (293 days overdue)
Backend CI	Run tests	2026-03-17T02:41:37.2664034Z INFO:app.scheduler.services.notification_creation:Created overdue notification for invoice INV-7823 (264 days overdue)
Backend CI	Run tests	2026-03-17T02:41:37.2664814Z INFO:app.scheduler.services.notification_creation:Created overdue notification for invoice INV-2907 (86 days overdue)
Backend CI	Run tests	2026-03-17T02:41:37.2665591Z INFO:app.scheduler.services.notification_creation:Created overdue notification for invoice INV-4472 (238 days overdue)
Backend CI	Run tests	2026-03-17T02:41:37.2666360Z INFO:app.scheduler.services.notification_creation:Created overdue notification for invoice INV-1000 (1 days overdue)
Backend CI	Run tests	2026-03-17T02:41:37.2667120Z INFO:app.scheduler.services.notification_creation:Created overdue notification for invoice INV-1000 (108 days overdue)
Backend CI	Run tests	2026-03-17T02:41:37.2667873Z INFO:app.scheduler.services.notification_creation:Created overdue notification for invoice INV-5031 (61 days overdue)
Backend CI	Run tests	2026-03-17T02:41:37.2668629Z INFO:app.scheduler.services.notification_creation:Created overdue notification for invoice INV-6053 (71 days overdue)
Backend CI	Run tests	2026-03-17T02:41:37.2669373Z INFO:app.scheduler.services.notification_creation:Created overdue notification for invoice INV-7406 (50 days overdue)
Backend CI	Run tests	2026-03-17T02:41:37.2670132Z INFO:app.scheduler.services.notification_creation:Created overdue notification for invoice INV-7619 (291 days overdue)
Backend CI	Run tests	2026-03-17T02:41:37.2670885Z INFO:app.scheduler.services.notification_creation:Created overdue notification for invoice INV-3662 (80 days overdue)
Backend CI	Run tests	2026-03-17T02:41:37.2671643Z INFO:app.scheduler.services.notification_creation:Created overdue notification for invoice INV-9200 (67 days overdue)
Backend CI	Run tests	2026-03-17T02:41:37.2672385Z INFO:app.scheduler.services.notification_creation:Created overdue notification for invoice INV-7136 (16 days overdue)
Backend CI	Run tests	2026-03-17T02:41:37.2673455Z INFO:app.scheduler.services.notification_creation:Created overdue notification for invoice INV-9724 (6 days overdue)
Backend CI	Run tests	2026-03-17T02:41:37.2674225Z INFO:app.scheduler.services.notification_creation:Created overdue notification for invoice INV-3514 (252 days overdue)
Backend CI	Run tests	2026-03-17T02:41:37.2674985Z INFO:app.scheduler.services.notification_creation:Created overdue notification for invoice INV-7875 (33 days overdue)
Backend CI	Run tests	2026-03-17T02:41:37.2675741Z INFO:app.scheduler.services.notification_creation:Created overdue notification for invoice INV-1322 (277 days overdue)
Backend CI	Run tests	2026-03-17T02:41:37.2676501Z INFO:app.scheduler.services.notification_creation:Created overdue notification for invoice INV-1152 (201 days overdue)
Backend CI	Run tests	2026-03-17T02:41:37.2677415Z INFO:app.scheduler.services.notification_creation:Created overdue notification for invoice INV-5193 (192 days overdue)
Backend CI	Run tests	2026-03-17T02:41:37.2678167Z INFO:app.scheduler.services.notification_creation:Created overdue notification for invoice INV-1000 (1 days overdue)
Backend CI	Run tests	2026-03-17T02:41:37.2678915Z INFO:app.scheduler.services.notification_creation:Created overdue notification for invoice INV-7378 (158 days overdue)
Backend CI	Run tests	2026-03-17T02:41:37.2679671Z INFO:app.scheduler.services.notification_creation:Created overdue notification for invoice INV-5116 (220 days overdue)
Backend CI	Run tests	2026-03-17T02:41:37.2680429Z INFO:app.scheduler.services.notification_creation:Created overdue notification for invoice INV-2357 (130 days overdue)
Backend CI	Run tests	2026-03-17T02:41:37.2681179Z INFO:app.scheduler.services.notification_creation:Created overdue notification for invoice INV-8571 (7 days overdue)
Backend CI	Run tests	2026-03-17T02:41:37.2681926Z INFO:app.scheduler.services.notification_creation:Created overdue notification for invoice INV-3514 (252 days overdue)
Backend CI	Run tests	2026-03-17T02:41:37.2683044Z INFO:app.scheduler.services.notification_creation:Created overdue notification for invoice INV-7875 (33 days overdue)
Backend CI	Run tests	2026-03-17T02:41:37.2683837Z INFO:app.scheduler.services.notification_creation:Created overdue notification for invoice INV-1322 (277 days overdue)
Backend CI	Run tests	2026-03-17T02:41:37.2684739Z INFO:app.scheduler.services.notification_creation:Created overdue notification for invoice INV-1152 (201 days overdue)
Backend CI	Run tests	2026-03-17T02:41:37.2685495Z INFO:app.scheduler.services.notification_creation:Created overdue notification for invoice INV-5193 (192 days overdue)
Backend CI	Run tests	2026-03-17T02:41:37.2686251Z INFO:app.scheduler.services.notification_creation:Created overdue notification for invoice INV-1000 (1 days overdue)
Backend CI	Run tests	2026-03-17T02:41:37.2687003Z INFO:app.scheduler.services.notification_creation:Created overdue notification for invoice INV-7378 (158 days overdue)
Backend CI	Run tests	2026-03-17T02:41:37.2687762Z INFO:app.scheduler.services.notification_creation:Created overdue notification for invoice INV-5116 (220 days overdue)
Backend CI	Run tests	2026-03-17T02:41:37.2688520Z INFO:app.scheduler.services.notification_creation:Created overdue notification for invoice INV-2357 (130 days overdue)
Backend CI	Run tests	2026-03-17T02:41:37.2689271Z INFO:app.scheduler.services.notification_creation:Created overdue notification for invoice INV-8571 (7 days overdue)
Backend CI	Run tests	2026-03-17T02:41:37.2690030Z INFO:app.scheduler.services.notification_creation:Created overdue notification for invoice INV-4040 (153 days overdue)
Backend CI	Run tests	2026-03-17T02:41:37.2690783Z INFO:app.scheduler.services.notification_creation:Created overdue notification for invoice INV-7889 (30 days overdue)
Backend CI	Run tests	2026-03-17T02:41:37.2691534Z INFO:app.scheduler.services.notification_creation:Created overdue notification for invoice INV-7626 (54 days overdue)
Backend CI	Run tests	2026-03-17T02:41:37.2692278Z INFO:app.scheduler.services.notification_creation:Created overdue notification for invoice INV-1576 (45 days overdue)
Backend CI	Run tests	2026-03-17T02:41:37.2693279Z INFO:app.scheduler.services.notification_creation:Created overdue notification for invoice INV-1199 (136 days overdue)
Backend CI	Run tests	2026-03-17T02:41:37.2694073Z INFO:app.scheduler.services.notification_creation:Created overdue notification for invoice INV-1000 (1 days overdue)
Backend CI	Run tests	2026-03-17T02:41:37.2694827Z INFO:app.scheduler.services.notification_creation:Created overdue notification for invoice INV-3738 (240 days overdue)
Backend CI	Run tests	2026-03-17T02:41:37.2695583Z INFO:app.scheduler.services.notification_creation:Created overdue notification for invoice INV-5895 (331 days overdue)
Backend CI	Run tests	2026-03-17T02:41:37.2696345Z INFO:app.scheduler.services.notification_creation:Created overdue notification for invoice INV-9513 (243 days overdue)
Backend CI	Run tests	2026-03-17T02:41:37.2697119Z INFO:app.scheduler.services.notification_creation:Created overdue notification for invoice INV-8187 (88 days overdue)
Backend CI	Run tests	2026-03-17T02:41:37.2697879Z INFO:app.scheduler.services.notification_creation:Created overdue notification for invoice INV-4040 (153 days overdue)
Backend CI	Run tests	2026-03-17T02:41:37.2698628Z INFO:app.scheduler.services.notification_creation:Created overdue notification for invoice INV-7889 (30 days overdue)
Backend CI	Run tests	2026-03-17T02:41:37.2699510Z INFO:app.scheduler.services.notification_creation:Created overdue notification for invoice INV-7626 (54 days overdue)
Backend CI	Run tests	2026-03-17T02:41:37.2700269Z INFO:app.scheduler.services.notification_creation:Created overdue notification for invoice INV-1576 (45 days overdue)
Backend CI	Run tests	2026-03-17T02:41:37.2701031Z INFO:app.scheduler.services.notification_creation:Created overdue notification for invoice INV-1199 (136 days overdue)
Backend CI	Run tests	2026-03-17T02:41:37.2701783Z INFO:app.scheduler.services.notification_creation:Created overdue notification for invoice INV-1000 (1 days overdue)
Backend CI	Run tests	2026-03-17T02:41:37.2702531Z INFO:app.scheduler.services.notification_creation:Created overdue notification for invoice INV-3738 (240 days overdue)
Backend CI	Run tests	2026-03-17T02:41:37.2703411Z INFO:app.scheduler.services.notification_creation:Created overdue notification for invoice INV-5895 (331 days overdue)
Backend CI	Run tests	2026-03-17T02:41:37.2704171Z INFO:app.scheduler.services.notification_creation:Created overdue notification for invoice INV-9513 (243 days overdue)
Backend CI	Run tests	2026-03-17T02:41:37.2704929Z INFO:app.scheduler.services.notification_creation:Created overdue notification for invoice INV-8187 (88 days overdue)
Backend CI	Run tests	2026-03-17T02:41:37.2705673Z INFO:app.scheduler.services.notification_creation:Created overdue notification for invoice INV-1990 (9 days overdue)
Backend CI	Run tests	2026-03-17T02:41:37.2706547Z INFO:app.scheduler.services.notification_creation:Created overdue notification for invoice INV-3401 (364 days overdue)
Backend CI	Run tests	2026-03-17T02:41:37.2707303Z INFO:app.scheduler.services.notification_creation:Created overdue notification for invoice INV-8699 (24 days overdue)
Backend CI	Run tests	2026-03-17T02:41:37.2708057Z INFO:app.scheduler.services.notification_creation:Created overdue notification for invoice INV-7270 (340 days overdue)
Backend CI	Run tests	2026-03-17T02:41:37.2708811Z INFO:app.scheduler.services.notification_creation:Created overdue notification for invoice INV-1011 (341 days overdue)
Backend CI	Run tests	2026-03-17T02:41:37.2709565Z INFO:app.scheduler.services.notification_creation:Created overdue notification for invoice INV-1000 (1 days overdue)
Backend CI	Run tests	2026-03-17T02:41:37.2710315Z INFO:app.scheduler.services.notification_creation:Created overdue notification for invoice INV-3963 (77 days overdue)
Backend CI	Run tests	2026-03-17T02:41:37.2711058Z INFO:app.scheduler.services.notification_creation:Created overdue notification for invoice INV-1990 (9 days overdue)
Backend CI	Run tests	2026-03-17T02:41:37.2711807Z INFO:app.scheduler.services.notification_creation:Created overdue notification for invoice INV-3401 (364 days overdue)
Backend CI	Run tests	2026-03-17T02:41:37.2712559Z INFO:app.scheduler.services.notification_creation:Created overdue notification for invoice INV-8699 (24 days overdue)
Backend CI	Run tests	2026-03-17T02:41:37.2713568Z INFO:app.scheduler.services.notification_creation:Created overdue notification for invoice INV-7270 (340 days overdue)
Backend CI	Run tests	2026-03-17T02:41:37.2714332Z INFO:app.scheduler.services.notification_creation:Created overdue notification for invoice INV-1011 (341 days overdue)
Backend CI	Run tests	2026-03-17T02:41:37.2715080Z INFO:app.scheduler.services.notification_creation:Created overdue notification for invoice INV-1000 (1 days overdue)
Backend CI	Run tests	2026-03-17T02:41:37.2715834Z INFO:app.scheduler.services.notification_creation:Created overdue notification for invoice INV-3963 (77 days overdue)
Backend CI	Run tests	2026-03-17T02:41:37.2716585Z INFO:app.scheduler.services.notification_creation:Created overdue notification for invoice INV-2435 (38 days overdue)
Backend CI	Run tests	2026-03-17T02:41:37.2717346Z INFO:app.scheduler.services.notification_creation:Created overdue notification for invoice INV-9405 (186 days overdue)
Backend CI	Run tests	2026-03-17T02:41:37.2718100Z INFO:app.scheduler.services.notification_creation:Created overdue notification for invoice INV-8291 (30 days overdue)
Backend CI	Run tests	2026-03-17T02:41:37.2718857Z INFO:app.scheduler.services.notification_creation:Created overdue notification for invoice INV-9557 (190 days overdue)
Backend CI	Run tests	2026-03-17T02:41:37.2719619Z INFO:app.scheduler.services.notification_creation:Created overdue notification for invoice INV-2726 (299 days overdue)
Backend CI	Run tests	2026-03-17T02:41:37.2720370Z INFO:app.scheduler.services.notification_creation:Created overdue notification for invoice INV-1000 (1 days overdue)
Backend CI	Run tests	2026-03-17T02:41:37.2721247Z INFO:app.scheduler.services.notification_creation:Created overdue notification for invoice INV-9456 (318 days overdue)
Backend CI	Run tests	2026-03-17T02:41:37.2722004Z INFO:app.scheduler.services.notification_creation:Created overdue notification for invoice INV-2435 (38 days overdue)
Backend CI	Run tests	2026-03-17T02:41:37.2722883Z INFO:app.scheduler.services.notification_creation:Created overdue notification for invoice INV-9405 (186 days overdue)
Backend CI	Run tests	2026-03-17T02:41:37.2723658Z INFO:app.scheduler.services.notification_creation:Created overdue notification for invoice INV-8291 (30 days overdue)
Backend CI	Run tests	2026-03-17T02:41:37.2724413Z INFO:app.scheduler.services.notification_creation:Created overdue notification for invoice INV-9557 (190 days overdue)
Backend CI	Run tests	2026-03-17T02:41:37.2725170Z INFO:app.scheduler.services.notification_creation:Created overdue notification for invoice INV-2726 (299 days overdue)
Backend CI	Run tests	2026-03-17T02:41:37.2725922Z INFO:app.scheduler.services.notification_creation:Created overdue notification for invoice INV-1000 (1 days overdue)
Backend CI	Run tests	2026-03-17T02:41:37.2726682Z INFO:app.scheduler.services.notification_creation:Created overdue notification for invoice INV-9456 (318 days overdue)
Backend CI	Run tests	2026-03-17T02:41:37.2727435Z INFO:app.scheduler.services.notification_creation:Created overdue notification for invoice INV-3309 (353 days overdue)
Backend CI	Run tests	2026-03-17T02:41:37.2728337Z INFO:app.scheduler.services.notification_creation:Created overdue notification for invoice INV-6322 (2 days overdue)
Backend CI	Run tests	2026-03-17T02:41:37.2729084Z INFO:app.scheduler.services.notification_creation:Created overdue notification for invoice INV-7365 (12 days overdue)
Backend CI	Run tests	2026-03-17T02:41:37.2729836Z INFO:app.scheduler.services.notification_creation:Created overdue notification for invoice INV-4385 (280 days overdue)
Backend CI	Run tests	2026-03-17T02:41:37.2730588Z INFO:app.scheduler.services.notification_creation:Created overdue notification for invoice INV-2530 (262 days overdue)
Backend CI	Run tests	2026-03-17T02:41:37.2731337Z INFO:app.scheduler.services.notification_creation:Created overdue notification for invoice INV-1000 (1 days overdue)
Backend CI	Run tests	2026-03-17T02:41:37.2732093Z INFO:app.scheduler.services.notification_creation:Created overdue notification for invoice INV-3824 (272 days overdue)
Backend CI	Run tests	2026-03-17T02:41:37.2733092Z INFO:app.scheduler.services.notification_creation:Created overdue notification for invoice INV-6144 (210 days overdue)
Backend CI	Run tests	2026-03-17T02:41:37.2733867Z INFO:app.scheduler.services.notification_creation:Created overdue notification for invoice INV-2212 (192 days overdue)
Backend CI	Run tests	2026-03-17T02:41:37.2734620Z INFO:app.scheduler.services.notification_creation:Created overdue notification for invoice INV-9270 (210 days overdue)
Backend CI	Run tests	2026-03-17T02:41:37.2735410Z INFO:app.scheduler.services.notification_creation:Created overdue notification for invoice INV-3309 (353 days overdue)
Backend CI	Run tests	2026-03-17T02:41:37.2736163Z INFO:app.scheduler.services.notification_creation:Created overdue notification for invoice INV-6322 (2 days overdue)
Backend CI	Run tests	2026-03-17T02:41:37.2736915Z INFO:app.scheduler.services.notification_creation:Created overdue notification for invoice INV-7365 (12 days overdue)
Backend CI	Run tests	2026-03-17T02:41:37.2737669Z INFO:app.scheduler.services.notification_creation:Created overdue notification for invoice INV-4385 (280 days overdue)
Backend CI	Run tests	2026-03-17T02:41:37.2738430Z INFO:app.scheduler.services.notification_creation:Created overdue notification for invoice INV-2530 (262 days overdue)
Backend CI	Run tests	2026-03-17T02:41:37.2739428Z INFO:app.scheduler.services.notification_creation:Created overdue notification for invoice INV-1000 (1 days overdue)
Backend CI	Run tests	2026-03-17T02:41:37.2740192Z INFO:app.scheduler.services.notification_creation:Created overdue notification for invoice INV-3824 (272 days overdue)
Backend CI	Run tests	2026-03-17T02:41:37.2740945Z INFO:app.scheduler.services.notification_creation:Created overdue notification for invoice INV-6144 (210 days overdue)
Backend CI	Run tests	2026-03-17T02:41:37.2741709Z INFO:app.scheduler.services.notification_creation:Created overdue notification for invoice INV-2212 (192 days overdue)
Backend CI	Run tests	2026-03-17T02:41:37.2742464Z INFO:app.scheduler.services.notification_creation:Created overdue notification for invoice INV-9270 (210 days overdue)
Backend CI	Run tests	2026-03-17T02:41:37.2743508Z INFO:app.scheduler.services.notification_creation:Created overdue notification for invoice INV-2403 (268 days overdue)
Backend CI	Run tests	2026-03-17T02:41:37.2744270Z INFO:app.scheduler.services.notification_creation:Created overdue notification for invoice INV-9954 (364 days overdue)
Backend CI	Run tests	2026-03-17T02:41:37.2745210Z INFO:app.scheduler.services.notification_creation:Created overdue notification for invoice INV-6114 (296 days overdue)
Backend CI	Run tests	2026-03-17T02:41:37.2745974Z INFO:app.scheduler.services.notification_creation:Created overdue notification for invoice INV-9165 (359 days overdue)
Backend CI	Run tests	2026-03-17T02:41:37.2746732Z INFO:app.scheduler.services.notification_creation:Created overdue notification for invoice INV-7479 (251 days overdue)
Backend CI	Run tests	2026-03-17T02:41:37.2747485Z INFO:app.scheduler.services.notification_creation:Created overdue notification for invoice INV-2156 (311 days overdue)
Backend CI	Run tests	2026-03-17T02:41:37.2748238Z INFO:app.scheduler.services.notification_creation:Created overdue notification for invoice INV-3650 (53 days overdue)
Backend CI	Run tests	2026-03-17T02:41:37.2749001Z INFO:app.scheduler.services.notification_creation:Created overdue notification for invoice INV-3021 (347 days overdue)
Backend CI	Run tests	2026-03-17T02:41:37.2749930Z INFO:app.scheduler.services.notification_creation:Created overdue notification for invoice INV-2628 (110 days overdue)
Backend CI	Run tests	2026-03-17T02:41:37.2750978Z INFO:app.scheduler.services.notification_creation:Created overdue notification for invoice INV-5116 (246 days overdue)
Backend CI	Run tests	2026-03-17T02:41:37.2751749Z INFO:app.scheduler.services.notification_creation:Created overdue notification for invoice INV-1000 (1 days overdue)
Backend CI	Run tests	2026-03-17T02:41:37.2752515Z INFO:app.scheduler.services.notification_creation:Created overdue notification for invoice INV-4504 (144 days overdue)
Backend CI	Run tests	2026-03-17T02:41:37.2753560Z INFO:app.scheduler.services.notification_creation:Created overdue notification for invoice INV-2156 (311 days overdue)
Backend CI	Run tests	2026-03-17T02:41:37.2754329Z INFO:app.scheduler.services.notification_creation:Created overdue notification for invoice INV-3650 (53 days overdue)
Backend CI	Run tests	2026-03-17T02:41:37.2755093Z INFO:app.scheduler.services.notification_creation:Created overdue notification for invoice INV-3021 (347 days overdue)
Backend CI	Run tests	2026-03-17T02:41:37.2755859Z INFO:app.scheduler.services.notification_creation:Created overdue notification for invoice INV-2628 (110 days overdue)
Backend CI	Run tests	2026-03-17T02:41:37.2756620Z INFO:app.scheduler.services.notification_creation:Created overdue notification for invoice INV-5116 (246 days overdue)
Backend CI	Run tests	2026-03-17T02:41:37.2757378Z INFO:app.scheduler.services.notification_creation:Created overdue notification for invoice INV-1000 (1 days overdue)
Backend CI	Run tests	2026-03-17T02:41:37.2758123Z INFO:app.scheduler.services.notification_creation:Created overdue notification for invoice INV-4504 (144 days overdue)
Backend CI	Run tests	2026-03-17T02:41:37.2758886Z INFO:app.scheduler.services.notification_creation:Created overdue notification for invoice INV-2497 (125 days overdue)
Backend CI	Run tests	2026-03-17T02:41:37.2759648Z INFO:app.scheduler.services.notification_creation:Created overdue notification for invoice INV-2774 (287 days overdue)
Backend CI	Run tests	2026-03-17T02:41:37.2760410Z INFO:app.scheduler.services.notification_creation:Created overdue notification for invoice INV-1347 (140 days overdue)
Backend CI	Run tests	2026-03-17T02:41:37.2761165Z INFO:app.scheduler.services.notification_creation:Created overdue notification for invoice INV-3534 (294 days overdue)
Backend CI	Run tests	2026-03-17T02:41:37.2761927Z INFO:app.scheduler.services.notification_creation:Created overdue notification for invoice INV-9999 (362 days overdue)
Backend CI	Run tests	2026-03-17T02:41:37.2762911Z INFO:app.scheduler.services.notification_creation:Created overdue notification for invoice INV-1000 (1 days overdue)
Backend CI	Run tests	2026-03-17T02:41:37.2763710Z INFO:app.scheduler.services.notification_creation:Created overdue notification for invoice INV-6295 (99 days overdue)
Backend CI	Run tests	2026-03-17T02:41:37.2764474Z INFO:app.scheduler.services.notification_creation:Created overdue notification for invoice INV-8933 (323 days overdue)
Backend CI	Run tests	2026-03-17T02:41:37.2765383Z INFO:app.scheduler.services.notification_creation:Created overdue notification for invoice INV-9661 (296 days overdue)
Backend CI	Run tests	2026-03-17T02:41:37.2766138Z INFO:app.scheduler.services.notification_creation:Created overdue notification for invoice INV-8017 (72 days overdue)
Backend CI	Run tests	2026-03-17T02:41:37.2766892Z INFO:app.scheduler.services.notification_creation:Created overdue notification for invoice INV-2497 (125 days overdue)
Backend CI	Run tests	2026-03-17T02:41:37.2767652Z INFO:app.scheduler.services.notification_creation:Created overdue notification for invoice INV-2774 (287 days overdue)
Backend CI	Run tests	2026-03-17T02:41:37.2768410Z INFO:app.scheduler.services.notification_creation:Created overdue notification for invoice INV-1347 (140 days overdue)
Backend CI	Run tests	2026-03-17T02:41:37.2769169Z INFO:app.scheduler.services.notification_creation:Created overdue notification for invoice INV-3534 (294 days overdue)
Backend CI	Run tests	2026-03-17T02:41:37.2769927Z INFO:app.scheduler.services.notification_creation:Created overdue notification for invoice INV-9999 (362 days overdue)
Backend CI	Run tests	2026-03-17T02:41:37.2770681Z INFO:app.scheduler.services.notification_creation:Created overdue notification for invoice INV-1000 (1 days overdue)
Backend CI	Run tests	2026-03-17T02:41:37.2771462Z INFO:app.scheduler.services.notification_creation:Created overdue notification for invoice INV-6295 (99 days overdue)
Backend CI	Run tests	2026-03-17T02:41:37.2772220Z INFO:app.scheduler.services.notification_creation:Created overdue notification for invoice INV-8933 (323 days overdue)
Backend CI	Run tests	2026-03-17T02:41:37.2773347Z INFO:app.scheduler.services.notification_creation:Created overdue notification for invoice INV-9661 (296 days overdue)
Backend CI	Run tests	2026-03-17T02:41:37.2774125Z INFO:app.scheduler.services.notification_creation:Created overdue notification for invoice INV-8017 (72 days overdue)
Backend CI	Run tests	2026-03-17T02:41:37.2774884Z INFO:app.scheduler.services.notification_creation:Created overdue notification for invoice INV-9998 (174 days overdue)
Backend CI	Run tests	2026-03-17T02:41:37.2775645Z INFO:app.scheduler.services.notification_creation:Created overdue notification for invoice INV-2672 (103 days overdue)
Backend CI	Run tests	2026-03-17T02:41:37.2776408Z INFO:app.scheduler.services.notification_creation:Created overdue notification for invoice INV-4167 (31 days overdue)
Backend CI	Run tests	2026-03-17T02:41:37.2777159Z INFO:app.scheduler.services.notification_creation:Created overdue notification for invoice INV-3560 (282 days overdue)
Backend CI	Run tests	2026-03-17T02:41:37.2777923Z INFO:app.scheduler.services.notification_creation:Created overdue notification for invoice INV-1531 (64 days overdue)
Backend CI	Run tests	2026-03-17T02:41:37.2778672Z INFO:app.scheduler.services.notification_creation:Created overdue notification for invoice INV-1000 (1 days overdue)
Backend CI	Run tests	2026-03-17T02:41:37.2779426Z INFO:app.scheduler.services.notification_creation:Created overdue notification for invoice INV-8010 (352 days overdue)
Backend CI	Run tests	2026-03-17T02:41:37.2780179Z INFO:app.scheduler.services.notification_creation:Created overdue notification for invoice INV-9998 (174 days overdue)
Backend CI	Run tests	2026-03-17T02:41:37.2780938Z INFO:app.scheduler.services.notification_creation:Created overdue notification for invoice INV-2672 (103 days overdue)
Backend CI	Run tests	2026-03-17T02:41:37.2781697Z INFO:app.scheduler.services.notification_creation:Created overdue notification for invoice INV-4167 (31 days overdue)
Backend CI	Run tests	2026-03-17T02:41:37.2782453Z INFO:app.scheduler.services.notification_creation:Created overdue notification for invoice INV-3560 (282 days overdue)
Backend CI	Run tests	2026-03-17T02:41:37.2783312Z INFO:app.scheduler.services.notification_creation:Created overdue notification for invoice INV-1531 (64 days overdue)
Backend CI	Run tests	2026-03-17T02:41:37.2784064Z INFO:app.scheduler.services.notification_creation:Created overdue notification for invoice INV-1000 (1 days overdue)
Backend CI	Run tests	2026-03-17T02:41:37.2784819Z INFO:app.scheduler.services.notification_creation:Created overdue notification for invoice INV-8010 (352 days overdue)
Backend CI	Run tests	2026-03-17T02:41:37.2785570Z INFO:app.scheduler.services.notification_creation:Created overdue notification for invoice INV-3857 (10 days overdue)
Backend CI	Run tests	2026-03-17T02:41:37.2786322Z INFO:app.scheduler.services.notification_creation:Created overdue notification for invoice INV-1634 (306 days overdue)
Backend CI	Run tests	2026-03-17T02:41:37.2787206Z INFO:app.scheduler.services.notification_creation:Created overdue notification for invoice INV-1593 (191 days overdue)
Backend CI	Run tests	2026-03-17T02:41:37.2787973Z INFO:app.scheduler.services.notification_creation:Created overdue notification for invoice INV-4521 (303 days overdue)
Backend CI	Run tests	2026-03-17T02:41:37.2788754Z INFO:app.scheduler.services.notification_creation:Created overdue notification for invoice INV-7049 (316 days overdue)
Backend CI	Run tests	2026-03-17T02:41:37.2789518Z INFO:app.scheduler.services.notification_creation:Created overdue notification for invoice INV-1000 (1 days overdue)
Backend CI	Run tests	2026-03-17T02:41:37.2790269Z INFO:app.scheduler.services.notification_creation:Created overdue notification for invoice INV-2495 (5 days overdue)
Backend CI	Run tests	2026-03-17T02:41:37.2791023Z INFO:app.scheduler.services.notification_creation:Created overdue notification for invoice INV-9326 (78 days overdue)
Backend CI	Run tests	2026-03-17T02:41:37.2791775Z INFO:app.scheduler.services.notification_creation:Created overdue notification for invoice INV-3857 (10 days overdue)
Backend CI	Run tests	2026-03-17T02:41:37.2792535Z INFO:app.scheduler.services.notification_creation:Created overdue notification for invoice INV-1634 (306 days overdue)
Backend CI	Run tests	2026-03-17T02:41:37.2793545Z INFO:app.scheduler.services.notification_creation:Created overdue notification for invoice INV-1593 (191 days overdue)
Backend CI	Run tests	2026-03-17T02:41:37.2794446Z INFO:app.scheduler.services.notification_creation:Created overdue notification for invoice INV-4521 (303 days overdue)
Backend CI	Run tests	2026-03-17T02:41:37.2795203Z INFO:app.scheduler.services.notification_creation:Created overdue notification for invoice INV-7049 (316 days overdue)
Backend CI	Run tests	2026-03-17T02:41:37.2795951Z INFO:app.scheduler.services.notification_creation:Created overdue notification for invoice INV-1000 (1 days overdue)
Backend CI	Run tests	2026-03-17T02:41:37.2796698Z INFO:app.scheduler.services.notification_creation:Created overdue notification for invoice INV-2495 (5 days overdue)
Backend CI	Run tests	2026-03-17T02:41:37.2797582Z INFO:app.scheduler.services.notification_creation:Created overdue notification for invoice INV-9326 (78 days overdue)
Backend CI	Run tests	2026-03-17T02:41:37.2798919Z INFO:app.scheduler.services.notification_creation:Created overdue notification for invoice INV-4913 (294 days overdue)
Backend CI	Run tests	2026-03-17T02:41:37.2800270Z INFO:app.scheduler.services.notification_creation:Created overdue notification for invoice INV-5675 (80 days overdue)
Backend CI	Run tests	2026-03-17T02:41:37.2801636Z INFO:app.scheduler.services.notification_creation:Created overdue notification for invoice INV-9999 (127 days overdue)
Backend CI	Run tests	2026-03-17T02:41:37.2802831Z INFO:app.scheduler.services.notification_creation:Created overdue notification for invoice INV-1001 (267 days overdue)
Backend CI	Run tests	2026-03-17T02:41:37.2803593Z INFO:app.scheduler.services.notification_creation:Created overdue notification for invoice INV-5845 (1 days overdue)
Backend CI	Run tests	2026-03-17T02:41:37.2804338Z INFO:app.scheduler.services.notification_creation:Created overdue notification for invoice INV-1000 (1 days overdue)
Backend CI	Run tests	2026-03-17T02:41:37.2805095Z INFO:app.scheduler.services.notification_creation:Created overdue notification for invoice INV-5999 (153 days overdue)
Backend CI	Run tests	2026-03-17T02:41:37.2805858Z INFO:app.scheduler.services.notification_creation:Created overdue notification for invoice INV-4252 (297 days overdue)
Backend CI	Run tests	2026-03-17T02:41:37.2806617Z INFO:app.scheduler.services.notification_creation:Created overdue notification for invoice INV-3524 (148 days overdue)
Backend CI	Run tests	2026-03-17T02:41:37.2807377Z INFO:app.scheduler.services.notification_creation:Created overdue notification for invoice INV-1687 (351 days overdue)
Backend CI	Run tests	2026-03-17T02:41:37.2808138Z INFO:app.scheduler.services.notification_creation:Created overdue notification for invoice INV-4913 (294 days overdue)
Backend CI	Run tests	2026-03-17T02:41:37.2808894Z INFO:app.scheduler.services.notification_creation:Created overdue notification for invoice INV-5675 (80 days overdue)
Backend CI	Run tests	2026-03-17T02:41:37.2809650Z INFO:app.scheduler.services.notification_creation:Created overdue notification for invoice INV-9999 (127 days overdue)
Backend CI	Run tests	2026-03-17T02:41:37.2810406Z INFO:app.scheduler.services.notification_creation:Created overdue notification for invoice INV-1001 (267 days overdue)
Backend CI	Run tests	2026-03-17T02:41:37.2811308Z INFO:app.scheduler.services.notification_creation:Created overdue notification for invoice INV-5845 (1 days overdue)
Backend CI	Run tests	2026-03-17T02:41:37.2812055Z INFO:app.scheduler.services.notification_creation:Created overdue notification for invoice INV-1000 (1 days overdue)
Backend CI	Run tests	2026-03-17T02:41:37.2813068Z INFO:app.scheduler.services.notification_creation:Created overdue notification for invoice INV-5999 (153 days overdue)
Backend CI	Run tests	2026-03-17T02:41:37.2813839Z INFO:app.scheduler.services.notification_creation:Created overdue notification for invoice INV-4252 (297 days overdue)
Backend CI	Run tests	2026-03-17T02:41:37.2814602Z INFO:app.scheduler.services.notification_creation:Created overdue notification for invoice INV-3524 (148 days overdue)
Backend CI	Run tests	2026-03-17T02:41:37.2815371Z INFO:app.scheduler.services.notification_creation:Created overdue notification for invoice INV-1687 (351 days overdue)
Backend CI	Run tests	2026-03-17T02:41:37.2816131Z INFO:app.scheduler.services.notification_creation:Created overdue notification for invoice INV-9048 (192 days overdue)
Backend CI	Run tests	2026-03-17T02:41:37.2816902Z INFO:app.scheduler.services.notification_creation:Created overdue notification for invoice INV-9381 (363 days overdue)
Backend CI	Run tests	2026-03-17T02:41:37.2817652Z INFO:app.scheduler.services.notification_creation:Created overdue notification for invoice INV-4270 (49 days overdue)
Backend CI	Run tests	2026-03-17T02:41:37.2818583Z INFO:app.scheduler.services.notification_creation:Created overdue notification for invoice INV-1909 (144 days overdue)
Backend CI	Run tests	2026-03-17T02:41:37.2819339Z INFO:app.scheduler.services.notification_creation:Created overdue notification for invoice INV-6207 (326 days overdue)
Backend CI	Run tests	2026-03-17T02:41:37.2820090Z INFO:app.scheduler.services.notification_creation:Created overdue notification for invoice INV-1000 (1 days overdue)
Backend CI	Run tests	2026-03-17T02:41:37.2820836Z INFO:app.scheduler.services.notification_creation:Created overdue notification for invoice INV-9048 (192 days overdue)
Backend CI	Run tests	2026-03-17T02:41:37.2821596Z INFO:app.scheduler.services.notification_creation:Created overdue notification for invoice INV-9381 (363 days overdue)
Backend CI	Run tests	2026-03-17T02:41:37.2822354Z INFO:app.scheduler.services.notification_creation:Created overdue notification for invoice INV-4270 (49 days overdue)
Backend CI	Run tests	2026-03-17T02:41:37.2823497Z INFO:app.scheduler.services.notification_creation:Created overdue notification for invoice INV-1909 (144 days overdue)
Backend CI	Run tests	2026-03-17T02:41:37.2824271Z INFO:app.scheduler.services.notification_creation:Created overdue notification for invoice INV-6207 (326 days overdue)
Backend CI	Run tests	2026-03-17T02:41:37.2825025Z INFO:app.scheduler.services.notification_creation:Created overdue notification for invoice INV-1000 (1 days overdue)
Backend CI	Run tests	2026-03-17T02:41:37.2825774Z INFO:app.scheduler.services.notification_creation:Created overdue notification for invoice INV-9798 (187 days overdue)
Backend CI	Run tests	2026-03-17T02:41:37.2826548Z INFO:app.scheduler.services.notification_creation:Created overdue notification for invoice INV-9999 (286 days overdue)
Backend CI	Run tests	2026-03-17T02:41:37.2827308Z INFO:app.scheduler.services.notification_creation:Created overdue notification for invoice INV-4625 (34 days overdue)
Backend CI	Run tests	2026-03-17T02:41:37.2828075Z INFO:app.scheduler.services.notification_creation:Created overdue notification for invoice INV-8551 (246 days overdue)
Backend CI	Run tests	2026-03-17T02:41:37.2828834Z INFO:app.scheduler.services.notification_creation:Created overdue notification for invoice INV-2439 (331 days overdue)
Backend CI	Run tests	2026-03-17T02:41:37.2829594Z INFO:app.scheduler.services.notification_creation:Created overdue notification for invoice INV-1000 (1 days overdue)
Backend CI	Run tests	2026-03-17T02:41:37.2830344Z INFO:app.scheduler.services.notification_creation:Created overdue notification for invoice INV-9798 (187 days overdue)
Backend CI	Run tests	2026-03-17T02:41:37.2831102Z INFO:app.scheduler.services.notification_creation:Created overdue notification for invoice INV-9999 (286 days overdue)
Backend CI	Run tests	2026-03-17T02:41:37.2831860Z INFO:app.scheduler.services.notification_creation:Created overdue notification for invoice INV-4625 (34 days overdue)
Backend CI	Run tests	2026-03-17T02:41:37.2832614Z INFO:app.scheduler.services.notification_creation:Created overdue notification for invoice INV-8551 (246 days overdue)
Backend CI	Run tests	2026-03-17T02:41:37.2833642Z INFO:app.scheduler.services.notification_creation:Created overdue notification for invoice INV-2439 (331 days overdue)
Backend CI	Run tests	2026-03-17T02:41:37.2834410Z INFO:app.scheduler.services.notification_creation:Created overdue notification for invoice INV-1000 (1 days overdue)
Backend CI	Run tests	2026-03-17T02:41:37.2835206Z INFO:app.scheduler.services.notification_creation:Created overdue notification for invoice INV-5786 (203 days overdue)
Backend CI	Run tests	2026-03-17T02:41:37.2835966Z INFO:app.scheduler.services.notification_creation:Created overdue notification for invoice INV-8735 (234 days overdue)
Backend CI	Run tests	2026-03-17T02:41:37.2836715Z INFO:app.scheduler.services.notification_creation:Created overdue notification for invoice INV-7336 (14 days overdue)
Backend CI	Run tests	2026-03-17T02:41:37.2837471Z INFO:app.scheduler.services.notification_creation:Created overdue notification for invoice INV-4149 (354 days overdue)
Backend CI	Run tests	2026-03-17T02:41:37.2838230Z INFO:app.scheduler.services.notification_creation:Created overdue notification for invoice INV-7149 (215 days overdue)
Backend CI	Run tests	2026-03-17T02:41:37.2838990Z INFO:app.scheduler.services.notification_creation:Created overdue notification for invoice INV-1000 (1 days overdue)
Backend CI	Run tests	2026-03-17T02:41:37.2839737Z INFO:app.scheduler.services.notification_creation:Created overdue notification for invoice INV-3321 (341 days overdue)
Backend CI	Run tests	2026-03-17T02:41:37.2840617Z INFO:app.scheduler.services.notification_creation:Created overdue notification for invoice INV-2298 (252 days overdue)
Backend CI	Run tests	2026-03-17T02:41:37.2841380Z INFO:app.scheduler.services.notification_creation:Created overdue notification for invoice INV-9018 (17 days overdue)
Backend CI	Run tests	2026-03-17T02:41:37.2842137Z INFO:app.scheduler.services.notification_creation:Created overdue notification for invoice INV-1277 (355 days overdue)
Backend CI	Run tests	2026-03-17T02:41:37.2843125Z INFO:app.scheduler.services.notification_creation:Created overdue notification for invoice INV-5786 (203 days overdue)
Backend CI	Run tests	2026-03-17T02:41:37.2843906Z INFO:app.scheduler.services.notification_creation:Created overdue notification for invoice INV-8735 (234 days overdue)
Backend CI	Run tests	2026-03-17T02:41:37.2844677Z INFO:app.scheduler.services.notification_creation:Created overdue notification for invoice INV-7336 (14 days overdue)
Backend CI	Run tests	2026-03-17T02:41:37.2845511Z INFO:app.scheduler.services.notification_creation:Created overdue notification for invoice INV-4149 (354 days overdue)
Backend CI	Run tests	2026-03-17T02:41:37.2846421Z INFO:app.scheduler.services.notification_creation:Created overdue notification for invoice INV-7149 (215 days overdue)
Backend CI	Run tests	2026-03-17T02:41:37.2847177Z INFO:app.scheduler.services.notification_creation:Created overdue notification for invoice INV-1000 (1 days overdue)
Backend CI	Run tests	2026-03-17T02:41:37.2847929Z INFO:app.scheduler.services.notification_creation:Created overdue notification for invoice INV-3321 (341 days overdue)
Backend CI	Run tests	2026-03-17T02:41:37.2848688Z INFO:app.scheduler.services.notification_creation:Created overdue notification for invoice INV-2298 (252 days overdue)
Backend CI	Run tests	2026-03-17T02:41:37.2849436Z INFO:app.scheduler.services.notification_creation:Created overdue notification for invoice INV-9018 (17 days overdue)
Backend CI	Run tests	2026-03-17T02:41:37.2850197Z INFO:app.scheduler.services.notification_creation:Created overdue notification for invoice INV-1277 (355 days overdue)
Backend CI	Run tests	2026-03-17T02:41:37.2850957Z INFO:app.scheduler.services.notification_creation:Created overdue notification for invoice INV-4338 (161 days overdue)
Backend CI	Run tests	2026-03-17T02:41:37.2851715Z INFO:app.scheduler.services.notification_creation:Created overdue notification for invoice INV-8676 (147 days overdue)
Backend CI	Run tests	2026-03-17T02:41:37.2852473Z INFO:app.scheduler.services.notification_creation:Created overdue notification for invoice INV-8407 (220 days overdue)
Backend CI	Run tests	2026-03-17T02:41:37.2853476Z INFO:app.scheduler.services.notification_creation:Created overdue notification for invoice INV-4924 (115 days overdue)
Backend CI	Run tests	2026-03-17T02:41:37.2854238Z INFO:app.scheduler.services.notification_creation:Created overdue notification for invoice INV-8497 (306 days overdue)
Backend CI	Run tests	2026-03-17T02:41:37.2854991Z INFO:app.scheduler.services.notification_creation:Created overdue notification for invoice INV-1000 (1 days overdue)
Backend CI	Run tests	2026-03-17T02:41:37.2855880Z INFO:app.scheduler.services.notification_creation:Created overdue notification for invoice INV-4338 (161 days overdue)
Backend CI	Run tests	2026-03-17T02:41:37.2856634Z INFO:app.scheduler.services.notification_creation:Created overdue notification for invoice INV-8676 (147 days overdue)
Backend CI	Run tests	2026-03-17T02:41:37.2857393Z INFO:app.scheduler.services.notification_creation:Created overdue notification for invoice INV-8407 (220 days overdue)
Backend CI	Run tests	2026-03-17T02:41:37.2858150Z INFO:app.scheduler.services.notification_creation:Created overdue notification for invoice INV-4924 (115 days overdue)
Backend CI	Run tests	2026-03-17T02:41:37.2858478Z INFO:app.scheduler.services.notification_creation:Created overdue notification for invoice INV-8497 (306 days overdue)
Backend CI	Run tests	2026-03-17T02:41:37.2858808Z INFO:app.scheduler.services.notification_creation:Created overdue notification for invoice INV-1000 (1 days overdue)
Backend CI	Run tests	2026-03-17T02:41:37.2859140Z INFO:app.scheduler.services.notification_creation:Created overdue notification for invoice INV-6502 (2 days overdue)
Backend CI	Run tests	2026-03-17T02:41:37.2859462Z INFO:app.scheduler.services.notification_creation:Created overdue notification for invoice INV-8649 (63 days overdue)
Backend CI	Run tests	2026-03-17T02:41:37.2859819Z INFO:app.scheduler.services.notification_creation:Created overdue notification for invoice INV-4511 (39 days overdue)
Backend CI	Run tests	2026-03-17T02:41:37.2860261Z INFO:app.scheduler.services.notification_creation:Created overdue notification for invoice INV-9165 (57 days overdue)
Backend CI	Run tests	2026-03-17T02:41:37.2860594Z INFO:app.scheduler.services.notification_creation:Created overdue notification for invoice INV-6529 (346 days overdue)
Backend CI	Run tests	2026-03-17T02:41:37.2860924Z INFO:app.scheduler.services.notification_creation:Created overdue notification for invoice INV-3895 (112 days overdue)
Backend CI	Run tests	2026-03-17T02:41:37.2861253Z INFO:app.scheduler.services.notification_creation:Created overdue notification for invoice INV-3468 (361 days overdue)
Backend CI	Run tests	2026-03-17T02:41:37.2861591Z INFO:app.scheduler.services.notification_creation:Created overdue notification for invoice INV-9812 (110 days overdue)
Backend CI	Run tests	2026-03-17T02:41:37.2861920Z INFO:app.scheduler.services.notification_creation:Created overdue notification for invoice INV-6154 (198 days overdue)
Backend CI	Run tests	2026-03-17T02:41:37.2862250Z INFO:app.scheduler.services.notification_creation:Created overdue notification for invoice INV-7352 (233 days overdue)
Backend CI	Run tests	2026-03-17T02:41:37.2862576Z INFO:app.scheduler.services.notification_creation:Created overdue notification for invoice INV-1000 (1 days overdue)
Backend CI	Run tests	2026-03-17T02:41:37.2863181Z INFO:app.scheduler.services.notification_creation:Created overdue notification for invoice INV-3169 (344 days overdue)
Backend CI	Run tests	2026-03-17T02:41:37.2863523Z INFO:app.scheduler.services.notification_creation:Created overdue notification for invoice INV-2150 (50 days overdue)
Backend CI	Run tests	2026-03-17T02:41:37.2863856Z INFO:app.scheduler.services.notification_creation:Created overdue notification for invoice INV-3895 (112 days overdue)
Backend CI	Run tests	2026-03-17T02:41:37.2864197Z INFO:app.scheduler.services.notification_creation:Created overdue notification for invoice INV-3468 (361 days overdue)
Backend CI	Run tests	2026-03-17T02:41:37.2864534Z INFO:app.scheduler.services.notification_creation:Created overdue notification for invoice INV-9812 (110 days overdue)
Backend CI	Run tests	2026-03-17T02:41:37.2864873Z INFO:app.scheduler.services.notification_creation:Created overdue notification for invoice INV-6154 (198 days overdue)
Backend CI	Run tests	2026-03-17T02:41:37.2865205Z INFO:app.scheduler.services.notification_creation:Created overdue notification for invoice INV-7352 (233 days overdue)
Backend CI	Run tests	2026-03-17T02:41:37.2865529Z INFO:app.scheduler.services.notification_creation:Created overdue notification for invoice INV-1000 (1 days overdue)
Backend CI	Run tests	2026-03-17T02:41:37.2865867Z INFO:app.scheduler.services.notification_creation:Created overdue notification for invoice INV-3169 (344 days overdue)
Backend CI	Run tests	2026-03-17T02:41:37.2866194Z INFO:app.scheduler.services.notification_creation:Created overdue notification for invoice INV-2150 (50 days overdue)
Backend CI	Run tests	2026-03-17T02:41:37.2866656Z INFO:app.scheduler.services.notification_creation:Created overdue notification for invoice INV-3962 (151 days overdue)
Backend CI	Run tests	2026-03-17T02:41:37.2866988Z INFO:app.scheduler.services.notification_creation:Created overdue notification for invoice INV-1001 (228 days overdue)
Backend CI	Run tests	2026-03-17T02:41:37.2867319Z INFO:app.scheduler.services.notification_creation:Created overdue notification for invoice INV-1093 (136 days overdue)
Backend CI	Run tests	2026-03-17T02:41:37.2867651Z INFO:app.scheduler.services.notification_creation:Created overdue notification for invoice INV-1196 (358 days overdue)
Backend CI	Run tests	2026-03-17T02:41:37.2867980Z INFO:app.scheduler.services.notification_creation:Created overdue notification for invoice INV-1774 (248 days overdue)
Backend CI	Run tests	2026-03-17T02:41:37.2868303Z INFO:app.scheduler.services.notification_creation:Created overdue notification for invoice INV-1000 (1 days overdue)
Backend CI	Run tests	2026-03-17T02:41:37.2868637Z INFO:app.scheduler.services.notification_creation:Created overdue notification for invoice INV-9708 (364 days overdue)
Backend CI	Run tests	2026-03-17T02:41:37.2868968Z INFO:app.scheduler.services.notification_creation:Created overdue notification for invoice INV-7277 (228 days overdue)
Backend CI	Run tests	2026-03-17T02:41:37.2869298Z INFO:app.scheduler.services.notification_creation:Created overdue notification for invoice INV-9351 (25 days overdue)
Backend CI	Run tests	2026-03-17T02:41:37.2869730Z INFO:app.scheduler.services.notification_creation:Created overdue notification for invoice INV-7475 (57 days overdue)
Backend CI	Run tests	2026-03-17T02:41:37.2870061Z INFO:app.scheduler.services.notification_creation:Created overdue notification for invoice INV-3962 (151 days overdue)
Backend CI	Run tests	2026-03-17T02:41:37.2870393Z INFO:app.scheduler.services.notification_creation:Created overdue notification for invoice INV-1001 (228 days overdue)
Backend CI	Run tests	2026-03-17T02:41:37.2870722Z INFO:app.scheduler.services.notification_creation:Created overdue notification for invoice INV-1093 (136 days overdue)
Backend CI	Run tests	2026-03-17T02:41:37.2871055Z INFO:app.scheduler.services.notification_creation:Created overdue notification for invoice INV-1196 (358 days overdue)
Backend CI	Run tests	2026-03-17T02:41:37.2871389Z INFO:app.scheduler.services.notification_creation:Created overdue notification for invoice INV-1774 (248 days overdue)
Backend CI	Run tests	2026-03-17T02:41:37.2871710Z INFO:app.scheduler.services.notification_creation:Created overdue notification for invoice INV-1000 (1 days overdue)
Backend CI	Run tests	2026-03-17T02:41:37.2872047Z INFO:app.scheduler.services.notification_creation:Created overdue notification for invoice INV-9708 (364 days overdue)
Backend CI	Run tests	2026-03-17T02:41:37.2872377Z INFO:app.scheduler.services.notification_creation:Created overdue notification for invoice INV-7277 (228 days overdue)
Backend CI	Run tests	2026-03-17T02:41:37.2872835Z INFO:app.scheduler.services.notification_creation:Created overdue notification for invoice INV-9351 (25 days overdue)
Backend CI	Run tests	2026-03-17T02:41:37.2873185Z INFO:app.scheduler.services.notification_creation:Created overdue notification for invoice INV-7475 (57 days overdue)
Backend CI	Run tests	2026-03-17T02:41:37.2873513Z INFO:app.scheduler.services.notification_creation:Created overdue notification for invoice INV-7170 (97 days overdue)
Backend CI	Run tests	2026-03-17T02:41:37.2873845Z INFO:app.scheduler.services.notification_creation:Created overdue notification for invoice INV-4972 (3 days overdue)
Backend CI	Run tests	2026-03-17T02:41:37.2874178Z INFO:app.scheduler.services.notification_creation:Created overdue notification for invoice INV-3057 (175 days overdue)
Backend CI	Run tests	2026-03-17T02:41:37.2874525Z INFO:app.scheduler.services.notification_creation:Created overdue notification for invoice INV-5267 (284 days overdue)
Backend CI	Run tests	2026-03-17T02:41:37.2874853Z INFO:app.scheduler.services.notification_creation:Created overdue notification for invoice INV-7969 (282 days overdue)
Backend CI	Run tests	2026-03-17T02:41:37.2875175Z INFO:app.scheduler.services.notification_creation:Created overdue notification for invoice INV-1000 (1 days overdue)
Backend CI	Run tests	2026-03-17T02:41:37.2875509Z INFO:app.scheduler.services.notification_creation:Created overdue notification for invoice INV-1177 (362 days overdue)
Backend CI	Run tests	2026-03-17T02:41:37.2875838Z INFO:app.scheduler.services.notification_creation:Created overdue notification for invoice INV-9618 (149 days overdue)
Backend CI	Run tests	2026-03-17T02:41:37.2876287Z INFO:app.scheduler.services.notification_creation:Created overdue notification for invoice INV-7170 (97 days overdue)
Backend CI	Run tests	2026-03-17T02:41:37.2876610Z INFO:app.scheduler.services.notification_creation:Created overdue notification for invoice INV-4972 (3 days overdue)
Backend CI	Run tests	2026-03-17T02:41:37.2876942Z INFO:app.scheduler.services.notification_creation:Created overdue notification for invoice INV-3057 (175 days overdue)
Backend CI	Run tests	2026-03-17T02:41:37.2877286Z INFO:app.scheduler.services.notification_creation:Created overdue notification for invoice INV-5267 (284 days overdue)
Backend CI	Run tests	2026-03-17T02:41:37.2877617Z INFO:app.scheduler.services.notification_creation:Created overdue notification for invoice INV-7969 (282 days overdue)
Backend CI	Run tests	2026-03-17T02:41:37.2877945Z INFO:app.scheduler.services.notification_creation:Created overdue notification for invoice INV-1000 (1 days overdue)
Backend CI	Run tests	2026-03-17T02:41:37.2878273Z INFO:app.scheduler.services.notification_creation:Created overdue notification for invoice INV-1177 (362 days overdue)
Backend CI	Run tests	2026-03-17T02:41:37.2878613Z INFO:app.scheduler.services.notification_creation:Created overdue notification for invoice INV-9618 (149 days overdue)
Backend CI	Run tests	2026-03-17T02:41:37.2878944Z INFO:app.scheduler.services.notification_creation:Created overdue notification for invoice INV-7681 (302 days overdue)
Backend CI	Run tests	2026-03-17T02:41:37.2879381Z INFO:app.scheduler.services.notification_creation:Created overdue notification for invoice INV-5170 (345 days overdue)
Backend CI	Run tests	2026-03-17T02:41:37.2879735Z INFO:app.scheduler.services.notification_creation:Created overdue notification for invoice INV-5643 (94 days overdue)
Backend CI	Run tests	2026-03-17T02:41:37.2880064Z INFO:app.scheduler.services.notification_creation:Created overdue notification for invoice INV-1000 (323 days overdue)
Backend CI	Run tests	2026-03-17T02:41:37.2880400Z INFO:app.scheduler.services.notification_creation:Created overdue notification for invoice INV-7958 (206 days overdue)
Backend CI	Run tests	2026-03-17T02:41:37.2880723Z INFO:app.scheduler.services.notification_creation:Created overdue notification for invoice INV-1000 (1 days overdue)
Backend CI	Run tests	2026-03-17T02:41:37.2881057Z INFO:app.scheduler.services.notification_creation:Created overdue notification for invoice INV-7681 (302 days overdue)
Backend CI	Run tests	2026-03-17T02:41:37.2881392Z INFO:app.scheduler.services.notification_creation:Created overdue notification for invoice INV-5170 (345 days overdue)
Backend CI	Run tests	2026-03-17T02:41:37.2881723Z INFO:app.scheduler.services.notification_creation:Created overdue notification for invoice INV-5643 (94 days overdue)
Backend CI	Run tests	2026-03-17T02:41:37.2882058Z INFO:app.scheduler.services.notification_creation:Created overdue notification for invoice INV-1000 (323 days overdue)
Backend CI	Run tests	2026-03-17T02:41:37.2882388Z INFO:app.scheduler.services.notification_creation:Created overdue notification for invoice INV-7958 (206 days overdue)
Backend CI	Run tests	2026-03-17T02:41:37.2882816Z INFO:app.scheduler.services.notification_creation:Created overdue notification for invoice INV-1000 (1 days overdue)
Backend CI	Run tests	2026-03-17T02:41:37.2883149Z INFO:app.scheduler.services.notification_creation:Created overdue notification for invoice INV-3018 (50 days overdue)
Backend CI	Run tests	2026-03-17T02:41:37.2883486Z INFO:app.scheduler.services.notification_creation:Created overdue notification for invoice INV-2408 (180 days overdue)
Backend CI	Run tests	2026-03-17T02:41:37.2883822Z INFO:app.scheduler.services.notification_creation:Created overdue notification for invoice INV-5978 (122 days overdue)
Backend CI	Run tests	2026-03-17T02:41:37.2884156Z INFO:app.scheduler.services.notification_creation:Created overdue notification for invoice INV-9875 (215 days overdue)
Backend CI	Run tests	2026-03-17T02:41:37.2884485Z INFO:app.scheduler.services.notification_creation:Created overdue notification for invoice INV-8089 (103 days overdue)
Backend CI	Run tests	2026-03-17T02:41:37.2884815Z INFO:app.scheduler.services.notification_creation:Created overdue notification for invoice INV-1000 (1 days overdue)
Backend CI	Run tests	2026-03-17T02:41:37.2885141Z INFO:app.scheduler.services.notification_creation:Created overdue notification for invoice INV-6983 (274 days overdue)
Backend CI	Run tests	2026-03-17T02:41:37.2885474Z INFO:app.scheduler.services.notification_creation:Created overdue notification for invoice INV-1381 (191 days overdue)
Backend CI	Run tests	2026-03-17T02:41:37.2885915Z INFO:app.scheduler.services.notification_creation:Created overdue notification for invoice INV-3379 (3 days overdue)
Backend CI	Run tests	2026-03-17T02:41:37.2886245Z INFO:app.scheduler.services.notification_creation:Created overdue notification for invoice INV-3296 (218 days overdue)
Backend CI	Run tests	2026-03-17T02:41:37.2886579Z INFO:app.scheduler.services.notification_creation:Created overdue notification for invoice INV-3018 (50 days overdue)
Backend CI	Run tests	2026-03-17T02:41:37.2886907Z INFO:app.scheduler.services.notification_creation:Created overdue notification for invoice INV-2408 (180 days overdue)
Backend CI	Run tests	2026-03-17T02:41:37.2887240Z INFO:app.scheduler.services.notification_creation:Created overdue notification for invoice INV-5978 (122 days overdue)
Backend CI	Run tests	2026-03-17T02:41:37.2887570Z INFO:app.scheduler.services.notification_creation:Created overdue notification for invoice INV-9875 (215 days overdue)
Backend CI	Run tests	2026-03-17T02:41:37.2887898Z INFO:app.scheduler.services.notification_creation:Created overdue notification for invoice INV-8089 (103 days overdue)
Backend CI	Run tests	2026-03-17T02:41:37.2888231Z INFO:app.scheduler.services.notification_creation:Created overdue notification for invoice INV-1000 (1 days overdue)
Backend CI	Run tests	2026-03-17T02:41:37.2888560Z INFO:app.scheduler.services.notification_creation:Created overdue notification for invoice INV-6983 (274 days overdue)
Backend CI	Run tests	2026-03-17T02:41:37.2889009Z INFO:app.scheduler.services.notification_creation:Created overdue notification for invoice INV-1381 (191 days overdue)
Backend CI	Run tests	2026-03-17T02:41:37.2889339Z INFO:app.scheduler.services.notification_creation:Created overdue notification for invoice INV-3379 (3 days overdue)
Backend CI	Run tests	2026-03-17T02:41:37.2889671Z INFO:app.scheduler.services.notification_creation:Created overdue notification for invoice INV-3296 (218 days overdue)
Backend CI	Run tests	2026-03-17T02:41:37.2890007Z INFO:app.scheduler.services.notification_creation:Created overdue notification for invoice INV-7272 (347 days overdue)
Backend CI	Run tests	2026-03-17T02:41:37.2890334Z INFO:app.scheduler.services.notification_creation:Created overdue notification for invoice INV-5785 (313 days overdue)
Backend CI	Run tests	2026-03-17T02:41:37.2890673Z INFO:app.scheduler.services.notification_creation:Created overdue notification for invoice INV-7608 (265 days overdue)
Backend CI	Run tests	2026-03-17T02:41:37.2891002Z INFO:app.scheduler.services.notification_creation:Created overdue notification for invoice INV-7331 (180 days overdue)
Backend CI	Run tests	2026-03-17T02:41:37.2891334Z INFO:app.scheduler.services.notification_creation:Created overdue notification for invoice INV-7173 (132 days overdue)
Backend CI	Run tests	2026-03-17T02:41:37.2891660Z INFO:app.scheduler.services.notification_creation:Created overdue notification for invoice INV-1000 (1 days overdue)
Backend CI	Run tests	2026-03-17T02:41:37.2891988Z INFO:app.scheduler.services.notification_creation:Created overdue notification for invoice INV-7384 (133 days overdue)
Backend CI	Run tests	2026-03-17T02:41:37.2892314Z INFO:app.scheduler.services.notification_creation:Created overdue notification for invoice INV-2670 (6 days overdue)
Backend CI	Run tests	2026-03-17T02:41:37.2892646Z INFO:app.scheduler.services.notification_creation:Created overdue notification for invoice INV-7272 (347 days overdue)
Backend CI	Run tests	2026-03-17T02:41:37.2893247Z INFO:app.scheduler.services.notification_creation:Created overdue notification for invoice INV-5785 (313 days overdue)
Backend CI	Run tests	2026-03-17T02:41:37.2893586Z INFO:app.scheduler.services.notification_creation:Created overdue notification for invoice INV-7608 (265 days overdue)
Backend CI	Run tests	2026-03-17T02:41:37.2893921Z INFO:app.scheduler.services.notification_creation:Created overdue notification for invoice INV-7331 (180 days overdue)
Backend CI	Run tests	2026-03-17T02:41:37.2894263Z INFO:app.scheduler.services.notification_creation:Created overdue notification for invoice INV-7173 (132 days overdue)
Backend CI	Run tests	2026-03-17T02:41:37.2894587Z INFO:app.scheduler.services.notification_creation:Created overdue notification for invoice INV-1000 (1 days overdue)
Backend CI	Run tests	2026-03-17T02:41:37.2894916Z INFO:app.scheduler.services.notification_creation:Created overdue notification for invoice INV-7384 (133 days overdue)
Backend CI	Run tests	2026-03-17T02:41:37.2895243Z INFO:app.scheduler.services.notification_creation:Created overdue notification for invoice INV-2670 (6 days overdue)
Backend CI	Run tests	2026-03-17T02:41:37.2895725Z INFO:app.scheduler.services.notification_creation:Created overdue notification for invoice INV-3654 (199 days overdue)
Backend CI	Run tests	2026-03-17T02:41:37.2896057Z INFO:app.scheduler.services.notification_creation:Created overdue notification for invoice INV-2570 (31 days overdue)
Backend CI	Run tests	2026-03-17T02:41:37.2896389Z INFO:app.scheduler.services.notification_creation:Created overdue notification for invoice INV-6438 (327 days overdue)
Backend CI	Run tests	2026-03-17T02:41:37.2896721Z INFO:app.scheduler.services.notification_creation:Created overdue notification for invoice INV-7056 (67 days overdue)
Backend CI	Run tests	2026-03-17T02:41:37.2897051Z INFO:app.scheduler.services.notification_creation:Created overdue notification for invoice INV-3323 (172 days overdue)
Backend CI	Run tests	2026-03-17T02:41:37.2897376Z INFO:app.scheduler.services.notification_creation:Created overdue notification for invoice INV-1000 (1 days overdue)
Backend CI	Run tests	2026-03-17T02:41:37.2897714Z INFO:app.scheduler.services.notification_creation:Created overdue notification for invoice INV-9999 (308 days overdue)
Backend CI	Run tests	2026-03-17T02:41:37.2898048Z INFO:app.scheduler.services.notification_creation:Created overdue notification for invoice INV-3654 (199 days overdue)
Backend CI	Run tests	2026-03-17T02:41:37.2898380Z INFO:app.scheduler.services.notification_creation:Created overdue notification for invoice INV-2570 (31 days overdue)
Backend CI	Run tests	2026-03-17T02:41:37.2898815Z INFO:app.scheduler.services.notification_creation:Created overdue notification for invoice INV-6438 (327 days overdue)
Backend CI	Run tests	2026-03-17T02:41:37.2899356Z INFO:app.scheduler.services.notification_creation:Created overdue notification for invoice INV-7056 (67 days overdue)
Backend CI	Run tests	2026-03-17T02:41:37.2899700Z INFO:app.scheduler.services.notification_creation:Created overdue notification for invoice INV-3323 (172 days overdue)
Backend CI	Run tests	2026-03-17T02:41:37.2900023Z INFO:app.scheduler.services.notification_creation:Created overdue notification for invoice INV-1000 (1 days overdue)
Backend CI	Run tests	2026-03-17T02:41:37.2900356Z INFO:app.scheduler.services.notification_creation:Created overdue notification for invoice INV-9999 (308 days overdue)
Backend CI	Run tests	2026-03-17T02:41:37.2900687Z INFO:app.scheduler.services.notification_creation:Created overdue notification for invoice INV-8206 (50 days overdue)
Backend CI	Run tests	2026-03-17T02:41:37.2901014Z INFO:app.scheduler.services.notification_creation:Created overdue notification for invoice INV-6435 (50 days overdue)
Backend CI	Run tests	2026-03-17T02:41:37.2901351Z INFO:app.scheduler.services.notification_creation:Created overdue notification for invoice INV-4289 (76 days overdue)
Backend CI	Run tests	2026-03-17T02:41:37.2901676Z INFO:app.scheduler.services.notification_creation:Created overdue notification for invoice INV-7491 (31 days overdue)
Backend CI	Run tests	2026-03-17T02:41:37.2902008Z INFO:app.scheduler.services.notification_creation:Created overdue notification for invoice INV-4591 (268 days overdue)
Backend CI	Run tests	2026-03-17T02:41:37.2902331Z INFO:app.scheduler.services.notification_creation:Created overdue notification for invoice INV-1000 (1 days overdue)
Backend CI	Run tests	2026-03-17T02:41:37.2902834Z INFO:app.scheduler.services.notification_creation:Created overdue notification for invoice INV-8903 (211 days overdue)
Backend CI	Run tests	2026-03-17T02:41:37.2903262Z INFO:app.scheduler.services.notification_creation:Created overdue notification for invoice INV-8206 (50 days overdue)
Backend CI	Run tests	2026-03-17T02:41:37.2903598Z INFO:app.scheduler.services.notification_creation:Created overdue notification for invoice INV-6435 (50 days overdue)
Backend CI	Run tests	2026-03-17T02:41:37.2903937Z INFO:app.scheduler.services.notification_creation:Created overdue notification for invoice INV-4289 (76 days overdue)
Backend CI	Run tests	2026-03-17T02:41:37.2904260Z INFO:app.scheduler.services.notification_creation:Created overdue notification for invoice INV-7491 (31 days overdue)
Backend CI	Run tests	2026-03-17T02:41:37.2904603Z INFO:app.scheduler.services.notification_creation:Created overdue notification for invoice INV-4591 (268 days overdue)
Backend CI	Run tests	2026-03-17T02:41:37.2904931Z INFO:app.scheduler.services.notification_creation:Created overdue notification for invoice INV-1000 (1 days overdue)
Backend CI	Run tests	2026-03-17T02:41:37.2905393Z INFO:app.scheduler.services.notification_creation:Created overdue notification for invoice INV-8903 (211 days overdue)
Backend CI	Run tests	2026-03-17T02:41:37.2905729Z INFO:app.scheduler.services.notification_creation:Created overdue notification for invoice INV-3416 (141 days overdue)
Backend CI	Run tests	2026-03-17T02:41:37.2906054Z INFO:app.scheduler.services.notification_creation:Created overdue notification for invoice INV-4096 (60 days overdue)
Backend CI	Run tests	2026-03-17T02:41:37.2906390Z INFO:app.scheduler.services.notification_creation:Created overdue notification for invoice INV-4792 (308 days overdue)
Backend CI	Run tests	2026-03-17T02:41:37.2906724Z INFO:app.scheduler.services.notification_creation:Created overdue notification for invoice INV-7550 (294 days overdue)
Backend CI	Run tests	2026-03-17T02:41:37.2907052Z INFO:app.scheduler.services.notification_creation:Created overdue notification for invoice INV-2799 (256 days overdue)
Backend CI	Run tests	2026-03-17T02:41:37.2907379Z INFO:app.scheduler.services.notification_creation:Created overdue notification for invoice INV-1000 (1 days overdue)
Backend CI	Run tests	2026-03-17T02:41:37.2907712Z INFO:app.scheduler.services.notification_creation:Created overdue notification for invoice INV-3416 (141 days overdue)
Backend CI	Run tests	2026-03-17T02:41:37.2908036Z INFO:app.scheduler.services.notification_creation:Created overdue notification for invoice INV-4096 (60 days overdue)
Backend CI	Run tests	2026-03-17T02:41:37.2908479Z INFO:app.scheduler.services.notification_creation:Created overdue notification for invoice INV-4792 (308 days overdue)
Backend CI	Run tests	2026-03-17T02:41:37.2908809Z INFO:app.scheduler.services.notification_creation:Created overdue notification for invoice INV-7550 (294 days overdue)
Backend CI	Run tests	2026-03-17T02:41:37.2909147Z INFO:app.scheduler.services.notification_creation:Created overdue notification for invoice INV-2799 (256 days overdue)
Backend CI	Run tests	2026-03-17T02:41:37.2909469Z INFO:app.scheduler.services.notification_creation:Created overdue notification for invoice INV-1000 (1 days overdue)
Backend CI	Run tests	2026-03-17T02:41:37.2909799Z INFO:app.scheduler.services.notification_creation:Created overdue notification for invoice INV-4641 (164 days overdue)
Backend CI	Run tests	2026-03-17T02:41:37.2910140Z INFO:app.scheduler.services.notification_creation:Created overdue notification for invoice INV-1067 (315 days overdue)
Backend CI	Run tests	2026-03-17T02:41:37.2910467Z INFO:app.scheduler.services.notification_creation:Created overdue notification for invoice INV-3660 (295 days overdue)
Backend CI	Run tests	2026-03-17T02:41:37.2910807Z INFO:app.scheduler.services.notification_creation:Created overdue notification for invoice INV-9149 (228 days overdue)
Backend CI	Run tests	2026-03-17T02:41:37.2911136Z INFO:app.scheduler.services.notification_creation:Created overdue notification for invoice INV-9999 (302 days overdue)
Backend CI	Run tests	2026-03-17T02:41:37.2911460Z INFO:app.scheduler.services.notification_creation:Created overdue notification for invoice INV-1000 (1 days overdue)
Backend CI	Run tests	2026-03-17T02:41:37.2911793Z INFO:app.scheduler.services.notification_creation:Created overdue notification for invoice INV-3363 (141 days overdue)
Backend CI	Run tests	2026-03-17T02:41:37.2912118Z INFO:app.scheduler.services.notification_creation:Created overdue notification for invoice INV-7412 (181 days overdue)
Backend CI	Run tests	2026-03-17T02:41:37.2912454Z INFO:app.scheduler.services.notification_creation:Created overdue notification for invoice INV-7361 (284 days overdue)
Backend CI	Run tests	2026-03-17T02:41:37.2912903Z INFO:app.scheduler.services.notification_creation:Created overdue notification for invoice INV-3593 (58 days overdue)
Backend CI	Run tests	2026-03-17T02:41:37.2913239Z INFO:app.scheduler.services.notification_creation:Created overdue notification for invoice INV-4641 (164 days overdue)
Backend CI	Run tests	2026-03-17T02:41:37.2913571Z INFO:app.scheduler.services.notification_creation:Created overdue notification for invoice INV-1067 (315 days overdue)
Backend CI	Run tests	2026-03-17T02:41:37.2913898Z INFO:app.scheduler.services.notification_creation:Created overdue notification for invoice INV-3660 (295 days overdue)
Backend CI	Run tests	2026-03-17T02:41:37.2914240Z INFO:app.scheduler.services.notification_creation:Created overdue notification for invoice INV-9149 (228 days overdue)
Backend CI	Run tests	2026-03-17T02:41:37.2914570Z INFO:app.scheduler.services.notification_creation:Created overdue notification for invoice INV-9999 (302 days overdue)
Backend CI	Run tests	2026-03-17T02:41:37.2915026Z INFO:app.scheduler.services.notification_creation:Created overdue notification for invoice INV-1000 (1 days overdue)
Backend CI	Run tests	2026-03-17T02:41:37.2915360Z INFO:app.scheduler.services.notification_creation:Created overdue notification for invoice INV-3363 (141 days overdue)
Backend CI	Run tests	2026-03-17T02:41:37.2915696Z INFO:app.scheduler.services.notification_creation:Created overdue notification for invoice INV-7412 (181 days overdue)
Backend CI	Run tests	2026-03-17T02:41:37.2916028Z INFO:app.scheduler.services.notification_creation:Created overdue notification for invoice INV-7361 (284 days overdue)
Backend CI	Run tests	2026-03-17T02:41:37.2916354Z INFO:app.scheduler.services.notification_creation:Created overdue notification for invoice INV-3593 (58 days overdue)
Backend CI	Run tests	2026-03-17T02:41:37.2916687Z INFO:app.scheduler.services.notification_creation:Created overdue notification for invoice INV-6652 (274 days overdue)
Backend CI	Run tests	2026-03-17T02:41:37.2917012Z INFO:app.scheduler.services.notification_creation:Created overdue notification for invoice INV-6810 (19 days overdue)
Backend CI	Run tests	2026-03-17T02:41:37.2917339Z INFO:app.scheduler.services.notification_creation:Created overdue notification for invoice INV-3229 (1 days overdue)
Backend CI	Run tests	2026-03-17T02:41:37.2917678Z INFO:app.scheduler.services.notification_creation:Created overdue notification for invoice INV-9406 (310 days overdue)
Backend CI	Run tests	2026-03-17T02:41:37.2918154Z INFO:app.scheduler.services.notification_creation:Created overdue notification for invoice INV-8952 (331 days overdue)
Backend CI	Run tests	2026-03-17T02:41:37.2918482Z INFO:app.scheduler.services.notification_creation:Created overdue notification for invoice INV-1000 (1 days overdue)
Backend CI	Run tests	2026-03-17T02:41:37.2918810Z INFO:app.scheduler.services.notification_creation:Created overdue notification for invoice INV-6652 (274 days overdue)
Backend CI	Run tests	2026-03-17T02:41:37.2919133Z INFO:app.scheduler.services.notification_creation:Created overdue notification for invoice INV-6810 (19 days overdue)
Backend CI	Run tests	2026-03-17T02:41:37.2919461Z INFO:app.scheduler.services.notification_creation:Created overdue notification for invoice INV-3229 (1 days overdue)
Backend CI	Run tests	2026-03-17T02:41:37.2919792Z INFO:app.scheduler.services.notification_creation:Created overdue notification for invoice INV-9406 (310 days overdue)
Backend CI	Run tests	2026-03-17T02:41:37.2920127Z INFO:app.scheduler.services.notification_creation:Created overdue notification for invoice INV-8952 (331 days overdue)
Backend CI	Run tests	2026-03-17T02:41:37.2920454Z INFO:app.scheduler.services.notification_creation:Created overdue notification for invoice INV-1000 (1 days overdue)
Backend CI	Run tests	2026-03-17T02:41:37.2920775Z INFO:app.scheduler.services.notification_creation:Created overdue notification for invoice INV-1000 (1 days overdue)
Backend CI	Run tests	2026-03-17T02:41:37.2921103Z INFO:app.scheduler.services.notification_creation:Created overdue notification for invoice INV-1000 (1 days overdue)
Backend CI	Run tests	2026-03-17T02:41:37.2921425Z INFO:app.scheduler.services.notification_creation:Created overdue notification for invoice INV-1000 (1 days overdue)
Backend CI	Run tests	2026-03-17T02:41:37.2921754Z INFO:app.scheduler.services.notification_creation:Created overdue notification for invoice INV-1000 (1 days overdue)
Backend CI	Run tests	2026-03-17T02:41:37.2922081Z INFO:app.scheduler.services.notification_creation:Created overdue notification for invoice INV-1000 (1 days overdue)
Backend CI	Run tests	2026-03-17T02:41:37.2922401Z INFO:app.scheduler.services.notification_creation:Created overdue notification for invoice INV-1000 (1 days overdue)
Backend CI	Run tests	2026-03-17T02:41:37.2922975Z INFO:app.scheduler.services.notification_creation:Created overdue notification for invoice INV-1000 (1 days overdue)
Backend CI	Run tests	2026-03-17T02:41:37.2923328Z INFO:app.scheduler.services.notification_creation:Created overdue notification for invoice INV-1000 (1 days overdue)
Backend CI	Run tests	2026-03-17T02:41:37.2923659Z INFO:app.scheduler.services.notification_creation:Created overdue notification for invoice INV-1000 (1 days overdue)
Backend CI	Run tests	2026-03-17T02:41:37.2923982Z INFO:app.scheduler.services.notification_creation:Created overdue notification for invoice INV-1000 (1 days overdue)
Backend CI	Run tests	2026-03-17T02:41:37.2924303Z INFO:app.scheduler.services.notification_creation:Created overdue notification for invoice INV-1000 (1 days overdue)
Backend CI	Run tests	2026-03-17T02:41:37.2924762Z INFO:app.scheduler.services.notification_creation:Created overdue notification for invoice INV-1000 (1 days overdue)
Backend CI	Run tests	2026-03-17T02:41:37.2925085Z INFO:app.scheduler.services.notification_creation:Created overdue notification for invoice INV-1000 (1 days overdue)
Backend CI	Run tests	2026-03-17T02:41:37.2925418Z INFO:app.scheduler.services.notification_creation:Created overdue notification for invoice INV-1000 (1 days overdue)
Backend CI	Run tests	2026-03-17T02:41:37.2925740Z INFO:app.scheduler.services.notification_creation:Created overdue notification for invoice INV-1000 (1 days overdue)
Backend CI	Run tests	2026-03-17T02:41:37.2926062Z INFO:app.scheduler.services.notification_creation:Created overdue notification for invoice INV-1000 (1 days overdue)
Backend CI	Run tests	2026-03-17T02:41:37.2926390Z INFO:app.scheduler.services.notification_creation:Created overdue notification for invoice INV-1000 (1 days overdue)
Backend CI	Run tests	2026-03-17T02:41:37.2926710Z INFO:app.scheduler.services.notification_creation:Created overdue notification for invoice INV-1000 (1 days overdue)
Backend CI	Run tests	2026-03-17T02:41:37.2927042Z INFO:app.scheduler.services.notification_creation:Created overdue notification for invoice INV-1000 (1 days overdue)
Backend CI	Run tests	2026-03-17T02:41:37.2927364Z INFO:app.scheduler.services.notification_creation:Created overdue notification for invoice INV-1000 (1 days overdue)
Backend CI	Run tests	2026-03-17T02:41:37.2927792Z INFO:app.scheduler.services.notification_creation:Created overdue notification for invoice INV-1000 (1 days overdue)
Backend CI	Run tests	2026-03-17T02:41:37.2928119Z INFO:app.scheduler.services.notification_creation:Created overdue notification for invoice INV-1000 (1 days overdue)
Backend CI	Run tests	2026-03-17T02:41:37.2928440Z INFO:app.scheduler.services.notification_creation:Created overdue notification for invoice INV-1000 (1 days overdue)
Backend CI	Run tests	2026-03-17T02:41:37.2928770Z INFO:app.scheduler.services.notification_creation:Created overdue notification for invoice INV-1000 (1 days overdue)
Backend CI	Run tests	2026-03-17T02:41:37.2929089Z INFO:app.scheduler.services.notification_creation:Created overdue notification for invoice INV-1000 (1 days overdue)
Backend CI	Run tests	2026-03-17T02:41:37.2929415Z INFO:app.scheduler.services.notification_creation:Created overdue notification for invoice INV-1000 (1 days overdue)
Backend CI	Run tests	2026-03-17T02:41:37.2929742Z INFO:app.scheduler.services.notification_creation:Created overdue notification for invoice INV-1000 (1 days overdue)
Backend CI	Run tests	2026-03-17T02:41:37.2930067Z INFO:app.scheduler.services.notification_creation:Created overdue notification for invoice INV-1000 (1 days overdue)
Backend CI	Run tests	2026-03-17T02:41:37.2930394Z INFO:app.scheduler.services.notification_creation:Created overdue notification for invoice INV-1000 (1 days overdue)
Backend CI	Run tests	2026-03-17T02:41:37.2930720Z INFO:app.scheduler.services.notification_creation:Created overdue notification for invoice INV-1000 (1 days overdue)
Backend CI	Run tests	2026-03-17T02:41:37.2931041Z INFO:app.scheduler.services.notification_creation:Created overdue notification for invoice INV-1000 (1 days overdue)
Backend CI	Run tests	2026-03-17T02:41:37.2931369Z INFO:app.scheduler.services.notification_creation:Created overdue notification for invoice INV-1000 (1 days overdue)
Backend CI	Run tests	2026-03-17T02:41:37.2931699Z INFO:app.scheduler.services.notification_creation:Created overdue notification for invoice INV-1000 (1 days overdue)
Backend CI	Run tests	2026-03-17T02:41:37.2932025Z INFO:app.scheduler.services.notification_creation:Created overdue notification for invoice INV-1000 (1 days overdue)
Backend CI	Run tests	2026-03-17T02:41:37.2932351Z INFO:app.scheduler.services.notification_creation:Created overdue notification for invoice INV-1000 (1 days overdue)
Backend CI	Run tests	2026-03-17T02:41:37.2932871Z INFO:app.scheduler.services.notification_creation:Created overdue notification for invoice INV-1000 (1 days overdue)
Backend CI	Run tests	2026-03-17T02:41:37.2933254Z INFO:app.scheduler.services.notification_creation:Created overdue notification for invoice INV-1000 (1 days overdue)
Backend CI	Run tests	2026-03-17T02:41:37.2933577Z INFO:app.scheduler.services.notification_creation:Created overdue notification for invoice INV-1000 (1 days overdue)
Backend CI	Run tests	2026-03-17T02:41:37.2933904Z INFO:app.scheduler.services.notification_creation:Created overdue notification for invoice INV-1000 (1 days overdue)
Backend CI	Run tests	2026-03-17T02:41:37.2934363Z INFO:app.scheduler.services.notification_creation:Created overdue notification for invoice INV-1000 (1 days overdue)
Backend CI	Run tests	2026-03-17T02:41:37.2934687Z INFO:app.scheduler.services.notification_creation:Created overdue notification for invoice INV-1000 (1 days overdue)
Backend CI	Run tests	2026-03-17T02:41:37.2935051Z INFO:app.scheduler.services.notification_creation:Created overdue notification for invoice INV-1000 (1 days overdue)
Backend CI	Run tests	2026-03-17T02:41:37.2935375Z INFO:app.scheduler.services.notification_creation:Created overdue notification for invoice INV-1000 (1 days overdue)
Backend CI	Run tests	2026-03-17T02:41:37.2935703Z INFO:app.scheduler.services.notification_creation:Created overdue notification for invoice INV-1000 (1 days overdue)
Backend CI	Run tests	2026-03-17T02:41:37.2936024Z INFO:app.scheduler.services.notification_creation:Created overdue notification for invoice INV-1000 (1 days overdue)
Backend CI	Run tests	2026-03-17T02:41:37.2936346Z INFO:app.scheduler.services.notification_creation:Created overdue notification for invoice INV-1000 (1 days overdue)
Backend CI	Run tests	2026-03-17T02:41:37.2936678Z INFO:app.scheduler.services.notification_creation:Created overdue notification for invoice INV-1000 (1 days overdue)
Backend CI	Run tests	2026-03-17T02:41:37.2937003Z INFO:app.scheduler.services.notification_creation:Created overdue notification for invoice INV-1000 (1 days overdue)
Backend CI	Run tests	2026-03-17T02:41:37.2937443Z INFO:app.scheduler.services.notification_creation:Created overdue notification for invoice INV-1000 (1 days overdue)
Backend CI	Run tests	2026-03-17T02:41:37.2937766Z INFO:app.scheduler.services.notification_creation:Created overdue notification for invoice INV-1000 (1 days overdue)
Backend CI	Run tests	2026-03-17T02:41:37.2938090Z INFO:app.scheduler.services.notification_creation:Created overdue notification for invoice INV-1000 (1 days overdue)
Backend CI	Run tests	2026-03-17T02:41:37.2938418Z INFO:app.scheduler.services.notification_creation:Created overdue notification for invoice INV-1000 (1 days overdue)
Backend CI	Run tests	2026-03-17T02:41:37.2938739Z INFO:app.scheduler.services.notification_creation:Created overdue notification for invoice INV-1000 (1 days overdue)
Backend CI	Run tests	2026-03-17T02:41:37.2939072Z INFO:app.scheduler.services.notification_creation:Created overdue notification for invoice INV-1000 (1 days overdue)
Backend CI	Run tests	2026-03-17T02:41:37.2939393Z INFO:app.scheduler.services.notification_creation:Created overdue notification for invoice INV-1000 (1 days overdue)
Backend CI	Run tests	2026-03-17T02:41:37.2939722Z INFO:app.scheduler.services.notification_creation:Created overdue notification for invoice INV-1000 (1 days overdue)
Backend CI	Run tests	2026-03-17T02:41:37.2940047Z INFO:app.scheduler.services.notification_creation:Created overdue notification for invoice INV-1000 (1 days overdue)
Backend CI	Run tests	2026-03-17T02:41:37.2940370Z INFO:app.scheduler.services.notification_creation:Created overdue notification for invoice INV-1000 (1 days overdue)
Backend CI	Run tests	2026-03-17T02:41:37.2940698Z INFO:app.scheduler.services.notification_creation:Created overdue notification for invoice INV-1000 (1 days overdue)
Backend CI	Run tests	2026-03-17T02:41:37.2941020Z INFO:app.scheduler.services.notification_creation:Created overdue notification for invoice INV-1000 (1 days overdue)
Backend CI	Run tests	2026-03-17T02:41:37.2941345Z INFO:app.scheduler.services.notification_creation:Created overdue notification for invoice INV-1000 (1 days overdue)
Backend CI	Run tests	2026-03-17T02:41:37.2941671Z INFO:app.scheduler.services.notification_creation:Created overdue notification for invoice INV-1000 (1 days overdue)
Backend CI	Run tests	2026-03-17T02:41:37.2941995Z INFO:app.scheduler.services.notification_creation:Created overdue notification for invoice INV-1000 (1 days overdue)
Backend CI	Run tests	2026-03-17T02:41:37.2942322Z INFO:app.scheduler.services.notification_creation:Created overdue notification for invoice INV-1000 (1 days overdue)
Backend CI	Run tests	2026-03-17T02:41:37.2942644Z INFO:app.scheduler.services.notification_creation:Created overdue notification for invoice INV-1000 (1 days overdue)
Backend CI	Run tests	2026-03-17T02:41:37.2943250Z INFO:app.scheduler.services.notification_creation:Created overdue notification for invoice INV-1000 (1 days overdue)
Backend CI	Run tests	2026-03-17T02:41:37.2943586Z INFO:app.scheduler.services.notification_creation:Created overdue notification for invoice INV-1000 (1 days overdue)
Backend CI	Run tests	2026-03-17T02:41:37.2944043Z INFO:app.scheduler.services.notification_creation:Created overdue notification for invoice INV-1000 (1 days overdue)
Backend CI	Run tests	2026-03-17T02:41:37.2944370Z INFO:app.scheduler.services.notification_creation:Created overdue notification for invoice INV-1000 (1 days overdue)
Backend CI	Run tests	2026-03-17T02:41:37.2944696Z INFO:app.scheduler.services.notification_creation:Created overdue notification for invoice INV-1000 (1 days overdue)
Backend CI	Run tests	2026-03-17T02:41:37.2945015Z INFO:app.scheduler.services.notification_creation:Created overdue notification for invoice INV-1000 (1 days overdue)
Backend CI	Run tests	2026-03-17T02:41:37.2945343Z INFO:app.scheduler.services.notification_creation:Created overdue notification for invoice INV-1000 (1 days overdue)
Backend CI	Run tests	2026-03-17T02:41:37.2945663Z INFO:app.scheduler.services.notification_creation:Created overdue notification for invoice INV-1000 (1 days overdue)
Backend CI	Run tests	2026-03-17T02:41:37.2945990Z INFO:app.scheduler.services.notification_creation:Created overdue notification for invoice INV-1000 (1 days overdue)
Backend CI	Run tests	2026-03-17T02:41:37.2946319Z INFO:app.scheduler.services.notification_creation:Created overdue notification for invoice INV-1000 (1 days overdue)
Backend CI	Run tests	2026-03-17T02:41:37.2946640Z INFO:app.scheduler.services.notification_creation:Created overdue notification for invoice INV-1000 (1 days overdue)
Backend CI	Run tests	2026-03-17T02:41:37.2947072Z INFO:app.scheduler.services.notification_creation:Created overdue notification for invoice INV-1000 (1 days overdue)
Backend CI	Run tests	2026-03-17T02:41:37.2947394Z INFO:app.scheduler.services.notification_creation:Created overdue notification for invoice INV-1000 (1 days overdue)
Backend CI	Run tests	2026-03-17T02:41:37.2947718Z INFO:app.scheduler.services.notification_creation:Created overdue notification for invoice INV-1000 (1 days overdue)
Backend CI	Run tests	2026-03-17T02:41:37.2948040Z INFO:app.scheduler.services.notification_creation:Created overdue notification for invoice INV-1000 (1 days overdue)
Backend CI	Run tests	2026-03-17T02:41:37.2948365Z INFO:app.scheduler.services.notification_creation:Created overdue notification for invoice INV-1000 (1 days overdue)
Backend CI	Run tests	2026-03-17T02:41:37.2948691Z INFO:app.scheduler.services.notification_creation:Created overdue notification for invoice INV-1000 (1 days overdue)
Backend CI	Run tests	2026-03-17T02:41:37.2949013Z INFO:app.scheduler.services.notification_creation:Created overdue notification for invoice INV-1000 (1 days overdue)
Backend CI	Run tests	2026-03-17T02:41:37.2949346Z INFO:app.scheduler.services.notification_creation:Created overdue notification for invoice INV-1000 (1 days overdue)
Backend CI	Run tests	2026-03-17T02:41:37.2949668Z INFO:app.scheduler.services.notification_creation:Created overdue notification for invoice INV-1000 (1 days overdue)
Backend CI	Run tests	2026-03-17T02:41:37.2949994Z INFO:app.scheduler.services.notification_creation:Created overdue notification for invoice INV-1000 (1 days overdue)
Backend CI	Run tests	2026-03-17T02:41:37.2950315Z INFO:app.scheduler.services.notification_creation:Created overdue notification for invoice INV-1000 (1 days overdue)
Backend CI	Run tests	2026-03-17T02:41:37.2950636Z INFO:app.scheduler.services.notification_creation:Created overdue notification for invoice INV-1000 (1 days overdue)
Backend CI	Run tests	2026-03-17T02:41:37.2950967Z INFO:app.scheduler.services.notification_creation:Created overdue notification for invoice INV-1000 (1 days overdue)
Backend CI	Run tests	2026-03-17T02:41:37.2951288Z INFO:app.scheduler.services.notification_creation:Created overdue notification for invoice INV-1000 (1 days overdue)
Backend CI	Run tests	2026-03-17T02:41:37.2951619Z INFO:app.scheduler.services.notification_creation:Created overdue notification for invoice INV-1000 (1 days overdue)
Backend CI	Run tests	2026-03-17T02:41:37.2951940Z INFO:app.scheduler.services.notification_creation:Created overdue notification for invoice INV-1000 (1 days overdue)
Backend CI	Run tests	2026-03-17T02:41:37.2952261Z INFO:app.scheduler.services.notification_creation:Created overdue notification for invoice INV-1000 (1 days overdue)
Backend CI	Run tests	2026-03-17T02:41:37.2952588Z INFO:app.scheduler.services.notification_creation:Created overdue notification for invoice INV-1000 (1 days overdue)
Backend CI	Run tests	2026-03-17T02:41:37.2953041Z INFO:app.scheduler.services.notification_creation:Created overdue notification for invoice INV-1000 (1 days overdue)
Backend CI	Run tests	2026-03-17T02:41:37.2953496Z INFO:app.scheduler.services.notification_creation:Created overdue notification for invoice INV-1000 (1 days overdue)
Backend CI	Run tests	2026-03-17T02:41:37.2953825Z INFO:app.scheduler.services.notification_creation:Created overdue notification for invoice INV-1000 (1 days overdue)
Backend CI	Run tests	2026-03-17T02:41:37.2954155Z INFO:app.scheduler.services.notification_creation:Created overdue notification for invoice INV-1000 (1 days overdue)
Backend CI	Run tests	2026-03-17T02:41:37.2954491Z INFO:app.scheduler.services.notification_creation:Created overdue notification for invoice INV-1000 (1 days overdue)
Backend CI	Run tests	2026-03-17T02:41:37.2954811Z INFO:app.scheduler.services.notification_creation:Created overdue notification for invoice INV-1000 (1 days overdue)
Backend CI	Run tests	2026-03-17T02:41:37.2955137Z INFO:app.scheduler.services.notification_creation:Created overdue notification for invoice INV-1000 (1 days overdue)
Backend CI	Run tests	2026-03-17T02:41:37.2955457Z INFO:app.scheduler.services.notification_creation:Created overdue notification for invoice INV-1000 (1 days overdue)
Backend CI	Run tests	2026-03-17T02:41:37.2955787Z INFO:app.scheduler.services.notification_creation:Created overdue notification for invoice INV-1000 (1 days overdue)
Backend CI	Run tests	2026-03-17T02:41:37.2956114Z INFO:app.scheduler.services.notification_creation:Created overdue notification for invoice INV-1000 (1 days overdue)
Backend CI	Run tests	2026-03-17T02:41:37.2956548Z INFO:app.scheduler.services.notification_creation:Created overdue notification for invoice INV-1000 (1 days overdue)
Backend CI	Run tests	2026-03-17T02:41:37.2956875Z INFO:app.scheduler.services.notification_creation:Created overdue notification for invoice INV-1000 (1 days overdue)
Backend CI	Run tests	2026-03-17T02:41:37.2957198Z INFO:app.scheduler.services.notification_creation:Created overdue notification for invoice INV-1000 (1 days overdue)
Backend CI	Run tests	2026-03-17T02:41:37.2957519Z INFO:app.scheduler.services.notification_creation:Created overdue notification for invoice INV-1000 (1 days overdue)
Backend CI	Run tests	2026-03-17T02:41:37.2957846Z INFO:app.scheduler.services.notification_creation:Created overdue notification for invoice INV-1000 (1 days overdue)
Backend CI	Run tests	2026-03-17T02:41:37.2958170Z INFO:app.scheduler.services.notification_creation:Created overdue notification for invoice INV-1000 (1 days overdue)
Backend CI	Run tests	2026-03-17T02:41:37.2958495Z INFO:app.scheduler.services.notification_creation:Created overdue notification for invoice INV-1000 (1 days overdue)
Backend CI	Run tests	2026-03-17T02:41:37.2958824Z INFO:app.scheduler.services.notification_creation:Created overdue notification for invoice INV-1000 (1 days overdue)
Backend CI	Run tests	2026-03-17T02:41:37.2959146Z INFO:app.scheduler.services.notification_creation:Created overdue notification for invoice INV-1000 (1 days overdue)
Backend CI	Run tests	2026-03-17T02:41:37.2959472Z INFO:app.scheduler.services.notification_creation:Created overdue notification for invoice INV-1000 (1 days overdue)
Backend CI	Run tests	2026-03-17T02:41:37.2959792Z INFO:app.scheduler.services.notification_creation:Created overdue notification for invoice INV-1000 (1 days overdue)
Backend CI	Run tests	2026-03-17T02:41:37.2960117Z INFO:app.scheduler.services.notification_creation:Created overdue notification for invoice INV-1000 (1 days overdue)
Backend CI	Run tests	2026-03-17T02:41:37.2960442Z INFO:app.scheduler.services.notification_creation:Created overdue notification for invoice INV-1000 (1 days overdue)
Backend CI	Run tests	2026-03-17T02:41:37.2960763Z INFO:app.scheduler.services.notification_creation:Created overdue notification for invoice INV-1000 (1 days overdue)
Backend CI	Run tests	2026-03-17T02:41:37.2961092Z INFO:app.scheduler.services.notification_creation:Created overdue notification for invoice INV-1000 (1 days overdue)
Backend CI	Run tests	2026-03-17T02:41:37.2961411Z INFO:app.scheduler.services.notification_creation:Created overdue notification for invoice INV-1000 (1 days overdue)
Backend CI	Run tests	2026-03-17T02:41:37.2961739Z INFO:app.scheduler.services.notification_creation:Created overdue notification for invoice INV-1000 (1 days overdue)
Backend CI	Run tests	2026-03-17T02:41:37.2962060Z INFO:app.scheduler.services.notification_creation:Created overdue notification for invoice INV-1000 (1 days overdue)
Backend CI	Run tests	2026-03-17T02:41:37.2962381Z INFO:app.scheduler.services.notification_creation:Created overdue notification for invoice INV-1000 (1 days overdue)
Backend CI	Run tests	2026-03-17T02:41:37.2962929Z INFO:app.scheduler.services.notification_creation:Created overdue notification for invoice INV-1000 (1 days overdue)
Backend CI	Run tests	2026-03-17T02:41:37.2963253Z INFO:app.scheduler.services.notification_creation:Created overdue notification for invoice INV-1000 (1 days overdue)
Backend CI	Run tests	2026-03-17T02:41:37.2963582Z INFO:app.scheduler.services.notification_creation:Created overdue notification for invoice INV-1000 (1 days overdue)
Backend CI	Run tests	2026-03-17T02:41:37.2963904Z INFO:app.scheduler.services.notification_creation:Created overdue notification for invoice INV-1000 (1 days overdue)
Backend CI	Run tests	2026-03-17T02:41:37.2964226Z INFO:app.scheduler.services.notification_creation:Created overdue notification for invoice INV-1000 (1 days overdue)
Backend CI	Run tests	2026-03-17T02:41:37.2964553Z INFO:app.scheduler.services.notification_creation:Created overdue notification for invoice INV-1000 (1 days overdue)
Backend CI	Run tests	2026-03-17T02:41:37.2964875Z INFO:app.scheduler.services.notification_creation:Created overdue notification for invoice INV-1000 (1 days overdue)
Backend CI	Run tests	2026-03-17T02:41:37.2965210Z INFO:app.scheduler.services.notification_creation:Created overdue notification for invoice INV-1000 (1 days overdue)
Backend CI	Run tests	2026-03-17T02:41:37.2965531Z INFO:app.scheduler.services.notification_creation:Created overdue notification for invoice INV-1000 (1 days overdue)
Backend CI	Run tests	2026-03-17T02:41:37.2965966Z INFO:app.scheduler.services.notification_creation:Created overdue notification for invoice INV-1000 (1 days overdue)
Backend CI	Run tests	2026-03-17T02:41:37.2966292Z INFO:app.scheduler.services.notification_creation:Created overdue notification for invoice INV-1000 (1 days overdue)
Backend CI	Run tests	2026-03-17T02:41:37.2966612Z INFO:app.scheduler.services.notification_creation:Created overdue notification for invoice INV-1000 (1 days overdue)
Backend CI	Run tests	2026-03-17T02:41:37.2966939Z INFO:app.scheduler.services.notification_creation:Created overdue notification for invoice INV-1000 (1 days overdue)
Backend CI	Run tests	2026-03-17T02:41:37.2967261Z INFO:app.scheduler.services.notification_creation:Created overdue notification for invoice INV-1000 (1 days overdue)
Backend CI	Run tests	2026-03-17T02:41:37.2967589Z INFO:app.scheduler.services.notification_creation:Created overdue notification for invoice INV-1000 (1 days overdue)
Backend CI	Run tests	2026-03-17T02:41:37.2967914Z INFO:app.scheduler.services.notification_creation:Created overdue notification for invoice INV-1000 (1 days overdue)
Backend CI	Run tests	2026-03-17T02:41:37.2968241Z INFO:app.scheduler.services.notification_creation:Created overdue notification for invoice INV-1000 (1 days overdue)
Backend CI	Run tests	2026-03-17T02:41:37.2968570Z INFO:app.scheduler.services.notification_creation:Created overdue notification for invoice INV-1000 (1 days overdue)
Backend CI	Run tests	2026-03-17T02:41:37.2968890Z INFO:app.scheduler.services.notification_creation:Created overdue notification for invoice INV-1000 (1 days overdue)
Backend CI	Run tests	2026-03-17T02:41:37.2969210Z INFO:app.scheduler.services.notification_creation:Created overdue notification for invoice INV-1000 (1 days overdue)
Backend CI	Run tests	2026-03-17T02:41:37.2969537Z INFO:app.scheduler.services.notification_creation:Created overdue notification for invoice INV-1000 (1 days overdue)
Backend CI	Run tests	2026-03-17T02:41:37.2969865Z INFO:app.scheduler.services.notification_creation:Created overdue notification for invoice INV-1000 (1 days overdue)
Backend CI	Run tests	2026-03-17T02:41:37.2970191Z INFO:app.scheduler.services.notification_creation:Created overdue notification for invoice INV-1000 (1 days overdue)
Backend CI	Run tests	2026-03-17T02:41:37.2970518Z INFO:app.scheduler.services.notification_creation:Created overdue notification for invoice INV-1000 (1 days overdue)
Backend CI	Run tests	2026-03-17T02:41:37.2970840Z INFO:app.scheduler.services.notification_creation:Created overdue notification for invoice INV-1000 (1 days overdue)
Backend CI	Run tests	2026-03-17T02:41:37.2971167Z INFO:app.scheduler.services.notification_creation:Created overdue notification for invoice INV-1000 (1 days overdue)
Backend CI	Run tests	2026-03-17T02:41:37.2971486Z INFO:app.scheduler.services.notification_creation:Created overdue notification for invoice INV-1000 (1 days overdue)
Backend CI	Run tests	2026-03-17T02:41:37.2971813Z INFO:app.scheduler.services.notification_creation:Created overdue notification for invoice INV-1000 (1 days overdue)
Backend CI	Run tests	2026-03-17T02:41:37.2972272Z INFO:app.scheduler.services.notification_creation:Created overdue notification for invoice INV-1000 (1 days overdue)
Backend CI	Run tests	2026-03-17T02:41:37.2972592Z INFO:app.scheduler.services.notification_creation:Created overdue notification for invoice INV-1000 (1 days overdue)
Backend CI	Run tests	2026-03-17T02:41:37.2973179Z INFO:app.scheduler.services.notification_creation:Created overdue notification for invoice INV-1000 (1 days overdue)
Backend CI	Run tests	2026-03-17T02:41:37.2973510Z INFO:app.scheduler.services.notification_creation:Created overdue notification for invoice INV-1000 (1 days overdue)
Backend CI	Run tests	2026-03-17T02:41:37.2973840Z INFO:app.scheduler.services.notification_creation:Created overdue notification for invoice INV-1000 (1 days overdue)
Backend CI	Run tests	2026-03-17T02:41:37.2974161Z INFO:app.scheduler.services.notification_creation:Created overdue notification for invoice INV-1000 (1 days overdue)
Backend CI	Run tests	2026-03-17T02:41:37.2974483Z INFO:app.scheduler.services.notification_creation:Created overdue notification for invoice INV-1000 (1 days overdue)
Backend CI	Run tests	2026-03-17T02:41:37.2974816Z INFO:app.scheduler.services.notification_creation:Created overdue notification for invoice INV-1000 (1 days overdue)
Backend CI	Run tests	2026-03-17T02:41:37.2975142Z INFO:app.scheduler.services.notification_creation:Created overdue notification for invoice INV-1000 (1 days overdue)
Backend CI	Run tests	2026-03-17T02:41:37.2975467Z INFO:app.scheduler.services.notification_creation:Created overdue notification for invoice INV-1000 (1 days overdue)
Backend CI	Run tests	2026-03-17T02:41:37.2975953Z INFO:app.scheduler.services.notification_creation:Created overdue notification for invoice INV-1000 (1 days overdue)
Backend CI	Run tests	2026-03-17T02:41:37.2976294Z INFO:app.scheduler.services.notification_creation:Created overdue notification for invoice INV-1000 (1 days overdue)
Backend CI	Run tests	2026-03-17T02:41:37.2976621Z INFO:app.scheduler.services.notification_creation:Created overdue notification for invoice INV-1000 (1 days overdue)
Backend CI	Run tests	2026-03-17T02:41:37.2976942Z INFO:app.scheduler.services.notification_creation:Created overdue notification for invoice INV-1000 (1 days overdue)
Backend CI	Run tests	2026-03-17T02:41:37.2977269Z INFO:app.scheduler.services.notification_creation:Created overdue notification for invoice INV-1000 (1 days overdue)
Backend CI	Run tests	2026-03-17T02:41:37.2977590Z INFO:app.scheduler.services.notification_creation:Created overdue notification for invoice INV-1000 (1 days overdue)
Backend CI	Run tests	2026-03-17T02:41:37.2977912Z INFO:app.scheduler.services.notification_creation:Created overdue notification for invoice INV-1000 (1 days overdue)
Backend CI	Run tests	2026-03-17T02:41:37.2978245Z INFO:app.scheduler.services.notification_creation:Created overdue notification for invoice INV-1000 (1 days overdue)
Backend CI	Run tests	2026-03-17T02:41:37.2978566Z INFO:app.scheduler.services.notification_creation:Created overdue notification for invoice INV-1000 (1 days overdue)
Backend CI	Run tests	2026-03-17T02:41:37.2978893Z INFO:app.scheduler.services.notification_creation:Created overdue notification for invoice INV-1000 (1 days overdue)
Backend CI	Run tests	2026-03-17T02:41:37.2979215Z INFO:app.scheduler.services.notification_creation:Created overdue notification for invoice INV-1000 (1 days overdue)
Backend CI	Run tests	2026-03-17T02:41:37.2979539Z INFO:app.scheduler.services.notification_creation:Created overdue notification for invoice INV-1000 (1 days overdue)
Backend CI	Run tests	2026-03-17T02:41:37.2979867Z INFO:app.scheduler.services.notification_creation:Created overdue notification for invoice INV-1000 (1 days overdue)
Backend CI	Run tests	2026-03-17T02:41:37.2980188Z INFO:app.scheduler.services.notification_creation:Created overdue notification for invoice INV-1000 (1 days overdue)
Backend CI	Run tests	2026-03-17T02:41:37.2980520Z INFO:app.scheduler.services.notification_creation:Created overdue notification for invoice INV-1000 (1 days overdue)
Backend CI	Run tests	2026-03-17T02:41:37.2980870Z INFO:app.scheduler.services.notification_creation:Created overdue notification for invoice INV-1000 (1 days overdue)
Backend CI	Run tests	2026-03-17T02:41:37.2981193Z INFO:app.scheduler.services.notification_creation:Created overdue notification for invoice INV-1000 (1 days overdue)
Backend CI	Run tests	2026-03-17T02:41:37.2981522Z INFO:app.scheduler.services.notification_creation:Created overdue notification for invoice INV-1000 (1 days overdue)
Backend CI	Run tests	2026-03-17T02:41:37.2981966Z INFO:app.scheduler.services.notification_creation:Created overdue notification for invoice INV-1000 (1 days overdue)
Backend CI	Run tests	2026-03-17T02:41:37.2982292Z INFO:app.scheduler.services.notification_creation:Created overdue notification for invoice INV-1000 (1 days overdue)
Backend CI	Run tests	2026-03-17T02:41:37.2982613Z INFO:app.scheduler.services.notification_creation:Created overdue notification for invoice INV-1000 (1 days overdue)
Backend CI	Run tests	2026-03-17T02:41:37.2983210Z INFO:app.scheduler.services.notification_creation:Created overdue notification for invoice INV-1000 (1 days overdue)
Backend CI	Run tests	2026-03-17T02:41:37.2983540Z INFO:app.scheduler.services.notification_creation:Created overdue notification for invoice INV-1000 (1 days overdue)
Backend CI	Run tests	2026-03-17T02:41:37.2983863Z INFO:app.scheduler.services.notification_creation:Created overdue notification for invoice INV-1000 (1 days overdue)
Backend CI	Run tests	2026-03-17T02:41:37.2984192Z INFO:app.scheduler.services.notification_creation:Created overdue notification for invoice INV-1000 (1 days overdue)
Backend CI	Run tests	2026-03-17T02:41:37.2984517Z INFO:app.scheduler.services.notification_creation:Created overdue notification for invoice INV-1000 (1 days overdue)
Backend CI	Run tests	2026-03-17T02:41:37.2984842Z INFO:app.scheduler.services.notification_creation:Created overdue notification for invoice INV-1000 (1 days overdue)
Backend CI	Run tests	2026-03-17T02:41:37.2985163Z INFO:app.scheduler.services.notification_creation:Created overdue notification for invoice INV-1000 (1 days overdue)
Backend CI	Run tests	2026-03-17T02:41:37.2985617Z INFO:app.scheduler.services.notification_creation:Created overdue notification for invoice INV-1000 (1 days overdue)
Backend CI	Run tests	2026-03-17T02:41:37.2985943Z INFO:app.scheduler.services.notification_creation:Created overdue notification for invoice INV-1000 (1 days overdue)
Backend CI	Run tests	2026-03-17T02:41:37.2986270Z INFO:app.scheduler.services.notification_creation:Created overdue notification for invoice INV-1000 (1 days overdue)
Backend CI	Run tests	2026-03-17T02:41:37.2986600Z INFO:app.scheduler.services.notification_creation:Created overdue notification for invoice INV-1000 (1 days overdue)
Backend CI	Run tests	2026-03-17T02:41:37.2986928Z INFO:app.scheduler.services.notification_creation:Created overdue notification for invoice INV-1000 (1 days overdue)
Backend CI	Run tests	2026-03-17T02:41:37.2987252Z INFO:app.scheduler.services.notification_creation:Created overdue notification for invoice INV-1000 (1 days overdue)
Backend CI	Run tests	2026-03-17T02:41:37.2987579Z INFO:app.scheduler.services.notification_creation:Created overdue notification for invoice INV-1000 (1 days overdue)
Backend CI	Run tests	2026-03-17T02:41:37.2987904Z INFO:app.scheduler.services.notification_creation:Created overdue notification for invoice INV-1000 (1 days overdue)
Backend CI	Run tests	2026-03-17T02:41:37.2988229Z INFO:app.scheduler.services.notification_creation:Created overdue notification for invoice INV-1000 (1 days overdue)
Backend CI	Run tests	2026-03-17T02:41:37.2988551Z INFO:app.scheduler.services.notification_creation:Created overdue notification for invoice INV-1000 (1 days overdue)
Backend CI	Run tests	2026-03-17T02:41:37.2988872Z INFO:app.scheduler.services.notification_creation:Created overdue notification for invoice INV-1000 (1 days overdue)
Backend CI	Run tests	2026-03-17T02:41:37.2989202Z INFO:app.scheduler.services.notification_creation:Created overdue notification for invoice INV-1000 (1 days overdue)
Backend CI	Run tests	2026-03-17T02:41:37.2989523Z INFO:app.scheduler.services.notification_creation:Created overdue notification for invoice INV-1000 (1 days overdue)
Backend CI	Run tests	2026-03-17T02:41:37.2989852Z INFO:app.scheduler.services.notification_creation:Created overdue notification for invoice INV-1000 (1 days overdue)
Backend CI	Run tests	2026-03-17T02:41:37.2990177Z INFO:app.scheduler.services.notification_creation:Created overdue notification for invoice INV-1000 (1 days overdue)
Backend CI	Run tests	2026-03-17T02:41:37.2990497Z INFO:app.scheduler.services.notification_creation:Created overdue notification for invoice INV-1000 (1 days overdue)
Backend CI	Run tests	2026-03-17T02:41:37.2990822Z INFO:app.scheduler.services.notification_creation:Created overdue notification for invoice INV-1000 (1 days overdue)
Backend CI	Run tests	2026-03-17T02:41:37.2991144Z INFO:app.scheduler.services.notification_creation:Created overdue notification for invoice INV-1000 (1 days overdue)
Backend CI	Run tests	2026-03-17T02:41:37.2991643Z INFO:app.scheduler.services.notification_creation:Created overdue notification for invoice INV-1000 (1 days overdue)
Backend CI	Run tests	2026-03-17T02:41:37.2991965Z INFO:app.scheduler.services.notification_creation:Created overdue notification for invoice INV-1000 (1 days overdue)
Backend CI	Run tests	2026-03-17T02:41:37.2992285Z INFO:app.scheduler.services.notification_creation:Created overdue notification for invoice INV-1000 (1 days overdue)
Backend CI	Run tests	2026-03-17T02:41:37.2992617Z INFO:app.scheduler.services.notification_creation:Created overdue notification for invoice INV-1000 (1 days overdue)
Backend CI	Run tests	2026-03-17T02:41:37.2993057Z INFO:app.scheduler.services.notification_creation:Created overdue notification for invoice INV-1000 (1 days overdue)
Backend CI	Run tests	2026-03-17T02:41:37.2993385Z INFO:app.scheduler.services.notification_creation:Created overdue notification for invoice INV-1000 (1 days overdue)
Backend CI	Run tests	2026-03-17T02:41:37.2993713Z INFO:app.scheduler.services.notification_creation:Created overdue notification for invoice INV-1000 (1 days overdue)
Backend CI	Run tests	2026-03-17T02:41:37.2994049Z INFO:app.scheduler.services.notification_creation:Created overdue notification for invoice INV-1000 (1 days overdue)
Backend CI	Run tests	2026-03-17T02:41:37.2994377Z INFO:app.scheduler.services.notification_creation:Created overdue notification for invoice INV-1000 (1 days overdue)
Backend CI	Run tests	2026-03-17T02:41:37.2994708Z INFO:app.scheduler.services.notification_creation:Created overdue notification for invoice INV-1000 (1 days overdue)
Backend CI	Run tests	2026-03-17T02:41:37.2995153Z INFO:app.scheduler.services.notification_creation:Created overdue notification for invoice INV-1000 (1 days overdue)
Backend CI	Run tests	2026-03-17T02:41:37.2995476Z INFO:app.scheduler.services.notification_creation:Created overdue notification for invoice INV-1000 (1 days overdue)
Backend CI	Run tests	2026-03-17T02:41:37.2995798Z INFO:app.scheduler.services.notification_creation:Created overdue notification for invoice INV-1000 (1 days overdue)
Backend CI	Run tests	2026-03-17T02:41:37.2996124Z INFO:app.scheduler.services.notification_creation:Created overdue notification for invoice INV-1000 (1 days overdue)
Backend CI	Run tests	2026-03-17T02:41:37.2996451Z INFO:app.scheduler.services.notification_creation:Created overdue notification for invoice INV-1000 (1 days overdue)
Backend CI	Run tests	2026-03-17T02:41:37.2996776Z INFO:app.scheduler.services.notification_creation:Created overdue notification for invoice INV-1000 (1 days overdue)
Backend CI	Run tests	2026-03-17T02:41:37.2997096Z INFO:app.scheduler.services.notification_creation:Created overdue notification for invoice INV-1000 (1 days overdue)
Backend CI	Run tests	2026-03-17T02:41:37.2997423Z INFO:app.scheduler.services.notification_creation:Created overdue notification for invoice INV-1000 (1 days overdue)
Backend CI	Run tests	2026-03-17T02:41:37.2997751Z INFO:app.scheduler.services.notification_creation:Created overdue notification for invoice INV-1000 (1 days overdue)
Backend CI	Run tests	2026-03-17T02:41:37.2998072Z INFO:app.scheduler.services.notification_creation:Created overdue notification for invoice INV-1000 (1 days overdue)
Backend CI	Run tests	2026-03-17T02:41:37.2998397Z INFO:app.scheduler.services.notification_creation:Created overdue notification for invoice INV-1000 (1 days overdue)
Backend CI	Run tests	2026-03-17T02:41:37.2998722Z INFO:app.scheduler.services.notification_creation:Created overdue notification for invoice INV-1000 (1 days overdue)
Backend CI	Run tests	2026-03-17T02:41:37.2999044Z INFO:app.scheduler.services.notification_creation:Created overdue notification for invoice INV-1000 (1 days overdue)
Backend CI	Run tests	2026-03-17T02:41:37.2999369Z INFO:app.scheduler.services.notification_creation:Created overdue notification for invoice INV-1000 (1 days overdue)
Backend CI	Run tests	2026-03-17T02:41:37.2999694Z INFO:app.scheduler.services.notification_creation:Created overdue notification for invoice INV-1000 (1 days overdue)
Backend CI	Run tests	2026-03-17T02:41:37.3000023Z INFO:app.scheduler.services.notification_creation:Created overdue notification for invoice INV-1000 (1 days overdue)
Backend CI	Run tests	2026-03-17T02:41:37.3000346Z INFO:app.scheduler.services.notification_creation:Created overdue notification for invoice INV-1000 (1 days overdue)
Backend CI	Run tests	2026-03-17T02:41:37.3000668Z INFO:app.scheduler.services.notification_creation:Created overdue notification for invoice INV-1000 (1 days overdue)
Backend CI	Run tests	2026-03-17T02:41:37.3000997Z INFO:app.scheduler.services.notification_creation:Created overdue notification for invoice INV-1000 (1 days overdue)
Backend CI	Run tests	2026-03-17T02:41:37.3001430Z INFO:app.scheduler.services.notification_creation:Created overdue notification for invoice INV-1000 (1 days overdue)
Backend CI	Run tests	2026-03-17T02:41:37.3001756Z INFO:app.scheduler.services.notification_creation:Created overdue notification for invoice INV-1000 (1 days overdue)
Backend CI	Run tests	2026-03-17T02:41:37.3002083Z INFO:app.scheduler.services.notification_creation:Created overdue notification for invoice INV-1000 (1 days overdue)
Backend CI	Run tests	2026-03-17T02:41:37.3002414Z INFO:app.scheduler.services.notification_creation:Created overdue notification for invoice INV-1000 (1 days overdue)
Backend CI	Run tests	2026-03-17T02:41:37.3002999Z INFO:app.scheduler.services.notification_creation:Created overdue notification for invoice INV-1000 (1 days overdue)
Backend CI	Run tests	2026-03-17T02:41:37.3003342Z INFO:app.scheduler.services.notification_creation:Created overdue notification for invoice INV-1000 (1 days overdue)
Backend CI	Run tests	2026-03-17T02:41:37.3003681Z INFO:app.scheduler.services.notification_creation:Created overdue notification for invoice INV-1000 (1 days overdue)
Backend CI	Run tests	2026-03-17T02:41:37.3004009Z INFO:app.scheduler.services.notification_creation:Created overdue notification for invoice INV-1000 (1 days overdue)
Backend CI	Run tests	2026-03-17T02:41:37.3004330Z INFO:app.scheduler.services.notification_creation:Created overdue notification for invoice INV-1000 (1 days overdue)
Backend CI	Run tests	2026-03-17T02:41:37.3004793Z INFO:app.scheduler.services.notification_creation:Created overdue notification for invoice INV-1000 (1 days overdue)
Backend CI	Run tests	2026-03-17T02:41:37.3005115Z INFO:app.scheduler.services.notification_creation:Created overdue notification for invoice INV-1000 (1 days overdue)
Backend CI	Run tests	2026-03-17T02:41:37.3005444Z INFO:app.scheduler.services.notification_creation:Created overdue notification for invoice INV-1000 (1 days overdue)
Backend CI	Run tests	2026-03-17T02:41:37.3005769Z INFO:app.scheduler.services.notification_creation:Created overdue notification for invoice INV-1000 (1 days overdue)
Backend CI	Run tests	2026-03-17T02:41:37.3006088Z INFO:app.scheduler.services.notification_creation:Created overdue notification for invoice INV-1000 (1 days overdue)
Backend CI	Run tests	2026-03-17T02:41:37.3006420Z INFO:app.scheduler.services.notification_creation:Created overdue notification for invoice INV-1000 (1 days overdue)
Backend CI	Run tests	2026-03-17T02:41:37.3006742Z INFO:app.scheduler.services.notification_creation:Created overdue notification for invoice INV-1000 (1 days overdue)
Backend CI	Run tests	2026-03-17T02:41:37.3007071Z INFO:app.scheduler.services.notification_creation:Created overdue notification for invoice INV-1000 (1 days overdue)
Backend CI	Run tests	2026-03-17T02:41:37.3007395Z INFO:app.scheduler.services.notification_creation:Created overdue notification for invoice INV-1000 (1 days overdue)
Backend CI	Run tests	2026-03-17T02:41:37.3007715Z INFO:app.scheduler.services.notification_creation:Created overdue notification for invoice INV-1000 (1 days overdue)
Backend CI	Run tests	2026-03-17T02:41:37.3008041Z INFO:app.scheduler.services.notification_creation:Created overdue notification for invoice INV-1000 (1 days overdue)
Backend CI	Run tests	2026-03-17T02:41:37.3008364Z INFO:app.scheduler.services.notification_creation:Created overdue notification for invoice INV-1000 (1 days overdue)
Backend CI	Run tests	2026-03-17T02:41:37.3008696Z INFO:app.scheduler.services.notification_creation:Created overdue notification for invoice INV-1000 (1 days overdue)
Backend CI	Run tests	2026-03-17T02:41:37.3009020Z INFO:app.scheduler.services.notification_creation:Created overdue notification for invoice INV-1000 (1 days overdue)
Backend CI	Run tests	2026-03-17T02:41:37.3009345Z INFO:app.scheduler.services.notification_creation:Created overdue notification for invoice INV-1000 (1 days overdue)
Backend CI	Run tests	2026-03-17T02:41:37.3009672Z INFO:app.scheduler.services.notification_creation:Created overdue notification for invoice INV-1000 (1 days overdue)
Backend CI	Run tests	2026-03-17T02:41:37.3009999Z INFO:app.scheduler.services.notification_creation:Created overdue notification for invoice INV-1000 (1 days overdue)
Backend CI	Run tests	2026-03-17T02:41:37.3010325Z INFO:app.scheduler.services.notification_creation:Created overdue notification for invoice INV-1000 (1 days overdue)
Backend CI	Run tests	2026-03-17T02:41:37.3010647Z INFO:app.scheduler.services.notification_creation:Created overdue notification for invoice INV-1000 (1 days overdue)
Backend CI	Run tests	2026-03-17T02:41:37.3011077Z INFO:app.scheduler.services.notification_creation:Created overdue notification for invoice INV-1000 (1 days overdue)
Backend CI	Run tests	2026-03-17T02:41:37.3011409Z INFO:app.scheduler.services.notification_creation:Created overdue notification for invoice INV-1000 (1 days overdue)
Backend CI	Run tests	2026-03-17T02:41:37.3011735Z INFO:app.scheduler.services.notification_creation:Created overdue notification for invoice INV-1000 (1 days overdue)
Backend CI	Run tests	2026-03-17T02:41:37.3012063Z INFO:app.scheduler.services.notification_creation:Created overdue notification for invoice INV-1000 (1 days overdue)
Backend CI	Run tests	2026-03-17T02:41:37.3012386Z INFO:app.scheduler.services.notification_creation:Created overdue notification for invoice INV-1000 (1 days overdue)
Backend CI	Run tests	2026-03-17T02:41:37.3012948Z INFO:app.scheduler.services.notification_creation:Created overdue notification for invoice INV-1000 (1 days overdue)
Backend CI	Run tests	2026-03-17T02:41:37.3013288Z INFO:app.scheduler.services.notification_creation:Created overdue notification for invoice INV-1000 (1 days overdue)
Backend CI	Run tests	2026-03-17T02:41:37.3013627Z INFO:app.scheduler.services.notification_creation:Created overdue notification for invoice INV-1000 (1 days overdue)
Backend CI	Run tests	2026-03-17T02:41:37.3013956Z INFO:app.scheduler.services.notification_creation:Created overdue notification for invoice INV-1000 (1 days overdue)
Backend CI	Run tests	2026-03-17T02:41:37.3014403Z INFO:app.scheduler.services.notification_creation:Created overdue notification for invoice INV-1000 (1 days overdue)
Backend CI	Run tests	2026-03-17T02:41:37.3014726Z INFO:app.scheduler.services.notification_creation:Created overdue notification for invoice INV-1000 (1 days overdue)
Backend CI	Run tests	2026-03-17T02:41:37.3015055Z INFO:app.scheduler.services.notification_creation:Created overdue notification for invoice INV-1000 (1 days overdue)
Backend CI	Run tests	2026-03-17T02:41:37.3015379Z INFO:app.scheduler.services.notification_creation:Created overdue notification for invoice INV-1000 (1 days overdue)
Backend CI	Run tests	2026-03-17T02:41:37.3015707Z INFO:app.scheduler.services.notification_creation:Created overdue notification for invoice INV-1000 (1 days overdue)
Backend CI	Run tests	2026-03-17T02:41:37.3016037Z INFO:app.scheduler.services.notification_creation:Created overdue notification for invoice INV-1000 (1 days overdue)
Backend CI	Run tests	2026-03-17T02:41:37.3016360Z INFO:app.scheduler.services.notification_creation:Created overdue notification for invoice INV-1000 (1 days overdue)
Backend CI	Run tests	2026-03-17T02:41:37.3016693Z INFO:app.scheduler.services.notification_creation:Created overdue notification for invoice INV-1000 (1 days overdue)
Backend CI	Run tests	2026-03-17T02:41:37.3017017Z INFO:app.scheduler.services.notification_creation:Created overdue notification for invoice INV-1000 (1 days overdue)
Backend CI	Run tests	2026-03-17T02:41:37.3017343Z INFO:app.scheduler.services.notification_creation:Created overdue notification for invoice INV-1000 (1 days overdue)
Backend CI	Run tests	2026-03-17T02:41:37.3017664Z INFO:app.scheduler.services.notification_creation:Created overdue notification for invoice INV-1000 (1 days overdue)
Backend CI	Run tests	2026-03-17T02:41:37.3017994Z INFO:app.scheduler.services.notification_creation:Created overdue notification for invoice INV-1000 (1 days overdue)
Backend CI	Run tests	2026-03-17T02:41:37.3018321Z INFO:app.scheduler.services.notification_creation:Created overdue notification for invoice INV-1000 (1 days overdue)
Backend CI	Run tests	2026-03-17T02:41:37.3018642Z INFO:app.scheduler.services.notification_creation:Created overdue notification for invoice INV-1000 (1 days overdue)
Backend CI	Run tests	2026-03-17T02:41:37.3018978Z INFO:app.scheduler.services.notification_creation:Created overdue notification for invoice INV-1000 (1 days overdue)
Backend CI	Run tests	2026-03-17T02:41:37.3019301Z INFO:app.scheduler.services.notification_creation:Created overdue notification for invoice INV-1000 (1 days overdue)
Backend CI	Run tests	2026-03-17T02:41:37.3019629Z INFO:app.scheduler.services.notification_creation:Created overdue notification for invoice INV-1000 (1 days overdue)
Backend CI	Run tests	2026-03-17T02:41:37.3020136Z INFO:app.scheduler.services.notification_creation:Created overdue notification for invoice INV-1000 (1 days overdue)
Backend CI	Run tests	2026-03-17T02:41:37.3020517Z INFO:app.scheduler.services.notification_creation:Created overdue notification for invoice INV-1000 (1 days overdue)
Backend CI	Run tests	2026-03-17T02:41:37.3021034Z INFO:app.scheduler.services.notification_creation:Created overdue notification for invoice INV-1000 (1 days overdue)
Backend CI	Run tests	2026-03-17T02:41:37.3021395Z INFO:app.scheduler.services.notification_creation:Created overdue notification for invoice INV-1000 (1 days overdue)
Backend CI	Run tests	2026-03-17T02:41:37.3021758Z INFO:app.scheduler.services.notification_creation:Created overdue notification for invoice INV-1000 (1 days overdue)
Backend CI	Run tests	2026-03-17T02:41:37.3022141Z INFO:app.scheduler.services.notification_creation:Created overdue notification for invoice INV-1000 (1 days overdue)
Backend CI	Run tests	2026-03-17T02:41:37.3022566Z INFO:app.scheduler.services.notification_creation:Created overdue notification for invoice INV-1000 (1 days overdue)
Backend CI	Run tests	2026-03-17T02:41:37.3023373Z INFO:app.scheduler.services.notification_creation:Created overdue notification for invoice INV-1000 (1 days overdue)
Backend CI	Run tests	2026-03-17T02:41:37.3023752Z INFO:app.scheduler.services.notification_creation:Created overdue notification for invoice INV-1000 (1 days overdue)
Backend CI	Run tests	2026-03-17T02:41:37.3024126Z INFO:app.scheduler.services.notification_creation:Created overdue notification for invoice INV-1000 (1 days overdue)
Backend CI	Run tests	2026-03-17T02:41:37.3024526Z INFO:app.scheduler.services.notification_creation:Created overdue notification for invoice INV-1000 (1 days overdue)
Backend CI	Run tests	2026-03-17T02:41:37.3025010Z INFO:app.scheduler.services.notification_creation:Created overdue notification for invoice INV-1000 (1 days overdue)
Backend CI	Run tests	2026-03-17T02:41:37.3025502Z INFO:app.scheduler.services.notification_creation:Created overdue notification for invoice INV-1000 (1 days overdue)
Backend CI	Run tests	2026-03-17T02:41:37.3025866Z INFO:app.scheduler.services.notification_creation:Created overdue notification for invoice INV-1000 (1 days overdue)
Backend CI	Run tests	2026-03-17T02:41:37.3026228Z INFO:app.scheduler.services.notification_creation:Created overdue notification for invoice INV-1000 (1 days overdue)
Backend CI	Run tests	2026-03-17T02:41:37.3026626Z INFO:app.scheduler.services.notification_creation:Created overdue notification for invoice INV-1000 (1 days overdue)
Backend CI	Run tests	2026-03-17T02:41:37.3026990Z INFO:app.scheduler.services.notification_creation:Created overdue notification for invoice INV-1000 (1 days overdue)
Backend CI	Run tests	2026-03-17T02:41:37.3027453Z INFO:app.scheduler.services.notification_creation:Created overdue notification for invoice INV-1000 (1 days overdue)
Backend CI	Run tests	2026-03-17T02:41:37.3027838Z INFO:app.scheduler.services.notification_creation:Created overdue notification for invoice INV-1000 (1 days overdue)
Backend CI	Run tests	2026-03-17T02:41:37.3028200Z INFO:app.scheduler.services.notification_creation:Created overdue notification for invoice INV-1000 (1 days overdue)
Backend CI	Run tests	2026-03-17T02:41:37.3028601Z INFO:app.scheduler.services.notification_creation:Created overdue notification for invoice INV-1000 (1 days overdue)
Backend CI	Run tests	2026-03-17T02:41:37.3028959Z INFO:app.scheduler.services.notification_creation:Created overdue notification for invoice INV-1000 (1 days overdue)
Backend CI	Run tests	2026-03-17T02:41:37.3029342Z INFO:app.scheduler.services.notification_creation:Created overdue notification for invoice INV-1000 (1 days overdue)
Backend CI	Run tests	2026-03-17T02:41:37.3029755Z INFO:app.scheduler.services.notification_creation:Created overdue notification for invoice INV-1000 (1 days overdue)
Backend CI	Run tests	2026-03-17T02:41:37.3030131Z INFO:app.scheduler.services.notification_creation:Created overdue notification for invoice INV-1000 (1 days overdue)
Backend CI	Run tests	2026-03-17T02:41:37.3030539Z INFO:app.scheduler.services.notification_creation:Created overdue notification for invoice INV-1000 (1 days overdue)
Backend CI	Run tests	2026-03-17T02:41:37.3030897Z INFO:app.scheduler.services.notification_creation:Created overdue notification for invoice INV-1000 (1 days overdue)
Backend CI	Run tests	2026-03-17T02:41:37.3031330Z INFO:app.scheduler.services.notification_creation:Created overdue notification for invoice INV-1000 (1 days overdue)
Backend CI	Run tests	2026-03-17T02:41:37.3031675Z INFO:app.scheduler.services.notification_creation:Created overdue notification for invoice INV-1000 (1 days overdue)
Backend CI	Run tests	2026-03-17T02:41:37.3032138Z INFO:app.scheduler.services.notification_creation:Created overdue notification for invoice INV-1000 (1 days overdue)
Backend CI	Run tests	2026-03-17T02:41:37.3032615Z INFO:app.scheduler.services.notification_creation:Created overdue notification for invoice INV-1000 (1 days overdue)
Backend CI	Run tests	2026-03-17T02:41:37.3033118Z INFO:app.scheduler.services.notification_creation:Created overdue notification for invoice INV-1000 (1 days overdue)
Backend CI	Run tests	2026-03-17T02:41:37.3033529Z INFO:app.scheduler.services.notification_creation:Created overdue notification for invoice INV-1000 (1 days overdue)
Backend CI	Run tests	2026-03-17T02:41:37.3033889Z INFO:app.scheduler.services.notification_creation:Created overdue notification for invoice INV-1000 (1 days overdue)
Backend CI	Run tests	2026-03-17T02:41:37.3034335Z INFO:app.scheduler.services.notification_creation:Created overdue notification for invoice INV-1000 (1 days overdue)
Backend CI	Run tests	2026-03-17T02:41:37.3034711Z INFO:app.scheduler.services.notification_creation:Created overdue notification for invoice INV-1000 (1 days overdue)
Backend CI	Run tests	2026-03-17T02:41:37.3035104Z INFO:app.scheduler.services.notification_creation:Created overdue notification for invoice INV-1000 (1 days overdue)
Backend CI	Run tests	2026-03-17T02:41:37.3035514Z INFO:app.scheduler.services.notification_creation:Created overdue notification for invoice INV-1000 (1 days overdue)
Backend CI	Run tests	2026-03-17T02:41:37.3035906Z INFO:app.scheduler.services.notification_creation:Created overdue notification for invoice INV-1000 (1 days overdue)
Backend CI	Run tests	2026-03-17T02:41:37.3036404Z INFO:app.scheduler.services.notification_creation:Created overdue notification for invoice INV-1000 (1 days overdue)
Backend CI	Run tests	2026-03-17T02:41:37.3036818Z INFO:app.scheduler.services.notification_creation:Created overdue notification for invoice INV-1000 (1 days overdue)
Backend CI	Run tests	2026-03-17T02:41:37.3037193Z INFO:app.scheduler.services.notification_creation:Created overdue notification for invoice INV-1000 (1 days overdue)
Backend CI	Run tests	2026-03-17T02:41:37.3037595Z INFO:app.scheduler.services.notification_creation:Created overdue notification for invoice INV-1000 (1 days overdue)
Backend CI	Run tests	2026-03-17T02:41:37.3037957Z INFO:app.scheduler.services.notification_creation:Created overdue notification for invoice INV-1000 (1 days overdue)
Backend CI	Run tests	2026-03-17T02:41:37.3038360Z INFO:app.scheduler.services.notification_creation:Created overdue notification for invoice INV-1000 (1 days overdue)
Backend CI	Run tests	2026-03-17T02:41:37.3038702Z INFO:app.scheduler.services.notification_creation:Created overdue notification for invoice INV-1000 (1 days overdue)
Backend CI	Run tests	2026-03-17T02:41:37.3039118Z INFO:app.scheduler.services.notification_creation:Created overdue notification for invoice INV-1000 (1 days overdue)
Backend CI	Run tests	2026-03-17T02:41:37.3039537Z INFO:app.scheduler.services.notification_creation:Created overdue notification for invoice INV-1000 (1 days overdue)
Backend CI	Run tests	2026-03-17T02:41:37.3039931Z INFO:app.scheduler.services.notification_creation:Created overdue notification for invoice INV-1000 (1 days overdue)
Backend CI	Run tests	2026-03-17T02:41:37.3040333Z INFO:app.scheduler.services.notification_creation:Created overdue notification for invoice INV-1000 (1 days overdue)
Backend CI	Run tests	2026-03-17T02:41:37.3040691Z INFO:app.scheduler.services.notification_creation:Created overdue notification for invoice INV-1000 (1 days overdue)
Backend CI	Run tests	2026-03-17T02:41:37.3041036Z INFO:app.scheduler.services.notification_creation:Created overdue notification for invoice INV-1000 (1 days overdue)
Backend CI	Run tests	2026-03-17T02:41:37.3041508Z INFO:app.scheduler.services.notification_creation:Created overdue notification for invoice INV-1000 (1 days overdue)
Backend CI	Run tests	2026-03-17T02:41:37.3041872Z INFO:app.scheduler.services.notification_creation:Created overdue notification for invoice INV-1000 (1 days overdue)
Backend CI	Run tests	2026-03-17T02:41:37.3042270Z INFO:app.scheduler.services.notification_creation:Created overdue notification for invoice INV-1000 (1 days overdue)
Backend CI	Run tests	2026-03-17T02:41:37.3042780Z INFO:app.scheduler.services.notification_creation:Created overdue notification for invoice INV-1000 (1 days overdue)
Backend CI	Run tests	2026-03-17T02:41:37.3043169Z INFO:app.scheduler.services.notification_creation:Created overdue notification for invoice INV-1000 (1 days overdue)
Backend CI	Run tests	2026-03-17T02:41:37.3043579Z INFO:app.scheduler.services.notification_creation:Created overdue notification for invoice INV-1000 (1 days overdue)
Backend CI	Run tests	2026-03-17T02:41:37.3044081Z INFO:app.scheduler.services.notification_creation:Created overdue notification for invoice INV-1000 (1 days overdue)
Backend CI	Run tests	2026-03-17T02:41:37.3044513Z INFO:app.scheduler.services.notification_creation:Created overdue notification for invoice INV-1000 (1 days overdue)
Backend CI	Run tests	2026-03-17T02:41:37.3044887Z INFO:app.scheduler.services.notification_creation:Created overdue notification for invoice INV-8805 (313 days overdue)
Backend CI	Run tests	2026-03-17T02:41:37.3045295Z INFO:app.scheduler.services.notification_creation:Created overdue notification for invoice INV-8751 (220 days overdue)
Backend CI	Run tests	2026-03-17T02:41:37.3045646Z INFO:app.scheduler.services.notification_creation:Created overdue notification for invoice INV-8945 (205 days overdue)
Backend CI	Run tests	2026-03-17T02:41:37.3046065Z INFO:app.scheduler.services.notification_creation:Created overdue notification for invoice INV-6697 (232 days overdue)
Backend CI	Run tests	2026-03-17T02:41:37.3046492Z INFO:app.scheduler.services.notification_creation:Created overdue notification for invoice INV-2886 (49 days overdue)
Backend CI	Run tests	2026-03-17T02:41:37.3046860Z INFO:app.scheduler.services.notification_creation:Created overdue notification for invoice INV-1000 (1 days overdue)
Backend CI	Run tests	2026-03-17T02:41:37.3047263Z INFO:app.scheduler.services.notification_creation:Created overdue notification for invoice INV-1000 (78 days overdue)
Backend CI	Run tests	2026-03-17T02:41:37.3047740Z INFO:app.scheduler.services.notification_creation:Created overdue notification for invoice INV-5037 (208 days overdue)
Backend CI	Run tests	2026-03-17T02:41:37.3048091Z INFO:app.scheduler.services.notification_creation:Created overdue notification for invoice INV-9717 (149 days overdue)
Backend CI	Run tests	2026-03-17T02:41:37.3048598Z INFO:app.scheduler.services.notification_creation:Created overdue notification for invoice INV-2415 (174 days overdue)
Backend CI	Run tests	2026-03-17T02:41:37.3048968Z INFO:app.scheduler.services.notification_creation:Created overdue notification for invoice INV-3145 (102 days overdue)
Backend CI	Run tests	2026-03-17T02:41:37.3049369Z INFO:app.scheduler.services.notification_creation:Created overdue notification for invoice INV-1000 (1 days overdue)
Backend CI	Run tests	2026-03-17T02:41:37.3049734Z INFO:app.scheduler.services.notification_creation:Created overdue notification for invoice INV-3714 (1 days overdue)
Backend CI	Run tests	2026-03-17T02:41:37.3050100Z INFO:app.scheduler.services.notification_creation:Created overdue notification for invoice INV-3352 (122 days overdue)
Backend CI	Run tests	2026-03-17T02:41:37.3050543Z INFO:app.scheduler.services.notification_creation:Created overdue notification for invoice INV-7382 (352 days overdue)
Backend CI	Run tests	2026-03-17T02:41:37.3050926Z INFO:app.scheduler.services.notification_creation:Created overdue notification for invoice INV-6414 (328 days overdue)
Backend CI	Run tests	2026-03-17T02:41:37.3051330Z INFO:app.scheduler.services.notification_creation:Created overdue notification for invoice INV-7752 (66 days overdue)
Backend CI	Run tests	2026-03-17T02:41:37.3051693Z INFO:app.scheduler.services.notification_creation:Created overdue notification for invoice INV-1218 (58 days overdue)
Backend CI	Run tests	2026-03-17T02:41:37.3052059Z INFO:app.scheduler.services.notification_creation:Created overdue notification for invoice INV-3241 (247 days overdue)
Backend CI	Run tests	2026-03-17T02:41:37.3052453Z INFO:app.scheduler.services.notification_creation:Created overdue notification for invoice INV-3329 (346 days overdue)
Backend CI	Run tests	2026-03-17T02:41:37.3053175Z INFO:app.scheduler.services.notification_creation:Created overdue notification for invoice INV-8311 (196 days overdue)
Backend CI	Run tests	2026-03-17T02:41:37.3053615Z INFO:app.scheduler.services.notification_creation:Created overdue notification for invoice INV-1000 (1 days overdue)
Backend CI	Run tests	2026-03-17T02:41:37.3054008Z INFO:app.scheduler.services.notification_creation:Created overdue notification for invoice INV-1340 (240 days overdue)
Backend CI	Run tests	2026-03-17T02:41:37.3054412Z INFO:app.scheduler.services.notification_creation:Created overdue notification for invoice INV-5337 (99 days overdue)
Backend CI	Run tests	2026-03-17T02:41:37.3054776Z INFO:app.scheduler.services.notification_creation:Created overdue notification for invoice INV-9403 (19 days overdue)
Backend CI	Run tests	2026-03-17T02:41:37.3055126Z INFO:app.scheduler.services.notification_creation:Created overdue notification for invoice INV-9190 (168 days overdue)
Backend CI	Run tests	2026-03-17T02:41:37.3055743Z INFO:app.scheduler.services.notification_creation:Created overdue notification for invoice INV-3757 (216 days overdue)
Backend CI	Run tests	2026-03-17T02:41:37.3056108Z INFO:app.scheduler.services.notification_creation:Created overdue notification for invoice INV-7305 (37 days overdue)
Backend CI	Run tests	2026-03-17T02:41:37.3056528Z INFO:app.scheduler.services.notification_creation:Created overdue notification for invoice INV-1006 (290 days overdue)
Backend CI	Run tests	2026-03-17T02:41:37.3056888Z INFO:app.scheduler.services.notification_creation:Created overdue notification for invoice INV-1000 (1 days overdue)
Backend CI	Run tests	2026-03-17T02:41:37.3057281Z INFO:app.scheduler.services.notification_creation:Created overdue notification for invoice INV-7056 (70 days overdue)
Backend CI	Run tests	2026-03-17T02:41:37.3057717Z INFO:app.scheduler.services.notification_creation:Created overdue notification for invoice INV-5392 (121 days overdue)
Backend CI	Run tests	2026-03-17T02:41:37.3058108Z INFO:app.scheduler.services.notification_creation:Created overdue notification for invoice INV-1000 (182 days overdue)
Backend CI	Run tests	2026-03-17T02:41:37.3058515Z INFO:app.scheduler.services.notification_creation:Created overdue notification for invoice INV-9998 (313 days overdue)
Backend CI	Run tests	2026-03-17T02:41:37.3058882Z INFO:app.scheduler.services.notification_creation:Created overdue notification for invoice INV-8671 (324 days overdue)
Backend CI	Run tests	2026-03-17T02:41:37.3059375Z INFO:app.scheduler.services.notification_creation:Created overdue notification for invoice INV-7405 (210 days overdue)
Backend CI	Run tests	2026-03-17T02:41:37.3059763Z INFO:app.scheduler.services.notification_creation:Created overdue notification for invoice INV-5341 (41 days overdue)
Backend CI	Run tests	2026-03-17T02:41:37.3060183Z INFO:app.scheduler.services.notification_creation:Created overdue notification for invoice INV-4946 (295 days overdue)
Backend CI	Run tests	2026-03-17T02:41:37.3060609Z INFO:app.scheduler.services.notification_creation:Created overdue notification for invoice INV-4618 (210 days overdue)
Backend CI	Run tests	2026-03-17T02:41:37.3060974Z INFO:app.scheduler.services.notification_creation:Created overdue notification for invoice INV-1000 (1 days overdue)
Backend CI	Run tests	2026-03-17T02:41:37.3061443Z INFO:app.scheduler.services.notification_creation:Created overdue notification for invoice INV-6430 (331 days overdue)
Backend CI	Run tests	2026-03-17T02:41:37.3061810Z INFO:app.scheduler.services.notification_creation:Created overdue notification for invoice INV-3941 (323 days overdue)
Backend CI	Run tests	2026-03-17T02:41:37.3062163Z INFO:app.scheduler.services.notification_creation:Created overdue notification for invoice INV-7170 (97 days overdue)
Backend CI	Run tests	2026-03-17T02:41:37.3062636Z INFO:app.scheduler.services.notification_creation:Created overdue notification for invoice INV-4972 (3 days overdue)
Backend CI	Run tests	2026-03-17T02:41:37.3063299Z INFO:app.scheduler.services.notification_creation:Created overdue notification for invoice INV-3057 (175 days overdue)
Backend CI	Run tests	2026-03-17T02:41:37.3063718Z INFO:app.scheduler.services.notification_creation:Created overdue notification for invoice INV-5267 (284 days overdue)
Backend CI	Run tests	2026-03-17T02:41:37.3064091Z INFO:app.scheduler.services.notification_creation:Created overdue notification for invoice INV-7969 (282 days overdue)
Backend CI	Run tests	2026-03-17T02:41:37.3064450Z INFO:app.scheduler.services.notification_creation:Created overdue notification for invoice INV-1000 (1 days overdue)
Backend CI	Run tests	2026-03-17T02:41:37.3064913Z INFO:app.scheduler.services.notification_creation:Created overdue notification for invoice INV-1177 (362 days overdue)
Backend CI	Run tests	2026-03-17T02:41:37.3065297Z INFO:app.scheduler.services.notification_creation:Created overdue notification for invoice INV-9618 (149 days overdue)
Backend CI	Run tests	2026-03-17T02:41:37.3065703Z INFO:app.scheduler.services.notification_creation:Created overdue notification for invoice INV-3788 (49 days overdue)
Backend CI	Run tests	2026-03-17T02:41:37.3066100Z INFO:app.scheduler.services.notification_creation:Created overdue notification for invoice INV-9317 (91 days overdue)
Backend CI	Run tests	2026-03-17T02:41:37.3066467Z INFO:app.scheduler.services.notification_creation:Created overdue notification for invoice INV-3108 (223 days overdue)
Backend CI	Run tests	2026-03-17T02:41:37.3066984Z INFO:app.scheduler.services.notification_creation:Created overdue notification for invoice INV-2854 (1 days overdue)
Backend CI	Run tests	2026-03-17T02:41:37.3067403Z INFO:app.scheduler.services.notification_creation:Created overdue notification for invoice INV-8267 (122 days overdue)
Backend CI	Run tests	2026-03-17T02:41:37.3067827Z INFO:app.scheduler.services.notification_creation:Created overdue notification for invoice INV-1000 (1 days overdue)
Backend CI	Run tests	2026-03-17T02:41:37.3068199Z INFO:app.scheduler.services.notification_creation:Created overdue notification for invoice INV-8703 (152 days overdue)
Backend CI	Run tests	2026-03-17T02:41:37.3068558Z INFO:app.scheduler.services.notification_creation:Created overdue notification for invoice INV-9998 (1 days overdue)
Backend CI	Run tests	2026-03-17T02:41:37.3068965Z INFO:app.scheduler.services.notification_creation:Created overdue notification for invoice INV-2058 (344 days overdue)
Backend CI	Run tests	2026-03-17T02:41:37.3069310Z INFO:app.scheduler.services.notification_creation:Created overdue notification for invoice INV-9739 (88 days overdue)
Backend CI	Run tests	2026-03-17T02:41:37.3069797Z INFO:app.scheduler.services.notification_creation:Created overdue notification for invoice INV-6539 (43 days overdue)
Backend CI	Run tests	2026-03-17T02:41:37.3070163Z INFO:app.scheduler.services.notification_creation:Created overdue notification for invoice INV-3430 (125 days overdue)
Backend CI	Run tests	2026-03-17T02:41:37.3070706Z INFO:app.scheduler.services.notification_creation:Created overdue notification for invoice INV-5420 (23 days overdue)
Backend CI	Run tests	2026-03-17T02:41:37.3071075Z INFO:app.scheduler.services.notification_creation:Created overdue notification for invoice INV-9206 (164 days overdue)
Backend CI	Run tests	2026-03-17T02:41:37.3071437Z INFO:app.scheduler.services.notification_creation:Created overdue notification for invoice INV-8791 (26 days overdue)
Backend CI	Run tests	2026-03-17T02:41:37.3071895Z INFO:app.scheduler.services.notification_creation:Created overdue notification for invoice INV-9241 (265 days overdue)
Backend CI	Run tests	2026-03-17T02:41:37.3072279Z INFO:app.scheduler.services.notification_creation:Created overdue notification for invoice INV-3257 (302 days overdue)
Backend CI	Run tests	2026-03-17T02:41:37.3072825Z INFO:app.scheduler.services.notification_creation:Created overdue notification for invoice INV-4859 (31 days overdue)
Backend CI	Run tests	2026-03-17T02:41:37.3073200Z INFO:app.scheduler.services.notification_creation:Created overdue notification for invoice INV-2514 (283 days overdue)
Backend CI	Run tests	2026-03-17T02:41:37.3073570Z INFO:app.scheduler.services.notification_creation:Created overdue notification for invoice INV-1000 (1 days overdue)
Backend CI	Run tests	2026-03-17T02:41:37.3073976Z INFO:app.scheduler.services.notification_creation:Created overdue notification for invoice INV-7831 (51 days overdue)
Backend CI	Run tests	2026-03-17T02:41:37.3074399Z INFO:app.scheduler.services.notification_creation:Created overdue notification for invoice INV-9999 (193 days overdue)
Backend CI	Run tests	2026-03-17T02:41:37.3074854Z INFO:app.scheduler.services.notification_creation:Created overdue notification for invoice INV-3654 (199 days overdue)
Backend CI	Run tests	2026-03-17T02:41:37.3075218Z INFO:app.scheduler.services.notification_creation:Created overdue notification for invoice INV-2570 (31 days overdue)
Backend CI	Run tests	2026-03-17T02:41:37.3075587Z INFO:app.scheduler.services.notification_creation:Created overdue notification for invoice INV-6438 (327 days overdue)
Backend CI	Run tests	2026-03-17T02:41:37.3075991Z INFO:app.scheduler.services.notification_creation:Created overdue notification for invoice INV-7056 (67 days overdue)
Backend CI	Run tests	2026-03-17T02:41:37.3076344Z INFO:app.scheduler.services.notification_creation:Created overdue notification for invoice INV-3323 (172 days overdue)
Backend CI	Run tests	2026-03-17T02:41:37.3076817Z INFO:app.scheduler.services.notification_creation:Created overdue notification for invoice INV-1000 (1 days overdue)
Backend CI	Run tests	2026-03-17T02:41:37.3077195Z INFO:app.scheduler.services.notification_creation:Created overdue notification for invoice INV-9999 (308 days overdue)
Backend CI	Run tests	2026-03-17T02:41:37.3077561Z INFO:app.scheduler.services.notification_creation:Created overdue notification for invoice INV-4641 (164 days overdue)
Backend CI	Run tests	2026-03-17T02:41:37.3077968Z INFO:app.scheduler.services.notification_creation:Created overdue notification for invoice INV-1067 (315 days overdue)
Backend CI	Run tests	2026-03-17T02:41:37.3078457Z INFO:app.scheduler.services.notification_creation:Created overdue notification for invoice INV-3660 (295 days overdue)
Backend CI	Run tests	2026-03-17T02:41:37.3078932Z INFO:app.scheduler.services.notification_creation:Created overdue notification for invoice INV-9149 (228 days overdue)
Backend CI	Run tests	2026-03-17T02:41:37.3079322Z INFO:app.scheduler.services.notification_creation:Created overdue notification for invoice INV-9999 (302 days overdue)
Backend CI	Run tests	2026-03-17T02:41:37.3079727Z INFO:app.scheduler.services.notification_creation:Created overdue notification for invoice INV-1000 (1 days overdue)
Backend CI	Run tests	2026-03-17T02:41:37.3080097Z INFO:app.scheduler.services.notification_creation:Created overdue notification for invoice INV-3363 (141 days overdue)
Backend CI	Run tests	2026-03-17T02:41:37.3080464Z INFO:app.scheduler.services.notification_creation:Created overdue notification for invoice INV-7412 (181 days overdue)
Backend CI	Run tests	2026-03-17T02:41:37.3080891Z INFO:app.scheduler.services.notification_creation:Created overdue notification for invoice INV-7361 (284 days overdue)
Backend CI	Run tests	2026-03-17T02:41:37.3081308Z INFO:app.scheduler.services.notification_creation:Created overdue notification for invoice INV-3593 (58 days overdue)
Backend CI	Run tests	2026-03-17T02:41:37.3081738Z INFO:app.scheduler.services.notification_creation:Created overdue notification for invoice INV-9130 (113 days overdue)
Backend CI	Run tests	2026-03-17T02:41:37.3082216Z INFO:app.scheduler.services.notification_creation:Created overdue notification for invoice INV-5277 (11 days overdue)
Backend CI	Run tests	2026-03-17T02:41:37.3082582Z INFO:app.scheduler.services.notification_creation:Created overdue notification for invoice INV-9478 (198 days overdue)
Backend CI	Run tests	2026-03-17T02:41:37.3083298Z INFO:app.scheduler.services.notification_creation:Created overdue notification for invoice INV-5873 (148 days overdue)
Backend CI	Run tests	2026-03-17T02:41:37.3083654Z INFO:app.scheduler.services.notification_creation:Created overdue notification for invoice INV-2922 (43 days overdue)
Backend CI	Run tests	2026-03-17T02:41:37.3084140Z INFO:app.scheduler.services.notification_creation:Created overdue notification for invoice INV-1000 (1 days overdue)
Backend CI	Run tests	2026-03-17T02:41:37.3084517Z INFO:app.scheduler.services.notification_creation:Created overdue notification for invoice INV-8463 (33 days overdue)
Backend CI	Run tests	2026-03-17T02:41:37.3084881Z INFO:app.scheduler.services.notification_creation:Created overdue notification for invoice INV-8431 (54 days overdue)
Backend CI	Run tests	2026-03-17T02:41:37.3085298Z INFO:app.scheduler.services.notification_creation:Created overdue notification for invoice INV-4602 (232 days overdue)
Backend CI	Run tests	2026-03-17T02:41:37.3085661Z INFO:app.scheduler.services.notification_creation:Created overdue notification for invoice INV-4597 (36 days overdue)
Backend CI	Run tests	2026-03-17T02:41:37.3086105Z INFO:app.scheduler.services.notification_creation:Created overdue notification for invoice INV-3654 (199 days overdue)
Backend CI	Run tests	2026-03-17T02:41:37.3086490Z INFO:app.scheduler.services.notification_creation:Created overdue notification for invoice INV-2570 (31 days overdue)
Backend CI	Run tests	2026-03-17T02:41:37.3086861Z INFO:app.scheduler.services.notification_creation:Created overdue notification for invoice INV-6438 (327 days overdue)
Backend CI	Run tests	2026-03-17T02:41:37.3087269Z INFO:app.scheduler.services.notification_creation:Created overdue notification for invoice INV-7056 (67 days overdue)
Backend CI	Run tests	2026-03-17T02:41:37.3087635Z INFO:app.scheduler.services.notification_creation:Created overdue notification for invoice INV-3323 (172 days overdue)
Backend CI	Run tests	2026-03-17T02:41:37.3088052Z INFO:app.scheduler.services.notification_creation:Created overdue notification for invoice INV-1000 (1 days overdue)
Backend CI	Run tests	2026-03-17T02:41:37.3088473Z INFO:app.scheduler.services.notification_creation:Created overdue notification for invoice INV-9999 (308 days overdue)
Backend CI	Run tests	2026-03-17T02:41:37.3088901Z INFO:app.scheduler.services.notification_creation:Created overdue notification for invoice INV-7188 (164 days overdue)
Backend CI	Run tests	2026-03-17T02:41:37.3089268Z INFO:app.scheduler.services.notification_creation:Created overdue notification for invoice INV-8484 (176 days overdue)
Backend CI	Run tests	2026-03-17T02:41:37.3089628Z INFO:app.scheduler.services.notification_creation:Created overdue notification for invoice INV-9703 (1 days overdue)
Backend CI	Run tests	2026-03-17T02:41:37.3090164Z INFO:app.scheduler.services.notification_creation:Created overdue notification for invoice INV-5590 (133 days overdue)
Backend CI	Run tests	2026-03-17T02:41:37.3090514Z INFO:app.scheduler.services.notification_creation:Created overdue notification for invoice INV-6826 (317 days overdue)
Backend CI	Run tests	2026-03-17T02:41:37.3090999Z INFO:app.scheduler.services.notification_creation:Created overdue notification for invoice INV-1000 (1 days overdue)
Backend CI	Run tests	2026-03-17T02:41:37.3091372Z INFO:app.scheduler.services.notification_creation:Created overdue notification for invoice INV-1830 (170 days overdue)
Backend CI	Run tests	2026-03-17T02:41:37.3091739Z INFO:app.scheduler.services.notification_creation:Created overdue notification for invoice INV-1081 (288 days overdue)
Backend CI	Run tests	2026-03-17T02:41:37.3092179Z INFO:app.scheduler.services.notification_creation:Created overdue notification for invoice INV-4913 (294 days overdue)
Backend CI	Run tests	2026-03-17T02:41:37.3092543Z INFO:app.scheduler.services.notification_creation:Created overdue notification for invoice INV-5675 (80 days overdue)
Backend CI	Run tests	2026-03-17T02:41:37.3093285Z INFO:app.scheduler.services.notification_creation:Created overdue notification for invoice INV-9999 (127 days overdue)
Backend CI	Run tests	2026-03-17T02:41:37.3093681Z INFO:app.scheduler.services.notification_creation:Created overdue notification for invoice INV-1001 (267 days overdue)
Backend CI	Run tests	2026-03-17T02:41:37.3094195Z INFO:app.scheduler.services.notification_creation:Created overdue notification for invoice INV-5845 (1 days overdue)
Backend CI	Run tests	2026-03-17T02:41:37.3094602Z INFO:app.scheduler.services.notification_creation:Created overdue notification for invoice INV-1000 (1 days overdue)
Backend CI	Run tests	2026-03-17T02:41:37.3094969Z INFO:app.scheduler.services.notification_creation:Created overdue notification for invoice INV-5999 (153 days overdue)
Backend CI	Run tests	2026-03-17T02:41:37.3095362Z INFO:app.scheduler.services.notification_creation:Created overdue notification for invoice INV-4252 (297 days overdue)
Backend CI	Run tests	2026-03-17T02:41:37.3095781Z INFO:app.scheduler.services.notification_creation:Created overdue notification for invoice INV-3524 (148 days overdue)
Backend CI	Run tests	2026-03-17T02:41:37.3096177Z INFO:app.scheduler.services.notification_creation:Created overdue notification for invoice INV-1687 (351 days overdue)
Backend CI	Run tests	2026-03-17T02:41:37.3096618Z INFO:app.scheduler.services.notification_creation:Created overdue notification for invoice INV-7752 (66 days overdue)
Backend CI	Run tests	2026-03-17T02:41:37.3096986Z INFO:app.scheduler.services.notification_creation:Created overdue notification for invoice INV-1218 (58 days overdue)
Backend CI	Run tests	2026-03-17T02:41:37.3097395Z INFO:app.scheduler.services.notification_creation:Created overdue notification for invoice INV-3241 (247 days overdue)
Backend CI	Run tests	2026-03-17T02:41:37.3097746Z INFO:app.scheduler.services.notification_creation:Created overdue notification for invoice INV-3329 (346 days overdue)
Backend CI	Run tests	2026-03-17T02:41:37.3098227Z INFO:app.scheduler.services.notification_creation:Created overdue notification for invoice INV-8311 (196 days overdue)
Backend CI	Run tests	2026-03-17T02:41:37.3098588Z INFO:app.scheduler.services.notification_creation:Created overdue notification for invoice INV-1000 (1 days overdue)
Backend CI	Run tests	2026-03-17T02:41:37.3098960Z INFO:app.scheduler.services.notification_creation:Created overdue notification for invoice INV-1340 (240 days overdue)
Backend CI	Run tests	2026-03-17T02:41:37.3099365Z INFO:app.scheduler.services.notification_creation:Created overdue notification for invoice INV-5337 (99 days overdue)
Backend CI	Run tests	2026-03-17T02:41:37.3099735Z INFO:app.scheduler.services.notification_creation:Created overdue notification for invoice INV-1105 (127 days overdue)
Backend CI	Run tests	2026-03-17T02:41:37.3100177Z INFO:app.scheduler.services.notification_creation:Created overdue notification for invoice INV-4126 (290 days overdue)
Backend CI	Run tests	2026-03-17T02:41:37.3100558Z INFO:app.scheduler.services.notification_creation:Created overdue notification for invoice INV-6292 (60 days overdue)
Backend CI	Run tests	2026-03-17T02:41:37.3100955Z INFO:app.scheduler.services.notification_creation:Created overdue notification for invoice INV-7257 (10 days overdue)
Backend CI	Run tests	2026-03-17T02:41:37.3101357Z INFO:app.scheduler.services.notification_creation:Created overdue notification for invoice INV-1459 (1 days overdue)
Backend CI	Run tests	2026-03-17T02:41:37.3101834Z INFO:app.scheduler.services.notification_creation:Created overdue notification for invoice INV-1000 (1 days overdue)
Backend CI	Run tests	2026-03-17T02:41:37.3102226Z INFO:app.scheduler.services.notification_creation:Created overdue notification for invoice INV-2778 (133 days overdue)
Backend CI	Run tests	2026-03-17T02:41:37.3102838Z INFO:app.scheduler.services.notification_creation:Created overdue notification for invoice INV-3577 (179 days overdue)
Backend CI	Run tests	2026-03-17T02:41:37.3103378Z INFO:app.scheduler.services.notification_creation:Created overdue notification for invoice INV-4082 (205 days overdue)
Backend CI	Run tests	2026-03-17T02:41:37.3103812Z INFO:app.scheduler.services.notification_creation:Created overdue notification for invoice INV-4489 (2 days overdue)
Backend CI	Run tests	2026-03-17T02:41:37.3104190Z INFO:app.scheduler.services.notification_creation:Created overdue notification for invoice INV-8435 (105 days overdue)
Backend CI	Run tests	2026-03-17T02:41:37.3104606Z INFO:app.scheduler.services.notification_creation:Created overdue notification for invoice INV-4068 (297 days overdue)
Backend CI	Run tests	2026-03-17T02:41:37.3104967Z INFO:app.scheduler.services.notification_creation:Created overdue notification for invoice INV-1000 (1 days overdue)
Backend CI	Run tests	2026-03-17T02:41:37.3105407Z INFO:app.scheduler.services.notification_creation:Created overdue notification for invoice INV-5019 (140 days overdue)
Backend CI	Run tests	2026-03-17T02:41:37.3106006Z INFO:app.scheduler.services.notification_creation:Created overdue notification for invoice INV-3042 (263 days overdue)
Backend CI	Run tests	2026-03-17T02:41:37.3106374Z INFO:app.scheduler.services.notification_creation:Created overdue notification for invoice INV-8591 (288 days overdue)
Backend CI	Run tests	2026-03-17T02:41:37.3106777Z INFO:app.scheduler.services.notification_creation:Created overdue notification for invoice INV-6851 (36 days overdue)
Backend CI	Run tests	2026-03-17T02:41:37.3107141Z INFO:app.scheduler.services.notification_creation:Created overdue notification for invoice INV-1626 (32 days overdue)
Backend CI	Run tests	2026-03-17T02:41:37.3107579Z INFO:app.scheduler.services.notification_creation:Created overdue notification for invoice INV-1972 (2 days overdue)
Backend CI	Run tests	2026-03-17T02:41:37.3107964Z INFO:app.scheduler.services.notification_creation:Created overdue notification for invoice INV-4131 (83 days overdue)
Backend CI	Run tests	2026-03-17T02:41:37.3108329Z INFO:app.scheduler.services.notification_creation:Created overdue notification for invoice INV-2799 (175 days overdue)
Backend CI	Run tests	2026-03-17T02:41:37.3108740Z INFO:app.scheduler.services.notification_creation:Created overdue notification for invoice INV-5073 (231 days overdue)
Backend CI	Run tests	2026-03-17T02:41:37.3109100Z INFO:app.scheduler.services.notification_creation:Created overdue notification for invoice INV-4329 (31 days overdue)
Backend CI	Run tests	2026-03-17T02:41:37.3109490Z INFO:app.scheduler.services.notification_creation:Created overdue notification for invoice INV-3340 (286 days overdue)
Backend CI	Run tests	2026-03-17T02:41:37.3109948Z INFO:app.scheduler.services.notification_creation:Created overdue notification for invoice INV-7187 (309 days overdue)
Backend CI	Run tests	2026-03-17T02:41:37.3110334Z INFO:app.scheduler.services.notification_creation:Created overdue notification for invoice INV-1001 (223 days overdue)
Backend CI	Run tests	2026-03-17T02:41:37.3110746Z INFO:app.scheduler.services.notification_creation:Created overdue notification for invoice INV-4018 (56 days overdue)
Backend CI	Run tests	2026-03-17T02:41:37.3111114Z INFO:app.scheduler.services.notification_creation:Created overdue notification for invoice INV-1000 (1 days overdue)
Backend CI	Run tests	2026-03-17T02:41:37.3111524Z INFO:app.scheduler.services.notification_creation:Created overdue notification for invoice INV-8941 (16 days overdue)
Backend CI	Run tests	2026-03-17T02:41:37.3111874Z INFO:app.scheduler.services.notification_creation:Created overdue notification for invoice INV-2564 (224 days overdue)
Backend CI	Run tests	2026-03-17T02:41:37.3112287Z INFO:app.scheduler.services.notification_creation:Created overdue notification for invoice INV-6524 (7 days overdue)
Backend CI	Run tests	2026-03-17T02:41:37.3112917Z INFO:app.scheduler.services.notification_creation:Created overdue notification for invoice INV-8506 (342 days overdue)
Backend CI	Run tests	2026-03-17T02:41:37.3113414Z INFO:app.scheduler.services.notification_creation:Created overdue notification for invoice INV-2105 (17 days overdue)
Backend CI	Run tests	2026-03-17T02:41:37.3113824Z INFO:app.scheduler.services.notification_creation:Created overdue notification for invoice INV-8792 (255 days overdue)
Backend CI	Run tests	2026-03-17T02:41:37.3114226Z INFO:app.scheduler.services.notification_creation:Created overdue notification for invoice INV-5601 (200 days overdue)
Backend CI	Run tests	2026-03-17T02:41:37.3114584Z INFO:app.scheduler.services.notification_creation:Created overdue notification for invoice INV-3348 (358 days overdue)
Backend CI	Run tests	2026-03-17T02:41:37.3115066Z INFO:app.scheduler.services.notification_creation:Created overdue notification for invoice INV-5722 (193 days overdue)
Backend CI	Run tests	2026-03-17T02:41:37.3115436Z INFO:app.scheduler.services.notification_creation:Created overdue notification for invoice INV-5943 (357 days overdue)
Backend CI	Run tests	2026-03-17T02:41:37.3115839Z INFO:app.scheduler.services.notification_creation:Created overdue notification for invoice INV-9950 (39 days overdue)
Backend CI	Run tests	2026-03-17T02:41:37.3116210Z INFO:app.scheduler.services.notification_creation:Created overdue notification for invoice INV-8090 (260 days overdue)
Backend CI	Run tests	2026-03-17T02:41:37.3116578Z INFO:app.scheduler.services.notification_creation:Created overdue notification for invoice INV-3230 (223 days overdue)
Backend CI	Run tests	2026-03-17T02:41:37.3117018Z INFO:app.scheduler.services.notification_creation:Created overdue notification for invoice INV-4704 (28 days overdue)
Backend CI	Run tests	2026-03-17T02:41:37.3117511Z INFO:app.scheduler.services.notification_creation:Created overdue notification for invoice INV-9510 (64 days overdue)
Backend CI	Run tests	2026-03-17T02:41:37.3117917Z INFO:app.scheduler.services.notification_creation:Created overdue notification for invoice INV-3006 (300 days overdue)
Backend CI	Run tests	2026-03-17T02:41:37.3118307Z INFO:app.scheduler.services.notification_creation:Created overdue notification for invoice INV-1000 (1 days overdue)
Backend CI	Run tests	2026-03-17T02:41:37.3118709Z INFO:app.scheduler.services.notification_creation:Created overdue notification for invoice INV-5807 (201 days overdue)
Backend CI	Run tests	2026-03-17T02:41:37.3119058Z INFO:app.scheduler.services.notification_creation:Created overdue notification for invoice INV-5987 (35 days overdue)
Backend CI	Run tests	2026-03-17T02:41:37.3119469Z INFO:app.scheduler.services.notification_creation:Created overdue notification for invoice INV-8153 (58 days overdue)
Backend CI	Run tests	2026-03-17T02:41:37.3119899Z INFO:app.scheduler.services.notification_creation:Created overdue notification for invoice INV-1215 (348 days overdue)
Backend CI	Run tests	2026-03-17T02:41:37.3120259Z INFO:app.scheduler.services.notification_creation:Created overdue notification for invoice INV-1405 (6 days overdue)
Backend CI	Run tests	2026-03-17T02:41:37.3120660Z INFO:app.scheduler.services.notification_creation:Created overdue notification for invoice INV-5706 (6 days overdue)
Backend CI	Run tests	2026-03-17T02:41:37.3121026Z INFO:app.scheduler.services.notification_creation:Created overdue notification for invoice INV-9537 (275 days overdue)
Backend CI	Run tests	2026-03-17T02:41:37.3121376Z INFO:app.scheduler.services.notification_creation:Created overdue notification for invoice INV-7700 (137 days overdue)
Backend CI	Run tests	2026-03-17T02:41:37.3121847Z INFO:app.scheduler.services.notification_creation:Created overdue notification for invoice INV-3641 (1 days overdue)
Backend CI	Run tests	2026-03-17T02:41:37.3122211Z INFO:app.scheduler.services.notification_creation:Created overdue notification for invoice INV-2497 (125 days overdue)
Backend CI	Run tests	2026-03-17T02:41:37.3122782Z INFO:app.scheduler.services.notification_creation:Created overdue notification for invoice INV-2774 (287 days overdue)
Backend CI	Run tests	2026-03-17T02:41:37.3123155Z INFO:app.scheduler.services.notification_creation:Created overdue notification for invoice INV-1347 (140 days overdue)
Backend CI	Run tests	2026-03-17T02:41:37.3123521Z INFO:app.scheduler.services.notification_creation:Created overdue notification for invoice INV-3534 (294 days overdue)
Backend CI	Run tests	2026-03-17T02:41:37.3123970Z INFO:app.scheduler.services.notification_creation:Created overdue notification for invoice INV-9999 (362 days overdue)
Backend CI	Run tests	2026-03-17T02:41:37.3124347Z INFO:app.scheduler.services.notification_creation:Created overdue notification for invoice INV-1000 (1 days overdue)
Backend CI	Run tests	2026-03-17T02:41:37.3124869Z INFO:app.scheduler.services.notification_creation:Created overdue notification for invoice INV-6295 (99 days overdue)
Backend CI	Run tests	2026-03-17T02:41:37.3125235Z INFO:app.scheduler.services.notification_creation:Created overdue notification for invoice INV-8933 (323 days overdue)
Backend CI	Run tests	2026-03-17T02:41:37.3125606Z INFO:app.scheduler.services.notification_creation:Created overdue notification for invoice INV-9661 (296 days overdue)
Backend CI	Run tests	2026-03-17T02:41:37.3125992Z INFO:app.scheduler.services.notification_creation:Created overdue notification for invoice INV-8017 (72 days overdue)
Backend CI	Run tests	2026-03-17T02:41:37.3126406Z INFO:app.scheduler.services.notification_creation:Created overdue notification for invoice INV-4338 (186 days overdue)
Backend CI	Run tests	2026-03-17T02:41:37.3126863Z INFO:app.scheduler.services.notification_creation:Created overdue notification for invoice INV-7848 (181 days overdue)
Backend CI	Run tests	2026-03-17T02:41:37.3127229Z INFO:app.scheduler.services.notification_creation:Created overdue notification for invoice INV-6781 (210 days overdue)
Backend CI	Run tests	2026-03-17T02:41:37.3127634Z INFO:app.scheduler.services.notification_creation:Created overdue notification for invoice INV-6985 (70 days overdue)
Backend CI	Run tests	2026-03-17T02:41:37.3127995Z INFO:app.scheduler.services.notification_creation:Created overdue notification for invoice INV-8948 (42 days overdue)
Backend CI	Run tests	2026-03-17T02:41:37.3128447Z INFO:app.scheduler.services.notification_creation:Created overdue notification for invoice INV-1000 (1 days overdue)
Backend CI	Run tests	2026-03-17T02:41:37.3128922Z INFO:app.scheduler.services.notification_creation:Created overdue notification for invoice INV-6225 (278 days overdue)
Backend CI	Run tests	2026-03-17T02:41:37.3129288Z INFO:app.scheduler.services.notification_creation:Created overdue notification for invoice INV-1572 (241 days overdue)
Backend CI	Run tests	2026-03-17T02:41:37.3129692Z INFO:app.scheduler.services.notification_creation:Created overdue notification for invoice INV-6766 (333 days overdue)
Backend CI	Run tests	2026-03-17T02:41:37.3130056Z INFO:app.scheduler.services.notification_creation:Created overdue notification for invoice INV-7770 (338 days overdue)
Backend CI	Run tests	2026-03-17T02:41:37.3130421Z INFO:app.scheduler.services.notification_creation:Created overdue notification for invoice INV-1990 (22 days overdue)
Backend CI	Run tests	2026-03-17T02:41:37.3130854Z INFO:app.scheduler.services.notification_creation:Created overdue notification for invoice INV-7164 (67 days overdue)
Backend CI	Run tests	2026-03-17T02:41:37.3131271Z INFO:app.scheduler.services.notification_creation:Created overdue notification for invoice INV-8265 (21 days overdue)
Backend CI	Run tests	2026-03-17T02:41:37.3131676Z INFO:app.scheduler.services.notification_creation:Created overdue notification for invoice INV-7270 (296 days overdue)
Backend CI	Run tests	2026-03-17T02:41:37.3132042Z INFO:app.scheduler.services.notification_creation:Created overdue notification for invoice INV-5528 (258 days overdue)
Backend CI	Run tests	2026-03-17T02:41:37.3132402Z INFO:app.scheduler.services.notification_creation:Created overdue notification for invoice INV-1000 (1 days overdue)
Backend CI	Run tests	2026-03-17T02:41:37.3133071Z INFO:app.scheduler.services.notification_creation:Created overdue notification for invoice INV-3860 (1 days overdue)
Backend CI	Run tests	2026-03-17T02:41:37.3133520Z INFO:app.scheduler.services.notification_creation:Created overdue notification for invoice INV-7250 (108 days overdue)
Backend CI	Run tests	2026-03-17T02:41:37.3133953Z INFO:app.scheduler.services.notification_creation:Created overdue notification for invoice INV-1001 (321 days overdue)
Backend CI	Run tests	2026-03-17T02:41:37.3134324Z INFO:app.scheduler.services.notification_creation:Created overdue notification for invoice INV-3921 (349 days overdue)
Backend CI	Run tests	2026-03-17T02:41:37.3134726Z INFO:app.scheduler.services.notification_creation:Created overdue notification for invoice INV-3699 (6 days overdue)
Backend CI	Run tests	2026-03-17T02:41:37.3135124Z INFO:app.scheduler.services.notification_creation:Created overdue notification for invoice INV-9352 (364 days overdue)
Backend CI	Run tests	2026-03-17T02:41:37.3135472Z INFO:app.scheduler.services.notification_creation:Created overdue notification for invoice INV-9545 (364 days overdue)
Backend CI	Run tests	2026-03-17T02:41:37.3135977Z INFO:app.scheduler.services.notification_creation:Created overdue notification for invoice INV-1001 (321 days overdue)
Backend CI	Run tests	2026-03-17T02:41:37.3136484Z INFO:app.scheduler.services.notification_creation:Created overdue notification for invoice INV-3921 (349 days overdue)
Backend CI	Run tests	2026-03-17T02:41:37.3136883Z INFO:app.scheduler.services.notification_creation:Created overdue notification for invoice INV-3699 (6 days overdue)
Backend CI	Run tests	2026-03-17T02:41:37.3137253Z INFO:app.scheduler.services.notification_creation:Created overdue notification for invoice INV-9352 (364 days overdue)
Backend CI	Run tests	2026-03-17T02:41:37.3137618Z INFO:app.scheduler.services.notification_creation:Created overdue notification for invoice INV-9545 (364 days overdue)
Backend CI	Run tests	2026-03-17T02:41:37.3138060Z INFO:app.scheduler.services.notification_creation:Created overdue notification for invoice INV-2162 (53 days overdue)
Backend CI	Run tests	2026-03-17T02:41:37.3138445Z INFO:app.scheduler.services.notification_creation:Created overdue notification for invoice INV-1003 (170 days overdue)
Backend CI	Run tests	2026-03-17T02:41:37.3138851Z INFO:app.scheduler.services.notification_creation:Created overdue notification for invoice INV-8893 (169 days overdue)
Backend CI	Run tests	2026-03-17T02:41:37.3139222Z INFO:app.scheduler.services.notification_creation:Created overdue notification for invoice INV-4009 (266 days overdue)
Backend CI	Run tests	2026-03-17T02:41:37.3139588Z INFO:app.scheduler.services.notification_creation:Created overdue notification for invoice INV-4630 (247 days overdue)
Backend CI	Run tests	2026-03-17T02:41:37.3140112Z INFO:app.scheduler.services.notification_creation:Created overdue notification for invoice INV-1000 (1 days overdue)
Backend CI	Run tests	2026-03-17T02:41:37.3140534Z INFO:app.scheduler.services.notification_creation:Created overdue notification for invoice INV-9872 (1 days overdue)
Backend CI	Run tests	2026-03-17T02:41:37.3140956Z INFO:app.scheduler.services.notification_creation:Created overdue notification for invoice INV-8671 (324 days overdue)
Backend CI	Run tests	2026-03-17T02:41:37.3141323Z INFO:app.scheduler.services.notification_creation:Created overdue notification for invoice INV-7405 (210 days overdue)
Backend CI	Run tests	2026-03-17T02:41:37.3141686Z INFO:app.scheduler.services.notification_creation:Created overdue notification for invoice INV-5341 (41 days overdue)
Backend CI	Run tests	2026-03-17T02:41:37.3142095Z INFO:app.scheduler.services.notification_creation:Created overdue notification for invoice INV-4946 (295 days overdue)
Backend CI	Run tests	2026-03-17T02:41:37.3142445Z INFO:app.scheduler.services.notification_creation:Created overdue notification for invoice INV-4618 (210 days overdue)
Backend CI	Run tests	2026-03-17T02:41:37.3143226Z INFO:app.scheduler.services.notification_creation:Created overdue notification for invoice INV-1000 (1 days overdue)
Backend CI	Run tests	2026-03-17T02:41:37.3143634Z INFO:app.scheduler.services.notification_creation:Created overdue notification for invoice INV-6430 (331 days overdue)
Backend CI	Run tests	2026-03-17T02:41:37.3144056Z INFO:app.scheduler.services.notification_creation:Created overdue notification for invoice INV-3941 (323 days overdue)
Backend CI	Run tests	2026-03-17T02:41:37.3144460Z INFO:app.scheduler.services.notification_creation:Created overdue notification for invoice INV-3514 (252 days overdue)
Backend CI	Run tests	2026-03-17T02:41:37.3144841Z INFO:app.scheduler.services.notification_creation:Created overdue notification for invoice INV-7875 (33 days overdue)
Backend CI	Run tests	2026-03-17T02:41:37.3145315Z INFO:app.scheduler.services.notification_creation:Created overdue notification for invoice INV-1322 (277 days overdue)
Backend CI	Run tests	2026-03-17T02:41:37.3145706Z INFO:app.scheduler.services.notification_creation:Created overdue notification for invoice INV-1152 (201 days overdue)
Backend CI	Run tests	2026-03-17T02:41:37.3146114Z INFO:app.scheduler.services.notification_creation:Created overdue notification for invoice INV-5193 (192 days overdue)
Backend CI	Run tests	2026-03-17T02:41:37.3146479Z INFO:app.scheduler.services.notification_creation:Created overdue notification for invoice INV-1000 (1 days overdue)
Backend CI	Run tests	2026-03-17T02:41:37.3146845Z INFO:app.scheduler.services.notification_creation:Created overdue notification for invoice INV-7378 (158 days overdue)
Backend CI	Run tests	2026-03-17T02:41:37.3147236Z INFO:app.scheduler.services.notification_creation:Created overdue notification for invoice INV-5116 (220 days overdue)
Backend CI	Run tests	2026-03-17T02:41:37.3147643Z INFO:app.scheduler.services.notification_creation:Created overdue notification for invoice INV-2357 (130 days overdue)
Backend CI	Run tests	2026-03-17T02:41:37.3148196Z INFO:app.scheduler.services.notification_creation:Created overdue notification for invoice INV-8571 (7 days overdue)
Backend CI	Run tests	2026-03-17T02:41:37.3148564Z INFO:app.scheduler.services.notification_creation:Created overdue notification for invoice INV-9752 (237 days overdue)
Backend CI	Run tests	2026-03-17T02:41:37.3148969Z INFO:app.scheduler.services.notification_creation:Created overdue notification for invoice INV-7052 (171 days overdue)
Backend CI	Run tests	2026-03-17T02:41:37.3149369Z INFO:app.scheduler.services.notification_creation:Created overdue notification for invoice INV-2190 (12 days overdue)
Backend CI	Run tests	2026-03-17T02:41:37.3149735Z INFO:app.scheduler.services.notification_creation:Created overdue notification for invoice INV-6162 (227 days overdue)
Backend CI	Run tests	2026-03-17T02:41:37.3150225Z INFO:app.scheduler.services.notification_creation:Created overdue notification for invoice INV-7380 (188 days overdue)
Backend CI	Run tests	2026-03-17T02:41:37.3150583Z INFO:app.scheduler.services.notification_creation:Created overdue notification for invoice INV-1000 (1 days overdue)
Backend CI	Run tests	2026-03-17T02:41:37.3150953Z INFO:app.scheduler.services.notification_creation:Created overdue notification for invoice INV-3536 (189 days overdue)
Backend CI	Run tests	2026-03-17T02:41:37.3165692Z INFO:app.scheduler.services.notification_creation:Created overdue notification for invoice INV-1271 (59 days overdue)
Backend CI	Run tests	2026-03-17T02:41:37.3166599Z INFO:app.scheduler.services.notification_creation:Created overdue notification for invoice INV-8303 (130 days overdue)
Backend CI	Run tests	2026-03-17T02:41:37.3167168Z INFO:app.scheduler.services.notification_creation:Created overdue notification for invoice INV-6107 (85 days overdue)
Backend CI	Run tests	2026-03-17T02:41:37.3167718Z INFO:app.scheduler.services.notification_creation:Created overdue notification for invoice INV-3577 (179 days overdue)
Backend CI	Run tests	2026-03-17T02:41:37.3168285Z INFO:app.scheduler.services.notification_creation:Created overdue notification for invoice INV-4082 (205 days overdue)
Backend CI	Run tests	2026-03-17T02:41:37.3168858Z INFO:app.scheduler.services.notification_creation:Created overdue notification for invoice INV-4489 (2 days overdue)
Backend CI	Run tests	2026-03-17T02:41:37.3169436Z INFO:app.scheduler.services.notification_creation:Created overdue notification for invoice INV-8435 (105 days overdue)
Backend CI	Run tests	2026-03-17T02:41:37.3169992Z INFO:app.scheduler.services.notification_creation:Created overdue notification for invoice INV-4068 (297 days overdue)
Backend CI	Run tests	2026-03-17T02:41:37.3170635Z INFO:app.scheduler.services.notification_creation:Created overdue notification for invoice INV-1000 (1 days overdue)
Backend CI	Run tests	2026-03-17T02:41:37.3171328Z INFO:app.scheduler.services.notification_creation:Created overdue notification for invoice INV-5019 (140 days overdue)
Backend CI	Run tests	2026-03-17T02:41:37.3171956Z INFO:app.scheduler.services.notification_creation:Created overdue notification for invoice INV-3042 (263 days overdue)
Backend CI	Run tests	2026-03-17T02:41:37.3172527Z INFO:app.scheduler.services.notification_creation:Created overdue notification for invoice INV-8591 (288 days overdue)
Backend CI	Run tests	2026-03-17T02:41:37.3173281Z INFO:app.scheduler.services.notification_creation:Created overdue notification for invoice INV-6851 (36 days overdue)
Backend CI	Run tests	2026-03-17T02:41:37.3173874Z INFO:app.scheduler.services.notification_creation:Created overdue notification for invoice INV-3892 (205 days overdue)
Backend CI	Run tests	2026-03-17T02:41:37.3174433Z INFO:app.scheduler.services.notification_creation:Created overdue notification for invoice INV-7320 (141 days overdue)
Backend CI	Run tests	2026-03-17T02:41:37.3175008Z INFO:app.scheduler.services.notification_creation:Created overdue notification for invoice INV-2824 (330 days overdue)
Backend CI	Run tests	2026-03-17T02:41:37.3175559Z INFO:app.scheduler.services.notification_creation:Created overdue notification for invoice INV-8175 (311 days overdue)
Backend CI	Run tests	2026-03-17T02:41:37.3176154Z INFO:app.scheduler.services.notification_creation:Created overdue notification for invoice INV-8688 (285 days overdue)
Backend CI	Run tests	2026-03-17T02:41:37.3176710Z INFO:app.scheduler.services.notification_creation:Created overdue notification for invoice INV-1000 (1 days overdue)
Backend CI	Run tests	2026-03-17T02:41:37.3177282Z INFO:app.scheduler.services.notification_creation:Created overdue notification for invoice INV-5388 (31 days overdue)
Backend CI	Run tests	2026-03-17T02:41:37.3178033Z INFO:app.scheduler.services.notification_creation:Created overdue notification for invoice INV-3577 (179 days overdue)
Backend CI	Run tests	2026-03-17T02:41:37.3178607Z INFO:app.scheduler.services.notification_creation:Created overdue notification for invoice INV-4082 (205 days overdue)
Backend CI	Run tests	2026-03-17T02:41:37.3179194Z INFO:app.scheduler.services.notification_creation:Created overdue notification for invoice INV-4489 (2 days overdue)
Backend CI	Run tests	2026-03-17T02:41:37.3179768Z INFO:app.scheduler.services.notification_creation:Created overdue notification for invoice INV-8435 (105 days overdue)
Backend CI	Run tests	2026-03-17T02:41:37.3180340Z INFO:app.scheduler.services.notification_creation:Created overdue notification for invoice INV-4068 (297 days overdue)
Backend CI	Run tests	2026-03-17T02:41:37.3180891Z INFO:app.scheduler.services.notification_creation:Created overdue notification for invoice INV-1000 (1 days overdue)
Backend CI	Run tests	2026-03-17T02:41:37.3181467Z INFO:app.scheduler.services.notification_creation:Created overdue notification for invoice INV-5019 (140 days overdue)
Backend CI	Run tests	2026-03-17T02:41:37.3182043Z INFO:app.scheduler.services.notification_creation:Created overdue notification for invoice INV-3042 (263 days overdue)
Backend CI	Run tests	2026-03-17T02:41:37.3182622Z INFO:app.scheduler.services.notification_creation:Created overdue notification for invoice INV-8591 (288 days overdue)
Backend CI	Run tests	2026-03-17T02:41:37.3183518Z INFO:app.scheduler.services.notification_creation:Created overdue notification for invoice INV-6851 (36 days overdue)
Backend CI	Run tests	2026-03-17T02:41:37.3184160Z INFO:app.scheduler.services.notification_creation:Created overdue notification for invoice INV-1073 (111 days overdue)
Backend CI	Run tests	2026-03-17T02:41:37.3184858Z INFO:app.scheduler.services.notification_creation:Created overdue notification for invoice INV-9479 (315 days overdue)
Backend CI	Run tests	2026-03-17T02:41:37.3188371Z INFO:app.scheduler.services.notification_creation:Created overdue notification for invoice INV-5036 (223 days overdue)
Backend CI	Run tests	2026-03-17T02:41:37.3189060Z INFO:app.scheduler.services.notification_creation:Created overdue notification for invoice INV-7042 (170 days overdue)
Backend CI	Run tests	2026-03-17T02:41:37.3189699Z INFO:app.scheduler.services.notification_creation:Created overdue notification for invoice INV-8731 (281 days overdue)
Backend CI	Run tests	2026-03-17T02:41:37.3190328Z INFO:app.scheduler.services.notification_creation:Created overdue notification for invoice INV-1000 (1 days overdue)
Backend CI	Run tests	2026-03-17T02:41:37.3190964Z INFO:app.scheduler.services.notification_creation:Created overdue notification for invoice INV-4218 (365 days overdue)
Backend CI	Run tests	2026-03-17T02:41:37.3191588Z INFO:app.scheduler.services.notification_creation:Created overdue notification for invoice INV-1990 (22 days overdue)
Backend CI	Run tests	2026-03-17T02:41:37.3192209Z INFO:app.scheduler.services.notification_creation:Created overdue notification for invoice INV-7164 (67 days overdue)
Backend CI	Run tests	2026-03-17T02:41:37.3193000Z INFO:app.scheduler.services.notification_creation:Created overdue notification for invoice INV-8265 (21 days overdue)
Backend CI	Run tests	2026-03-17T02:41:37.3193617Z INFO:app.scheduler.services.notification_creation:Created overdue notification for invoice INV-7270 (296 days overdue)
Backend CI	Run tests	2026-03-17T02:41:37.3194228Z INFO:app.scheduler.services.notification_creation:Created overdue notification for invoice INV-5528 (258 days overdue)
Backend CI	Run tests	2026-03-17T02:41:37.3194818Z INFO:app.scheduler.services.notification_creation:Created overdue notification for invoice INV-1000 (1 days overdue)
Backend CI	Run tests	2026-03-17T02:41:37.3195398Z INFO:app.scheduler.services.notification_creation:Created overdue notification for invoice INV-3860 (1 days overdue)
Backend CI	Run tests	2026-03-17T02:41:37.3196014Z INFO:app.scheduler.services.notification_creation:Created overdue notification for invoice INV-7250 (108 days overdue)
Backend CI	Run tests	2026-03-17T02:41:37.3196381Z INFO:app.scheduler.services.notification_creation:Created overdue notification for invoice INV-9352 (315 days overdue)
Backend CI	Run tests	2026-03-17T02:41:37.3196714Z INFO:app.scheduler.services.notification_creation:Created overdue notification for invoice INV-7387 (15 days overdue)
Backend CI	Run tests	2026-03-17T02:41:37.3197226Z INFO:app.scheduler.services.notification_creation:Created overdue notification for invoice INV-3132 (162 days overdue)
Backend CI	Run tests	2026-03-17T02:41:37.3197550Z INFO:app.scheduler.services.notification_creation:Created overdue notification for invoice INV-3819 (96 days overdue)
Backend CI	Run tests	2026-03-17T02:41:37.3197880Z INFO:app.scheduler.services.notification_creation:Created overdue notification for invoice INV-6552 (90 days overdue)
Backend CI	Run tests	2026-03-17T02:41:37.3198203Z INFO:app.scheduler.services.notification_creation:Created overdue notification for invoice INV-1000 (1 days overdue)
Backend CI	Run tests	2026-03-17T02:41:37.3198525Z INFO:app.scheduler.services.notification_creation:Created overdue notification for invoice INV-9433 (86 days overdue)
Backend CI	Run tests	2026-03-17T02:41:37.3198856Z INFO:app.scheduler.services.notification_creation:Created overdue notification for invoice INV-4701 (365 days overdue)
Backend CI	Run tests	2026-03-17T02:41:37.3199185Z INFO:app.scheduler.services.notification_creation:Created overdue notification for invoice INV-2204 (174 days overdue)
Backend CI	Run tests	2026-03-17T02:41:37.3199515Z INFO:app.scheduler.services.notification_creation:Created overdue notification for invoice INV-8436 (12 days overdue)
Backend CI	Run tests	2026-03-17T02:41:37.3199837Z INFO:app.scheduler.services.notification_creation:Created overdue notification for invoice INV-5173 (52 days overdue)
Backend CI	Run tests	2026-03-17T02:41:37.3200264Z INFO:app.scheduler.services.notification_creation:Created overdue notification for invoice INV-9999 (97 days overdue)
Backend CI	Run tests	2026-03-17T02:41:37.3200592Z INFO:app.scheduler.services.notification_creation:Created overdue notification for invoice INV-9998 (216 days overdue)
Backend CI	Run tests	2026-03-17T02:41:37.3200919Z INFO:app.scheduler.services.notification_creation:Created overdue notification for invoice INV-4153 (328 days overdue)
Backend CI	Run tests	2026-03-17T02:41:37.3201247Z INFO:app.scheduler.services.notification_creation:Created overdue notification for invoice INV-6867 (343 days overdue)
Backend CI	Run tests	2026-03-17T02:41:37.3201574Z INFO:app.scheduler.services.notification_creation:Created overdue notification for invoice INV-4463 (210 days overdue)
Backend CI	Run tests	2026-03-17T02:41:37.3201899Z INFO:app.scheduler.services.notification_creation:Created overdue notification for invoice INV-1000 (1 days overdue)
Backend CI	Run tests	2026-03-17T02:41:37.3202234Z INFO:app.scheduler.services.notification_creation:Created overdue notification for invoice INV-9999 (355 days overdue)
Backend CI	Run tests	2026-03-17T02:41:37.3202584Z INFO:app.scheduler.services.notification_creation:Created overdue notification for invoice INV-1001 (321 days overdue)
Backend CI	Run tests	2026-03-17T02:41:37.3203187Z INFO:app.scheduler.services.notification_creation:Created overdue notification for invoice INV-3921 (349 days overdue)
Backend CI	Run tests	2026-03-17T02:41:37.3203521Z INFO:app.scheduler.services.notification_creation:Created overdue notification for invoice INV-3699 (6 days overdue)
Backend CI	Run tests	2026-03-17T02:41:37.3203858Z INFO:app.scheduler.services.notification_creation:Created overdue notification for invoice INV-9352 (364 days overdue)
Backend CI	Run tests	2026-03-17T02:41:37.3204186Z INFO:app.scheduler.services.notification_creation:Created overdue notification for invoice INV-9545 (364 days overdue)
Backend CI	Run tests	2026-03-17T02:41:37.3204520Z INFO:app.scheduler.services.notification_creation:Created overdue notification for invoice INV-1001 (37 days overdue)
Backend CI	Run tests	2026-03-17T02:41:37.3204862Z INFO:app.scheduler.services.notification_creation:Created overdue notification for invoice INV-2740 (131 days overdue)
Backend CI	Run tests	2026-03-17T02:41:37.3205204Z INFO:app.scheduler.services.notification_creation:Created overdue notification for invoice INV-7021 (230 days overdue)
Backend CI	Run tests	2026-03-17T02:41:37.3205538Z INFO:app.scheduler.services.notification_creation:Created overdue notification for invoice INV-3832 (23 days overdue)
Backend CI	Run tests	2026-03-17T02:41:37.3205868Z INFO:app.scheduler.services.notification_creation:Created overdue notification for invoice INV-2182 (186 days overdue)
Backend CI	Run tests	2026-03-17T02:41:37.3206193Z INFO:app.scheduler.services.notification_creation:Created overdue notification for invoice INV-1000 (1 days overdue)
Backend CI	Run tests	2026-03-17T02:41:37.3206526Z INFO:app.scheduler.services.notification_creation:Created overdue notification for invoice INV-9117 (19 days overdue)
Backend CI	Run tests	2026-03-17T02:41:37.3206989Z INFO:app.scheduler.services.notification_creation:Created overdue notification for invoice INV-1571 (142 days overdue)
Backend CI	Run tests	2026-03-17T02:41:37.3207326Z INFO:app.scheduler.services.notification_creation:Created overdue notification for invoice INV-2485 (290 days overdue)
Backend CI	Run tests	2026-03-17T02:41:37.3207660Z INFO:app.scheduler.services.notification_creation:Created overdue notification for invoice INV-2524 (351 days overdue)
Backend CI	Run tests	2026-03-17T02:41:37.3207988Z INFO:app.scheduler.services.notification_creation:Created overdue notification for invoice INV-4888 (55 days overdue)
Backend CI	Run tests	2026-03-17T02:41:37.3208319Z INFO:app.scheduler.services.notification_creation:Created overdue notification for invoice INV-3765 (38 days overdue)
Backend CI	Run tests	2026-03-17T02:41:37.3208645Z INFO:app.scheduler.services.notification_creation:Created overdue notification for invoice INV-4679 (58 days overdue)
Backend CI	Run tests	2026-03-17T02:41:37.3208978Z INFO:app.scheduler.services.notification_creation:Created overdue notification for invoice INV-5712 (29 days overdue)
Backend CI	Run tests	2026-03-17T02:41:37.3209314Z INFO:app.scheduler.services.notification_creation:Created overdue notification for invoice INV-2250 (353 days overdue)
Backend CI	Run tests	2026-03-17T02:41:37.3209637Z INFO:app.scheduler.services.notification_creation:Created overdue notification for invoice INV-2775 (1 days overdue)
Backend CI	Run tests	2026-03-17T02:41:37.3210114Z INFO:app.scheduler.services.notification_creation:Created overdue notification for invoice INV-1974 (191 days overdue)
Backend CI	Run tests	2026-03-17T02:41:37.3210444Z INFO:app.scheduler.services.notification_creation:Created overdue notification for invoice INV-5068 (165 days overdue)
Backend CI	Run tests	2026-03-17T02:41:37.3210775Z INFO:app.scheduler.services.notification_creation:Created overdue notification for invoice INV-7374 (19 days overdue)
Backend CI	Run tests	2026-03-17T02:41:37.3211106Z INFO:app.scheduler.services.notification_creation:Created overdue notification for invoice INV-6317 (346 days overdue)
Backend CI	Run tests	2026-03-17T02:41:37.3211431Z INFO:app.scheduler.services.notification_creation:Created overdue notification for invoice INV-1000 (1 days overdue)
Backend CI	Run tests	2026-03-17T02:41:37.3211771Z INFO:app.scheduler.services.notification_creation:Created overdue notification for invoice INV-5522 (233 days overdue)
Backend CI	Run tests	2026-03-17T02:41:37.3212103Z INFO:app.scheduler.services.notification_creation:Created overdue notification for invoice INV-9798 (187 days overdue)
Backend CI	Run tests	2026-03-17T02:41:37.3212446Z INFO:app.scheduler.services.notification_creation:Created overdue notification for invoice INV-9999 (286 days overdue)
Backend CI	Run tests	2026-03-17T02:41:37.3212973Z INFO:app.scheduler.services.notification_creation:Created overdue notification for invoice INV-4625 (34 days overdue)
Backend CI	Run tests	2026-03-17T02:41:37.3213375Z INFO:app.scheduler.services.notification_creation:Created overdue notification for invoice INV-8551 (246 days overdue)
Backend CI	Run tests	2026-03-17T02:41:37.3214007Z INFO:app.scheduler.services.notification_creation:Created overdue notification for invoice INV-2439 (331 days overdue)
Backend CI	Run tests	2026-03-17T02:41:37.3214429Z INFO:app.scheduler.services.notification_creation:Created overdue notification for invoice INV-1000 (1 days overdue)
Backend CI	Run tests	2026-03-17T02:41:37.3214778Z INFO:app.scheduler.services.notification_creation:Created overdue notification for invoice INV-5229 (101 days overdue)
Backend CI	Run tests	2026-03-17T02:41:37.3215102Z INFO:app.scheduler.services.notification_creation:Created overdue notification for invoice INV-7871 (1 days overdue)
Backend CI	Run tests	2026-03-17T02:41:37.3215439Z INFO:app.scheduler.services.notification_creation:Created overdue notification for invoice INV-6085 (358 days overdue)
Backend CI	Run tests	2026-03-17T02:41:37.3215770Z INFO:app.scheduler.services.notification_creation:Created overdue notification for invoice INV-1177 (1 days overdue)
Backend CI	Run tests	2026-03-17T02:41:37.3216100Z INFO:app.scheduler.services.notification_creation:Created overdue notification for invoice INV-7406 (125 days overdue)
Backend CI	Run tests	2026-03-17T02:41:37.3216428Z INFO:app.scheduler.services.notification_creation:Created overdue notification for invoice INV-1000 (1 days overdue)
Backend CI	Run tests	2026-03-17T02:41:37.3216758Z INFO:app.scheduler.services.notification_creation:Created overdue notification for invoice INV-8808 (186 days overdue)
Backend CI	Run tests	2026-03-17T02:41:37.3217230Z INFO:app.scheduler.services.notification_creation:Created overdue notification for invoice INV-4324 (165 days overdue)
Backend CI	Run tests	2026-03-17T02:41:37.3217563Z INFO:app.scheduler.services.notification_creation:Created overdue notification for invoice INV-4475 (62 days overdue)
Backend CI	Run tests	2026-03-17T02:41:37.3217895Z INFO:app.scheduler.services.notification_creation:Created overdue notification for invoice INV-6652 (274 days overdue)
Backend CI	Run tests	2026-03-17T02:41:37.3218226Z INFO:app.scheduler.services.notification_creation:Created overdue notification for invoice INV-6810 (19 days overdue)
Backend CI	Run tests	2026-03-17T02:41:37.3218551Z INFO:app.scheduler.services.notification_creation:Created overdue notification for invoice INV-3229 (1 days overdue)
Backend CI	Run tests	2026-03-17T02:41:37.3218878Z INFO:app.scheduler.services.notification_creation:Created overdue notification for invoice INV-9406 (310 days overdue)
Backend CI	Run tests	2026-03-17T02:41:37.3219219Z INFO:app.scheduler.services.notification_creation:Created overdue notification for invoice INV-8952 (331 days overdue)
Backend CI	Run tests	2026-03-17T02:41:37.3219548Z INFO:app.scheduler.services.notification_creation:Created overdue notification for invoice INV-1000 (1 days overdue)
Backend CI	Run tests	2026-03-17T02:41:37.3219878Z INFO:app.scheduler.services.notification_creation:Created overdue notification for invoice INV-6745 (51 days overdue)
Backend CI	Run tests	2026-03-17T02:41:37.3220309Z INFO:app.scheduler.services.notification_creation:Created overdue notification for invoice INV-1000 (15 days overdue)
Backend CI	Run tests	2026-03-17T02:41:37.3220645Z INFO:app.scheduler.services.notification_creation:Created overdue notification for invoice INV-3842 (143 days overdue)
Backend CI	Run tests	2026-03-17T02:41:37.3220974Z INFO:app.scheduler.services.notification_creation:Created overdue notification for invoice INV-6592 (333 days overdue)
Backend CI	Run tests	2026-03-17T02:41:37.3221303Z INFO:app.scheduler.services.notification_creation:Created overdue notification for invoice INV-9326 (31 days overdue)
Backend CI	Run tests	2026-03-17T02:41:37.3221635Z INFO:app.scheduler.services.notification_creation:Created overdue notification for invoice INV-1000 (1 days overdue)
Backend CI	Run tests	2026-03-17T02:41:37.3221966Z INFO:app.scheduler.services.notification_creation:Created overdue notification for invoice INV-4072 (46 days overdue)
Backend CI	Run tests	2026-03-17T02:41:37.3222302Z INFO:app.scheduler.services.notification_creation:Created overdue notification for invoice INV-7649 (232 days overdue)
Backend CI	Run tests	2026-03-17T02:41:37.3222637Z INFO:app.scheduler.services.notification_creation:Created overdue notification for invoice INV-6112 (135 days overdue)
Backend CI	Run tests	2026-03-17T02:41:37.3223174Z INFO:app.scheduler.services.notification_creation:Created overdue notification for invoice INV-3705 (359 days overdue)
Backend CI	Run tests	2026-03-17T02:41:37.3223519Z INFO:app.scheduler.services.notification_creation:Created overdue notification for invoice INV-1433 (347 days overdue)
Backend CI	Run tests	2026-03-17T02:41:37.3223849Z INFO:app.scheduler.services.notification_creation:Created overdue notification for invoice INV-9125 (227 days overdue)
Backend CI	Run tests	2026-03-17T02:41:37.3224186Z INFO:app.scheduler.services.notification_creation:Created overdue notification for invoice INV-3314 (155 days overdue)
Backend CI	Run tests	2026-03-17T02:41:37.3224525Z INFO:app.scheduler.services.notification_creation:Created overdue notification for invoice INV-7660 (361 days overdue)
Backend CI	Run tests	2026-03-17T02:41:37.3224849Z INFO:app.scheduler.services.notification_creation:Created overdue notification for invoice INV-1000 (1 days overdue)
Backend CI	Run tests	2026-03-17T02:41:37.3225190Z INFO:app.scheduler.services.notification_creation:Created overdue notification for invoice INV-2818 (303 days overdue)
Backend CI	Run tests	2026-03-17T02:41:37.3225517Z INFO:app.scheduler.services.notification_creation:Created overdue notification for invoice INV-4973 (32 days overdue)
Backend CI	Run tests	2026-03-17T02:41:37.3225847Z INFO:app.scheduler.services.notification_creation:Created overdue notification for invoice INV-4109 (29 days overdue)
Backend CI	Run tests	2026-03-17T02:41:37.3226174Z INFO:app.scheduler.services.notification_creation:Created overdue notification for invoice INV-4861 (156 days overdue)
Backend CI	Run tests	2026-03-17T02:41:37.3226507Z INFO:app.scheduler.services.notification_creation:Created overdue notification for invoice INV-8222 (96 days overdue)
Backend CI	Run tests	2026-03-17T02:41:37.3226965Z INFO:app.scheduler.services.notification_creation:Created overdue notification for invoice INV-4888 (55 days overdue)
Backend CI	Run tests	2026-03-17T02:41:37.3227292Z INFO:app.scheduler.services.notification_creation:Created overdue notification for invoice INV-3765 (38 days overdue)
Backend CI	Run tests	2026-03-17T02:41:37.3227628Z INFO:app.scheduler.services.notification_creation:Created overdue notification for invoice INV-4679 (58 days overdue)
Backend CI	Run tests	2026-03-17T02:41:37.3227956Z INFO:app.scheduler.services.notification_creation:Created overdue notification for invoice INV-5712 (29 days overdue)
Backend CI	Run tests	2026-03-17T02:41:37.3228288Z INFO:app.scheduler.services.notification_creation:Created overdue notification for invoice INV-2250 (353 days overdue)
Backend CI	Run tests	2026-03-17T02:41:37.3228626Z INFO:app.scheduler.services.notification_creation:Created overdue notification for invoice INV-9352 (315 days overdue)
Backend CI	Run tests	2026-03-17T02:41:37.3228952Z INFO:app.scheduler.services.notification_creation:Created overdue notification for invoice INV-7387 (15 days overdue)
Backend CI	Run tests	2026-03-17T02:41:37.3229293Z INFO:app.scheduler.services.notification_creation:Created overdue notification for invoice INV-3132 (162 days overdue)
Backend CI	Run tests	2026-03-17T02:41:37.3229619Z INFO:app.scheduler.services.notification_creation:Created overdue notification for invoice INV-3819 (96 days overdue)
Backend CI	Run tests	2026-03-17T02:41:37.3230076Z INFO:app.scheduler.services.notification_creation:Created overdue notification for invoice INV-6552 (90 days overdue)
Backend CI	Run tests	2026-03-17T02:41:37.3230409Z INFO:app.scheduler.services.notification_creation:Created overdue notification for invoice INV-1000 (1 days overdue)
Backend CI	Run tests	2026-03-17T02:41:37.3230739Z INFO:app.scheduler.services.notification_creation:Created overdue notification for invoice INV-7272 (347 days overdue)
Backend CI	Run tests	2026-03-17T02:41:37.3231075Z INFO:app.scheduler.services.notification_creation:Created overdue notification for invoice INV-5785 (313 days overdue)
Backend CI	Run tests	2026-03-17T02:41:37.3231405Z INFO:app.scheduler.services.notification_creation:Created overdue notification for invoice INV-7608 (265 days overdue)
Backend CI	Run tests	2026-03-17T02:41:37.3231738Z INFO:app.scheduler.services.notification_creation:Created overdue notification for invoice INV-7331 (180 days overdue)
Backend CI	Run tests	2026-03-17T02:41:37.3232073Z INFO:app.scheduler.services.notification_creation:Created overdue notification for invoice INV-7173 (132 days overdue)
Backend CI	Run tests	2026-03-17T02:41:37.3232401Z INFO:app.scheduler.services.notification_creation:Created overdue notification for invoice INV-1000 (1 days overdue)
Backend CI	Run tests	2026-03-17T02:41:37.3233065Z INFO:app.scheduler.services.notification_creation:Created overdue notification for invoice INV-7384 (133 days overdue)
Backend CI	Run tests	2026-03-17T02:41:37.3233418Z INFO:app.scheduler.services.notification_creation:Created overdue notification for invoice INV-2670 (6 days overdue)
Backend CI	Run tests	2026-03-17T02:41:37.3233765Z INFO:app.scheduler.services.notification_creation:Created overdue notification for invoice INV-9698 (214 days overdue)
Backend CI	Run tests	2026-03-17T02:41:37.3234107Z INFO:app.scheduler.services.notification_creation:Created overdue notification for invoice INV-1744 (340 days overdue)
Backend CI	Run tests	2026-03-17T02:41:37.3234463Z INFO:app.scheduler.services.notification_creation:Created overdue notification for invoice INV-7631 (259 days overdue)
Backend CI	Run tests	2026-03-17T02:41:37.3234806Z INFO:app.scheduler.services.notification_creation:Created overdue notification for invoice INV-9999 (248 days overdue)
Backend CI	Run tests	2026-03-17T02:41:37.3235168Z INFO:app.scheduler.services.notification_creation:Created overdue notification for invoice INV-2634 (14 days overdue)
Backend CI	Run tests	2026-03-17T02:41:37.3235495Z INFO:app.scheduler.services.notification_creation:Created overdue notification for invoice INV-1000 (1 days overdue)
Backend CI	Run tests	2026-03-17T02:41:37.3235829Z INFO:app.scheduler.services.notification_creation:Created overdue notification for invoice INV-8837 (19 days overdue)
Backend CI	Run tests	2026-03-17T02:41:37.3236158Z INFO:app.scheduler.services.notification_creation:Created overdue notification for invoice INV-6420 (110 days overdue)
Backend CI	Run tests	2026-03-17T02:41:37.3236497Z INFO:app.scheduler.services.notification_creation:Created overdue notification for invoice INV-6514 (263 days overdue)
Backend CI	Run tests	2026-03-17T02:41:37.3236952Z INFO:app.scheduler.services.notification_creation:Created overdue notification for invoice INV-4415 (304 days overdue)
Backend CI	Run tests	2026-03-17T02:41:37.3237280Z INFO:app.scheduler.services.notification_creation:Created overdue notification for invoice INV-7654 (73 days overdue)
Backend CI	Run tests	2026-03-17T02:41:37.3237620Z INFO:app.scheduler.services.notification_creation:Created overdue notification for invoice INV-8321 (196 days overdue)
Backend CI	Run tests	2026-03-17T02:41:37.3237950Z INFO:app.scheduler.services.notification_creation:Created overdue notification for invoice INV-2733 (201 days overdue)
Backend CI	Run tests	2026-03-17T02:41:37.3238284Z INFO:app.scheduler.services.notification_creation:Created overdue notification for invoice INV-3003 (144 days overdue)
Backend CI	Run tests	2026-03-17T02:41:37.3238610Z INFO:app.scheduler.services.notification_creation:Created overdue notification for invoice INV-1676 (65 days overdue)
Backend CI	Run tests	2026-03-17T02:41:37.3238942Z INFO:app.scheduler.services.notification_creation:Created overdue notification for invoice INV-1000 (1 days overdue)
Backend CI	Run tests	2026-03-17T02:41:37.3239284Z INFO:app.scheduler.services.notification_creation:Created overdue notification for invoice INV-5021 (157 days overdue)
Backend CI	Run tests	2026-03-17T02:41:37.3239615Z INFO:app.scheduler.services.notification_creation:Created overdue notification for invoice INV-3882 (297 days overdue)
Backend CI	Run tests	2026-03-17T02:41:37.3240057Z INFO:app.scheduler.services.notification_creation:Created overdue notification for invoice INV-4174 (327 days overdue)
Backend CI	Run tests	2026-03-17T02:41:37.3240388Z INFO:app.scheduler.services.notification_creation:Created overdue notification for invoice INV-7948 (39 days overdue)
Backend CI	Run tests	2026-03-17T02:41:37.3240725Z INFO:app.scheduler.services.notification_creation:Created overdue notification for invoice INV-9998 (174 days overdue)
Backend CI	Run tests	2026-03-17T02:41:37.3241055Z INFO:app.scheduler.services.notification_creation:Created overdue notification for invoice INV-2672 (103 days overdue)
Backend CI	Run tests	2026-03-17T02:41:37.3241389Z INFO:app.scheduler.services.notification_creation:Created overdue notification for invoice INV-4167 (31 days overdue)
Backend CI	Run tests	2026-03-17T02:41:37.3241726Z INFO:app.scheduler.services.notification_creation:Created overdue notification for invoice INV-3560 (282 days overdue)
Backend CI	Run tests	2026-03-17T02:41:37.3242053Z INFO:app.scheduler.services.notification_creation:Created overdue notification for invoice INV-1531 (64 days overdue)
Backend CI	Run tests	2026-03-17T02:41:37.3242388Z INFO:app.scheduler.services.notification_creation:Created overdue notification for invoice INV-1000 (1 days overdue)
Backend CI	Run tests	2026-03-17T02:41:37.3242924Z INFO:app.scheduler.services.notification_creation:Created overdue notification for invoice INV-8010 (352 days overdue)
Backend CI	Run tests	2026-03-17T02:41:37.3243266Z INFO:app.scheduler.services.notification_creation:Created overdue notification for invoice INV-2110 (206 days overdue)
Backend CI	Run tests	2026-03-17T02:41:37.3243607Z INFO:app.scheduler.services.notification_creation:Created overdue notification for invoice INV-9391 (341 days overdue)
Backend CI	Run tests	2026-03-17T02:41:37.3243946Z INFO:app.scheduler.services.notification_creation:Created overdue notification for invoice INV-9870 (339 days overdue)
Backend CI	Run tests	2026-03-17T02:41:37.3244279Z INFO:app.scheduler.services.notification_creation:Created overdue notification for invoice INV-2478 (352 days overdue)
Backend CI	Run tests	2026-03-17T02:41:37.3244609Z INFO:app.scheduler.services.notification_creation:Created overdue notification for invoice INV-5802 (1 days overdue)
Backend CI	Run tests	2026-03-17T02:41:37.3244941Z INFO:app.scheduler.services.notification_creation:Created overdue notification for invoice INV-1000 (1 days overdue)
Backend CI	Run tests	2026-03-17T02:41:37.3245278Z INFO:app.scheduler.services.notification_creation:Created overdue notification for invoice INV-9665 (112 days overdue)
Backend CI	Run tests	2026-03-17T02:41:37.3245610Z INFO:app.scheduler.services.notification_creation:Created overdue notification for invoice INV-2230 (159 days overdue)
Backend CI	Run tests	2026-03-17T02:41:37.3245940Z INFO:app.scheduler.services.notification_creation:Created overdue notification for invoice INV-7695 (65 days overdue)
Backend CI	Run tests	2026-03-17T02:41:37.3246394Z INFO:app.scheduler.services.notification_creation:Created overdue notification for invoice INV-2266 (138 days overdue)
Backend CI	Run tests	2026-03-17T02:41:37.3246721Z INFO:app.scheduler.services.notification_creation:Created overdue notification for invoice INV-2435 (38 days overdue)
Backend CI	Run tests	2026-03-17T02:41:37.3247060Z INFO:app.scheduler.services.notification_creation:Created overdue notification for invoice INV-9405 (186 days overdue)
Backend CI	Run tests	2026-03-17T02:41:37.3247387Z INFO:app.scheduler.services.notification_creation:Created overdue notification for invoice INV-8291 (30 days overdue)
Backend CI	Run tests	2026-03-17T02:41:37.3247720Z INFO:app.scheduler.services.notification_creation:Created overdue notification for invoice INV-9557 (190 days overdue)
Backend CI	Run tests	2026-03-17T02:41:37.3248050Z INFO:app.scheduler.services.notification_creation:Created overdue notification for invoice INV-2726 (299 days overdue)
Backend CI	Run tests	2026-03-17T02:41:37.3248374Z INFO:app.scheduler.services.notification_creation:Created overdue notification for invoice INV-1000 (1 days overdue)
Backend CI	Run tests	2026-03-17T02:41:37.3248714Z INFO:app.scheduler.services.notification_creation:Created overdue notification for invoice INV-9456 (318 days overdue)
Backend CI	Run tests	2026-03-17T02:41:37.3249043Z INFO:app.scheduler.services.notification_creation:Created overdue notification for invoice INV-7681 (302 days overdue)
Backend CI	Run tests	2026-03-17T02:41:37.3249485Z INFO:app.scheduler.services.notification_creation:Created overdue notification for invoice INV-5170 (345 days overdue)
Backend CI	Run tests	2026-03-17T02:41:37.3249813Z INFO:app.scheduler.services.notification_creation:Created overdue notification for invoice INV-5643 (94 days overdue)
Backend CI	Run tests	2026-03-17T02:41:37.3250143Z INFO:app.scheduler.services.notification_creation:Created overdue notification for invoice INV-1000 (323 days overdue)
Backend CI	Run tests	2026-03-17T02:41:37.3250479Z INFO:app.scheduler.services.notification_creation:Created overdue notification for invoice INV-7958 (206 days overdue)
Backend CI	Run tests	2026-03-17T02:41:37.3250801Z INFO:app.scheduler.services.notification_creation:Created overdue notification for invoice INV-1000 (1 days overdue)
Backend CI	Run tests	2026-03-17T02:41:37.3251140Z INFO:app.scheduler.services.notification_creation:Created overdue notification for invoice INV-9214 (314 days overdue)
Backend CI	Run tests	2026-03-17T02:41:37.3251470Z INFO:app.scheduler.services.notification_creation:Created overdue notification for invoice INV-4960 (273 days overdue)
Backend CI	Run tests	2026-03-17T02:41:37.3251806Z INFO:app.scheduler.services.notification_creation:Created overdue notification for invoice INV-7577 (211 days overdue)
Backend CI	Run tests	2026-03-17T02:41:37.3252142Z INFO:app.scheduler.services.notification_creation:Created overdue notification for invoice INV-8423 (340 days overdue)
Backend CI	Run tests	2026-03-17T02:41:37.3252469Z INFO:app.scheduler.services.notification_creation:Created overdue notification for invoice INV-5463 (235 days overdue)
Backend CI	Run tests	2026-03-17T02:41:37.3253001Z INFO:app.scheduler.services.notification_creation:Created overdue notification for invoice INV-1000 (1 days overdue)
Backend CI	Run tests	2026-03-17T02:41:37.3253340Z INFO:app.scheduler.services.notification_creation:Created overdue notification for invoice INV-5067 (288 days overdue)
Backend CI	Run tests	2026-03-17T02:41:37.3253678Z INFO:app.scheduler.services.notification_creation:Created overdue notification for invoice INV-6745 (51 days overdue)
Backend CI	Run tests	2026-03-17T02:41:37.3254016Z INFO:app.scheduler.services.notification_creation:Created overdue notification for invoice INV-1000 (15 days overdue)
Backend CI	Run tests	2026-03-17T02:41:37.3254352Z INFO:app.scheduler.services.notification_creation:Created overdue notification for invoice INV-3842 (143 days overdue)
Backend CI	Run tests	2026-03-17T02:41:37.3254687Z INFO:app.scheduler.services.notification_creation:Created overdue notification for invoice INV-6592 (333 days overdue)
Backend CI	Run tests	2026-03-17T02:41:37.3255020Z INFO:app.scheduler.services.notification_creation:Created overdue notification for invoice INV-9326 (31 days overdue)
Backend CI	Run tests	2026-03-17T02:41:37.3255350Z INFO:app.scheduler.services.notification_creation:Created overdue notification for invoice INV-1000 (1 days overdue)
Backend CI	Run tests	2026-03-17T02:41:37.3255682Z INFO:app.scheduler.services.notification_creation:Created overdue notification for invoice INV-4072 (46 days overdue)
Backend CI	Run tests	2026-03-17T02:41:37.3256133Z INFO:app.scheduler.services.notification_creation:Created overdue notification for invoice INV-7649 (232 days overdue)
Backend CI	Run tests	2026-03-17T02:41:37.3256469Z INFO:app.scheduler.services.notification_creation:Created overdue notification for invoice INV-6112 (135 days overdue)
Backend CI	Run tests	2026-03-17T02:41:37.3256798Z INFO:app.scheduler.services.notification_creation:Created overdue notification for invoice INV-3857 (10 days overdue)
Backend CI	Run tests	2026-03-17T02:41:37.3257127Z INFO:app.scheduler.services.notification_creation:Created overdue notification for invoice INV-1634 (306 days overdue)
Backend CI	Run tests	2026-03-17T02:41:37.3257461Z INFO:app.scheduler.services.notification_creation:Created overdue notification for invoice INV-1593 (191 days overdue)
Backend CI	Run tests	2026-03-17T02:41:37.3257791Z INFO:app.scheduler.services.notification_creation:Created overdue notification for invoice INV-4521 (303 days overdue)
Backend CI	Run tests	2026-03-17T02:41:37.3258128Z INFO:app.scheduler.services.notification_creation:Created overdue notification for invoice INV-7049 (316 days overdue)
Backend CI	Run tests	2026-03-17T02:41:37.3258459Z INFO:app.scheduler.services.notification_creation:Created overdue notification for invoice INV-1000 (1 days overdue)
Backend CI	Run tests	2026-03-17T02:41:37.3258788Z INFO:app.scheduler.services.notification_creation:Created overdue notification for invoice INV-2495 (5 days overdue)
Backend CI	Run tests	2026-03-17T02:41:37.3259222Z INFO:app.scheduler.services.notification_creation:Created overdue notification for invoice INV-9326 (78 days overdue)
Backend CI	Run tests	2026-03-17T02:41:37.3259551Z INFO:app.scheduler.services.notification_creation:Created overdue notification for invoice INV-3530 (279 days overdue)
Backend CI	Run tests	2026-03-17T02:41:37.3259886Z INFO:app.scheduler.services.notification_creation:Created overdue notification for invoice INV-2526 (176 days overdue)
Backend CI	Run tests	2026-03-17T02:41:37.3260217Z INFO:app.scheduler.services.notification_creation:Created overdue notification for invoice INV-4758 (343 days overdue)
Backend CI	Run tests	2026-03-17T02:41:37.3260554Z INFO:app.scheduler.services.notification_creation:Created overdue notification for invoice INV-5531 (221 days overdue)
Backend CI	Run tests	2026-03-17T02:41:37.3260890Z INFO:app.scheduler.services.notification_creation:Created overdue notification for invoice INV-8848 (244 days overdue)
Backend CI	Run tests	2026-03-17T02:41:37.3261213Z INFO:app.scheduler.services.notification_creation:Created overdue notification for invoice INV-1000 (1 days overdue)
Backend CI	Run tests	2026-03-17T02:41:37.3261554Z INFO:app.scheduler.services.notification_creation:Created overdue notification for invoice INV-6784 (272 days overdue)
Backend CI	Run tests	2026-03-17T02:41:37.3261882Z INFO:app.scheduler.services.notification_creation:Created overdue notification for invoice INV-4040 (153 days overdue)
Backend CI	Run tests	2026-03-17T02:41:37.3262212Z INFO:app.scheduler.services.notification_creation:Created overdue notification for invoice INV-7889 (30 days overdue)
Backend CI	Run tests	2026-03-17T02:41:37.3262540Z INFO:app.scheduler.services.notification_creation:Created overdue notification for invoice INV-7626 (54 days overdue)
Backend CI	Run tests	2026-03-17T02:41:37.3263050Z INFO:app.scheduler.services.notification_creation:Created overdue notification for invoice INV-1576 (45 days overdue)
Backend CI	Run tests	2026-03-17T02:41:37.3263396Z INFO:app.scheduler.services.notification_creation:Created overdue notification for invoice INV-1199 (136 days overdue)
Backend CI	Run tests	2026-03-17T02:41:37.3263718Z INFO:app.scheduler.services.notification_creation:Created overdue notification for invoice INV-1000 (1 days overdue)
Backend CI	Run tests	2026-03-17T02:41:37.3264061Z INFO:app.scheduler.services.notification_creation:Created overdue notification for invoice INV-3738 (240 days overdue)
Backend CI	Run tests	2026-03-17T02:41:37.3264393Z INFO:app.scheduler.services.notification_creation:Created overdue notification for invoice INV-5895 (331 days overdue)
Backend CI	Run tests	2026-03-17T02:41:37.3264724Z INFO:app.scheduler.services.notification_creation:Created overdue notification for invoice INV-9513 (243 days overdue)
Backend CI	Run tests	2026-03-17T02:41:37.3265058Z INFO:app.scheduler.services.notification_creation:Created overdue notification for invoice INV-8187 (88 days overdue)
Backend CI	Run tests	2026-03-17T02:41:37.3265397Z INFO:app.scheduler.services.notification_creation:Created overdue notification for invoice INV-4335 (222 days overdue)
Backend CI	Run tests	2026-03-17T02:41:37.3265861Z INFO:app.scheduler.services.notification_creation:Created overdue notification for invoice INV-6218 (123 days overdue)
Backend CI	Run tests	2026-03-17T02:41:37.3266192Z INFO:app.scheduler.services.notification_creation:Created overdue notification for invoice INV-1146 (146 days overdue)
Backend CI	Run tests	2026-03-17T02:41:37.3266526Z INFO:app.scheduler.services.notification_creation:Created overdue notification for invoice INV-8578 (104 days overdue)
Backend CI	Run tests	2026-03-17T02:41:37.3266862Z INFO:app.scheduler.services.notification_creation:Created overdue notification for invoice INV-8895 (125 days overdue)
Backend CI	Run tests	2026-03-17T02:41:37.3267184Z INFO:app.scheduler.services.notification_creation:Created overdue notification for invoice INV-1000 (1 days overdue)
Backend CI	Run tests	2026-03-17T02:41:37.3267513Z INFO:app.scheduler.services.notification_creation:Created overdue notification for invoice INV-9312 (40 days overdue)
Backend CI	Run tests	2026-03-17T02:41:37.3267843Z INFO:app.scheduler.services.notification_creation:Created overdue notification for invoice INV-2778 (221 days overdue)
Backend CI	Run tests	2026-03-17T02:41:37.3268173Z INFO:app.scheduler.services.notification_creation:Created overdue notification for invoice INV-2782 (258 days overdue)
Backend CI	Run tests	2026-03-17T02:41:37.3268508Z INFO:app.scheduler.services.notification_creation:Created overdue notification for invoice INV-6067 (197 days overdue)
Backend CI	Run tests	2026-03-17T02:41:37.3268942Z INFO:app.scheduler.services.notification_creation:Created overdue notification for invoice INV-5614 (60 days overdue)
Backend CI	Run tests	2026-03-17T02:41:37.3269279Z INFO:app.scheduler.services.notification_creation:Created overdue notification for invoice INV-4159 (229 days overdue)
Backend CI	Run tests	2026-03-17T02:41:37.3269604Z INFO:app.scheduler.services.notification_creation:Created overdue notification for invoice INV-8556 (19 days overdue)
Backend CI	Run tests	2026-03-17T02:41:37.3269930Z INFO:app.scheduler.services.notification_creation:Created overdue notification for invoice INV-5362 (23 days overdue)
Backend CI	Run tests	2026-03-17T02:41:37.3270260Z INFO:app.scheduler.services.notification_creation:Created overdue notification for invoice INV-1000 (1 days overdue)
Backend CI	Run tests	2026-03-17T02:41:37.3270589Z INFO:app.scheduler.services.notification_creation:Created overdue notification for invoice INV-7377 (8 days overdue)
Backend CI	Run tests	2026-03-17T02:41:37.3270922Z INFO:app.scheduler.services.notification_creation:Created overdue notification for invoice INV-4631 (66 days overdue)
Backend CI	Run tests	2026-03-17T02:41:37.3271252Z INFO:app.scheduler.services.notification_creation:Created overdue notification for invoice INV-1515 (29 days overdue)
Backend CI	Run tests	2026-03-17T02:41:37.3271580Z INFO:app.scheduler.services.notification_creation:Created overdue notification for invoice INV-8833 (89 days overdue)
Backend CI	Run tests	2026-03-17T02:41:37.3271917Z INFO:app.scheduler.services.notification_creation:Created overdue notification for invoice INV-3892 (205 days overdue)
Backend CI	Run tests	2026-03-17T02:41:37.3272248Z INFO:app.scheduler.services.notification_creation:Created overdue notification for invoice INV-7320 (141 days overdue)
Backend CI	Run tests	2026-03-17T02:41:37.3272585Z INFO:app.scheduler.services.notification_creation:Created overdue notification for invoice INV-2824 (330 days overdue)
Backend CI	Run tests	2026-03-17T02:41:37.3273097Z INFO:app.scheduler.services.notification_creation:Created overdue notification for invoice INV-8175 (311 days overdue)
Backend CI	Run tests	2026-03-17T02:41:37.3273433Z INFO:app.scheduler.services.notification_creation:Created overdue notification for invoice INV-8688 (285 days overdue)
Backend CI	Run tests	2026-03-17T02:41:37.3273771Z INFO:app.scheduler.services.notification_creation:Created overdue notification for invoice INV-1000 (1 days overdue)
Backend CI	Run tests	2026-03-17T02:41:37.3274100Z INFO:app.scheduler.services.notification_creation:Created overdue notification for invoice INV-5388 (31 days overdue)
Backend CI	Run tests	2026-03-17T02:41:37.3274437Z INFO:app.scheduler.services.notification_creation:Created overdue notification for invoice INV-3577 (179 days overdue)
Backend CI	Run tests	2026-03-17T02:41:37.3274767Z INFO:app.scheduler.services.notification_creation:Created overdue notification for invoice INV-4082 (205 days overdue)
Backend CI	Run tests	2026-03-17T02:41:37.3275098Z INFO:app.scheduler.services.notification_creation:Created overdue notification for invoice INV-4489 (2 days overdue)
Backend CI	Run tests	2026-03-17T02:41:37.3275553Z INFO:app.scheduler.services.notification_creation:Created overdue notification for invoice INV-8435 (105 days overdue)
Backend CI	Run tests	2026-03-17T02:41:37.3275883Z INFO:app.scheduler.services.notification_creation:Created overdue notification for invoice INV-4068 (297 days overdue)
Backend CI	Run tests	2026-03-17T02:41:37.3276217Z INFO:app.scheduler.services.notification_creation:Created overdue notification for invoice INV-1000 (1 days overdue)
Backend CI	Run tests	2026-03-17T02:41:37.3276547Z INFO:app.scheduler.services.notification_creation:Created overdue notification for invoice INV-5019 (140 days overdue)
Backend CI	Run tests	2026-03-17T02:41:37.3276877Z INFO:app.scheduler.services.notification_creation:Created overdue notification for invoice INV-3042 (263 days overdue)
Backend CI	Run tests	2026-03-17T02:41:37.3277216Z INFO:app.scheduler.services.notification_creation:Created overdue notification for invoice INV-8591 (288 days overdue)
Backend CI	Run tests	2026-03-17T02:41:37.3277540Z INFO:app.scheduler.services.notification_creation:Created overdue notification for invoice INV-6851 (36 days overdue)
Backend CI	Run tests	2026-03-17T02:41:37.3277878Z INFO:app.scheduler.services.notification_creation:Created overdue notification for invoice INV-8776 (15 days overdue)
Backend CI	Run tests	2026-03-17T02:41:37.3278201Z INFO:app.scheduler.services.notification_creation:Created overdue notification for invoice INV-2258 (1 days overdue)
Backend CI	Run tests	2026-03-17T02:41:37.3278634Z INFO:app.scheduler.services.notification_creation:Created overdue notification for invoice INV-7950 (98 days overdue)
Backend CI	Run tests	2026-03-17T02:41:37.3278964Z INFO:app.scheduler.services.notification_creation:Created overdue notification for invoice INV-8882 (213 days overdue)
Backend CI	Run tests	2026-03-17T02:41:37.3279301Z INFO:app.scheduler.services.notification_creation:Created overdue notification for invoice INV-4711 (121 days overdue)
Backend CI	Run tests	2026-03-17T02:41:37.3279630Z INFO:app.scheduler.services.notification_creation:Created overdue notification for invoice INV-8776 (15 days overdue)
Backend CI	Run tests	2026-03-17T02:41:37.3279953Z INFO:app.scheduler.services.notification_creation:Created overdue notification for invoice INV-2258 (1 days overdue)
Backend CI	Run tests	2026-03-17T02:41:37.3280287Z INFO:app.scheduler.services.notification_creation:Created overdue notification for invoice INV-7950 (98 days overdue)
Backend CI	Run tests	2026-03-17T02:41:37.3280618Z INFO:app.scheduler.services.notification_creation:Created overdue notification for invoice INV-8882 (213 days overdue)
Backend CI	Run tests	2026-03-17T02:41:37.3280958Z INFO:app.scheduler.services.notification_creation:Created overdue notification for invoice INV-4711 (121 days overdue)
Backend CI	Run tests	2026-03-17T02:41:37.3281287Z INFO:app.scheduler.services.notification_creation:Created overdue notification for invoice INV-1073 (111 days overdue)
Backend CI	Run tests	2026-03-17T02:41:37.3281619Z INFO:app.scheduler.services.notification_creation:Created overdue notification for invoice INV-9479 (315 days overdue)
Backend CI	Run tests	2026-03-17T02:41:37.3281958Z INFO:app.scheduler.services.notification_creation:Created overdue notification for invoice INV-5036 (223 days overdue)
Backend CI	Run tests	2026-03-17T02:41:37.3282295Z INFO:app.scheduler.services.notification_creation:Created overdue notification for invoice INV-7042 (170 days overdue)
Backend CI	Run tests	2026-03-17T02:41:37.3282631Z INFO:app.scheduler.services.notification_creation:Created overdue notification for invoice INV-8731 (281 days overdue)
Backend CI	Run tests	2026-03-17T02:41:37.3283155Z INFO:app.scheduler.services.notification_creation:Created overdue notification for invoice INV-1000 (1 days overdue)
Backend CI	Run tests	2026-03-17T02:41:37.3283496Z INFO:app.scheduler.services.notification_creation:Created overdue notification for invoice INV-4218 (365 days overdue)
Backend CI	Run tests	2026-03-17T02:41:37.3283834Z INFO:app.scheduler.services.notification_creation:Created overdue notification for invoice INV-1073 (111 days overdue)
Backend CI	Run tests	2026-03-17T02:41:37.3284162Z INFO:app.scheduler.services.notification_creation:Created overdue notification for invoice INV-9479 (315 days overdue)
Backend CI	Run tests	2026-03-17T02:41:37.3284496Z INFO:app.scheduler.services.notification_creation:Created overdue notification for invoice INV-5036 (223 days overdue)
Backend CI	Run tests	2026-03-17T02:41:37.3284949Z INFO:app.scheduler.services.notification_creation:Created overdue notification for invoice INV-7042 (170 days overdue)
Backend CI	Run tests	2026-03-17T02:41:37.3285282Z INFO:app.scheduler.services.notification_creation:Created overdue notification for invoice INV-8731 (281 days overdue)
Backend CI	Run tests	2026-03-17T02:41:37.3285611Z INFO:app.scheduler.services.notification_creation:Created overdue notification for invoice INV-1000 (1 days overdue)
Backend CI	Run tests	2026-03-17T02:41:37.3285943Z INFO:app.scheduler.services.notification_creation:Created overdue notification for invoice INV-4218 (365 days overdue)
Backend CI	Run tests	2026-03-17T02:41:37.3286279Z INFO:app.scheduler.services.notification_creation:Created overdue notification for invoice INV-5786 (203 days overdue)
Backend CI	Run tests	2026-03-17T02:41:37.3286606Z INFO:app.scheduler.services.notification_creation:Created overdue notification for invoice INV-8735 (234 days overdue)
Backend CI	Run tests	2026-03-17T02:41:37.3286933Z INFO:app.scheduler.services.notification_creation:Created overdue notification for invoice INV-7336 (14 days overdue)
Backend CI	Run tests	2026-03-17T02:41:37.3287272Z INFO:app.scheduler.services.notification_creation:Created overdue notification for invoice INV-4149 (354 days overdue)
Backend CI	Run tests	2026-03-17T02:41:37.3287601Z INFO:app.scheduler.services.notification_creation:Created overdue notification for invoice INV-7149 (215 days overdue)
Backend CI	Run tests	2026-03-17T02:41:37.3288071Z INFO:app.scheduler.services.notification_creation:Created overdue notification for invoice INV-1000 (1 days overdue)
Backend CI	Run tests	2026-03-17T02:41:37.3288400Z INFO:app.scheduler.services.notification_creation:Created overdue notification for invoice INV-3321 (341 days overdue)
Backend CI	Run tests	2026-03-17T02:41:37.3288731Z INFO:app.scheduler.services.notification_creation:Created overdue notification for invoice INV-2298 (252 days overdue)
Backend CI	Run tests	2026-03-17T02:41:37.3289063Z INFO:app.scheduler.services.notification_creation:Created overdue notification for invoice INV-9018 (17 days overdue)
Backend CI	Run tests	2026-03-17T02:41:37.3289393Z INFO:app.scheduler.services.notification_creation:Created overdue notification for invoice INV-1277 (355 days overdue)
Backend CI	Run tests	2026-03-17T02:41:37.3289732Z INFO:app.scheduler.services.notification_creation:Created overdue notification for invoice INV-1001 (321 days overdue)
Backend CI	Run tests	2026-03-17T02:41:37.3290060Z INFO:app.scheduler.services.notification_creation:Created overdue notification for invoice INV-3921 (349 days overdue)
Backend CI	Run tests	2026-03-17T02:41:37.3290387Z INFO:app.scheduler.services.notification_creation:Created overdue notification for invoice INV-3699 (6 days overdue)
Backend CI	Run tests	2026-03-17T02:41:37.3290723Z INFO:app.scheduler.services.notification_creation:Created overdue notification for invoice INV-9352 (364 days overdue)
Backend CI	Run tests	2026-03-17T02:41:37.3291054Z INFO:app.scheduler.services.notification_creation:Created overdue notification for invoice INV-9545 (364 days overdue)
Backend CI	Run tests	2026-03-17T02:41:37.3291387Z INFO:app.scheduler.services.notification_creation:Created overdue notification for invoice INV-9326 (153 days overdue)
Backend CI	Run tests	2026-03-17T02:41:37.3291719Z INFO:app.scheduler.services.notification_creation:Created overdue notification for invoice INV-8100 (313 days overdue)
Backend CI	Run tests	2026-03-17T02:41:37.3292048Z INFO:app.scheduler.services.notification_creation:Created overdue notification for invoice INV-2316 (64 days overdue)
Backend CI	Run tests	2026-03-17T02:41:37.3292382Z INFO:app.scheduler.services.notification_creation:Created overdue notification for invoice INV-8854 (254 days overdue)
Backend CI	Run tests	2026-03-17T02:41:37.3292896Z INFO:app.scheduler.services.notification_creation:Created overdue notification for invoice INV-7262 (347 days overdue)
Backend CI	Run tests	2026-03-17T02:41:37.3293233Z INFO:app.scheduler.services.notification_creation:Created overdue notification for invoice INV-1000 (1 days overdue)
Backend CI	Run tests	2026-03-17T02:41:37.3293570Z INFO:app.scheduler.services.notification_creation:Created overdue notification for invoice INV-9792 (59 days overdue)
Backend CI	Run tests	2026-03-17T02:41:37.3293896Z INFO:app.scheduler.services.notification_creation:Created overdue notification for invoice INV-1639 (37 days overdue)
Backend CI	Run tests	2026-03-17T02:41:37.3294224Z INFO:app.scheduler.services.notification_creation:Created overdue notification for invoice INV-5546 (1 days overdue)
Backend CI	Run tests	2026-03-17T02:41:37.3294676Z INFO:app.scheduler.services.notification_creation:Created overdue notification for invoice INV-7140 (342 days overdue)
Backend CI	Run tests	2026-03-17T02:41:37.3295019Z INFO:app.scheduler.services.notification_creation:Created overdue notification for invoice INV-9237 (352 days overdue)
Backend CI	Run tests	2026-03-17T02:41:37.3295350Z INFO:app.scheduler.services.notification_creation:Created overdue notification for invoice INV-2227 (119 days overdue)
Backend CI	Run tests	2026-03-17T02:41:37.3295674Z INFO:app.scheduler.services.notification_creation:Created overdue notification for invoice INV-1000 (1 days overdue)
Backend CI	Run tests	2026-03-17T02:41:37.3296003Z INFO:app.scheduler.services.notification_creation:Created overdue notification for invoice INV-2968 (90 days overdue)
Backend CI	Run tests	2026-03-17T02:41:37.3296327Z INFO:app.scheduler.services.notification_creation:Created overdue notification for invoice INV-1069 (16 days overdue)
Backend CI	Run tests	2026-03-17T02:41:37.3296662Z INFO:app.scheduler.services.notification_creation:Created overdue notification for invoice INV-7552 (286 days overdue)
Backend CI	Run tests	2026-03-17T02:41:37.3296989Z INFO:app.scheduler.services.notification_creation:Created overdue notification for invoice INV-6686 (85 days overdue)
Backend CI	Run tests	2026-03-17T02:41:37.3297321Z INFO:app.scheduler.services.notification_creation:Created overdue notification for invoice INV-9514 (107 days overdue)
Backend CI	Run tests	2026-03-17T02:41:37.3297755Z INFO:app.scheduler.services.notification_creation:Created overdue notification for invoice INV-1000 (1 days overdue)
Backend CI	Run tests	2026-03-17T02:41:37.3298085Z INFO:app.scheduler.services.notification_creation:Created overdue notification for invoice INV-2245 (188 days overdue)
Backend CI	Run tests	2026-03-17T02:41:37.3298422Z INFO:app.scheduler.services.notification_creation:Created overdue notification for invoice INV-6164 (156 days overdue)
Backend CI	Run tests	2026-03-17T02:41:37.3298752Z INFO:app.scheduler.services.notification_creation:Created overdue notification for invoice INV-4928 (356 days overdue)
Backend CI	Run tests	2026-03-17T02:41:37.3299078Z INFO:app.scheduler.services.notification_creation:Created overdue notification for invoice INV-7938 (2 days overdue)
Backend CI	Run tests	2026-03-17T02:41:37.3299412Z INFO:app.scheduler.services.notification_creation:Created overdue notification for invoice INV-5586 (194 days overdue)
Backend CI	Run tests	2026-03-17T02:41:37.3299741Z INFO:app.scheduler.services.notification_creation:Created overdue notification for invoice INV-3810 (107 days overdue)
Backend CI	Run tests	2026-03-17T02:41:37.3300081Z INFO:app.scheduler.services.notification_creation:Created overdue notification for invoice INV-1000 (180 days overdue)
Backend CI	Run tests	2026-03-17T02:41:37.3300409Z INFO:app.scheduler.services.notification_creation:Created overdue notification for invoice INV-1000 (1 days overdue)
Backend CI	Run tests	2026-03-17T02:41:37.3300745Z INFO:app.scheduler.services.notification_creation:Created overdue notification for invoice INV-1001 (363 days overdue)
Backend CI	Run tests	2026-03-17T02:41:37.3301073Z INFO:app.scheduler.services.notification_creation:Created overdue notification for invoice INV-4913 (294 days overdue)
Backend CI	Run tests	2026-03-17T02:41:37.3301398Z INFO:app.scheduler.services.notification_creation:Created overdue notification for invoice INV-5675 (80 days overdue)
Backend CI	Run tests	2026-03-17T02:41:37.3301735Z INFO:app.scheduler.services.notification_creation:Created overdue notification for invoice INV-9999 (127 days overdue)
Backend CI	Run tests	2026-03-17T02:41:37.3302061Z INFO:app.scheduler.services.notification_creation:Created overdue notification for invoice INV-1001 (267 days overdue)
Backend CI	Run tests	2026-03-17T02:41:37.3302395Z INFO:app.scheduler.services.notification_creation:Created overdue notification for invoice INV-5845 (1 days overdue)
Backend CI	Run tests	2026-03-17T02:41:37.3302904Z INFO:app.scheduler.services.notification_creation:Created overdue notification for invoice INV-1000 (1 days overdue)
Backend CI	Run tests	2026-03-17T02:41:37.3303246Z INFO:app.scheduler.services.notification_creation:Created overdue notification for invoice INV-5999 (153 days overdue)
Backend CI	Run tests	2026-03-17T02:41:37.3303585Z INFO:app.scheduler.services.notification_creation:Created overdue notification for invoice INV-4252 (297 days overdue)
Backend CI	Run tests	2026-03-17T02:41:37.3303913Z INFO:app.scheduler.services.notification_creation:Created overdue notification for invoice INV-3524 (148 days overdue)
Backend CI	Run tests	2026-03-17T02:41:37.3304370Z INFO:app.scheduler.services.notification_creation:Created overdue notification for invoice INV-1687 (351 days overdue)
Backend CI	Run tests	2026-03-17T02:41:37.3304698Z INFO:app.scheduler.services.notification_creation:Created overdue notification for invoice INV-8776 (15 days overdue)
Backend CI	Run tests	2026-03-17T02:41:37.3305028Z INFO:app.scheduler.services.notification_creation:Created overdue notification for invoice INV-2258 (1 days overdue)
Backend CI	Run tests	2026-03-17T02:41:37.3305360Z INFO:app.scheduler.services.notification_creation:Created overdue notification for invoice INV-7950 (98 days overdue)
Backend CI	Run tests	2026-03-17T02:41:37.3305690Z INFO:app.scheduler.services.notification_creation:Created overdue notification for invoice INV-8882 (213 days overdue)
Backend CI	Run tests	2026-03-17T02:41:37.3306025Z INFO:app.scheduler.services.notification_creation:Created overdue notification for invoice INV-4711 (121 days overdue)
Backend CI	Run tests	2026-03-17T02:41:37.3306354Z INFO:app.scheduler.services.notification_creation:Created overdue notification for invoice INV-2110 (206 days overdue)
Backend CI	Run tests	2026-03-17T02:41:37.3306688Z INFO:app.scheduler.services.notification_creation:Created overdue notification for invoice INV-9391 (341 days overdue)
Backend CI	Run tests	2026-03-17T02:41:37.3307023Z INFO:app.scheduler.services.notification_creation:Created overdue notification for invoice INV-9870 (339 days overdue)
Backend CI	Run tests	2026-03-17T02:41:37.3307458Z INFO:app.scheduler.services.notification_creation:Created overdue notification for invoice INV-2478 (352 days overdue)
Backend CI	Run tests	2026-03-17T02:41:37.3307787Z INFO:app.scheduler.services.notification_creation:Created overdue notification for invoice INV-5802 (1 days overdue)
Backend CI	Run tests	2026-03-17T02:41:37.3308120Z INFO:app.scheduler.services.notification_creation:Created overdue notification for invoice INV-1000 (1 days overdue)
Backend CI	Run tests	2026-03-17T02:41:37.3308462Z INFO:app.scheduler.services.notification_creation:Created overdue notification for invoice INV-9665 (112 days overdue)
Backend CI	Run tests	2026-03-17T02:41:37.3308801Z INFO:app.scheduler.services.notification_creation:Created overdue notification for invoice INV-2230 (159 days overdue)
Backend CI	Run tests	2026-03-17T02:41:37.3309130Z INFO:app.scheduler.services.notification_creation:Created overdue notification for invoice INV-7695 (65 days overdue)
Backend CI	Run tests	2026-03-17T02:41:37.3309465Z INFO:app.scheduler.services.notification_creation:Created overdue notification for invoice INV-2266 (138 days overdue)
Backend CI	Run tests	2026-03-17T02:41:37.3309798Z INFO:app.scheduler.services.notification_creation:Created overdue notification for invoice INV-1001 (321 days overdue)
Backend CI	Run tests	2026-03-17T02:41:37.3310129Z INFO:app.scheduler.services.notification_creation:Created overdue notification for invoice INV-3921 (349 days overdue)
Backend CI	Run tests	2026-03-17T02:41:37.3310455Z INFO:app.scheduler.services.notification_creation:Created overdue notification for invoice INV-3699 (6 days overdue)
Backend CI	Run tests	2026-03-17T02:41:37.3310786Z INFO:app.scheduler.services.notification_creation:Created overdue notification for invoice INV-9352 (364 days overdue)
Backend CI	Run tests	2026-03-17T02:41:37.3311122Z INFO:app.scheduler.services.notification_creation:Created overdue notification for invoice INV-9545 (364 days overdue)
Backend CI	Run tests	2026-03-17T02:41:37.3311453Z INFO:app.scheduler.services.notification_creation:Created overdue notification for invoice INV-4029 (218 days overdue)
Backend CI	Run tests	2026-03-17T02:41:37.3311783Z INFO:app.scheduler.services.notification_creation:Created overdue notification for invoice INV-8971 (320 days overdue)
Backend CI	Run tests	2026-03-17T02:41:37.3312119Z INFO:app.scheduler.services.notification_creation:Created overdue notification for invoice INV-7535 (67 days overdue)
Backend CI	Run tests	2026-03-17T02:41:37.3312449Z INFO:app.scheduler.services.notification_creation:Created overdue notification for invoice INV-1722 (296 days overdue)
Backend CI	Run tests	2026-03-17T02:41:37.3312958Z INFO:app.scheduler.services.notification_creation:Created overdue notification for invoice INV-8091 (30 days overdue)
Backend CI	Run tests	2026-03-17T02:41:37.3313287Z INFO:app.scheduler.services.notification_creation:Created overdue notification for invoice INV-1000 (1 days overdue)
Backend CI	Run tests	2026-03-17T02:41:37.3313615Z INFO:app.scheduler.services.notification_creation:Created overdue notification for invoice INV-7876 (155 days overdue)
Backend CI	Run tests	2026-03-17T02:41:37.3314063Z INFO:app.scheduler.services.notification_creation:Created overdue notification for invoice INV-5204 (80 days overdue)
Backend CI	Run tests	2026-03-17T02:41:37.3314392Z INFO:app.scheduler.services.notification_creation:Created overdue notification for invoice INV-3577 (179 days overdue)
Backend CI	Run tests	2026-03-17T02:41:37.3314730Z INFO:app.scheduler.services.notification_creation:Created overdue notification for invoice INV-4082 (205 days overdue)
Backend CI	Run tests	2026-03-17T02:41:37.3315053Z INFO:app.scheduler.services.notification_creation:Created overdue notification for invoice INV-4489 (2 days overdue)
Backend CI	Run tests	2026-03-17T02:41:37.3315384Z INFO:app.scheduler.services.notification_creation:Created overdue notification for invoice INV-8435 (105 days overdue)
Backend CI	Run tests	2026-03-17T02:41:37.3315719Z INFO:app.scheduler.services.notification_creation:Created overdue notification for invoice INV-4068 (297 days overdue)
Backend CI	Run tests	2026-03-17T02:41:37.3316044Z INFO:app.scheduler.services.notification_creation:Created overdue notification for invoice INV-1000 (1 days overdue)
Backend CI	Run tests	2026-03-17T02:41:37.3316379Z INFO:app.scheduler.services.notification_creation:Created overdue notification for invoice INV-5019 (140 days overdue)
Backend CI	Run tests	2026-03-17T02:41:37.3316715Z INFO:app.scheduler.services.notification_creation:Created overdue notification for invoice INV-3042 (263 days overdue)
Backend CI	Run tests	2026-03-17T02:41:37.3317156Z INFO:app.scheduler.services.notification_creation:Created overdue notification for invoice INV-8591 (288 days overdue)
Backend CI	Run tests	2026-03-17T02:41:37.3317481Z INFO:app.scheduler.services.notification_creation:Created overdue notification for invoice INV-6851 (36 days overdue)
Backend CI	Run tests	2026-03-17T02:41:37.3317820Z INFO:app.scheduler.services.notification_creation:Created overdue notification for invoice INV-4040 (153 days overdue)
Backend CI	Run tests	2026-03-17T02:41:37.3318147Z INFO:app.scheduler.services.notification_creation:Created overdue notification for invoice INV-7889 (30 days overdue)
Backend CI	Run tests	2026-03-17T02:41:37.3318473Z INFO:app.scheduler.services.notification_creation:Created overdue notification for invoice INV-7626 (54 days overdue)
Backend CI	Run tests	2026-03-17T02:41:37.3318809Z INFO:app.scheduler.services.notification_creation:Created overdue notification for invoice INV-1576 (45 days overdue)
Backend CI	Run tests	2026-03-17T02:41:37.3319138Z INFO:app.scheduler.services.notification_creation:Created overdue notification for invoice INV-1199 (136 days overdue)
Backend CI	Run tests	2026-03-17T02:41:37.3319468Z INFO:app.scheduler.services.notification_creation:Created overdue notification for invoice INV-1000 (1 days overdue)
Backend CI	Run tests	2026-03-17T02:41:37.3319795Z INFO:app.scheduler.services.notification_creation:Created overdue notification for invoice INV-3738 (240 days overdue)
Backend CI	Run tests	2026-03-17T02:41:37.3320124Z INFO:app.scheduler.services.notification_creation:Created overdue notification for invoice INV-5895 (331 days overdue)
Backend CI	Run tests	2026-03-17T02:41:37.3320461Z INFO:app.scheduler.services.notification_creation:Created overdue notification for invoice INV-9513 (243 days overdue)
Backend CI	Run tests	2026-03-17T02:41:37.3320785Z INFO:app.scheduler.services.notification_creation:Created overdue notification for invoice INV-8187 (88 days overdue)
Backend CI	Run tests	2026-03-17T02:41:37.3321121Z INFO:app.scheduler.services.notification_creation:Created overdue notification for invoice INV-4329 (31 days overdue)
Backend CI	Run tests	2026-03-17T02:41:37.3321450Z INFO:app.scheduler.services.notification_creation:Created overdue notification for invoice INV-3340 (286 days overdue)
Backend CI	Run tests	2026-03-17T02:41:37.3321783Z INFO:app.scheduler.services.notification_creation:Created overdue notification for invoice INV-7187 (309 days overdue)
Backend CI	Run tests	2026-03-17T02:41:37.3322126Z INFO:app.scheduler.services.notification_creation:Created overdue notification for invoice INV-1001 (223 days overdue)
Backend CI	Run tests	2026-03-17T02:41:37.3322460Z INFO:app.scheduler.services.notification_creation:Created overdue notification for invoice INV-4018 (56 days overdue)
Backend CI	Run tests	2026-03-17T02:41:37.3322997Z INFO:app.scheduler.services.notification_creation:Created overdue notification for invoice INV-1000 (1 days overdue)
Backend CI	Run tests	2026-03-17T02:41:37.3323346Z INFO:app.scheduler.services.notification_creation:Created overdue notification for invoice INV-8941 (16 days overdue)
Backend CI	Run tests	2026-03-17T02:41:37.3323827Z INFO:app.scheduler.services.notification_creation:Created overdue notification for invoice INV-4641 (164 days overdue)
Backend CI	Run tests	2026-03-17T02:41:37.3324167Z INFO:app.scheduler.services.notification_creation:Created overdue notification for invoice INV-1067 (315 days overdue)
Backend CI	Run tests	2026-03-17T02:41:37.3324502Z INFO:app.scheduler.services.notification_creation:Created overdue notification for invoice INV-3660 (295 days overdue)
Backend CI	Run tests	2026-03-17T02:41:37.3324837Z INFO:app.scheduler.services.notification_creation:Created overdue notification for invoice INV-9149 (228 days overdue)
Backend CI	Run tests	2026-03-17T02:41:37.3325168Z INFO:app.scheduler.services.notification_creation:Created overdue notification for invoice INV-9999 (302 days overdue)
Backend CI	Run tests	2026-03-17T02:41:37.3325494Z INFO:app.scheduler.services.notification_creation:Created overdue notification for invoice INV-1000 (1 days overdue)
Backend CI	Run tests	2026-03-17T02:41:37.3325836Z INFO:app.scheduler.services.notification_creation:Created overdue notification for invoice INV-3363 (141 days overdue)
Backend CI	Run tests	2026-03-17T02:41:37.3326165Z INFO:app.scheduler.services.notification_creation:Created overdue notification for invoice INV-7412 (181 days overdue)
Backend CI	Run tests	2026-03-17T02:41:37.3326501Z INFO:app.scheduler.services.notification_creation:Created overdue notification for invoice INV-7361 (284 days overdue)
Backend CI	Run tests	2026-03-17T02:41:37.3326930Z INFO:app.scheduler.services.notification_creation:Created overdue notification for invoice INV-3593 (58 days overdue)
Backend CI	Run tests	2026-03-17T02:41:37.3327254Z INFO:app.scheduler.services.notification_creation:Created overdue notification for invoice INV-6745 (51 days overdue)
Backend CI	Run tests	2026-03-17T02:41:37.3327587Z INFO:app.scheduler.services.notification_creation:Created overdue notification for invoice INV-1000 (15 days overdue)
Backend CI	Run tests	2026-03-17T02:41:37.3327915Z INFO:app.scheduler.services.notification_creation:Created overdue notification for invoice INV-3842 (143 days overdue)
Backend CI	Run tests	2026-03-17T02:41:37.3328253Z INFO:app.scheduler.services.notification_creation:Created overdue notification for invoice INV-6592 (333 days overdue)
Backend CI	Run tests	2026-03-17T02:41:37.3328576Z INFO:app.scheduler.services.notification_creation:Created overdue notification for invoice INV-9326 (31 days overdue)
Backend CI	Run tests	2026-03-17T02:41:37.3328901Z INFO:app.scheduler.services.notification_creation:Created overdue notification for invoice INV-1000 (1 days overdue)
Backend CI	Run tests	2026-03-17T02:41:37.3329236Z INFO:app.scheduler.services.notification_creation:Created overdue notification for invoice INV-4072 (46 days overdue)
Backend CI	Run tests	2026-03-17T02:41:37.3329566Z INFO:app.scheduler.services.notification_creation:Created overdue notification for invoice INV-7649 (232 days overdue)
Backend CI	Run tests	2026-03-17T02:41:37.3329899Z INFO:app.scheduler.services.notification_creation:Created overdue notification for invoice INV-6112 (135 days overdue)
Backend CI	Run tests	2026-03-17T02:41:37.3330225Z INFO:app.scheduler.services.notification_creation:Created overdue notification for invoice INV-2497 (125 days overdue)
Backend CI	Run tests	2026-03-17T02:41:37.3330560Z INFO:app.scheduler.services.notification_creation:Created overdue notification for invoice INV-2774 (287 days overdue)
Backend CI	Run tests	2026-03-17T02:41:37.3330895Z INFO:app.scheduler.services.notification_creation:Created overdue notification for invoice INV-1347 (140 days overdue)
Backend CI	Run tests	2026-03-17T02:41:37.3331228Z INFO:app.scheduler.services.notification_creation:Created overdue notification for invoice INV-3534 (294 days overdue)
Backend CI	Run tests	2026-03-17T02:41:37.3331563Z INFO:app.scheduler.services.notification_creation:Created overdue notification for invoice INV-9999 (362 days overdue)
Backend CI	Run tests	2026-03-17T02:41:37.3331888Z INFO:app.scheduler.services.notification_creation:Created overdue notification for invoice INV-1000 (1 days overdue)
Backend CI	Run tests	2026-03-17T02:41:37.3332223Z INFO:app.scheduler.services.notification_creation:Created overdue notification for invoice INV-6295 (99 days overdue)
Backend CI	Run tests	2026-03-17T02:41:37.3332555Z INFO:app.scheduler.services.notification_creation:Created overdue notification for invoice INV-8933 (323 days overdue)
Backend CI	Run tests	2026-03-17T02:41:37.3333397Z INFO:app.scheduler.services.notification_creation:Created overdue notification for invoice INV-9661 (296 days overdue)
Backend CI	Run tests	2026-03-17T02:41:37.3333748Z INFO:app.scheduler.services.notification_creation:Created overdue notification for invoice INV-8017 (72 days overdue)
Backend CI	Run tests	2026-03-17T02:41:37.3334093Z INFO:app.scheduler.services.notification_creation:Created overdue notification for invoice INV-4928 (356 days overdue)
Backend CI	Run tests	2026-03-17T02:41:37.3334424Z INFO:app.scheduler.services.notification_creation:Created overdue notification for invoice INV-7938 (2 days overdue)
Backend CI	Run tests	2026-03-17T02:41:37.3334752Z INFO:app.scheduler.services.notification_creation:Created overdue notification for invoice INV-5586 (194 days overdue)
Backend CI	Run tests	2026-03-17T02:41:37.3335111Z INFO:app.scheduler.services.notification_creation:Created overdue notification for invoice INV-3810 (107 days overdue)
Backend CI	Run tests	2026-03-17T02:41:37.3335458Z INFO:app.scheduler.services.notification_creation:Created overdue notification for invoice INV-1000 (180 days overdue)
Backend CI	Run tests	2026-03-17T02:41:37.3335790Z INFO:app.scheduler.services.notification_creation:Created overdue notification for invoice INV-1000 (1 days overdue)
Backend CI	Run tests	2026-03-17T02:41:37.3336124Z INFO:app.scheduler.services.notification_creation:Created overdue notification for invoice INV-1001 (363 days overdue)
Backend CI	Run tests	2026-03-17T02:41:37.3336578Z INFO:app.scheduler.services.notification_creation:Created overdue notification for invoice INV-3055 (177 days overdue)
Backend CI	Run tests	2026-03-17T02:41:37.3336905Z INFO:app.scheduler.services.notification_creation:Created overdue notification for invoice INV-4823 (55 days overdue)
Backend CI	Run tests	2026-03-17T02:41:37.3337241Z INFO:app.scheduler.services.notification_creation:Created overdue notification for invoice INV-2166 (105 days overdue)
Backend CI	Run tests	2026-03-17T02:41:37.3337569Z INFO:app.scheduler.services.notification_creation:Created overdue notification for invoice INV-9555 (65 days overdue)
Backend CI	Run tests	2026-03-17T02:41:37.3337898Z INFO:app.scheduler.services.notification_creation:Created overdue notification for invoice INV-8646 (96 days overdue)
Backend CI	Run tests	2026-03-17T02:41:37.3338229Z INFO:app.scheduler.services.notification_creation:Created overdue notification for invoice INV-1000 (1 days overdue)
Backend CI	Run tests	2026-03-17T02:41:37.3338559Z INFO:app.scheduler.services.notification_creation:Created overdue notification for invoice INV-9573 (192 days overdue)
Backend CI	Run tests	2026-03-17T02:41:37.3338899Z INFO:app.scheduler.services.notification_creation:Created overdue notification for invoice INV-9943 (327 days overdue)
Backend CI	Run tests	2026-03-17T02:41:37.3339220Z INFO:app.scheduler.services.notification_creation:Created overdue notification for invoice INV-1000 (1 days overdue)
Backend CI	Run tests	2026-03-17T02:41:37.3339549Z INFO:app.scheduler.services.notification_creation:Created overdue notification for invoice INV-1000 (1 days overdue)
Backend CI	Run tests	2026-03-17T02:41:37.3339873Z INFO:app.scheduler.services.notification_creation:Created overdue notification for invoice INV-1000 (1 days overdue)
Backend CI	Run tests	2026-03-17T02:41:37.3340195Z INFO:app.scheduler.services.notification_creation:Created overdue notification for invoice INV-1000 (1 days overdue)
Backend CI	Run tests	2026-03-17T02:41:37.3340529Z INFO:app.scheduler.services.notification_creation:Created overdue notification for invoice INV-1000 (1 days overdue)
Backend CI	Run tests	2026-03-17T02:41:37.3340700Z ------------------------------ Captured log call -------------------------------
Backend CI	Run tests	2026-03-17T02:41:37.3341152Z INFO     app.scheduler.services.notification_creation:notification_creation.py:64 Created overdue notification for invoice INV-1000 (1 days overdue)
Backend CI	Run tests	2026-03-17T02:41:37.3341591Z INFO     app.scheduler.services.notification_creation:notification_creation.py:64 Created overdue notification for invoice INV-1000 (1 days overdue)
Backend CI	Run tests	2026-03-17T02:41:37.3342015Z INFO     app.scheduler.services.notification_creation:notification_creation.py:64 Created overdue notification for invoice INV-1000 (1 days overdue)
Backend CI	Run tests	2026-03-17T02:41:37.3342446Z INFO     app.scheduler.services.notification_creation:notification_creation.py:64 Created overdue notification for invoice INV-1000 (1 days overdue)
Backend CI	Run tests	2026-03-17T02:41:37.3343050Z INFO     app.scheduler.services.notification_creation:notification_creation.py:64 Created overdue notification for invoice INV-1000 (1 days overdue)
Backend CI	Run tests	2026-03-17T02:41:37.3343613Z INFO     app.scheduler.services.notification_creation:notification_creation.py:64 Created overdue notification for invoice INV-5579 (80 days overdue)
Backend CI	Run tests	2026-03-17T02:41:37.3344051Z INFO     app.scheduler.services.notification_creation:notification_creation.py:64 Created overdue notification for invoice INV-4541 (267 days overdue)
Backend CI	Run tests	2026-03-17T02:41:37.3344483Z INFO     app.scheduler.services.notification_creation:notification_creation.py:64 Created overdue notification for invoice INV-2552 (222 days overdue)
Backend CI	Run tests	2026-03-17T02:41:37.3344915Z INFO     app.scheduler.services.notification_creation:notification_creation.py:64 Created overdue notification for invoice INV-6556 (172 days overdue)
Backend CI	Run tests	2026-03-17T02:41:37.3345339Z INFO     app.scheduler.services.notification_creation:notification_creation.py:64 Created overdue notification for invoice INV-7402 (12 days overdue)
Backend CI	Run tests	2026-03-17T02:41:37.3345772Z INFO     app.scheduler.services.notification_creation:notification_creation.py:64 Created overdue notification for invoice INV-5579 (80 days overdue)
Backend CI	Run tests	2026-03-17T02:41:37.3346202Z INFO     app.scheduler.services.notification_creation:notification_creation.py:64 Created overdue notification for invoice INV-4541 (267 days overdue)
Backend CI	Run tests	2026-03-17T02:41:37.3346746Z INFO     app.scheduler.services.notification_creation:notification_creation.py:64 Created overdue notification for invoice INV-2552 (222 days overdue)
Backend CI	Run tests	2026-03-17T02:41:37.3347178Z INFO     app.scheduler.services.notification_creation:notification_creation.py:64 Created overdue notification for invoice INV-6556 (172 days overdue)
Backend CI	Run tests	2026-03-17T02:41:37.3347603Z INFO     app.scheduler.services.notification_creation:notification_creation.py:64 Created overdue notification for invoice INV-7402 (12 days overdue)
Backend CI	Run tests	2026-03-17T02:41:37.3348033Z INFO     app.scheduler.services.notification_creation:notification_creation.py:64 Created overdue notification for invoice INV-5579 (80 days overdue)
Backend CI	Run tests	2026-03-17T02:41:37.3348464Z INFO     app.scheduler.services.notification_creation:notification_creation.py:64 Created overdue notification for invoice INV-4541 (267 days overdue)
Backend CI	Run tests	2026-03-17T02:41:37.3348891Z INFO     app.scheduler.services.notification_creation:notification_creation.py:64 Created overdue notification for invoice INV-2552 (1 days overdue)
Backend CI	Run tests	2026-03-17T02:41:37.3349325Z INFO     app.scheduler.services.notification_creation:notification_creation.py:64 Created overdue notification for invoice INV-6556 (172 days overdue)
Backend CI	Run tests	2026-03-17T02:41:37.3349750Z INFO     app.scheduler.services.notification_creation:notification_creation.py:64 Created overdue notification for invoice INV-7402 (12 days overdue)
Backend CI	Run tests	2026-03-17T02:41:37.3350173Z INFO     app.scheduler.services.notification_creation:notification_creation.py:64 Created overdue notification for invoice INV-5579 (80 days overdue)
Backend CI	Run tests	2026-03-17T02:41:37.3350604Z INFO     app.scheduler.services.notification_creation:notification_creation.py:64 Created overdue notification for invoice INV-4541 (267 days overdue)
Backend CI	Run tests	2026-03-17T02:41:37.3351034Z INFO     app.scheduler.services.notification_creation:notification_creation.py:64 Created overdue notification for invoice INV-2552 (1 days overdue)
Backend CI	Run tests	2026-03-17T02:41:37.3351467Z INFO     app.scheduler.services.notification_creation:notification_creation.py:64 Created overdue notification for invoice INV-6556 (172 days overdue)
Backend CI	Run tests	2026-03-17T02:41:37.3351902Z INFO     app.scheduler.services.notification_creation:notification_creation.py:64 Created overdue notification for invoice INV-7402 (259 days overdue)
Backend CI	Run tests	2026-03-17T02:41:37.3352325Z INFO     app.scheduler.services.notification_creation:notification_creation.py:64 Created overdue notification for invoice INV-5579 (80 days overdue)
Backend CI	Run tests	2026-03-17T02:41:37.3352931Z INFO     app.scheduler.services.notification_creation:notification_creation.py:64 Created overdue notification for invoice INV-4541 (267 days overdue)
Backend CI	Run tests	2026-03-17T02:41:37.3353489Z INFO     app.scheduler.services.notification_creation:notification_creation.py:64 Created overdue notification for invoice INV-5579 (80 days overdue)
Backend CI	Run tests	2026-03-17T02:41:37.3353920Z INFO     app.scheduler.services.notification_creation:notification_creation.py:64 Created overdue notification for invoice INV-6556 (172 days overdue)
Backend CI	Run tests	2026-03-17T02:41:37.3354360Z INFO     app.scheduler.services.notification_creation:notification_creation.py:64 Created overdue notification for invoice INV-7402 (259 days overdue)
Backend CI	Run tests	2026-03-17T02:41:37.3354785Z INFO     app.scheduler.services.notification_creation:notification_creation.py:64 Created overdue notification for invoice INV-5579 (80 days overdue)
Backend CI	Run tests	2026-03-17T02:41:37.3355216Z INFO     app.scheduler.services.notification_creation:notification_creation.py:64 Created overdue notification for invoice INV-4541 (267 days overdue)
Backend CI	Run tests	2026-03-17T02:41:37.3355641Z INFO     app.scheduler.services.notification_creation:notification_creation.py:64 Created overdue notification for invoice INV-1258 (80 days overdue)
Backend CI	Run tests	2026-03-17T02:41:37.3356071Z INFO     app.scheduler.services.notification_creation:notification_creation.py:64 Created overdue notification for invoice INV-6556 (172 days overdue)
Backend CI	Run tests	2026-03-17T02:41:37.3356504Z INFO     app.scheduler.services.notification_creation:notification_creation.py:64 Created overdue notification for invoice INV-7402 (259 days overdue)
Backend CI	Run tests	2026-03-17T02:41:37.3357026Z INFO     app.scheduler.services.notification_creation:notification_creation.py:64 Created overdue notification for invoice INV-5579 (80 days overdue)
Backend CI	Run tests	2026-03-17T02:41:37.3357461Z INFO     app.scheduler.services.notification_creation:notification_creation.py:64 Created overdue notification for invoice INV-4541 (267 days overdue)
Backend CI	Run tests	2026-03-17T02:41:37.3357886Z INFO     app.scheduler.services.notification_creation:notification_creation.py:64 Created overdue notification for invoice INV-1258 (80 days overdue)
Backend CI	Run tests	2026-03-17T02:41:37.3358321Z INFO     app.scheduler.services.notification_creation:notification_creation.py:64 Created overdue notification for invoice INV-6556 (172 days overdue)
Backend CI	Run tests	2026-03-17T02:41:37.3358752Z INFO     app.scheduler.services.notification_creation:notification_creation.py:64 Created overdue notification for invoice INV-7402 (259 days overdue)
Backend CI	Run tests	2026-03-17T02:41:37.3359173Z INFO     app.scheduler.services.notification_creation:notification_creation.py:64 Created overdue notification for invoice INV-5727 (53 days overdue)
Backend CI	Run tests	2026-03-17T02:41:37.3359613Z INFO     app.scheduler.services.notification_creation:notification_creation.py:64 Created overdue notification for invoice INV-5483 (348 days overdue)
Backend CI	Run tests	2026-03-17T02:41:37.3360041Z INFO     app.scheduler.services.notification_creation:notification_creation.py:64 Created overdue notification for invoice INV-8839 (225 days overdue)
Backend CI	Run tests	2026-03-17T02:41:37.3360473Z INFO     app.scheduler.services.notification_creation:notification_creation.py:64 Created overdue notification for invoice INV-9193 (74 days overdue)
Backend CI	Run tests	2026-03-17T02:41:37.3360901Z INFO     app.scheduler.services.notification_creation:notification_creation.py:64 Created overdue notification for invoice INV-2060 (83 days overdue)
Backend CI	Run tests	2026-03-17T02:41:37.3361328Z INFO     app.scheduler.services.notification_creation:notification_creation.py:64 Created overdue notification for invoice INV-6969 (200 days overdue)
Backend CI	Run tests	2026-03-17T02:41:37.3361767Z INFO     app.scheduler.services.notification_creation:notification_creation.py:64 Created overdue notification for invoice INV-9397 (112 days overdue)
Backend CI	Run tests	2026-03-17T02:41:37.3362196Z INFO     app.scheduler.services.notification_creation:notification_creation.py:64 Created overdue notification for invoice INV-3589 (203 days overdue)
Backend CI	Run tests	2026-03-17T02:41:37.3362626Z INFO     app.scheduler.services.notification_creation:notification_creation.py:64 Created overdue notification for invoice INV-5727 (53 days overdue)
Backend CI	Run tests	2026-03-17T02:41:37.3363249Z INFO     app.scheduler.services.notification_creation:notification_creation.py:64 Created overdue notification for invoice INV-5483 (348 days overdue)
Backend CI	Run tests	2026-03-17T02:41:37.3363843Z INFO     app.scheduler.services.notification_creation:notification_creation.py:64 Created overdue notification for invoice INV-8839 (225 days overdue)
Backend CI	Run tests	2026-03-17T02:41:37.3364268Z INFO     app.scheduler.services.notification_creation:notification_creation.py:64 Created overdue notification for invoice INV-9193 (74 days overdue)
Backend CI	Run tests	2026-03-17T02:41:37.3364696Z INFO     app.scheduler.services.notification_creation:notification_creation.py:64 Created overdue notification for invoice INV-2060 (83 days overdue)
Backend CI	Run tests	2026-03-17T02:41:37.3365128Z INFO     app.scheduler.services.notification_creation:notification_creation.py:64 Created overdue notification for invoice INV-6969 (200 days overdue)
Backend CI	Run tests	2026-03-17T02:41:37.3365557Z INFO     app.scheduler.services.notification_creation:notification_creation.py:64 Created overdue notification for invoice INV-9397 (112 days overdue)
Backend CI	Run tests	2026-03-17T02:41:37.3365987Z INFO     app.scheduler.services.notification_creation:notification_creation.py:64 Created overdue notification for invoice INV-3589 (203 days overdue)
Backend CI	Run tests	2026-03-17T02:41:37.3366415Z INFO     app.scheduler.services.notification_creation:notification_creation.py:64 Created overdue notification for invoice INV-1000 (1 days overdue)
Backend CI	Run tests	2026-03-17T02:41:37.3366834Z INFO     app.scheduler.services.notification_creation:notification_creation.py:64 Created overdue notification for invoice INV-1000 (1 days overdue)
Backend CI	Run tests	2026-03-17T02:41:37.3367364Z INFO     app.scheduler.services.notification_creation:notification_creation.py:64 Created overdue notification for invoice INV-1000 (1 days overdue)
Backend CI	Run tests	2026-03-17T02:41:37.3367783Z INFO     app.scheduler.services.notification_creation:notification_creation.py:64 Created overdue notification for invoice INV-1000 (1 days overdue)
Backend CI	Run tests	2026-03-17T02:41:37.3368207Z INFO     app.scheduler.services.notification_creation:notification_creation.py:64 Created overdue notification for invoice INV-1000 (1 days overdue)
Backend CI	Run tests	2026-03-17T02:41:37.3368628Z INFO     app.scheduler.services.notification_creation:notification_creation.py:64 Created overdue notification for invoice INV-1000 (1 days overdue)
Backend CI	Run tests	2026-03-17T02:41:37.3369056Z INFO     app.scheduler.services.notification_creation:notification_creation.py:64 Created overdue notification for invoice INV-1000 (1 days overdue)
Backend CI	Run tests	2026-03-17T02:41:37.3369482Z INFO     app.scheduler.services.notification_creation:notification_creation.py:64 Created overdue notification for invoice INV-1000 (1 days overdue)
Backend CI	Run tests	2026-03-17T02:41:37.3369904Z INFO     app.scheduler.services.notification_creation:notification_creation.py:64 Created overdue notification for invoice INV-1000 (1 days overdue)
Backend CI	Run tests	2026-03-17T02:41:37.3370328Z INFO     app.scheduler.services.notification_creation:notification_creation.py:64 Created overdue notification for invoice INV-1000 (1 days overdue)
Backend CI	Run tests	2026-03-17T02:41:37.3370750Z INFO     app.scheduler.services.notification_creation:notification_creation.py:64 Created overdue notification for invoice INV-1000 (1 days overdue)
Backend CI	Run tests	2026-03-17T02:41:37.3371178Z INFO     app.scheduler.services.notification_creation:notification_creation.py:64 Created overdue notification for invoice INV-1000 (1 days overdue)
Backend CI	Run tests	2026-03-17T02:41:37.3371597Z INFO     app.scheduler.services.notification_creation:notification_creation.py:64 Created overdue notification for invoice INV-1000 (1 days overdue)
Backend CI	Run tests	2026-03-17T02:41:37.3372020Z INFO     app.scheduler.services.notification_creation:notification_creation.py:64 Created overdue notification for invoice INV-1000 (1 days overdue)
Backend CI	Run tests	2026-03-17T02:41:37.3372443Z INFO     app.scheduler.services.notification_creation:notification_creation.py:64 Created overdue notification for invoice INV-1000 (1 days overdue)
Backend CI	Run tests	2026-03-17T02:41:37.3373109Z INFO     app.scheduler.services.notification_creation:notification_creation.py:64 Created overdue notification for invoice INV-1000 (1 days overdue)
Backend CI	Run tests	2026-03-17T02:41:37.3373561Z INFO     app.scheduler.services.notification_creation:notification_creation.py:64 Created overdue notification for invoice INV-1000 (1 days overdue)
Backend CI	Run tests	2026-03-17T02:41:37.3374119Z INFO     app.scheduler.services.notification_creation:notification_creation.py:64 Created overdue notification for invoice INV-1000 (1 days overdue)
Backend CI	Run tests	2026-03-17T02:41:37.3374568Z INFO     app.scheduler.services.notification_creation:notification_creation.py:64 Created overdue notification for invoice INV-1000 (1 days overdue)
Backend CI	Run tests	2026-03-17T02:41:37.3375005Z INFO     app.scheduler.services.notification_creation:notification_creation.py:64 Created overdue notification for invoice INV-1000 (1 days overdue)
Backend CI	Run tests	2026-03-17T02:41:37.3375449Z INFO     app.scheduler.services.notification_creation:notification_creation.py:64 Created overdue notification for invoice INV-7116 (203 days overdue)
Backend CI	Run tests	2026-03-17T02:41:37.3375891Z INFO     app.scheduler.services.notification_creation:notification_creation.py:64 Created overdue notification for invoice INV-5960 (217 days overdue)
Backend CI	Run tests	2026-03-17T02:41:37.3376321Z INFO     app.scheduler.services.notification_creation:notification_creation.py:64 Created overdue notification for invoice INV-5413 (160 days overdue)
Backend CI	Run tests	2026-03-17T02:41:37.3376758Z INFO     app.scheduler.services.notification_creation:notification_creation.py:64 Created overdue notification for invoice INV-6080 (179 days overdue)
Backend CI	Run tests	2026-03-17T02:41:37.3377184Z INFO     app.scheduler.services.notification_creation:notification_creation.py:64 Created overdue notification for invoice INV-3399 (78 days overdue)
Backend CI	Run tests	2026-03-17T02:41:37.3377717Z INFO     app.scheduler.services.notification_creation:notification_creation.py:64 Created overdue notification for invoice INV-1000 (1 days overdue)
Backend CI	Run tests	2026-03-17T02:41:37.3378146Z INFO     app.scheduler.services.notification_creation:notification_creation.py:64 Created overdue notification for invoice INV-1969 (127 days overdue)
Backend CI	Run tests	2026-03-17T02:41:37.3378575Z INFO     app.scheduler.services.notification_creation:notification_creation.py:64 Created overdue notification for invoice INV-9390 (268 days overdue)
Backend CI	Run tests	2026-03-17T02:41:37.3379004Z INFO     app.scheduler.services.notification_creation:notification_creation.py:64 Created overdue notification for invoice INV-2818 (91 days overdue)
Backend CI	Run tests	2026-03-17T02:41:37.3379438Z INFO     app.scheduler.services.notification_creation:notification_creation.py:64 Created overdue notification for invoice INV-5071 (143 days overdue)
Backend CI	Run tests	2026-03-17T02:41:37.3379876Z INFO     app.scheduler.services.notification_creation:notification_creation.py:64 Created overdue notification for invoice INV-7116 (203 days overdue)
Backend CI	Run tests	2026-03-17T02:41:37.3380330Z INFO     app.scheduler.services.notification_creation:notification_creation.py:64 Created overdue notification for invoice INV-5960 (217 days overdue)
Backend CI	Run tests	2026-03-17T02:41:37.3380763Z INFO     app.scheduler.services.notification_creation:notification_creation.py:64 Created overdue notification for invoice INV-5413 (160 days overdue)
Backend CI	Run tests	2026-03-17T02:41:37.3381196Z INFO     app.scheduler.services.notification_creation:notification_creation.py:64 Created overdue notification for invoice INV-6080 (179 days overdue)
Backend CI	Run tests	2026-03-17T02:41:37.3381624Z INFO     app.scheduler.services.notification_creation:notification_creation.py:64 Created overdue notification for invoice INV-3399 (78 days overdue)
Backend CI	Run tests	2026-03-17T02:41:37.3382054Z INFO     app.scheduler.services.notification_creation:notification_creation.py:64 Created overdue notification for invoice INV-1000 (1 days overdue)
Backend CI	Run tests	2026-03-17T02:41:37.3382485Z INFO     app.scheduler.services.notification_creation:notification_creation.py:64 Created overdue notification for invoice INV-1969 (127 days overdue)
Backend CI	Run tests	2026-03-17T02:41:37.3383036Z INFO     app.scheduler.services.notification_creation:notification_creation.py:64 Created overdue notification for invoice INV-9390 (268 days overdue)
Backend CI	Run tests	2026-03-17T02:41:37.3383464Z INFO     app.scheduler.services.notification_creation:notification_creation.py:64 Created overdue notification for invoice INV-2818 (91 days overdue)
Backend CI	Run tests	2026-03-17T02:41:37.3383896Z INFO     app.scheduler.services.notification_creation:notification_creation.py:64 Created overdue notification for invoice INV-5071 (143 days overdue)
Backend CI	Run tests	2026-03-17T02:41:37.3384452Z INFO     app.scheduler.services.notification_creation:notification_creation.py:64 Created overdue notification for invoice INV-1073 (111 days overdue)
Backend CI	Run tests	2026-03-17T02:41:37.3384880Z INFO     app.scheduler.services.notification_creation:notification_creation.py:64 Created overdue notification for invoice INV-9479 (315 days overdue)
Backend CI	Run tests	2026-03-17T02:41:37.3385318Z INFO     app.scheduler.services.notification_creation:notification_creation.py:64 Created overdue notification for invoice INV-5036 (223 days overdue)
Backend CI	Run tests	2026-03-17T02:41:37.3385756Z INFO     app.scheduler.services.notification_creation:notification_creation.py:64 Created overdue notification for invoice INV-7042 (170 days overdue)
Backend CI	Run tests	2026-03-17T02:41:37.3386185Z INFO     app.scheduler.services.notification_creation:notification_creation.py:64 Created overdue notification for invoice INV-8731 (281 days overdue)
Backend CI	Run tests	2026-03-17T02:41:37.3386612Z INFO     app.scheduler.services.notification_creation:notification_creation.py:64 Created overdue notification for invoice INV-1000 (1 days overdue)
Backend CI	Run tests	2026-03-17T02:41:37.3387047Z INFO     app.scheduler.services.notification_creation:notification_creation.py:64 Created overdue notification for invoice INV-4218 (365 days overdue)
Backend CI	Run tests	2026-03-17T02:41:37.3387584Z INFO     app.scheduler.services.notification_creation:notification_creation.py:64 Created overdue notification for invoice INV-1073 (111 days overdue)
Backend CI	Run tests	2026-03-17T02:41:37.3388013Z INFO     app.scheduler.services.notification_creation:notification_creation.py:64 Created overdue notification for invoice INV-9479 (315 days overdue)
Backend CI	Run tests	2026-03-17T02:41:37.3388446Z INFO     app.scheduler.services.notification_creation:notification_creation.py:64 Created overdue notification for invoice INV-5036 (223 days overdue)
Backend CI	Run tests	2026-03-17T02:41:37.3388875Z INFO     app.scheduler.services.notification_creation:notification_creation.py:64 Created overdue notification for invoice INV-7042 (170 days overdue)
Backend CI	Run tests	2026-03-17T02:41:37.3389305Z INFO     app.scheduler.services.notification_creation:notification_creation.py:64 Created overdue notification for invoice INV-8731 (281 days overdue)
Backend CI	Run tests	2026-03-17T02:41:37.3389732Z INFO     app.scheduler.services.notification_creation:notification_creation.py:64 Created overdue notification for invoice INV-1000 (1 days overdue)
Backend CI	Run tests	2026-03-17T02:41:37.3390164Z INFO     app.scheduler.services.notification_creation:notification_creation.py:64 Created overdue notification for invoice INV-4218 (365 days overdue)
Backend CI	Run tests	2026-03-17T02:41:37.3390597Z INFO     app.scheduler.services.notification_creation:notification_creation.py:64 Created overdue notification for invoice INV-7654 (73 days overdue)
Backend CI	Run tests	2026-03-17T02:41:37.3391027Z INFO     app.scheduler.services.notification_creation:notification_creation.py:64 Created overdue notification for invoice INV-8321 (196 days overdue)
Backend CI	Run tests	2026-03-17T02:41:37.3391459Z INFO     app.scheduler.services.notification_creation:notification_creation.py:64 Created overdue notification for invoice INV-2733 (201 days overdue)
Backend CI	Run tests	2026-03-17T02:41:37.3391894Z INFO     app.scheduler.services.notification_creation:notification_creation.py:64 Created overdue notification for invoice INV-3003 (144 days overdue)
Backend CI	Run tests	2026-03-17T02:41:37.3392318Z INFO     app.scheduler.services.notification_creation:notification_creation.py:64 Created overdue notification for invoice INV-1676 (65 days overdue)
Backend CI	Run tests	2026-03-17T02:41:37.3392850Z INFO     app.scheduler.services.notification_creation:notification_creation.py:64 Created overdue notification for invoice INV-1000 (1 days overdue)
Backend CI	Run tests	2026-03-17T02:41:37.3393281Z INFO     app.scheduler.services.notification_creation:notification_creation.py:64 Created overdue notification for invoice INV-5021 (157 days overdue)
Backend CI	Run tests	2026-03-17T02:41:37.3393720Z INFO     app.scheduler.services.notification_creation:notification_creation.py:64 Created overdue notification for invoice INV-3882 (297 days overdue)
Backend CI	Run tests	2026-03-17T02:41:37.3394153Z INFO     app.scheduler.services.notification_creation:notification_creation.py:64 Created overdue notification for invoice INV-4174 (327 days overdue)
Backend CI	Run tests	2026-03-17T02:41:37.3394697Z INFO     app.scheduler.services.notification_creation:notification_creation.py:64 Created overdue notification for invoice INV-7948 (39 days overdue)
Backend CI	Run tests	2026-03-17T02:41:37.3395127Z INFO     app.scheduler.services.notification_creation:notification_creation.py:64 Created overdue notification for invoice INV-7654 (73 days overdue)
Backend CI	Run tests	2026-03-17T02:41:37.3395568Z INFO     app.scheduler.services.notification_creation:notification_creation.py:64 Created overdue notification for invoice INV-8321 (196 days overdue)
Backend CI	Run tests	2026-03-17T02:41:37.3396003Z INFO     app.scheduler.services.notification_creation:notification_creation.py:64 Created overdue notification for invoice INV-2733 (201 days overdue)
Backend CI	Run tests	2026-03-17T02:41:37.3396431Z INFO     app.scheduler.services.notification_creation:notification_creation.py:64 Created overdue notification for invoice INV-3003 (144 days overdue)
Backend CI	Run tests	2026-03-17T02:41:37.3396865Z INFO     app.scheduler.services.notification_creation:notification_creation.py:64 Created overdue notification for invoice INV-1676 (65 days overdue)
Backend CI	Run tests	2026-03-17T02:41:37.3397285Z INFO     app.scheduler.services.notification_creation:notification_creation.py:64 Created overdue notification for invoice INV-1000 (1 days overdue)
Backend CI	Run tests	2026-03-17T02:41:37.3397821Z INFO     app.scheduler.services.notification_creation:notification_creation.py:64 Created overdue notification for invoice INV-5021 (157 days overdue)
Backend CI	Run tests	2026-03-17T02:41:37.3398262Z INFO     app.scheduler.services.notification_creation:notification_creation.py:64 Created overdue notification for invoice INV-3882 (297 days overdue)
Backend CI	Run tests	2026-03-17T02:41:37.3398690Z INFO     app.scheduler.services.notification_creation:notification_creation.py:64 Created overdue notification for invoice INV-4174 (327 days overdue)
Backend CI	Run tests	2026-03-17T02:41:37.3399117Z INFO     app.scheduler.services.notification_creation:notification_creation.py:64 Created overdue notification for invoice INV-7948 (39 days overdue)
Backend CI	Run tests	2026-03-17T02:41:37.3399547Z INFO     app.scheduler.services.notification_creation:notification_creation.py:64 Created overdue notification for invoice INV-8776 (15 days overdue)
Backend CI	Run tests	2026-03-17T02:41:37.3399968Z INFO     app.scheduler.services.notification_creation:notification_creation.py:64 Created overdue notification for invoice INV-2258 (1 days overdue)
Backend CI	Run tests	2026-03-17T02:41:37.3400399Z INFO     app.scheduler.services.notification_creation:notification_creation.py:64 Created overdue notification for invoice INV-7950 (98 days overdue)
Backend CI	Run tests	2026-03-17T02:41:37.3400828Z INFO     app.scheduler.services.notification_creation:notification_creation.py:64 Created overdue notification for invoice INV-8882 (213 days overdue)
Backend CI	Run tests	2026-03-17T02:41:37.3401260Z INFO     app.scheduler.services.notification_creation:notification_creation.py:64 Created overdue notification for invoice INV-4711 (121 days overdue)
Backend CI	Run tests	2026-03-17T02:41:37.3401685Z INFO     app.scheduler.services.notification_creation:notification_creation.py:64 Created overdue notification for invoice INV-9128 (109 days overdue)
Backend CI	Run tests	2026-03-17T02:41:37.3402124Z INFO     app.scheduler.services.notification_creation:notification_creation.py:64 Created overdue notification for invoice INV-3654 (351 days overdue)
Backend CI	Run tests	2026-03-17T02:41:37.3402551Z INFO     app.scheduler.services.notification_creation:notification_creation.py:64 Created overdue notification for invoice INV-6422 (147 days overdue)
Backend CI	Run tests	2026-03-17T02:41:37.3403123Z INFO     app.scheduler.services.notification_creation:notification_creation.py:64 Created overdue notification for invoice INV-6150 (117 days overdue)
Backend CI	Run tests	2026-03-17T02:41:37.3403560Z INFO     app.scheduler.services.notification_creation:notification_creation.py:64 Created overdue notification for invoice INV-1235 (132 days overdue)
Backend CI	Run tests	2026-03-17T02:41:37.3403980Z INFO     app.scheduler.services.notification_creation:notification_creation.py:64 Created overdue notification for invoice INV-1000 (1 days overdue)
Backend CI	Run tests	2026-03-17T02:41:37.3404413Z INFO     app.scheduler.services.notification_creation:notification_creation.py:64 Created overdue notification for invoice INV-6922 (122 days overdue)
Backend CI	Run tests	2026-03-17T02:41:37.3404955Z INFO     app.scheduler.services.notification_creation:notification_creation.py:64 Created overdue notification for invoice INV-9128 (109 days overdue)
Backend CI	Run tests	2026-03-17T02:41:37.3405396Z INFO     app.scheduler.services.notification_creation:notification_creation.py:64 Created overdue notification for invoice INV-3654 (351 days overdue)
Backend CI	Run tests	2026-03-17T02:41:37.3405822Z INFO     app.scheduler.services.notification_creation:notification_creation.py:64 Created overdue notification for invoice INV-6422 (147 days overdue)
Backend CI	Run tests	2026-03-17T02:41:37.3406250Z INFO     app.scheduler.services.notification_creation:notification_creation.py:64 Created overdue notification for invoice INV-6150 (117 days overdue)
Backend CI	Run tests	2026-03-17T02:41:37.3406686Z INFO     app.scheduler.services.notification_creation:notification_creation.py:64 Created overdue notification for invoice INV-1235 (132 days overdue)
Backend CI	Run tests	2026-03-17T02:41:37.3407113Z INFO     app.scheduler.services.notification_creation:notification_creation.py:64 Created overdue notification for invoice INV-1000 (1 days overdue)
Backend CI	Run tests	2026-03-17T02:41:37.3407542Z INFO     app.scheduler.services.notification_creation:notification_creation.py:64 Created overdue notification for invoice INV-6922 (122 days overdue)
Backend CI	Run tests	2026-03-17T02:41:37.3408074Z INFO     app.scheduler.services.notification_creation:notification_creation.py:64 Created overdue notification for invoice INV-4335 (222 days overdue)
Backend CI	Run tests	2026-03-17T02:41:37.3408505Z INFO     app.scheduler.services.notification_creation:notification_creation.py:64 Created overdue notification for invoice INV-6218 (123 days overdue)
Backend CI	Run tests	2026-03-17T02:41:37.3408937Z INFO     app.scheduler.services.notification_creation:notification_creation.py:64 Created overdue notification for invoice INV-1146 (146 days overdue)
Backend CI	Run tests	2026-03-17T02:41:37.3409363Z INFO     app.scheduler.services.notification_creation:notification_creation.py:64 Created overdue notification for invoice INV-8578 (104 days overdue)
Backend CI	Run tests	2026-03-17T02:41:37.3409798Z INFO     app.scheduler.services.notification_creation:notification_creation.py:64 Created overdue notification for invoice INV-8895 (125 days overdue)
Backend CI	Run tests	2026-03-17T02:41:37.3410220Z INFO     app.scheduler.services.notification_creation:notification_creation.py:64 Created overdue notification for invoice INV-1000 (1 days overdue)
Backend CI	Run tests	2026-03-17T02:41:37.3410656Z INFO     app.scheduler.services.notification_creation:notification_creation.py:64 Created overdue notification for invoice INV-9312 (40 days overdue)
Backend CI	Run tests	2026-03-17T02:41:37.3411084Z INFO     app.scheduler.services.notification_creation:notification_creation.py:64 Created overdue notification for invoice INV-2778 (221 days overdue)
Backend CI	Run tests	2026-03-17T02:41:37.3411518Z INFO     app.scheduler.services.notification_creation:notification_creation.py:64 Created overdue notification for invoice INV-2782 (258 days overdue)
Backend CI	Run tests	2026-03-17T02:41:37.3411952Z INFO     app.scheduler.services.notification_creation:notification_creation.py:64 Created overdue notification for invoice INV-4335 (222 days overdue)
Backend CI	Run tests	2026-03-17T02:41:37.3412382Z INFO     app.scheduler.services.notification_creation:notification_creation.py:64 Created overdue notification for invoice INV-6218 (123 days overdue)
Backend CI	Run tests	2026-03-17T02:41:37.3412920Z INFO     app.scheduler.services.notification_creation:notification_creation.py:64 Created overdue notification for invoice INV-1146 (146 days overdue)
Backend CI	Run tests	2026-03-17T02:41:37.3413349Z INFO     app.scheduler.services.notification_creation:notification_creation.py:64 Created overdue notification for invoice INV-8578 (104 days overdue)
Backend CI	Run tests	2026-03-17T02:41:37.3413776Z INFO     app.scheduler.services.notification_creation:notification_creation.py:64 Created overdue notification for invoice INV-8895 (125 days overdue)
Backend CI	Run tests	2026-03-17T02:41:37.3414204Z INFO     app.scheduler.services.notification_creation:notification_creation.py:64 Created overdue notification for invoice INV-1000 (1 days overdue)
Backend CI	Run tests	2026-03-17T02:41:37.3414742Z INFO     app.scheduler.services.notification_creation:notification_creation.py:64 Created overdue notification for invoice INV-9312 (40 days overdue)
Backend CI	Run tests	2026-03-17T02:41:37.3415176Z INFO     app.scheduler.services.notification_creation:notification_creation.py:64 Created overdue notification for invoice INV-2778 (221 days overdue)
Backend CI	Run tests	2026-03-17T02:41:37.3415607Z INFO     app.scheduler.services.notification_creation:notification_creation.py:64 Created overdue notification for invoice INV-2782 (258 days overdue)
Backend CI	Run tests	2026-03-17T02:41:37.3416040Z INFO     app.scheduler.services.notification_creation:notification_creation.py:64 Created overdue notification for invoice INV-2110 (206 days overdue)
Backend CI	Run tests	2026-03-17T02:41:37.3416467Z INFO     app.scheduler.services.notification_creation:notification_creation.py:64 Created overdue notification for invoice INV-9391 (341 days overdue)
Backend CI	Run tests	2026-03-17T02:41:37.3416895Z INFO     app.scheduler.services.notification_creation:notification_creation.py:64 Created overdue notification for invoice INV-9870 (339 days overdue)
Backend CI	Run tests	2026-03-17T02:41:37.3417338Z INFO     app.scheduler.services.notification_creation:notification_creation.py:64 Created overdue notification for invoice INV-2478 (352 days overdue)
Backend CI	Run tests	2026-03-17T02:41:37.3417756Z INFO     app.scheduler.services.notification_creation:notification_creation.py:64 Created overdue notification for invoice INV-5802 (1 days overdue)
Backend CI	Run tests	2026-03-17T02:41:37.3418284Z INFO     app.scheduler.services.notification_creation:notification_creation.py:64 Created overdue notification for invoice INV-1000 (1 days overdue)
Backend CI	Run tests	2026-03-17T02:41:37.3418957Z INFO     app.scheduler.services.notification_creation:notification_creation.py:64 Created overdue notification for invoice INV-9665 (112 days overdue)
Backend CI	Run tests	2026-03-17T02:41:37.3419484Z INFO     app.scheduler.services.notification_creation:notification_creation.py:64 Created overdue notification for invoice INV-2230 (159 days overdue)
Backend CI	Run tests	2026-03-17T02:41:37.3419916Z INFO     app.scheduler.services.notification_creation:notification_creation.py:64 Created overdue notification for invoice INV-7695 (65 days overdue)
Backend CI	Run tests	2026-03-17T02:41:37.3420353Z INFO     app.scheduler.services.notification_creation:notification_creation.py:64 Created overdue notification for invoice INV-2266 (138 days overdue)
Backend CI	Run tests	2026-03-17T02:41:37.3420787Z INFO     app.scheduler.services.notification_creation:notification_creation.py:64 Created overdue notification for invoice INV-2110 (206 days overdue)
Backend CI	Run tests	2026-03-17T02:41:37.3421219Z INFO     app.scheduler.services.notification_creation:notification_creation.py:64 Created overdue notification for invoice INV-9391 (341 days overdue)
Backend CI	Run tests	2026-03-17T02:41:37.3421653Z INFO     app.scheduler.services.notification_creation:notification_creation.py:64 Created overdue notification for invoice INV-9870 (339 days overdue)
Backend CI	Run tests	2026-03-17T02:41:37.3422081Z INFO     app.scheduler.services.notification_creation:notification_creation.py:64 Created overdue notification for invoice INV-2478 (352 days overdue)
Backend CI	Run tests	2026-03-17T02:41:37.3422507Z INFO     app.scheduler.services.notification_creation:notification_creation.py:64 Created overdue notification for invoice INV-5802 (1 days overdue)
Backend CI	Run tests	2026-03-17T02:41:37.3423049Z INFO     app.scheduler.services.notification_creation:notification_creation.py:64 Created overdue notification for invoice INV-1000 (1 days overdue)
Backend CI	Run tests	2026-03-17T02:41:37.3423484Z INFO     app.scheduler.services.notification_creation:notification_creation.py:64 Created overdue notification for invoice INV-9665 (112 days overdue)
Backend CI	Run tests	2026-03-17T02:41:37.3423917Z INFO     app.scheduler.services.notification_creation:notification_creation.py:64 Created overdue notification for invoice INV-2230 (159 days overdue)
Backend CI	Run tests	2026-03-17T02:41:37.3424341Z INFO     app.scheduler.services.notification_creation:notification_creation.py:64 Created overdue notification for invoice INV-7695 (65 days overdue)
Backend CI	Run tests	2026-03-17T02:41:37.3424774Z INFO     app.scheduler.services.notification_creation:notification_creation.py:64 Created overdue notification for invoice INV-2266 (138 days overdue)
Backend CI	Run tests	2026-03-17T02:41:37.3425365Z INFO     app.scheduler.services.notification_creation:notification_creation.py:64 Created overdue notification for invoice INV-3055 (177 days overdue)
Backend CI	Run tests	2026-03-17T02:41:37.3425791Z INFO     app.scheduler.services.notification_creation:notification_creation.py:64 Created overdue notification for invoice INV-4823 (55 days overdue)
Backend CI	Run tests	2026-03-17T02:41:37.3426229Z INFO     app.scheduler.services.notification_creation:notification_creation.py:64 Created overdue notification for invoice INV-2166 (105 days overdue)
Backend CI	Run tests	2026-03-17T02:41:37.3426656Z INFO     app.scheduler.services.notification_creation:notification_creation.py:64 Created overdue notification for invoice INV-9555 (65 days overdue)
Backend CI	Run tests	2026-03-17T02:41:37.3427082Z INFO     app.scheduler.services.notification_creation:notification_creation.py:64 Created overdue notification for invoice INV-8646 (96 days overdue)
Backend CI	Run tests	2026-03-17T02:41:37.3428416Z INFO     app.scheduler.services.notification_creation:notification_creation.py:64 Created overdue notification for invoice INV-1000 (1 days overdue)
Backend CI	Run tests	2026-03-17T02:41:37.3428857Z INFO     app.scheduler.services.notification_creation:notification_creation.py:64 Created overdue notification for invoice INV-9573 (192 days overdue)
Backend CI	Run tests	2026-03-17T02:41:37.3429284Z INFO     app.scheduler.services.notification_creation:notification_creation.py:64 Created overdue notification for invoice INV-9943 (327 days overdue)
Backend CI	Run tests	2026-03-17T02:41:37.3429828Z INFO     app.scheduler.services.notification_creation:notification_creation.py:64 Created overdue notification for invoice INV-3055 (177 days overdue)
Backend CI	Run tests	2026-03-17T02:41:37.3430260Z INFO     app.scheduler.services.notification_creation:notification_creation.py:64 Created overdue notification for invoice INV-4823 (55 days overdue)
Backend CI	Run tests	2026-03-17T02:41:37.3430694Z INFO     app.scheduler.services.notification_creation:notification_creation.py:64 Created overdue notification for invoice INV-2166 (105 days overdue)
Backend CI	Run tests	2026-03-17T02:41:37.3431122Z INFO     app.scheduler.services.notification_creation:notification_creation.py:64 Created overdue notification for invoice INV-9555 (65 days overdue)
Backend CI	Run tests	2026-03-17T02:41:37.3431550Z INFO     app.scheduler.services.notification_creation:notification_creation.py:64 Created overdue notification for invoice INV-8646 (96 days overdue)
Backend CI	Run tests	2026-03-17T02:41:37.3431979Z INFO     app.scheduler.services.notification_creation:notification_creation.py:64 Created overdue notification for invoice INV-1000 (1 days overdue)
Backend CI	Run tests	2026-03-17T02:41:37.3432415Z INFO     app.scheduler.services.notification_creation:notification_creation.py:64 Created overdue notification for invoice INV-9573 (192 days overdue)
Backend CI	Run tests	2026-03-17T02:41:37.3432955Z INFO     app.scheduler.services.notification_creation:notification_creation.py:64 Created overdue notification for invoice INV-9943 (327 days overdue)
Backend CI	Run tests	2026-03-17T02:41:37.3433391Z INFO     app.scheduler.services.notification_creation:notification_creation.py:64 Created overdue notification for invoice INV-2564 (224 days overdue)
Backend CI	Run tests	2026-03-17T02:41:37.3433821Z INFO     app.scheduler.services.notification_creation:notification_creation.py:64 Created overdue notification for invoice INV-6524 (7 days overdue)
Backend CI	Run tests	2026-03-17T02:41:37.3434257Z INFO     app.scheduler.services.notification_creation:notification_creation.py:64 Created overdue notification for invoice INV-8506 (342 days overdue)
Backend CI	Run tests	2026-03-17T02:41:37.3434686Z INFO     app.scheduler.services.notification_creation:notification_creation.py:64 Created overdue notification for invoice INV-2105 (17 days overdue)
Backend CI	Run tests	2026-03-17T02:41:37.3435146Z INFO     app.scheduler.services.notification_creation:notification_creation.py:64 Created overdue notification for invoice INV-8792 (255 days overdue)
Backend CI	Run tests	2026-03-17T02:41:37.3435581Z INFO     app.scheduler.services.notification_creation:notification_creation.py:64 Created overdue notification for invoice INV-9756 (318 days overdue)
Backend CI	Run tests	2026-03-17T02:41:37.3436010Z INFO     app.scheduler.services.notification_creation:notification_creation.py:64 Created overdue notification for invoice INV-9998 (197 days overdue)
Backend CI	Run tests	2026-03-17T02:41:37.3436559Z INFO     app.scheduler.services.notification_creation:notification_creation.py:64 Created overdue notification for invoice INV-6988 (330 days overdue)
Backend CI	Run tests	2026-03-17T02:41:37.3436990Z INFO     app.scheduler.services.notification_creation:notification_creation.py:64 Created overdue notification for invoice INV-4351 (244 days overdue)
Backend CI	Run tests	2026-03-17T02:41:37.3437421Z INFO     app.scheduler.services.notification_creation:notification_creation.py:64 Created overdue notification for invoice INV-8374 (164 days overdue)
Backend CI	Run tests	2026-03-17T02:41:37.3437849Z INFO     app.scheduler.services.notification_creation:notification_creation.py:64 Created overdue notification for invoice INV-1000 (1 days overdue)
Backend CI	Run tests	2026-03-17T02:41:37.3438280Z INFO     app.scheduler.services.notification_creation:notification_creation.py:64 Created overdue notification for invoice INV-1262 (120 days overdue)
Backend CI	Run tests	2026-03-17T02:41:37.3438719Z INFO     app.scheduler.services.notification_creation:notification_creation.py:64 Created overdue notification for invoice INV-3605 (268 days overdue)
Backend CI	Run tests	2026-03-17T02:41:37.3439152Z INFO     app.scheduler.services.notification_creation:notification_creation.py:64 Created overdue notification for invoice INV-7519 (137 days overdue)
Backend CI	Run tests	2026-03-17T02:41:37.3439689Z INFO     app.scheduler.services.notification_creation:notification_creation.py:64 Created overdue notification for invoice INV-4442 (331 days overdue)
Backend CI	Run tests	2026-03-17T02:41:37.3440118Z INFO     app.scheduler.services.notification_creation:notification_creation.py:64 Created overdue notification for invoice INV-9756 (318 days overdue)
Backend CI	Run tests	2026-03-17T02:41:37.3440545Z INFO     app.scheduler.services.notification_creation:notification_creation.py:64 Created overdue notification for invoice INV-9998 (197 days overdue)
Backend CI	Run tests	2026-03-17T02:41:37.3440979Z INFO     app.scheduler.services.notification_creation:notification_creation.py:64 Created overdue notification for invoice INV-6988 (330 days overdue)
Backend CI	Run tests	2026-03-17T02:41:37.3441411Z INFO     app.scheduler.services.notification_creation:notification_creation.py:64 Created overdue notification for invoice INV-4351 (244 days overdue)
Backend CI	Run tests	2026-03-17T02:41:37.3441847Z INFO     app.scheduler.services.notification_creation:notification_creation.py:64 Created overdue notification for invoice INV-8374 (164 days overdue)
Backend CI	Run tests	2026-03-17T02:41:37.3442276Z INFO     app.scheduler.services.notification_creation:notification_creation.py:64 Created overdue notification for invoice INV-1000 (1 days overdue)
Backend CI	Run tests	2026-03-17T02:41:37.3442837Z INFO     app.scheduler.services.notification_creation:notification_creation.py:64 Created overdue notification for invoice INV-1262 (120 days overdue)
Backend CI	Run tests	2026-03-17T02:41:37.3443269Z INFO     app.scheduler.services.notification_creation:notification_creation.py:64 Created overdue notification for invoice INV-3605 (268 days overdue)
Backend CI	Run tests	2026-03-17T02:41:37.3443698Z INFO     app.scheduler.services.notification_creation:notification_creation.py:64 Created overdue notification for invoice INV-7519 (137 days overdue)
Backend CI	Run tests	2026-03-17T02:41:37.3444142Z INFO     app.scheduler.services.notification_creation:notification_creation.py:64 Created overdue notification for invoice INV-4442 (331 days overdue)
Backend CI	Run tests	2026-03-17T02:41:37.3444568Z INFO     app.scheduler.services.notification_creation:notification_creation.py:64 Created overdue notification for invoice INV-9742 (331 days overdue)
Backend CI	Run tests	2026-03-17T02:41:37.3445006Z INFO     app.scheduler.services.notification_creation:notification_creation.py:64 Created overdue notification for invoice INV-8364 (351 days overdue)
Backend CI	Run tests	2026-03-17T02:41:37.3445431Z INFO     app.scheduler.services.notification_creation:notification_creation.py:64 Created overdue notification for invoice INV-1649 (70 days overdue)
Backend CI	Run tests	2026-03-17T02:41:37.3445864Z INFO     app.scheduler.services.notification_creation:notification_creation.py:64 Created overdue notification for invoice INV-8262 (145 days overdue)
Backend CI	Run tests	2026-03-17T02:41:37.3446299Z INFO     app.scheduler.services.notification_creation:notification_creation.py:64 Created overdue notification for invoice INV-1728 (321 days overdue)
Backend CI	Run tests	2026-03-17T02:41:37.3446874Z INFO     app.scheduler.services.notification_creation:notification_creation.py:64 Created overdue notification for invoice INV-1000 (1 days overdue)
Backend CI	Run tests	2026-03-17T02:41:37.3447309Z INFO     app.scheduler.services.notification_creation:notification_creation.py:64 Created overdue notification for invoice INV-9319 (337 days overdue)
Backend CI	Run tests	2026-03-17T02:41:37.3447738Z INFO     app.scheduler.services.notification_creation:notification_creation.py:64 Created overdue notification for invoice INV-3891 (85 days overdue)
Backend CI	Run tests	2026-03-17T02:41:37.3448173Z INFO     app.scheduler.services.notification_creation:notification_creation.py:64 Created overdue notification for invoice INV-8932 (245 days overdue)
Backend CI	Run tests	2026-03-17T02:41:37.3448602Z INFO     app.scheduler.services.notification_creation:notification_creation.py:64 Created overdue notification for invoice INV-6254 (347 days overdue)
Backend CI	Run tests	2026-03-17T02:41:37.3449032Z INFO     app.scheduler.services.notification_creation:notification_creation.py:64 Created overdue notification for invoice INV-9742 (331 days overdue)
Backend CI	Run tests	2026-03-17T02:41:37.3449470Z INFO     app.scheduler.services.notification_creation:notification_creation.py:64 Created overdue notification for invoice INV-8364 (351 days overdue)
Backend CI	Run tests	2026-03-17T02:41:37.3449994Z INFO     app.scheduler.services.notification_creation:notification_creation.py:64 Created overdue notification for invoice INV-1649 (70 days overdue)
Backend CI	Run tests	2026-03-17T02:41:37.3450428Z INFO     app.scheduler.services.notification_creation:notification_creation.py:64 Created overdue notification for invoice INV-8262 (145 days overdue)
Backend CI	Run tests	2026-03-17T02:41:37.3450855Z INFO     app.scheduler.services.notification_creation:notification_creation.py:64 Created overdue notification for invoice INV-1728 (321 days overdue)
Backend CI	Run tests	2026-03-17T02:41:37.3451279Z INFO     app.scheduler.services.notification_creation:notification_creation.py:64 Created overdue notification for invoice INV-1000 (1 days overdue)
Backend CI	Run tests	2026-03-17T02:41:37.3451715Z INFO     app.scheduler.services.notification_creation:notification_creation.py:64 Created overdue notification for invoice INV-9319 (337 days overdue)
Backend CI	Run tests	2026-03-17T02:41:37.3452138Z INFO     app.scheduler.services.notification_creation:notification_creation.py:64 Created overdue notification for invoice INV-3891 (85 days overdue)
Backend CI	Run tests	2026-03-17T02:41:37.3452574Z INFO     app.scheduler.services.notification_creation:notification_creation.py:64 Created overdue notification for invoice INV-8932 (245 days overdue)
Backend CI	Run tests	2026-03-17T02:41:37.3453111Z INFO     app.scheduler.services.notification_creation:notification_creation.py:64 Created overdue notification for invoice INV-6254 (347 days overdue)
Backend CI	Run tests	2026-03-17T02:41:37.3453539Z INFO     app.scheduler.services.notification_creation:notification_creation.py:64 Created overdue notification for invoice INV-2008 (82 days overdue)
Backend CI	Run tests	2026-03-17T02:41:37.3453958Z INFO     app.scheduler.services.notification_creation:notification_creation.py:64 Created overdue notification for invoice INV-3855 (2 days overdue)
Backend CI	Run tests	2026-03-17T02:41:37.3454391Z INFO     app.scheduler.services.notification_creation:notification_creation.py:64 Created overdue notification for invoice INV-5562 (357 days overdue)
Backend CI	Run tests	2026-03-17T02:41:37.3454829Z INFO     app.scheduler.services.notification_creation:notification_creation.py:64 Created overdue notification for invoice INV-5729 (280 days overdue)
Backend CI	Run tests	2026-03-17T02:41:37.3455271Z INFO     app.scheduler.services.notification_creation:notification_creation.py:64 Created overdue notification for invoice INV-5654 (267 days overdue)
Backend CI	Run tests	2026-03-17T02:41:37.3455699Z INFO     app.scheduler.services.notification_creation:notification_creation.py:64 Created overdue notification for invoice INV-1000 (1 days overdue)
Backend CI	Run tests	2026-03-17T02:41:37.3456126Z INFO     app.scheduler.services.notification_creation:notification_creation.py:64 Created overdue notification for invoice INV-2812 (209 days overdue)
Backend CI	Run tests	2026-03-17T02:41:37.3456553Z INFO     app.scheduler.services.notification_creation:notification_creation.py:64 Created overdue notification for invoice INV-2008 (82 days overdue)
Backend CI	Run tests	2026-03-17T02:41:37.3457094Z INFO     app.scheduler.services.notification_creation:notification_creation.py:64 Created overdue notification for invoice INV-3855 (2 days overdue)
Backend CI	Run tests	2026-03-17T02:41:37.3457526Z INFO     app.scheduler.services.notification_creation:notification_creation.py:64 Created overdue notification for invoice INV-5562 (357 days overdue)
Backend CI	Run tests	2026-03-17T02:41:37.3457959Z INFO     app.scheduler.services.notification_creation:notification_creation.py:64 Created overdue notification for invoice INV-5729 (280 days overdue)
Backend CI	Run tests	2026-03-17T02:41:37.3458388Z INFO     app.scheduler.services.notification_creation:notification_creation.py:64 Created overdue notification for invoice INV-5654 (267 days overdue)
Backend CI	Run tests	2026-03-17T02:41:37.3458820Z INFO     app.scheduler.services.notification_creation:notification_creation.py:64 Created overdue notification for invoice INV-1000 (1 days overdue)
Backend CI	Run tests	2026-03-17T02:41:37.3459252Z INFO     app.scheduler.services.notification_creation:notification_creation.py:64 Created overdue notification for invoice INV-2812 (209 days overdue)
Backend CI	Run tests	2026-03-17T02:41:37.3459680Z INFO     app.scheduler.services.notification_creation:notification_creation.py:64 Created overdue notification for invoice INV-3532 (283 days overdue)
Backend CI	Run tests	2026-03-17T02:41:37.3460216Z INFO     app.scheduler.services.notification_creation:notification_creation.py:64 Created overdue notification for invoice INV-1000 (119 days overdue)
Backend CI	Run tests	2026-03-17T02:41:37.3460647Z INFO     app.scheduler.services.notification_creation:notification_creation.py:64 Created overdue notification for invoice INV-5186 (265 days overdue)
Backend CI	Run tests	2026-03-17T02:41:37.3461077Z INFO     app.scheduler.services.notification_creation:notification_creation.py:64 Created overdue notification for invoice INV-3899 (24 days overdue)
Backend CI	Run tests	2026-03-17T02:41:37.3461505Z INFO     app.scheduler.services.notification_creation:notification_creation.py:64 Created overdue notification for invoice INV-7949 (302 days overdue)
Backend CI	Run tests	2026-03-17T02:41:37.3461943Z INFO     app.scheduler.services.notification_creation:notification_creation.py:64 Created overdue notification for invoice INV-1105 (127 days overdue)
Backend CI	Run tests	2026-03-17T02:41:37.3462373Z INFO     app.scheduler.services.notification_creation:notification_creation.py:64 Created overdue notification for invoice INV-4126 (290 days overdue)
Backend CI	Run tests	2026-03-17T02:41:37.3462901Z INFO     app.scheduler.services.notification_creation:notification_creation.py:64 Created overdue notification for invoice INV-6292 (60 days overdue)
Backend CI	Run tests	2026-03-17T02:41:37.3463334Z INFO     app.scheduler.services.notification_creation:notification_creation.py:64 Created overdue notification for invoice INV-7257 (10 days overdue)
Backend CI	Run tests	2026-03-17T02:41:37.3463929Z INFO     app.scheduler.services.notification_creation:notification_creation.py:64 Created overdue notification for invoice INV-1459 (1 days overdue)
Backend CI	Run tests	2026-03-17T02:41:37.3464627Z INFO     app.scheduler.services.notification_creation:notification_creation.py:64 Created overdue notification for invoice INV-1000 (1 days overdue)
Backend CI	Run tests	2026-03-17T02:41:37.3465083Z INFO     app.scheduler.services.notification_creation:notification_creation.py:64 Created overdue notification for invoice INV-2778 (133 days overdue)
Backend CI	Run tests	2026-03-17T02:41:37.3465524Z INFO     app.scheduler.services.notification_creation:notification_creation.py:64 Created overdue notification for invoice INV-1105 (127 days overdue)
Backend CI	Run tests	2026-03-17T02:41:37.3465962Z INFO     app.scheduler.services.notification_creation:notification_creation.py:64 Created overdue notification for invoice INV-4126 (290 days overdue)
Backend CI	Run tests	2026-03-17T02:41:37.3466385Z INFO     app.scheduler.services.notification_creation:notification_creation.py:64 Created overdue notification for invoice INV-6292 (60 days overdue)
Backend CI	Run tests	2026-03-17T02:41:37.3466816Z INFO     app.scheduler.services.notification_creation:notification_creation.py:64 Created overdue notification for invoice INV-7257 (10 days overdue)
Backend CI	Run tests	2026-03-17T02:41:37.3467380Z INFO     app.scheduler.services.notification_creation:notification_creation.py:64 Created overdue notification for invoice INV-1459 (1 days overdue)
Backend CI	Run tests	2026-03-17T02:41:37.3467819Z INFO     app.scheduler.services.notification_creation:notification_creation.py:64 Created overdue notification for invoice INV-1000 (1 days overdue)
Backend CI	Run tests	2026-03-17T02:41:37.3468250Z INFO     app.scheduler.services.notification_creation:notification_creation.py:64 Created overdue notification for invoice INV-2778 (133 days overdue)
Backend CI	Run tests	2026-03-17T02:41:37.3468678Z INFO     app.scheduler.services.notification_creation:notification_creation.py:64 Created overdue notification for invoice INV-7188 (164 days overdue)
Backend CI	Run tests	2026-03-17T02:41:37.3469111Z INFO     app.scheduler.services.notification_creation:notification_creation.py:64 Created overdue notification for invoice INV-8484 (176 days overdue)
Backend CI	Run tests	2026-03-17T02:41:37.3469532Z INFO     app.scheduler.services.notification_creation:notification_creation.py:64 Created overdue notification for invoice INV-9703 (1 days overdue)
Backend CI	Run tests	2026-03-17T02:41:37.3469971Z INFO     app.scheduler.services.notification_creation:notification_creation.py:64 Created overdue notification for invoice INV-5590 (133 days overdue)
Backend CI	Run tests	2026-03-17T02:41:37.3470597Z INFO     app.scheduler.services.notification_creation:notification_creation.py:64 Created overdue notification for invoice INV-6826 (317 days overdue)
Backend CI	Run tests	2026-03-17T02:41:37.3471198Z INFO     app.scheduler.services.notification_creation:notification_creation.py:64 Created overdue notification for invoice INV-1000 (1 days overdue)
Backend CI	Run tests	2026-03-17T02:41:37.3471636Z INFO     app.scheduler.services.notification_creation:notification_creation.py:64 Created overdue notification for invoice INV-1830 (170 days overdue)
Backend CI	Run tests	2026-03-17T02:41:37.3472071Z INFO     app.scheduler.services.notification_creation:notification_creation.py:64 Created overdue notification for invoice INV-1081 (288 days overdue)
Backend CI	Run tests	2026-03-17T02:41:37.3472506Z INFO     app.scheduler.services.notification_creation:notification_creation.py:64 Created overdue notification for invoice INV-7188 (164 days overdue)
Backend CI	Run tests	2026-03-17T02:41:37.3473060Z INFO     app.scheduler.services.notification_creation:notification_creation.py:64 Created overdue notification for invoice INV-8484 (176 days overdue)
Backend CI	Run tests	2026-03-17T02:41:37.3473492Z INFO     app.scheduler.services.notification_creation:notification_creation.py:64 Created overdue notification for invoice INV-9703 (1 days overdue)
Backend CI	Run tests	2026-03-17T02:41:37.3473935Z INFO     app.scheduler.services.notification_creation:notification_creation.py:64 Created overdue notification for invoice INV-5590 (133 days overdue)
Backend CI	Run tests	2026-03-17T02:41:37.3474559Z INFO     app.scheduler.services.notification_creation:notification_creation.py:64 Created overdue notification for invoice INV-6826 (317 days overdue)
Backend CI	Run tests	2026-03-17T02:41:37.3475145Z INFO     app.scheduler.services.notification_creation:notification_creation.py:64 Created overdue notification for invoice INV-1000 (1 days overdue)
Backend CI	Run tests	2026-03-17T02:41:37.3475581Z INFO     app.scheduler.services.notification_creation:notification_creation.py:64 Created overdue notification for invoice INV-1830 (170 days overdue)
Backend CI	Run tests	2026-03-17T02:41:37.3476173Z INFO     app.scheduler.services.notification_creation:notification_creation.py:64 Created overdue notification for invoice INV-1081 (288 days overdue)
Backend CI	Run tests	2026-03-17T02:41:37.3476704Z INFO     app.scheduler.services.notification_creation:notification_creation.py:64 Created overdue notification for invoice INV-9403 (19 days overdue)
Backend CI	Run tests	2026-03-17T02:41:37.3477184Z INFO     app.scheduler.services.notification_creation:notification_creation.py:64 Created overdue notification for invoice INV-9190 (168 days overdue)
Backend CI	Run tests	2026-03-17T02:41:37.3477767Z INFO     app.scheduler.services.notification_creation:notification_creation.py:64 Created overdue notification for invoice INV-3757 (216 days overdue)
Backend CI	Run tests	2026-03-17T02:41:37.3478197Z INFO     app.scheduler.services.notification_creation:notification_creation.py:64 Created overdue notification for invoice INV-7305 (37 days overdue)
Backend CI	Run tests	2026-03-17T02:41:37.3478923Z INFO     app.scheduler.services.notification_creation:notification_creation.py:64 Created overdue notification for invoice INV-1006 (290 days overdue)
Backend CI	Run tests	2026-03-17T02:41:37.3479510Z INFO     app.scheduler.services.notification_creation:notification_creation.py:64 Created overdue notification for invoice INV-1000 (1 days overdue)
Backend CI	Run tests	2026-03-17T02:41:37.3480029Z INFO     app.scheduler.services.notification_creation:notification_creation.py:64 Created overdue notification for invoice INV-7056 (70 days overdue)
Backend CI	Run tests	2026-03-17T02:41:37.3480543Z INFO     app.scheduler.services.notification_creation:notification_creation.py:64 Created overdue notification for invoice INV-5392 (121 days overdue)
Backend CI	Run tests	2026-03-17T02:41:37.3481177Z INFO     app.scheduler.services.notification_creation:notification_creation.py:64 Created overdue notification for invoice INV-1000 (182 days overdue)
Backend CI	Run tests	2026-03-17T02:41:37.3481987Z INFO     app.scheduler.services.notification_creation:notification_creation.py:64 Created overdue notification for invoice INV-9998 (313 days overdue)
Backend CI	Run tests	2026-03-17T02:41:37.3482432Z INFO     app.scheduler.services.notification_creation:notification_creation.py:64 Created overdue notification for invoice INV-9403 (19 days overdue)
Backend CI	Run tests	2026-03-17T02:41:37.3482980Z INFO     app.scheduler.services.notification_creation:notification_creation.py:64 Created overdue notification for invoice INV-9190 (168 days overdue)
Backend CI	Run tests	2026-03-17T02:41:37.3483562Z INFO     app.scheduler.services.notification_creation:notification_creation.py:64 Created overdue notification for invoice INV-3757 (216 days overdue)
Backend CI	Run tests	2026-03-17T02:41:37.3483990Z INFO     app.scheduler.services.notification_creation:notification_creation.py:64 Created overdue notification for invoice INV-7305 (37 days overdue)
Backend CI	Run tests	2026-03-17T02:41:37.3484418Z INFO     app.scheduler.services.notification_creation:notification_creation.py:64 Created overdue notification for invoice INV-1006 (290 days overdue)
Backend CI	Run tests	2026-03-17T02:41:37.3484835Z INFO     app.scheduler.services.notification_creation:notification_creation.py:64 Created overdue notification for invoice INV-1000 (1 days overdue)
Backend CI	Run tests	2026-03-17T02:41:37.3485269Z INFO     app.scheduler.services.notification_creation:notification_creation.py:64 Created overdue notification for invoice INV-7056 (70 days overdue)
Backend CI	Run tests	2026-03-17T02:41:37.3485700Z INFO     app.scheduler.services.notification_creation:notification_creation.py:64 Created overdue notification for invoice INV-5392 (121 days overdue)
Backend CI	Run tests	2026-03-17T02:41:37.3486130Z INFO     app.scheduler.services.notification_creation:notification_creation.py:64 Created overdue notification for invoice INV-1000 (182 days overdue)
Backend CI	Run tests	2026-03-17T02:41:37.3486556Z INFO     app.scheduler.services.notification_creation:notification_creation.py:64 Created overdue notification for invoice INV-9998 (313 days overdue)
Backend CI	Run tests	2026-03-17T02:41:37.3486980Z INFO     app.scheduler.services.notification_creation:notification_creation.py:64 Created overdue notification for invoice INV-9698 (214 days overdue)
Backend CI	Run tests	2026-03-17T02:41:37.3487413Z INFO     app.scheduler.services.notification_creation:notification_creation.py:64 Created overdue notification for invoice INV-1744 (340 days overdue)
Backend CI	Run tests	2026-03-17T02:41:37.3487846Z INFO     app.scheduler.services.notification_creation:notification_creation.py:64 Created overdue notification for invoice INV-7631 (259 days overdue)
Backend CI	Run tests	2026-03-17T02:41:37.3488279Z INFO     app.scheduler.services.notification_creation:notification_creation.py:64 Created overdue notification for invoice INV-9999 (248 days overdue)
Backend CI	Run tests	2026-03-17T02:41:37.3488699Z INFO     app.scheduler.services.notification_creation:notification_creation.py:64 Created overdue notification for invoice INV-2634 (14 days overdue)
Backend CI	Run tests	2026-03-17T02:41:37.3489123Z INFO     app.scheduler.services.notification_creation:notification_creation.py:64 Created overdue notification for invoice INV-1000 (1 days overdue)
Backend CI	Run tests	2026-03-17T02:41:37.3489546Z INFO     app.scheduler.services.notification_creation:notification_creation.py:64 Created overdue notification for invoice INV-8837 (19 days overdue)
Backend CI	Run tests	2026-03-17T02:41:37.3490076Z INFO     app.scheduler.services.notification_creation:notification_creation.py:64 Created overdue notification for invoice INV-6420 (110 days overdue)
Backend CI	Run tests	2026-03-17T02:41:37.3490507Z INFO     app.scheduler.services.notification_creation:notification_creation.py:64 Created overdue notification for invoice INV-6514 (263 days overdue)
Backend CI	Run tests	2026-03-17T02:41:37.3490937Z INFO     app.scheduler.services.notification_creation:notification_creation.py:64 Created overdue notification for invoice INV-4415 (304 days overdue)
Backend CI	Run tests	2026-03-17T02:41:37.3491369Z INFO     app.scheduler.services.notification_creation:notification_creation.py:64 Created overdue notification for invoice INV-8038 (260 days overdue)
Backend CI	Run tests	2026-03-17T02:41:37.3491795Z INFO     app.scheduler.services.notification_creation:notification_creation.py:64 Created overdue notification for invoice INV-9178 (311 days overdue)
Backend CI	Run tests	2026-03-17T02:41:37.3492219Z INFO     app.scheduler.services.notification_creation:notification_creation.py:64 Created overdue notification for invoice INV-1660 (151 days overdue)
Backend CI	Run tests	2026-03-17T02:41:37.3492760Z INFO     app.scheduler.services.notification_creation:notification_creation.py:64 Created overdue notification for invoice INV-1167 (338 days overdue)
Backend CI	Run tests	2026-03-17T02:41:37.3493188Z INFO     app.scheduler.services.notification_creation:notification_creation.py:64 Created overdue notification for invoice INV-1705 (264 days overdue)
Backend CI	Run tests	2026-03-17T02:41:37.3493724Z INFO     app.scheduler.services.notification_creation:notification_creation.py:64 Created overdue notification for invoice INV-1000 (1 days overdue)
Backend CI	Run tests	2026-03-17T02:41:37.3494144Z INFO     app.scheduler.services.notification_creation:notification_creation.py:64 Created overdue notification for invoice INV-6255 (68 days overdue)
Backend CI	Run tests	2026-03-17T02:41:37.3494570Z INFO     app.scheduler.services.notification_creation:notification_creation.py:64 Created overdue notification for invoice INV-1671 (74 days overdue)
Backend CI	Run tests	2026-03-17T02:41:37.3494995Z INFO     app.scheduler.services.notification_creation:notification_creation.py:64 Created overdue notification for invoice INV-2859 (328 days overdue)
Backend CI	Run tests	2026-03-17T02:41:37.3495433Z INFO     app.scheduler.services.notification_creation:notification_creation.py:64 Created overdue notification for invoice INV-6787 (153 days overdue)
Backend CI	Run tests	2026-03-17T02:41:37.3495869Z INFO     app.scheduler.services.notification_creation:notification_creation.py:64 Created overdue notification for invoice INV-8038 (260 days overdue)
Backend CI	Run tests	2026-03-17T02:41:37.3496291Z INFO     app.scheduler.services.notification_creation:notification_creation.py:64 Created overdue notification for invoice INV-9178 (311 days overdue)
Backend CI	Run tests	2026-03-17T02:41:37.3496721Z INFO     app.scheduler.services.notification_creation:notification_creation.py:64 Created overdue notification for invoice INV-1660 (151 days overdue)
Backend CI	Run tests	2026-03-17T02:41:37.3497145Z INFO     app.scheduler.services.notification_creation:notification_creation.py:64 Created overdue notification for invoice INV-1167 (338 days overdue)
Backend CI	Run tests	2026-03-17T02:41:37.3497580Z INFO     app.scheduler.services.notification_creation:notification_creation.py:64 Created overdue notification for invoice INV-1705 (264 days overdue)
Backend CI	Run tests	2026-03-17T02:41:37.3498002Z INFO     app.scheduler.services.notification_creation:notification_creation.py:64 Created overdue notification for invoice INV-1000 (1 days overdue)
Backend CI	Run tests	2026-03-17T02:41:37.3498425Z INFO     app.scheduler.services.notification_creation:notification_creation.py:64 Created overdue notification for invoice INV-6255 (68 days overdue)
Backend CI	Run tests	2026-03-17T02:41:37.3498853Z INFO     app.scheduler.services.notification_creation:notification_creation.py:64 Created overdue notification for invoice INV-1671 (74 days overdue)
Backend CI	Run tests	2026-03-17T02:41:37.3499280Z INFO     app.scheduler.services.notification_creation:notification_creation.py:64 Created overdue notification for invoice INV-2859 (328 days overdue)
Backend CI	Run tests	2026-03-17T02:41:37.3499707Z INFO     app.scheduler.services.notification_creation:notification_creation.py:64 Created overdue notification for invoice INV-6787 (153 days overdue)
Backend CI	Run tests	2026-03-17T02:41:37.3500240Z INFO     app.scheduler.services.notification_creation:notification_creation.py:64 Created overdue notification for invoice INV-4029 (218 days overdue)
Backend CI	Run tests	2026-03-17T02:41:37.3500669Z INFO     app.scheduler.services.notification_creation:notification_creation.py:64 Created overdue notification for invoice INV-8971 (320 days overdue)
Backend CI	Run tests	2026-03-17T02:41:37.3501100Z INFO     app.scheduler.services.notification_creation:notification_creation.py:64 Created overdue notification for invoice INV-7535 (67 days overdue)
Backend CI	Run tests	2026-03-17T02:41:37.3501525Z INFO     app.scheduler.services.notification_creation:notification_creation.py:64 Created overdue notification for invoice INV-1722 (296 days overdue)
Backend CI	Run tests	2026-03-17T02:41:37.3501958Z INFO     app.scheduler.services.notification_creation:notification_creation.py:64 Created overdue notification for invoice INV-8091 (30 days overdue)
Backend CI	Run tests	2026-03-17T02:41:37.3502389Z INFO     app.scheduler.services.notification_creation:notification_creation.py:64 Created overdue notification for invoice INV-1000 (1 days overdue)
Backend CI	Run tests	2026-03-17T02:41:37.3502929Z INFO     app.scheduler.services.notification_creation:notification_creation.py:64 Created overdue notification for invoice INV-7876 (155 days overdue)
Backend CI	Run tests	2026-03-17T02:41:37.3503463Z INFO     app.scheduler.services.notification_creation:notification_creation.py:64 Created overdue notification for invoice INV-5204 (80 days overdue)
Backend CI	Run tests	2026-03-17T02:41:37.3503891Z INFO     app.scheduler.services.notification_creation:notification_creation.py:64 Created overdue notification for invoice INV-4029 (218 days overdue)
Backend CI	Run tests	2026-03-17T02:41:37.3504322Z INFO     app.scheduler.services.notification_creation:notification_creation.py:64 Created overdue notification for invoice INV-8971 (320 days overdue)
Backend CI	Run tests	2026-03-17T02:41:37.3504743Z INFO     app.scheduler.services.notification_creation:notification_creation.py:64 Created overdue notification for invoice INV-7535 (67 days overdue)
Backend CI	Run tests	2026-03-17T02:41:37.3505179Z INFO     app.scheduler.services.notification_creation:notification_creation.py:64 Created overdue notification for invoice INV-1722 (296 days overdue)
Backend CI	Run tests	2026-03-17T02:41:37.3505606Z INFO     app.scheduler.services.notification_creation:notification_creation.py:64 Created overdue notification for invoice INV-8091 (30 days overdue)
Backend CI	Run tests	2026-03-17T02:41:37.3506030Z INFO     app.scheduler.services.notification_creation:notification_creation.py:64 Created overdue notification for invoice INV-1000 (1 days overdue)
Backend CI	Run tests	2026-03-17T02:41:37.3506461Z INFO     app.scheduler.services.notification_creation:notification_creation.py:64 Created overdue notification for invoice INV-7876 (155 days overdue)
Backend CI	Run tests	2026-03-17T02:41:37.3506883Z INFO     app.scheduler.services.notification_creation:notification_creation.py:64 Created overdue notification for invoice INV-5204 (80 days overdue)
Backend CI	Run tests	2026-03-17T02:41:37.3507314Z INFO     app.scheduler.services.notification_creation:notification_creation.py:64 Created overdue notification for invoice INV-4928 (356 days overdue)
Backend CI	Run tests	2026-03-17T02:41:37.3507736Z INFO     app.scheduler.services.notification_creation:notification_creation.py:64 Created overdue notification for invoice INV-7938 (2 days overdue)
Backend CI	Run tests	2026-03-17T02:41:37.3508167Z INFO     app.scheduler.services.notification_creation:notification_creation.py:64 Created overdue notification for invoice INV-5586 (194 days overdue)
Backend CI	Run tests	2026-03-17T02:41:37.3508599Z INFO     app.scheduler.services.notification_creation:notification_creation.py:64 Created overdue notification for invoice INV-3810 (107 days overdue)
Backend CI	Run tests	2026-03-17T02:41:37.3509021Z INFO     app.scheduler.services.notification_creation:notification_creation.py:64 Created overdue notification for invoice INV-1000 (180 days overdue)
Backend CI	Run tests	2026-03-17T02:41:37.3509451Z INFO     app.scheduler.services.notification_creation:notification_creation.py:64 Created overdue notification for invoice INV-1000 (1 days overdue)
Backend CI	Run tests	2026-03-17T02:41:37.3509878Z INFO     app.scheduler.services.notification_creation:notification_creation.py:64 Created overdue notification for invoice INV-1001 (363 days overdue)
Backend CI	Run tests	2026-03-17T02:41:37.3510414Z INFO     app.scheduler.services.notification_creation:notification_creation.py:64 Created overdue notification for invoice INV-4928 (356 days overdue)
Backend CI	Run tests	2026-03-17T02:41:37.3510838Z INFO     app.scheduler.services.notification_creation:notification_creation.py:64 Created overdue notification for invoice INV-7938 (2 days overdue)
Backend CI	Run tests	2026-03-17T02:41:37.3511269Z INFO     app.scheduler.services.notification_creation:notification_creation.py:64 Created overdue notification for invoice INV-5586 (194 days overdue)
Backend CI	Run tests	2026-03-17T02:41:37.3511693Z INFO     app.scheduler.services.notification_creation:notification_creation.py:64 Created overdue notification for invoice INV-3810 (107 days overdue)
Backend CI	Run tests	2026-03-17T02:41:37.3512119Z INFO     app.scheduler.services.notification_creation:notification_creation.py:64 Created overdue notification for invoice INV-1000 (180 days overdue)
Backend CI	Run tests	2026-03-17T02:41:37.3512547Z INFO     app.scheduler.services.notification_creation:notification_creation.py:64 Created overdue notification for invoice INV-1000 (1 days overdue)
Backend CI	Run tests	2026-03-17T02:41:37.3513077Z INFO     app.scheduler.services.notification_creation:notification_creation.py:64 Created overdue notification for invoice INV-1001 (363 days overdue)
Backend CI	Run tests	2026-03-17T02:41:37.3513619Z INFO     app.scheduler.services.notification_creation:notification_creation.py:64 Created overdue notification for invoice INV-7824 (169 days overdue)
Backend CI	Run tests	2026-03-17T02:41:37.3514043Z INFO     app.scheduler.services.notification_creation:notification_creation.py:64 Created overdue notification for invoice INV-7993 (311 days overdue)
Backend CI	Run tests	2026-03-17T02:41:37.3514464Z INFO     app.scheduler.services.notification_creation:notification_creation.py:64 Created overdue notification for invoice INV-5097 (91 days overdue)
Backend CI	Run tests	2026-03-17T02:41:37.3514889Z INFO     app.scheduler.services.notification_creation:notification_creation.py:64 Created overdue notification for invoice INV-9598 (8 days overdue)
Backend CI	Run tests	2026-03-17T02:41:37.3515318Z INFO     app.scheduler.services.notification_creation:notification_creation.py:64 Created overdue notification for invoice INV-8715 (139 days overdue)
Backend CI	Run tests	2026-03-17T02:41:37.3515752Z INFO     app.scheduler.services.notification_creation:notification_creation.py:64 Created overdue notification for invoice INV-1000 (1 days overdue)
Backend CI	Run tests	2026-03-17T02:41:37.3516180Z INFO     app.scheduler.services.notification_creation:notification_creation.py:64 Created overdue notification for invoice INV-5876 (2 days overdue)
Backend CI	Run tests	2026-03-17T02:41:37.3516615Z INFO     app.scheduler.services.notification_creation:notification_creation.py:64 Created overdue notification for invoice INV-8226 (227 days overdue)
Backend CI	Run tests	2026-03-17T02:41:37.3517040Z INFO     app.scheduler.services.notification_creation:notification_creation.py:64 Created overdue notification for invoice INV-9016 (365 days overdue)
Backend CI	Run tests	2026-03-17T02:41:37.3517464Z INFO     app.scheduler.services.notification_creation:notification_creation.py:64 Created overdue notification for invoice INV-7452 (55 days overdue)
Backend CI	Run tests	2026-03-17T02:41:37.3517903Z INFO     app.scheduler.services.notification_creation:notification_creation.py:64 Created overdue notification for invoice INV-7824 (169 days overdue)
Backend CI	Run tests	2026-03-17T02:41:37.3518330Z INFO     app.scheduler.services.notification_creation:notification_creation.py:64 Created overdue notification for invoice INV-7993 (311 days overdue)
Backend CI	Run tests	2026-03-17T02:41:37.3518759Z INFO     app.scheduler.services.notification_creation:notification_creation.py:64 Created overdue notification for invoice INV-5097 (91 days overdue)
Backend CI	Run tests	2026-03-17T02:41:37.3519177Z INFO     app.scheduler.services.notification_creation:notification_creation.py:64 Created overdue notification for invoice INV-9598 (8 days overdue)
Backend CI	Run tests	2026-03-17T02:41:37.3519604Z INFO     app.scheduler.services.notification_creation:notification_creation.py:64 Created overdue notification for invoice INV-8715 (139 days overdue)
Backend CI	Run tests	2026-03-17T02:41:37.3520027Z INFO     app.scheduler.services.notification_creation:notification_creation.py:64 Created overdue notification for invoice INV-1000 (1 days overdue)
Backend CI	Run tests	2026-03-17T02:41:37.3520551Z INFO     app.scheduler.services.notification_creation:notification_creation.py:64 Created overdue notification for invoice INV-5876 (2 days overdue)
Backend CI	Run tests	2026-03-17T02:41:37.3520984Z INFO     app.scheduler.services.notification_creation:notification_creation.py:64 Created overdue notification for invoice INV-8226 (227 days overdue)
Backend CI	Run tests	2026-03-17T02:41:37.3521412Z INFO     app.scheduler.services.notification_creation:notification_creation.py:64 Created overdue notification for invoice INV-9016 (365 days overdue)
Backend CI	Run tests	2026-03-17T02:41:37.3521841Z INFO     app.scheduler.services.notification_creation:notification_creation.py:64 Created overdue notification for invoice INV-7452 (55 days overdue)
Backend CI	Run tests	2026-03-17T02:41:37.3522264Z INFO     app.scheduler.services.notification_creation:notification_creation.py:64 Created overdue notification for invoice INV-6067 (197 days overdue)
Backend CI	Run tests	2026-03-17T02:41:37.3522821Z INFO     app.scheduler.services.notification_creation:notification_creation.py:64 Created overdue notification for invoice INV-5614 (60 days overdue)
Backend CI	Run tests	2026-03-17T02:41:37.3523259Z INFO     app.scheduler.services.notification_creation:notification_creation.py:64 Created overdue notification for invoice INV-4159 (229 days overdue)
Backend CI	Run tests	2026-03-17T02:41:37.3523862Z INFO     app.scheduler.services.notification_creation:notification_creation.py:64 Created overdue notification for invoice INV-8556 (19 days overdue)
Backend CI	Run tests	2026-03-17T02:41:37.3524295Z INFO     app.scheduler.services.notification_creation:notification_creation.py:64 Created overdue notification for invoice INV-5362 (23 days overdue)
Backend CI	Run tests	2026-03-17T02:41:37.3524717Z INFO     app.scheduler.services.notification_creation:notification_creation.py:64 Created overdue notification for invoice INV-1000 (1 days overdue)
Backend CI	Run tests	2026-03-17T02:41:37.3525145Z INFO     app.scheduler.services.notification_creation:notification_creation.py:64 Created overdue notification for invoice INV-7377 (8 days overdue)
Backend CI	Run tests	2026-03-17T02:41:37.3525571Z INFO     app.scheduler.services.notification_creation:notification_creation.py:64 Created overdue notification for invoice INV-4631 (66 days overdue)
Backend CI	Run tests	2026-03-17T02:41:37.3525991Z INFO     app.scheduler.services.notification_creation:notification_creation.py:64 Created overdue notification for invoice INV-1515 (29 days overdue)
Backend CI	Run tests	2026-03-17T02:41:37.3526427Z INFO     app.scheduler.services.notification_creation:notification_creation.py:64 Created overdue notification for invoice INV-8833 (89 days overdue)
Backend CI	Run tests	2026-03-17T02:41:37.3526852Z INFO     app.scheduler.services.notification_creation:notification_creation.py:64 Created overdue notification for invoice INV-6067 (197 days overdue)
Backend CI	Run tests	2026-03-17T02:41:37.3527278Z INFO     app.scheduler.services.notification_creation:notification_creation.py:64 Created overdue notification for invoice INV-5614 (60 days overdue)
Backend CI	Run tests	2026-03-17T02:41:37.3527705Z INFO     app.scheduler.services.notification_creation:notification_creation.py:64 Created overdue notification for invoice INV-4159 (229 days overdue)
Backend CI	Run tests	2026-03-17T02:41:37.3528131Z INFO     app.scheduler.services.notification_creation:notification_creation.py:64 Created overdue notification for invoice INV-8556 (19 days overdue)
Backend CI	Run tests	2026-03-17T02:41:37.3528560Z INFO     app.scheduler.services.notification_creation:notification_creation.py:64 Created overdue notification for invoice INV-5362 (23 days overdue)
Backend CI	Run tests	2026-03-17T02:41:37.3528981Z INFO     app.scheduler.services.notification_creation:notification_creation.py:64 Created overdue notification for invoice INV-1000 (1 days overdue)
Backend CI	Run tests	2026-03-17T02:41:37.3529405Z INFO     app.scheduler.services.notification_creation:notification_creation.py:64 Created overdue notification for invoice INV-7377 (8 days overdue)
Backend CI	Run tests	2026-03-17T02:41:37.3529827Z INFO     app.scheduler.services.notification_creation:notification_creation.py:64 Created overdue notification for invoice INV-4631 (66 days overdue)
Backend CI	Run tests	2026-03-17T02:41:37.3530358Z INFO     app.scheduler.services.notification_creation:notification_creation.py:64 Created overdue notification for invoice INV-1515 (29 days overdue)
Backend CI	Run tests	2026-03-17T02:41:37.3530778Z INFO     app.scheduler.services.notification_creation:notification_creation.py:64 Created overdue notification for invoice INV-8833 (89 days overdue)
Backend CI	Run tests	2026-03-17T02:41:37.3531205Z INFO     app.scheduler.services.notification_creation:notification_creation.py:64 Created overdue notification for invoice INV-2775 (1 days overdue)
Backend CI	Run tests	2026-03-17T02:41:37.3531634Z INFO     app.scheduler.services.notification_creation:notification_creation.py:64 Created overdue notification for invoice INV-1974 (191 days overdue)
Backend CI	Run tests	2026-03-17T02:41:37.3532059Z INFO     app.scheduler.services.notification_creation:notification_creation.py:64 Created overdue notification for invoice INV-5068 (165 days overdue)
Backend CI	Run tests	2026-03-17T02:41:37.3532484Z INFO     app.scheduler.services.notification_creation:notification_creation.py:64 Created overdue notification for invoice INV-7374 (19 days overdue)
Backend CI	Run tests	2026-03-17T02:41:37.3533026Z INFO     app.scheduler.services.notification_creation:notification_creation.py:64 Created overdue notification for invoice INV-6317 (346 days overdue)
Backend CI	Run tests	2026-03-17T02:41:37.3533448Z INFO     app.scheduler.services.notification_creation:notification_creation.py:64 Created overdue notification for invoice INV-1000 (1 days overdue)
Backend CI	Run tests	2026-03-17T02:41:37.3533995Z INFO     app.scheduler.services.notification_creation:notification_creation.py:64 Created overdue notification for invoice INV-5522 (233 days overdue)
Backend CI	Run tests	2026-03-17T02:41:37.3534420Z INFO     app.scheduler.services.notification_creation:notification_creation.py:64 Created overdue notification for invoice INV-2775 (1 days overdue)
Backend CI	Run tests	2026-03-17T02:41:37.3534850Z INFO     app.scheduler.services.notification_creation:notification_creation.py:64 Created overdue notification for invoice INV-1974 (191 days overdue)
Backend CI	Run tests	2026-03-17T02:41:37.3535313Z INFO     app.scheduler.services.notification_creation:notification_creation.py:64 Created overdue notification for invoice INV-5068 (165 days overdue)
Backend CI	Run tests	2026-03-17T02:41:37.3535746Z INFO     app.scheduler.services.notification_creation:notification_creation.py:64 Created overdue notification for invoice INV-7374 (19 days overdue)
Backend CI	Run tests	2026-03-17T02:41:37.3536171Z INFO     app.scheduler.services.notification_creation:notification_creation.py:64 Created overdue notification for invoice INV-6317 (346 days overdue)
Backend CI	Run tests	2026-03-17T02:41:37.3536593Z INFO     app.scheduler.services.notification_creation:notification_creation.py:64 Created overdue notification for invoice INV-1000 (1 days overdue)
Backend CI	Run tests	2026-03-17T02:41:37.3537022Z INFO     app.scheduler.services.notification_creation:notification_creation.py:64 Created overdue notification for invoice INV-5522 (233 days overdue)
Backend CI	Run tests	2026-03-17T02:41:37.3537449Z INFO     app.scheduler.services.notification_creation:notification_creation.py:64 Created overdue notification for invoice INV-8728 (236 days overdue)
Backend CI	Run tests	2026-03-17T02:41:37.3537875Z INFO     app.scheduler.services.notification_creation:notification_creation.py:64 Created overdue notification for invoice INV-1281 (46 days overdue)
Backend CI	Run tests	2026-03-17T02:41:37.3538307Z INFO     app.scheduler.services.notification_creation:notification_creation.py:64 Created overdue notification for invoice INV-2882 (297 days overdue)
Backend CI	Run tests	2026-03-17T02:41:37.3538733Z INFO     app.scheduler.services.notification_creation:notification_creation.py:64 Created overdue notification for invoice INV-3414 (30 days overdue)
Backend CI	Run tests	2026-03-17T02:41:37.3539161Z INFO     app.scheduler.services.notification_creation:notification_creation.py:64 Created overdue notification for invoice INV-3789 (151 days overdue)
Backend CI	Run tests	2026-03-17T02:41:37.3539581Z INFO     app.scheduler.services.notification_creation:notification_creation.py:64 Created overdue notification for invoice INV-1000 (1 days overdue)
Backend CI	Run tests	2026-03-17T02:41:37.3540008Z INFO     app.scheduler.services.notification_creation:notification_creation.py:64 Created overdue notification for invoice INV-4676 (1 days overdue)
Backend CI	Run tests	2026-03-17T02:41:37.3540538Z INFO     app.scheduler.services.notification_creation:notification_creation.py:64 Created overdue notification for invoice INV-9998 (1 days overdue)
Backend CI	Run tests	2026-03-17T02:41:37.3540962Z INFO     app.scheduler.services.notification_creation:notification_creation.py:64 Created overdue notification for invoice INV-7011 (91 days overdue)
Backend CI	Run tests	2026-03-17T02:41:37.3541396Z INFO     app.scheduler.services.notification_creation:notification_creation.py:64 Created overdue notification for invoice INV-9612 (55 days overdue)
Backend CI	Run tests	2026-03-17T02:41:37.3541824Z INFO     app.scheduler.services.notification_creation:notification_creation.py:64 Created overdue notification for invoice INV-8728 (236 days overdue)
Backend CI	Run tests	2026-03-17T02:41:37.3542251Z INFO     app.scheduler.services.notification_creation:notification_creation.py:64 Created overdue notification for invoice INV-1281 (46 days overdue)
Backend CI	Run tests	2026-03-17T02:41:37.3542778Z INFO     app.scheduler.services.notification_creation:notification_creation.py:64 Created overdue notification for invoice INV-2882 (297 days overdue)
Backend CI	Run tests	2026-03-17T02:41:37.3543211Z INFO     app.scheduler.services.notification_creation:notification_creation.py:64 Created overdue notification for invoice INV-3414 (30 days overdue)
Backend CI	Run tests	2026-03-17T02:41:37.3543634Z INFO     app.scheduler.services.notification_creation:notification_creation.py:64 Created overdue notification for invoice INV-3789 (151 days overdue)
Backend CI	Run tests	2026-03-17T02:41:37.3544169Z INFO     app.scheduler.services.notification_creation:notification_creation.py:64 Created overdue notification for invoice INV-1000 (1 days overdue)
Backend CI	Run tests	2026-03-17T02:41:37.3544588Z INFO     app.scheduler.services.notification_creation:notification_creation.py:64 Created overdue notification for invoice INV-4676 (1 days overdue)
Backend CI	Run tests	2026-03-17T02:41:37.3545010Z INFO     app.scheduler.services.notification_creation:notification_creation.py:64 Created overdue notification for invoice INV-9998 (1 days overdue)
Backend CI	Run tests	2026-03-17T02:41:37.3545446Z INFO     app.scheduler.services.notification_creation:notification_creation.py:64 Created overdue notification for invoice INV-7011 (91 days overdue)
Backend CI	Run tests	2026-03-17T02:41:37.3545869Z INFO     app.scheduler.services.notification_creation:notification_creation.py:64 Created overdue notification for invoice INV-9612 (55 days overdue)
Backend CI	Run tests	2026-03-17T02:41:37.3546299Z INFO     app.scheduler.services.notification_creation:notification_creation.py:64 Created overdue notification for invoice INV-8805 (313 days overdue)
Backend CI	Run tests	2026-03-17T02:41:37.3546728Z INFO     app.scheduler.services.notification_creation:notification_creation.py:64 Created overdue notification for invoice INV-8751 (220 days overdue)
Backend CI	Run tests	2026-03-17T02:41:37.3547152Z INFO     app.scheduler.services.notification_creation:notification_creation.py:64 Created overdue notification for invoice INV-8945 (205 days overdue)
Backend CI	Run tests	2026-03-17T02:41:37.3547583Z INFO     app.scheduler.services.notification_creation:notification_creation.py:64 Created overdue notification for invoice INV-6697 (232 days overdue)
Backend CI	Run tests	2026-03-17T02:41:37.3548006Z INFO     app.scheduler.services.notification_creation:notification_creation.py:64 Created overdue notification for invoice INV-2886 (49 days overdue)
Backend CI	Run tests	2026-03-17T02:41:37.3548430Z INFO     app.scheduler.services.notification_creation:notification_creation.py:64 Created overdue notification for invoice INV-1000 (1 days overdue)
Backend CI	Run tests	2026-03-17T02:41:37.3548856Z INFO     app.scheduler.services.notification_creation:notification_creation.py:64 Created overdue notification for invoice INV-8805 (313 days overdue)
Backend CI	Run tests	2026-03-17T02:41:37.3549287Z INFO     app.scheduler.services.notification_creation:notification_creation.py:64 Created overdue notification for invoice INV-8751 (220 days overdue)
Backend CI	Run tests	2026-03-17T02:41:37.3549711Z INFO     app.scheduler.services.notification_creation:notification_creation.py:64 Created overdue notification for invoice INV-8945 (205 days overdue)
Backend CI	Run tests	2026-03-17T02:41:37.3550139Z INFO     app.scheduler.services.notification_creation:notification_creation.py:64 Created overdue notification for invoice INV-6697 (232 days overdue)
Backend CI	Run tests	2026-03-17T02:41:37.3550671Z INFO     app.scheduler.services.notification_creation:notification_creation.py:64 Created overdue notification for invoice INV-2886 (49 days overdue)
Backend CI	Run tests	2026-03-17T02:41:37.3551089Z INFO     app.scheduler.services.notification_creation:notification_creation.py:64 Created overdue notification for invoice INV-1000 (1 days overdue)
Backend CI	Run tests	2026-03-17T02:41:37.3551526Z INFO     app.scheduler.services.notification_creation:notification_creation.py:64 Created overdue notification for invoice INV-4033 (195 days overdue)
Backend CI	Run tests	2026-03-17T02:41:37.3551946Z INFO     app.scheduler.services.notification_creation:notification_creation.py:64 Created overdue notification for invoice INV-8302 (2 days overdue)
Backend CI	Run tests	2026-03-17T02:41:37.3552371Z INFO     app.scheduler.services.notification_creation:notification_creation.py:64 Created overdue notification for invoice INV-6495 (365 days overdue)
Backend CI	Run tests	2026-03-17T02:41:37.3552907Z INFO     app.scheduler.services.notification_creation:notification_creation.py:64 Created overdue notification for invoice INV-3842 (177 days overdue)
Backend CI	Run tests	2026-03-17T02:41:37.3553339Z INFO     app.scheduler.services.notification_creation:notification_creation.py:64 Created overdue notification for invoice INV-6032 (20 days overdue)
Backend CI	Run tests	2026-03-17T02:41:37.3553761Z INFO     app.scheduler.services.notification_creation:notification_creation.py:64 Created overdue notification for invoice INV-1000 (1 days overdue)
Backend CI	Run tests	2026-03-17T02:41:37.3554295Z INFO     app.scheduler.services.notification_creation:notification_creation.py:64 Created overdue notification for invoice INV-4033 (195 days overdue)
Backend CI	Run tests	2026-03-17T02:41:37.3554719Z INFO     app.scheduler.services.notification_creation:notification_creation.py:64 Created overdue notification for invoice INV-8302 (2 days overdue)
Backend CI	Run tests	2026-03-17T02:41:37.3555144Z INFO     app.scheduler.services.notification_creation:notification_creation.py:64 Created overdue notification for invoice INV-6495 (365 days overdue)
Backend CI	Run tests	2026-03-17T02:41:37.3555576Z INFO     app.scheduler.services.notification_creation:notification_creation.py:64 Created overdue notification for invoice INV-3842 (177 days overdue)
Backend CI	Run tests	2026-03-17T02:41:37.3556006Z INFO     app.scheduler.services.notification_creation:notification_creation.py:64 Created overdue notification for invoice INV-6032 (20 days overdue)
Backend CI	Run tests	2026-03-17T02:41:37.3556429Z INFO     app.scheduler.services.notification_creation:notification_creation.py:64 Created overdue notification for invoice INV-1000 (1 days overdue)
Backend CI	Run tests	2026-03-17T02:41:37.3556853Z INFO     app.scheduler.services.notification_creation:notification_creation.py:64 Created overdue notification for invoice INV-1405 (6 days overdue)
Backend CI	Run tests	2026-03-17T02:41:37.3557271Z INFO     app.scheduler.services.notification_creation:notification_creation.py:64 Created overdue notification for invoice INV-5706 (6 days overdue)
Backend CI	Run tests	2026-03-17T02:41:37.3557700Z INFO     app.scheduler.services.notification_creation:notification_creation.py:64 Created overdue notification for invoice INV-9537 (275 days overdue)
Backend CI	Run tests	2026-03-17T02:41:37.3558127Z INFO     app.scheduler.services.notification_creation:notification_creation.py:64 Created overdue notification for invoice INV-7700 (137 days overdue)
Backend CI	Run tests	2026-03-17T02:41:37.3558813Z INFO     app.scheduler.services.notification_creation:notification_creation.py:64 Created overdue notification for invoice INV-3641 (1 days overdue)
Backend CI	Run tests	2026-03-17T02:41:37.3559483Z INFO     app.scheduler.services.notification_creation:notification_creation.py:64 Created overdue notification for invoice INV-2818 (303 days overdue)
Backend CI	Run tests	2026-03-17T02:41:37.3559920Z INFO     app.scheduler.services.notification_creation:notification_creation.py:64 Created overdue notification for invoice INV-4973 (32 days overdue)
Backend CI	Run tests	2026-03-17T02:41:37.3560353Z INFO     app.scheduler.services.notification_creation:notification_creation.py:64 Created overdue notification for invoice INV-4109 (29 days overdue)
Backend CI	Run tests	2026-03-17T02:41:37.3560782Z INFO     app.scheduler.services.notification_creation:notification_creation.py:64 Created overdue notification for invoice INV-4861 (156 days overdue)
Backend CI	Run tests	2026-03-17T02:41:37.3561341Z INFO     app.scheduler.services.notification_creation:notification_creation.py:64 Created overdue notification for invoice INV-8222 (96 days overdue)
Backend CI	Run tests	2026-03-17T02:41:37.3561777Z INFO     app.scheduler.services.notification_creation:notification_creation.py:64 Created overdue notification for invoice INV-1001 (321 days overdue)
Backend CI	Run tests	2026-03-17T02:41:37.3562207Z INFO     app.scheduler.services.notification_creation:notification_creation.py:64 Created overdue notification for invoice INV-3921 (349 days overdue)
Backend CI	Run tests	2026-03-17T02:41:37.3562633Z INFO     app.scheduler.services.notification_creation:notification_creation.py:64 Created overdue notification for invoice INV-3699 (6 days overdue)
Backend CI	Run tests	2026-03-17T02:41:37.3563213Z INFO     app.scheduler.services.notification_creation:notification_creation.py:64 Created overdue notification for invoice INV-9352 (364 days overdue)
Backend CI	Run tests	2026-03-17T02:41:37.3563648Z INFO     app.scheduler.services.notification_creation:notification_creation.py:64 Created overdue notification for invoice INV-9545 (364 days overdue)
Backend CI	Run tests	2026-03-17T02:41:37.3564075Z INFO     app.scheduler.services.notification_creation:notification_creation.py:64 Created overdue notification for invoice INV-3788 (49 days overdue)
Backend CI	Run tests	2026-03-17T02:41:37.3564613Z INFO     app.scheduler.services.notification_creation:notification_creation.py:64 Created overdue notification for invoice INV-9317 (91 days overdue)
Backend CI	Run tests	2026-03-17T02:41:37.3565048Z INFO     app.scheduler.services.notification_creation:notification_creation.py:64 Created overdue notification for invoice INV-3108 (223 days overdue)
Backend CI	Run tests	2026-03-17T02:41:37.3565467Z INFO     app.scheduler.services.notification_creation:notification_creation.py:64 Created overdue notification for invoice INV-2854 (1 days overdue)
Backend CI	Run tests	2026-03-17T02:41:37.3565898Z INFO     app.scheduler.services.notification_creation:notification_creation.py:64 Created overdue notification for invoice INV-8267 (122 days overdue)
Backend CI	Run tests	2026-03-17T02:41:37.3566325Z INFO     app.scheduler.services.notification_creation:notification_creation.py:64 Created overdue notification for invoice INV-1000 (1 days overdue)
Backend CI	Run tests	2026-03-17T02:41:37.3566751Z INFO     app.scheduler.services.notification_creation:notification_creation.py:64 Created overdue notification for invoice INV-8703 (152 days overdue)
Backend CI	Run tests	2026-03-17T02:41:37.3567179Z INFO     app.scheduler.services.notification_creation:notification_creation.py:64 Created overdue notification for invoice INV-9998 (1 days overdue)
Backend CI	Run tests	2026-03-17T02:41:37.3567606Z INFO     app.scheduler.services.notification_creation:notification_creation.py:64 Created overdue notification for invoice INV-2058 (344 days overdue)
Backend CI	Run tests	2026-03-17T02:41:37.3568031Z INFO     app.scheduler.services.notification_creation:notification_creation.py:64 Created overdue notification for invoice INV-3788 (49 days overdue)
Backend CI	Run tests	2026-03-17T02:41:37.3568547Z INFO     app.scheduler.services.notification_creation:notification_creation.py:64 Created overdue notification for invoice INV-9317 (91 days overdue)
Backend CI	Run tests	2026-03-17T02:41:37.3568999Z INFO     app.scheduler.services.notification_creation:notification_creation.py:64 Created overdue notification for invoice INV-3108 (223 days overdue)
Backend CI	Run tests	2026-03-17T02:41:37.3569427Z INFO     app.scheduler.services.notification_creation:notification_creation.py:64 Created overdue notification for invoice INV-2854 (1 days overdue)
Backend CI	Run tests	2026-03-17T02:41:37.3569861Z INFO     app.scheduler.services.notification_creation:notification_creation.py:64 Created overdue notification for invoice INV-8267 (122 days overdue)
Backend CI	Run tests	2026-03-17T02:41:37.3570288Z INFO     app.scheduler.services.notification_creation:notification_creation.py:64 Created overdue notification for invoice INV-1000 (1 days overdue)
Backend CI	Run tests	2026-03-17T02:41:37.3570715Z INFO     app.scheduler.services.notification_creation:notification_creation.py:64 Created overdue notification for invoice INV-8703 (152 days overdue)
Backend CI	Run tests	2026-03-17T02:41:37.3571139Z INFO     app.scheduler.services.notification_creation:notification_creation.py:64 Created overdue notification for invoice INV-9998 (1 days overdue)
Backend CI	Run tests	2026-03-17T02:41:37.3571681Z INFO     app.scheduler.services.notification_creation:notification_creation.py:64 Created overdue notification for invoice INV-2058 (344 days overdue)
Backend CI	Run tests	2026-03-17T02:41:37.3572105Z INFO     app.scheduler.services.notification_creation:notification_creation.py:64 Created overdue notification for invoice INV-1639 (37 days overdue)
Backend CI	Run tests	2026-03-17T02:41:37.3572533Z INFO     app.scheduler.services.notification_creation:notification_creation.py:64 Created overdue notification for invoice INV-5546 (1 days overdue)
Backend CI	Run tests	2026-03-17T02:41:37.3573064Z INFO     app.scheduler.services.notification_creation:notification_creation.py:64 Created overdue notification for invoice INV-7140 (342 days overdue)
Backend CI	Run tests	2026-03-17T02:41:37.3573501Z INFO     app.scheduler.services.notification_creation:notification_creation.py:64 Created overdue notification for invoice INV-9237 (352 days overdue)
Backend CI	Run tests	2026-03-17T02:41:37.3573926Z INFO     app.scheduler.services.notification_creation:notification_creation.py:64 Created overdue notification for invoice INV-2227 (119 days overdue)
Backend CI	Run tests	2026-03-17T02:41:37.3574359Z INFO     app.scheduler.services.notification_creation:notification_creation.py:64 Created overdue notification for invoice INV-1000 (1 days overdue)
Backend CI	Run tests	2026-03-17T02:41:37.3574898Z INFO     app.scheduler.services.notification_creation:notification_creation.py:64 Created overdue notification for invoice INV-1639 (37 days overdue)
Backend CI	Run tests	2026-03-17T02:41:37.3575319Z INFO     app.scheduler.services.notification_creation:notification_creation.py:64 Created overdue notification for invoice INV-5546 (1 days overdue)
Backend CI	Run tests	2026-03-17T02:41:37.3575761Z INFO     app.scheduler.services.notification_creation:notification_creation.py:64 Created overdue notification for invoice INV-7140 (342 days overdue)
Backend CI	Run tests	2026-03-17T02:41:37.3576189Z INFO     app.scheduler.services.notification_creation:notification_creation.py:64 Created overdue notification for invoice INV-9237 (352 days overdue)
Backend CI	Run tests	2026-03-17T02:41:37.3576625Z INFO     app.scheduler.services.notification_creation:notification_creation.py:64 Created overdue notification for invoice INV-2227 (119 days overdue)
Backend CI	Run tests	2026-03-17T02:41:37.3577046Z INFO     app.scheduler.services.notification_creation:notification_creation.py:64 Created overdue notification for invoice INV-1000 (1 days overdue)
Backend CI	Run tests	2026-03-17T02:41:37.3577485Z INFO     app.scheduler.services.notification_creation:notification_creation.py:64 Created overdue notification for invoice INV-8671 (324 days overdue)
Backend CI	Run tests	2026-03-17T02:41:37.3577910Z INFO     app.scheduler.services.notification_creation:notification_creation.py:64 Created overdue notification for invoice INV-7405 (210 days overdue)
Backend CI	Run tests	2026-03-17T02:41:37.3578333Z INFO     app.scheduler.services.notification_creation:notification_creation.py:64 Created overdue notification for invoice INV-5341 (41 days overdue)
Backend CI	Run tests	2026-03-17T02:41:37.3578766Z INFO     app.scheduler.services.notification_creation:notification_creation.py:64 Created overdue notification for invoice INV-4946 (295 days overdue)
Backend CI	Run tests	2026-03-17T02:41:37.3579196Z INFO     app.scheduler.services.notification_creation:notification_creation.py:64 Created overdue notification for invoice INV-4618 (210 days overdue)
Backend CI	Run tests	2026-03-17T02:41:37.3579619Z INFO     app.scheduler.services.notification_creation:notification_creation.py:64 Created overdue notification for invoice INV-1000 (1 days overdue)
Backend CI	Run tests	2026-03-17T02:41:37.3580051Z INFO     app.scheduler.services.notification_creation:notification_creation.py:64 Created overdue notification for invoice INV-6430 (331 days overdue)
Backend CI	Run tests	2026-03-17T02:41:37.3580477Z INFO     app.scheduler.services.notification_creation:notification_creation.py:64 Created overdue notification for invoice INV-3941 (323 days overdue)
Backend CI	Run tests	2026-03-17T02:41:37.3580907Z INFO     app.scheduler.services.notification_creation:notification_creation.py:64 Created overdue notification for invoice INV-8671 (324 days overdue)
Backend CI	Run tests	2026-03-17T02:41:37.3581334Z INFO     app.scheduler.services.notification_creation:notification_creation.py:64 Created overdue notification for invoice INV-7405 (210 days overdue)
Backend CI	Run tests	2026-03-17T02:41:37.3581873Z INFO     app.scheduler.services.notification_creation:notification_creation.py:64 Created overdue notification for invoice INV-5341 (41 days overdue)
Backend CI	Run tests	2026-03-17T02:41:37.3582303Z INFO     app.scheduler.services.notification_creation:notification_creation.py:64 Created overdue notification for invoice INV-4946 (295 days overdue)
Backend CI	Run tests	2026-03-17T02:41:37.3582849Z INFO     app.scheduler.services.notification_creation:notification_creation.py:64 Created overdue notification for invoice INV-4618 (210 days overdue)
Backend CI	Run tests	2026-03-17T02:41:37.3583270Z INFO     app.scheduler.services.notification_creation:notification_creation.py:64 Created overdue notification for invoice INV-1000 (1 days overdue)
Backend CI	Run tests	2026-03-17T02:41:37.3583697Z INFO     app.scheduler.services.notification_creation:notification_creation.py:64 Created overdue notification for invoice INV-6430 (331 days overdue)
Backend CI	Run tests	2026-03-17T02:41:37.3584135Z INFO     app.scheduler.services.notification_creation:notification_creation.py:64 Created overdue notification for invoice INV-3941 (323 days overdue)
Backend CI	Run tests	2026-03-17T02:41:37.3584562Z INFO     app.scheduler.services.notification_creation:notification_creation.py:64 Created overdue notification for invoice INV-9130 (113 days overdue)
Backend CI	Run tests	2026-03-17T02:41:37.3585103Z INFO     app.scheduler.services.notification_creation:notification_creation.py:64 Created overdue notification for invoice INV-5277 (11 days overdue)
Backend CI	Run tests	2026-03-17T02:41:37.3585538Z INFO     app.scheduler.services.notification_creation:notification_creation.py:64 Created overdue notification for invoice INV-9478 (198 days overdue)
Backend CI	Run tests	2026-03-17T02:41:37.3585963Z INFO     app.scheduler.services.notification_creation:notification_creation.py:64 Created overdue notification for invoice INV-5873 (148 days overdue)
Backend CI	Run tests	2026-03-17T02:41:37.3586393Z INFO     app.scheduler.services.notification_creation:notification_creation.py:64 Created overdue notification for invoice INV-2922 (43 days overdue)
Backend CI	Run tests	2026-03-17T02:41:37.3586819Z INFO     app.scheduler.services.notification_creation:notification_creation.py:64 Created overdue notification for invoice INV-1000 (1 days overdue)
Backend CI	Run tests	2026-03-17T02:41:37.3587246Z INFO     app.scheduler.services.notification_creation:notification_creation.py:64 Created overdue notification for invoice INV-8463 (33 days overdue)
Backend CI	Run tests	2026-03-17T02:41:37.3587672Z INFO     app.scheduler.services.notification_creation:notification_creation.py:64 Created overdue notification for invoice INV-8431 (54 days overdue)
Backend CI	Run tests	2026-03-17T02:41:37.3588101Z INFO     app.scheduler.services.notification_creation:notification_creation.py:64 Created overdue notification for invoice INV-4602 (232 days overdue)
Backend CI	Run tests	2026-03-17T02:41:37.3588523Z INFO     app.scheduler.services.notification_creation:notification_creation.py:64 Created overdue notification for invoice INV-4597 (36 days overdue)
Backend CI	Run tests	2026-03-17T02:41:37.3588948Z INFO     app.scheduler.services.notification_creation:notification_creation.py:64 Created overdue notification for invoice INV-9130 (113 days overdue)
Backend CI	Run tests	2026-03-17T02:41:37.3589376Z INFO     app.scheduler.services.notification_creation:notification_creation.py:64 Created overdue notification for invoice INV-5277 (11 days overdue)
Backend CI	Run tests	2026-03-17T02:41:37.3589801Z INFO     app.scheduler.services.notification_creation:notification_creation.py:64 Created overdue notification for invoice INV-9478 (198 days overdue)
Backend CI	Run tests	2026-03-17T02:41:37.3590236Z INFO     app.scheduler.services.notification_creation:notification_creation.py:64 Created overdue notification for invoice INV-5873 (148 days overdue)
Backend CI	Run tests	2026-03-17T02:41:37.3590663Z INFO     app.scheduler.services.notification_creation:notification_creation.py:64 Created overdue notification for invoice INV-2922 (43 days overdue)
Backend CI	Run tests	2026-03-17T02:41:37.3591088Z INFO     app.scheduler.services.notification_creation:notification_creation.py:64 Created overdue notification for invoice INV-1000 (1 days overdue)
Backend CI	Run tests	2026-03-17T02:41:37.3591511Z INFO     app.scheduler.services.notification_creation:notification_creation.py:64 Created overdue notification for invoice INV-8463 (33 days overdue)
Backend CI	Run tests	2026-03-17T02:41:37.3592043Z INFO     app.scheduler.services.notification_creation:notification_creation.py:64 Created overdue notification for invoice INV-8431 (54 days overdue)
Backend CI	Run tests	2026-03-17T02:41:37.3592479Z INFO     app.scheduler.services.notification_creation:notification_creation.py:64 Created overdue notification for invoice INV-4602 (232 days overdue)
Backend CI	Run tests	2026-03-17T02:41:37.3593005Z INFO     app.scheduler.services.notification_creation:notification_creation.py:64 Created overdue notification for invoice INV-4597 (36 days overdue)
Backend CI	Run tests	2026-03-17T02:41:37.3593444Z INFO     app.scheduler.services.notification_creation:notification_creation.py:64 Created overdue notification for invoice INV-9352 (315 days overdue)
Backend CI	Run tests	2026-03-17T02:41:37.3593881Z INFO     app.scheduler.services.notification_creation:notification_creation.py:64 Created overdue notification for invoice INV-7387 (15 days overdue)
Backend CI	Run tests	2026-03-17T02:41:37.3594319Z INFO     app.scheduler.services.notification_creation:notification_creation.py:64 Created overdue notification for invoice INV-3132 (162 days overdue)
Backend CI	Run tests	2026-03-17T02:41:37.3594749Z INFO     app.scheduler.services.notification_creation:notification_creation.py:64 Created overdue notification for invoice INV-3819 (96 days overdue)
Backend CI	Run tests	2026-03-17T02:41:37.3595283Z INFO     app.scheduler.services.notification_creation:notification_creation.py:64 Created overdue notification for invoice INV-6552 (90 days overdue)
Backend CI	Run tests	2026-03-17T02:41:37.3595721Z INFO     app.scheduler.services.notification_creation:notification_creation.py:64 Created overdue notification for invoice INV-1000 (1 days overdue)
Backend CI	Run tests	2026-03-17T02:41:37.3596149Z INFO     app.scheduler.services.notification_creation:notification_creation.py:64 Created overdue notification for invoice INV-9352 (315 days overdue)
Backend CI	Run tests	2026-03-17T02:41:37.3596574Z INFO     app.scheduler.services.notification_creation:notification_creation.py:64 Created overdue notification for invoice INV-7387 (15 days overdue)
Backend CI	Run tests	2026-03-17T02:41:37.3597006Z INFO     app.scheduler.services.notification_creation:notification_creation.py:64 Created overdue notification for invoice INV-3132 (162 days overdue)
Backend CI	Run tests	2026-03-17T02:41:37.3597425Z INFO     app.scheduler.services.notification_creation:notification_creation.py:64 Created overdue notification for invoice INV-3819 (96 days overdue)
Backend CI	Run tests	2026-03-17T02:41:37.3597859Z INFO     app.scheduler.services.notification_creation:notification_creation.py:64 Created overdue notification for invoice INV-6552 (90 days overdue)
Backend CI	Run tests	2026-03-17T02:41:37.3598278Z INFO     app.scheduler.services.notification_creation:notification_creation.py:64 Created overdue notification for invoice INV-1000 (1 days overdue)
Backend CI	Run tests	2026-03-17T02:41:37.3598707Z INFO     app.scheduler.services.notification_creation:notification_creation.py:64 Created overdue notification for invoice INV-8791 (26 days overdue)
Backend CI	Run tests	2026-03-17T02:41:37.3599131Z INFO     app.scheduler.services.notification_creation:notification_creation.py:64 Created overdue notification for invoice INV-9241 (265 days overdue)
Backend CI	Run tests	2026-03-17T02:41:37.3599559Z INFO     app.scheduler.services.notification_creation:notification_creation.py:64 Created overdue notification for invoice INV-3257 (302 days overdue)
Backend CI	Run tests	2026-03-17T02:41:37.3599988Z INFO     app.scheduler.services.notification_creation:notification_creation.py:64 Created overdue notification for invoice INV-4859 (31 days overdue)
Backend CI	Run tests	2026-03-17T02:41:37.3600413Z INFO     app.scheduler.services.notification_creation:notification_creation.py:64 Created overdue notification for invoice INV-2514 (283 days overdue)
Backend CI	Run tests	2026-03-17T02:41:37.3600838Z INFO     app.scheduler.services.notification_creation:notification_creation.py:64 Created overdue notification for invoice INV-1000 (1 days overdue)
Backend CI	Run tests	2026-03-17T02:41:37.3601258Z INFO     app.scheduler.services.notification_creation:notification_creation.py:64 Created overdue notification for invoice INV-7831 (51 days overdue)
Backend CI	Run tests	2026-03-17T02:41:37.3601819Z INFO     app.scheduler.services.notification_creation:notification_creation.py:64 Created overdue notification for invoice INV-9999 (193 days overdue)
Backend CI	Run tests	2026-03-17T02:41:37.3602240Z INFO     app.scheduler.services.notification_creation:notification_creation.py:64 Created overdue notification for invoice INV-8791 (26 days overdue)
Backend CI	Run tests	2026-03-17T02:41:37.3602793Z INFO     app.scheduler.services.notification_creation:notification_creation.py:64 Created overdue notification for invoice INV-9241 (265 days overdue)
Backend CI	Run tests	2026-03-17T02:41:37.3603229Z INFO     app.scheduler.services.notification_creation:notification_creation.py:64 Created overdue notification for invoice INV-3257 (302 days overdue)
Backend CI	Run tests	2026-03-17T02:41:37.3603652Z INFO     app.scheduler.services.notification_creation:notification_creation.py:64 Created overdue notification for invoice INV-4859 (31 days overdue)
Backend CI	Run tests	2026-03-17T02:41:37.3604082Z INFO     app.scheduler.services.notification_creation:notification_creation.py:64 Created overdue notification for invoice INV-2514 (283 days overdue)
Backend CI	Run tests	2026-03-17T02:41:37.3604504Z INFO     app.scheduler.services.notification_creation:notification_creation.py:64 Created overdue notification for invoice INV-1000 (1 days overdue)
Backend CI	Run tests	2026-03-17T02:41:37.3604931Z INFO     app.scheduler.services.notification_creation:notification_creation.py:64 Created overdue notification for invoice INV-7831 (51 days overdue)
Backend CI	Run tests	2026-03-17T02:41:37.3605514Z INFO     app.scheduler.services.notification_creation:notification_creation.py:64 Created overdue notification for invoice INV-9999 (193 days overdue)
Backend CI	Run tests	2026-03-17T02:41:37.3605940Z INFO     app.scheduler.services.notification_creation:notification_creation.py:64 Created overdue notification for invoice INV-3753 (338 days overdue)
Backend CI	Run tests	2026-03-17T02:41:37.3606371Z INFO     app.scheduler.services.notification_creation:notification_creation.py:64 Created overdue notification for invoice INV-9999 (223 days overdue)
Backend CI	Run tests	2026-03-17T02:41:37.3606796Z INFO     app.scheduler.services.notification_creation:notification_creation.py:64 Created overdue notification for invoice INV-7961 (317 days overdue)
Backend CI	Run tests	2026-03-17T02:41:37.3607227Z INFO     app.scheduler.services.notification_creation:notification_creation.py:64 Created overdue notification for invoice INV-4307 (27 days overdue)
Backend CI	Run tests	2026-03-17T02:41:37.3607653Z INFO     app.scheduler.services.notification_creation:notification_creation.py:64 Created overdue notification for invoice INV-1001 (32 days overdue)
Backend CI	Run tests	2026-03-17T02:41:37.3608074Z INFO     app.scheduler.services.notification_creation:notification_creation.py:64 Created overdue notification for invoice INV-1000 (1 days overdue)
Backend CI	Run tests	2026-03-17T02:41:37.3608503Z INFO     app.scheduler.services.notification_creation:notification_creation.py:64 Created overdue notification for invoice INV-1954 (361 days overdue)
Backend CI	Run tests	2026-03-17T02:41:37.3608930Z INFO     app.scheduler.services.notification_creation:notification_creation.py:64 Created overdue notification for invoice INV-7511 (116 days overdue)
Backend CI	Run tests	2026-03-17T02:41:37.3609359Z INFO     app.scheduler.services.notification_creation:notification_creation.py:64 Created overdue notification for invoice INV-9999 (110 days overdue)
Backend CI	Run tests	2026-03-17T02:41:37.3609789Z INFO     app.scheduler.services.notification_creation:notification_creation.py:64 Created overdue notification for invoice INV-7130 (63 days overdue)
Backend CI	Run tests	2026-03-17T02:41:37.3610230Z INFO     app.scheduler.services.notification_creation:notification_creation.py:64 Created overdue notification for invoice INV-3753 (338 days overdue)
Backend CI	Run tests	2026-03-17T02:41:37.3610657Z INFO     app.scheduler.services.notification_creation:notification_creation.py:64 Created overdue notification for invoice INV-9999 (223 days overdue)
Backend CI	Run tests	2026-03-17T02:41:37.3611083Z INFO     app.scheduler.services.notification_creation:notification_creation.py:64 Created overdue notification for invoice INV-7961 (317 days overdue)
Backend CI	Run tests	2026-03-17T02:41:37.3611510Z INFO     app.scheduler.services.notification_creation:notification_creation.py:64 Created overdue notification for invoice INV-4307 (27 days overdue)
Backend CI	Run tests	2026-03-17T02:41:37.3612038Z INFO     app.scheduler.services.notification_creation:notification_creation.py:64 Created overdue notification for invoice INV-1001 (32 days overdue)
Backend CI	Run tests	2026-03-17T02:41:37.3612462Z INFO     app.scheduler.services.notification_creation:notification_creation.py:64 Created overdue notification for invoice INV-1000 (1 days overdue)
Backend CI	Run tests	2026-03-17T02:41:37.3612996Z INFO     app.scheduler.services.notification_creation:notification_creation.py:64 Created overdue notification for invoice INV-1954 (361 days overdue)
Backend CI	Run tests	2026-03-17T02:41:37.3613426Z INFO     app.scheduler.services.notification_creation:notification_creation.py:64 Created overdue notification for invoice INV-7511 (116 days overdue)
Backend CI	Run tests	2026-03-17T02:41:37.3613961Z INFO     app.scheduler.services.notification_creation:notification_creation.py:64 Created overdue notification for invoice INV-9999 (110 days overdue)
Backend CI	Run tests	2026-03-17T02:41:37.3614386Z INFO     app.scheduler.services.notification_creation:notification_creation.py:64 Created overdue notification for invoice INV-7130 (63 days overdue)
Backend CI	Run tests	2026-03-17T02:41:37.3614824Z INFO     app.scheduler.services.notification_creation:notification_creation.py:64 Created overdue notification for invoice INV-1001 (37 days overdue)
Backend CI	Run tests	2026-03-17T02:41:37.3615251Z INFO     app.scheduler.services.notification_creation:notification_creation.py:64 Created overdue notification for invoice INV-2740 (131 days overdue)
Backend CI	Run tests	2026-03-17T02:41:37.3615810Z INFO     app.scheduler.services.notification_creation:notification_creation.py:64 Created overdue notification for invoice INV-7021 (230 days overdue)
Backend CI	Run tests	2026-03-17T02:41:37.3616232Z INFO     app.scheduler.services.notification_creation:notification_creation.py:64 Created overdue notification for invoice INV-3832 (23 days overdue)
Backend CI	Run tests	2026-03-17T02:41:37.3616658Z INFO     app.scheduler.services.notification_creation:notification_creation.py:64 Created overdue notification for invoice INV-2182 (186 days overdue)
Backend CI	Run tests	2026-03-17T02:41:37.3617083Z INFO     app.scheduler.services.notification_creation:notification_creation.py:64 Created overdue notification for invoice INV-1000 (1 days overdue)
Backend CI	Run tests	2026-03-17T02:41:37.3617511Z INFO     app.scheduler.services.notification_creation:notification_creation.py:64 Created overdue notification for invoice INV-9117 (19 days overdue)
Backend CI	Run tests	2026-03-17T02:41:37.3617945Z INFO     app.scheduler.services.notification_creation:notification_creation.py:64 Created overdue notification for invoice INV-1571 (142 days overdue)
Backend CI	Run tests	2026-03-17T02:41:37.3618370Z INFO     app.scheduler.services.notification_creation:notification_creation.py:64 Created overdue notification for invoice INV-2485 (290 days overdue)
Backend CI	Run tests	2026-03-17T02:41:37.3618800Z INFO     app.scheduler.services.notification_creation:notification_creation.py:64 Created overdue notification for invoice INV-2524 (351 days overdue)
Backend CI	Run tests	2026-03-17T02:41:37.3619221Z INFO     app.scheduler.services.notification_creation:notification_creation.py:64 Created overdue notification for invoice INV-1001 (37 days overdue)
Backend CI	Run tests	2026-03-17T02:41:37.3619650Z INFO     app.scheduler.services.notification_creation:notification_creation.py:64 Created overdue notification for invoice INV-2740 (131 days overdue)
Backend CI	Run tests	2026-03-17T02:41:37.3620080Z INFO     app.scheduler.services.notification_creation:notification_creation.py:64 Created overdue notification for invoice INV-7021 (230 days overdue)
Backend CI	Run tests	2026-03-17T02:41:37.3620504Z INFO     app.scheduler.services.notification_creation:notification_creation.py:64 Created overdue notification for invoice INV-3832 (23 days overdue)
Backend CI	Run tests	2026-03-17T02:41:37.3620938Z INFO     app.scheduler.services.notification_creation:notification_creation.py:64 Created overdue notification for invoice INV-2182 (186 days overdue)
Backend CI	Run tests	2026-03-17T02:41:37.3621358Z INFO     app.scheduler.services.notification_creation:notification_creation.py:64 Created overdue notification for invoice INV-1000 (1 days overdue)
Backend CI	Run tests	2026-03-17T02:41:37.3621777Z INFO     app.scheduler.services.notification_creation:notification_creation.py:64 Created overdue notification for invoice INV-9117 (19 days overdue)
Backend CI	Run tests	2026-03-17T02:41:37.3622315Z INFO     app.scheduler.services.notification_creation:notification_creation.py:64 Created overdue notification for invoice INV-1571 (142 days overdue)
Backend CI	Run tests	2026-03-17T02:41:37.3622948Z INFO     app.scheduler.services.notification_creation:notification_creation.py:64 Created overdue notification for invoice INV-2485 (290 days overdue)
Backend CI	Run tests	2026-03-17T02:41:37.3623394Z INFO     app.scheduler.services.notification_creation:notification_creation.py:64 Created overdue notification for invoice INV-2524 (351 days overdue)
Backend CI	Run tests	2026-03-17T02:41:37.3623820Z INFO     app.scheduler.services.notification_creation:notification_creation.py:64 Created overdue notification for invoice INV-4329 (31 days overdue)
Backend CI	Run tests	2026-03-17T02:41:37.3624250Z INFO     app.scheduler.services.notification_creation:notification_creation.py:64 Created overdue notification for invoice INV-3340 (286 days overdue)
Backend CI	Run tests	2026-03-17T02:41:37.3624675Z INFO     app.scheduler.services.notification_creation:notification_creation.py:64 Created overdue notification for invoice INV-7187 (309 days overdue)
Backend CI	Run tests	2026-03-17T02:41:37.3625105Z INFO     app.scheduler.services.notification_creation:notification_creation.py:64 Created overdue notification for invoice INV-1001 (223 days overdue)
Backend CI	Run tests	2026-03-17T02:41:37.3625530Z INFO     app.scheduler.services.notification_creation:notification_creation.py:64 Created overdue notification for invoice INV-4018 (56 days overdue)
Backend CI	Run tests	2026-03-17T02:41:37.3626093Z INFO     app.scheduler.services.notification_creation:notification_creation.py:64 Created overdue notification for invoice INV-1000 (1 days overdue)
Backend CI	Run tests	2026-03-17T02:41:37.3626521Z INFO     app.scheduler.services.notification_creation:notification_creation.py:64 Created overdue notification for invoice INV-8941 (16 days overdue)
Backend CI	Run tests	2026-03-17T02:41:37.3626945Z INFO     app.scheduler.services.notification_creation:notification_creation.py:64 Created overdue notification for invoice INV-4329 (31 days overdue)
Backend CI	Run tests	2026-03-17T02:41:37.3627376Z INFO     app.scheduler.services.notification_creation:notification_creation.py:64 Created overdue notification for invoice INV-3340 (286 days overdue)
Backend CI	Run tests	2026-03-17T02:41:37.3627811Z INFO     app.scheduler.services.notification_creation:notification_creation.py:64 Created overdue notification for invoice INV-7187 (309 days overdue)
Backend CI	Run tests	2026-03-17T02:41:37.3628243Z INFO     app.scheduler.services.notification_creation:notification_creation.py:64 Created overdue notification for invoice INV-1001 (223 days overdue)
Backend CI	Run tests	2026-03-17T02:41:37.3628677Z INFO     app.scheduler.services.notification_creation:notification_creation.py:64 Created overdue notification for invoice INV-4018 (56 days overdue)
Backend CI	Run tests	2026-03-17T02:41:37.3629095Z INFO     app.scheduler.services.notification_creation:notification_creation.py:64 Created overdue notification for invoice INV-1000 (1 days overdue)
Backend CI	Run tests	2026-03-17T02:41:37.3629522Z INFO     app.scheduler.services.notification_creation:notification_creation.py:64 Created overdue notification for invoice INV-8941 (16 days overdue)
Backend CI	Run tests	2026-03-17T02:41:37.3629946Z INFO     app.scheduler.services.notification_creation:notification_creation.py:64 Created overdue notification for invoice INV-9592 (51 days overdue)
Backend CI	Run tests	2026-03-17T02:41:37.3630366Z INFO     app.scheduler.services.notification_creation:notification_creation.py:64 Created overdue notification for invoice INV-8670 (81 days overdue)
Backend CI	Run tests	2026-03-17T02:41:37.3630799Z INFO     app.scheduler.services.notification_creation:notification_creation.py:64 Created overdue notification for invoice INV-2910 (237 days overdue)
Backend CI	Run tests	2026-03-17T02:41:37.3631232Z INFO     app.scheduler.services.notification_creation:notification_creation.py:64 Created overdue notification for invoice INV-5828 (140 days overdue)
Backend CI	Run tests	2026-03-17T02:41:37.3631660Z INFO     app.scheduler.services.notification_creation:notification_creation.py:64 Created overdue notification for invoice INV-9010 (161 days overdue)
Backend CI	Run tests	2026-03-17T02:41:37.3632077Z INFO     app.scheduler.services.notification_creation:notification_creation.py:64 Created overdue notification for invoice INV-1000 (1 days overdue)
Backend CI	Run tests	2026-03-17T02:41:37.3632612Z INFO     app.scheduler.services.notification_creation:notification_creation.py:64 Created overdue notification for invoice INV-8688 (239 days overdue)
Backend CI	Run tests	2026-03-17T02:41:37.3633178Z INFO     app.scheduler.services.notification_creation:notification_creation.py:64 Created overdue notification for invoice INV-3319 (128 days overdue)
Backend CI	Run tests	2026-03-17T02:41:37.3633614Z INFO     app.scheduler.services.notification_creation:notification_creation.py:64 Created overdue notification for invoice INV-8898 (163 days overdue)
Backend CI	Run tests	2026-03-17T02:41:37.3634040Z INFO     app.scheduler.services.notification_creation:notification_creation.py:64 Created overdue notification for invoice INV-5812 (66 days overdue)
Backend CI	Run tests	2026-03-17T02:41:37.3634461Z INFO     app.scheduler.services.notification_creation:notification_creation.py:64 Created overdue notification for invoice INV-9592 (51 days overdue)
Backend CI	Run tests	2026-03-17T02:41:37.3634888Z INFO     app.scheduler.services.notification_creation:notification_creation.py:64 Created overdue notification for invoice INV-8670 (81 days overdue)
Backend CI	Run tests	2026-03-17T02:41:37.3635347Z INFO     app.scheduler.services.notification_creation:notification_creation.py:64 Created overdue notification for invoice INV-2910 (237 days overdue)
Backend CI	Run tests	2026-03-17T02:41:37.3635933Z INFO     app.scheduler.services.notification_creation:notification_creation.py:64 Created overdue notification for invoice INV-5828 (140 days overdue)
Backend CI	Run tests	2026-03-17T02:41:37.3636363Z INFO     app.scheduler.services.notification_creation:notification_creation.py:64 Created overdue notification for invoice INV-9010 (161 days overdue)
Backend CI	Run tests	2026-03-17T02:41:37.3636785Z INFO     app.scheduler.services.notification_creation:notification_creation.py:64 Created overdue notification for invoice INV-1000 (1 days overdue)
Backend CI	Run tests	2026-03-17T02:41:37.3637216Z INFO     app.scheduler.services.notification_creation:notification_creation.py:64 Created overdue notification for invoice INV-8688 (239 days overdue)
Backend CI	Run tests	2026-03-17T02:41:37.3637646Z INFO     app.scheduler.services.notification_creation:notification_creation.py:64 Created overdue notification for invoice INV-3319 (128 days overdue)
Backend CI	Run tests	2026-03-17T02:41:37.3638073Z INFO     app.scheduler.services.notification_creation:notification_creation.py:64 Created overdue notification for invoice INV-8898 (163 days overdue)
Backend CI	Run tests	2026-03-17T02:41:37.3638499Z INFO     app.scheduler.services.notification_creation:notification_creation.py:64 Created overdue notification for invoice INV-5812 (66 days overdue)
Backend CI	Run tests	2026-03-17T02:41:37.3638921Z INFO     app.scheduler.services.notification_creation:notification_creation.py:64 Created overdue notification for invoice INV-2162 (53 days overdue)
Backend CI	Run tests	2026-03-17T02:41:37.3639350Z INFO     app.scheduler.services.notification_creation:notification_creation.py:64 Created overdue notification for invoice INV-1003 (170 days overdue)
Backend CI	Run tests	2026-03-17T02:41:37.3639774Z INFO     app.scheduler.services.notification_creation:notification_creation.py:64 Created overdue notification for invoice INV-8893 (169 days overdue)
Backend CI	Run tests	2026-03-17T02:41:37.3640208Z INFO     app.scheduler.services.notification_creation:notification_creation.py:64 Created overdue notification for invoice INV-4009 (266 days overdue)
Backend CI	Run tests	2026-03-17T02:41:37.3640634Z INFO     app.scheduler.services.notification_creation:notification_creation.py:64 Created overdue notification for invoice INV-4630 (247 days overdue)
Backend CI	Run tests	2026-03-17T02:41:37.3641057Z INFO     app.scheduler.services.notification_creation:notification_creation.py:64 Created overdue notification for invoice INV-1000 (1 days overdue)
Backend CI	Run tests	2026-03-17T02:41:37.3641481Z INFO     app.scheduler.services.notification_creation:notification_creation.py:64 Created overdue notification for invoice INV-9872 (1 days overdue)
Backend CI	Run tests	2026-03-17T02:41:37.3641901Z INFO     app.scheduler.services.notification_creation:notification_creation.py:64 Created overdue notification for invoice INV-2162 (53 days overdue)
Backend CI	Run tests	2026-03-17T02:41:37.3642331Z INFO     app.scheduler.services.notification_creation:notification_creation.py:64 Created overdue notification for invoice INV-1003 (170 days overdue)
Backend CI	Run tests	2026-03-17T02:41:37.3642999Z INFO     app.scheduler.services.notification_creation:notification_creation.py:64 Created overdue notification for invoice INV-8893 (169 days overdue)
Backend CI	Run tests	2026-03-17T02:41:37.3643439Z INFO     app.scheduler.services.notification_creation:notification_creation.py:64 Created overdue notification for invoice INV-4009 (266 days overdue)
Backend CI	Run tests	2026-03-17T02:41:37.3643865Z INFO     app.scheduler.services.notification_creation:notification_creation.py:64 Created overdue notification for invoice INV-4630 (247 days overdue)
Backend CI	Run tests	2026-03-17T02:41:37.3644284Z INFO     app.scheduler.services.notification_creation:notification_creation.py:64 Created overdue notification for invoice INV-1000 (1 days overdue)
Backend CI	Run tests	2026-03-17T02:41:37.3644710Z INFO     app.scheduler.services.notification_creation:notification_creation.py:64 Created overdue notification for invoice INV-9872 (1 days overdue)
Backend CI	Run tests	2026-03-17T02:41:37.3645145Z INFO     app.scheduler.services.notification_creation:notification_creation.py:64 Created overdue notification for invoice INV-5229 (101 days overdue)
Backend CI	Run tests	2026-03-17T02:41:37.3645569Z INFO     app.scheduler.services.notification_creation:notification_creation.py:64 Created overdue notification for invoice INV-7871 (1 days overdue)
Backend CI	Run tests	2026-03-17T02:41:37.3646115Z INFO     app.scheduler.services.notification_creation:notification_creation.py:64 Created overdue notification for invoice INV-6085 (358 days overdue)
Backend CI	Run tests	2026-03-17T02:41:37.3646539Z INFO     app.scheduler.services.notification_creation:notification_creation.py:64 Created overdue notification for invoice INV-1177 (1 days overdue)
Backend CI	Run tests	2026-03-17T02:41:37.3646965Z INFO     app.scheduler.services.notification_creation:notification_creation.py:64 Created overdue notification for invoice INV-7406 (125 days overdue)
Backend CI	Run tests	2026-03-17T02:41:37.3647383Z INFO     app.scheduler.services.notification_creation:notification_creation.py:64 Created overdue notification for invoice INV-1000 (1 days overdue)
Backend CI	Run tests	2026-03-17T02:41:37.3647816Z INFO     app.scheduler.services.notification_creation:notification_creation.py:64 Created overdue notification for invoice INV-8808 (186 days overdue)
Backend CI	Run tests	2026-03-17T02:41:37.3648241Z INFO     app.scheduler.services.notification_creation:notification_creation.py:64 Created overdue notification for invoice INV-4324 (165 days overdue)
Backend CI	Run tests	2026-03-17T02:41:37.3648672Z INFO     app.scheduler.services.notification_creation:notification_creation.py:64 Created overdue notification for invoice INV-4475 (62 days overdue)
Backend CI	Run tests	2026-03-17T02:41:37.3649101Z INFO     app.scheduler.services.notification_creation:notification_creation.py:64 Created overdue notification for invoice INV-5229 (101 days overdue)
Backend CI	Run tests	2026-03-17T02:41:37.3649522Z INFO     app.scheduler.services.notification_creation:notification_creation.py:64 Created overdue notification for invoice INV-7871 (1 days overdue)
Backend CI	Run tests	2026-03-17T02:41:37.3649949Z INFO     app.scheduler.services.notification_creation:notification_creation.py:64 Created overdue notification for invoice INV-6085 (358 days overdue)
Backend CI	Run tests	2026-03-17T02:41:37.3650374Z INFO     app.scheduler.services.notification_creation:notification_creation.py:64 Created overdue notification for invoice INV-1177 (1 days overdue)
Backend CI	Run tests	2026-03-17T02:41:37.3650806Z INFO     app.scheduler.services.notification_creation:notification_creation.py:64 Created overdue notification for invoice INV-7406 (125 days overdue)
Backend CI	Run tests	2026-03-17T02:41:37.3651230Z INFO     app.scheduler.services.notification_creation:notification_creation.py:64 Created overdue notification for invoice INV-1000 (1 days overdue)
Backend CI	Run tests	2026-03-17T02:41:37.3651661Z INFO     app.scheduler.services.notification_creation:notification_creation.py:64 Created overdue notification for invoice INV-8808 (186 days overdue)
Backend CI	Run tests	2026-03-17T02:41:37.3652088Z INFO     app.scheduler.services.notification_creation:notification_creation.py:64 Created overdue notification for invoice INV-4324 (165 days overdue)
Backend CI	Run tests	2026-03-17T02:41:37.3652512Z INFO     app.scheduler.services.notification_creation:notification_creation.py:64 Created overdue notification for invoice INV-4475 (62 days overdue)
Backend CI	Run tests	2026-03-17T02:41:37.3653173Z INFO     app.scheduler.services.notification_creation:notification_creation.py:64 Created overdue notification for invoice INV-3330 (205 days overdue)
Backend CI	Run tests	2026-03-17T02:41:37.3653608Z INFO     app.scheduler.services.notification_creation:notification_creation.py:64 Created overdue notification for invoice INV-3173 (132 days overdue)
Backend CI	Run tests	2026-03-17T02:41:37.3654035Z INFO     app.scheduler.services.notification_creation:notification_creation.py:64 Created overdue notification for invoice INV-2036 (290 days overdue)
Backend CI	Run tests	2026-03-17T02:41:37.3654456Z INFO     app.scheduler.services.notification_creation:notification_creation.py:64 Created overdue notification for invoice INV-9999 (52 days overdue)
Backend CI	Run tests	2026-03-17T02:41:37.3654882Z INFO     app.scheduler.services.notification_creation:notification_creation.py:64 Created overdue notification for invoice INV-3673 (351 days overdue)
Backend CI	Run tests	2026-03-17T02:41:37.3655312Z INFO     app.scheduler.services.notification_creation:notification_creation.py:64 Created overdue notification for invoice INV-9999 (97 days overdue)
Backend CI	Run tests	2026-03-17T02:41:37.3655745Z INFO     app.scheduler.services.notification_creation:notification_creation.py:64 Created overdue notification for invoice INV-9998 (216 days overdue)
Backend CI	Run tests	2026-03-17T02:41:37.3656287Z INFO     app.scheduler.services.notification_creation:notification_creation.py:64 Created overdue notification for invoice INV-4153 (328 days overdue)
Backend CI	Run tests	2026-03-17T02:41:37.3656720Z INFO     app.scheduler.services.notification_creation:notification_creation.py:64 Created overdue notification for invoice INV-6867 (343 days overdue)
Backend CI	Run tests	2026-03-17T02:41:37.3657155Z INFO     app.scheduler.services.notification_creation:notification_creation.py:64 Created overdue notification for invoice INV-4463 (210 days overdue)
Backend CI	Run tests	2026-03-17T02:41:37.3657577Z INFO     app.scheduler.services.notification_creation:notification_creation.py:64 Created overdue notification for invoice INV-1000 (1 days overdue)
Backend CI	Run tests	2026-03-17T02:41:37.3658009Z INFO     app.scheduler.services.notification_creation:notification_creation.py:64 Created overdue notification for invoice INV-9999 (355 days overdue)
Backend CI	Run tests	2026-03-17T02:41:37.3658437Z INFO     app.scheduler.services.notification_creation:notification_creation.py:64 Created overdue notification for invoice INV-9999 (97 days overdue)
Backend CI	Run tests	2026-03-17T02:41:37.3658866Z INFO     app.scheduler.services.notification_creation:notification_creation.py:64 Created overdue notification for invoice INV-9998 (216 days overdue)
Backend CI	Run tests	2026-03-17T02:41:37.3659296Z INFO     app.scheduler.services.notification_creation:notification_creation.py:64 Created overdue notification for invoice INV-4153 (328 days overdue)
Backend CI	Run tests	2026-03-17T02:41:37.3659722Z INFO     app.scheduler.services.notification_creation:notification_creation.py:64 Created overdue notification for invoice INV-6867 (343 days overdue)
Backend CI	Run tests	2026-03-17T02:41:37.3660154Z INFO     app.scheduler.services.notification_creation:notification_creation.py:64 Created overdue notification for invoice INV-4463 (210 days overdue)
Backend CI	Run tests	2026-03-17T02:41:37.3660577Z INFO     app.scheduler.services.notification_creation:notification_creation.py:64 Created overdue notification for invoice INV-1000 (1 days overdue)
Backend CI	Run tests	2026-03-17T02:41:37.3661008Z INFO     app.scheduler.services.notification_creation:notification_creation.py:64 Created overdue notification for invoice INV-9999 (355 days overdue)
Backend CI	Run tests	2026-03-17T02:41:37.3661438Z INFO     app.scheduler.services.notification_creation:notification_creation.py:64 Created overdue notification for invoice INV-1626 (32 days overdue)
Backend CI	Run tests	2026-03-17T02:41:37.3661859Z INFO     app.scheduler.services.notification_creation:notification_creation.py:64 Created overdue notification for invoice INV-1972 (2 days overdue)
Backend CI	Run tests	2026-03-17T02:41:37.3662286Z INFO     app.scheduler.services.notification_creation:notification_creation.py:64 Created overdue notification for invoice INV-4131 (83 days overdue)
Backend CI	Run tests	2026-03-17T02:41:37.3662925Z INFO     app.scheduler.services.notification_creation:notification_creation.py:64 Created overdue notification for invoice INV-2799 (175 days overdue)
Backend CI	Run tests	2026-03-17T02:41:37.3663355Z INFO     app.scheduler.services.notification_creation:notification_creation.py:64 Created overdue notification for invoice INV-5073 (231 days overdue)
Backend CI	Run tests	2026-03-17T02:41:37.3663787Z INFO     app.scheduler.services.notification_creation:notification_creation.py:64 Created overdue notification for invoice INV-9999 (10 days overdue)
Backend CI	Run tests	2026-03-17T02:41:37.3664215Z INFO     app.scheduler.services.notification_creation:notification_creation.py:64 Created overdue notification for invoice INV-2573 (342 days overdue)
Backend CI	Run tests	2026-03-17T02:41:37.3664645Z INFO     app.scheduler.services.notification_creation:notification_creation.py:64 Created overdue notification for invoice INV-1000 (340 days overdue)
Backend CI	Run tests	2026-03-17T02:41:37.3665071Z INFO     app.scheduler.services.notification_creation:notification_creation.py:64 Created overdue notification for invoice INV-5566 (276 days overdue)
Backend CI	Run tests	2026-03-17T02:41:37.3665511Z INFO     app.scheduler.services.notification_creation:notification_creation.py:64 Created overdue notification for invoice INV-2695 (205 days overdue)
Backend CI	Run tests	2026-03-17T02:41:37.3665932Z INFO     app.scheduler.services.notification_creation:notification_creation.py:64 Created overdue notification for invoice INV-1000 (1 days overdue)
Backend CI	Run tests	2026-03-17T02:41:37.3666464Z INFO     app.scheduler.services.notification_creation:notification_creation.py:64 Created overdue notification for invoice INV-8878 (329 days overdue)
Backend CI	Run tests	2026-03-17T02:41:37.3666893Z INFO     app.scheduler.services.notification_creation:notification_creation.py:64 Created overdue notification for invoice INV-7409 (69 days overdue)
Backend CI	Run tests	2026-03-17T02:41:37.3667319Z INFO     app.scheduler.services.notification_creation:notification_creation.py:64 Created overdue notification for invoice INV-3404 (278 days overdue)
Backend CI	Run tests	2026-03-17T02:41:37.3667745Z INFO     app.scheduler.services.notification_creation:notification_creation.py:64 Created overdue notification for invoice INV-9999 (10 days overdue)
Backend CI	Run tests	2026-03-17T02:41:37.3668174Z INFO     app.scheduler.services.notification_creation:notification_creation.py:64 Created overdue notification for invoice INV-2573 (342 days overdue)
Backend CI	Run tests	2026-03-17T02:41:37.3668603Z INFO     app.scheduler.services.notification_creation:notification_creation.py:64 Created overdue notification for invoice INV-1000 (340 days overdue)
Backend CI	Run tests	2026-03-17T02:41:37.3669039Z INFO     app.scheduler.services.notification_creation:notification_creation.py:64 Created overdue notification for invoice INV-5566 (276 days overdue)
Backend CI	Run tests	2026-03-17T02:41:37.3669468Z INFO     app.scheduler.services.notification_creation:notification_creation.py:64 Created overdue notification for invoice INV-2695 (205 days overdue)
Backend CI	Run tests	2026-03-17T02:41:37.3669896Z INFO     app.scheduler.services.notification_creation:notification_creation.py:64 Created overdue notification for invoice INV-1000 (1 days overdue)
Backend CI	Run tests	2026-03-17T02:41:37.3670324Z INFO     app.scheduler.services.notification_creation:notification_creation.py:64 Created overdue notification for invoice INV-8878 (329 days overdue)
Backend CI	Run tests	2026-03-17T02:41:37.3670754Z INFO     app.scheduler.services.notification_creation:notification_creation.py:64 Created overdue notification for invoice INV-7409 (69 days overdue)
Backend CI	Run tests	2026-03-17T02:41:37.3671185Z INFO     app.scheduler.services.notification_creation:notification_creation.py:64 Created overdue notification for invoice INV-3404 (278 days overdue)
Backend CI	Run tests	2026-03-17T02:41:37.3671609Z INFO     app.scheduler.services.notification_creation:notification_creation.py:64 Created overdue notification for invoice INV-3705 (359 days overdue)
Backend CI	Run tests	2026-03-17T02:41:37.3672038Z INFO     app.scheduler.services.notification_creation:notification_creation.py:64 Created overdue notification for invoice INV-1433 (347 days overdue)
Backend CI	Run tests	2026-03-17T02:41:37.3672463Z INFO     app.scheduler.services.notification_creation:notification_creation.py:64 Created overdue notification for invoice INV-9125 (227 days overdue)
Backend CI	Run tests	2026-03-17T02:41:37.3673102Z INFO     app.scheduler.services.notification_creation:notification_creation.py:64 Created overdue notification for invoice INV-3314 (155 days overdue)
Backend CI	Run tests	2026-03-17T02:41:37.3673533Z INFO     app.scheduler.services.notification_creation:notification_creation.py:64 Created overdue notification for invoice INV-7660 (361 days overdue)
Backend CI	Run tests	2026-03-17T02:41:37.3673967Z INFO     app.scheduler.services.notification_creation:notification_creation.py:64 Created overdue notification for invoice INV-1000 (1 days overdue)
Backend CI	Run tests	2026-03-17T02:41:37.3674393Z INFO     app.scheduler.services.notification_creation:notification_creation.py:64 Created overdue notification for invoice INV-3705 (359 days overdue)
Backend CI	Run tests	2026-03-17T02:41:37.3674820Z INFO     app.scheduler.services.notification_creation:notification_creation.py:64 Created overdue notification for invoice INV-1433 (347 days overdue)
Backend CI	Run tests	2026-03-17T02:41:37.3675251Z INFO     app.scheduler.services.notification_creation:notification_creation.py:64 Created overdue notification for invoice INV-9125 (227 days overdue)
Backend CI	Run tests	2026-03-17T02:41:37.3675689Z INFO     app.scheduler.services.notification_creation:notification_creation.py:64 Created overdue notification for invoice INV-3314 (155 days overdue)
Backend CI	Run tests	2026-03-17T02:41:37.3676120Z INFO     app.scheduler.services.notification_creation:notification_creation.py:64 Created overdue notification for invoice INV-7660 (361 days overdue)
Backend CI	Run tests	2026-03-17T02:41:37.3676651Z INFO     app.scheduler.services.notification_creation:notification_creation.py:64 Created overdue notification for invoice INV-1000 (1 days overdue)
Backend CI	Run tests	2026-03-17T02:41:37.3677074Z INFO     app.scheduler.services.notification_creation:notification_creation.py:64 Created overdue notification for invoice INV-4888 (55 days overdue)
Backend CI	Run tests	2026-03-17T02:41:37.3677502Z INFO     app.scheduler.services.notification_creation:notification_creation.py:64 Created overdue notification for invoice INV-3765 (38 days overdue)
Backend CI	Run tests	2026-03-17T02:41:37.3677924Z INFO     app.scheduler.services.notification_creation:notification_creation.py:64 Created overdue notification for invoice INV-4679 (58 days overdue)
Backend CI	Run tests	2026-03-17T02:41:37.3678361Z INFO     app.scheduler.services.notification_creation:notification_creation.py:64 Created overdue notification for invoice INV-5712 (29 days overdue)
Backend CI	Run tests	2026-03-17T02:41:37.3678793Z INFO     app.scheduler.services.notification_creation:notification_creation.py:64 Created overdue notification for invoice INV-2250 (353 days overdue)
Backend CI	Run tests	2026-03-17T02:41:37.3679220Z INFO     app.scheduler.services.notification_creation:notification_creation.py:64 Created overdue notification for invoice INV-1000 (78 days overdue)
Backend CI	Run tests	2026-03-17T02:41:37.3679647Z INFO     app.scheduler.services.notification_creation:notification_creation.py:64 Created overdue notification for invoice INV-5037 (208 days overdue)
Backend CI	Run tests	2026-03-17T02:41:37.3680076Z INFO     app.scheduler.services.notification_creation:notification_creation.py:64 Created overdue notification for invoice INV-9717 (149 days overdue)
Backend CI	Run tests	2026-03-17T02:41:37.3680510Z INFO     app.scheduler.services.notification_creation:notification_creation.py:64 Created overdue notification for invoice INV-2415 (174 days overdue)
Backend CI	Run tests	2026-03-17T02:41:37.3680936Z INFO     app.scheduler.services.notification_creation:notification_creation.py:64 Created overdue notification for invoice INV-3145 (102 days overdue)
Backend CI	Run tests	2026-03-17T02:41:37.3681366Z INFO     app.scheduler.services.notification_creation:notification_creation.py:64 Created overdue notification for invoice INV-1000 (1 days overdue)
Backend CI	Run tests	2026-03-17T02:41:37.3681787Z INFO     app.scheduler.services.notification_creation:notification_creation.py:64 Created overdue notification for invoice INV-3714 (1 days overdue)
Backend CI	Run tests	2026-03-17T02:41:37.3682211Z INFO     app.scheduler.services.notification_creation:notification_creation.py:64 Created overdue notification for invoice INV-3352 (122 days overdue)
Backend CI	Run tests	2026-03-17T02:41:37.3682640Z INFO     app.scheduler.services.notification_creation:notification_creation.py:64 Created overdue notification for invoice INV-7382 (352 days overdue)
Backend CI	Run tests	2026-03-17T02:41:37.3683366Z INFO     app.scheduler.services.notification_creation:notification_creation.py:64 Created overdue notification for invoice INV-6414 (328 days overdue)
Backend CI	Run tests	2026-03-17T02:41:37.3683794Z INFO     app.scheduler.services.notification_creation:notification_creation.py:64 Created overdue notification for invoice INV-1000 (78 days overdue)
Backend CI	Run tests	2026-03-17T02:41:37.3684227Z INFO     app.scheduler.services.notification_creation:notification_creation.py:64 Created overdue notification for invoice INV-5037 (208 days overdue)
Backend CI	Run tests	2026-03-17T02:41:37.3684659Z INFO     app.scheduler.services.notification_creation:notification_creation.py:64 Created overdue notification for invoice INV-9717 (149 days overdue)
Backend CI	Run tests	2026-03-17T02:41:37.3685089Z INFO     app.scheduler.services.notification_creation:notification_creation.py:64 Created overdue notification for invoice INV-2415 (174 days overdue)
Backend CI	Run tests	2026-03-17T02:41:37.3685515Z INFO     app.scheduler.services.notification_creation:notification_creation.py:64 Created overdue notification for invoice INV-3145 (102 days overdue)
Backend CI	Run tests	2026-03-17T02:41:37.3685952Z INFO     app.scheduler.services.notification_creation:notification_creation.py:64 Created overdue notification for invoice INV-1000 (1 days overdue)
Backend CI	Run tests	2026-03-17T02:41:37.3686474Z INFO     app.scheduler.services.notification_creation:notification_creation.py:64 Created overdue notification for invoice INV-3714 (1 days overdue)
Backend CI	Run tests	2026-03-17T02:41:37.3686906Z INFO     app.scheduler.services.notification_creation:notification_creation.py:64 Created overdue notification for invoice INV-3352 (122 days overdue)
Backend CI	Run tests	2026-03-17T02:41:37.3687332Z INFO     app.scheduler.services.notification_creation:notification_creation.py:64 Created overdue notification for invoice INV-7382 (352 days overdue)
Backend CI	Run tests	2026-03-17T02:41:37.3687757Z INFO     app.scheduler.services.notification_creation:notification_creation.py:64 Created overdue notification for invoice INV-6414 (328 days overdue)
Backend CI	Run tests	2026-03-17T02:41:37.3688192Z INFO     app.scheduler.services.notification_creation:notification_creation.py:64 Created overdue notification for invoice INV-1163 (192 days overdue)
Backend CI	Run tests	2026-03-17T02:41:37.3688633Z INFO     app.scheduler.services.notification_creation:notification_creation.py:64 Created overdue notification for invoice INV-7721 (123 days overdue)
Backend CI	Run tests	2026-03-17T02:41:37.3689086Z INFO     app.scheduler.services.notification_creation:notification_creation.py:64 Created overdue notification for invoice INV-2677 (274 days overdue)
Backend CI	Run tests	2026-03-17T02:41:37.3689510Z INFO     app.scheduler.services.notification_creation:notification_creation.py:64 Created overdue notification for invoice INV-3381 (253 days overdue)
Backend CI	Run tests	2026-03-17T02:41:37.3689944Z INFO     app.scheduler.services.notification_creation:notification_creation.py:64 Created overdue notification for invoice INV-3451 (216 days overdue)
Backend CI	Run tests	2026-03-17T02:41:37.3690362Z INFO     app.scheduler.services.notification_creation:notification_creation.py:64 Created overdue notification for invoice INV-1000 (1 days overdue)
Backend CI	Run tests	2026-03-17T02:41:37.3690794Z INFO     app.scheduler.services.notification_creation:notification_creation.py:64 Created overdue notification for invoice INV-3868 (324 days overdue)
Backend CI	Run tests	2026-03-17T02:41:37.3691225Z INFO     app.scheduler.services.notification_creation:notification_creation.py:64 Created overdue notification for invoice INV-1163 (192 days overdue)
Backend CI	Run tests	2026-03-17T02:41:37.3691653Z INFO     app.scheduler.services.notification_creation:notification_creation.py:64 Created overdue notification for invoice INV-7721 (123 days overdue)
Backend CI	Run tests	2026-03-17T02:41:37.3692084Z INFO     app.scheduler.services.notification_creation:notification_creation.py:64 Created overdue notification for invoice INV-2677 (274 days overdue)
Backend CI	Run tests	2026-03-17T02:41:37.3692509Z INFO     app.scheduler.services.notification_creation:notification_creation.py:64 Created overdue notification for invoice INV-3381 (253 days overdue)
Backend CI	Run tests	2026-03-17T02:41:37.3693046Z INFO     app.scheduler.services.notification_creation:notification_creation.py:64 Created overdue notification for invoice INV-3451 (216 days overdue)
Backend CI	Run tests	2026-03-17T02:41:37.3693577Z INFO     app.scheduler.services.notification_creation:notification_creation.py:64 Created overdue notification for invoice INV-1000 (1 days overdue)
Backend CI	Run tests	2026-03-17T02:41:37.3694005Z INFO     app.scheduler.services.notification_creation:notification_creation.py:64 Created overdue notification for invoice INV-3868 (324 days overdue)
Backend CI	Run tests	2026-03-17T02:41:37.3694443Z INFO     app.scheduler.services.notification_creation:notification_creation.py:64 Created overdue notification for invoice INV-3577 (179 days overdue)
Backend CI	Run tests	2026-03-17T02:41:37.3694870Z INFO     app.scheduler.services.notification_creation:notification_creation.py:64 Created overdue notification for invoice INV-4082 (205 days overdue)
Backend CI	Run tests	2026-03-17T02:41:37.3695296Z INFO     app.scheduler.services.notification_creation:notification_creation.py:64 Created overdue notification for invoice INV-4489 (2 days overdue)
Backend CI	Run tests	2026-03-17T02:41:37.3695722Z INFO     app.scheduler.services.notification_creation:notification_creation.py:64 Created overdue notification for invoice INV-8435 (105 days overdue)
Backend CI	Run tests	2026-03-17T02:41:37.3696155Z INFO     app.scheduler.services.notification_creation:notification_creation.py:64 Created overdue notification for invoice INV-4068 (297 days overdue)
Backend CI	Run tests	2026-03-17T02:41:37.3696699Z INFO     app.scheduler.services.notification_creation:notification_creation.py:64 Created overdue notification for invoice INV-1000 (1 days overdue)
Backend CI	Run tests	2026-03-17T02:41:37.3697124Z INFO     app.scheduler.services.notification_creation:notification_creation.py:64 Created overdue notification for invoice INV-5019 (140 days overdue)
Backend CI	Run tests	2026-03-17T02:41:37.3697554Z INFO     app.scheduler.services.notification_creation:notification_creation.py:64 Created overdue notification for invoice INV-3042 (263 days overdue)
Backend CI	Run tests	2026-03-17T02:41:37.3697981Z INFO     app.scheduler.services.notification_creation:notification_creation.py:64 Created overdue notification for invoice INV-8591 (288 days overdue)
Backend CI	Run tests	2026-03-17T02:41:37.3698413Z INFO     app.scheduler.services.notification_creation:notification_creation.py:64 Created overdue notification for invoice INV-6851 (36 days overdue)
Backend CI	Run tests	2026-03-17T02:41:37.3698838Z INFO     app.scheduler.services.notification_creation:notification_creation.py:64 Created overdue notification for invoice INV-3577 (179 days overdue)
Backend CI	Run tests	2026-03-17T02:41:37.3699270Z INFO     app.scheduler.services.notification_creation:notification_creation.py:64 Created overdue notification for invoice INV-4082 (205 days overdue)
Backend CI	Run tests	2026-03-17T02:41:37.3699695Z INFO     app.scheduler.services.notification_creation:notification_creation.py:64 Created overdue notification for invoice INV-4489 (2 days overdue)
Backend CI	Run tests	2026-03-17T02:41:37.3700119Z INFO     app.scheduler.services.notification_creation:notification_creation.py:64 Created overdue notification for invoice INV-8435 (105 days overdue)
Backend CI	Run tests	2026-03-17T02:41:37.3700551Z INFO     app.scheduler.services.notification_creation:notification_creation.py:64 Created overdue notification for invoice INV-4068 (297 days overdue)
Backend CI	Run tests	2026-03-17T02:41:37.3700975Z INFO     app.scheduler.services.notification_creation:notification_creation.py:64 Created overdue notification for invoice INV-1000 (1 days overdue)
Backend CI	Run tests	2026-03-17T02:41:37.3701403Z INFO     app.scheduler.services.notification_creation:notification_creation.py:64 Created overdue notification for invoice INV-5019 (140 days overdue)
Backend CI	Run tests	2026-03-17T02:41:37.3701837Z INFO     app.scheduler.services.notification_creation:notification_creation.py:64 Created overdue notification for invoice INV-3042 (263 days overdue)
Backend CI	Run tests	2026-03-17T02:41:37.3702265Z INFO     app.scheduler.services.notification_creation:notification_creation.py:64 Created overdue notification for invoice INV-8591 (288 days overdue)
Backend CI	Run tests	2026-03-17T02:41:37.3702794Z INFO     app.scheduler.services.notification_creation:notification_creation.py:64 Created overdue notification for invoice INV-6851 (36 days overdue)
Backend CI	Run tests	2026-03-17T02:41:37.3703228Z INFO     app.scheduler.services.notification_creation:notification_creation.py:64 Created overdue notification for invoice INV-3892 (205 days overdue)
Backend CI	Run tests	2026-03-17T02:41:37.3703780Z INFO     app.scheduler.services.notification_creation:notification_creation.py:64 Created overdue notification for invoice INV-7320 (141 days overdue)
Backend CI	Run tests	2026-03-17T02:41:37.3704212Z INFO     app.scheduler.services.notification_creation:notification_creation.py:64 Created overdue notification for invoice INV-2824 (330 days overdue)
Backend CI	Run tests	2026-03-17T02:41:37.3704637Z INFO     app.scheduler.services.notification_creation:notification_creation.py:64 Created overdue notification for invoice INV-8175 (311 days overdue)
Backend CI	Run tests	2026-03-17T02:41:37.3705068Z INFO     app.scheduler.services.notification_creation:notification_creation.py:64 Created overdue notification for invoice INV-8688 (285 days overdue)
Backend CI	Run tests	2026-03-17T02:41:37.3705488Z INFO     app.scheduler.services.notification_creation:notification_creation.py:64 Created overdue notification for invoice INV-1000 (1 days overdue)
Backend CI	Run tests	2026-03-17T02:41:37.3705918Z INFO     app.scheduler.services.notification_creation:notification_creation.py:64 Created overdue notification for invoice INV-5388 (31 days overdue)
Backend CI	Run tests	2026-03-17T02:41:37.3706343Z INFO     app.scheduler.services.notification_creation:notification_creation.py:64 Created overdue notification for invoice INV-3892 (205 days overdue)
Backend CI	Run tests	2026-03-17T02:41:37.3706873Z INFO     app.scheduler.services.notification_creation:notification_creation.py:64 Created overdue notification for invoice INV-7320 (141 days overdue)
Backend CI	Run tests	2026-03-17T02:41:37.3707299Z INFO     app.scheduler.services.notification_creation:notification_creation.py:64 Created overdue notification for invoice INV-2824 (330 days overdue)
Backend CI	Run tests	2026-03-17T02:41:37.3707725Z INFO     app.scheduler.services.notification_creation:notification_creation.py:64 Created overdue notification for invoice INV-8175 (311 days overdue)
Backend CI	Run tests	2026-03-17T02:41:37.3708154Z INFO     app.scheduler.services.notification_creation:notification_creation.py:64 Created overdue notification for invoice INV-8688 (285 days overdue)
Backend CI	Run tests	2026-03-17T02:41:37.3708579Z INFO     app.scheduler.services.notification_creation:notification_creation.py:64 Created overdue notification for invoice INV-1000 (1 days overdue)
Backend CI	Run tests	2026-03-17T02:41:37.3709006Z INFO     app.scheduler.services.notification_creation:notification_creation.py:64 Created overdue notification for invoice INV-5388 (31 days overdue)
Backend CI	Run tests	2026-03-17T02:41:37.3709437Z INFO     app.scheduler.services.notification_creation:notification_creation.py:64 Created overdue notification for invoice INV-9326 (153 days overdue)
Backend CI	Run tests	2026-03-17T02:41:37.3709865Z INFO     app.scheduler.services.notification_creation:notification_creation.py:64 Created overdue notification for invoice INV-8100 (313 days overdue)
Backend CI	Run tests	2026-03-17T02:41:37.3710294Z INFO     app.scheduler.services.notification_creation:notification_creation.py:64 Created overdue notification for invoice INV-2316 (64 days overdue)
Backend CI	Run tests	2026-03-17T02:41:37.3710724Z INFO     app.scheduler.services.notification_creation:notification_creation.py:64 Created overdue notification for invoice INV-8854 (254 days overdue)
Backend CI	Run tests	2026-03-17T02:41:37.3711160Z INFO     app.scheduler.services.notification_creation:notification_creation.py:64 Created overdue notification for invoice INV-7262 (347 days overdue)
Backend CI	Run tests	2026-03-17T02:41:37.3711587Z INFO     app.scheduler.services.notification_creation:notification_creation.py:64 Created overdue notification for invoice INV-1000 (1 days overdue)
Backend CI	Run tests	2026-03-17T02:41:37.3712066Z INFO     app.scheduler.services.notification_creation:notification_creation.py:64 Created overdue notification for invoice INV-9792 (59 days overdue)
Backend CI	Run tests	2026-03-17T02:41:37.3712516Z INFO     app.scheduler.services.notification_creation:notification_creation.py:64 Created overdue notification for invoice INV-9326 (153 days overdue)
Backend CI	Run tests	2026-03-17T02:41:37.3713050Z INFO     app.scheduler.services.notification_creation:notification_creation.py:64 Created overdue notification for invoice INV-8100 (313 days overdue)
Backend CI	Run tests	2026-03-17T02:41:37.3713594Z INFO     app.scheduler.services.notification_creation:notification_creation.py:64 Created overdue notification for invoice INV-2316 (64 days overdue)
Backend CI	Run tests	2026-03-17T02:41:37.3714021Z INFO     app.scheduler.services.notification_creation:notification_creation.py:64 Created overdue notification for invoice INV-8854 (254 days overdue)
Backend CI	Run tests	2026-03-17T02:41:37.3714457Z INFO     app.scheduler.services.notification_creation:notification_creation.py:64 Created overdue notification for invoice INV-7262 (347 days overdue)
Backend CI	Run tests	2026-03-17T02:41:37.3714877Z INFO     app.scheduler.services.notification_creation:notification_creation.py:64 Created overdue notification for invoice INV-1000 (1 days overdue)
Backend CI	Run tests	2026-03-17T02:41:37.3715301Z INFO     app.scheduler.services.notification_creation:notification_creation.py:64 Created overdue notification for invoice INV-9792 (59 days overdue)
Backend CI	Run tests	2026-03-17T02:41:37.3715741Z INFO     app.scheduler.services.notification_creation:notification_creation.py:64 Created overdue notification for invoice INV-9214 (314 days overdue)
Backend CI	Run tests	2026-03-17T02:41:37.3716174Z INFO     app.scheduler.services.notification_creation:notification_creation.py:64 Created overdue notification for invoice INV-4960 (273 days overdue)
Backend CI	Run tests	2026-03-17T02:41:37.3716607Z INFO     app.scheduler.services.notification_creation:notification_creation.py:64 Created overdue notification for invoice INV-7577 (211 days overdue)
Backend CI	Run tests	2026-03-17T02:41:37.3717137Z INFO     app.scheduler.services.notification_creation:notification_creation.py:64 Created overdue notification for invoice INV-8423 (340 days overdue)
Backend CI	Run tests	2026-03-17T02:41:37.3717570Z INFO     app.scheduler.services.notification_creation:notification_creation.py:64 Created overdue notification for invoice INV-5463 (235 days overdue)
Backend CI	Run tests	2026-03-17T02:41:37.3717991Z INFO     app.scheduler.services.notification_creation:notification_creation.py:64 Created overdue notification for invoice INV-1000 (1 days overdue)
Backend CI	Run tests	2026-03-17T02:41:37.3718417Z INFO     app.scheduler.services.notification_creation:notification_creation.py:64 Created overdue notification for invoice INV-5067 (288 days overdue)
Backend CI	Run tests	2026-03-17T02:41:37.3718856Z INFO     app.scheduler.services.notification_creation:notification_creation.py:64 Created overdue notification for invoice INV-9214 (314 days overdue)
Backend CI	Run tests	2026-03-17T02:41:37.3719281Z INFO     app.scheduler.services.notification_creation:notification_creation.py:64 Created overdue notification for invoice INV-4960 (273 days overdue)
Backend CI	Run tests	2026-03-17T02:41:37.3719715Z INFO     app.scheduler.services.notification_creation:notification_creation.py:64 Created overdue notification for invoice INV-7577 (211 days overdue)
Backend CI	Run tests	2026-03-17T02:41:37.3720136Z INFO     app.scheduler.services.notification_creation:notification_creation.py:64 Created overdue notification for invoice INV-8423 (340 days overdue)
Backend CI	Run tests	2026-03-17T02:41:37.3720568Z INFO     app.scheduler.services.notification_creation:notification_creation.py:64 Created overdue notification for invoice INV-5463 (235 days overdue)
Backend CI	Run tests	2026-03-17T02:41:37.3720988Z INFO     app.scheduler.services.notification_creation:notification_creation.py:64 Created overdue notification for invoice INV-1000 (1 days overdue)
Backend CI	Run tests	2026-03-17T02:41:37.3721424Z INFO     app.scheduler.services.notification_creation:notification_creation.py:64 Created overdue notification for invoice INV-5067 (288 days overdue)
Backend CI	Run tests	2026-03-17T02:41:37.3721857Z INFO     app.scheduler.services.notification_creation:notification_creation.py:64 Created overdue notification for invoice INV-1990 (22 days overdue)
Backend CI	Run tests	2026-03-17T02:41:37.3722279Z INFO     app.scheduler.services.notification_creation:notification_creation.py:64 Created overdue notification for invoice INV-7164 (67 days overdue)
Backend CI	Run tests	2026-03-17T02:41:37.3722834Z INFO     app.scheduler.services.notification_creation:notification_creation.py:64 Created overdue notification for invoice INV-8265 (21 days overdue)
Backend CI	Run tests	2026-03-17T02:41:37.3723266Z INFO     app.scheduler.services.notification_creation:notification_creation.py:64 Created overdue notification for invoice INV-7270 (296 days overdue)
Backend CI	Run tests	2026-03-17T02:41:37.3723824Z INFO     app.scheduler.services.notification_creation:notification_creation.py:64 Created overdue notification for invoice INV-5528 (258 days overdue)
Backend CI	Run tests	2026-03-17T02:41:37.3724250Z INFO     app.scheduler.services.notification_creation:notification_creation.py:64 Created overdue notification for invoice INV-1000 (1 days overdue)
Backend CI	Run tests	2026-03-17T02:41:37.3724676Z INFO     app.scheduler.services.notification_creation:notification_creation.py:64 Created overdue notification for invoice INV-3860 (1 days overdue)
Backend CI	Run tests	2026-03-17T02:41:37.3725108Z INFO     app.scheduler.services.notification_creation:notification_creation.py:64 Created overdue notification for invoice INV-7250 (108 days overdue)
Backend CI	Run tests	2026-03-17T02:41:37.3725529Z INFO     app.scheduler.services.notification_creation:notification_creation.py:64 Created overdue notification for invoice INV-1990 (22 days overdue)
Backend CI	Run tests	2026-03-17T02:41:37.3725964Z INFO     app.scheduler.services.notification_creation:notification_creation.py:64 Created overdue notification for invoice INV-7164 (67 days overdue)
Backend CI	Run tests	2026-03-17T02:41:37.3726389Z INFO     app.scheduler.services.notification_creation:notification_creation.py:64 Created overdue notification for invoice INV-8265 (21 days overdue)
Backend CI	Run tests	2026-03-17T02:41:37.3726813Z INFO     app.scheduler.services.notification_creation:notification_creation.py:64 Created overdue notification for invoice INV-7270 (296 days overdue)
Backend CI	Run tests	2026-03-17T02:41:37.3727349Z INFO     app.scheduler.services.notification_creation:notification_creation.py:64 Created overdue notification for invoice INV-5528 (258 days overdue)
Backend CI	Run tests	2026-03-17T02:41:37.3727769Z INFO     app.scheduler.services.notification_creation:notification_creation.py:64 Created overdue notification for invoice INV-1000 (1 days overdue)
Backend CI	Run tests	2026-03-17T02:41:37.3728198Z INFO     app.scheduler.services.notification_creation:notification_creation.py:64 Created overdue notification for invoice INV-3860 (1 days overdue)
Backend CI	Run tests	2026-03-17T02:41:37.3728625Z INFO     app.scheduler.services.notification_creation:notification_creation.py:64 Created overdue notification for invoice INV-7250 (108 days overdue)
Backend CI	Run tests	2026-03-17T02:41:37.3729050Z INFO     app.scheduler.services.notification_creation:notification_creation.py:64 Created overdue notification for invoice INV-7752 (66 days overdue)
Backend CI	Run tests	2026-03-17T02:41:37.3729484Z INFO     app.scheduler.services.notification_creation:notification_creation.py:64 Created overdue notification for invoice INV-1218 (58 days overdue)
Backend CI	Run tests	2026-03-17T02:41:37.3729907Z INFO     app.scheduler.services.notification_creation:notification_creation.py:64 Created overdue notification for invoice INV-3241 (247 days overdue)
Backend CI	Run tests	2026-03-17T02:41:37.3730337Z INFO     app.scheduler.services.notification_creation:notification_creation.py:64 Created overdue notification for invoice INV-3329 (346 days overdue)
Backend CI	Run tests	2026-03-17T02:41:37.3730763Z INFO     app.scheduler.services.notification_creation:notification_creation.py:64 Created overdue notification for invoice INV-8311 (196 days overdue)
Backend CI	Run tests	2026-03-17T02:41:37.3731198Z INFO     app.scheduler.services.notification_creation:notification_creation.py:64 Created overdue notification for invoice INV-1000 (1 days overdue)
Backend CI	Run tests	2026-03-17T02:41:37.3731622Z INFO     app.scheduler.services.notification_creation:notification_creation.py:64 Created overdue notification for invoice INV-1340 (240 days overdue)
Backend CI	Run tests	2026-03-17T02:41:37.3732052Z INFO     app.scheduler.services.notification_creation:notification_creation.py:64 Created overdue notification for invoice INV-5337 (99 days overdue)
Backend CI	Run tests	2026-03-17T02:41:37.3732489Z INFO     app.scheduler.services.notification_creation:notification_creation.py:64 Created overdue notification for invoice INV-7752 (66 days overdue)
Backend CI	Run tests	2026-03-17T02:41:37.3733019Z INFO     app.scheduler.services.notification_creation:notification_creation.py:64 Created overdue notification for invoice INV-1218 (58 days overdue)
Backend CI	Run tests	2026-03-17T02:41:37.3733452Z INFO     app.scheduler.services.notification_creation:notification_creation.py:64 Created overdue notification for invoice INV-3241 (247 days overdue)
Backend CI	Run tests	2026-03-17T02:41:37.3733989Z INFO     app.scheduler.services.notification_creation:notification_creation.py:64 Created overdue notification for invoice INV-3329 (346 days overdue)
Backend CI	Run tests	2026-03-17T02:41:37.3734420Z INFO     app.scheduler.services.notification_creation:notification_creation.py:64 Created overdue notification for invoice INV-8311 (196 days overdue)
Backend CI	Run tests	2026-03-17T02:41:37.3734843Z INFO     app.scheduler.services.notification_creation:notification_creation.py:64 Created overdue notification for invoice INV-1000 (1 days overdue)
Backend CI	Run tests	2026-03-17T02:41:37.3735298Z INFO     app.scheduler.services.notification_creation:notification_creation.py:64 Created overdue notification for invoice INV-1340 (240 days overdue)
Backend CI	Run tests	2026-03-17T02:41:37.3735725Z INFO     app.scheduler.services.notification_creation:notification_creation.py:64 Created overdue notification for invoice INV-5337 (99 days overdue)
Backend CI	Run tests	2026-03-17T02:41:37.3736150Z INFO     app.scheduler.services.notification_creation:notification_creation.py:64 Created overdue notification for invoice INV-4338 (186 days overdue)
Backend CI	Run tests	2026-03-17T02:41:37.3736590Z INFO     app.scheduler.services.notification_creation:notification_creation.py:64 Created overdue notification for invoice INV-7848 (181 days overdue)
Backend CI	Run tests	2026-03-17T02:41:37.3737021Z INFO     app.scheduler.services.notification_creation:notification_creation.py:64 Created overdue notification for invoice INV-6781 (210 days overdue)
Backend CI	Run tests	2026-03-17T02:41:37.3737553Z INFO     app.scheduler.services.notification_creation:notification_creation.py:64 Created overdue notification for invoice INV-6985 (70 days overdue)
Backend CI	Run tests	2026-03-17T02:41:37.3737982Z INFO     app.scheduler.services.notification_creation:notification_creation.py:64 Created overdue notification for invoice INV-8948 (42 days overdue)
Backend CI	Run tests	2026-03-17T02:41:37.3738403Z INFO     app.scheduler.services.notification_creation:notification_creation.py:64 Created overdue notification for invoice INV-1000 (1 days overdue)
Backend CI	Run tests	2026-03-17T02:41:37.3738835Z INFO     app.scheduler.services.notification_creation:notification_creation.py:64 Created overdue notification for invoice INV-6225 (278 days overdue)
Backend CI	Run tests	2026-03-17T02:41:37.3739267Z INFO     app.scheduler.services.notification_creation:notification_creation.py:64 Created overdue notification for invoice INV-1572 (241 days overdue)
Backend CI	Run tests	2026-03-17T02:41:37.3739703Z INFO     app.scheduler.services.notification_creation:notification_creation.py:64 Created overdue notification for invoice INV-6766 (333 days overdue)
Backend CI	Run tests	2026-03-17T02:41:37.3740127Z INFO     app.scheduler.services.notification_creation:notification_creation.py:64 Created overdue notification for invoice INV-7770 (338 days overdue)
Backend CI	Run tests	2026-03-17T02:41:37.3740553Z INFO     app.scheduler.services.notification_creation:notification_creation.py:64 Created overdue notification for invoice INV-4338 (186 days overdue)
Backend CI	Run tests	2026-03-17T02:41:37.3740987Z INFO     app.scheduler.services.notification_creation:notification_creation.py:64 Created overdue notification for invoice INV-7848 (181 days overdue)
Backend CI	Run tests	2026-03-17T02:41:37.3741672Z INFO     app.scheduler.services.notification_creation:notification_creation.py:64 Created overdue notification for invoice INV-6781 (210 days overdue)
Backend CI	Run tests	2026-03-17T02:41:37.3742456Z INFO     app.scheduler.services.notification_creation:notification_creation.py:64 Created overdue notification for invoice INV-6985 (70 days overdue)
Backend CI	Run tests	2026-03-17T02:41:37.3743189Z INFO     app.scheduler.services.notification_creation:notification_creation.py:64 Created overdue notification for invoice INV-8948 (42 days overdue)
Backend CI	Run tests	2026-03-17T02:41:37.3743630Z INFO     app.scheduler.services.notification_creation:notification_creation.py:64 Created overdue notification for invoice INV-1000 (1 days overdue)
Backend CI	Run tests	2026-03-17T02:41:37.3744072Z INFO     app.scheduler.services.notification_creation:notification_creation.py:64 Created overdue notification for invoice INV-6225 (278 days overdue)
Backend CI	Run tests	2026-03-17T02:41:37.3744497Z INFO     app.scheduler.services.notification_creation:notification_creation.py:64 Created overdue notification for invoice INV-1572 (241 days overdue)
Backend CI	Run tests	2026-03-17T02:41:37.3745086Z INFO     app.scheduler.services.notification_creation:notification_creation.py:64 Created overdue notification for invoice INV-6766 (333 days overdue)
Backend CI	Run tests	2026-03-17T02:41:37.3745514Z INFO     app.scheduler.services.notification_creation:notification_creation.py:64 Created overdue notification for invoice INV-7770 (338 days overdue)
Backend CI	Run tests	2026-03-17T02:41:37.3745950Z INFO     app.scheduler.services.notification_creation:notification_creation.py:64 Created overdue notification for invoice INV-5516 (275 days overdue)
Backend CI	Run tests	2026-03-17T02:41:37.3746375Z INFO     app.scheduler.services.notification_creation:notification_creation.py:64 Created overdue notification for invoice INV-6556 (107 days overdue)
Backend CI	Run tests	2026-03-17T02:41:37.3746801Z INFO     app.scheduler.services.notification_creation:notification_creation.py:64 Created overdue notification for invoice INV-4080 (144 days overdue)
Backend CI	Run tests	2026-03-17T02:41:37.3747228Z INFO     app.scheduler.services.notification_creation:notification_creation.py:64 Created overdue notification for invoice INV-5172 (67 days overdue)
Backend CI	Run tests	2026-03-17T02:41:37.3747660Z INFO     app.scheduler.services.notification_creation:notification_creation.py:64 Created overdue notification for invoice INV-2082 (238 days overdue)
Backend CI	Run tests	2026-03-17T02:41:37.3748204Z INFO     app.scheduler.services.notification_creation:notification_creation.py:64 Created overdue notification for invoice INV-1000 (1 days overdue)
Backend CI	Run tests	2026-03-17T02:41:37.3748630Z INFO     app.scheduler.services.notification_creation:notification_creation.py:64 Created overdue notification for invoice INV-8183 (345 days overdue)
Backend CI	Run tests	2026-03-17T02:41:37.3749058Z INFO     app.scheduler.services.notification_creation:notification_creation.py:64 Created overdue notification for invoice INV-2690 (94 days overdue)
Backend CI	Run tests	2026-03-17T02:41:37.3749483Z INFO     app.scheduler.services.notification_creation:notification_creation.py:64 Created overdue notification for invoice INV-4163 (99 days overdue)
Backend CI	Run tests	2026-03-17T02:41:37.3749908Z INFO     app.scheduler.services.notification_creation:notification_creation.py:64 Created overdue notification for invoice INV-3793 (1 days overdue)
Backend CI	Run tests	2026-03-17T02:41:37.3750342Z INFO     app.scheduler.services.notification_creation:notification_creation.py:64 Created overdue notification for invoice INV-5516 (275 days overdue)
Backend CI	Run tests	2026-03-17T02:41:37.3750774Z INFO     app.scheduler.services.notification_creation:notification_creation.py:64 Created overdue notification for invoice INV-6556 (107 days overdue)
Backend CI	Run tests	2026-03-17T02:41:37.3751205Z INFO     app.scheduler.services.notification_creation:notification_creation.py:64 Created overdue notification for invoice INV-4080 (144 days overdue)
Backend CI	Run tests	2026-03-17T02:41:37.3751626Z INFO     app.scheduler.services.notification_creation:notification_creation.py:64 Created overdue notification for invoice INV-5172 (67 days overdue)
Backend CI	Run tests	2026-03-17T02:41:37.3752052Z INFO     app.scheduler.services.notification_creation:notification_creation.py:64 Created overdue notification for invoice INV-2082 (238 days overdue)
Backend CI	Run tests	2026-03-17T02:41:37.3752481Z INFO     app.scheduler.services.notification_creation:notification_creation.py:64 Created overdue notification for invoice INV-1000 (1 days overdue)
Backend CI	Run tests	2026-03-17T02:41:37.3753025Z INFO     app.scheduler.services.notification_creation:notification_creation.py:64 Created overdue notification for invoice INV-8183 (345 days overdue)
Backend CI	Run tests	2026-03-17T02:41:37.3753462Z INFO     app.scheduler.services.notification_creation:notification_creation.py:64 Created overdue notification for invoice INV-2690 (94 days overdue)
Backend CI	Run tests	2026-03-17T02:41:37.3753887Z INFO     app.scheduler.services.notification_creation:notification_creation.py:64 Created overdue notification for invoice INV-4163 (99 days overdue)
Backend CI	Run tests	2026-03-17T02:41:37.3754312Z INFO     app.scheduler.services.notification_creation:notification_creation.py:64 Created overdue notification for invoice INV-3793 (1 days overdue)
Backend CI	Run tests	2026-03-17T02:41:37.3754732Z INFO     app.scheduler.services.notification_creation:notification_creation.py:64 Created overdue notification for invoice INV-9739 (88 days overdue)
Backend CI	Run tests	2026-03-17T02:41:37.3755268Z INFO     app.scheduler.services.notification_creation:notification_creation.py:64 Created overdue notification for invoice INV-6539 (43 days overdue)
Backend CI	Run tests	2026-03-17T02:41:37.3755701Z INFO     app.scheduler.services.notification_creation:notification_creation.py:64 Created overdue notification for invoice INV-3430 (125 days overdue)
Backend CI	Run tests	2026-03-17T02:41:37.3756138Z INFO     app.scheduler.services.notification_creation:notification_creation.py:64 Created overdue notification for invoice INV-5420 (23 days overdue)
Backend CI	Run tests	2026-03-17T02:41:37.3756570Z INFO     app.scheduler.services.notification_creation:notification_creation.py:64 Created overdue notification for invoice INV-9206 (164 days overdue)
Backend CI	Run tests	2026-03-17T02:41:37.3756993Z INFO     app.scheduler.services.notification_creation:notification_creation.py:64 Created overdue notification for invoice INV-6270 (82 days overdue)
Backend CI	Run tests	2026-03-17T02:41:37.3757418Z INFO     app.scheduler.services.notification_creation:notification_creation.py:64 Created overdue notification for invoice INV-6170 (66 days overdue)
Backend CI	Run tests	2026-03-17T02:41:37.3757849Z INFO     app.scheduler.services.notification_creation:notification_creation.py:64 Created overdue notification for invoice INV-8451 (141 days overdue)
Backend CI	Run tests	2026-03-17T02:41:37.3758378Z INFO     app.scheduler.services.notification_creation:notification_creation.py:64 Created overdue notification for invoice INV-6385 (100 days overdue)
Backend CI	Run tests	2026-03-17T02:41:37.3758810Z INFO     app.scheduler.services.notification_creation:notification_creation.py:64 Created overdue notification for invoice INV-1356 (63 days overdue)
Backend CI	Run tests	2026-03-17T02:41:37.3759234Z INFO     app.scheduler.services.notification_creation:notification_creation.py:64 Created overdue notification for invoice INV-8090 (260 days overdue)
Backend CI	Run tests	2026-03-17T02:41:37.3759663Z INFO     app.scheduler.services.notification_creation:notification_creation.py:64 Created overdue notification for invoice INV-3230 (223 days overdue)
Backend CI	Run tests	2026-03-17T02:41:37.3760089Z INFO     app.scheduler.services.notification_creation:notification_creation.py:64 Created overdue notification for invoice INV-4704 (28 days overdue)
Backend CI	Run tests	2026-03-17T02:41:37.3760512Z INFO     app.scheduler.services.notification_creation:notification_creation.py:64 Created overdue notification for invoice INV-9510 (64 days overdue)
Backend CI	Run tests	2026-03-17T02:41:37.3760951Z INFO     app.scheduler.services.notification_creation:notification_creation.py:64 Created overdue notification for invoice INV-3006 (300 days overdue)
Backend CI	Run tests	2026-03-17T02:41:37.3761369Z INFO     app.scheduler.services.notification_creation:notification_creation.py:64 Created overdue notification for invoice INV-1000 (1 days overdue)
Backend CI	Run tests	2026-03-17T02:41:37.3761799Z INFO     app.scheduler.services.notification_creation:notification_creation.py:64 Created overdue notification for invoice INV-5807 (201 days overdue)
Backend CI	Run tests	2026-03-17T02:41:37.3762222Z INFO     app.scheduler.services.notification_creation:notification_creation.py:64 Created overdue notification for invoice INV-5987 (35 days overdue)
Backend CI	Run tests	2026-03-17T02:41:37.3762779Z INFO     app.scheduler.services.notification_creation:notification_creation.py:64 Created overdue notification for invoice INV-8153 (58 days overdue)
Backend CI	Run tests	2026-03-17T02:41:37.3763212Z INFO     app.scheduler.services.notification_creation:notification_creation.py:64 Created overdue notification for invoice INV-1215 (348 days overdue)
Backend CI	Run tests	2026-03-17T02:41:37.3763646Z INFO     app.scheduler.services.notification_creation:notification_creation.py:64 Created overdue notification for invoice INV-8090 (260 days overdue)
Backend CI	Run tests	2026-03-17T02:41:37.3764079Z INFO     app.scheduler.services.notification_creation:notification_creation.py:64 Created overdue notification for invoice INV-3230 (223 days overdue)
Backend CI	Run tests	2026-03-17T02:41:37.3764501Z INFO     app.scheduler.services.notification_creation:notification_creation.py:64 Created overdue notification for invoice INV-4704 (28 days overdue)
Backend CI	Run tests	2026-03-17T02:41:37.3764929Z INFO     app.scheduler.services.notification_creation:notification_creation.py:64 Created overdue notification for invoice INV-9510 (64 days overdue)
Backend CI	Run tests	2026-03-17T02:41:37.3765510Z INFO     app.scheduler.services.notification_creation:notification_creation.py:64 Created overdue notification for invoice INV-3006 (300 days overdue)
Backend CI	Run tests	2026-03-17T02:41:37.3765937Z INFO     app.scheduler.services.notification_creation:notification_creation.py:64 Created overdue notification for invoice INV-1000 (1 days overdue)
Backend CI	Run tests	2026-03-17T02:41:37.3766367Z INFO     app.scheduler.services.notification_creation:notification_creation.py:64 Created overdue notification for invoice INV-5807 (201 days overdue)
Backend CI	Run tests	2026-03-17T02:41:37.3766790Z INFO     app.scheduler.services.notification_creation:notification_creation.py:64 Created overdue notification for invoice INV-5987 (35 days overdue)
Backend CI	Run tests	2026-03-17T02:41:37.3767216Z INFO     app.scheduler.services.notification_creation:notification_creation.py:64 Created overdue notification for invoice INV-8153 (58 days overdue)
Backend CI	Run tests	2026-03-17T02:41:37.3767648Z INFO     app.scheduler.services.notification_creation:notification_creation.py:64 Created overdue notification for invoice INV-1215 (348 days overdue)
Backend CI	Run tests	2026-03-17T02:41:37.3768077Z INFO     app.scheduler.services.notification_creation:notification_creation.py:64 Created overdue notification for invoice INV-8216 (42 days overdue)
Backend CI	Run tests	2026-03-17T02:41:37.3768606Z INFO     app.scheduler.services.notification_creation:notification_creation.py:64 Created overdue notification for invoice INV-4281 (339 days overdue)
Backend CI	Run tests	2026-03-17T02:41:37.3769033Z INFO     app.scheduler.services.notification_creation:notification_creation.py:64 Created overdue notification for invoice INV-4403 (116 days overdue)
Backend CI	Run tests	2026-03-17T02:41:37.3769460Z INFO     app.scheduler.services.notification_creation:notification_creation.py:64 Created overdue notification for invoice INV-2217 (92 days overdue)
Backend CI	Run tests	2026-03-17T02:41:37.3769886Z INFO     app.scheduler.services.notification_creation:notification_creation.py:64 Created overdue notification for invoice INV-9472 (280 days overdue)
Backend CI	Run tests	2026-03-17T02:41:37.3770313Z INFO     app.scheduler.services.notification_creation:notification_creation.py:64 Created overdue notification for invoice INV-1000 (1 days overdue)
Backend CI	Run tests	2026-03-17T02:41:37.3770750Z INFO     app.scheduler.services.notification_creation:notification_creation.py:64 Created overdue notification for invoice INV-9394 (258 days overdue)
Backend CI	Run tests	2026-03-17T02:41:37.3771182Z INFO     app.scheduler.services.notification_creation:notification_creation.py:64 Created overdue notification for invoice INV-1559 (104 days overdue)
Backend CI	Run tests	2026-03-17T02:41:37.3771610Z INFO     app.scheduler.services.notification_creation:notification_creation.py:64 Created overdue notification for invoice INV-8216 (42 days overdue)
Backend CI	Run tests	2026-03-17T02:41:37.3772037Z INFO     app.scheduler.services.notification_creation:notification_creation.py:64 Created overdue notification for invoice INV-4281 (339 days overdue)
Backend CI	Run tests	2026-03-17T02:41:37.3772469Z INFO     app.scheduler.services.notification_creation:notification_creation.py:64 Created overdue notification for invoice INV-4403 (116 days overdue)
Backend CI	Run tests	2026-03-17T02:41:37.3773003Z INFO     app.scheduler.services.notification_creation:notification_creation.py:64 Created overdue notification for invoice INV-2217 (92 days overdue)
Backend CI	Run tests	2026-03-17T02:41:37.3773440Z INFO     app.scheduler.services.notification_creation:notification_creation.py:64 Created overdue notification for invoice INV-9472 (280 days overdue)
Backend CI	Run tests	2026-03-17T02:41:37.3773860Z INFO     app.scheduler.services.notification_creation:notification_creation.py:64 Created overdue notification for invoice INV-1000 (1 days overdue)
Backend CI	Run tests	2026-03-17T02:41:37.3774284Z INFO     app.scheduler.services.notification_creation:notification_creation.py:64 Created overdue notification for invoice INV-9394 (258 days overdue)
Backend CI	Run tests	2026-03-17T02:41:37.3774721Z INFO     app.scheduler.services.notification_creation:notification_creation.py:64 Created overdue notification for invoice INV-1559 (104 days overdue)
Backend CI	Run tests	2026-03-17T02:41:37.3775257Z INFO     app.scheduler.services.notification_creation:notification_creation.py:64 Created overdue notification for invoice INV-5611 (243 days overdue)
Backend CI	Run tests	2026-03-17T02:41:37.3775682Z INFO     app.scheduler.services.notification_creation:notification_creation.py:64 Created overdue notification for invoice INV-3387 (21 days overdue)
Backend CI	Run tests	2026-03-17T02:41:37.3781075Z INFO     app.scheduler.services.notification_creation:notification_creation.py:64 Created overdue notification for invoice INV-9790 (35 days overdue)
Backend CI	Run tests	2026-03-17T02:41:37.3781573Z INFO     app.scheduler.services.notification_creation:notification_creation.py:64 Created overdue notification for invoice INV-5419 (6 days overdue)
Backend CI	Run tests	2026-03-17T02:41:37.3782023Z INFO     app.scheduler.services.notification_creation:notification_creation.py:64 Created overdue notification for invoice INV-8986 (21 days overdue)
Backend CI	Run tests	2026-03-17T02:41:37.3782459Z INFO     app.scheduler.services.notification_creation:notification_creation.py:64 Created overdue notification for invoice INV-1000 (1 days overdue)
Backend CI	Run tests	2026-03-17T02:41:37.3783067Z INFO     app.scheduler.services.notification_creation:notification_creation.py:64 Created overdue notification for invoice INV-3613 (86 days overdue)
Backend CI	Run tests	2026-03-17T02:41:37.3783509Z INFO     app.scheduler.services.notification_creation:notification_creation.py:64 Created overdue notification for invoice INV-5931 (76 days overdue)
Backend CI	Run tests	2026-03-17T02:41:37.3784121Z INFO     app.scheduler.services.notification_creation:notification_creation.py:64 Created overdue notification for invoice INV-5611 (243 days overdue)
Backend CI	Run tests	2026-03-17T02:41:37.3784555Z INFO     app.scheduler.services.notification_creation:notification_creation.py:64 Created overdue notification for invoice INV-3387 (21 days overdue)
Backend CI	Run tests	2026-03-17T02:41:37.3784987Z INFO     app.scheduler.services.notification_creation:notification_creation.py:64 Created overdue notification for invoice INV-9790 (35 days overdue)
Backend CI	Run tests	2026-03-17T02:41:37.3785412Z INFO     app.scheduler.services.notification_creation:notification_creation.py:64 Created overdue notification for invoice INV-5419 (6 days overdue)
Backend CI	Run tests	2026-03-17T02:41:37.3785845Z INFO     app.scheduler.services.notification_creation:notification_creation.py:64 Created overdue notification for invoice INV-8986 (21 days overdue)
Backend CI	Run tests	2026-03-17T02:41:37.3786275Z INFO     app.scheduler.services.notification_creation:notification_creation.py:64 Created overdue notification for invoice INV-1000 (1 days overdue)
Backend CI	Run tests	2026-03-17T02:41:37.3786709Z INFO     app.scheduler.services.notification_creation:notification_creation.py:64 Created overdue notification for invoice INV-3613 (86 days overdue)
Backend CI	Run tests	2026-03-17T02:41:37.3787131Z INFO     app.scheduler.services.notification_creation:notification_creation.py:64 Created overdue notification for invoice INV-5931 (76 days overdue)
Backend CI	Run tests	2026-03-17T02:41:37.3787554Z INFO     app.scheduler.services.notification_creation:notification_creation.py:64 Created overdue notification for invoice INV-1926 (20 days overdue)
Backend CI	Run tests	2026-03-17T02:41:37.3787980Z INFO     app.scheduler.services.notification_creation:notification_creation.py:64 Created overdue notification for invoice INV-3155 (35 days overdue)
Backend CI	Run tests	2026-03-17T02:41:37.3788409Z INFO     app.scheduler.services.notification_creation:notification_creation.py:64 Created overdue notification for invoice INV-2735 (190 days overdue)
Backend CI	Run tests	2026-03-17T02:41:37.3788845Z INFO     app.scheduler.services.notification_creation:notification_creation.py:64 Created overdue notification for invoice INV-6739 (336 days overdue)
Backend CI	Run tests	2026-03-17T02:41:37.3789271Z INFO     app.scheduler.services.notification_creation:notification_creation.py:64 Created overdue notification for invoice INV-8029 (338 days overdue)
Backend CI	Run tests	2026-03-17T02:41:37.3789698Z INFO     app.scheduler.services.notification_creation:notification_creation.py:64 Created overdue notification for invoice INV-1000 (1 days overdue)
Backend CI	Run tests	2026-03-17T02:41:37.3790124Z INFO     app.scheduler.services.notification_creation:notification_creation.py:64 Created overdue notification for invoice INV-6057 (262 days overdue)
Backend CI	Run tests	2026-03-17T02:41:37.3790655Z INFO     app.scheduler.services.notification_creation:notification_creation.py:64 Created overdue notification for invoice INV-8033 (79 days overdue)
Backend CI	Run tests	2026-03-17T02:41:37.3791086Z INFO     app.scheduler.services.notification_creation:notification_creation.py:64 Created overdue notification for invoice INV-5601 (200 days overdue)
Backend CI	Run tests	2026-03-17T02:41:37.3791517Z INFO     app.scheduler.services.notification_creation:notification_creation.py:64 Created overdue notification for invoice INV-3348 (358 days overdue)
Backend CI	Run tests	2026-03-17T02:41:37.3791948Z INFO     app.scheduler.services.notification_creation:notification_creation.py:64 Created overdue notification for invoice INV-5722 (193 days overdue)
Backend CI	Run tests	2026-03-17T02:41:37.3792376Z INFO     app.scheduler.services.notification_creation:notification_creation.py:64 Created overdue notification for invoice INV-5943 (357 days overdue)
Backend CI	Run tests	2026-03-17T02:41:37.3792917Z INFO     app.scheduler.services.notification_creation:notification_creation.py:64 Created overdue notification for invoice INV-9950 (39 days overdue)
Backend CI	Run tests	2026-03-17T02:41:37.3793359Z INFO     app.scheduler.services.notification_creation:notification_creation.py:64 Created overdue notification for invoice INV-3231 (283 days overdue)
Backend CI	Run tests	2026-03-17T02:41:37.3793780Z INFO     app.scheduler.services.notification_creation:notification_creation.py:64 Created overdue notification for invoice INV-6629 (1 days overdue)
Backend CI	Run tests	2026-03-17T02:41:37.3794318Z INFO     app.scheduler.services.notification_creation:notification_creation.py:64 Created overdue notification for invoice INV-7290 (1 days overdue)
Backend CI	Run tests	2026-03-17T02:41:37.3794747Z INFO     app.scheduler.services.notification_creation:notification_creation.py:64 Created overdue notification for invoice INV-9605 (206 days overdue)
Backend CI	Run tests	2026-03-17T02:41:37.3795179Z INFO     app.scheduler.services.notification_creation:notification_creation.py:64 Created overdue notification for invoice INV-1000 (355 days overdue)
Backend CI	Run tests	2026-03-17T02:41:37.3795599Z INFO     app.scheduler.services.notification_creation:notification_creation.py:64 Created overdue notification for invoice INV-1000 (1 days overdue)
Backend CI	Run tests	2026-03-17T02:41:37.3796028Z INFO     app.scheduler.services.notification_creation:notification_creation.py:64 Created overdue notification for invoice INV-3231 (283 days overdue)
Backend CI	Run tests	2026-03-17T02:41:37.3796459Z INFO     app.scheduler.services.notification_creation:notification_creation.py:64 Created overdue notification for invoice INV-6629 (1 days overdue)
Backend CI	Run tests	2026-03-17T02:41:37.3796882Z INFO     app.scheduler.services.notification_creation:notification_creation.py:64 Created overdue notification for invoice INV-7290 (1 days overdue)
Backend CI	Run tests	2026-03-17T02:41:37.3797316Z INFO     app.scheduler.services.notification_creation:notification_creation.py:64 Created overdue notification for invoice INV-9605 (206 days overdue)
Backend CI	Run tests	2026-03-17T02:41:37.3797742Z INFO     app.scheduler.services.notification_creation:notification_creation.py:64 Created overdue notification for invoice INV-1000 (355 days overdue)
Backend CI	Run tests	2026-03-17T02:41:37.3798165Z INFO     app.scheduler.services.notification_creation:notification_creation.py:64 Created overdue notification for invoice INV-1000 (1 days overdue)
Backend CI	Run tests	2026-03-17T02:41:37.3798592Z INFO     app.scheduler.services.notification_creation:notification_creation.py:64 Created overdue notification for invoice INV-2968 (90 days overdue)
Backend CI	Run tests	2026-03-17T02:41:37.3799017Z INFO     app.scheduler.services.notification_creation:notification_creation.py:64 Created overdue notification for invoice INV-1069 (16 days overdue)
Backend CI	Run tests	2026-03-17T02:41:37.3799448Z INFO     app.scheduler.services.notification_creation:notification_creation.py:64 Created overdue notification for invoice INV-7552 (286 days overdue)
Backend CI	Run tests	2026-03-17T02:41:37.3799868Z INFO     app.scheduler.services.notification_creation:notification_creation.py:64 Created overdue notification for invoice INV-6686 (85 days overdue)
Backend CI	Run tests	2026-03-17T02:41:37.3800301Z INFO     app.scheduler.services.notification_creation:notification_creation.py:64 Created overdue notification for invoice INV-9514 (107 days overdue)
Backend CI	Run tests	2026-03-17T02:41:37.3800835Z INFO     app.scheduler.services.notification_creation:notification_creation.py:64 Created overdue notification for invoice INV-1000 (1 days overdue)
Backend CI	Run tests	2026-03-17T02:41:37.3801263Z INFO     app.scheduler.services.notification_creation:notification_creation.py:64 Created overdue notification for invoice INV-2245 (188 days overdue)
Backend CI	Run tests	2026-03-17T02:41:37.3801701Z INFO     app.scheduler.services.notification_creation:notification_creation.py:64 Created overdue notification for invoice INV-6164 (156 days overdue)
Backend CI	Run tests	2026-03-17T02:41:37.3802121Z INFO     app.scheduler.services.notification_creation:notification_creation.py:64 Created overdue notification for invoice INV-2968 (90 days overdue)
Backend CI	Run tests	2026-03-17T02:41:37.3802549Z INFO     app.scheduler.services.notification_creation:notification_creation.py:64 Created overdue notification for invoice INV-1069 (16 days overdue)
Backend CI	Run tests	2026-03-17T02:41:37.3803118Z INFO     app.scheduler.services.notification_creation:notification_creation.py:64 Created overdue notification for invoice INV-7552 (286 days overdue)
Backend CI	Run tests	2026-03-17T02:41:37.3803551Z INFO     app.scheduler.services.notification_creation:notification_creation.py:64 Created overdue notification for invoice INV-6686 (85 days overdue)
Backend CI	Run tests	2026-03-17T02:41:37.3803981Z INFO     app.scheduler.services.notification_creation:notification_creation.py:64 Created overdue notification for invoice INV-9514 (107 days overdue)
Backend CI	Run tests	2026-03-17T02:41:37.3804521Z INFO     app.scheduler.services.notification_creation:notification_creation.py:64 Created overdue notification for invoice INV-1000 (1 days overdue)
Backend CI	Run tests	2026-03-17T02:41:37.3804953Z INFO     app.scheduler.services.notification_creation:notification_creation.py:64 Created overdue notification for invoice INV-2245 (188 days overdue)
Backend CI	Run tests	2026-03-17T02:41:37.3805379Z INFO     app.scheduler.services.notification_creation:notification_creation.py:64 Created overdue notification for invoice INV-6164 (156 days overdue)
Backend CI	Run tests	2026-03-17T02:41:37.3805811Z INFO     app.scheduler.services.notification_creation:notification_creation.py:64 Created overdue notification for invoice INV-5394 (115 days overdue)
Backend CI	Run tests	2026-03-17T02:41:37.3806253Z INFO     app.scheduler.services.notification_creation:notification_creation.py:64 Created overdue notification for invoice INV-5983 (215 days overdue)
Backend CI	Run tests	2026-03-17T02:41:37.3806685Z INFO     app.scheduler.services.notification_creation:notification_creation.py:64 Created overdue notification for invoice INV-6231 (339 days overdue)
Backend CI	Run tests	2026-03-17T02:41:37.3807120Z INFO     app.scheduler.services.notification_creation:notification_creation.py:64 Created overdue notification for invoice INV-7810 (118 days overdue)
Backend CI	Run tests	2026-03-17T02:41:37.3807547Z INFO     app.scheduler.services.notification_creation:notification_creation.py:64 Created overdue notification for invoice INV-9213 (101 days overdue)
Backend CI	Run tests	2026-03-17T02:41:37.3807972Z INFO     app.scheduler.services.notification_creation:notification_creation.py:64 Created overdue notification for invoice INV-1000 (1 days overdue)
Backend CI	Run tests	2026-03-17T02:41:37.3808403Z INFO     app.scheduler.services.notification_creation:notification_creation.py:64 Created overdue notification for invoice INV-3871 (157 days overdue)
Backend CI	Run tests	2026-03-17T02:41:37.3808833Z INFO     app.scheduler.services.notification_creation:notification_creation.py:64 Created overdue notification for invoice INV-5394 (115 days overdue)
Backend CI	Run tests	2026-03-17T02:41:37.3809263Z INFO     app.scheduler.services.notification_creation:notification_creation.py:64 Created overdue notification for invoice INV-5983 (215 days overdue)
Backend CI	Run tests	2026-03-17T02:41:37.3809689Z INFO     app.scheduler.services.notification_creation:notification_creation.py:64 Created overdue notification for invoice INV-6231 (339 days overdue)
Backend CI	Run tests	2026-03-17T02:41:37.3810124Z INFO     app.scheduler.services.notification_creation:notification_creation.py:64 Created overdue notification for invoice INV-7810 (118 days overdue)
Backend CI	Run tests	2026-03-17T02:41:37.3810550Z INFO     app.scheduler.services.notification_creation:notification_creation.py:64 Created overdue notification for invoice INV-9213 (101 days overdue)
Backend CI	Run tests	2026-03-17T02:41:37.3811086Z INFO     app.scheduler.services.notification_creation:notification_creation.py:64 Created overdue notification for invoice INV-1000 (1 days overdue)
Backend CI	Run tests	2026-03-17T02:41:37.3811515Z INFO     app.scheduler.services.notification_creation:notification_creation.py:64 Created overdue notification for invoice INV-3871 (157 days overdue)
Backend CI	Run tests	2026-03-17T02:41:37.3811942Z INFO     app.scheduler.services.notification_creation:notification_creation.py:64 Created overdue notification for invoice INV-9433 (86 days overdue)
Backend CI	Run tests	2026-03-17T02:41:37.3812372Z INFO     app.scheduler.services.notification_creation:notification_creation.py:64 Created overdue notification for invoice INV-4701 (365 days overdue)
Backend CI	Run tests	2026-03-17T02:41:37.3812906Z INFO     app.scheduler.services.notification_creation:notification_creation.py:64 Created overdue notification for invoice INV-2204 (174 days overdue)
Backend CI	Run tests	2026-03-17T02:41:37.3813335Z INFO     app.scheduler.services.notification_creation:notification_creation.py:64 Created overdue notification for invoice INV-8436 (12 days overdue)
Backend CI	Run tests	2026-03-17T02:41:37.3813764Z INFO     app.scheduler.services.notification_creation:notification_creation.py:64 Created overdue notification for invoice INV-5173 (52 days overdue)
Backend CI	Run tests	2026-03-17T02:41:37.3814307Z INFO     app.scheduler.services.notification_creation:notification_creation.py:64 Created overdue notification for invoice INV-3530 (279 days overdue)
Backend CI	Run tests	2026-03-17T02:41:37.3814734Z INFO     app.scheduler.services.notification_creation:notification_creation.py:64 Created overdue notification for invoice INV-2526 (176 days overdue)
Backend CI	Run tests	2026-03-17T02:41:37.3815161Z INFO     app.scheduler.services.notification_creation:notification_creation.py:64 Created overdue notification for invoice INV-4758 (343 days overdue)
Backend CI	Run tests	2026-03-17T02:41:37.3815590Z INFO     app.scheduler.services.notification_creation:notification_creation.py:64 Created overdue notification for invoice INV-5531 (221 days overdue)
Backend CI	Run tests	2026-03-17T02:41:37.3816028Z INFO     app.scheduler.services.notification_creation:notification_creation.py:64 Created overdue notification for invoice INV-8848 (244 days overdue)
Backend CI	Run tests	2026-03-17T02:41:37.3816454Z INFO     app.scheduler.services.notification_creation:notification_creation.py:64 Created overdue notification for invoice INV-1000 (1 days overdue)
Backend CI	Run tests	2026-03-17T02:41:37.3816885Z INFO     app.scheduler.services.notification_creation:notification_creation.py:64 Created overdue notification for invoice INV-6784 (272 days overdue)
Backend CI	Run tests	2026-03-17T02:41:37.3817315Z INFO     app.scheduler.services.notification_creation:notification_creation.py:64 Created overdue notification for invoice INV-3530 (279 days overdue)
Backend CI	Run tests	2026-03-17T02:41:37.3817738Z INFO     app.scheduler.services.notification_creation:notification_creation.py:64 Created overdue notification for invoice INV-2526 (176 days overdue)
Backend CI	Run tests	2026-03-17T02:41:37.3818162Z INFO     app.scheduler.services.notification_creation:notification_creation.py:64 Created overdue notification for invoice INV-4758 (343 days overdue)
Backend CI	Run tests	2026-03-17T02:41:37.3818594Z INFO     app.scheduler.services.notification_creation:notification_creation.py:64 Created overdue notification for invoice INV-5531 (221 days overdue)
Backend CI	Run tests	2026-03-17T02:41:37.3819019Z INFO     app.scheduler.services.notification_creation:notification_creation.py:64 Created overdue notification for invoice INV-8848 (244 days overdue)
Backend CI	Run tests	2026-03-17T02:41:37.3819448Z INFO     app.scheduler.services.notification_creation:notification_creation.py:64 Created overdue notification for invoice INV-1000 (1 days overdue)
Backend CI	Run tests	2026-03-17T02:41:37.3819874Z INFO     app.scheduler.services.notification_creation:notification_creation.py:64 Created overdue notification for invoice INV-6784 (272 days overdue)
Backend CI	Run tests	2026-03-17T02:41:37.3820298Z INFO     app.scheduler.services.notification_creation:notification_creation.py:64 Created overdue notification for invoice INV-9752 (237 days overdue)
Backend CI	Run tests	2026-03-17T02:41:37.3820729Z INFO     app.scheduler.services.notification_creation:notification_creation.py:64 Created overdue notification for invoice INV-7052 (171 days overdue)
Backend CI	Run tests	2026-03-17T02:41:37.3821255Z INFO     app.scheduler.services.notification_creation:notification_creation.py:64 Created overdue notification for invoice INV-2190 (12 days overdue)
Backend CI	Run tests	2026-03-17T02:41:37.3821689Z INFO     app.scheduler.services.notification_creation:notification_creation.py:64 Created overdue notification for invoice INV-6162 (227 days overdue)
Backend CI	Run tests	2026-03-17T02:41:37.3822122Z INFO     app.scheduler.services.notification_creation:notification_creation.py:64 Created overdue notification for invoice INV-7380 (188 days overdue)
Backend CI	Run tests	2026-03-17T02:41:37.3822546Z INFO     app.scheduler.services.notification_creation:notification_creation.py:64 Created overdue notification for invoice INV-1000 (1 days overdue)
Backend CI	Run tests	2026-03-17T02:41:37.3823085Z INFO     app.scheduler.services.notification_creation:notification_creation.py:64 Created overdue notification for invoice INV-3536 (189 days overdue)
Backend CI	Run tests	2026-03-17T02:41:37.3823532Z INFO     app.scheduler.services.notification_creation:notification_creation.py:64 Created overdue notification for invoice INV-1271 (59 days overdue)
Backend CI	Run tests	2026-03-17T02:41:37.3823976Z INFO     app.scheduler.services.notification_creation:notification_creation.py:64 Created overdue notification for invoice INV-8303 (130 days overdue)
Backend CI	Run tests	2026-03-17T02:41:37.3824512Z INFO     app.scheduler.services.notification_creation:notification_creation.py:64 Created overdue notification for invoice INV-6107 (85 days overdue)
Backend CI	Run tests	2026-03-17T02:41:37.3824949Z INFO     app.scheduler.services.notification_creation:notification_creation.py:64 Created overdue notification for invoice INV-9752 (237 days overdue)
Backend CI	Run tests	2026-03-17T02:41:37.3825378Z INFO     app.scheduler.services.notification_creation:notification_creation.py:64 Created overdue notification for invoice INV-7052 (171 days overdue)
Backend CI	Run tests	2026-03-17T02:41:37.3825803Z INFO     app.scheduler.services.notification_creation:notification_creation.py:64 Created overdue notification for invoice INV-2190 (12 days overdue)
Backend CI	Run tests	2026-03-17T02:41:37.3826240Z INFO     app.scheduler.services.notification_creation:notification_creation.py:64 Created overdue notification for invoice INV-6162 (227 days overdue)
Backend CI	Run tests	2026-03-17T02:41:37.3826673Z INFO     app.scheduler.services.notification_creation:notification_creation.py:64 Created overdue notification for invoice INV-7380 (188 days overdue)
Backend CI	Run tests	2026-03-17T02:41:37.3827110Z INFO     app.scheduler.services.notification_creation:notification_creation.py:64 Created overdue notification for invoice INV-1000 (1 days overdue)
Backend CI	Run tests	2026-03-17T02:41:37.3827538Z INFO     app.scheduler.services.notification_creation:notification_creation.py:64 Created overdue notification for invoice INV-3536 (189 days overdue)
Backend CI	Run tests	2026-03-17T02:41:37.3827965Z INFO     app.scheduler.services.notification_creation:notification_creation.py:64 Created overdue notification for invoice INV-1271 (59 days overdue)
Backend CI	Run tests	2026-03-17T02:41:37.3828390Z INFO     app.scheduler.services.notification_creation:notification_creation.py:64 Created overdue notification for invoice INV-8303 (130 days overdue)
Backend CI	Run tests	2026-03-17T02:41:37.3828819Z INFO     app.scheduler.services.notification_creation:notification_creation.py:64 Created overdue notification for invoice INV-6107 (85 days overdue)
Backend CI	Run tests	2026-03-17T02:41:37.3829254Z INFO     app.scheduler.services.notification_creation:notification_creation.py:64 Created overdue notification for invoice INV-6745 (51 days overdue)
Backend CI	Run tests	2026-03-17T02:41:37.3829680Z INFO     app.scheduler.services.notification_creation:notification_creation.py:64 Created overdue notification for invoice INV-1000 (15 days overdue)
Backend CI	Run tests	2026-03-17T02:41:37.3830113Z INFO     app.scheduler.services.notification_creation:notification_creation.py:64 Created overdue notification for invoice INV-3842 (143 days overdue)
Backend CI	Run tests	2026-03-17T02:41:37.3830539Z INFO     app.scheduler.services.notification_creation:notification_creation.py:64 Created overdue notification for invoice INV-6592 (333 days overdue)
Backend CI	Run tests	2026-03-17T02:41:37.3830968Z INFO     app.scheduler.services.notification_creation:notification_creation.py:64 Created overdue notification for invoice INV-9326 (31 days overdue)
Backend CI	Run tests	2026-03-17T02:41:37.3831518Z INFO     app.scheduler.services.notification_creation:notification_creation.py:64 Created overdue notification for invoice INV-1000 (1 days overdue)
Backend CI	Run tests	2026-03-17T02:41:37.3831948Z INFO     app.scheduler.services.notification_creation:notification_creation.py:64 Created overdue notification for invoice INV-4072 (46 days overdue)
Backend CI	Run tests	2026-03-17T02:41:37.3832384Z INFO     app.scheduler.services.notification_creation:notification_creation.py:64 Created overdue notification for invoice INV-7649 (232 days overdue)
Backend CI	Run tests	2026-03-17T02:41:37.3832914Z INFO     app.scheduler.services.notification_creation:notification_creation.py:64 Created overdue notification for invoice INV-6112 (135 days overdue)
Backend CI	Run tests	2026-03-17T02:41:37.3833344Z INFO     app.scheduler.services.notification_creation:notification_creation.py:64 Created overdue notification for invoice INV-6745 (51 days overdue)
Backend CI	Run tests	2026-03-17T02:41:37.3833772Z INFO     app.scheduler.services.notification_creation:notification_creation.py:64 Created overdue notification for invoice INV-1000 (15 days overdue)
Backend CI	Run tests	2026-03-17T02:41:37.3834203Z INFO     app.scheduler.services.notification_creation:notification_creation.py:64 Created overdue notification for invoice INV-3842 (143 days overdue)
Backend CI	Run tests	2026-03-17T02:41:37.3834744Z INFO     app.scheduler.services.notification_creation:notification_creation.py:64 Created overdue notification for invoice INV-6592 (333 days overdue)
Backend CI	Run tests	2026-03-17T02:41:37.3835205Z INFO     app.scheduler.services.notification_creation:notification_creation.py:64 Created overdue notification for invoice INV-9326 (31 days overdue)
Backend CI	Run tests	2026-03-17T02:41:37.3835634Z INFO     app.scheduler.services.notification_creation:notification_creation.py:64 Created overdue notification for invoice INV-1000 (1 days overdue)
Backend CI	Run tests	2026-03-17T02:41:37.3836066Z INFO     app.scheduler.services.notification_creation:notification_creation.py:64 Created overdue notification for invoice INV-4072 (46 days overdue)
Backend CI	Run tests	2026-03-17T02:41:37.3836501Z INFO     app.scheduler.services.notification_creation:notification_creation.py:64 Created overdue notification for invoice INV-7649 (232 days overdue)
Backend CI	Run tests	2026-03-17T02:41:37.3836938Z INFO     app.scheduler.services.notification_creation:notification_creation.py:64 Created overdue notification for invoice INV-6112 (135 days overdue)
Backend CI	Run tests	2026-03-17T02:41:37.3837758Z INFO     app.scheduler.services.notification_creation:notification_creation.py:64 Created overdue notification for invoice INV-5250 (161 days overdue)
Backend CI	Run tests	2026-03-17T02:41:37.3838214Z INFO     app.scheduler.services.notification_creation:notification_creation.py:64 Created overdue notification for invoice INV-7906 (293 days overdue)
Backend CI	Run tests	2026-03-17T02:41:37.3838650Z INFO     app.scheduler.services.notification_creation:notification_creation.py:64 Created overdue notification for invoice INV-7823 (264 days overdue)
Backend CI	Run tests	2026-03-17T02:41:37.3839081Z INFO     app.scheduler.services.notification_creation:notification_creation.py:64 Created overdue notification for invoice INV-2907 (86 days overdue)
Backend CI	Run tests	2026-03-17T02:41:37.3839517Z INFO     app.scheduler.services.notification_creation:notification_creation.py:64 Created overdue notification for invoice INV-4472 (238 days overdue)
Backend CI	Run tests	2026-03-17T02:41:37.3839943Z INFO     app.scheduler.services.notification_creation:notification_creation.py:64 Created overdue notification for invoice INV-1000 (1 days overdue)
Backend CI	Run tests	2026-03-17T02:41:37.3840378Z INFO     app.scheduler.services.notification_creation:notification_creation.py:64 Created overdue notification for invoice INV-1000 (108 days overdue)
Backend CI	Run tests	2026-03-17T02:41:37.3840802Z INFO     app.scheduler.services.notification_creation:notification_creation.py:64 Created overdue notification for invoice INV-5031 (61 days overdue)
Backend CI	Run tests	2026-03-17T02:41:37.3841233Z INFO     app.scheduler.services.notification_creation:notification_creation.py:64 Created overdue notification for invoice INV-6053 (71 days overdue)
Backend CI	Run tests	2026-03-17T02:41:37.3841791Z INFO     app.scheduler.services.notification_creation:notification_creation.py:64 Created overdue notification for invoice INV-7406 (50 days overdue)
Backend CI	Run tests	2026-03-17T02:41:37.3842223Z INFO     app.scheduler.services.notification_creation:notification_creation.py:64 Created overdue notification for invoice INV-5250 (161 days overdue)
Backend CI	Run tests	2026-03-17T02:41:37.3842806Z INFO     app.scheduler.services.notification_creation:notification_creation.py:64 Created overdue notification for invoice INV-7906 (293 days overdue)
Backend CI	Run tests	2026-03-17T02:41:37.3843241Z INFO     app.scheduler.services.notification_creation:notification_creation.py:64 Created overdue notification for invoice INV-7823 (264 days overdue)
Backend CI	Run tests	2026-03-17T02:41:37.3843673Z INFO     app.scheduler.services.notification_creation:notification_creation.py:64 Created overdue notification for invoice INV-2907 (86 days overdue)
Backend CI	Run tests	2026-03-17T02:41:37.3844103Z INFO     app.scheduler.services.notification_creation:notification_creation.py:64 Created overdue notification for invoice INV-4472 (238 days overdue)
Backend CI	Run tests	2026-03-17T02:41:37.3844539Z INFO     app.scheduler.services.notification_creation:notification_creation.py:64 Created overdue notification for invoice INV-1000 (1 days overdue)
Backend CI	Run tests	2026-03-17T02:41:37.3844966Z INFO     app.scheduler.services.notification_creation:notification_creation.py:64 Created overdue notification for invoice INV-1000 (108 days overdue)
Backend CI	Run tests	2026-03-17T02:41:37.3845545Z INFO     app.scheduler.services.notification_creation:notification_creation.py:64 Created overdue notification for invoice INV-5031 (61 days overdue)
Backend CI	Run tests	2026-03-17T02:41:37.3845973Z INFO     app.scheduler.services.notification_creation:notification_creation.py:64 Created overdue notification for invoice INV-6053 (71 days overdue)
Backend CI	Run tests	2026-03-17T02:41:37.3846405Z INFO     app.scheduler.services.notification_creation:notification_creation.py:64 Created overdue notification for invoice INV-7406 (50 days overdue)
Backend CI	Run tests	2026-03-17T02:41:37.3846838Z INFO     app.scheduler.services.notification_creation:notification_creation.py:64 Created overdue notification for invoice INV-7619 (291 days overdue)
Backend CI	Run tests	2026-03-17T02:41:37.3847267Z INFO     app.scheduler.services.notification_creation:notification_creation.py:64 Created overdue notification for invoice INV-3662 (80 days overdue)
Backend CI	Run tests	2026-03-17T02:41:37.3847696Z INFO     app.scheduler.services.notification_creation:notification_creation.py:64 Created overdue notification for invoice INV-9200 (67 days overdue)
Backend CI	Run tests	2026-03-17T02:41:37.3848122Z INFO     app.scheduler.services.notification_creation:notification_creation.py:64 Created overdue notification for invoice INV-7136 (16 days overdue)
Backend CI	Run tests	2026-03-17T02:41:37.3848545Z INFO     app.scheduler.services.notification_creation:notification_creation.py:64 Created overdue notification for invoice INV-9724 (6 days overdue)
Backend CI	Run tests	2026-03-17T02:41:37.3848979Z INFO     app.scheduler.services.notification_creation:notification_creation.py:64 Created overdue notification for invoice INV-3514 (252 days overdue)
Backend CI	Run tests	2026-03-17T02:41:37.3849400Z INFO     app.scheduler.services.notification_creation:notification_creation.py:64 Created overdue notification for invoice INV-7875 (33 days overdue)
Backend CI	Run tests	2026-03-17T02:41:37.3849836Z INFO     app.scheduler.services.notification_creation:notification_creation.py:64 Created overdue notification for invoice INV-1322 (277 days overdue)
Backend CI	Run tests	2026-03-17T02:41:37.3850268Z INFO     app.scheduler.services.notification_creation:notification_creation.py:64 Created overdue notification for invoice INV-1152 (201 days overdue)
Backend CI	Run tests	2026-03-17T02:41:37.3850706Z INFO     app.scheduler.services.notification_creation:notification_creation.py:64 Created overdue notification for invoice INV-5193 (192 days overdue)
Backend CI	Run tests	2026-03-17T02:41:37.3851125Z INFO     app.scheduler.services.notification_creation:notification_creation.py:64 Created overdue notification for invoice INV-1000 (1 days overdue)
Backend CI	Run tests	2026-03-17T02:41:37.3851554Z INFO     app.scheduler.services.notification_creation:notification_creation.py:64 Created overdue notification for invoice INV-7378 (158 days overdue)
Backend CI	Run tests	2026-03-17T02:41:37.3852101Z INFO     app.scheduler.services.notification_creation:notification_creation.py:64 Created overdue notification for invoice INV-5116 (220 days overdue)
Backend CI	Run tests	2026-03-17T02:41:37.3852527Z INFO     app.scheduler.services.notification_creation:notification_creation.py:64 Created overdue notification for invoice INV-2357 (130 days overdue)
Backend CI	Run tests	2026-03-17T02:41:37.3853064Z INFO     app.scheduler.services.notification_creation:notification_creation.py:64 Created overdue notification for invoice INV-8571 (7 days overdue)
Backend CI	Run tests	2026-03-17T02:41:37.3853493Z INFO     app.scheduler.services.notification_creation:notification_creation.py:64 Created overdue notification for invoice INV-3514 (252 days overdue)
Backend CI	Run tests	2026-03-17T02:41:37.3853919Z INFO     app.scheduler.services.notification_creation:notification_creation.py:64 Created overdue notification for invoice INV-7875 (33 days overdue)
Backend CI	Run tests	2026-03-17T02:41:37.3854352Z INFO     app.scheduler.services.notification_creation:notification_creation.py:64 Created overdue notification for invoice INV-1322 (277 days overdue)
Backend CI	Run tests	2026-03-17T02:41:37.3854786Z INFO     app.scheduler.services.notification_creation:notification_creation.py:64 Created overdue notification for invoice INV-1152 (201 days overdue)
Backend CI	Run tests	2026-03-17T02:41:37.3855222Z INFO     app.scheduler.services.notification_creation:notification_creation.py:64 Created overdue notification for invoice INV-5193 (192 days overdue)
Backend CI	Run tests	2026-03-17T02:41:37.3855751Z INFO     app.scheduler.services.notification_creation:notification_creation.py:64 Created overdue notification for invoice INV-1000 (1 days overdue)
Backend CI	Run tests	2026-03-17T02:41:37.3856192Z INFO     app.scheduler.services.notification_creation:notification_creation.py:64 Created overdue notification for invoice INV-7378 (158 days overdue)
Backend CI	Run tests	2026-03-17T02:41:37.3856620Z INFO     app.scheduler.services.notification_creation:notification_creation.py:64 Created overdue notification for invoice INV-5116 (220 days overdue)
Backend CI	Run tests	2026-03-17T02:41:37.3857049Z INFO     app.scheduler.services.notification_creation:notification_creation.py:64 Created overdue notification for invoice INV-2357 (130 days overdue)
Backend CI	Run tests	2026-03-17T02:41:37.3857478Z INFO     app.scheduler.services.notification_creation:notification_creation.py:64 Created overdue notification for invoice INV-8571 (7 days overdue)
Backend CI	Run tests	2026-03-17T02:41:37.3857913Z INFO     app.scheduler.services.notification_creation:notification_creation.py:64 Created overdue notification for invoice INV-4040 (153 days overdue)
Backend CI	Run tests	2026-03-17T02:41:37.3858340Z INFO     app.scheduler.services.notification_creation:notification_creation.py:64 Created overdue notification for invoice INV-7889 (30 days overdue)
Backend CI	Run tests	2026-03-17T02:41:37.3858763Z INFO     app.scheduler.services.notification_creation:notification_creation.py:64 Created overdue notification for invoice INV-7626 (54 days overdue)
Backend CI	Run tests	2026-03-17T02:41:37.3859190Z INFO     app.scheduler.services.notification_creation:notification_creation.py:64 Created overdue notification for invoice INV-1576 (45 days overdue)
Backend CI	Run tests	2026-03-17T02:41:37.3859620Z INFO     app.scheduler.services.notification_creation:notification_creation.py:64 Created overdue notification for invoice INV-1199 (136 days overdue)
Backend CI	Run tests	2026-03-17T02:41:37.3860042Z INFO     app.scheduler.services.notification_creation:notification_creation.py:64 Created overdue notification for invoice INV-1000 (1 days overdue)
Backend CI	Run tests	2026-03-17T02:41:37.3860479Z INFO     app.scheduler.services.notification_creation:notification_creation.py:64 Created overdue notification for invoice INV-3738 (240 days overdue)
Backend CI	Run tests	2026-03-17T02:41:37.3860906Z INFO     app.scheduler.services.notification_creation:notification_creation.py:64 Created overdue notification for invoice INV-5895 (331 days overdue)
Backend CI	Run tests	2026-03-17T02:41:37.3861349Z INFO     app.scheduler.services.notification_creation:notification_creation.py:64 Created overdue notification for invoice INV-9513 (243 days overdue)
Backend CI	Run tests	2026-03-17T02:41:37.3861781Z INFO     app.scheduler.services.notification_creation:notification_creation.py:64 Created overdue notification for invoice INV-8187 (88 days overdue)
Backend CI	Run tests	2026-03-17T02:41:37.3862315Z INFO     app.scheduler.services.notification_creation:notification_creation.py:64 Created overdue notification for invoice INV-4040 (153 days overdue)
Backend CI	Run tests	2026-03-17T02:41:37.3862841Z INFO     app.scheduler.services.notification_creation:notification_creation.py:64 Created overdue notification for invoice INV-7889 (30 days overdue)
Backend CI	Run tests	2026-03-17T02:41:37.3863272Z INFO     app.scheduler.services.notification_creation:notification_creation.py:64 Created overdue notification for invoice INV-7626 (54 days overdue)
Backend CI	Run tests	2026-03-17T02:41:37.3863701Z INFO     app.scheduler.services.notification_creation:notification_creation.py:64 Created overdue notification for invoice INV-1576 (45 days overdue)
Backend CI	Run tests	2026-03-17T02:41:37.3864128Z INFO     app.scheduler.services.notification_creation:notification_creation.py:64 Created overdue notification for invoice INV-1199 (136 days overdue)
Backend CI	Run tests	2026-03-17T02:41:37.3864556Z INFO     app.scheduler.services.notification_creation:notification_creation.py:64 Created overdue notification for invoice INV-1000 (1 days overdue)
Backend CI	Run tests	2026-03-17T02:41:37.3864988Z INFO     app.scheduler.services.notification_creation:notification_creation.py:64 Created overdue notification for invoice INV-3738 (240 days overdue)
Backend CI	Run tests	2026-03-17T02:41:37.3865416Z INFO     app.scheduler.services.notification_creation:notification_creation.py:64 Created overdue notification for invoice INV-5895 (331 days overdue)
Backend CI	Run tests	2026-03-17T02:41:37.3865961Z INFO     app.scheduler.services.notification_creation:notification_creation.py:64 Created overdue notification for invoice INV-9513 (243 days overdue)
Backend CI	Run tests	2026-03-17T02:41:37.3866385Z INFO     app.scheduler.services.notification_creation:notification_creation.py:64 Created overdue notification for invoice INV-8187 (88 days overdue)
Backend CI	Run tests	2026-03-17T02:41:37.3866813Z INFO     app.scheduler.services.notification_creation:notification_creation.py:64 Created overdue notification for invoice INV-1990 (9 days overdue)
Backend CI	Run tests	2026-03-17T02:41:37.3867239Z INFO     app.scheduler.services.notification_creation:notification_creation.py:64 Created overdue notification for invoice INV-3401 (364 days overdue)
Backend CI	Run tests	2026-03-17T02:41:37.3867665Z INFO     app.scheduler.services.notification_creation:notification_creation.py:64 Created overdue notification for invoice INV-8699 (24 days overdue)
Backend CI	Run tests	2026-03-17T02:41:37.3868104Z INFO     app.scheduler.services.notification_creation:notification_creation.py:64 Created overdue notification for invoice INV-7270 (340 days overdue)
Backend CI	Run tests	2026-03-17T02:41:37.3868532Z INFO     app.scheduler.services.notification_creation:notification_creation.py:64 Created overdue notification for invoice INV-1011 (341 days overdue)
Backend CI	Run tests	2026-03-17T02:41:37.3868957Z INFO     app.scheduler.services.notification_creation:notification_creation.py:64 Created overdue notification for invoice INV-1000 (1 days overdue)
Backend CI	Run tests	2026-03-17T02:41:37.3869380Z INFO     app.scheduler.services.notification_creation:notification_creation.py:64 Created overdue notification for invoice INV-3963 (77 days overdue)
Backend CI	Run tests	2026-03-17T02:41:37.3869810Z INFO     app.scheduler.services.notification_creation:notification_creation.py:64 Created overdue notification for invoice INV-1990 (9 days overdue)
Backend CI	Run tests	2026-03-17T02:41:37.3870239Z INFO     app.scheduler.services.notification_creation:notification_creation.py:64 Created overdue notification for invoice INV-3401 (364 days overdue)
Backend CI	Run tests	2026-03-17T02:41:37.3870666Z INFO     app.scheduler.services.notification_creation:notification_creation.py:64 Created overdue notification for invoice INV-8699 (24 days overdue)
Backend CI	Run tests	2026-03-17T02:41:37.3871102Z INFO     app.scheduler.services.notification_creation:notification_creation.py:64 Created overdue notification for invoice INV-7270 (340 days overdue)
Backend CI	Run tests	2026-03-17T02:41:37.3871526Z INFO     app.scheduler.services.notification_creation:notification_creation.py:64 Created overdue notification for invoice INV-1011 (341 days overdue)
Backend CI	Run tests	2026-03-17T02:41:37.3871948Z INFO     app.scheduler.services.notification_creation:notification_creation.py:64 Created overdue notification for invoice INV-1000 (1 days overdue)
Backend CI	Run tests	2026-03-17T02:41:37.3872479Z INFO     app.scheduler.services.notification_creation:notification_creation.py:64 Created overdue notification for invoice INV-3963 (77 days overdue)
Backend CI	Run tests	2026-03-17T02:41:37.3873005Z INFO     app.scheduler.services.notification_creation:notification_creation.py:64 Created overdue notification for invoice INV-2435 (38 days overdue)
Backend CI	Run tests	2026-03-17T02:41:37.3873446Z INFO     app.scheduler.services.notification_creation:notification_creation.py:64 Created overdue notification for invoice INV-9405 (186 days overdue)
Backend CI	Run tests	2026-03-17T02:41:37.3873870Z INFO     app.scheduler.services.notification_creation:notification_creation.py:64 Created overdue notification for invoice INV-8291 (30 days overdue)
Backend CI	Run tests	2026-03-17T02:41:37.3874301Z INFO     app.scheduler.services.notification_creation:notification_creation.py:64 Created overdue notification for invoice INV-9557 (190 days overdue)
Backend CI	Run tests	2026-03-17T02:41:37.3874729Z INFO     app.scheduler.services.notification_creation:notification_creation.py:64 Created overdue notification for invoice INV-2726 (299 days overdue)
Backend CI	Run tests	2026-03-17T02:41:37.3875161Z INFO     app.scheduler.services.notification_creation:notification_creation.py:64 Created overdue notification for invoice INV-1000 (1 days overdue)
Backend CI	Run tests	2026-03-17T02:41:37.3875693Z INFO     app.scheduler.services.notification_creation:notification_creation.py:64 Created overdue notification for invoice INV-9456 (318 days overdue)
Backend CI	Run tests	2026-03-17T02:41:37.3876116Z INFO     app.scheduler.services.notification_creation:notification_creation.py:64 Created overdue notification for invoice INV-2435 (38 days overdue)
Backend CI	Run tests	2026-03-17T02:41:37.3876547Z INFO     app.scheduler.services.notification_creation:notification_creation.py:64 Created overdue notification for invoice INV-9405 (186 days overdue)
Backend CI	Run tests	2026-03-17T02:41:37.3876968Z INFO     app.scheduler.services.notification_creation:notification_creation.py:64 Created overdue notification for invoice INV-8291 (30 days overdue)
Backend CI	Run tests	2026-03-17T02:41:37.3877406Z INFO     app.scheduler.services.notification_creation:notification_creation.py:64 Created overdue notification for invoice INV-9557 (190 days overdue)
Backend CI	Run tests	2026-03-17T02:41:37.3877833Z INFO     app.scheduler.services.notification_creation:notification_creation.py:64 Created overdue notification for invoice INV-2726 (299 days overdue)
Backend CI	Run tests	2026-03-17T02:41:37.3878262Z INFO     app.scheduler.services.notification_creation:notification_creation.py:64 Created overdue notification for invoice INV-1000 (1 days overdue)
Backend CI	Run tests	2026-03-17T02:41:37.3878686Z INFO     app.scheduler.services.notification_creation:notification_creation.py:64 Created overdue notification for invoice INV-9456 (318 days overdue)
Backend CI	Run tests	2026-03-17T02:41:37.3879110Z INFO     app.scheduler.services.notification_creation:notification_creation.py:64 Created overdue notification for invoice INV-3309 (353 days overdue)
Backend CI	Run tests	2026-03-17T02:41:37.3879534Z INFO     app.scheduler.services.notification_creation:notification_creation.py:64 Created overdue notification for invoice INV-6322 (2 days overdue)
Backend CI	Run tests	2026-03-17T02:41:37.3879960Z INFO     app.scheduler.services.notification_creation:notification_creation.py:64 Created overdue notification for invoice INV-7365 (12 days overdue)
Backend CI	Run tests	2026-03-17T02:41:37.3880391Z INFO     app.scheduler.services.notification_creation:notification_creation.py:64 Created overdue notification for invoice INV-4385 (280 days overdue)
Backend CI	Run tests	2026-03-17T02:41:37.3880823Z INFO     app.scheduler.services.notification_creation:notification_creation.py:64 Created overdue notification for invoice INV-2530 (262 days overdue)
Backend CI	Run tests	2026-03-17T02:41:37.3881246Z INFO     app.scheduler.services.notification_creation:notification_creation.py:64 Created overdue notification for invoice INV-1000 (1 days overdue)
Backend CI	Run tests	2026-03-17T02:41:37.3881678Z INFO     app.scheduler.services.notification_creation:notification_creation.py:64 Created overdue notification for invoice INV-3824 (272 days overdue)
Backend CI	Run tests	2026-03-17T02:41:37.3882105Z INFO     app.scheduler.services.notification_creation:notification_creation.py:64 Created overdue notification for invoice INV-6144 (210 days overdue)
Backend CI	Run tests	2026-03-17T02:41:37.3882810Z INFO     app.scheduler.services.notification_creation:notification_creation.py:64 Created overdue notification for invoice INV-2212 (192 days overdue)
Backend CI	Run tests	2026-03-17T02:41:37.3883245Z INFO     app.scheduler.services.notification_creation:notification_creation.py:64 Created overdue notification for invoice INV-9270 (210 days overdue)
Backend CI	Run tests	2026-03-17T02:41:37.3883682Z INFO     app.scheduler.services.notification_creation:notification_creation.py:64 Created overdue notification for invoice INV-3309 (353 days overdue)
Backend CI	Run tests	2026-03-17T02:41:37.3884099Z INFO     app.scheduler.services.notification_creation:notification_creation.py:64 Created overdue notification for invoice INV-6322 (2 days overdue)
Backend CI	Run tests	2026-03-17T02:41:37.3884520Z INFO     app.scheduler.services.notification_creation:notification_creation.py:64 Created overdue notification for invoice INV-7365 (12 days overdue)
Backend CI	Run tests	2026-03-17T02:41:37.3884956Z INFO     app.scheduler.services.notification_creation:notification_creation.py:64 Created overdue notification for invoice INV-4385 (280 days overdue)
Backend CI	Run tests	2026-03-17T02:41:37.3885380Z INFO     app.scheduler.services.notification_creation:notification_creation.py:64 Created overdue notification for invoice INV-2530 (262 days overdue)
Backend CI	Run tests	2026-03-17T02:41:37.3885916Z INFO     app.scheduler.services.notification_creation:notification_creation.py:64 Created overdue notification for invoice INV-1000 (1 days overdue)
Backend CI	Run tests	2026-03-17T02:41:37.3886343Z INFO     app.scheduler.services.notification_creation:notification_creation.py:64 Created overdue notification for invoice INV-3824 (272 days overdue)
Backend CI	Run tests	2026-03-17T02:41:37.3886769Z INFO     app.scheduler.services.notification_creation:notification_creation.py:64 Created overdue notification for invoice INV-6144 (210 days overdue)
Backend CI	Run tests	2026-03-17T02:41:37.3887205Z INFO     app.scheduler.services.notification_creation:notification_creation.py:64 Created overdue notification for invoice INV-2212 (192 days overdue)
Backend CI	Run tests	2026-03-17T02:41:37.3887634Z INFO     app.scheduler.services.notification_creation:notification_creation.py:64 Created overdue notification for invoice INV-9270 (210 days overdue)
Backend CI	Run tests	2026-03-17T02:41:37.3888071Z INFO     app.scheduler.services.notification_creation:notification_creation.py:64 Created overdue notification for invoice INV-2403 (268 days overdue)
Backend CI	Run tests	2026-03-17T02:41:37.3888504Z INFO     app.scheduler.services.notification_creation:notification_creation.py:64 Created overdue notification for invoice INV-9954 (364 days overdue)
Backend CI	Run tests	2026-03-17T02:41:37.3888935Z INFO     app.scheduler.services.notification_creation:notification_creation.py:64 Created overdue notification for invoice INV-6114 (296 days overdue)
Backend CI	Run tests	2026-03-17T02:41:37.3889362Z INFO     app.scheduler.services.notification_creation:notification_creation.py:64 Created overdue notification for invoice INV-9165 (359 days overdue)
Backend CI	Run tests	2026-03-17T02:41:37.3889790Z INFO     app.scheduler.services.notification_creation:notification_creation.py:64 Created overdue notification for invoice INV-7479 (251 days overdue)
Backend CI	Run tests	2026-03-17T02:41:37.3890222Z INFO     app.scheduler.services.notification_creation:notification_creation.py:64 Created overdue notification for invoice INV-2156 (311 days overdue)
Backend CI	Run tests	2026-03-17T02:41:37.3890651Z INFO     app.scheduler.services.notification_creation:notification_creation.py:64 Created overdue notification for invoice INV-3650 (53 days overdue)
Backend CI	Run tests	2026-03-17T02:41:37.3891086Z INFO     app.scheduler.services.notification_creation:notification_creation.py:64 Created overdue notification for invoice INV-3021 (347 days overdue)
Backend CI	Run tests	2026-03-17T02:41:37.3891509Z INFO     app.scheduler.services.notification_creation:notification_creation.py:64 Created overdue notification for invoice INV-2628 (110 days overdue)
Backend CI	Run tests	2026-03-17T02:41:37.3891941Z INFO     app.scheduler.services.notification_creation:notification_creation.py:64 Created overdue notification for invoice INV-5116 (246 days overdue)
Backend CI	Run tests	2026-03-17T02:41:37.3892359Z INFO     app.scheduler.services.notification_creation:notification_creation.py:64 Created overdue notification for invoice INV-1000 (1 days overdue)
Backend CI	Run tests	2026-03-17T02:41:37.3893001Z INFO     app.scheduler.services.notification_creation:notification_creation.py:64 Created overdue notification for invoice INV-4504 (144 days overdue)
Backend CI	Run tests	2026-03-17T02:41:37.3893435Z INFO     app.scheduler.services.notification_creation:notification_creation.py:64 Created overdue notification for invoice INV-2156 (311 days overdue)
Backend CI	Run tests	2026-03-17T02:41:37.3893858Z INFO     app.scheduler.services.notification_creation:notification_creation.py:64 Created overdue notification for invoice INV-3650 (53 days overdue)
Backend CI	Run tests	2026-03-17T02:41:37.3894292Z INFO     app.scheduler.services.notification_creation:notification_creation.py:64 Created overdue notification for invoice INV-3021 (347 days overdue)
Backend CI	Run tests	2026-03-17T02:41:37.3894717Z INFO     app.scheduler.services.notification_creation:notification_creation.py:64 Created overdue notification for invoice INV-2628 (110 days overdue)
Backend CI	Run tests	2026-03-17T02:41:37.3895157Z INFO     app.scheduler.services.notification_creation:notification_creation.py:64 Created overdue notification for invoice INV-5116 (246 days overdue)
Backend CI	Run tests	2026-03-17T02:41:37.3895574Z INFO     app.scheduler.services.notification_creation:notification_creation.py:64 Created overdue notification for invoice INV-1000 (1 days overdue)
Backend CI	Run tests	2026-03-17T02:41:37.3896114Z INFO     app.scheduler.services.notification_creation:notification_creation.py:64 Created overdue notification for invoice INV-4504 (144 days overdue)
Backend CI	Run tests	2026-03-17T02:41:37.3896542Z INFO     app.scheduler.services.notification_creation:notification_creation.py:64 Created overdue notification for invoice INV-2497 (125 days overdue)
Backend CI	Run tests	2026-03-17T02:41:37.3896968Z INFO     app.scheduler.services.notification_creation:notification_creation.py:64 Created overdue notification for invoice INV-2774 (287 days overdue)
Backend CI	Run tests	2026-03-17T02:41:37.3897400Z INFO     app.scheduler.services.notification_creation:notification_creation.py:64 Created overdue notification for invoice INV-1347 (140 days overdue)
Backend CI	Run tests	2026-03-17T02:41:37.3897830Z INFO     app.scheduler.services.notification_creation:notification_creation.py:64 Created overdue notification for invoice INV-3534 (294 days overdue)
Backend CI	Run tests	2026-03-17T02:41:37.3898259Z INFO     app.scheduler.services.notification_creation:notification_creation.py:64 Created overdue notification for invoice INV-9999 (362 days overdue)
Backend CI	Run tests	2026-03-17T02:41:37.3898684Z INFO     app.scheduler.services.notification_creation:notification_creation.py:64 Created overdue notification for invoice INV-1000 (1 days overdue)
Backend CI	Run tests	2026-03-17T02:41:37.3899107Z INFO     app.scheduler.services.notification_creation:notification_creation.py:64 Created overdue notification for invoice INV-6295 (99 days overdue)
Backend CI	Run tests	2026-03-17T02:41:37.3899537Z INFO     app.scheduler.services.notification_creation:notification_creation.py:64 Created overdue notification for invoice INV-8933 (323 days overdue)
Backend CI	Run tests	2026-03-17T02:41:37.3900193Z INFO     app.scheduler.services.notification_creation:notification_creation.py:64 Created overdue notification for invoice INV-9661 (296 days overdue)
Backend CI	Run tests	2026-03-17T02:41:37.3900643Z INFO     app.scheduler.services.notification_creation:notification_creation.py:64 Created overdue notification for invoice INV-8017 (72 days overdue)
Backend CI	Run tests	2026-03-17T02:41:37.3901079Z INFO     app.scheduler.services.notification_creation:notification_creation.py:64 Created overdue notification for invoice INV-2497 (125 days overdue)
Backend CI	Run tests	2026-03-17T02:41:37.3901512Z INFO     app.scheduler.services.notification_creation:notification_creation.py:64 Created overdue notification for invoice INV-2774 (287 days overdue)
Backend CI	Run tests	2026-03-17T02:41:37.3901937Z INFO     app.scheduler.services.notification_creation:notification_creation.py:64 Created overdue notification for invoice INV-1347 (140 days overdue)
Backend CI	Run tests	2026-03-17T02:41:37.3902362Z INFO     app.scheduler.services.notification_creation:notification_creation.py:64 Created overdue notification for invoice INV-3534 (294 days overdue)
Backend CI	Run tests	2026-03-17T02:41:37.3903401Z INFO     app.scheduler.services.notification_creation:notification_creation.py:64 Created overdue notification for invoice INV-9999 (362 days overdue)
Backend CI	Run tests	2026-03-17T02:41:37.3904183Z INFO     app.scheduler.services.notification_creation:notification_creation.py:64 Created overdue notification for invoice INV-1000 (1 days overdue)
Backend CI	Run tests	2026-03-17T02:41:37.3904974Z INFO     app.scheduler.services.notification_creation:notification_creation.py:64 Created overdue notification for invoice INV-6295 (99 days overdue)
Backend CI	Run tests	2026-03-17T02:41:37.3905750Z INFO     app.scheduler.services.notification_creation:notification_creation.py:64 Created overdue notification for invoice INV-8933 (323 days overdue)
Backend CI	Run tests	2026-03-17T02:41:37.3906524Z INFO     app.scheduler.services.notification_creation:notification_creation.py:64 Created overdue notification for invoice INV-9661 (296 days overdue)
Backend CI	Run tests	2026-03-17T02:41:37.3907246Z INFO     app.scheduler.services.notification_creation:notification_creation.py:64 Created overdue notification for invoice INV-8017 (72 days overdue)
Backend CI	Run tests	2026-03-17T02:41:37.3907697Z INFO     app.scheduler.services.notification_creation:notification_creation.py:64 Created overdue notification for invoice INV-9998 (174 days overdue)
Backend CI	Run tests	2026-03-17T02:41:37.3908135Z INFO     app.scheduler.services.notification_creation:notification_creation.py:64 Created overdue notification for invoice INV-2672 (103 days overdue)
Backend CI	Run tests	2026-03-17T02:41:37.3908714Z INFO     app.scheduler.services.notification_creation:notification_creation.py:64 Created overdue notification for invoice INV-4167 (31 days overdue)
Backend CI	Run tests	2026-03-17T02:41:37.3909144Z INFO     app.scheduler.services.notification_creation:notification_creation.py:64 Created overdue notification for invoice INV-3560 (282 days overdue)
Backend CI	Run tests	2026-03-17T02:41:37.3909567Z INFO     app.scheduler.services.notification_creation:notification_creation.py:64 Created overdue notification for invoice INV-1531 (64 days overdue)
Backend CI	Run tests	2026-03-17T02:41:37.3909991Z INFO     app.scheduler.services.notification_creation:notification_creation.py:64 Created overdue notification for invoice INV-1000 (1 days overdue)
Backend CI	Run tests	2026-03-17T02:41:37.3910430Z INFO     app.scheduler.services.notification_creation:notification_creation.py:64 Created overdue notification for invoice INV-8010 (352 days overdue)
Backend CI	Run tests	2026-03-17T02:41:37.3910857Z INFO     app.scheduler.services.notification_creation:notification_creation.py:64 Created overdue notification for invoice INV-9998 (174 days overdue)
Backend CI	Run tests	2026-03-17T02:41:37.3911292Z INFO     app.scheduler.services.notification_creation:notification_creation.py:64 Created overdue notification for invoice INV-2672 (103 days overdue)
Backend CI	Run tests	2026-03-17T02:41:37.3911716Z INFO     app.scheduler.services.notification_creation:notification_creation.py:64 Created overdue notification for invoice INV-4167 (31 days overdue)
Backend CI	Run tests	2026-03-17T02:41:37.3912147Z INFO     app.scheduler.services.notification_creation:notification_creation.py:64 Created overdue notification for invoice INV-3560 (282 days overdue)
Backend CI	Run tests	2026-03-17T02:41:37.3912575Z INFO     app.scheduler.services.notification_creation:notification_creation.py:64 Created overdue notification for invoice INV-1531 (64 days overdue)
Backend CI	Run tests	2026-03-17T02:41:37.3913158Z INFO     app.scheduler.services.notification_creation:notification_creation.py:64 Created overdue notification for invoice INV-1000 (1 days overdue)
Backend CI	Run tests	2026-03-17T02:41:37.3913596Z INFO     app.scheduler.services.notification_creation:notification_creation.py:64 Created overdue notification for invoice INV-8010 (352 days overdue)
Backend CI	Run tests	2026-03-17T02:41:37.3914020Z INFO     app.scheduler.services.notification_creation:notification_creation.py:64 Created overdue notification for invoice INV-3857 (10 days overdue)
Backend CI	Run tests	2026-03-17T02:41:37.3914454Z INFO     app.scheduler.services.notification_creation:notification_creation.py:64 Created overdue notification for invoice INV-1634 (306 days overdue)
Backend CI	Run tests	2026-03-17T02:41:37.3914880Z INFO     app.scheduler.services.notification_creation:notification_creation.py:64 Created overdue notification for invoice INV-1593 (191 days overdue)
Backend CI	Run tests	2026-03-17T02:41:37.3915423Z INFO     app.scheduler.services.notification_creation:notification_creation.py:64 Created overdue notification for invoice INV-4521 (303 days overdue)
Backend CI	Run tests	2026-03-17T02:41:37.3915856Z INFO     app.scheduler.services.notification_creation:notification_creation.py:64 Created overdue notification for invoice INV-7049 (316 days overdue)
Backend CI	Run tests	2026-03-17T02:41:37.3916286Z INFO     app.scheduler.services.notification_creation:notification_creation.py:64 Created overdue notification for invoice INV-1000 (1 days overdue)
Backend CI	Run tests	2026-03-17T02:41:37.3916710Z INFO     app.scheduler.services.notification_creation:notification_creation.py:64 Created overdue notification for invoice INV-2495 (5 days overdue)
Backend CI	Run tests	2026-03-17T02:41:37.3917131Z INFO     app.scheduler.services.notification_creation:notification_creation.py:64 Created overdue notification for invoice INV-9326 (78 days overdue)
Backend CI	Run tests	2026-03-17T02:41:37.3917558Z INFO     app.scheduler.services.notification_creation:notification_creation.py:64 Created overdue notification for invoice INV-3857 (10 days overdue)
Backend CI	Run tests	2026-03-17T02:41:37.3917987Z INFO     app.scheduler.services.notification_creation:notification_creation.py:64 Created overdue notification for invoice INV-1634 (306 days overdue)
Backend CI	Run tests	2026-03-17T02:41:37.3918412Z INFO     app.scheduler.services.notification_creation:notification_creation.py:64 Created overdue notification for invoice INV-1593 (191 days overdue)
Backend CI	Run tests	2026-03-17T02:41:37.3918979Z INFO     app.scheduler.services.notification_creation:notification_creation.py:64 Created overdue notification for invoice INV-4521 (303 days overdue)
Backend CI	Run tests	2026-03-17T02:41:37.3919405Z INFO     app.scheduler.services.notification_creation:notification_creation.py:64 Created overdue notification for invoice INV-7049 (316 days overdue)
Backend CI	Run tests	2026-03-17T02:41:37.3919828Z INFO     app.scheduler.services.notification_creation:notification_creation.py:64 Created overdue notification for invoice INV-1000 (1 days overdue)
Backend CI	Run tests	2026-03-17T02:41:37.3920248Z INFO     app.scheduler.services.notification_creation:notification_creation.py:64 Created overdue notification for invoice INV-2495 (5 days overdue)
Backend CI	Run tests	2026-03-17T02:41:37.3920675Z INFO     app.scheduler.services.notification_creation:notification_creation.py:64 Created overdue notification for invoice INV-9326 (78 days overdue)
Backend CI	Run tests	2026-03-17T02:41:37.3921112Z INFO     app.scheduler.services.notification_creation:notification_creation.py:64 Created overdue notification for invoice INV-4913 (294 days overdue)
Backend CI	Run tests	2026-03-17T02:41:37.3921532Z INFO     app.scheduler.services.notification_creation:notification_creation.py:64 Created overdue notification for invoice INV-5675 (80 days overdue)
Backend CI	Run tests	2026-03-17T02:41:37.3921963Z INFO     app.scheduler.services.notification_creation:notification_creation.py:64 Created overdue notification for invoice INV-9999 (127 days overdue)
Backend CI	Run tests	2026-03-17T02:41:37.3922389Z INFO     app.scheduler.services.notification_creation:notification_creation.py:64 Created overdue notification for invoice INV-1001 (267 days overdue)
Backend CI	Run tests	2026-03-17T02:41:37.3922948Z INFO     app.scheduler.services.notification_creation:notification_creation.py:64 Created overdue notification for invoice INV-5845 (1 days overdue)
Backend CI	Run tests	2026-03-17T02:41:37.3923372Z INFO     app.scheduler.services.notification_creation:notification_creation.py:64 Created overdue notification for invoice INV-1000 (1 days overdue)
Backend CI	Run tests	2026-03-17T02:41:37.3923806Z INFO     app.scheduler.services.notification_creation:notification_creation.py:64 Created overdue notification for invoice INV-5999 (153 days overdue)
Backend CI	Run tests	2026-03-17T02:41:37.3924237Z INFO     app.scheduler.services.notification_creation:notification_creation.py:64 Created overdue notification for invoice INV-4252 (297 days overdue)
Backend CI	Run tests	2026-03-17T02:41:37.3924664Z INFO     app.scheduler.services.notification_creation:notification_creation.py:64 Created overdue notification for invoice INV-3524 (148 days overdue)
Backend CI	Run tests	2026-03-17T02:41:37.3925096Z INFO     app.scheduler.services.notification_creation:notification_creation.py:64 Created overdue notification for invoice INV-1687 (351 days overdue)
Backend CI	Run tests	2026-03-17T02:41:37.3925635Z INFO     app.scheduler.services.notification_creation:notification_creation.py:64 Created overdue notification for invoice INV-4913 (294 days overdue)
Backend CI	Run tests	2026-03-17T02:41:37.3926070Z INFO     app.scheduler.services.notification_creation:notification_creation.py:64 Created overdue notification for invoice INV-5675 (80 days overdue)
Backend CI	Run tests	2026-03-17T02:41:37.3926503Z INFO     app.scheduler.services.notification_creation:notification_creation.py:64 Created overdue notification for invoice INV-9999 (127 days overdue)
Backend CI	Run tests	2026-03-17T02:41:37.3926931Z INFO     app.scheduler.services.notification_creation:notification_creation.py:64 Created overdue notification for invoice INV-1001 (267 days overdue)
Backend CI	Run tests	2026-03-17T02:41:37.3927356Z INFO     app.scheduler.services.notification_creation:notification_creation.py:64 Created overdue notification for invoice INV-5845 (1 days overdue)
Backend CI	Run tests	2026-03-17T02:41:37.3927774Z INFO     app.scheduler.services.notification_creation:notification_creation.py:64 Created overdue notification for invoice INV-1000 (1 days overdue)
Backend CI	Run tests	2026-03-17T02:41:37.3928210Z INFO     app.scheduler.services.notification_creation:notification_creation.py:64 Created overdue notification for invoice INV-5999 (153 days overdue)
Backend CI	Run tests	2026-03-17T02:41:37.3928635Z INFO     app.scheduler.services.notification_creation:notification_creation.py:64 Created overdue notification for invoice INV-4252 (297 days overdue)
Backend CI	Run tests	2026-03-17T02:41:37.3929223Z INFO     app.scheduler.services.notification_creation:notification_creation.py:64 Created overdue notification for invoice INV-3524 (148 days overdue)
Backend CI	Run tests	2026-03-17T02:41:37.3929654Z INFO     app.scheduler.services.notification_creation:notification_creation.py:64 Created overdue notification for invoice INV-1687 (351 days overdue)
Backend CI	Run tests	2026-03-17T02:41:37.3930079Z INFO     app.scheduler.services.notification_creation:notification_creation.py:64 Created overdue notification for invoice INV-9048 (192 days overdue)
Backend CI	Run tests	2026-03-17T02:41:37.3930514Z INFO     app.scheduler.services.notification_creation:notification_creation.py:64 Created overdue notification for invoice INV-9381 (363 days overdue)
Backend CI	Run tests	2026-03-17T02:41:37.3930936Z INFO     app.scheduler.services.notification_creation:notification_creation.py:64 Created overdue notification for invoice INV-4270 (49 days overdue)
Backend CI	Run tests	2026-03-17T02:41:37.3931372Z INFO     app.scheduler.services.notification_creation:notification_creation.py:64 Created overdue notification for invoice INV-1909 (144 days overdue)
Backend CI	Run tests	2026-03-17T02:41:37.3931797Z INFO     app.scheduler.services.notification_creation:notification_creation.py:64 Created overdue notification for invoice INV-6207 (326 days overdue)
Backend CI	Run tests	2026-03-17T02:41:37.3932218Z INFO     app.scheduler.services.notification_creation:notification_creation.py:64 Created overdue notification for invoice INV-1000 (1 days overdue)
Backend CI	Run tests	2026-03-17T02:41:37.3932649Z INFO     app.scheduler.services.notification_creation:notification_creation.py:64 Created overdue notification for invoice INV-9048 (192 days overdue)
Backend CI	Run tests	2026-03-17T02:41:37.3933192Z INFO     app.scheduler.services.notification_creation:notification_creation.py:64 Created overdue notification for invoice INV-9381 (363 days overdue)
Backend CI	Run tests	2026-03-17T02:41:37.3933623Z INFO     app.scheduler.services.notification_creation:notification_creation.py:64 Created overdue notification for invoice INV-4270 (49 days overdue)
Backend CI	Run tests	2026-03-17T02:41:37.3934283Z INFO     app.scheduler.services.notification_creation:notification_creation.py:64 Created overdue notification for invoice INV-1909 (144 days overdue)
Backend CI	Run tests	2026-03-17T02:41:37.3935121Z INFO     app.scheduler.services.notification_creation:notification_creation.py:64 Created overdue notification for invoice INV-6207 (326 days overdue)
Backend CI	Run tests	2026-03-17T02:41:37.3935908Z INFO     app.scheduler.services.notification_creation:notification_creation.py:64 Created overdue notification for invoice INV-1000 (1 days overdue)
Backend CI	Run tests	2026-03-17T02:41:37.3936691Z INFO     app.scheduler.services.notification_creation:notification_creation.py:64 Created overdue notification for invoice INV-9798 (187 days overdue)
Backend CI	Run tests	2026-03-17T02:41:37.3937660Z INFO     app.scheduler.services.notification_creation:notification_creation.py:64 Created overdue notification for invoice INV-9999 (286 days overdue)
Backend CI	Run tests	2026-03-17T02:41:37.3938295Z INFO     app.scheduler.services.notification_creation:notification_creation.py:64 Created overdue notification for invoice INV-4625 (34 days overdue)
Backend CI	Run tests	2026-03-17T02:41:37.3938740Z INFO     app.scheduler.services.notification_creation:notification_creation.py:64 Created overdue notification for invoice INV-8551 (246 days overdue)
Backend CI	Run tests	2026-03-17T02:41:37.3939171Z INFO     app.scheduler.services.notification_creation:notification_creation.py:64 Created overdue notification for invoice INV-2439 (331 days overdue)
Backend CI	Run tests	2026-03-17T02:41:37.3939591Z INFO     app.scheduler.services.notification_creation:notification_creation.py:64 Created overdue notification for invoice INV-1000 (1 days overdue)
Backend CI	Run tests	2026-03-17T02:41:37.3940024Z INFO     app.scheduler.services.notification_creation:notification_creation.py:64 Created overdue notification for invoice INV-9798 (187 days overdue)
Backend CI	Run tests	2026-03-17T02:41:37.3940455Z INFO     app.scheduler.services.notification_creation:notification_creation.py:64 Created overdue notification for invoice INV-9999 (286 days overdue)
Backend CI	Run tests	2026-03-17T02:41:37.3941004Z INFO     app.scheduler.services.notification_creation:notification_creation.py:64 Created overdue notification for invoice INV-4625 (34 days overdue)
Backend CI	Run tests	2026-03-17T02:41:37.3941431Z INFO     app.scheduler.services.notification_creation:notification_creation.py:64 Created overdue notification for invoice INV-8551 (246 days overdue)
Backend CI	Run tests	2026-03-17T02:41:37.3941861Z INFO     app.scheduler.services.notification_creation:notification_creation.py:64 Created overdue notification for invoice INV-2439 (331 days overdue)
Backend CI	Run tests	2026-03-17T02:41:37.3942280Z INFO     app.scheduler.services.notification_creation:notification_creation.py:64 Created overdue notification for invoice INV-1000 (1 days overdue)
Backend CI	Run tests	2026-03-17T02:41:37.3942855Z INFO     app.scheduler.services.notification_creation:notification_creation.py:64 Created overdue notification for invoice INV-5786 (203 days overdue)
Backend CI	Run tests	2026-03-17T02:41:37.3943289Z INFO     app.scheduler.services.notification_creation:notification_creation.py:64 Created overdue notification for invoice INV-8735 (234 days overdue)
Backend CI	Run tests	2026-03-17T02:41:37.3943721Z INFO     app.scheduler.services.notification_creation:notification_creation.py:64 Created overdue notification for invoice INV-7336 (14 days overdue)
Backend CI	Run tests	2026-03-17T02:41:37.3944156Z INFO     app.scheduler.services.notification_creation:notification_creation.py:64 Created overdue notification for invoice INV-4149 (354 days overdue)
Backend CI	Run tests	2026-03-17T02:41:37.3944579Z INFO     app.scheduler.services.notification_creation:notification_creation.py:64 Created overdue notification for invoice INV-7149 (215 days overdue)
Backend CI	Run tests	2026-03-17T02:41:37.3945006Z INFO     app.scheduler.services.notification_creation:notification_creation.py:64 Created overdue notification for invoice INV-1000 (1 days overdue)
Backend CI	Run tests	2026-03-17T02:41:37.3945443Z INFO     app.scheduler.services.notification_creation:notification_creation.py:64 Created overdue notification for invoice INV-3321 (341 days overdue)
Backend CI	Run tests	2026-03-17T02:41:37.3945874Z INFO     app.scheduler.services.notification_creation:notification_creation.py:64 Created overdue notification for invoice INV-2298 (252 days overdue)
Backend CI	Run tests	2026-03-17T02:41:37.3946300Z INFO     app.scheduler.services.notification_creation:notification_creation.py:64 Created overdue notification for invoice INV-9018 (17 days overdue)
Backend CI	Run tests	2026-03-17T02:41:37.3946727Z INFO     app.scheduler.services.notification_creation:notification_creation.py:64 Created overdue notification for invoice INV-1277 (355 days overdue)
Backend CI	Run tests	2026-03-17T02:41:37.3947158Z INFO     app.scheduler.services.notification_creation:notification_creation.py:64 Created overdue notification for invoice INV-5786 (203 days overdue)
Backend CI	Run tests	2026-03-17T02:41:37.3947583Z INFO     app.scheduler.services.notification_creation:notification_creation.py:64 Created overdue notification for invoice INV-8735 (234 days overdue)
Backend CI	Run tests	2026-03-17T02:41:37.3948126Z INFO     app.scheduler.services.notification_creation:notification_creation.py:64 Created overdue notification for invoice INV-7336 (14 days overdue)
Backend CI	Run tests	2026-03-17T02:41:37.3948556Z INFO     app.scheduler.services.notification_creation:notification_creation.py:64 Created overdue notification for invoice INV-4149 (354 days overdue)
Backend CI	Run tests	2026-03-17T02:41:37.3948982Z INFO     app.scheduler.services.notification_creation:notification_creation.py:64 Created overdue notification for invoice INV-7149 (215 days overdue)
Backend CI	Run tests	2026-03-17T02:41:37.3949408Z INFO     app.scheduler.services.notification_creation:notification_creation.py:64 Created overdue notification for invoice INV-1000 (1 days overdue)
Backend CI	Run tests	2026-03-17T02:41:37.3949837Z INFO     app.scheduler.services.notification_creation:notification_creation.py:64 Created overdue notification for invoice INV-3321 (341 days overdue)
Backend CI	Run tests	2026-03-17T02:41:37.3950276Z INFO     app.scheduler.services.notification_creation:notification_creation.py:64 Created overdue notification for invoice INV-2298 (252 days overdue)
Backend CI	Run tests	2026-03-17T02:41:37.3950697Z INFO     app.scheduler.services.notification_creation:notification_creation.py:64 Created overdue notification for invoice INV-9018 (17 days overdue)
Backend CI	Run tests	2026-03-17T02:41:37.3951224Z INFO     app.scheduler.services.notification_creation:notification_creation.py:64 Created overdue notification for invoice INV-1277 (355 days overdue)
Backend CI	Run tests	2026-03-17T02:41:37.3951649Z INFO     app.scheduler.services.notification_creation:notification_creation.py:64 Created overdue notification for invoice INV-4338 (161 days overdue)
Backend CI	Run tests	2026-03-17T02:41:37.3952074Z INFO     app.scheduler.services.notification_creation:notification_creation.py:64 Created overdue notification for invoice INV-8676 (147 days overdue)
Backend CI	Run tests	2026-03-17T02:41:37.3952504Z INFO     app.scheduler.services.notification_creation:notification_creation.py:64 Created overdue notification for invoice INV-8407 (220 days overdue)
Backend CI	Run tests	2026-03-17T02:41:37.3953037Z INFO     app.scheduler.services.notification_creation:notification_creation.py:64 Created overdue notification for invoice INV-4924 (115 days overdue)
Backend CI	Run tests	2026-03-17T02:41:37.3953470Z INFO     app.scheduler.services.notification_creation:notification_creation.py:64 Created overdue notification for invoice INV-8497 (306 days overdue)
Backend CI	Run tests	2026-03-17T02:41:37.3953896Z INFO     app.scheduler.services.notification_creation:notification_creation.py:64 Created overdue notification for invoice INV-1000 (1 days overdue)
Backend CI	Run tests	2026-03-17T02:41:37.3954331Z INFO     app.scheduler.services.notification_creation:notification_creation.py:64 Created overdue notification for invoice INV-4338 (161 days overdue)
Backend CI	Run tests	2026-03-17T02:41:37.3954755Z INFO     app.scheduler.services.notification_creation:notification_creation.py:64 Created overdue notification for invoice INV-8676 (147 days overdue)
Backend CI	Run tests	2026-03-17T02:41:37.3955184Z INFO     app.scheduler.services.notification_creation:notification_creation.py:64 Created overdue notification for invoice INV-8407 (220 days overdue)
Backend CI	Run tests	2026-03-17T02:41:37.3955624Z INFO     app.scheduler.services.notification_creation:notification_creation.py:64 Created overdue notification for invoice INV-4924 (115 days overdue)
Backend CI	Run tests	2026-03-17T02:41:37.3956049Z INFO     app.scheduler.services.notification_creation:notification_creation.py:64 Created overdue notification for invoice INV-8497 (306 days overdue)
Backend CI	Run tests	2026-03-17T02:41:37.3956477Z INFO     app.scheduler.services.notification_creation:notification_creation.py:64 Created overdue notification for invoice INV-1000 (1 days overdue)
Backend CI	Run tests	2026-03-17T02:41:37.3956896Z INFO     app.scheduler.services.notification_creation:notification_creation.py:64 Created overdue notification for invoice INV-6502 (2 days overdue)
Backend CI	Run tests	2026-03-17T02:41:37.3957317Z INFO     app.scheduler.services.notification_creation:notification_creation.py:64 Created overdue notification for invoice INV-8649 (63 days overdue)
Backend CI	Run tests	2026-03-17T02:41:37.3957856Z INFO     app.scheduler.services.notification_creation:notification_creation.py:64 Created overdue notification for invoice INV-4511 (39 days overdue)
Backend CI	Run tests	2026-03-17T02:41:37.3958278Z INFO     app.scheduler.services.notification_creation:notification_creation.py:64 Created overdue notification for invoice INV-9165 (57 days overdue)
Backend CI	Run tests	2026-03-17T02:41:37.3958715Z INFO     app.scheduler.services.notification_creation:notification_creation.py:64 Created overdue notification for invoice INV-6529 (346 days overdue)
Backend CI	Run tests	2026-03-17T02:41:37.3959140Z INFO     app.scheduler.services.notification_creation:notification_creation.py:64 Created overdue notification for invoice INV-3895 (112 days overdue)
Backend CI	Run tests	2026-03-17T02:41:37.3959572Z INFO     app.scheduler.services.notification_creation:notification_creation.py:64 Created overdue notification for invoice INV-3468 (361 days overdue)
Backend CI	Run tests	2026-03-17T02:41:37.3959996Z INFO     app.scheduler.services.notification_creation:notification_creation.py:64 Created overdue notification for invoice INV-9812 (110 days overdue)
Backend CI	Run tests	2026-03-17T02:41:37.3960428Z INFO     app.scheduler.services.notification_creation:notification_creation.py:64 Created overdue notification for invoice INV-6154 (198 days overdue)
Backend CI	Run tests	2026-03-17T02:41:37.3960861Z INFO     app.scheduler.services.notification_creation:notification_creation.py:64 Created overdue notification for invoice INV-7352 (233 days overdue)
Backend CI	Run tests	2026-03-17T02:41:37.3961386Z INFO     app.scheduler.services.notification_creation:notification_creation.py:64 Created overdue notification for invoice INV-1000 (1 days overdue)
Backend CI	Run tests	2026-03-17T02:41:37.3961817Z INFO     app.scheduler.services.notification_creation:notification_creation.py:64 Created overdue notification for invoice INV-3169 (344 days overdue)
Backend CI	Run tests	2026-03-17T02:41:37.3962241Z INFO     app.scheduler.services.notification_creation:notification_creation.py:64 Created overdue notification for invoice INV-2150 (50 days overdue)
Backend CI	Run tests	2026-03-17T02:41:37.3962791Z INFO     app.scheduler.services.notification_creation:notification_creation.py:64 Created overdue notification for invoice INV-3895 (112 days overdue)
Backend CI	Run tests	2026-03-17T02:41:37.3963241Z INFO     app.scheduler.services.notification_creation:notification_creation.py:64 Created overdue notification for invoice INV-3468 (361 days overdue)
Backend CI	Run tests	2026-03-17T02:41:37.3963669Z INFO     app.scheduler.services.notification_creation:notification_creation.py:64 Created overdue notification for invoice INV-9812 (110 days overdue)
Backend CI	Run tests	2026-03-17T02:41:37.3964108Z INFO     app.scheduler.services.notification_creation:notification_creation.py:64 Created overdue notification for invoice INV-6154 (198 days overdue)
Backend CI	Run tests	2026-03-17T02:41:37.3964536Z INFO     app.scheduler.services.notification_creation:notification_creation.py:64 Created overdue notification for invoice INV-7352 (233 days overdue)
Backend CI	Run tests	2026-03-17T02:41:37.3964963Z INFO     app.scheduler.services.notification_creation:notification_creation.py:64 Created overdue notification for invoice INV-1000 (1 days overdue)
Backend CI	Run tests	2026-03-17T02:41:37.3965388Z INFO     app.scheduler.services.notification_creation:notification_creation.py:64 Created overdue notification for invoice INV-3169 (344 days overdue)
Backend CI	Run tests	2026-03-17T02:41:37.3965812Z INFO     app.scheduler.services.notification_creation:notification_creation.py:64 Created overdue notification for invoice INV-2150 (50 days overdue)
Backend CI	Run tests	2026-03-17T02:41:37.3966248Z INFO     app.scheduler.services.notification_creation:notification_creation.py:64 Created overdue notification for invoice INV-3962 (151 days overdue)
Backend CI	Run tests	2026-03-17T02:41:37.3966673Z INFO     app.scheduler.services.notification_creation:notification_creation.py:64 Created overdue notification for invoice INV-1001 (228 days overdue)
Backend CI	Run tests	2026-03-17T02:41:37.3967102Z INFO     app.scheduler.services.notification_creation:notification_creation.py:64 Created overdue notification for invoice INV-1093 (136 days overdue)
Backend CI	Run tests	2026-03-17T02:41:37.3967527Z INFO     app.scheduler.services.notification_creation:notification_creation.py:64 Created overdue notification for invoice INV-1196 (358 days overdue)
Backend CI	Run tests	2026-03-17T02:41:37.3968070Z INFO     app.scheduler.services.notification_creation:notification_creation.py:64 Created overdue notification for invoice INV-1774 (248 days overdue)
Backend CI	Run tests	2026-03-17T02:41:37.3968488Z INFO     app.scheduler.services.notification_creation:notification_creation.py:64 Created overdue notification for invoice INV-1000 (1 days overdue)
Backend CI	Run tests	2026-03-17T02:41:37.3968918Z INFO     app.scheduler.services.notification_creation:notification_creation.py:64 Created overdue notification for invoice INV-9708 (364 days overdue)
Backend CI	Run tests	2026-03-17T02:41:37.3969346Z INFO     app.scheduler.services.notification_creation:notification_creation.py:64 Created overdue notification for invoice INV-7277 (228 days overdue)
Backend CI	Run tests	2026-03-17T02:41:37.3969767Z INFO     app.scheduler.services.notification_creation:notification_creation.py:64 Created overdue notification for invoice INV-9351 (25 days overdue)
Backend CI	Run tests	2026-03-17T02:41:37.3970193Z INFO     app.scheduler.services.notification_creation:notification_creation.py:64 Created overdue notification for invoice INV-7475 (57 days overdue)
Backend CI	Run tests	2026-03-17T02:41:37.3970622Z INFO     app.scheduler.services.notification_creation:notification_creation.py:64 Created overdue notification for invoice INV-3962 (151 days overdue)
Backend CI	Run tests	2026-03-17T02:41:37.3971049Z INFO     app.scheduler.services.notification_creation:notification_creation.py:64 Created overdue notification for invoice INV-1001 (228 days overdue)
Backend CI	Run tests	2026-03-17T02:41:37.3971584Z INFO     app.scheduler.services.notification_creation:notification_creation.py:64 Created overdue notification for invoice INV-1093 (136 days overdue)
Backend CI	Run tests	2026-03-17T02:41:37.3972010Z INFO     app.scheduler.services.notification_creation:notification_creation.py:64 Created overdue notification for invoice INV-1196 (358 days overdue)
Backend CI	Run tests	2026-03-17T02:41:37.3972453Z INFO     app.scheduler.services.notification_creation:notification_creation.py:64 Created overdue notification for invoice INV-1774 (248 days overdue)
Backend CI	Run tests	2026-03-17T02:41:37.3972979Z INFO     app.scheduler.services.notification_creation:notification_creation.py:64 Created overdue notification for invoice INV-1000 (1 days overdue)
Backend CI	Run tests	2026-03-17T02:41:37.3973417Z INFO     app.scheduler.services.notification_creation:notification_creation.py:64 Created overdue notification for invoice INV-9708 (364 days overdue)
Backend CI	Run tests	2026-03-17T02:41:37.3973848Z INFO     app.scheduler.services.notification_creation:notification_creation.py:64 Created overdue notification for invoice INV-7277 (228 days overdue)
Backend CI	Run tests	2026-03-17T02:41:37.3974272Z INFO     app.scheduler.services.notification_creation:notification_creation.py:64 Created overdue notification for invoice INV-9351 (25 days overdue)
Backend CI	Run tests	2026-03-17T02:41:37.3974703Z INFO     app.scheduler.services.notification_creation:notification_creation.py:64 Created overdue notification for invoice INV-7475 (57 days overdue)
Backend CI	Run tests	2026-03-17T02:41:37.3975122Z INFO     app.scheduler.services.notification_creation:notification_creation.py:64 Created overdue notification for invoice INV-7170 (97 days overdue)
Backend CI	Run tests	2026-03-17T02:41:37.3975550Z INFO     app.scheduler.services.notification_creation:notification_creation.py:64 Created overdue notification for invoice INV-4972 (3 days overdue)
Backend CI	Run tests	2026-03-17T02:41:37.3975975Z INFO     app.scheduler.services.notification_creation:notification_creation.py:64 Created overdue notification for invoice INV-3057 (175 days overdue)
Backend CI	Run tests	2026-03-17T02:41:37.3976403Z INFO     app.scheduler.services.notification_creation:notification_creation.py:64 Created overdue notification for invoice INV-5267 (284 days overdue)
Backend CI	Run tests	2026-03-17T02:41:37.3976831Z INFO     app.scheduler.services.notification_creation:notification_creation.py:64 Created overdue notification for invoice INV-7969 (282 days overdue)
Backend CI	Run tests	2026-03-17T02:41:37.3977248Z INFO     app.scheduler.services.notification_creation:notification_creation.py:64 Created overdue notification for invoice INV-1000 (1 days overdue)
Backend CI	Run tests	2026-03-17T02:41:37.3977680Z INFO     app.scheduler.services.notification_creation:notification_creation.py:64 Created overdue notification for invoice INV-1177 (362 days overdue)
Backend CI	Run tests	2026-03-17T02:41:37.3978216Z INFO     app.scheduler.services.notification_creation:notification_creation.py:64 Created overdue notification for invoice INV-9618 (149 days overdue)
Backend CI	Run tests	2026-03-17T02:41:37.3978643Z INFO     app.scheduler.services.notification_creation:notification_creation.py:64 Created overdue notification for invoice INV-7170 (97 days overdue)
Backend CI	Run tests	2026-03-17T02:41:37.3979068Z INFO     app.scheduler.services.notification_creation:notification_creation.py:64 Created overdue notification for invoice INV-4972 (3 days overdue)
Backend CI	Run tests	2026-03-17T02:41:37.3979494Z INFO     app.scheduler.services.notification_creation:notification_creation.py:64 Created overdue notification for invoice INV-3057 (175 days overdue)
Backend CI	Run tests	2026-03-17T02:41:37.3979925Z INFO     app.scheduler.services.notification_creation:notification_creation.py:64 Created overdue notification for invoice INV-5267 (284 days overdue)
Backend CI	Run tests	2026-03-17T02:41:37.3980349Z INFO     app.scheduler.services.notification_creation:notification_creation.py:64 Created overdue notification for invoice INV-7969 (282 days overdue)
Backend CI	Run tests	2026-03-17T02:41:37.3980777Z INFO     app.scheduler.services.notification_creation:notification_creation.py:64 Created overdue notification for invoice INV-1000 (1 days overdue)
Backend CI	Run tests	2026-03-17T02:41:37.3981205Z INFO     app.scheduler.services.notification_creation:notification_creation.py:64 Created overdue notification for invoice INV-1177 (362 days overdue)
Backend CI	Run tests	2026-03-17T02:41:37.3981738Z INFO     app.scheduler.services.notification_creation:notification_creation.py:64 Created overdue notification for invoice INV-9618 (149 days overdue)
Backend CI	Run tests	2026-03-17T02:41:37.3982164Z INFO     app.scheduler.services.notification_creation:notification_creation.py:64 Created overdue notification for invoice INV-7681 (302 days overdue)
Backend CI	Run tests	2026-03-17T02:41:37.3982589Z INFO     app.scheduler.services.notification_creation:notification_creation.py:64 Created overdue notification for invoice INV-5170 (345 days overdue)
Backend CI	Run tests	2026-03-17T02:41:37.3983119Z INFO     app.scheduler.services.notification_creation:notification_creation.py:64 Created overdue notification for invoice INV-5643 (94 days overdue)
Backend CI	Run tests	2026-03-17T02:41:37.3983551Z INFO     app.scheduler.services.notification_creation:notification_creation.py:64 Created overdue notification for invoice INV-1000 (323 days overdue)
Backend CI	Run tests	2026-03-17T02:41:37.3983987Z INFO     app.scheduler.services.notification_creation:notification_creation.py:64 Created overdue notification for invoice INV-7958 (206 days overdue)
Backend CI	Run tests	2026-03-17T02:41:37.3984405Z INFO     app.scheduler.services.notification_creation:notification_creation.py:64 Created overdue notification for invoice INV-1000 (1 days overdue)
Backend CI	Run tests	2026-03-17T02:41:37.3984831Z INFO     app.scheduler.services.notification_creation:notification_creation.py:64 Created overdue notification for invoice INV-7681 (302 days overdue)
Backend CI	Run tests	2026-03-17T02:41:37.3985265Z INFO     app.scheduler.services.notification_creation:notification_creation.py:64 Created overdue notification for invoice INV-5170 (345 days overdue)
Backend CI	Run tests	2026-03-17T02:41:37.3985689Z INFO     app.scheduler.services.notification_creation:notification_creation.py:64 Created overdue notification for invoice INV-5643 (94 days overdue)
Backend CI	Run tests	2026-03-17T02:41:37.3986119Z INFO     app.scheduler.services.notification_creation:notification_creation.py:64 Created overdue notification for invoice INV-1000 (323 days overdue)
Backend CI	Run tests	2026-03-17T02:41:37.3986549Z INFO     app.scheduler.services.notification_creation:notification_creation.py:64 Created overdue notification for invoice INV-7958 (206 days overdue)
Backend CI	Run tests	2026-03-17T02:41:37.3986972Z INFO     app.scheduler.services.notification_creation:notification_creation.py:64 Created overdue notification for invoice INV-1000 (1 days overdue)
Backend CI	Run tests	2026-03-17T02:41:37.3987393Z INFO     app.scheduler.services.notification_creation:notification_creation.py:64 Created overdue notification for invoice INV-3018 (50 days overdue)
Backend CI	Run tests	2026-03-17T02:41:37.3987818Z INFO     app.scheduler.services.notification_creation:notification_creation.py:64 Created overdue notification for invoice INV-2408 (180 days overdue)
Backend CI	Run tests	2026-03-17T02:41:37.3988360Z INFO     app.scheduler.services.notification_creation:notification_creation.py:64 Created overdue notification for invoice INV-5978 (122 days overdue)
Backend CI	Run tests	2026-03-17T02:41:37.3988787Z INFO     app.scheduler.services.notification_creation:notification_creation.py:64 Created overdue notification for invoice INV-9875 (215 days overdue)
Backend CI	Run tests	2026-03-17T02:41:37.3989223Z INFO     app.scheduler.services.notification_creation:notification_creation.py:64 Created overdue notification for invoice INV-8089 (103 days overdue)
Backend CI	Run tests	2026-03-17T02:41:37.3989642Z INFO     app.scheduler.services.notification_creation:notification_creation.py:64 Created overdue notification for invoice INV-1000 (1 days overdue)
Backend CI	Run tests	2026-03-17T02:41:37.3990067Z INFO     app.scheduler.services.notification_creation:notification_creation.py:64 Created overdue notification for invoice INV-6983 (274 days overdue)
Backend CI	Run tests	2026-03-17T02:41:37.3990498Z INFO     app.scheduler.services.notification_creation:notification_creation.py:64 Created overdue notification for invoice INV-1381 (191 days overdue)
Backend CI	Run tests	2026-03-17T02:41:37.3990921Z INFO     app.scheduler.services.notification_creation:notification_creation.py:64 Created overdue notification for invoice INV-3379 (3 days overdue)
Backend CI	Run tests	2026-03-17T02:41:37.3991459Z INFO     app.scheduler.services.notification_creation:notification_creation.py:64 Created overdue notification for invoice INV-3296 (218 days overdue)
Backend CI	Run tests	2026-03-17T02:41:37.3991882Z INFO     app.scheduler.services.notification_creation:notification_creation.py:64 Created overdue notification for invoice INV-3018 (50 days overdue)
Backend CI	Run tests	2026-03-17T02:41:37.3992314Z INFO     app.scheduler.services.notification_creation:notification_creation.py:64 Created overdue notification for invoice INV-2408 (180 days overdue)
Backend CI	Run tests	2026-03-17T02:41:37.3992839Z INFO     app.scheduler.services.notification_creation:notification_creation.py:64 Created overdue notification for invoice INV-5978 (122 days overdue)
Backend CI	Run tests	2026-03-17T02:41:37.3993268Z INFO     app.scheduler.services.notification_creation:notification_creation.py:64 Created overdue notification for invoice INV-9875 (215 days overdue)
Backend CI	Run tests	2026-03-17T02:41:37.3993703Z INFO     app.scheduler.services.notification_creation:notification_creation.py:64 Created overdue notification for invoice INV-8089 (103 days overdue)
Backend CI	Run tests	2026-03-17T02:41:37.3994129Z INFO     app.scheduler.services.notification_creation:notification_creation.py:64 Created overdue notification for invoice INV-1000 (1 days overdue)
Backend CI	Run tests	2026-03-17T02:41:37.3994561Z INFO     app.scheduler.services.notification_creation:notification_creation.py:64 Created overdue notification for invoice INV-6983 (274 days overdue)
Backend CI	Run tests	2026-03-17T02:41:37.3994988Z INFO     app.scheduler.services.notification_creation:notification_creation.py:64 Created overdue notification for invoice INV-1381 (191 days overdue)
Backend CI	Run tests	2026-03-17T02:41:37.3995412Z INFO     app.scheduler.services.notification_creation:notification_creation.py:64 Created overdue notification for invoice INV-3379 (3 days overdue)
Backend CI	Run tests	2026-03-17T02:41:37.3995843Z INFO     app.scheduler.services.notification_creation:notification_creation.py:64 Created overdue notification for invoice INV-3296 (218 days overdue)
Backend CI	Run tests	2026-03-17T02:41:37.3996269Z INFO     app.scheduler.services.notification_creation:notification_creation.py:64 Created overdue notification for invoice INV-7272 (347 days overdue)
Backend CI	Run tests	2026-03-17T02:41:37.3996703Z INFO     app.scheduler.services.notification_creation:notification_creation.py:64 Created overdue notification for invoice INV-5785 (313 days overdue)
Backend CI	Run tests	2026-03-17T02:41:37.3997129Z INFO     app.scheduler.services.notification_creation:notification_creation.py:64 Created overdue notification for invoice INV-7608 (265 days overdue)
Backend CI	Run tests	2026-03-17T02:41:37.3997560Z INFO     app.scheduler.services.notification_creation:notification_creation.py:64 Created overdue notification for invoice INV-7331 (180 days overdue)
Backend CI	Run tests	2026-03-17T02:41:37.3997987Z INFO     app.scheduler.services.notification_creation:notification_creation.py:64 Created overdue notification for invoice INV-7173 (132 days overdue)
Backend CI	Run tests	2026-03-17T02:41:37.3998520Z INFO     app.scheduler.services.notification_creation:notification_creation.py:64 Created overdue notification for invoice INV-1000 (1 days overdue)
Backend CI	Run tests	2026-03-17T02:41:37.3998954Z INFO     app.scheduler.services.notification_creation:notification_creation.py:64 Created overdue notification for invoice INV-7384 (133 days overdue)
Backend CI	Run tests	2026-03-17T02:41:37.3999379Z INFO     app.scheduler.services.notification_creation:notification_creation.py:64 Created overdue notification for invoice INV-2670 (6 days overdue)
Backend CI	Run tests	2026-03-17T02:41:37.3999809Z INFO     app.scheduler.services.notification_creation:notification_creation.py:64 Created overdue notification for invoice INV-7272 (347 days overdue)
Backend CI	Run tests	2026-03-17T02:41:37.4000234Z INFO     app.scheduler.services.notification_creation:notification_creation.py:64 Created overdue notification for invoice INV-5785 (313 days overdue)
Backend CI	Run tests	2026-03-17T02:41:37.4000671Z INFO     app.scheduler.services.notification_creation:notification_creation.py:64 Created overdue notification for invoice INV-7608 (265 days overdue)
Backend CI	Run tests	2026-03-17T02:41:37.4001095Z INFO     app.scheduler.services.notification_creation:notification_creation.py:64 Created overdue notification for invoice INV-7331 (180 days overdue)
Backend CI	Run tests	2026-03-17T02:41:37.4001625Z INFO     app.scheduler.services.notification_creation:notification_creation.py:64 Created overdue notification for invoice INV-7173 (132 days overdue)
Backend CI	Run tests	2026-03-17T02:41:37.4002051Z INFO     app.scheduler.services.notification_creation:notification_creation.py:64 Created overdue notification for invoice INV-1000 (1 days overdue)
Backend CI	Run tests	2026-03-17T02:41:37.4002478Z INFO     app.scheduler.services.notification_creation:notification_creation.py:64 Created overdue notification for invoice INV-7384 (133 days overdue)
Backend CI	Run tests	2026-03-17T02:41:37.4003025Z INFO     app.scheduler.services.notification_creation:notification_creation.py:64 Created overdue notification for invoice INV-2670 (6 days overdue)
Backend CI	Run tests	2026-03-17T02:41:37.4003459Z INFO     app.scheduler.services.notification_creation:notification_creation.py:64 Created overdue notification for invoice INV-3654 (199 days overdue)
Backend CI	Run tests	2026-03-17T02:41:37.4003886Z INFO     app.scheduler.services.notification_creation:notification_creation.py:64 Created overdue notification for invoice INV-2570 (31 days overdue)
Backend CI	Run tests	2026-03-17T02:41:37.4004322Z INFO     app.scheduler.services.notification_creation:notification_creation.py:64 Created overdue notification for invoice INV-6438 (327 days overdue)
Backend CI	Run tests	2026-03-17T02:41:37.4004744Z INFO     app.scheduler.services.notification_creation:notification_creation.py:64 Created overdue notification for invoice INV-7056 (67 days overdue)
Backend CI	Run tests	2026-03-17T02:41:37.4005176Z INFO     app.scheduler.services.notification_creation:notification_creation.py:64 Created overdue notification for invoice INV-3323 (172 days overdue)
Backend CI	Run tests	2026-03-17T02:41:37.4005597Z INFO     app.scheduler.services.notification_creation:notification_creation.py:64 Created overdue notification for invoice INV-1000 (1 days overdue)
Backend CI	Run tests	2026-03-17T02:41:37.4006033Z INFO     app.scheduler.services.notification_creation:notification_creation.py:64 Created overdue notification for invoice INV-9999 (308 days overdue)
Backend CI	Run tests	2026-03-17T02:41:37.4006456Z INFO     app.scheduler.services.notification_creation:notification_creation.py:64 Created overdue notification for invoice INV-3654 (199 days overdue)
Backend CI	Run tests	2026-03-17T02:41:37.4006880Z INFO     app.scheduler.services.notification_creation:notification_creation.py:64 Created overdue notification for invoice INV-2570 (31 days overdue)
Backend CI	Run tests	2026-03-17T02:41:37.4007310Z INFO     app.scheduler.services.notification_creation:notification_creation.py:64 Created overdue notification for invoice INV-6438 (327 days overdue)
Backend CI	Run tests	2026-03-17T02:41:37.4007731Z INFO     app.scheduler.services.notification_creation:notification_creation.py:64 Created overdue notification for invoice INV-7056 (67 days overdue)
Backend CI	Run tests	2026-03-17T02:41:37.4008162Z INFO     app.scheduler.services.notification_creation:notification_creation.py:64 Created overdue notification for invoice INV-3323 (172 days overdue)
Backend CI	Run tests	2026-03-17T02:41:37.4008729Z INFO     app.scheduler.services.notification_creation:notification_creation.py:64 Created overdue notification for invoice INV-1000 (1 days overdue)
Backend CI	Run tests	2026-03-17T02:41:37.4009157Z INFO     app.scheduler.services.notification_creation:notification_creation.py:64 Created overdue notification for invoice INV-9999 (308 days overdue)
Backend CI	Run tests	2026-03-17T02:41:37.4009585Z INFO     app.scheduler.services.notification_creation:notification_creation.py:64 Created overdue notification for invoice INV-8206 (50 days overdue)
Backend CI	Run tests	2026-03-17T02:41:37.4010006Z INFO     app.scheduler.services.notification_creation:notification_creation.py:64 Created overdue notification for invoice INV-6435 (50 days overdue)
Backend CI	Run tests	2026-03-17T02:41:37.4010433Z INFO     app.scheduler.services.notification_creation:notification_creation.py:64 Created overdue notification for invoice INV-4289 (76 days overdue)
Backend CI	Run tests	2026-03-17T02:41:37.4010862Z INFO     app.scheduler.services.notification_creation:notification_creation.py:64 Created overdue notification for invoice INV-7491 (31 days overdue)
Backend CI	Run tests	2026-03-17T02:41:37.4011294Z INFO     app.scheduler.services.notification_creation:notification_creation.py:64 Created overdue notification for invoice INV-4591 (268 days overdue)
Backend CI	Run tests	2026-03-17T02:41:37.4011814Z INFO     app.scheduler.services.notification_creation:notification_creation.py:64 Created overdue notification for invoice INV-1000 (1 days overdue)
Backend CI	Run tests	2026-03-17T02:41:37.4012242Z INFO     app.scheduler.services.notification_creation:notification_creation.py:64 Created overdue notification for invoice INV-8903 (211 days overdue)
Backend CI	Run tests	2026-03-17T02:41:37.4012769Z INFO     app.scheduler.services.notification_creation:notification_creation.py:64 Created overdue notification for invoice INV-8206 (50 days overdue)
Backend CI	Run tests	2026-03-17T02:41:37.4013193Z INFO     app.scheduler.services.notification_creation:notification_creation.py:64 Created overdue notification for invoice INV-6435 (50 days overdue)
Backend CI	Run tests	2026-03-17T02:41:37.4013626Z INFO     app.scheduler.services.notification_creation:notification_creation.py:64 Created overdue notification for invoice INV-4289 (76 days overdue)
Backend CI	Run tests	2026-03-17T02:41:37.4014048Z INFO     app.scheduler.services.notification_creation:notification_creation.py:64 Created overdue notification for invoice INV-7491 (31 days overdue)
Backend CI	Run tests	2026-03-17T02:41:37.4014484Z INFO     app.scheduler.services.notification_creation:notification_creation.py:64 Created overdue notification for invoice INV-4591 (268 days overdue)
Backend CI	Run tests	2026-03-17T02:41:37.4014904Z INFO     app.scheduler.services.notification_creation:notification_creation.py:64 Created overdue notification for invoice INV-1000 (1 days overdue)
Backend CI	Run tests	2026-03-17T02:41:37.4015332Z INFO     app.scheduler.services.notification_creation:notification_creation.py:64 Created overdue notification for invoice INV-8903 (211 days overdue)
Backend CI	Run tests	2026-03-17T02:41:37.4015763Z INFO     app.scheduler.services.notification_creation:notification_creation.py:64 Created overdue notification for invoice INV-3416 (141 days overdue)
Backend CI	Run tests	2026-03-17T02:41:37.4016514Z INFO     app.scheduler.services.notification_creation:notification_creation.py:64 Created overdue notification for invoice INV-4096 (60 days overdue)
Backend CI	Run tests	2026-03-17T02:41:37.4017318Z INFO     app.scheduler.services.notification_creation:notification_creation.py:64 Created overdue notification for invoice INV-4792 (308 days overdue)
Backend CI	Run tests	2026-03-17T02:41:37.4017994Z INFO     app.scheduler.services.notification_creation:notification_creation.py:64 Created overdue notification for invoice INV-7550 (294 days overdue)
Backend CI	Run tests	2026-03-17T02:41:37.4018430Z INFO     app.scheduler.services.notification_creation:notification_creation.py:64 Created overdue notification for invoice INV-2799 (256 days overdue)
Backend CI	Run tests	2026-03-17T02:41:37.4018866Z INFO     app.scheduler.services.notification_creation:notification_creation.py:64 Created overdue notification for invoice INV-1000 (1 days overdue)
Backend CI	Run tests	2026-03-17T02:41:37.4019443Z INFO     app.scheduler.services.notification_creation:notification_creation.py:64 Created overdue notification for invoice INV-3416 (141 days overdue)
Backend CI	Run tests	2026-03-17T02:41:37.4019874Z INFO     app.scheduler.services.notification_creation:notification_creation.py:64 Created overdue notification for invoice INV-4096 (60 days overdue)
Backend CI	Run tests	2026-03-17T02:41:37.4020308Z INFO     app.scheduler.services.notification_creation:notification_creation.py:64 Created overdue notification for invoice INV-4792 (308 days overdue)
Backend CI	Run tests	2026-03-17T02:41:37.4020740Z INFO     app.scheduler.services.notification_creation:notification_creation.py:64 Created overdue notification for invoice INV-7550 (294 days overdue)
Backend CI	Run tests	2026-03-17T02:41:37.4021165Z INFO     app.scheduler.services.notification_creation:notification_creation.py:64 Created overdue notification for invoice INV-2799 (256 days overdue)
Backend CI	Run tests	2026-03-17T02:41:37.4021584Z INFO     app.scheduler.services.notification_creation:notification_creation.py:64 Created overdue notification for invoice INV-1000 (1 days overdue)
Backend CI	Run tests	2026-03-17T02:41:37.4022021Z INFO     app.scheduler.services.notification_creation:notification_creation.py:64 Created overdue notification for invoice INV-4641 (164 days overdue)
Backend CI	Run tests	2026-03-17T02:41:37.4022446Z INFO     app.scheduler.services.notification_creation:notification_creation.py:64 Created overdue notification for invoice INV-1067 (315 days overdue)
Backend CI	Run tests	2026-03-17T02:41:37.4023124Z INFO     app.scheduler.services.notification_creation:notification_creation.py:64 Created overdue notification for invoice INV-3660 (295 days overdue)
Backend CI	Run tests	2026-03-17T02:41:37.4023555Z INFO     app.scheduler.services.notification_creation:notification_creation.py:64 Created overdue notification for invoice INV-9149 (228 days overdue)
Backend CI	Run tests	2026-03-17T02:41:37.4023979Z INFO     app.scheduler.services.notification_creation:notification_creation.py:64 Created overdue notification for invoice INV-9999 (302 days overdue)
Backend CI	Run tests	2026-03-17T02:41:37.4024404Z INFO     app.scheduler.services.notification_creation:notification_creation.py:64 Created overdue notification for invoice INV-1000 (1 days overdue)
Backend CI	Run tests	2026-03-17T02:41:37.4024836Z INFO     app.scheduler.services.notification_creation:notification_creation.py:64 Created overdue notification for invoice INV-3363 (141 days overdue)
Backend CI	Run tests	2026-03-17T02:41:37.4025268Z INFO     app.scheduler.services.notification_creation:notification_creation.py:64 Created overdue notification for invoice INV-7412 (181 days overdue)
Backend CI	Run tests	2026-03-17T02:41:37.4025700Z INFO     app.scheduler.services.notification_creation:notification_creation.py:64 Created overdue notification for invoice INV-7361 (284 days overdue)
Backend CI	Run tests	2026-03-17T02:41:37.4026129Z INFO     app.scheduler.services.notification_creation:notification_creation.py:64 Created overdue notification for invoice INV-3593 (58 days overdue)
Backend CI	Run tests	2026-03-17T02:41:37.4026553Z INFO     app.scheduler.services.notification_creation:notification_creation.py:64 Created overdue notification for invoice INV-4641 (164 days overdue)
Backend CI	Run tests	2026-03-17T02:41:37.4026976Z INFO     app.scheduler.services.notification_creation:notification_creation.py:64 Created overdue notification for invoice INV-1067 (315 days overdue)
Backend CI	Run tests	2026-03-17T02:41:37.4027411Z INFO     app.scheduler.services.notification_creation:notification_creation.py:64 Created overdue notification for invoice INV-3660 (295 days overdue)
Backend CI	Run tests	2026-03-17T02:41:37.4027842Z INFO     app.scheduler.services.notification_creation:notification_creation.py:64 Created overdue notification for invoice INV-9149 (228 days overdue)
Backend CI	Run tests	2026-03-17T02:41:37.4028273Z INFO     app.scheduler.services.notification_creation:notification_creation.py:64 Created overdue notification for invoice INV-9999 (302 days overdue)
Backend CI	Run tests	2026-03-17T02:41:37.4028695Z INFO     app.scheduler.services.notification_creation:notification_creation.py:64 Created overdue notification for invoice INV-1000 (1 days overdue)
Backend CI	Run tests	2026-03-17T02:41:37.4029125Z INFO     app.scheduler.services.notification_creation:notification_creation.py:64 Created overdue notification for invoice INV-3363 (141 days overdue)
Backend CI	Run tests	2026-03-17T02:41:37.4029666Z INFO     app.scheduler.services.notification_creation:notification_creation.py:64 Created overdue notification for invoice INV-7412 (181 days overdue)
Backend CI	Run tests	2026-03-17T02:41:37.4030093Z INFO     app.scheduler.services.notification_creation:notification_creation.py:64 Created overdue notification for invoice INV-7361 (284 days overdue)
Backend CI	Run tests	2026-03-17T02:41:37.4030521Z INFO     app.scheduler.services.notification_creation:notification_creation.py:64 Created overdue notification for invoice INV-3593 (58 days overdue)
Backend CI	Run tests	2026-03-17T02:41:37.4030947Z INFO     app.scheduler.services.notification_creation:notification_creation.py:64 Created overdue notification for invoice INV-6652 (274 days overdue)
Backend CI	Run tests	2026-03-17T02:41:37.4031370Z INFO     app.scheduler.services.notification_creation:notification_creation.py:64 Created overdue notification for invoice INV-6810 (19 days overdue)
Backend CI	Run tests	2026-03-17T02:41:37.4031790Z INFO     app.scheduler.services.notification_creation:notification_creation.py:64 Created overdue notification for invoice INV-3229 (1 days overdue)
Backend CI	Run tests	2026-03-17T02:41:37.4032219Z INFO     app.scheduler.services.notification_creation:notification_creation.py:64 Created overdue notification for invoice INV-9406 (310 days overdue)
Backend CI	Run tests	2026-03-17T02:41:37.4032649Z INFO     app.scheduler.services.notification_creation:notification_creation.py:64 Created overdue notification for invoice INV-8952 (331 days overdue)
Backend CI	Run tests	2026-03-17T02:41:37.4033303Z INFO     app.scheduler.services.notification_creation:notification_creation.py:64 Created overdue notification for invoice INV-1000 (1 days overdue)
Backend CI	Run tests	2026-03-17T02:41:37.4033736Z INFO     app.scheduler.services.notification_creation:notification_creation.py:64 Created overdue notification for invoice INV-6652 (274 days overdue)
Backend CI	Run tests	2026-03-17T02:41:37.4034159Z INFO     app.scheduler.services.notification_creation:notification_creation.py:64 Created overdue notification for invoice INV-6810 (19 days overdue)
Backend CI	Run tests	2026-03-17T02:41:37.4034582Z INFO     app.scheduler.services.notification_creation:notification_creation.py:64 Created overdue notification for invoice INV-3229 (1 days overdue)
Backend CI	Run tests	2026-03-17T02:41:37.4035012Z INFO     app.scheduler.services.notification_creation:notification_creation.py:64 Created overdue notification for invoice INV-9406 (310 days overdue)
Backend CI	Run tests	2026-03-17T02:41:37.4035479Z INFO     app.scheduler.services.notification_creation:notification_creation.py:64 Created overdue notification for invoice INV-8952 (331 days overdue)
Backend CI	Run tests	2026-03-17T02:41:37.4035903Z INFO     app.scheduler.services.notification_creation:notification_creation.py:64 Created overdue notification for invoice INV-1000 (1 days overdue)
Backend CI	Run tests	2026-03-17T02:41:37.4036322Z INFO     app.scheduler.services.notification_creation:notification_creation.py:64 Created overdue notification for invoice INV-1000 (1 days overdue)
Backend CI	Run tests	2026-03-17T02:41:37.4036744Z INFO     app.scheduler.services.notification_creation:notification_creation.py:64 Created overdue notification for invoice INV-1000 (1 days overdue)
Backend CI	Run tests	2026-03-17T02:41:37.4037166Z INFO     app.scheduler.services.notification_creation:notification_creation.py:64 Created overdue notification for invoice INV-1000 (1 days overdue)
Backend CI	Run tests	2026-03-17T02:41:37.4037583Z INFO     app.scheduler.services.notification_creation:notification_creation.py:64 Created overdue notification for invoice INV-1000 (1 days overdue)
Backend CI	Run tests	2026-03-17T02:41:37.4038014Z INFO     app.scheduler.services.notification_creation:notification_creation.py:64 Created overdue notification for invoice INV-1000 (1 days overdue)
Backend CI	Run tests	2026-03-17T02:41:37.4038430Z INFO     app.scheduler.services.notification_creation:notification_creation.py:64 Created overdue notification for invoice INV-1000 (1 days overdue)
Backend CI	Run tests	2026-03-17T02:41:37.4038857Z INFO     app.scheduler.services.notification_creation:notification_creation.py:64 Created overdue notification for invoice INV-1000 (1 days overdue)
Backend CI	Run tests	2026-03-17T02:41:37.4039275Z INFO     app.scheduler.services.notification_creation:notification_creation.py:64 Created overdue notification for invoice INV-1000 (1 days overdue)
Backend CI	Run tests	2026-03-17T02:41:37.4039811Z INFO     app.scheduler.services.notification_creation:notification_creation.py:64 Created overdue notification for invoice INV-1000 (1 days overdue)
Backend CI	Run tests	2026-03-17T02:41:37.4040230Z INFO     app.scheduler.services.notification_creation:notification_creation.py:64 Created overdue notification for invoice INV-1000 (1 days overdue)
Backend CI	Run tests	2026-03-17T02:41:37.4040654Z INFO     app.scheduler.services.notification_creation:notification_creation.py:64 Created overdue notification for invoice INV-1000 (1 days overdue)
Backend CI	Run tests	2026-03-17T02:41:37.4041076Z INFO     app.scheduler.services.notification_creation:notification_creation.py:64 Created overdue notification for invoice INV-1000 (1 days overdue)
Backend CI	Run tests	2026-03-17T02:41:37.4041496Z INFO     app.scheduler.services.notification_creation:notification_creation.py:64 Created overdue notification for invoice INV-1000 (1 days overdue)
Backend CI	Run tests	2026-03-17T02:41:37.4041919Z INFO     app.scheduler.services.notification_creation:notification_creation.py:64 Created overdue notification for invoice INV-1000 (1 days overdue)
Backend CI	Run tests	2026-03-17T02:41:37.4042343Z INFO     app.scheduler.services.notification_creation:notification_creation.py:64 Created overdue notification for invoice INV-1000 (1 days overdue)
Backend CI	Run tests	2026-03-17T02:41:37.4042879Z INFO     app.scheduler.services.notification_creation:notification_creation.py:64 Created overdue notification for invoice INV-1000 (1 days overdue)
Backend CI	Run tests	2026-03-17T02:41:37.4043413Z INFO     app.scheduler.services.notification_creation:notification_creation.py:64 Created overdue notification for invoice INV-1000 (1 days overdue)
Backend CI	Run tests	2026-03-17T02:41:37.4043832Z INFO     app.scheduler.services.notification_creation:notification_creation.py:64 Created overdue notification for invoice INV-1000 (1 days overdue)
Backend CI	Run tests	2026-03-17T02:41:37.4044256Z INFO     app.scheduler.services.notification_creation:notification_creation.py:64 Created overdue notification for invoice INV-1000 (1 days overdue)
Backend CI	Run tests	2026-03-17T02:41:37.4044676Z INFO     app.scheduler.services.notification_creation:notification_creation.py:64 Created overdue notification for invoice INV-1000 (1 days overdue)
Backend CI	Run tests	2026-03-17T02:41:37.4045110Z INFO     app.scheduler.services.notification_creation:notification_creation.py:64 Created overdue notification for invoice INV-1000 (1 days overdue)
Backend CI	Run tests	2026-03-17T02:41:37.4045536Z INFO     app.scheduler.services.notification_creation:notification_creation.py:64 Created overdue notification for invoice INV-1000 (1 days overdue)
Backend CI	Run tests	2026-03-17T02:41:37.4045956Z INFO     app.scheduler.services.notification_creation:notification_creation.py:64 Created overdue notification for invoice INV-1000 (1 days overdue)
Backend CI	Run tests	2026-03-17T02:41:37.4046381Z INFO     app.scheduler.services.notification_creation:notification_creation.py:64 Created overdue notification for invoice INV-1000 (1 days overdue)
Backend CI	Run tests	2026-03-17T02:41:37.4046798Z INFO     app.scheduler.services.notification_creation:notification_creation.py:64 Created overdue notification for invoice INV-1000 (1 days overdue)
Backend CI	Run tests	2026-03-17T02:41:37.4047222Z INFO     app.scheduler.services.notification_creation:notification_creation.py:64 Created overdue notification for invoice INV-1000 (1 days overdue)
Backend CI	Run tests	2026-03-17T02:41:37.4047640Z INFO     app.scheduler.services.notification_creation:notification_creation.py:64 Created overdue notification for invoice INV-1000 (1 days overdue)
Backend CI	Run tests	2026-03-17T02:41:37.4048067Z INFO     app.scheduler.services.notification_creation:notification_creation.py:64 Created overdue notification for invoice INV-1000 (1 days overdue)
Backend CI	Run tests	2026-03-17T02:41:37.4048485Z INFO     app.scheduler.services.notification_creation:notification_creation.py:64 Created overdue notification for invoice INV-1000 (1 days overdue)
Backend CI	Run tests	2026-03-17T02:41:37.4048904Z INFO     app.scheduler.services.notification_creation:notification_creation.py:64 Created overdue notification for invoice INV-1000 (1 days overdue)
Backend CI	Run tests	2026-03-17T02:41:37.4049327Z INFO     app.scheduler.services.notification_creation:notification_creation.py:64 Created overdue notification for invoice INV-1000 (1 days overdue)
Backend CI	Run tests	2026-03-17T02:41:37.4049853Z INFO     app.scheduler.services.notification_creation:notification_creation.py:64 Created overdue notification for invoice INV-1000 (1 days overdue)
Backend CI	Run tests	2026-03-17T02:41:37.4050277Z INFO     app.scheduler.services.notification_creation:notification_creation.py:64 Created overdue notification for invoice INV-1000 (1 days overdue)
Backend CI	Run tests	2026-03-17T02:41:37.4050702Z INFO     app.scheduler.services.notification_creation:notification_creation.py:64 Created overdue notification for invoice INV-1000 (1 days overdue)
Backend CI	Run tests	2026-03-17T02:41:37.4051122Z INFO     app.scheduler.services.notification_creation:notification_creation.py:64 Created overdue notification for invoice INV-1000 (1 days overdue)
Backend CI	Run tests	2026-03-17T02:41:37.4051548Z INFO     app.scheduler.services.notification_creation:notification_creation.py:64 Created overdue notification for invoice INV-1000 (1 days overdue)
Backend CI	Run tests	2026-03-17T02:41:37.4051967Z INFO     app.scheduler.services.notification_creation:notification_creation.py:64 Created overdue notification for invoice INV-1000 (1 days overdue)
Backend CI	Run tests	2026-03-17T02:41:37.4052395Z INFO     app.scheduler.services.notification_creation:notification_creation.py:64 Created overdue notification for invoice INV-1000 (1 days overdue)
Backend CI	Run tests	2026-03-17T02:41:37.4052915Z INFO     app.scheduler.services.notification_creation:notification_creation.py:64 Created overdue notification for invoice INV-1000 (1 days overdue)
Backend CI	Run tests	2026-03-17T02:41:37.4053454Z INFO     app.scheduler.services.notification_creation:notification_creation.py:64 Created overdue notification for invoice INV-1000 (1 days overdue)
Backend CI	Run tests	2026-03-17T02:41:37.4053876Z INFO     app.scheduler.services.notification_creation:notification_creation.py:64 Created overdue notification for invoice INV-1000 (1 days overdue)
Backend CI	Run tests	2026-03-17T02:41:37.4054299Z INFO     app.scheduler.services.notification_creation:notification_creation.py:64 Created overdue notification for invoice INV-1000 (1 days overdue)
Backend CI	Run tests	2026-03-17T02:41:37.4054726Z INFO     app.scheduler.services.notification_creation:notification_creation.py:64 Created overdue notification for invoice INV-1000 (1 days overdue)
Backend CI	Run tests	2026-03-17T02:41:37.4055153Z INFO     app.scheduler.services.notification_creation:notification_creation.py:64 Created overdue notification for invoice INV-1000 (1 days overdue)
Backend CI	Run tests	2026-03-17T02:41:37.4055583Z INFO     app.scheduler.services.notification_creation:notification_creation.py:64 Created overdue notification for invoice INV-1000 (1 days overdue)
Backend CI	Run tests	2026-03-17T02:41:37.4056002Z INFO     app.scheduler.services.notification_creation:notification_creation.py:64 Created overdue notification for invoice INV-1000 (1 days overdue)
Backend CI	Run tests	2026-03-17T02:41:37.4056419Z INFO     app.scheduler.services.notification_creation:notification_creation.py:64 Created overdue notification for invoice INV-1000 (1 days overdue)
Backend CI	Run tests	2026-03-17T02:41:37.4056850Z INFO     app.scheduler.services.notification_creation:notification_creation.py:64 Created overdue notification for invoice INV-1000 (1 days overdue)
Backend CI	Run tests	2026-03-17T02:41:37.4057273Z INFO     app.scheduler.services.notification_creation:notification_creation.py:64 Created overdue notification for invoice INV-1000 (1 days overdue)
Backend CI	Run tests	2026-03-17T02:41:37.4057695Z INFO     app.scheduler.services.notification_creation:notification_creation.py:64 Created overdue notification for invoice INV-1000 (1 days overdue)
Backend CI	Run tests	2026-03-17T02:41:37.4058118Z INFO     app.scheduler.services.notification_creation:notification_creation.py:64 Created overdue notification for invoice INV-1000 (1 days overdue)
Backend CI	Run tests	2026-03-17T02:41:37.4058542Z INFO     app.scheduler.services.notification_creation:notification_creation.py:64 Created overdue notification for invoice INV-1000 (1 days overdue)
Backend CI	Run tests	2026-03-17T02:41:37.4058960Z INFO     app.scheduler.services.notification_creation:notification_creation.py:64 Created overdue notification for invoice INV-1000 (1 days overdue)
Backend CI	Run tests	2026-03-17T02:41:37.4059378Z INFO     app.scheduler.services.notification_creation:notification_creation.py:64 Created overdue notification for invoice INV-1000 (1 days overdue)
Backend CI	Run tests	2026-03-17T02:41:37.4059910Z INFO     app.scheduler.services.notification_creation:notification_creation.py:64 Created overdue notification for invoice INV-1000 (1 days overdue)
Backend CI	Run tests	2026-03-17T02:41:37.4060328Z INFO     app.scheduler.services.notification_creation:notification_creation.py:64 Created overdue notification for invoice INV-1000 (1 days overdue)
Backend CI	Run tests	2026-03-17T02:41:37.4060757Z INFO     app.scheduler.services.notification_creation:notification_creation.py:64 Created overdue notification for invoice INV-1000 (1 days overdue)
Backend CI	Run tests	2026-03-17T02:41:37.4061175Z INFO     app.scheduler.services.notification_creation:notification_creation.py:64 Created overdue notification for invoice INV-1000 (1 days overdue)
Backend CI	Run tests	2026-03-17T02:41:37.4061591Z INFO     app.scheduler.services.notification_creation:notification_creation.py:64 Created overdue notification for invoice INV-1000 (1 days overdue)
Backend CI	Run tests	2026-03-17T02:41:37.4062017Z INFO     app.scheduler.services.notification_creation:notification_creation.py:64 Created overdue notification for invoice INV-1000 (1 days overdue)
Backend CI	Run tests	2026-03-17T02:41:37.4062443Z INFO     app.scheduler.services.notification_creation:notification_creation.py:64 Created overdue notification for invoice INV-1000 (1 days overdue)
Backend CI	Run tests	2026-03-17T02:41:37.4062971Z INFO     app.scheduler.services.notification_creation:notification_creation.py:64 Created overdue notification for invoice INV-1000 (1 days overdue)
Backend CI	Run tests	2026-03-17T02:41:37.4063501Z INFO     app.scheduler.services.notification_creation:notification_creation.py:64 Created overdue notification for invoice INV-1000 (1 days overdue)
Backend CI	Run tests	2026-03-17T02:41:37.4063925Z INFO     app.scheduler.services.notification_creation:notification_creation.py:64 Created overdue notification for invoice INV-1000 (1 days overdue)
Backend CI	Run tests	2026-03-17T02:41:37.4064346Z INFO     app.scheduler.services.notification_creation:notification_creation.py:64 Created overdue notification for invoice INV-1000 (1 days overdue)
Backend CI	Run tests	2026-03-17T02:41:37.4064762Z INFO     app.scheduler.services.notification_creation:notification_creation.py:64 Created overdue notification for invoice INV-1000 (1 days overdue)
Backend CI	Run tests	2026-03-17T02:41:37.4065185Z INFO     app.scheduler.services.notification_creation:notification_creation.py:64 Created overdue notification for invoice INV-1000 (1 days overdue)
Backend CI	Run tests	2026-03-17T02:41:37.4065606Z INFO     app.scheduler.services.notification_creation:notification_creation.py:64 Created overdue notification for invoice INV-1000 (1 days overdue)
Backend CI	Run tests	2026-03-17T02:41:37.4066027Z INFO     app.scheduler.services.notification_creation:notification_creation.py:64 Created overdue notification for invoice INV-1000 (1 days overdue)
Backend CI	Run tests	2026-03-17T02:41:37.4066444Z INFO     app.scheduler.services.notification_creation:notification_creation.py:64 Created overdue notification for invoice INV-1000 (1 days overdue)
Backend CI	Run tests	2026-03-17T02:41:37.4066870Z INFO     app.scheduler.services.notification_creation:notification_creation.py:64 Created overdue notification for invoice INV-1000 (1 days overdue)
Backend CI	Run tests	2026-03-17T02:41:37.4067299Z INFO     app.scheduler.services.notification_creation:notification_creation.py:64 Created overdue notification for invoice INV-1000 (1 days overdue)
Backend CI	Run tests	2026-03-17T02:41:37.4067716Z INFO     app.scheduler.services.notification_creation:notification_creation.py:64 Created overdue notification for invoice INV-1000 (1 days overdue)
Backend CI	Run tests	2026-03-17T02:41:37.4068142Z INFO     app.scheduler.services.notification_creation:notification_creation.py:64 Created overdue notification for invoice INV-1000 (1 days overdue)
Backend CI	Run tests	2026-03-17T02:41:37.4068563Z INFO     app.scheduler.services.notification_creation:notification_creation.py:64 Created overdue notification for invoice INV-1000 (1 days overdue)
Backend CI	Run tests	2026-03-17T02:41:37.4068985Z INFO     app.scheduler.services.notification_creation:notification_creation.py:64 Created overdue notification for invoice INV-1000 (1 days overdue)
Backend CI	Run tests	2026-03-17T02:41:37.4069401Z INFO     app.scheduler.services.notification_creation:notification_creation.py:64 Created overdue notification for invoice INV-1000 (1 days overdue)
Backend CI	Run tests	2026-03-17T02:41:37.4069929Z INFO     app.scheduler.services.notification_creation:notification_creation.py:64 Created overdue notification for invoice INV-1000 (1 days overdue)
Backend CI	Run tests	2026-03-17T02:41:37.4070353Z INFO     app.scheduler.services.notification_creation:notification_creation.py:64 Created overdue notification for invoice INV-1000 (1 days overdue)
Backend CI	Run tests	2026-03-17T02:41:37.4070775Z INFO     app.scheduler.services.notification_creation:notification_creation.py:64 Created overdue notification for invoice INV-1000 (1 days overdue)
Backend CI	Run tests	2026-03-17T02:41:37.4071197Z INFO     app.scheduler.services.notification_creation:notification_creation.py:64 Created overdue notification for invoice INV-1000 (1 days overdue)
Backend CI	Run tests	2026-03-17T02:41:37.4071615Z INFO     app.scheduler.services.notification_creation:notification_creation.py:64 Created overdue notification for invoice INV-1000 (1 days overdue)
Backend CI	Run tests	2026-03-17T02:41:37.4072034Z INFO     app.scheduler.services.notification_creation:notification_creation.py:64 Created overdue notification for invoice INV-1000 (1 days overdue)
Backend CI	Run tests	2026-03-17T02:41:37.4072463Z INFO     app.scheduler.services.notification_creation:notification_creation.py:64 Created overdue notification for invoice INV-1000 (1 days overdue)
Backend CI	Run tests	2026-03-17T02:41:37.4072982Z INFO     app.scheduler.services.notification_creation:notification_creation.py:64 Created overdue notification for invoice INV-1000 (1 days overdue)
Backend CI	Run tests	2026-03-17T02:41:37.4073518Z INFO     app.scheduler.services.notification_creation:notification_creation.py:64 Created overdue notification for invoice INV-1000 (1 days overdue)
Backend CI	Run tests	2026-03-17T02:41:37.4073938Z INFO     app.scheduler.services.notification_creation:notification_creation.py:64 Created overdue notification for invoice INV-1000 (1 days overdue)
Backend CI	Run tests	2026-03-17T02:41:37.4074361Z INFO     app.scheduler.services.notification_creation:notification_creation.py:64 Created overdue notification for invoice INV-1000 (1 days overdue)
Backend CI	Run tests	2026-03-17T02:41:37.4074781Z INFO     app.scheduler.services.notification_creation:notification_creation.py:64 Created overdue notification for invoice INV-1000 (1 days overdue)
Backend CI	Run tests	2026-03-17T02:41:37.4075204Z INFO     app.scheduler.services.notification_creation:notification_creation.py:64 Created overdue notification for invoice INV-1000 (1 days overdue)
Backend CI	Run tests	2026-03-17T02:41:37.4075631Z INFO     app.scheduler.services.notification_creation:notification_creation.py:64 Created overdue notification for invoice INV-1000 (1 days overdue)
Backend CI	Run tests	2026-03-17T02:41:37.4076050Z INFO     app.scheduler.services.notification_creation:notification_creation.py:64 Created overdue notification for invoice INV-1000 (1 days overdue)
Backend CI	Run tests	2026-03-17T02:41:37.4076475Z INFO     app.scheduler.services.notification_creation:notification_creation.py:64 Created overdue notification for invoice INV-1000 (1 days overdue)
Backend CI	Run tests	2026-03-17T02:41:37.4076893Z INFO     app.scheduler.services.notification_creation:notification_creation.py:64 Created overdue notification for invoice INV-1000 (1 days overdue)
Backend CI	Run tests	2026-03-17T02:41:37.4077316Z INFO     app.scheduler.services.notification_creation:notification_creation.py:64 Created overdue notification for invoice INV-1000 (1 days overdue)
Backend CI	Run tests	2026-03-17T02:41:37.4077737Z INFO     app.scheduler.services.notification_creation:notification_creation.py:64 Created overdue notification for invoice INV-1000 (1 days overdue)
Backend CI	Run tests	2026-03-17T02:41:37.4078157Z INFO     app.scheduler.services.notification_creation:notification_creation.py:64 Created overdue notification for invoice INV-1000 (1 days overdue)
Backend CI	Run tests	2026-03-17T02:41:37.4078582Z INFO     app.scheduler.services.notification_creation:notification_creation.py:64 Created overdue notification for invoice INV-1000 (1 days overdue)
Backend CI	Run tests	2026-03-17T02:41:37.4079000Z INFO     app.scheduler.services.notification_creation:notification_creation.py:64 Created overdue notification for invoice INV-1000 (1 days overdue)
Backend CI	Run tests	2026-03-17T02:41:37.4079422Z INFO     app.scheduler.services.notification_creation:notification_creation.py:64 Created overdue notification for invoice INV-1000 (1 days overdue)
Backend CI	Run tests	2026-03-17T02:41:37.4079945Z INFO     app.scheduler.services.notification_creation:notification_creation.py:64 Created overdue notification for invoice INV-1000 (1 days overdue)
Backend CI	Run tests	2026-03-17T02:41:37.4080364Z INFO     app.scheduler.services.notification_creation:notification_creation.py:64 Created overdue notification for invoice INV-1000 (1 days overdue)
Backend CI	Run tests	2026-03-17T02:41:37.4080791Z INFO     app.scheduler.services.notification_creation:notification_creation.py:64 Created overdue notification for invoice INV-1000 (1 days overdue)
Backend CI	Run tests	2026-03-17T02:41:37.4081209Z INFO     app.scheduler.services.notification_creation:notification_creation.py:64 Created overdue notification for invoice INV-1000 (1 days overdue)
Backend CI	Run tests	2026-03-17T02:41:37.4081634Z INFO     app.scheduler.services.notification_creation:notification_creation.py:64 Created overdue notification for invoice INV-1000 (1 days overdue)
Backend CI	Run tests	2026-03-17T02:41:37.4082050Z INFO     app.scheduler.services.notification_creation:notification_creation.py:64 Created overdue notification for invoice INV-1000 (1 days overdue)
Backend CI	Run tests	2026-03-17T02:41:37.4082472Z INFO     app.scheduler.services.notification_creation:notification_creation.py:64 Created overdue notification for invoice INV-1000 (1 days overdue)
Backend CI	Run tests	2026-03-17T02:41:37.4083024Z INFO     app.scheduler.services.notification_creation:notification_creation.py:64 Created overdue notification for invoice INV-1000 (1 days overdue)
Backend CI	Run tests	2026-03-17T02:41:37.4083622Z INFO     app.scheduler.services.notification_creation:notification_creation.py:64 Created overdue notification for invoice INV-1000 (1 days overdue)
Backend CI	Run tests	2026-03-17T02:41:37.4084047Z INFO     app.scheduler.services.notification_creation:notification_creation.py:64 Created overdue notification for invoice INV-1000 (1 days overdue)
Backend CI	Run tests	2026-03-17T02:41:37.4084467Z INFO     app.scheduler.services.notification_creation:notification_creation.py:64 Created overdue notification for invoice INV-1000 (1 days overdue)
Backend CI	Run tests	2026-03-17T02:41:37.4084892Z INFO     app.scheduler.services.notification_creation:notification_creation.py:64 Created overdue notification for invoice INV-1000 (1 days overdue)
Backend CI	Run tests	2026-03-17T02:41:37.4085315Z INFO     app.scheduler.services.notification_creation:notification_creation.py:64 Created overdue notification for invoice INV-1000 (1 days overdue)
Backend CI	Run tests	2026-03-17T02:41:37.4085739Z INFO     app.scheduler.services.notification_creation:notification_creation.py:64 Created overdue notification for invoice INV-1000 (1 days overdue)
Backend CI	Run tests	2026-03-17T02:41:37.4086162Z INFO     app.scheduler.services.notification_creation:notification_creation.py:64 Created overdue notification for invoice INV-1000 (1 days overdue)
Backend CI	Run tests	2026-03-17T02:41:37.4086580Z INFO     app.scheduler.services.notification_creation:notification_creation.py:64 Created overdue notification for invoice INV-1000 (1 days overdue)
Backend CI	Run tests	2026-03-17T02:41:37.4087013Z INFO     app.scheduler.services.notification_creation:notification_creation.py:64 Created overdue notification for invoice INV-1000 (1 days overdue)
Backend CI	Run tests	2026-03-17T02:41:37.4087436Z INFO     app.scheduler.services.notification_creation:notification_creation.py:64 Created overdue notification for invoice INV-1000 (1 days overdue)
Backend CI	Run tests	2026-03-17T02:41:37.4087864Z INFO     app.scheduler.services.notification_creation:notification_creation.py:64 Created overdue notification for invoice INV-1000 (1 days overdue)
Backend CI	Run tests	2026-03-17T02:41:37.4088287Z INFO     app.scheduler.services.notification_creation:notification_creation.py:64 Created overdue notification for invoice INV-1000 (1 days overdue)
Backend CI	Run tests	2026-03-17T02:41:37.4088706Z INFO     app.scheduler.services.notification_creation:notification_creation.py:64 Created overdue notification for invoice INV-1000 (1 days overdue)
Backend CI	Run tests	2026-03-17T02:41:37.4089129Z INFO     app.scheduler.services.notification_creation:notification_creation.py:64 Created overdue notification for invoice INV-1000 (1 days overdue)
Backend CI	Run tests	2026-03-17T02:41:37.4089548Z INFO     app.scheduler.services.notification_creation:notification_creation.py:64 Created overdue notification for invoice INV-1000 (1 days overdue)
Backend CI	Run tests	2026-03-17T02:41:37.4090110Z INFO     app.scheduler.services.notification_creation:notification_creation.py:64 Created overdue notification for invoice INV-1000 (1 days overdue)
Backend CI	Run tests	2026-03-17T02:41:37.4090531Z INFO     app.scheduler.services.notification_creation:notification_creation.py:64 Created overdue notification for invoice INV-1000 (1 days overdue)
Backend CI	Run tests	2026-03-17T02:41:37.4090955Z INFO     app.scheduler.services.notification_creation:notification_creation.py:64 Created overdue notification for invoice INV-1000 (1 days overdue)
Backend CI	Run tests	2026-03-17T02:41:37.4091378Z INFO     app.scheduler.services.notification_creation:notification_creation.py:64 Created overdue notification for invoice INV-1000 (1 days overdue)
Backend CI	Run tests	2026-03-17T02:41:37.4091795Z INFO     app.scheduler.services.notification_creation:notification_creation.py:64 Created overdue notification for invoice INV-1000 (1 days overdue)
Backend CI	Run tests	2026-03-17T02:41:37.4092216Z INFO     app.scheduler.services.notification_creation:notification_creation.py:64 Created overdue notification for invoice INV-1000 (1 days overdue)
Backend CI	Run tests	2026-03-17T02:41:37.4092640Z INFO     app.scheduler.services.notification_creation:notification_creation.py:64 Created overdue notification for invoice INV-1000 (1 days overdue)
Backend CI	Run tests	2026-03-17T02:41:37.4093173Z INFO     app.scheduler.services.notification_creation:notification_creation.py:64 Created overdue notification for invoice INV-1000 (1 days overdue)
Backend CI	Run tests	2026-03-17T02:41:37.4093701Z INFO     app.scheduler.services.notification_creation:notification_creation.py:64 Created overdue notification for invoice INV-1000 (1 days overdue)
Backend CI	Run tests	2026-03-17T02:41:37.4094121Z INFO     app.scheduler.services.notification_creation:notification_creation.py:64 Created overdue notification for invoice INV-1000 (1 days overdue)
Backend CI	Run tests	2026-03-17T02:41:37.4094562Z INFO     app.scheduler.services.notification_creation:notification_creation.py:64 Created overdue notification for invoice INV-1000 (1 days overdue)
Backend CI	Run tests	2026-03-17T02:41:37.4094982Z INFO     app.scheduler.services.notification_creation:notification_creation.py:64 Created overdue notification for invoice INV-1000 (1 days overdue)
Backend CI	Run tests	2026-03-17T02:41:37.4095411Z INFO     app.scheduler.services.notification_creation:notification_creation.py:64 Created overdue notification for invoice INV-1000 (1 days overdue)
Backend CI	Run tests	2026-03-17T02:41:37.4095861Z INFO     app.scheduler.services.notification_creation:notification_creation.py:64 Created overdue notification for invoice INV-1000 (1 days overdue)
Backend CI	Run tests	2026-03-17T02:41:37.4096279Z INFO     app.scheduler.services.notification_creation:notification_creation.py:64 Created overdue notification for invoice INV-1000 (1 days overdue)
Backend CI	Run tests	2026-03-17T02:41:37.4096705Z INFO     app.scheduler.services.notification_creation:notification_creation.py:64 Created overdue notification for invoice INV-1000 (1 days overdue)
Backend CI	Run tests	2026-03-17T02:41:37.4097127Z INFO     app.scheduler.services.notification_creation:notification_creation.py:64 Created overdue notification for invoice INV-1000 (1 days overdue)
Backend CI	Run tests	2026-03-17T02:41:37.4097552Z INFO     app.scheduler.services.notification_creation:notification_creation.py:64 Created overdue notification for invoice INV-1000 (1 days overdue)
Backend CI	Run tests	2026-03-17T02:41:37.4097972Z INFO     app.scheduler.services.notification_creation:notification_creation.py:64 Created overdue notification for invoice INV-1000 (1 days overdue)
Backend CI	Run tests	2026-03-17T02:41:37.4098399Z INFO     app.scheduler.services.notification_creation:notification_creation.py:64 Created overdue notification for invoice INV-1000 (1 days overdue)
Backend CI	Run tests	2026-03-17T02:41:37.4098819Z INFO     app.scheduler.services.notification_creation:notification_creation.py:64 Created overdue notification for invoice INV-1000 (1 days overdue)
Backend CI	Run tests	2026-03-17T02:41:37.4099238Z INFO     app.scheduler.services.notification_creation:notification_creation.py:64 Created overdue notification for invoice INV-1000 (1 days overdue)
Backend CI	Run tests	2026-03-17T02:41:37.4099668Z INFO     app.scheduler.services.notification_creation:notification_creation.py:64 Created overdue notification for invoice INV-1000 (1 days overdue)
Backend CI	Run tests	2026-03-17T02:41:37.4100195Z INFO     app.scheduler.services.notification_creation:notification_creation.py:64 Created overdue notification for invoice INV-1000 (1 days overdue)
Backend CI	Run tests	2026-03-17T02:41:37.4100619Z INFO     app.scheduler.services.notification_creation:notification_creation.py:64 Created overdue notification for invoice INV-1000 (1 days overdue)
Backend CI	Run tests	2026-03-17T02:41:37.4101041Z INFO     app.scheduler.services.notification_creation:notification_creation.py:64 Created overdue notification for invoice INV-1000 (1 days overdue)
Backend CI	Run tests	2026-03-17T02:41:37.4101465Z INFO     app.scheduler.services.notification_creation:notification_creation.py:64 Created overdue notification for invoice INV-1000 (1 days overdue)
Backend CI	Run tests	2026-03-17T02:41:37.4101888Z INFO     app.scheduler.services.notification_creation:notification_creation.py:64 Created overdue notification for invoice INV-1000 (1 days overdue)
Backend CI	Run tests	2026-03-17T02:41:37.4102307Z INFO     app.scheduler.services.notification_creation:notification_creation.py:64 Created overdue notification for invoice INV-1000 (1 days overdue)
Backend CI	Run tests	2026-03-17T02:41:37.4102840Z INFO     app.scheduler.services.notification_creation:notification_creation.py:64 Created overdue notification for invoice INV-1000 (1 days overdue)
Backend CI	Run tests	2026-03-17T02:41:37.4103264Z INFO     app.scheduler.services.notification_creation:notification_creation.py:64 Created overdue notification for invoice INV-1000 (1 days overdue)
Backend CI	Run tests	2026-03-17T02:41:37.4103797Z INFO     app.scheduler.services.notification_creation:notification_creation.py:64 Created overdue notification for invoice INV-1000 (1 days overdue)
Backend CI	Run tests	2026-03-17T02:41:37.4104220Z INFO     app.scheduler.services.notification_creation:notification_creation.py:64 Created overdue notification for invoice INV-1000 (1 days overdue)
Backend CI	Run tests	2026-03-17T02:41:37.4104638Z INFO     app.scheduler.services.notification_creation:notification_creation.py:64 Created overdue notification for invoice INV-1000 (1 days overdue)
Backend CI	Run tests	2026-03-17T02:41:37.4105060Z INFO     app.scheduler.services.notification_creation:notification_creation.py:64 Created overdue notification for invoice INV-1000 (1 days overdue)
Backend CI	Run tests	2026-03-17T02:41:37.4105482Z INFO     app.scheduler.services.notification_creation:notification_creation.py:64 Created overdue notification for invoice INV-1000 (1 days overdue)
Backend CI	Run tests	2026-03-17T02:41:37.4105912Z INFO     app.scheduler.services.notification_creation:notification_creation.py:64 Created overdue notification for invoice INV-1000 (1 days overdue)
Backend CI	Run tests	2026-03-17T02:41:37.4106333Z INFO     app.scheduler.services.notification_creation:notification_creation.py:64 Created overdue notification for invoice INV-1000 (1 days overdue)
Backend CI	Run tests	2026-03-17T02:41:37.4106752Z INFO     app.scheduler.services.notification_creation:notification_creation.py:64 Created overdue notification for invoice INV-1000 (1 days overdue)
Backend CI	Run tests	2026-03-17T02:41:37.4107175Z INFO     app.scheduler.services.notification_creation:notification_creation.py:64 Created overdue notification for invoice INV-1000 (1 days overdue)
Backend CI	Run tests	2026-03-17T02:41:37.4107597Z INFO     app.scheduler.services.notification_creation:notification_creation.py:64 Created overdue notification for invoice INV-1000 (1 days overdue)
Backend CI	Run tests	2026-03-17T02:41:37.4108019Z INFO     app.scheduler.services.notification_creation:notification_creation.py:64 Created overdue notification for invoice INV-1000 (1 days overdue)
Backend CI	Run tests	2026-03-17T02:41:37.4108439Z INFO     app.scheduler.services.notification_creation:notification_creation.py:64 Created overdue notification for invoice INV-1000 (1 days overdue)
Backend CI	Run tests	2026-03-17T02:41:37.4108863Z INFO     app.scheduler.services.notification_creation:notification_creation.py:64 Created overdue notification for invoice INV-1000 (1 days overdue)
Backend CI	Run tests	2026-03-17T02:41:37.4109281Z INFO     app.scheduler.services.notification_creation:notification_creation.py:64 Created overdue notification for invoice INV-1000 (1 days overdue)
Backend CI	Run tests	2026-03-17T02:41:37.4109700Z INFO     app.scheduler.services.notification_creation:notification_creation.py:64 Created overdue notification for invoice INV-1000 (1 days overdue)
Backend CI	Run tests	2026-03-17T02:41:37.4110230Z INFO     app.scheduler.services.notification_creation:notification_creation.py:64 Created overdue notification for invoice INV-1000 (1 days overdue)
Backend CI	Run tests	2026-03-17T02:41:37.4110648Z INFO     app.scheduler.services.notification_creation:notification_creation.py:64 Created overdue notification for invoice INV-1000 (1 days overdue)
Backend CI	Run tests	2026-03-17T02:41:37.4111080Z INFO     app.scheduler.services.notification_creation:notification_creation.py:64 Created overdue notification for invoice INV-1000 (1 days overdue)
Backend CI	Run tests	2026-03-17T02:41:37.4111498Z INFO     app.scheduler.services.notification_creation:notification_creation.py:64 Created overdue notification for invoice INV-1000 (1 days overdue)
Backend CI	Run tests	2026-03-17T02:41:37.4111916Z INFO     app.scheduler.services.notification_creation:notification_creation.py:64 Created overdue notification for invoice INV-1000 (1 days overdue)
Backend CI	Run tests	2026-03-17T02:41:37.4112339Z INFO     app.scheduler.services.notification_creation:notification_creation.py:64 Created overdue notification for invoice INV-1000 (1 days overdue)
Backend CI	Run tests	2026-03-17T02:41:37.4112866Z INFO     app.scheduler.services.notification_creation:notification_creation.py:64 Created overdue notification for invoice INV-1000 (1 days overdue)
Backend CI	Run tests	2026-03-17T02:41:37.4113291Z INFO     app.scheduler.services.notification_creation:notification_creation.py:64 Created overdue notification for invoice INV-1000 (1 days overdue)
Backend CI	Run tests	2026-03-17T02:41:37.4113818Z INFO     app.scheduler.services.notification_creation:notification_creation.py:64 Created overdue notification for invoice INV-1000 (1 days overdue)
Backend CI	Run tests	2026-03-17T02:41:37.4114243Z INFO     app.scheduler.services.notification_creation:notification_creation.py:64 Created overdue notification for invoice INV-1000 (1 days overdue)
Backend CI	Run tests	2026-03-17T02:41:37.4114658Z INFO     app.scheduler.services.notification_creation:notification_creation.py:64 Created overdue notification for invoice INV-1000 (1 days overdue)
Backend CI	Run tests	2026-03-17T02:41:37.4115077Z INFO     app.scheduler.services.notification_creation:notification_creation.py:64 Created overdue notification for invoice INV-1000 (1 days overdue)
Backend CI	Run tests	2026-03-17T02:41:37.4115505Z INFO     app.scheduler.services.notification_creation:notification_creation.py:64 Created overdue notification for invoice INV-1000 (1 days overdue)
Backend CI	Run tests	2026-03-17T02:41:37.4115931Z INFO     app.scheduler.services.notification_creation:notification_creation.py:64 Created overdue notification for invoice INV-1000 (1 days overdue)
Backend CI	Run tests	2026-03-17T02:41:37.4116360Z INFO     app.scheduler.services.notification_creation:notification_creation.py:64 Created overdue notification for invoice INV-1000 (1 days overdue)
Backend CI	Run tests	2026-03-17T02:41:37.4116777Z INFO     app.scheduler.services.notification_creation:notification_creation.py:64 Created overdue notification for invoice INV-1000 (1 days overdue)
Backend CI	Run tests	2026-03-17T02:41:37.4117197Z INFO     app.scheduler.services.notification_creation:notification_creation.py:64 Created overdue notification for invoice INV-1000 (1 days overdue)
Backend CI	Run tests	2026-03-17T02:41:37.4117624Z INFO     app.scheduler.services.notification_creation:notification_creation.py:64 Created overdue notification for invoice INV-1000 (1 days overdue)
Backend CI	Run tests	2026-03-17T02:41:37.4118042Z INFO     app.scheduler.services.notification_creation:notification_creation.py:64 Created overdue notification for invoice INV-1000 (1 days overdue)
Backend CI	Run tests	2026-03-17T02:41:37.4118470Z INFO     app.scheduler.services.notification_creation:notification_creation.py:64 Created overdue notification for invoice INV-1000 (1 days overdue)
Backend CI	Run tests	2026-03-17T02:41:37.4118887Z INFO     app.scheduler.services.notification_creation:notification_creation.py:64 Created overdue notification for invoice INV-1000 (1 days overdue)
Backend CI	Run tests	2026-03-17T02:41:37.4119314Z INFO     app.scheduler.services.notification_creation:notification_creation.py:64 Created overdue notification for invoice INV-1000 (1 days overdue)
Backend CI	Run tests	2026-03-17T02:41:37.4119734Z INFO     app.scheduler.services.notification_creation:notification_creation.py:64 Created overdue notification for invoice INV-1000 (1 days overdue)
Backend CI	Run tests	2026-03-17T02:41:37.4120261Z INFO     app.scheduler.services.notification_creation:notification_creation.py:64 Created overdue notification for invoice INV-1000 (1 days overdue)
Backend CI	Run tests	2026-03-17T02:41:37.4120685Z INFO     app.scheduler.services.notification_creation:notification_creation.py:64 Created overdue notification for invoice INV-1000 (1 days overdue)
Backend CI	Run tests	2026-03-17T02:41:37.4121112Z INFO     app.scheduler.services.notification_creation:notification_creation.py:64 Created overdue notification for invoice INV-1000 (1 days overdue)
Backend CI	Run tests	2026-03-17T02:41:37.4121532Z INFO     app.scheduler.services.notification_creation:notification_creation.py:64 Created overdue notification for invoice INV-1000 (1 days overdue)
Backend CI	Run tests	2026-03-17T02:41:37.4121947Z INFO     app.scheduler.services.notification_creation:notification_creation.py:64 Created overdue notification for invoice INV-1000 (1 days overdue)
Backend CI	Run tests	2026-03-17T02:41:37.4122365Z INFO     app.scheduler.services.notification_creation:notification_creation.py:64 Created overdue notification for invoice INV-1000 (1 days overdue)
Backend CI	Run tests	2026-03-17T02:41:37.4122922Z INFO     app.scheduler.services.notification_creation:notification_creation.py:64 Created overdue notification for invoice INV-1000 (1 days overdue)
Backend CI	Run tests	2026-03-17T02:41:37.4123343Z INFO     app.scheduler.services.notification_creation:notification_creation.py:64 Created overdue notification for invoice INV-1000 (1 days overdue)
Backend CI	Run tests	2026-03-17T02:41:37.4123876Z INFO     app.scheduler.services.notification_creation:notification_creation.py:64 Created overdue notification for invoice INV-1000 (1 days overdue)
Backend CI	Run tests	2026-03-17T02:41:37.4124295Z INFO     app.scheduler.services.notification_creation:notification_creation.py:64 Created overdue notification for invoice INV-1000 (1 days overdue)
Backend CI	Run tests	2026-03-17T02:41:37.4124718Z INFO     app.scheduler.services.notification_creation:notification_creation.py:64 Created overdue notification for invoice INV-1000 (1 days overdue)
Backend CI	Run tests	2026-03-17T02:41:37.4125138Z INFO     app.scheduler.services.notification_creation:notification_creation.py:64 Created overdue notification for invoice INV-1000 (1 days overdue)
Backend CI	Run tests	2026-03-17T02:41:37.4125561Z INFO     app.scheduler.services.notification_creation:notification_creation.py:64 Created overdue notification for invoice INV-1000 (1 days overdue)
Backend CI	Run tests	2026-03-17T02:41:37.4125990Z INFO     app.scheduler.services.notification_creation:notification_creation.py:64 Created overdue notification for invoice INV-1000 (1 days overdue)
Backend CI	Run tests	2026-03-17T02:41:37.4126407Z INFO     app.scheduler.services.notification_creation:notification_creation.py:64 Created overdue notification for invoice INV-1000 (1 days overdue)
Backend CI	Run tests	2026-03-17T02:41:37.4126830Z INFO     app.scheduler.services.notification_creation:notification_creation.py:64 Created overdue notification for invoice INV-1000 (1 days overdue)
Backend CI	Run tests	2026-03-17T02:41:37.4127247Z INFO     app.scheduler.services.notification_creation:notification_creation.py:64 Created overdue notification for invoice INV-1000 (1 days overdue)
Backend CI	Run tests	2026-03-17T02:41:37.4127675Z INFO     app.scheduler.services.notification_creation:notification_creation.py:64 Created overdue notification for invoice INV-1000 (1 days overdue)
Backend CI	Run tests	2026-03-17T02:41:37.4128093Z INFO     app.scheduler.services.notification_creation:notification_creation.py:64 Created overdue notification for invoice INV-1000 (1 days overdue)
Backend CI	Run tests	2026-03-17T02:41:37.4128518Z INFO     app.scheduler.services.notification_creation:notification_creation.py:64 Created overdue notification for invoice INV-1000 (1 days overdue)
Backend CI	Run tests	2026-03-17T02:41:37.4128942Z INFO     app.scheduler.services.notification_creation:notification_creation.py:64 Created overdue notification for invoice INV-1000 (1 days overdue)
Backend CI	Run tests	2026-03-17T02:41:37.4129360Z INFO     app.scheduler.services.notification_creation:notification_creation.py:64 Created overdue notification for invoice INV-1000 (1 days overdue)
Backend CI	Run tests	2026-03-17T02:41:37.4129783Z INFO     app.scheduler.services.notification_creation:notification_creation.py:64 Created overdue notification for invoice INV-1000 (1 days overdue)
Backend CI	Run tests	2026-03-17T02:41:37.4130325Z INFO     app.scheduler.services.notification_creation:notification_creation.py:64 Created overdue notification for invoice INV-1000 (1 days overdue)
Backend CI	Run tests	2026-03-17T02:41:37.4130744Z INFO     app.scheduler.services.notification_creation:notification_creation.py:64 Created overdue notification for invoice INV-1000 (1 days overdue)
Backend CI	Run tests	2026-03-17T02:41:37.4131171Z INFO     app.scheduler.services.notification_creation:notification_creation.py:64 Created overdue notification for invoice INV-1000 (1 days overdue)
Backend CI	Run tests	2026-03-17T02:41:37.4131589Z INFO     app.scheduler.services.notification_creation:notification_creation.py:64 Created overdue notification for invoice INV-1000 (1 days overdue)
Backend CI	Run tests	2026-03-17T02:41:37.4132016Z INFO     app.scheduler.services.notification_creation:notification_creation.py:64 Created overdue notification for invoice INV-1000 (1 days overdue)
Backend CI	Run tests	2026-03-17T02:41:37.4132431Z INFO     app.scheduler.services.notification_creation:notification_creation.py:64 Created overdue notification for invoice INV-1000 (1 days overdue)
Backend CI	Run tests	2026-03-17T02:41:37.4132973Z INFO     app.scheduler.services.notification_creation:notification_creation.py:64 Created overdue notification for invoice INV-1000 (1 days overdue)
Backend CI	Run tests	2026-03-17T02:41:37.4133394Z INFO     app.scheduler.services.notification_creation:notification_creation.py:64 Created overdue notification for invoice INV-1000 (1 days overdue)
Backend CI	Run tests	2026-03-17T02:41:37.4133921Z INFO     app.scheduler.services.notification_creation:notification_creation.py:64 Created overdue notification for invoice INV-1000 (1 days overdue)
Backend CI	Run tests	2026-03-17T02:41:37.4134344Z INFO     app.scheduler.services.notification_creation:notification_creation.py:64 Created overdue notification for invoice INV-1000 (1 days overdue)
Backend CI	Run tests	2026-03-17T02:41:37.4134760Z INFO     app.scheduler.services.notification_creation:notification_creation.py:64 Created overdue notification for invoice INV-1000 (1 days overdue)
Backend CI	Run tests	2026-03-17T02:41:37.4135212Z INFO     app.scheduler.services.notification_creation:notification_creation.py:64 Created overdue notification for invoice INV-1000 (1 days overdue)
Backend CI	Run tests	2026-03-17T02:41:37.4135640Z INFO     app.scheduler.services.notification_creation:notification_creation.py:64 Created overdue notification for invoice INV-1000 (1 days overdue)
Backend CI	Run tests	2026-03-17T02:41:37.4136060Z INFO     app.scheduler.services.notification_creation:notification_creation.py:64 Created overdue notification for invoice INV-1000 (1 days overdue)
Backend CI	Run tests	2026-03-17T02:41:37.4136491Z INFO     app.scheduler.services.notification_creation:notification_creation.py:64 Created overdue notification for invoice INV-1000 (1 days overdue)
Backend CI	Run tests	2026-03-17T02:41:37.4136910Z INFO     app.scheduler.services.notification_creation:notification_creation.py:64 Created overdue notification for invoice INV-1000 (1 days overdue)
Backend CI	Run tests	2026-03-17T02:41:37.4137333Z INFO     app.scheduler.services.notification_creation:notification_creation.py:64 Created overdue notification for invoice INV-1000 (1 days overdue)
Backend CI	Run tests	2026-03-17T02:41:37.4137756Z INFO     app.scheduler.services.notification_creation:notification_creation.py:64 Created overdue notification for invoice INV-1000 (1 days overdue)
Backend CI	Run tests	2026-03-17T02:41:37.4138181Z INFO     app.scheduler.services.notification_creation:notification_creation.py:64 Created overdue notification for invoice INV-1000 (1 days overdue)
Backend CI	Run tests	2026-03-17T02:41:37.4138605Z INFO     app.scheduler.services.notification_creation:notification_creation.py:64 Created overdue notification for invoice INV-1000 (1 days overdue)
Backend CI	Run tests	2026-03-17T02:41:37.4139023Z INFO     app.scheduler.services.notification_creation:notification_creation.py:64 Created overdue notification for invoice INV-1000 (1 days overdue)
Backend CI	Run tests	2026-03-17T02:41:37.4139448Z INFO     app.scheduler.services.notification_creation:notification_creation.py:64 Created overdue notification for invoice INV-1000 (1 days overdue)
Backend CI	Run tests	2026-03-17T02:41:37.4139866Z INFO     app.scheduler.services.notification_creation:notification_creation.py:64 Created overdue notification for invoice INV-1000 (1 days overdue)
Backend CI	Run tests	2026-03-17T02:41:37.4140399Z INFO     app.scheduler.services.notification_creation:notification_creation.py:64 Created overdue notification for invoice INV-1000 (1 days overdue)
Backend CI	Run tests	2026-03-17T02:41:37.4140821Z INFO     app.scheduler.services.notification_creation:notification_creation.py:64 Created overdue notification for invoice INV-1000 (1 days overdue)
Backend CI	Run tests	2026-03-17T02:41:37.4141245Z INFO     app.scheduler.services.notification_creation:notification_creation.py:64 Created overdue notification for invoice INV-1000 (1 days overdue)
Backend CI	Run tests	2026-03-17T02:41:37.4141669Z INFO     app.scheduler.services.notification_creation:notification_creation.py:64 Created overdue notification for invoice INV-1000 (1 days overdue)
Backend CI	Run tests	2026-03-17T02:41:37.4142086Z INFO     app.scheduler.services.notification_creation:notification_creation.py:64 Created overdue notification for invoice INV-1000 (1 days overdue)
Backend CI	Run tests	2026-03-17T02:41:37.4142508Z INFO     app.scheduler.services.notification_creation:notification_creation.py:64 Created overdue notification for invoice INV-1000 (1 days overdue)
Backend CI	Run tests	2026-03-17T02:41:37.4143036Z INFO     app.scheduler.services.notification_creation:notification_creation.py:64 Created overdue notification for invoice INV-1000 (1 days overdue)
Backend CI	Run tests	2026-03-17T02:41:37.4143463Z INFO     app.scheduler.services.notification_creation:notification_creation.py:64 Created overdue notification for invoice INV-1000 (1 days overdue)
Backend CI	Run tests	2026-03-17T02:41:37.4143991Z INFO     app.scheduler.services.notification_creation:notification_creation.py:64 Created overdue notification for invoice INV-1000 (1 days overdue)
Backend CI	Run tests	2026-03-17T02:41:37.4144411Z INFO     app.scheduler.services.notification_creation:notification_creation.py:64 Created overdue notification for invoice INV-1000 (1 days overdue)
Backend CI	Run tests	2026-03-17T02:41:37.4144832Z INFO     app.scheduler.services.notification_creation:notification_creation.py:64 Created overdue notification for invoice INV-1000 (1 days overdue)
Backend CI	Run tests	2026-03-17T02:41:37.4145251Z INFO     app.scheduler.services.notification_creation:notification_creation.py:64 Created overdue notification for invoice INV-1000 (1 days overdue)
Backend CI	Run tests	2026-03-17T02:41:37.4145683Z INFO     app.scheduler.services.notification_creation:notification_creation.py:64 Created overdue notification for invoice INV-1000 (1 days overdue)
Backend CI	Run tests	2026-03-17T02:41:37.4146101Z INFO     app.scheduler.services.notification_creation:notification_creation.py:64 Created overdue notification for invoice INV-1000 (1 days overdue)
Backend CI	Run tests	2026-03-17T02:41:37.4146526Z INFO     app.scheduler.services.notification_creation:notification_creation.py:64 Created overdue notification for invoice INV-1000 (1 days overdue)
Backend CI	Run tests	2026-03-17T02:41:37.4146953Z INFO     app.scheduler.services.notification_creation:notification_creation.py:64 Created overdue notification for invoice INV-1000 (1 days overdue)
Backend CI	Run tests	2026-03-17T02:41:37.4147373Z INFO     app.scheduler.services.notification_creation:notification_creation.py:64 Created overdue notification for invoice INV-1000 (1 days overdue)
Backend CI	Run tests	2026-03-17T02:41:37.4147797Z INFO     app.scheduler.services.notification_creation:notification_creation.py:64 Created overdue notification for invoice INV-1000 (1 days overdue)
Backend CI	Run tests	2026-03-17T02:41:37.4148220Z INFO     app.scheduler.services.notification_creation:notification_creation.py:64 Created overdue notification for invoice INV-1000 (1 days overdue)
Backend CI	Run tests	2026-03-17T02:41:37.4148650Z INFO     app.scheduler.services.notification_creation:notification_creation.py:64 Created overdue notification for invoice INV-1000 (1 days overdue)
Backend CI	Run tests	2026-03-17T02:41:37.4149071Z INFO     app.scheduler.services.notification_creation:notification_creation.py:64 Created overdue notification for invoice INV-1000 (1 days overdue)
Backend CI	Run tests	2026-03-17T02:41:37.4149490Z INFO     app.scheduler.services.notification_creation:notification_creation.py:64 Created overdue notification for invoice INV-1000 (1 days overdue)
Backend CI	Run tests	2026-03-17T02:41:37.4149916Z INFO     app.scheduler.services.notification_creation:notification_creation.py:64 Created overdue notification for invoice INV-1000 (1 days overdue)
Backend CI	Run tests	2026-03-17T02:41:37.4150437Z INFO     app.scheduler.services.notification_creation:notification_creation.py:64 Created overdue notification for invoice INV-1000 (1 days overdue)
Backend CI	Run tests	2026-03-17T02:41:37.4150859Z INFO     app.scheduler.services.notification_creation:notification_creation.py:64 Created overdue notification for invoice INV-1000 (1 days overdue)
Backend CI	Run tests	2026-03-17T02:41:37.4151282Z INFO     app.scheduler.services.notification_creation:notification_creation.py:64 Created overdue notification for invoice INV-1000 (1 days overdue)
Backend CI	Run tests	2026-03-17T02:41:37.4151701Z INFO     app.scheduler.services.notification_creation:notification_creation.py:64 Created overdue notification for invoice INV-1000 (1 days overdue)
Backend CI	Run tests	2026-03-17T02:41:37.4152123Z INFO     app.scheduler.services.notification_creation:notification_creation.py:64 Created overdue notification for invoice INV-1000 (1 days overdue)
Backend CI	Run tests	2026-03-17T02:41:37.4152542Z INFO     app.scheduler.services.notification_creation:notification_creation.py:64 Created overdue notification for invoice INV-1000 (1 days overdue)
Backend CI	Run tests	2026-03-17T02:41:37.4153070Z INFO     app.scheduler.services.notification_creation:notification_creation.py:64 Created overdue notification for invoice INV-1000 (1 days overdue)
Backend CI	Run tests	2026-03-17T02:41:37.4153491Z INFO     app.scheduler.services.notification_creation:notification_creation.py:64 Created overdue notification for invoice INV-1000 (1 days overdue)
Backend CI	Run tests	2026-03-17T02:41:37.4154024Z INFO     app.scheduler.services.notification_creation:notification_creation.py:64 Created overdue notification for invoice INV-1000 (1 days overdue)
Backend CI	Run tests	2026-03-17T02:41:37.4154444Z INFO     app.scheduler.services.notification_creation:notification_creation.py:64 Created overdue notification for invoice INV-1000 (1 days overdue)
Backend CI	Run tests	2026-03-17T02:41:37.4154864Z INFO     app.scheduler.services.notification_creation:notification_creation.py:64 Created overdue notification for invoice INV-1000 (1 days overdue)
Backend CI	Run tests	2026-03-17T02:41:37.4155290Z INFO     app.scheduler.services.notification_creation:notification_creation.py:64 Created overdue notification for invoice INV-1000 (1 days overdue)
Backend CI	Run tests	2026-03-17T02:41:37.4155714Z INFO     app.scheduler.services.notification_creation:notification_creation.py:64 Created overdue notification for invoice INV-1000 (1 days overdue)
Backend CI	Run tests	2026-03-17T02:41:37.4156137Z INFO     app.scheduler.services.notification_creation:notification_creation.py:64 Created overdue notification for invoice INV-1000 (1 days overdue)
Backend CI	Run tests	2026-03-17T02:41:37.4156566Z INFO     app.scheduler.services.notification_creation:notification_creation.py:64 Created overdue notification for invoice INV-1000 (1 days overdue)
Backend CI	Run tests	2026-03-17T02:41:37.4156992Z INFO     app.scheduler.services.notification_creation:notification_creation.py:64 Created overdue notification for invoice INV-1000 (1 days overdue)
Backend CI	Run tests	2026-03-17T02:41:37.4157419Z INFO     app.scheduler.services.notification_creation:notification_creation.py:64 Created overdue notification for invoice INV-1000 (1 days overdue)
Backend CI	Run tests	2026-03-17T02:41:37.4157838Z INFO     app.scheduler.services.notification_creation:notification_creation.py:64 Created overdue notification for invoice INV-1000 (1 days overdue)
Backend CI	Run tests	2026-03-17T02:41:37.4158263Z INFO     app.scheduler.services.notification_creation:notification_creation.py:64 Created overdue notification for invoice INV-1000 (1 days overdue)
Backend CI	Run tests	2026-03-17T02:41:37.4158684Z INFO     app.scheduler.services.notification_creation:notification_creation.py:64 Created overdue notification for invoice INV-1000 (1 days overdue)
Backend CI	Run tests	2026-03-17T02:41:37.4159106Z INFO     app.scheduler.services.notification_creation:notification_creation.py:64 Created overdue notification for invoice INV-1000 (1 days overdue)
Backend CI	Run tests	2026-03-17T02:41:37.4159526Z INFO     app.scheduler.services.notification_creation:notification_creation.py:64 Created overdue notification for invoice INV-1000 (1 days overdue)
Backend CI	Run tests	2026-03-17T02:41:37.4159944Z INFO     app.scheduler.services.notification_creation:notification_creation.py:64 Created overdue notification for invoice INV-1000 (1 days overdue)
Backend CI	Run tests	2026-03-17T02:41:37.4160471Z INFO     app.scheduler.services.notification_creation:notification_creation.py:64 Created overdue notification for invoice INV-1000 (1 days overdue)
Backend CI	Run tests	2026-03-17T02:41:37.4160894Z INFO     app.scheduler.services.notification_creation:notification_creation.py:64 Created overdue notification for invoice INV-1000 (1 days overdue)
Backend CI	Run tests	2026-03-17T02:41:37.4161321Z INFO     app.scheduler.services.notification_creation:notification_creation.py:64 Created overdue notification for invoice INV-1000 (1 days overdue)
Backend CI	Run tests	2026-03-17T02:41:37.4161737Z INFO     app.scheduler.services.notification_creation:notification_creation.py:64 Created overdue notification for invoice INV-1000 (1 days overdue)
Backend CI	Run tests	2026-03-17T02:41:37.4162157Z INFO     app.scheduler.services.notification_creation:notification_creation.py:64 Created overdue notification for invoice INV-1000 (1 days overdue)
Backend CI	Run tests	2026-03-17T02:41:37.4162584Z INFO     app.scheduler.services.notification_creation:notification_creation.py:64 Created overdue notification for invoice INV-1000 (1 days overdue)
Backend CI	Run tests	2026-03-17T02:41:37.4163439Z INFO     app.scheduler.services.notification_creation:notification_creation.py:64 Created overdue notification for invoice INV-1000 (1 days overdue)
Backend CI	Run tests	2026-03-17T02:41:37.4163969Z INFO     app.scheduler.services.notification_creation:notification_creation.py:64 Created overdue notification for invoice INV-1000 (1 days overdue)
Backend CI	Run tests	2026-03-17T02:41:37.4164577Z INFO     app.scheduler.services.notification_creation:notification_creation.py:64 Created overdue notification for invoice INV-1000 (1 days overdue)
Backend CI	Run tests	2026-03-17T02:41:37.4165005Z INFO     app.scheduler.services.notification_creation:notification_creation.py:64 Created overdue notification for invoice INV-1000 (1 days overdue)
Backend CI	Run tests	2026-03-17T02:41:37.4165427Z INFO     app.scheduler.services.notification_creation:notification_creation.py:64 Created overdue notification for invoice INV-1000 (1 days overdue)
Backend CI	Run tests	2026-03-17T02:41:37.4165844Z INFO     app.scheduler.services.notification_creation:notification_creation.py:64 Created overdue notification for invoice INV-1000 (1 days overdue)
Backend CI	Run tests	2026-03-17T02:41:37.4166274Z INFO     app.scheduler.services.notification_creation:notification_creation.py:64 Created overdue notification for invoice INV-1000 (1 days overdue)
Backend CI	Run tests	2026-03-17T02:41:37.4166693Z INFO     app.scheduler.services.notification_creation:notification_creation.py:64 Created overdue notification for invoice INV-1000 (1 days overdue)
Backend CI	Run tests	2026-03-17T02:41:37.4167129Z INFO     app.scheduler.services.notification_creation:notification_creation.py:64 Created overdue notification for invoice INV-1000 (1 days overdue)
Backend CI	Run tests	2026-03-17T02:41:37.4167549Z INFO     app.scheduler.services.notification_creation:notification_creation.py:64 Created overdue notification for invoice INV-1000 (1 days overdue)
Backend CI	Run tests	2026-03-17T02:41:37.4167972Z INFO     app.scheduler.services.notification_creation:notification_creation.py:64 Created overdue notification for invoice INV-1000 (1 days overdue)
Backend CI	Run tests	2026-03-17T02:41:37.4168391Z INFO     app.scheduler.services.notification_creation:notification_creation.py:64 Created overdue notification for invoice INV-1000 (1 days overdue)
Backend CI	Run tests	2026-03-17T02:41:37.4168812Z INFO     app.scheduler.services.notification_creation:notification_creation.py:64 Created overdue notification for invoice INV-1000 (1 days overdue)
Backend CI	Run tests	2026-03-17T02:41:37.4169239Z INFO     app.scheduler.services.notification_creation:notification_creation.py:64 Created overdue notification for invoice INV-1000 (1 days overdue)
Backend CI	Run tests	2026-03-17T02:41:37.4169657Z INFO     app.scheduler.services.notification_creation:notification_creation.py:64 Created overdue notification for invoice INV-1000 (1 days overdue)
Backend CI	Run tests	2026-03-17T02:41:37.4170079Z INFO     app.scheduler.services.notification_creation:notification_creation.py:64 Created overdue notification for invoice INV-1000 (1 days overdue)
Backend CI	Run tests	2026-03-17T02:41:37.4170498Z INFO     app.scheduler.services.notification_creation:notification_creation.py:64 Created overdue notification for invoice INV-1000 (1 days overdue)
Backend CI	Run tests	2026-03-17T02:41:37.4171026Z INFO     app.scheduler.services.notification_creation:notification_creation.py:64 Created overdue notification for invoice INV-1000 (1 days overdue)
Backend CI	Run tests	2026-03-17T02:41:37.4171451Z INFO     app.scheduler.services.notification_creation:notification_creation.py:64 Created overdue notification for invoice INV-1000 (1 days overdue)
Backend CI	Run tests	2026-03-17T02:41:37.4171874Z INFO     app.scheduler.services.notification_creation:notification_creation.py:64 Created overdue notification for invoice INV-1000 (1 days overdue)
Backend CI	Run tests	2026-03-17T02:41:37.4172298Z INFO     app.scheduler.services.notification_creation:notification_creation.py:64 Created overdue notification for invoice INV-1000 (1 days overdue)
Backend CI	Run tests	2026-03-17T02:41:37.4172955Z INFO     app.scheduler.services.notification_creation:notification_creation.py:64 Created overdue notification for invoice INV-1000 (1 days overdue)
Backend CI	Run tests	2026-03-17T02:41:37.4173395Z INFO     app.scheduler.services.notification_creation:notification_creation.py:64 Created overdue notification for invoice INV-1000 (1 days overdue)
Backend CI	Run tests	2026-03-17T02:41:37.4173822Z INFO     app.scheduler.services.notification_creation:notification_creation.py:64 Created overdue notification for invoice INV-1000 (1 days overdue)
Backend CI	Run tests	2026-03-17T02:41:37.4174242Z INFO     app.scheduler.services.notification_creation:notification_creation.py:64 Created overdue notification for invoice INV-1000 (1 days overdue)
Backend CI	Run tests	2026-03-17T02:41:37.4174789Z INFO     app.scheduler.services.notification_creation:notification_creation.py:64 Created overdue notification for invoice INV-1000 (1 days overdue)
Backend CI	Run tests	2026-03-17T02:41:37.4175208Z INFO     app.scheduler.services.notification_creation:notification_creation.py:64 Created overdue notification for invoice INV-1000 (1 days overdue)
Backend CI	Run tests	2026-03-17T02:41:37.4175631Z INFO     app.scheduler.services.notification_creation:notification_creation.py:64 Created overdue notification for invoice INV-1000 (1 days overdue)
Backend CI	Run tests	2026-03-17T02:41:37.4176049Z INFO     app.scheduler.services.notification_creation:notification_creation.py:64 Created overdue notification for invoice INV-1000 (1 days overdue)
Backend CI	Run tests	2026-03-17T02:41:37.4176474Z INFO     app.scheduler.services.notification_creation:notification_creation.py:64 Created overdue notification for invoice INV-1000 (1 days overdue)
Backend CI	Run tests	2026-03-17T02:41:37.4176898Z INFO     app.scheduler.services.notification_creation:notification_creation.py:64 Created overdue notification for invoice INV-1000 (1 days overdue)
Backend CI	Run tests	2026-03-17T02:41:37.4177321Z INFO     app.scheduler.services.notification_creation:notification_creation.py:64 Created overdue notification for invoice INV-1000 (1 days overdue)
Backend CI	Run tests	2026-03-17T02:41:37.4177745Z INFO     app.scheduler.services.notification_creation:notification_creation.py:64 Created overdue notification for invoice INV-1000 (1 days overdue)
Backend CI	Run tests	2026-03-17T02:41:37.4178164Z INFO     app.scheduler.services.notification_creation:notification_creation.py:64 Created overdue notification for invoice INV-1000 (1 days overdue)
Backend CI	Run tests	2026-03-17T02:41:37.4178589Z INFO     app.scheduler.services.notification_creation:notification_creation.py:64 Created overdue notification for invoice INV-1000 (1 days overdue)
Backend CI	Run tests	2026-03-17T02:41:37.4179012Z INFO     app.scheduler.services.notification_creation:notification_creation.py:64 Created overdue notification for invoice INV-1000 (1 days overdue)
Backend CI	Run tests	2026-03-17T02:41:37.4179431Z INFO     app.scheduler.services.notification_creation:notification_creation.py:64 Created overdue notification for invoice INV-1000 (1 days overdue)
Backend CI	Run tests	2026-03-17T02:41:37.4179853Z INFO     app.scheduler.services.notification_creation:notification_creation.py:64 Created overdue notification for invoice INV-1000 (1 days overdue)
Backend CI	Run tests	2026-03-17T02:41:37.4180271Z INFO     app.scheduler.services.notification_creation:notification_creation.py:64 Created overdue notification for invoice INV-1000 (1 days overdue)
Backend CI	Run tests	2026-03-17T02:41:37.4180693Z INFO     app.scheduler.services.notification_creation:notification_creation.py:64 Created overdue notification for invoice INV-1000 (1 days overdue)
Backend CI	Run tests	2026-03-17T02:41:37.4181266Z INFO     app.scheduler.services.notification_creation:notification_creation.py:64 Created overdue notification for invoice INV-1000 (1 days overdue)
Backend CI	Run tests	2026-03-17T02:41:37.4181689Z INFO     app.scheduler.services.notification_creation:notification_creation.py:64 Created overdue notification for invoice INV-1000 (1 days overdue)
Backend CI	Run tests	2026-03-17T02:41:37.4182119Z INFO     app.scheduler.services.notification_creation:notification_creation.py:64 Created overdue notification for invoice INV-1000 (1 days overdue)
Backend CI	Run tests	2026-03-17T02:41:37.4182537Z INFO     app.scheduler.services.notification_creation:notification_creation.py:64 Created overdue notification for invoice INV-1000 (1 days overdue)
Backend CI	Run tests	2026-03-17T02:41:37.4183217Z INFO     app.scheduler.services.notification_creation:notification_creation.py:64 Created overdue notification for invoice INV-1000 (1 days overdue)
Backend CI	Run tests	2026-03-17T02:41:37.4183663Z INFO     app.scheduler.services.notification_creation:notification_creation.py:64 Created overdue notification for invoice INV-1000 (1 days overdue)
Backend CI	Run tests	2026-03-17T02:41:37.4184111Z INFO     app.scheduler.services.notification_creation:notification_creation.py:64 Created overdue notification for invoice INV-1000 (1 days overdue)
Backend CI	Run tests	2026-03-17T02:41:37.4184536Z INFO     app.scheduler.services.notification_creation:notification_creation.py:64 Created overdue notification for invoice INV-1000 (1 days overdue)
Backend CI	Run tests	2026-03-17T02:41:37.4185086Z INFO     app.scheduler.services.notification_creation:notification_creation.py:64 Created overdue notification for invoice INV-1000 (1 days overdue)
Backend CI	Run tests	2026-03-17T02:41:37.4185515Z INFO     app.scheduler.services.notification_creation:notification_creation.py:64 Created overdue notification for invoice INV-1000 (1 days overdue)
Backend CI	Run tests	2026-03-17T02:41:37.4185935Z INFO     app.scheduler.services.notification_creation:notification_creation.py:64 Created overdue notification for invoice INV-1000 (1 days overdue)
Backend CI	Run tests	2026-03-17T02:41:37.4186358Z INFO     app.scheduler.services.notification_creation:notification_creation.py:64 Created overdue notification for invoice INV-1000 (1 days overdue)
Backend CI	Run tests	2026-03-17T02:41:37.4186782Z INFO     app.scheduler.services.notification_creation:notification_creation.py:64 Created overdue notification for invoice INV-1000 (1 days overdue)
Backend CI	Run tests	2026-03-17T02:41:37.4187203Z INFO     app.scheduler.services.notification_creation:notification_creation.py:64 Created overdue notification for invoice INV-1000 (1 days overdue)
Backend CI	Run tests	2026-03-17T02:41:37.4187631Z INFO     app.scheduler.services.notification_creation:notification_creation.py:64 Created overdue notification for invoice INV-1000 (1 days overdue)
Backend CI	Run tests	2026-03-17T02:41:37.4188051Z INFO     app.scheduler.services.notification_creation:notification_creation.py:64 Created overdue notification for invoice INV-1000 (1 days overdue)
Backend CI	Run tests	2026-03-17T02:41:37.4188477Z INFO     app.scheduler.services.notification_creation:notification_creation.py:64 Created overdue notification for invoice INV-1000 (1 days overdue)
Backend CI	Run tests	2026-03-17T02:41:37.4188895Z INFO     app.scheduler.services.notification_creation:notification_creation.py:64 Created overdue notification for invoice INV-1000 (1 days overdue)
Backend CI	Run tests	2026-03-17T02:41:37.4189321Z INFO     app.scheduler.services.notification_creation:notification_creation.py:64 Created overdue notification for invoice INV-1000 (1 days overdue)
Backend CI	Run tests	2026-03-17T02:41:37.4189742Z INFO     app.scheduler.services.notification_creation:notification_creation.py:64 Created overdue notification for invoice INV-1000 (1 days overdue)
Backend CI	Run tests	2026-03-17T02:41:37.4190168Z INFO     app.scheduler.services.notification_creation:notification_creation.py:64 Created overdue notification for invoice INV-8805 (313 days overdue)
Backend CI	Run tests	2026-03-17T02:41:37.4190602Z INFO     app.scheduler.services.notification_creation:notification_creation.py:64 Created overdue notification for invoice INV-8751 (220 days overdue)
Backend CI	Run tests	2026-03-17T02:41:37.4191035Z INFO     app.scheduler.services.notification_creation:notification_creation.py:64 Created overdue notification for invoice INV-8945 (205 days overdue)
Backend CI	Run tests	2026-03-17T02:41:37.4191577Z INFO     app.scheduler.services.notification_creation:notification_creation.py:64 Created overdue notification for invoice INV-6697 (232 days overdue)
Backend CI	Run tests	2026-03-17T02:41:37.4192003Z INFO     app.scheduler.services.notification_creation:notification_creation.py:64 Created overdue notification for invoice INV-2886 (49 days overdue)
Backend CI	Run tests	2026-03-17T02:41:37.4192428Z INFO     app.scheduler.services.notification_creation:notification_creation.py:64 Created overdue notification for invoice INV-1000 (1 days overdue)
Backend CI	Run tests	2026-03-17T02:41:37.4193044Z INFO     app.scheduler.services.notification_creation:notification_creation.py:64 Created overdue notification for invoice INV-1000 (78 days overdue)
Backend CI	Run tests	2026-03-17T02:41:37.4193471Z INFO     app.scheduler.services.notification_creation:notification_creation.py:64 Created overdue notification for invoice INV-5037 (208 days overdue)
Backend CI	Run tests	2026-03-17T02:41:37.4193917Z INFO     app.scheduler.services.notification_creation:notification_creation.py:64 Created overdue notification for invoice INV-9717 (149 days overdue)
Backend CI	Run tests	2026-03-17T02:41:37.4194356Z INFO     app.scheduler.services.notification_creation:notification_creation.py:64 Created overdue notification for invoice INV-2415 (174 days overdue)
Backend CI	Run tests	2026-03-17T02:41:37.4194786Z INFO     app.scheduler.services.notification_creation:notification_creation.py:64 Created overdue notification for invoice INV-3145 (102 days overdue)
Backend CI	Run tests	2026-03-17T02:41:37.4195324Z INFO     app.scheduler.services.notification_creation:notification_creation.py:64 Created overdue notification for invoice INV-1000 (1 days overdue)
Backend CI	Run tests	2026-03-17T02:41:37.4195742Z INFO     app.scheduler.services.notification_creation:notification_creation.py:64 Created overdue notification for invoice INV-3714 (1 days overdue)
Backend CI	Run tests	2026-03-17T02:41:37.4196169Z INFO     app.scheduler.services.notification_creation:notification_creation.py:64 Created overdue notification for invoice INV-3352 (122 days overdue)
Backend CI	Run tests	2026-03-17T02:41:37.4196593Z INFO     app.scheduler.services.notification_creation:notification_creation.py:64 Created overdue notification for invoice INV-7382 (352 days overdue)
Backend CI	Run tests	2026-03-17T02:41:37.4197035Z INFO     app.scheduler.services.notification_creation:notification_creation.py:64 Created overdue notification for invoice INV-6414 (328 days overdue)
Backend CI	Run tests	2026-03-17T02:41:37.4197461Z INFO     app.scheduler.services.notification_creation:notification_creation.py:64 Created overdue notification for invoice INV-7752 (66 days overdue)
Backend CI	Run tests	2026-03-17T02:41:37.4197885Z INFO     app.scheduler.services.notification_creation:notification_creation.py:64 Created overdue notification for invoice INV-1218 (58 days overdue)
Backend CI	Run tests	2026-03-17T02:41:37.4198317Z INFO     app.scheduler.services.notification_creation:notification_creation.py:64 Created overdue notification for invoice INV-3241 (247 days overdue)
Backend CI	Run tests	2026-03-17T02:41:37.4198743Z INFO     app.scheduler.services.notification_creation:notification_creation.py:64 Created overdue notification for invoice INV-3329 (346 days overdue)
Backend CI	Run tests	2026-03-17T02:41:37.4199175Z INFO     app.scheduler.services.notification_creation:notification_creation.py:64 Created overdue notification for invoice INV-8311 (196 days overdue)
Backend CI	Run tests	2026-03-17T02:41:37.4199594Z INFO     app.scheduler.services.notification_creation:notification_creation.py:64 Created overdue notification for invoice INV-1000 (1 days overdue)
Backend CI	Run tests	2026-03-17T02:41:37.4200029Z INFO     app.scheduler.services.notification_creation:notification_creation.py:64 Created overdue notification for invoice INV-1340 (240 days overdue)
Backend CI	Run tests	2026-03-17T02:41:37.4200453Z INFO     app.scheduler.services.notification_creation:notification_creation.py:64 Created overdue notification for invoice INV-5337 (99 days overdue)
Backend CI	Run tests	2026-03-17T02:41:37.4200872Z INFO     app.scheduler.services.notification_creation:notification_creation.py:64 Created overdue notification for invoice INV-9403 (19 days overdue)
Backend CI	Run tests	2026-03-17T02:41:37.4201302Z INFO     app.scheduler.services.notification_creation:notification_creation.py:64 Created overdue notification for invoice INV-9190 (168 days overdue)
Backend CI	Run tests	2026-03-17T02:41:37.4201837Z INFO     app.scheduler.services.notification_creation:notification_creation.py:64 Created overdue notification for invoice INV-3757 (216 days overdue)
Backend CI	Run tests	2026-03-17T02:41:37.4202261Z INFO     app.scheduler.services.notification_creation:notification_creation.py:64 Created overdue notification for invoice INV-7305 (37 days overdue)
Backend CI	Run tests	2026-03-17T02:41:37.4202884Z INFO     app.scheduler.services.notification_creation:notification_creation.py:64 Created overdue notification for invoice INV-1006 (290 days overdue)
Backend CI	Run tests	2026-03-17T02:41:37.4203341Z INFO     app.scheduler.services.notification_creation:notification_creation.py:64 Created overdue notification for invoice INV-1000 (1 days overdue)
Backend CI	Run tests	2026-03-17T02:41:37.4203769Z INFO     app.scheduler.services.notification_creation:notification_creation.py:64 Created overdue notification for invoice INV-7056 (70 days overdue)
Backend CI	Run tests	2026-03-17T02:41:37.4204198Z INFO     app.scheduler.services.notification_creation:notification_creation.py:64 Created overdue notification for invoice INV-5392 (121 days overdue)
Backend CI	Run tests	2026-03-17T02:41:37.4204637Z INFO     app.scheduler.services.notification_creation:notification_creation.py:64 Created overdue notification for invoice INV-1000 (182 days overdue)
Backend CI	Run tests	2026-03-17T02:41:37.4205063Z INFO     app.scheduler.services.notification_creation:notification_creation.py:64 Created overdue notification for invoice INV-9998 (313 days overdue)
Backend CI	Run tests	2026-03-17T02:41:37.4205612Z INFO     app.scheduler.services.notification_creation:notification_creation.py:64 Created overdue notification for invoice INV-8671 (324 days overdue)
Backend CI	Run tests	2026-03-17T02:41:37.4206039Z INFO     app.scheduler.services.notification_creation:notification_creation.py:64 Created overdue notification for invoice INV-7405 (210 days overdue)
Backend CI	Run tests	2026-03-17T02:41:37.4206464Z INFO     app.scheduler.services.notification_creation:notification_creation.py:64 Created overdue notification for invoice INV-5341 (41 days overdue)
Backend CI	Run tests	2026-03-17T02:41:37.4206897Z INFO     app.scheduler.services.notification_creation:notification_creation.py:64 Created overdue notification for invoice INV-4946 (295 days overdue)
Backend CI	Run tests	2026-03-17T02:41:37.4207333Z INFO     app.scheduler.services.notification_creation:notification_creation.py:64 Created overdue notification for invoice INV-4618 (210 days overdue)
Backend CI	Run tests	2026-03-17T02:41:37.4207763Z INFO     app.scheduler.services.notification_creation:notification_creation.py:64 Created overdue notification for invoice INV-1000 (1 days overdue)
Backend CI	Run tests	2026-03-17T02:41:37.4208188Z INFO     app.scheduler.services.notification_creation:notification_creation.py:64 Created overdue notification for invoice INV-6430 (331 days overdue)
Backend CI	Run tests	2026-03-17T02:41:37.4208619Z INFO     app.scheduler.services.notification_creation:notification_creation.py:64 Created overdue notification for invoice INV-3941 (323 days overdue)
Backend CI	Run tests	2026-03-17T02:41:37.4209042Z INFO     app.scheduler.services.notification_creation:notification_creation.py:64 Created overdue notification for invoice INV-7170 (97 days overdue)
Backend CI	Run tests	2026-03-17T02:41:37.4209466Z INFO     app.scheduler.services.notification_creation:notification_creation.py:64 Created overdue notification for invoice INV-4972 (3 days overdue)
Backend CI	Run tests	2026-03-17T02:41:37.4209897Z INFO     app.scheduler.services.notification_creation:notification_creation.py:64 Created overdue notification for invoice INV-3057 (175 days overdue)
Backend CI	Run tests	2026-03-17T02:41:37.4210323Z INFO     app.scheduler.services.notification_creation:notification_creation.py:64 Created overdue notification for invoice INV-5267 (284 days overdue)
Backend CI	Run tests	2026-03-17T02:41:37.4210756Z INFO     app.scheduler.services.notification_creation:notification_creation.py:64 Created overdue notification for invoice INV-7969 (282 days overdue)
Backend CI	Run tests	2026-03-17T02:41:37.4211177Z INFO     app.scheduler.services.notification_creation:notification_creation.py:64 Created overdue notification for invoice INV-1000 (1 days overdue)
Backend CI	Run tests	2026-03-17T02:41:37.4211608Z INFO     app.scheduler.services.notification_creation:notification_creation.py:64 Created overdue notification for invoice INV-1177 (362 days overdue)
Backend CI	Run tests	2026-03-17T02:41:37.4212141Z INFO     app.scheduler.services.notification_creation:notification_creation.py:64 Created overdue notification for invoice INV-9618 (149 days overdue)
Backend CI	Run tests	2026-03-17T02:41:37.4212563Z INFO     app.scheduler.services.notification_creation:notification_creation.py:64 Created overdue notification for invoice INV-3788 (49 days overdue)
Backend CI	Run tests	2026-03-17T02:41:37.4213216Z INFO     app.scheduler.services.notification_creation:notification_creation.py:64 Created overdue notification for invoice INV-9317 (91 days overdue)
Backend CI	Run tests	2026-03-17T02:41:37.4213649Z INFO     app.scheduler.services.notification_creation:notification_creation.py:64 Created overdue notification for invoice INV-3108 (223 days overdue)
Backend CI	Run tests	2026-03-17T02:41:37.4214078Z INFO     app.scheduler.services.notification_creation:notification_creation.py:64 Created overdue notification for invoice INV-2854 (1 days overdue)
Backend CI	Run tests	2026-03-17T02:41:37.4214504Z INFO     app.scheduler.services.notification_creation:notification_creation.py:64 Created overdue notification for invoice INV-8267 (122 days overdue)
Backend CI	Run tests	2026-03-17T02:41:37.4214931Z INFO     app.scheduler.services.notification_creation:notification_creation.py:64 Created overdue notification for invoice INV-1000 (1 days overdue)
Backend CI	Run tests	2026-03-17T02:41:37.4215485Z INFO     app.scheduler.services.notification_creation:notification_creation.py:64 Created overdue notification for invoice INV-8703 (152 days overdue)
Backend CI	Run tests	2026-03-17T02:41:37.4215907Z INFO     app.scheduler.services.notification_creation:notification_creation.py:64 Created overdue notification for invoice INV-9998 (1 days overdue)
Backend CI	Run tests	2026-03-17T02:41:37.4216339Z INFO     app.scheduler.services.notification_creation:notification_creation.py:64 Created overdue notification for invoice INV-2058 (344 days overdue)
Backend CI	Run tests	2026-03-17T02:41:37.4216764Z INFO     app.scheduler.services.notification_creation:notification_creation.py:64 Created overdue notification for invoice INV-9739 (88 days overdue)
Backend CI	Run tests	2026-03-17T02:41:37.4217208Z INFO     app.scheduler.services.notification_creation:notification_creation.py:64 Created overdue notification for invoice INV-6539 (43 days overdue)
Backend CI	Run tests	2026-03-17T02:41:37.4217635Z INFO     app.scheduler.services.notification_creation:notification_creation.py:64 Created overdue notification for invoice INV-3430 (125 days overdue)
Backend CI	Run tests	2026-03-17T02:41:37.4218061Z INFO     app.scheduler.services.notification_creation:notification_creation.py:64 Created overdue notification for invoice INV-5420 (23 days overdue)
Backend CI	Run tests	2026-03-17T02:41:37.4218492Z INFO     app.scheduler.services.notification_creation:notification_creation.py:64 Created overdue notification for invoice INV-9206 (164 days overdue)
Backend CI	Run tests	2026-03-17T02:41:37.4218921Z INFO     app.scheduler.services.notification_creation:notification_creation.py:64 Created overdue notification for invoice INV-8791 (26 days overdue)
Backend CI	Run tests	2026-03-17T02:41:37.4219354Z INFO     app.scheduler.services.notification_creation:notification_creation.py:64 Created overdue notification for invoice INV-9241 (265 days overdue)
Backend CI	Run tests	2026-03-17T02:41:37.4219785Z INFO     app.scheduler.services.notification_creation:notification_creation.py:64 Created overdue notification for invoice INV-3257 (302 days overdue)
Backend CI	Run tests	2026-03-17T02:41:37.4220207Z INFO     app.scheduler.services.notification_creation:notification_creation.py:64 Created overdue notification for invoice INV-4859 (31 days overdue)
Backend CI	Run tests	2026-03-17T02:41:37.4220643Z INFO     app.scheduler.services.notification_creation:notification_creation.py:64 Created overdue notification for invoice INV-2514 (283 days overdue)
Backend CI	Run tests	2026-03-17T02:41:37.4221063Z INFO     app.scheduler.services.notification_creation:notification_creation.py:64 Created overdue notification for invoice INV-1000 (1 days overdue)
Backend CI	Run tests	2026-03-17T02:41:37.4221489Z INFO     app.scheduler.services.notification_creation:notification_creation.py:64 Created overdue notification for invoice INV-7831 (51 days overdue)
Backend CI	Run tests	2026-03-17T02:41:37.4221918Z INFO     app.scheduler.services.notification_creation:notification_creation.py:64 Created overdue notification for invoice INV-9999 (193 days overdue)
Backend CI	Run tests	2026-03-17T02:41:37.4222517Z INFO     app.scheduler.services.notification_creation:notification_creation.py:64 Created overdue notification for invoice INV-3654 (199 days overdue)
Backend CI	Run tests	2026-03-17T02:41:37.4223156Z INFO     app.scheduler.services.notification_creation:notification_creation.py:64 Created overdue notification for invoice INV-2570 (31 days overdue)
Backend CI	Run tests	2026-03-17T02:41:37.4223610Z INFO     app.scheduler.services.notification_creation:notification_creation.py:64 Created overdue notification for invoice INV-6438 (327 days overdue)
Backend CI	Run tests	2026-03-17T02:41:37.4224040Z INFO     app.scheduler.services.notification_creation:notification_creation.py:64 Created overdue notification for invoice INV-7056 (67 days overdue)
Backend CI	Run tests	2026-03-17T02:41:37.4224465Z INFO     app.scheduler.services.notification_creation:notification_creation.py:64 Created overdue notification for invoice INV-3323 (172 days overdue)
Backend CI	Run tests	2026-03-17T02:41:37.4224896Z INFO     app.scheduler.services.notification_creation:notification_creation.py:64 Created overdue notification for invoice INV-1000 (1 days overdue)
Backend CI	Run tests	2026-03-17T02:41:37.4225322Z INFO     app.scheduler.services.notification_creation:notification_creation.py:64 Created overdue notification for invoice INV-9999 (308 days overdue)
Backend CI	Run tests	2026-03-17T02:41:37.4225869Z INFO     app.scheduler.services.notification_creation:notification_creation.py:64 Created overdue notification for invoice INV-4641 (164 days overdue)
Backend CI	Run tests	2026-03-17T02:41:37.4226301Z INFO     app.scheduler.services.notification_creation:notification_creation.py:64 Created overdue notification for invoice INV-1067 (315 days overdue)
Backend CI	Run tests	2026-03-17T02:41:37.4226727Z INFO     app.scheduler.services.notification_creation:notification_creation.py:64 Created overdue notification for invoice INV-3660 (295 days overdue)
Backend CI	Run tests	2026-03-17T02:41:37.4227168Z INFO     app.scheduler.services.notification_creation:notification_creation.py:64 Created overdue notification for invoice INV-9149 (228 days overdue)
Backend CI	Run tests	2026-03-17T02:41:37.4227598Z INFO     app.scheduler.services.notification_creation:notification_creation.py:64 Created overdue notification for invoice INV-9999 (302 days overdue)
Backend CI	Run tests	2026-03-17T02:41:37.4228025Z INFO     app.scheduler.services.notification_creation:notification_creation.py:64 Created overdue notification for invoice INV-1000 (1 days overdue)
Backend CI	Run tests	2026-03-17T02:41:37.4228456Z INFO     app.scheduler.services.notification_creation:notification_creation.py:64 Created overdue notification for invoice INV-3363 (141 days overdue)
Backend CI	Run tests	2026-03-17T02:41:37.4228882Z INFO     app.scheduler.services.notification_creation:notification_creation.py:64 Created overdue notification for invoice INV-7412 (181 days overdue)
Backend CI	Run tests	2026-03-17T02:41:37.4229314Z INFO     app.scheduler.services.notification_creation:notification_creation.py:64 Created overdue notification for invoice INV-7361 (284 days overdue)
Backend CI	Run tests	2026-03-17T02:41:37.4229738Z INFO     app.scheduler.services.notification_creation:notification_creation.py:64 Created overdue notification for invoice INV-3593 (58 days overdue)
Backend CI	Run tests	2026-03-17T02:41:37.4230172Z INFO     app.scheduler.services.notification_creation:notification_creation.py:64 Created overdue notification for invoice INV-9130 (113 days overdue)
Backend CI	Run tests	2026-03-17T02:41:37.4230595Z INFO     app.scheduler.services.notification_creation:notification_creation.py:64 Created overdue notification for invoice INV-5277 (11 days overdue)
Backend CI	Run tests	2026-03-17T02:41:37.4231032Z INFO     app.scheduler.services.notification_creation:notification_creation.py:64 Created overdue notification for invoice INV-9478 (198 days overdue)
Backend CI	Run tests	2026-03-17T02:41:37.4231458Z INFO     app.scheduler.services.notification_creation:notification_creation.py:64 Created overdue notification for invoice INV-5873 (148 days overdue)
Backend CI	Run tests	2026-03-17T02:41:37.4231881Z INFO     app.scheduler.services.notification_creation:notification_creation.py:64 Created overdue notification for invoice INV-2922 (43 days overdue)
Backend CI	Run tests	2026-03-17T02:41:37.4232305Z INFO     app.scheduler.services.notification_creation:notification_creation.py:64 Created overdue notification for invoice INV-1000 (1 days overdue)
Backend CI	Run tests	2026-03-17T02:41:37.4232976Z INFO     app.scheduler.services.notification_creation:notification_creation.py:64 Created overdue notification for invoice INV-8463 (33 days overdue)
Backend CI	Run tests	2026-03-17T02:41:37.4233421Z INFO     app.scheduler.services.notification_creation:notification_creation.py:64 Created overdue notification for invoice INV-8431 (54 days overdue)
Backend CI	Run tests	2026-03-17T02:41:37.4233857Z INFO     app.scheduler.services.notification_creation:notification_creation.py:64 Created overdue notification for invoice INV-4602 (232 days overdue)
Backend CI	Run tests	2026-03-17T02:41:37.4234279Z INFO     app.scheduler.services.notification_creation:notification_creation.py:64 Created overdue notification for invoice INV-4597 (36 days overdue)
Backend CI	Run tests	2026-03-17T02:41:37.4234711Z INFO     app.scheduler.services.notification_creation:notification_creation.py:64 Created overdue notification for invoice INV-3654 (199 days overdue)
Backend CI	Run tests	2026-03-17T02:41:37.4235170Z INFO     app.scheduler.services.notification_creation:notification_creation.py:64 Created overdue notification for invoice INV-2570 (31 days overdue)
Backend CI	Run tests	2026-03-17T02:41:37.4235604Z INFO     app.scheduler.services.notification_creation:notification_creation.py:64 Created overdue notification for invoice INV-6438 (327 days overdue)
Backend CI	Run tests	2026-03-17T02:41:37.4236141Z INFO     app.scheduler.services.notification_creation:notification_creation.py:64 Created overdue notification for invoice INV-7056 (67 days overdue)
Backend CI	Run tests	2026-03-17T02:41:37.4236573Z INFO     app.scheduler.services.notification_creation:notification_creation.py:64 Created overdue notification for invoice INV-3323 (172 days overdue)
Backend CI	Run tests	2026-03-17T02:41:37.4236993Z INFO     app.scheduler.services.notification_creation:notification_creation.py:64 Created overdue notification for invoice INV-1000 (1 days overdue)
Backend CI	Run tests	2026-03-17T02:41:37.4237420Z INFO     app.scheduler.services.notification_creation:notification_creation.py:64 Created overdue notification for invoice INV-9999 (308 days overdue)
Backend CI	Run tests	2026-03-17T02:41:37.4237852Z INFO     app.scheduler.services.notification_creation:notification_creation.py:64 Created overdue notification for invoice INV-7188 (164 days overdue)
Backend CI	Run tests	2026-03-17T02:41:37.4238279Z INFO     app.scheduler.services.notification_creation:notification_creation.py:64 Created overdue notification for invoice INV-8484 (176 days overdue)
Backend CI	Run tests	2026-03-17T02:41:37.4238710Z INFO     app.scheduler.services.notification_creation:notification_creation.py:64 Created overdue notification for invoice INV-9703 (1 days overdue)
Backend CI	Run tests	2026-03-17T02:41:37.4239138Z INFO     app.scheduler.services.notification_creation:notification_creation.py:64 Created overdue notification for invoice INV-5590 (133 days overdue)
Backend CI	Run tests	2026-03-17T02:41:37.4239564Z INFO     app.scheduler.services.notification_creation:notification_creation.py:64 Created overdue notification for invoice INV-6826 (317 days overdue)
Backend CI	Run tests	2026-03-17T02:41:37.4239992Z INFO     app.scheduler.services.notification_creation:notification_creation.py:64 Created overdue notification for invoice INV-1000 (1 days overdue)
Backend CI	Run tests	2026-03-17T02:41:37.4240422Z INFO     app.scheduler.services.notification_creation:notification_creation.py:64 Created overdue notification for invoice INV-1830 (170 days overdue)
Backend CI	Run tests	2026-03-17T02:41:37.4240856Z INFO     app.scheduler.services.notification_creation:notification_creation.py:64 Created overdue notification for invoice INV-1081 (288 days overdue)
Backend CI	Run tests	2026-03-17T02:41:37.4241282Z INFO     app.scheduler.services.notification_creation:notification_creation.py:64 Created overdue notification for invoice INV-4913 (294 days overdue)
Backend CI	Run tests	2026-03-17T02:41:37.4241709Z INFO     app.scheduler.services.notification_creation:notification_creation.py:64 Created overdue notification for invoice INV-5675 (80 days overdue)
Backend CI	Run tests	2026-03-17T02:41:37.4242136Z INFO     app.scheduler.services.notification_creation:notification_creation.py:64 Created overdue notification for invoice INV-9999 (127 days overdue)
Backend CI	Run tests	2026-03-17T02:41:37.4242775Z INFO     app.scheduler.services.notification_creation:notification_creation.py:64 Created overdue notification for invoice INV-1001 (267 days overdue)
Backend CI	Run tests	2026-03-17T02:41:37.4243205Z INFO     app.scheduler.services.notification_creation:notification_creation.py:64 Created overdue notification for invoice INV-5845 (1 days overdue)
Backend CI	Run tests	2026-03-17T02:41:37.4243631Z INFO     app.scheduler.services.notification_creation:notification_creation.py:64 Created overdue notification for invoice INV-1000 (1 days overdue)
Backend CI	Run tests	2026-03-17T02:41:37.4244061Z INFO     app.scheduler.services.notification_creation:notification_creation.py:64 Created overdue notification for invoice INV-5999 (153 days overdue)
Backend CI	Run tests	2026-03-17T02:41:37.4244489Z INFO     app.scheduler.services.notification_creation:notification_creation.py:64 Created overdue notification for invoice INV-4252 (297 days overdue)
Backend CI	Run tests	2026-03-17T02:41:37.4244918Z INFO     app.scheduler.services.notification_creation:notification_creation.py:64 Created overdue notification for invoice INV-3524 (148 days overdue)
Backend CI	Run tests	2026-03-17T02:41:37.4245352Z INFO     app.scheduler.services.notification_creation:notification_creation.py:64 Created overdue notification for invoice INV-1687 (351 days overdue)
Backend CI	Run tests	2026-03-17T02:41:37.4245775Z INFO     app.scheduler.services.notification_creation:notification_creation.py:64 Created overdue notification for invoice INV-7752 (66 days overdue)
Backend CI	Run tests	2026-03-17T02:41:37.4246346Z INFO     app.scheduler.services.notification_creation:notification_creation.py:64 Created overdue notification for invoice INV-1218 (58 days overdue)
Backend CI	Run tests	2026-03-17T02:41:37.4246776Z INFO     app.scheduler.services.notification_creation:notification_creation.py:64 Created overdue notification for invoice INV-3241 (247 days overdue)
Backend CI	Run tests	2026-03-17T02:41:37.4247207Z INFO     app.scheduler.services.notification_creation:notification_creation.py:64 Created overdue notification for invoice INV-3329 (346 days overdue)
Backend CI	Run tests	2026-03-17T02:41:37.4247633Z INFO     app.scheduler.services.notification_creation:notification_creation.py:64 Created overdue notification for invoice INV-8311 (196 days overdue)
Backend CI	Run tests	2026-03-17T02:41:37.4248056Z INFO     app.scheduler.services.notification_creation:notification_creation.py:64 Created overdue notification for invoice INV-1000 (1 days overdue)
Backend CI	Run tests	2026-03-17T02:41:37.4248490Z INFO     app.scheduler.services.notification_creation:notification_creation.py:64 Created overdue notification for invoice INV-1340 (240 days overdue)
Backend CI	Run tests	2026-03-17T02:41:37.4248915Z INFO     app.scheduler.services.notification_creation:notification_creation.py:64 Created overdue notification for invoice INV-5337 (99 days overdue)
Backend CI	Run tests	2026-03-17T02:41:37.4249346Z INFO     app.scheduler.services.notification_creation:notification_creation.py:64 Created overdue notification for invoice INV-1105 (127 days overdue)
Backend CI	Run tests	2026-03-17T02:41:37.4249771Z INFO     app.scheduler.services.notification_creation:notification_creation.py:64 Created overdue notification for invoice INV-4126 (290 days overdue)
Backend CI	Run tests	2026-03-17T02:41:37.4250198Z INFO     app.scheduler.services.notification_creation:notification_creation.py:64 Created overdue notification for invoice INV-6292 (60 days overdue)
Backend CI	Run tests	2026-03-17T02:41:37.4250624Z INFO     app.scheduler.services.notification_creation:notification_creation.py:64 Created overdue notification for invoice INV-7257 (10 days overdue)
Backend CI	Run tests	2026-03-17T02:41:37.4251046Z INFO     app.scheduler.services.notification_creation:notification_creation.py:64 Created overdue notification for invoice INV-1459 (1 days overdue)
Backend CI	Run tests	2026-03-17T02:41:37.4251470Z INFO     app.scheduler.services.notification_creation:notification_creation.py:64 Created overdue notification for invoice INV-1000 (1 days overdue)
Backend CI	Run tests	2026-03-17T02:41:37.4251895Z INFO     app.scheduler.services.notification_creation:notification_creation.py:64 Created overdue notification for invoice INV-2778 (133 days overdue)
Backend CI	Run tests	2026-03-17T02:41:37.4252327Z INFO     app.scheduler.services.notification_creation:notification_creation.py:64 Created overdue notification for invoice INV-3577 (179 days overdue)
Backend CI	Run tests	2026-03-17T02:41:37.4252987Z INFO     app.scheduler.services.notification_creation:notification_creation.py:64 Created overdue notification for invoice INV-4082 (205 days overdue)
Backend CI	Run tests	2026-03-17T02:41:37.4253410Z INFO     app.scheduler.services.notification_creation:notification_creation.py:64 Created overdue notification for invoice INV-4489 (2 days overdue)
Backend CI	Run tests	2026-03-17T02:41:37.4253848Z INFO     app.scheduler.services.notification_creation:notification_creation.py:64 Created overdue notification for invoice INV-8435 (105 days overdue)
Backend CI	Run tests	2026-03-17T02:41:37.4254275Z INFO     app.scheduler.services.notification_creation:notification_creation.py:64 Created overdue notification for invoice INV-4068 (297 days overdue)
Backend CI	Run tests	2026-03-17T02:41:37.4254700Z INFO     app.scheduler.services.notification_creation:notification_creation.py:64 Created overdue notification for invoice INV-1000 (1 days overdue)
Backend CI	Run tests	2026-03-17T02:41:37.4255126Z INFO     app.scheduler.services.notification_creation:notification_creation.py:64 Created overdue notification for invoice INV-5019 (140 days overdue)
Backend CI	Run tests	2026-03-17T02:41:37.4255567Z INFO     app.scheduler.services.notification_creation:notification_creation.py:64 Created overdue notification for invoice INV-3042 (263 days overdue)
Backend CI	Run tests	2026-03-17T02:41:37.4255993Z INFO     app.scheduler.services.notification_creation:notification_creation.py:64 Created overdue notification for invoice INV-8591 (288 days overdue)
Backend CI	Run tests	2026-03-17T02:41:37.4256527Z INFO     app.scheduler.services.notification_creation:notification_creation.py:64 Created overdue notification for invoice INV-6851 (36 days overdue)
Backend CI	Run tests	2026-03-17T02:41:37.4256963Z INFO     app.scheduler.services.notification_creation:notification_creation.py:64 Created overdue notification for invoice INV-1626 (32 days overdue)
Backend CI	Run tests	2026-03-17T02:41:37.4257382Z INFO     app.scheduler.services.notification_creation:notification_creation.py:64 Created overdue notification for invoice INV-1972 (2 days overdue)
Backend CI	Run tests	2026-03-17T02:41:37.4257809Z INFO     app.scheduler.services.notification_creation:notification_creation.py:64 Created overdue notification for invoice INV-4131 (83 days overdue)
Backend CI	Run tests	2026-03-17T02:41:37.4258236Z INFO     app.scheduler.services.notification_creation:notification_creation.py:64 Created overdue notification for invoice INV-2799 (175 days overdue)
Backend CI	Run tests	2026-03-17T02:41:37.4258673Z INFO     app.scheduler.services.notification_creation:notification_creation.py:64 Created overdue notification for invoice INV-5073 (231 days overdue)
Backend CI	Run tests	2026-03-17T02:41:37.4259096Z INFO     app.scheduler.services.notification_creation:notification_creation.py:64 Created overdue notification for invoice INV-4329 (31 days overdue)
Backend CI	Run tests	2026-03-17T02:41:37.4259522Z INFO     app.scheduler.services.notification_creation:notification_creation.py:64 Created overdue notification for invoice INV-3340 (286 days overdue)
Backend CI	Run tests	2026-03-17T02:41:37.4259952Z INFO     app.scheduler.services.notification_creation:notification_creation.py:64 Created overdue notification for invoice INV-7187 (309 days overdue)
Backend CI	Run tests	2026-03-17T02:41:37.4260382Z INFO     app.scheduler.services.notification_creation:notification_creation.py:64 Created overdue notification for invoice INV-1001 (223 days overdue)
Backend CI	Run tests	2026-03-17T02:41:37.4260819Z INFO     app.scheduler.services.notification_creation:notification_creation.py:64 Created overdue notification for invoice INV-4018 (56 days overdue)
Backend CI	Run tests	2026-03-17T02:41:37.4261244Z INFO     app.scheduler.services.notification_creation:notification_creation.py:64 Created overdue notification for invoice INV-1000 (1 days overdue)
Backend CI	Run tests	2026-03-17T02:41:37.4261667Z INFO     app.scheduler.services.notification_creation:notification_creation.py:64 Created overdue notification for invoice INV-8941 (16 days overdue)
Backend CI	Run tests	2026-03-17T02:41:37.4262104Z INFO     app.scheduler.services.notification_creation:notification_creation.py:64 Created overdue notification for invoice INV-2564 (224 days overdue)
Backend CI	Run tests	2026-03-17T02:41:37.4262526Z INFO     app.scheduler.services.notification_creation:notification_creation.py:64 Created overdue notification for invoice INV-6524 (7 days overdue)
Backend CI	Run tests	2026-03-17T02:41:37.4263216Z INFO     app.scheduler.services.notification_creation:notification_creation.py:64 Created overdue notification for invoice INV-8506 (342 days overdue)
Backend CI	Run tests	2026-03-17T02:41:37.4263641Z INFO     app.scheduler.services.notification_creation:notification_creation.py:64 Created overdue notification for invoice INV-2105 (17 days overdue)
Backend CI	Run tests	2026-03-17T02:41:37.4264083Z INFO     app.scheduler.services.notification_creation:notification_creation.py:64 Created overdue notification for invoice INV-8792 (255 days overdue)
Backend CI	Run tests	2026-03-17T02:41:37.4264511Z INFO     app.scheduler.services.notification_creation:notification_creation.py:64 Created overdue notification for invoice INV-5601 (200 days overdue)
Backend CI	Run tests	2026-03-17T02:41:37.4264941Z INFO     app.scheduler.services.notification_creation:notification_creation.py:64 Created overdue notification for invoice INV-3348 (358 days overdue)
Backend CI	Run tests	2026-03-17T02:41:37.4265372Z INFO     app.scheduler.services.notification_creation:notification_creation.py:64 Created overdue notification for invoice INV-5722 (193 days overdue)
Backend CI	Run tests	2026-03-17T02:41:37.4265801Z INFO     app.scheduler.services.notification_creation:notification_creation.py:64 Created overdue notification for invoice INV-5943 (357 days overdue)
Backend CI	Run tests	2026-03-17T02:41:37.4266226Z INFO     app.scheduler.services.notification_creation:notification_creation.py:64 Created overdue notification for invoice INV-9950 (39 days overdue)
Backend CI	Run tests	2026-03-17T02:41:37.4266764Z INFO     app.scheduler.services.notification_creation:notification_creation.py:64 Created overdue notification for invoice INV-8090 (260 days overdue)
Backend CI	Run tests	2026-03-17T02:41:37.4267198Z INFO     app.scheduler.services.notification_creation:notification_creation.py:64 Created overdue notification for invoice INV-3230 (223 days overdue)
Backend CI	Run tests	2026-03-17T02:41:37.4267627Z INFO     app.scheduler.services.notification_creation:notification_creation.py:64 Created overdue notification for invoice INV-4704 (28 days overdue)
Backend CI	Run tests	2026-03-17T02:41:37.4268053Z INFO     app.scheduler.services.notification_creation:notification_creation.py:64 Created overdue notification for invoice INV-9510 (64 days overdue)
Backend CI	Run tests	2026-03-17T02:41:37.4268486Z INFO     app.scheduler.services.notification_creation:notification_creation.py:64 Created overdue notification for invoice INV-3006 (300 days overdue)
Backend CI	Run tests	2026-03-17T02:41:37.4268911Z INFO     app.scheduler.services.notification_creation:notification_creation.py:64 Created overdue notification for invoice INV-1000 (1 days overdue)
Backend CI	Run tests	2026-03-17T02:41:37.4269342Z INFO     app.scheduler.services.notification_creation:notification_creation.py:64 Created overdue notification for invoice INV-5807 (201 days overdue)
Backend CI	Run tests	2026-03-17T02:41:37.4269764Z INFO     app.scheduler.services.notification_creation:notification_creation.py:64 Created overdue notification for invoice INV-5987 (35 days overdue)
Backend CI	Run tests	2026-03-17T02:41:37.4270185Z INFO     app.scheduler.services.notification_creation:notification_creation.py:64 Created overdue notification for invoice INV-8153 (58 days overdue)
Backend CI	Run tests	2026-03-17T02:41:37.4270620Z INFO     app.scheduler.services.notification_creation:notification_creation.py:64 Created overdue notification for invoice INV-1215 (348 days overdue)
Backend CI	Run tests	2026-03-17T02:41:37.4271042Z INFO     app.scheduler.services.notification_creation:notification_creation.py:64 Created overdue notification for invoice INV-1405 (6 days overdue)
Backend CI	Run tests	2026-03-17T02:41:37.4271473Z INFO     app.scheduler.services.notification_creation:notification_creation.py:64 Created overdue notification for invoice INV-5706 (6 days overdue)
Backend CI	Run tests	2026-03-17T02:41:37.4271901Z INFO     app.scheduler.services.notification_creation:notification_creation.py:64 Created overdue notification for invoice INV-9537 (275 days overdue)
Backend CI	Run tests	2026-03-17T02:41:37.4272334Z INFO     app.scheduler.services.notification_creation:notification_creation.py:64 Created overdue notification for invoice INV-7700 (137 days overdue)
Backend CI	Run tests	2026-03-17T02:41:37.4272866Z INFO     app.scheduler.services.notification_creation:notification_creation.py:64 Created overdue notification for invoice INV-3641 (1 days overdue)
Backend CI	Run tests	2026-03-17T02:41:37.4273408Z INFO     app.scheduler.services.notification_creation:notification_creation.py:64 Created overdue notification for invoice INV-2497 (125 days overdue)
Backend CI	Run tests	2026-03-17T02:41:37.4273841Z INFO     app.scheduler.services.notification_creation:notification_creation.py:64 Created overdue notification for invoice INV-2774 (287 days overdue)
Backend CI	Run tests	2026-03-17T02:41:37.4274272Z INFO     app.scheduler.services.notification_creation:notification_creation.py:64 Created overdue notification for invoice INV-1347 (140 days overdue)
Backend CI	Run tests	2026-03-17T02:41:37.4274707Z INFO     app.scheduler.services.notification_creation:notification_creation.py:64 Created overdue notification for invoice INV-3534 (294 days overdue)
Backend CI	Run tests	2026-03-17T02:41:37.4275134Z INFO     app.scheduler.services.notification_creation:notification_creation.py:64 Created overdue notification for invoice INV-9999 (362 days overdue)
Backend CI	Run tests	2026-03-17T02:41:37.4275555Z INFO     app.scheduler.services.notification_creation:notification_creation.py:64 Created overdue notification for invoice INV-1000 (1 days overdue)
Backend CI	Run tests	2026-03-17T02:41:37.4275988Z INFO     app.scheduler.services.notification_creation:notification_creation.py:64 Created overdue notification for invoice INV-6295 (99 days overdue)
Backend CI	Run tests	2026-03-17T02:41:37.4276517Z INFO     app.scheduler.services.notification_creation:notification_creation.py:64 Created overdue notification for invoice INV-8933 (323 days overdue)
Backend CI	Run tests	2026-03-17T02:41:37.4276949Z INFO     app.scheduler.services.notification_creation:notification_creation.py:64 Created overdue notification for invoice INV-9661 (296 days overdue)
Backend CI	Run tests	2026-03-17T02:41:37.4277372Z INFO     app.scheduler.services.notification_creation:notification_creation.py:64 Created overdue notification for invoice INV-8017 (72 days overdue)
Backend CI	Run tests	2026-03-17T02:41:37.4277808Z INFO     app.scheduler.services.notification_creation:notification_creation.py:64 Created overdue notification for invoice INV-4338 (186 days overdue)
Backend CI	Run tests	2026-03-17T02:41:37.4278241Z INFO     app.scheduler.services.notification_creation:notification_creation.py:64 Created overdue notification for invoice INV-7848 (181 days overdue)
Backend CI	Run tests	2026-03-17T02:41:37.4278668Z INFO     app.scheduler.services.notification_creation:notification_creation.py:64 Created overdue notification for invoice INV-6781 (210 days overdue)
Backend CI	Run tests	2026-03-17T02:41:37.4279100Z INFO     app.scheduler.services.notification_creation:notification_creation.py:64 Created overdue notification for invoice INV-6985 (70 days overdue)
Backend CI	Run tests	2026-03-17T02:41:37.4279526Z INFO     app.scheduler.services.notification_creation:notification_creation.py:64 Created overdue notification for invoice INV-8948 (42 days overdue)
Backend CI	Run tests	2026-03-17T02:41:37.4279951Z INFO     app.scheduler.services.notification_creation:notification_creation.py:64 Created overdue notification for invoice INV-1000 (1 days overdue)
Backend CI	Run tests	2026-03-17T02:41:37.4280380Z INFO     app.scheduler.services.notification_creation:notification_creation.py:64 Created overdue notification for invoice INV-6225 (278 days overdue)
Backend CI	Run tests	2026-03-17T02:41:37.4280812Z INFO     app.scheduler.services.notification_creation:notification_creation.py:64 Created overdue notification for invoice INV-1572 (241 days overdue)
Backend CI	Run tests	2026-03-17T02:41:37.4281248Z INFO     app.scheduler.services.notification_creation:notification_creation.py:64 Created overdue notification for invoice INV-6766 (333 days overdue)
Backend CI	Run tests	2026-03-17T02:41:37.4281676Z INFO     app.scheduler.services.notification_creation:notification_creation.py:64 Created overdue notification for invoice INV-7770 (338 days overdue)
Backend CI	Run tests	2026-03-17T02:41:37.4282105Z INFO     app.scheduler.services.notification_creation:notification_creation.py:64 Created overdue notification for invoice INV-1990 (22 days overdue)
Backend CI	Run tests	2026-03-17T02:41:37.4282528Z INFO     app.scheduler.services.notification_creation:notification_creation.py:64 Created overdue notification for invoice INV-7164 (67 days overdue)
Backend CI	Run tests	2026-03-17T02:41:37.4283086Z INFO     app.scheduler.services.notification_creation:notification_creation.py:64 Created overdue notification for invoice INV-8265 (21 days overdue)
Backend CI	Run tests	2026-03-17T02:41:37.4283630Z INFO     app.scheduler.services.notification_creation:notification_creation.py:64 Created overdue notification for invoice INV-7270 (296 days overdue)
Backend CI	Run tests	2026-03-17T02:41:37.4284063Z INFO     app.scheduler.services.notification_creation:notification_creation.py:64 Created overdue notification for invoice INV-5528 (258 days overdue)
Backend CI	Run tests	2026-03-17T02:41:37.4284492Z INFO     app.scheduler.services.notification_creation:notification_creation.py:64 Created overdue notification for invoice INV-1000 (1 days overdue)
Backend CI	Run tests	2026-03-17T02:41:37.4284913Z INFO     app.scheduler.services.notification_creation:notification_creation.py:64 Created overdue notification for invoice INV-3860 (1 days overdue)
Backend CI	Run tests	2026-03-17T02:41:37.4285343Z INFO     app.scheduler.services.notification_creation:notification_creation.py:64 Created overdue notification for invoice INV-7250 (108 days overdue)
Backend CI	Run tests	2026-03-17T02:41:37.4285774Z INFO     app.scheduler.services.notification_creation:notification_creation.py:64 Created overdue notification for invoice INV-1001 (321 days overdue)
Backend CI	Run tests	2026-03-17T02:41:37.4286206Z INFO     app.scheduler.services.notification_creation:notification_creation.py:64 Created overdue notification for invoice INV-3921 (349 days overdue)
Backend CI	Run tests	2026-03-17T02:41:37.4286726Z INFO     app.scheduler.services.notification_creation:notification_creation.py:64 Created overdue notification for invoice INV-3699 (6 days overdue)
Backend CI	Run tests	2026-03-17T02:41:37.4287153Z INFO     app.scheduler.services.notification_creation:notification_creation.py:64 Created overdue notification for invoice INV-9352 (364 days overdue)
Backend CI	Run tests	2026-03-17T02:41:37.4287585Z INFO     app.scheduler.services.notification_creation:notification_creation.py:64 Created overdue notification for invoice INV-9545 (364 days overdue)
Backend CI	Run tests	2026-03-17T02:41:37.4288010Z INFO     app.scheduler.services.notification_creation:notification_creation.py:64 Created overdue notification for invoice INV-1001 (321 days overdue)
Backend CI	Run tests	2026-03-17T02:41:37.4288449Z INFO     app.scheduler.services.notification_creation:notification_creation.py:64 Created overdue notification for invoice INV-3921 (349 days overdue)
Backend CI	Run tests	2026-03-17T02:41:37.4288869Z INFO     app.scheduler.services.notification_creation:notification_creation.py:64 Created overdue notification for invoice INV-3699 (6 days overdue)
Backend CI	Run tests	2026-03-17T02:41:37.4289313Z INFO     app.scheduler.services.notification_creation:notification_creation.py:64 Created overdue notification for invoice INV-9352 (364 days overdue)
Backend CI	Run tests	2026-03-17T02:41:37.4289760Z INFO     app.scheduler.services.notification_creation:notification_creation.py:64 Created overdue notification for invoice INV-9545 (364 days overdue)
Backend CI	Run tests	2026-03-17T02:41:37.4290186Z INFO     app.scheduler.services.notification_creation:notification_creation.py:64 Created overdue notification for invoice INV-2162 (53 days overdue)
Backend CI	Run tests	2026-03-17T02:41:37.4290618Z INFO     app.scheduler.services.notification_creation:notification_creation.py:64 Created overdue notification for invoice INV-1003 (170 days overdue)
Backend CI	Run tests	2026-03-17T02:41:37.4291050Z INFO     app.scheduler.services.notification_creation:notification_creation.py:64 Created overdue notification for invoice INV-8893 (169 days overdue)
Backend CI	Run tests	2026-03-17T02:41:37.4291487Z INFO     app.scheduler.services.notification_creation:notification_creation.py:64 Created overdue notification for invoice INV-4009 (266 days overdue)
Backend CI	Run tests	2026-03-17T02:41:37.4291918Z INFO     app.scheduler.services.notification_creation:notification_creation.py:64 Created overdue notification for invoice INV-4630 (247 days overdue)
Backend CI	Run tests	2026-03-17T02:41:37.4292337Z INFO     app.scheduler.services.notification_creation:notification_creation.py:64 Created overdue notification for invoice INV-1000 (1 days overdue)
Backend CI	Run tests	2026-03-17T02:41:37.4292892Z INFO     app.scheduler.services.notification_creation:notification_creation.py:64 Created overdue notification for invoice INV-9872 (1 days overdue)
Backend CI	Run tests	2026-03-17T02:41:37.4293323Z INFO     app.scheduler.services.notification_creation:notification_creation.py:64 Created overdue notification for invoice INV-8671 (324 days overdue)
Backend CI	Run tests	2026-03-17T02:41:37.4293907Z INFO     app.scheduler.services.notification_creation:notification_creation.py:64 Created overdue notification for invoice INV-7405 (210 days overdue)
Backend CI	Run tests	2026-03-17T02:41:37.4294336Z INFO     app.scheduler.services.notification_creation:notification_creation.py:64 Created overdue notification for invoice INV-5341 (41 days overdue)
Backend CI	Run tests	2026-03-17T02:41:37.4294765Z INFO     app.scheduler.services.notification_creation:notification_creation.py:64 Created overdue notification for invoice INV-4946 (295 days overdue)
Backend CI	Run tests	2026-03-17T02:41:37.4295195Z INFO     app.scheduler.services.notification_creation:notification_creation.py:64 Created overdue notification for invoice INV-4618 (210 days overdue)
Backend CI	Run tests	2026-03-17T02:41:37.4295614Z INFO     app.scheduler.services.notification_creation:notification_creation.py:64 Created overdue notification for invoice INV-1000 (1 days overdue)
Backend CI	Run tests	2026-03-17T02:41:37.4296052Z INFO     app.scheduler.services.notification_creation:notification_creation.py:64 Created overdue notification for invoice INV-6430 (331 days overdue)
Backend CI	Run tests	2026-03-17T02:41:37.4296482Z INFO     app.scheduler.services.notification_creation:notification_creation.py:64 Created overdue notification for invoice INV-3941 (323 days overdue)
Backend CI	Run tests	2026-03-17T02:41:37.4297018Z INFO     app.scheduler.services.notification_creation:notification_creation.py:64 Created overdue notification for invoice INV-3514 (252 days overdue)
Backend CI	Run tests	2026-03-17T02:41:37.4297443Z INFO     app.scheduler.services.notification_creation:notification_creation.py:64 Created overdue notification for invoice INV-7875 (33 days overdue)
Backend CI	Run tests	2026-03-17T02:41:37.4297870Z INFO     app.scheduler.services.notification_creation:notification_creation.py:64 Created overdue notification for invoice INV-1322 (277 days overdue)
Backend CI	Run tests	2026-03-17T02:41:37.4298300Z INFO     app.scheduler.services.notification_creation:notification_creation.py:64 Created overdue notification for invoice INV-1152 (201 days overdue)
Backend CI	Run tests	2026-03-17T02:41:37.4298733Z INFO     app.scheduler.services.notification_creation:notification_creation.py:64 Created overdue notification for invoice INV-5193 (192 days overdue)
Backend CI	Run tests	2026-03-17T02:41:37.4299157Z INFO     app.scheduler.services.notification_creation:notification_creation.py:64 Created overdue notification for invoice INV-1000 (1 days overdue)
Backend CI	Run tests	2026-03-17T02:41:37.4299588Z INFO     app.scheduler.services.notification_creation:notification_creation.py:64 Created overdue notification for invoice INV-7378 (158 days overdue)
Backend CI	Run tests	2026-03-17T02:41:37.4300021Z INFO     app.scheduler.services.notification_creation:notification_creation.py:64 Created overdue notification for invoice INV-5116 (220 days overdue)
Backend CI	Run tests	2026-03-17T02:41:37.4300448Z INFO     app.scheduler.services.notification_creation:notification_creation.py:64 Created overdue notification for invoice INV-2357 (130 days overdue)
Backend CI	Run tests	2026-03-17T02:41:37.4300871Z INFO     app.scheduler.services.notification_creation:notification_creation.py:64 Created overdue notification for invoice INV-8571 (7 days overdue)
Backend CI	Run tests	2026-03-17T02:41:37.4301310Z INFO     app.scheduler.services.notification_creation:notification_creation.py:64 Created overdue notification for invoice INV-9752 (237 days overdue)
Backend CI	Run tests	2026-03-17T02:41:37.4301740Z INFO     app.scheduler.services.notification_creation:notification_creation.py:64 Created overdue notification for invoice INV-7052 (171 days overdue)
Backend CI	Run tests	2026-03-17T02:41:37.4302172Z INFO     app.scheduler.services.notification_creation:notification_creation.py:64 Created overdue notification for invoice INV-2190 (12 days overdue)
Backend CI	Run tests	2026-03-17T02:41:37.4302600Z INFO     app.scheduler.services.notification_creation:notification_creation.py:64 Created overdue notification for invoice INV-6162 (227 days overdue)
Backend CI	Run tests	2026-03-17T02:41:37.4303135Z INFO     app.scheduler.services.notification_creation:notification_creation.py:64 Created overdue notification for invoice INV-7380 (188 days overdue)
Backend CI	Run tests	2026-03-17T02:41:37.4303678Z INFO     app.scheduler.services.notification_creation:notification_creation.py:64 Created overdue notification for invoice INV-1000 (1 days overdue)
Backend CI	Run tests	2026-03-17T02:41:37.4304105Z INFO     app.scheduler.services.notification_creation:notification_creation.py:64 Created overdue notification for invoice INV-3536 (189 days overdue)
Backend CI	Run tests	2026-03-17T02:41:37.4304540Z INFO     app.scheduler.services.notification_creation:notification_creation.py:64 Created overdue notification for invoice INV-1271 (59 days overdue)
Backend CI	Run tests	2026-03-17T02:41:37.4304966Z INFO     app.scheduler.services.notification_creation:notification_creation.py:64 Created overdue notification for invoice INV-8303 (130 days overdue)
Backend CI	Run tests	2026-03-17T02:41:37.4305396Z INFO     app.scheduler.services.notification_creation:notification_creation.py:64 Created overdue notification for invoice INV-6107 (85 days overdue)
Backend CI	Run tests	2026-03-17T02:41:37.4305821Z INFO     app.scheduler.services.notification_creation:notification_creation.py:64 Created overdue notification for invoice INV-3577 (179 days overdue)
Backend CI	Run tests	2026-03-17T02:41:37.4306251Z INFO     app.scheduler.services.notification_creation:notification_creation.py:64 Created overdue notification for invoice INV-4082 (205 days overdue)
Backend CI	Run tests	2026-03-17T02:41:37.4306676Z INFO     app.scheduler.services.notification_creation:notification_creation.py:64 Created overdue notification for invoice INV-4489 (2 days overdue)
Backend CI	Run tests	2026-03-17T02:41:37.4307207Z INFO     app.scheduler.services.notification_creation:notification_creation.py:64 Created overdue notification for invoice INV-8435 (105 days overdue)
Backend CI	Run tests	2026-03-17T02:41:37.4307640Z INFO     app.scheduler.services.notification_creation:notification_creation.py:64 Created overdue notification for invoice INV-4068 (297 days overdue)
Backend CI	Run tests	2026-03-17T02:41:37.4308061Z INFO     app.scheduler.services.notification_creation:notification_creation.py:64 Created overdue notification for invoice INV-1000 (1 days overdue)
Backend CI	Run tests	2026-03-17T02:41:37.4308489Z INFO     app.scheduler.services.notification_creation:notification_creation.py:64 Created overdue notification for invoice INV-5019 (140 days overdue)
Backend CI	Run tests	2026-03-17T02:41:37.4308923Z INFO     app.scheduler.services.notification_creation:notification_creation.py:64 Created overdue notification for invoice INV-3042 (263 days overdue)
Backend CI	Run tests	2026-03-17T02:41:37.4309349Z INFO     app.scheduler.services.notification_creation:notification_creation.py:64 Created overdue notification for invoice INV-8591 (288 days overdue)
Backend CI	Run tests	2026-03-17T02:41:37.4309783Z INFO     app.scheduler.services.notification_creation:notification_creation.py:64 Created overdue notification for invoice INV-6851 (36 days overdue)
Backend CI	Run tests	2026-03-17T02:41:37.4310209Z INFO     app.scheduler.services.notification_creation:notification_creation.py:64 Created overdue notification for invoice INV-3892 (205 days overdue)
Backend CI	Run tests	2026-03-17T02:41:37.4310642Z INFO     app.scheduler.services.notification_creation:notification_creation.py:64 Created overdue notification for invoice INV-7320 (141 days overdue)
Backend CI	Run tests	2026-03-17T02:41:37.4311071Z INFO     app.scheduler.services.notification_creation:notification_creation.py:64 Created overdue notification for invoice INV-2824 (330 days overdue)
Backend CI	Run tests	2026-03-17T02:41:37.4311500Z INFO     app.scheduler.services.notification_creation:notification_creation.py:64 Created overdue notification for invoice INV-8175 (311 days overdue)
Backend CI	Run tests	2026-03-17T02:41:37.4311935Z INFO     app.scheduler.services.notification_creation:notification_creation.py:64 Created overdue notification for invoice INV-8688 (285 days overdue)
Backend CI	Run tests	2026-03-17T02:41:37.4312355Z INFO     app.scheduler.services.notification_creation:notification_creation.py:64 Created overdue notification for invoice INV-1000 (1 days overdue)
Backend CI	Run tests	2026-03-17T02:41:37.4312882Z INFO     app.scheduler.services.notification_creation:notification_creation.py:64 Created overdue notification for invoice INV-5388 (31 days overdue)
Backend CI	Run tests	2026-03-17T02:41:37.4313310Z INFO     app.scheduler.services.notification_creation:notification_creation.py:64 Created overdue notification for invoice INV-3577 (179 days overdue)
Backend CI	Run tests	2026-03-17T02:41:37.4313844Z INFO     app.scheduler.services.notification_creation:notification_creation.py:64 Created overdue notification for invoice INV-4082 (205 days overdue)
Backend CI	Run tests	2026-03-17T02:41:37.4314272Z INFO     app.scheduler.services.notification_creation:notification_creation.py:64 Created overdue notification for invoice INV-4489 (2 days overdue)
Backend CI	Run tests	2026-03-17T02:41:37.4314703Z INFO     app.scheduler.services.notification_creation:notification_creation.py:64 Created overdue notification for invoice INV-8435 (105 days overdue)
Backend CI	Run tests	2026-03-17T02:41:37.4315133Z INFO     app.scheduler.services.notification_creation:notification_creation.py:64 Created overdue notification for invoice INV-4068 (297 days overdue)
Backend CI	Run tests	2026-03-17T02:41:37.4315550Z INFO     app.scheduler.services.notification_creation:notification_creation.py:64 Created overdue notification for invoice INV-1000 (1 days overdue)
Backend CI	Run tests	2026-03-17T02:41:37.4315980Z INFO     app.scheduler.services.notification_creation:notification_creation.py:64 Created overdue notification for invoice INV-5019 (140 days overdue)
Backend CI	Run tests	2026-03-17T02:41:37.4316412Z INFO     app.scheduler.services.notification_creation:notification_creation.py:64 Created overdue notification for invoice INV-3042 (263 days overdue)
Backend CI	Run tests	2026-03-17T02:41:37.4316838Z INFO     app.scheduler.services.notification_creation:notification_creation.py:64 Created overdue notification for invoice INV-8591 (288 days overdue)
Backend CI	Run tests	2026-03-17T02:41:37.4317380Z INFO     app.scheduler.services.notification_creation:notification_creation.py:64 Created overdue notification for invoice INV-6851 (36 days overdue)
Backend CI	Run tests	2026-03-17T02:41:37.4317808Z INFO     app.scheduler.services.notification_creation:notification_creation.py:64 Created overdue notification for invoice INV-1073 (111 days overdue)
Backend CI	Run tests	2026-03-17T02:41:37.4318241Z INFO     app.scheduler.services.notification_creation:notification_creation.py:64 Created overdue notification for invoice INV-9479 (315 days overdue)
Backend CI	Run tests	2026-03-17T02:41:37.4318668Z INFO     app.scheduler.services.notification_creation:notification_creation.py:64 Created overdue notification for invoice INV-5036 (223 days overdue)
Backend CI	Run tests	2026-03-17T02:41:37.4319105Z INFO     app.scheduler.services.notification_creation:notification_creation.py:64 Created overdue notification for invoice INV-7042 (170 days overdue)
Backend CI	Run tests	2026-03-17T02:41:37.4319537Z INFO     app.scheduler.services.notification_creation:notification_creation.py:64 Created overdue notification for invoice INV-8731 (281 days overdue)
Backend CI	Run tests	2026-03-17T02:41:37.4319957Z INFO     app.scheduler.services.notification_creation:notification_creation.py:64 Created overdue notification for invoice INV-1000 (1 days overdue)
Backend CI	Run tests	2026-03-17T02:41:37.4320389Z INFO     app.scheduler.services.notification_creation:notification_creation.py:64 Created overdue notification for invoice INV-4218 (365 days overdue)
Backend CI	Run tests	2026-03-17T02:41:37.4320813Z INFO     app.scheduler.services.notification_creation:notification_creation.py:64 Created overdue notification for invoice INV-1990 (22 days overdue)
Backend CI	Run tests	2026-03-17T02:41:37.4321245Z INFO     app.scheduler.services.notification_creation:notification_creation.py:64 Created overdue notification for invoice INV-7164 (67 days overdue)
Backend CI	Run tests	2026-03-17T02:41:37.4321666Z INFO     app.scheduler.services.notification_creation:notification_creation.py:64 Created overdue notification for invoice INV-8265 (21 days overdue)
Backend CI	Run tests	2026-03-17T02:41:37.4322096Z INFO     app.scheduler.services.notification_creation:notification_creation.py:64 Created overdue notification for invoice INV-7270 (296 days overdue)
Backend CI	Run tests	2026-03-17T02:41:37.4322527Z INFO     app.scheduler.services.notification_creation:notification_creation.py:64 Created overdue notification for invoice INV-5528 (258 days overdue)
Backend CI	Run tests	2026-03-17T02:41:37.4323047Z INFO     app.scheduler.services.notification_creation:notification_creation.py:64 Created overdue notification for invoice INV-1000 (1 days overdue)
Backend CI	Run tests	2026-03-17T02:41:37.4323475Z INFO     app.scheduler.services.notification_creation:notification_creation.py:64 Created overdue notification for invoice INV-3860 (1 days overdue)
Backend CI	Run tests	2026-03-17T02:41:37.4324048Z INFO     app.scheduler.services.notification_creation:notification_creation.py:64 Created overdue notification for invoice INV-7250 (108 days overdue)
Backend CI	Run tests	2026-03-17T02:41:37.4324480Z INFO     app.scheduler.services.notification_creation:notification_creation.py:64 Created overdue notification for invoice INV-9352 (315 days overdue)
Backend CI	Run tests	2026-03-17T02:41:37.4324909Z INFO     app.scheduler.services.notification_creation:notification_creation.py:64 Created overdue notification for invoice INV-7387 (15 days overdue)
Backend CI	Run tests	2026-03-17T02:41:37.4325337Z INFO     app.scheduler.services.notification_creation:notification_creation.py:64 Created overdue notification for invoice INV-3132 (162 days overdue)
Backend CI	Run tests	2026-03-17T02:41:37.4325769Z INFO     app.scheduler.services.notification_creation:notification_creation.py:64 Created overdue notification for invoice INV-3819 (96 days overdue)
Backend CI	Run tests	2026-03-17T02:41:37.4326192Z INFO     app.scheduler.services.notification_creation:notification_creation.py:64 Created overdue notification for invoice INV-6552 (90 days overdue)
Backend CI	Run tests	2026-03-17T02:41:37.4326625Z INFO     app.scheduler.services.notification_creation:notification_creation.py:64 Created overdue notification for invoice INV-1000 (1 days overdue)
Backend CI	Run tests	2026-03-17T02:41:37.4327163Z INFO     app.scheduler.services.notification_creation:notification_creation.py:64 Created overdue notification for invoice INV-9433 (86 days overdue)
Backend CI	Run tests	2026-03-17T02:41:37.4327592Z INFO     app.scheduler.services.notification_creation:notification_creation.py:64 Created overdue notification for invoice INV-4701 (365 days overdue)
Backend CI	Run tests	2026-03-17T02:41:37.4328023Z INFO     app.scheduler.services.notification_creation:notification_creation.py:64 Created overdue notification for invoice INV-2204 (174 days overdue)
Backend CI	Run tests	2026-03-17T02:41:37.4328444Z INFO     app.scheduler.services.notification_creation:notification_creation.py:64 Created overdue notification for invoice INV-8436 (12 days overdue)
Backend CI	Run tests	2026-03-17T02:41:37.4328877Z INFO     app.scheduler.services.notification_creation:notification_creation.py:64 Created overdue notification for invoice INV-5173 (52 days overdue)
Backend CI	Run tests	2026-03-17T02:41:37.4329298Z INFO     app.scheduler.services.notification_creation:notification_creation.py:64 Created overdue notification for invoice INV-9999 (97 days overdue)
Backend CI	Run tests	2026-03-17T02:41:37.4329735Z INFO     app.scheduler.services.notification_creation:notification_creation.py:64 Created overdue notification for invoice INV-9998 (216 days overdue)
Backend CI	Run tests	2026-03-17T02:41:37.4330162Z INFO     app.scheduler.services.notification_creation:notification_creation.py:64 Created overdue notification for invoice INV-4153 (328 days overdue)
Backend CI	Run tests	2026-03-17T02:41:37.4330588Z INFO     app.scheduler.services.notification_creation:notification_creation.py:64 Created overdue notification for invoice INV-6867 (343 days overdue)
Backend CI	Run tests	2026-03-17T02:41:37.4331023Z INFO     app.scheduler.services.notification_creation:notification_creation.py:64 Created overdue notification for invoice INV-4463 (210 days overdue)
Backend CI	Run tests	2026-03-17T02:41:37.4331452Z INFO     app.scheduler.services.notification_creation:notification_creation.py:64 Created overdue notification for invoice INV-1000 (1 days overdue)
Backend CI	Run tests	2026-03-17T02:41:37.4331888Z INFO     app.scheduler.services.notification_creation:notification_creation.py:64 Created overdue notification for invoice INV-9999 (355 days overdue)
Backend CI	Run tests	2026-03-17T02:41:37.4332324Z INFO     app.scheduler.services.notification_creation:notification_creation.py:64 Created overdue notification for invoice INV-1001 (321 days overdue)
Backend CI	Run tests	2026-03-17T02:41:37.4332883Z INFO     app.scheduler.services.notification_creation:notification_creation.py:64 Created overdue notification for invoice INV-3921 (349 days overdue)
Backend CI	Run tests	2026-03-17T02:41:37.4333307Z INFO     app.scheduler.services.notification_creation:notification_creation.py:64 Created overdue notification for invoice INV-3699 (6 days overdue)
Backend CI	Run tests	2026-03-17T02:41:37.4333736Z INFO     app.scheduler.services.notification_creation:notification_creation.py:64 Created overdue notification for invoice INV-9352 (364 days overdue)
Backend CI	Run tests	2026-03-17T02:41:37.4334285Z INFO     app.scheduler.services.notification_creation:notification_creation.py:64 Created overdue notification for invoice INV-9545 (364 days overdue)
Backend CI	Run tests	2026-03-17T02:41:37.4334708Z INFO     app.scheduler.services.notification_creation:notification_creation.py:64 Created overdue notification for invoice INV-1001 (37 days overdue)
Backend CI	Run tests	2026-03-17T02:41:37.4335177Z INFO     app.scheduler.services.notification_creation:notification_creation.py:64 Created overdue notification for invoice INV-2740 (131 days overdue)
Backend CI	Run tests	2026-03-17T02:41:37.4335605Z INFO     app.scheduler.services.notification_creation:notification_creation.py:64 Created overdue notification for invoice INV-7021 (230 days overdue)
Backend CI	Run tests	2026-03-17T02:41:37.4336030Z INFO     app.scheduler.services.notification_creation:notification_creation.py:64 Created overdue notification for invoice INV-3832 (23 days overdue)
Backend CI	Run tests	2026-03-17T02:41:37.4336463Z INFO     app.scheduler.services.notification_creation:notification_creation.py:64 Created overdue notification for invoice INV-2182 (186 days overdue)
Backend CI	Run tests	2026-03-17T02:41:37.4336886Z INFO     app.scheduler.services.notification_creation:notification_creation.py:64 Created overdue notification for invoice INV-1000 (1 days overdue)
Backend CI	Run tests	2026-03-17T02:41:37.4337427Z INFO     app.scheduler.services.notification_creation:notification_creation.py:64 Created overdue notification for invoice INV-9117 (19 days overdue)
Backend CI	Run tests	2026-03-17T02:41:37.4337853Z INFO     app.scheduler.services.notification_creation:notification_creation.py:64 Created overdue notification for invoice INV-1571 (142 days overdue)
Backend CI	Run tests	2026-03-17T02:41:37.4338286Z INFO     app.scheduler.services.notification_creation:notification_creation.py:64 Created overdue notification for invoice INV-2485 (290 days overdue)
Backend CI	Run tests	2026-03-17T02:41:37.4338712Z INFO     app.scheduler.services.notification_creation:notification_creation.py:64 Created overdue notification for invoice INV-2524 (351 days overdue)
Backend CI	Run tests	2026-03-17T02:41:37.4339139Z INFO     app.scheduler.services.notification_creation:notification_creation.py:64 Created overdue notification for invoice INV-4888 (55 days overdue)
Backend CI	Run tests	2026-03-17T02:41:37.4339566Z INFO     app.scheduler.services.notification_creation:notification_creation.py:64 Created overdue notification for invoice INV-3765 (38 days overdue)
Backend CI	Run tests	2026-03-17T02:41:37.4339994Z INFO     app.scheduler.services.notification_creation:notification_creation.py:64 Created overdue notification for invoice INV-4679 (58 days overdue)
Backend CI	Run tests	2026-03-17T02:41:37.4340424Z INFO     app.scheduler.services.notification_creation:notification_creation.py:64 Created overdue notification for invoice INV-5712 (29 days overdue)
Backend CI	Run tests	2026-03-17T02:41:37.4340853Z INFO     app.scheduler.services.notification_creation:notification_creation.py:64 Created overdue notification for invoice INV-2250 (353 days overdue)
Backend CI	Run tests	2026-03-17T02:41:37.4341279Z INFO     app.scheduler.services.notification_creation:notification_creation.py:64 Created overdue notification for invoice INV-2775 (1 days overdue)
Backend CI	Run tests	2026-03-17T02:41:37.4341722Z INFO     app.scheduler.services.notification_creation:notification_creation.py:64 Created overdue notification for invoice INV-1974 (191 days overdue)
Backend CI	Run tests	2026-03-17T02:41:37.4342150Z INFO     app.scheduler.services.notification_creation:notification_creation.py:64 Created overdue notification for invoice INV-5068 (165 days overdue)
Backend CI	Run tests	2026-03-17T02:41:37.4342582Z INFO     app.scheduler.services.notification_creation:notification_creation.py:64 Created overdue notification for invoice INV-7374 (19 days overdue)
Backend CI	Run tests	2026-03-17T02:41:37.4343118Z INFO     app.scheduler.services.notification_creation:notification_creation.py:64 Created overdue notification for invoice INV-6317 (346 days overdue)
Backend CI	Run tests	2026-03-17T02:41:37.4343546Z INFO     app.scheduler.services.notification_creation:notification_creation.py:64 Created overdue notification for invoice INV-1000 (1 days overdue)
Backend CI	Run tests	2026-03-17T02:41:37.4343974Z INFO     app.scheduler.services.notification_creation:notification_creation.py:64 Created overdue notification for invoice INV-5522 (233 days overdue)
Backend CI	Run tests	2026-03-17T02:41:37.4344512Z INFO     app.scheduler.services.notification_creation:notification_creation.py:64 Created overdue notification for invoice INV-9798 (187 days overdue)
Backend CI	Run tests	2026-03-17T02:41:37.4344949Z INFO     app.scheduler.services.notification_creation:notification_creation.py:64 Created overdue notification for invoice INV-9999 (286 days overdue)
Backend CI	Run tests	2026-03-17T02:41:37.4345370Z INFO     app.scheduler.services.notification_creation:notification_creation.py:64 Created overdue notification for invoice INV-4625 (34 days overdue)
Backend CI	Run tests	2026-03-17T02:41:37.4345799Z INFO     app.scheduler.services.notification_creation:notification_creation.py:64 Created overdue notification for invoice INV-8551 (246 days overdue)
Backend CI	Run tests	2026-03-17T02:41:37.4346226Z INFO     app.scheduler.services.notification_creation:notification_creation.py:64 Created overdue notification for invoice INV-2439 (331 days overdue)
Backend CI	Run tests	2026-03-17T02:41:37.4346657Z INFO     app.scheduler.services.notification_creation:notification_creation.py:64 Created overdue notification for invoice INV-1000 (1 days overdue)
Backend CI	Run tests	2026-03-17T02:41:37.4347084Z INFO     app.scheduler.services.notification_creation:notification_creation.py:64 Created overdue notification for invoice INV-5229 (101 days overdue)
Backend CI	Run tests	2026-03-17T02:41:37.4347608Z INFO     app.scheduler.services.notification_creation:notification_creation.py:64 Created overdue notification for invoice INV-7871 (1 days overdue)
Backend CI	Run tests	2026-03-17T02:41:37.4348043Z INFO     app.scheduler.services.notification_creation:notification_creation.py:64 Created overdue notification for invoice INV-6085 (358 days overdue)
Backend CI	Run tests	2026-03-17T02:41:37.4348466Z INFO     app.scheduler.services.notification_creation:notification_creation.py:64 Created overdue notification for invoice INV-1177 (1 days overdue)
Backend CI	Run tests	2026-03-17T02:41:37.4348900Z INFO     app.scheduler.services.notification_creation:notification_creation.py:64 Created overdue notification for invoice INV-7406 (125 days overdue)
Backend CI	Run tests	2026-03-17T02:41:37.4349325Z INFO     app.scheduler.services.notification_creation:notification_creation.py:64 Created overdue notification for invoice INV-1000 (1 days overdue)
Backend CI	Run tests	2026-03-17T02:41:37.4349754Z INFO     app.scheduler.services.notification_creation:notification_creation.py:64 Created overdue notification for invoice INV-8808 (186 days overdue)
Backend CI	Run tests	2026-03-17T02:41:37.4350190Z INFO     app.scheduler.services.notification_creation:notification_creation.py:64 Created overdue notification for invoice INV-4324 (165 days overdue)
Backend CI	Run tests	2026-03-17T02:41:37.4350613Z INFO     app.scheduler.services.notification_creation:notification_creation.py:64 Created overdue notification for invoice INV-4475 (62 days overdue)
Backend CI	Run tests	2026-03-17T02:41:37.4351041Z INFO     app.scheduler.services.notification_creation:notification_creation.py:64 Created overdue notification for invoice INV-6652 (274 days overdue)
Backend CI	Run tests	2026-03-17T02:41:37.4351462Z INFO     app.scheduler.services.notification_creation:notification_creation.py:64 Created overdue notification for invoice INV-6810 (19 days overdue)
Backend CI	Run tests	2026-03-17T02:41:37.4351891Z INFO     app.scheduler.services.notification_creation:notification_creation.py:64 Created overdue notification for invoice INV-3229 (1 days overdue)
Backend CI	Run tests	2026-03-17T02:41:37.4352316Z INFO     app.scheduler.services.notification_creation:notification_creation.py:64 Created overdue notification for invoice INV-9406 (310 days overdue)
Backend CI	Run tests	2026-03-17T02:41:37.4352852Z INFO     app.scheduler.services.notification_creation:notification_creation.py:64 Created overdue notification for invoice INV-8952 (331 days overdue)
Backend CI	Run tests	2026-03-17T02:41:37.4353285Z INFO     app.scheduler.services.notification_creation:notification_creation.py:64 Created overdue notification for invoice INV-1000 (1 days overdue)
Backend CI	Run tests	2026-03-17T02:41:37.4353705Z INFO     app.scheduler.services.notification_creation:notification_creation.py:64 Created overdue notification for invoice INV-6745 (51 days overdue)
Backend CI	Run tests	2026-03-17T02:41:37.4354134Z INFO     app.scheduler.services.notification_creation:notification_creation.py:64 Created overdue notification for invoice INV-1000 (15 days overdue)
Backend CI	Run tests	2026-03-17T02:41:37.4354674Z INFO     app.scheduler.services.notification_creation:notification_creation.py:64 Created overdue notification for invoice INV-3842 (143 days overdue)
Backend CI	Run tests	2026-03-17T02:41:37.4355110Z INFO     app.scheduler.services.notification_creation:notification_creation.py:64 Created overdue notification for invoice INV-6592 (333 days overdue)
Backend CI	Run tests	2026-03-17T02:41:37.4355540Z INFO     app.scheduler.services.notification_creation:notification_creation.py:64 Created overdue notification for invoice INV-9326 (31 days overdue)
Backend CI	Run tests	2026-03-17T02:41:37.4355962Z INFO     app.scheduler.services.notification_creation:notification_creation.py:64 Created overdue notification for invoice INV-1000 (1 days overdue)
Backend CI	Run tests	2026-03-17T02:41:37.4356387Z INFO     app.scheduler.services.notification_creation:notification_creation.py:64 Created overdue notification for invoice INV-4072 (46 days overdue)
Backend CI	Run tests	2026-03-17T02:41:37.4356819Z INFO     app.scheduler.services.notification_creation:notification_creation.py:64 Created overdue notification for invoice INV-7649 (232 days overdue)
Backend CI	Run tests	2026-03-17T02:41:37.4357252Z INFO     app.scheduler.services.notification_creation:notification_creation.py:64 Created overdue notification for invoice INV-6112 (135 days overdue)
Backend CI	Run tests	2026-03-17T02:41:37.4357782Z INFO     app.scheduler.services.notification_creation:notification_creation.py:64 Created overdue notification for invoice INV-3705 (359 days overdue)
Backend CI	Run tests	2026-03-17T02:41:37.4358207Z INFO     app.scheduler.services.notification_creation:notification_creation.py:64 Created overdue notification for invoice INV-1433 (347 days overdue)
Backend CI	Run tests	2026-03-17T02:41:37.4358638Z INFO     app.scheduler.services.notification_creation:notification_creation.py:64 Created overdue notification for invoice INV-9125 (227 days overdue)
Backend CI	Run tests	2026-03-17T02:41:37.4359066Z INFO     app.scheduler.services.notification_creation:notification_creation.py:64 Created overdue notification for invoice INV-3314 (155 days overdue)
Backend CI	Run tests	2026-03-17T02:41:37.4359515Z INFO     app.scheduler.services.notification_creation:notification_creation.py:64 Created overdue notification for invoice INV-7660 (361 days overdue)
Backend CI	Run tests	2026-03-17T02:41:37.4359949Z INFO     app.scheduler.services.notification_creation:notification_creation.py:64 Created overdue notification for invoice INV-1000 (1 days overdue)
Backend CI	Run tests	2026-03-17T02:41:37.4360386Z INFO     app.scheduler.services.notification_creation:notification_creation.py:64 Created overdue notification for invoice INV-2818 (303 days overdue)
Backend CI	Run tests	2026-03-17T02:41:37.4360809Z INFO     app.scheduler.services.notification_creation:notification_creation.py:64 Created overdue notification for invoice INV-4973 (32 days overdue)
Backend CI	Run tests	2026-03-17T02:41:37.4361229Z INFO     app.scheduler.services.notification_creation:notification_creation.py:64 Created overdue notification for invoice INV-4109 (29 days overdue)
Backend CI	Run tests	2026-03-17T02:41:37.4361660Z INFO     app.scheduler.services.notification_creation:notification_creation.py:64 Created overdue notification for invoice INV-4861 (156 days overdue)
Backend CI	Run tests	2026-03-17T02:41:37.4362086Z INFO     app.scheduler.services.notification_creation:notification_creation.py:64 Created overdue notification for invoice INV-8222 (96 days overdue)
Backend CI	Run tests	2026-03-17T02:41:37.4362515Z INFO     app.scheduler.services.notification_creation:notification_creation.py:64 Created overdue notification for invoice INV-4888 (55 days overdue)
Backend CI	Run tests	2026-03-17T02:41:37.4363065Z INFO     app.scheduler.services.notification_creation:notification_creation.py:64 Created overdue notification for invoice INV-3765 (38 days overdue)
Backend CI	Run tests	2026-03-17T02:41:37.4363488Z INFO     app.scheduler.services.notification_creation:notification_creation.py:64 Created overdue notification for invoice INV-4679 (58 days overdue)
Backend CI	Run tests	2026-03-17T02:41:37.4363914Z INFO     app.scheduler.services.notification_creation:notification_creation.py:64 Created overdue notification for invoice INV-5712 (29 days overdue)
Backend CI	Run tests	2026-03-17T02:41:37.4364454Z INFO     app.scheduler.services.notification_creation:notification_creation.py:64 Created overdue notification for invoice INV-2250 (353 days overdue)
Backend CI	Run tests	2026-03-17T02:41:37.4364886Z INFO     app.scheduler.services.notification_creation:notification_creation.py:64 Created overdue notification for invoice INV-9352 (315 days overdue)
Backend CI	Run tests	2026-03-17T02:41:37.4365312Z INFO     app.scheduler.services.notification_creation:notification_creation.py:64 Created overdue notification for invoice INV-7387 (15 days overdue)
Backend CI	Run tests	2026-03-17T02:41:37.4365748Z INFO     app.scheduler.services.notification_creation:notification_creation.py:64 Created overdue notification for invoice INV-3132 (162 days overdue)
Backend CI	Run tests	2026-03-17T02:41:37.4366168Z INFO     app.scheduler.services.notification_creation:notification_creation.py:64 Created overdue notification for invoice INV-3819 (96 days overdue)
Backend CI	Run tests	2026-03-17T02:41:37.4366589Z INFO     app.scheduler.services.notification_creation:notification_creation.py:64 Created overdue notification for invoice INV-6552 (90 days overdue)
Backend CI	Run tests	2026-03-17T02:41:37.4367020Z INFO     app.scheduler.services.notification_creation:notification_creation.py:64 Created overdue notification for invoice INV-1000 (1 days overdue)
Backend CI	Run tests	2026-03-17T02:41:37.4367448Z INFO     app.scheduler.services.notification_creation:notification_creation.py:64 Created overdue notification for invoice INV-7272 (347 days overdue)
Backend CI	Run tests	2026-03-17T02:41:37.4367979Z INFO     app.scheduler.services.notification_creation:notification_creation.py:64 Created overdue notification for invoice INV-5785 (313 days overdue)
Backend CI	Run tests	2026-03-17T02:41:37.4368405Z INFO     app.scheduler.services.notification_creation:notification_creation.py:64 Created overdue notification for invoice INV-7608 (265 days overdue)
Backend CI	Run tests	2026-03-17T02:41:37.4368831Z INFO     app.scheduler.services.notification_creation:notification_creation.py:64 Created overdue notification for invoice INV-7331 (180 days overdue)
Backend CI	Run tests	2026-03-17T02:41:37.4369260Z INFO     app.scheduler.services.notification_creation:notification_creation.py:64 Created overdue notification for invoice INV-7173 (132 days overdue)
Backend CI	Run tests	2026-03-17T02:41:37.4369688Z INFO     app.scheduler.services.notification_creation:notification_creation.py:64 Created overdue notification for invoice INV-1000 (1 days overdue)
Backend CI	Run tests	2026-03-17T02:41:37.4370120Z INFO     app.scheduler.services.notification_creation:notification_creation.py:64 Created overdue notification for invoice INV-7384 (133 days overdue)
Backend CI	Run tests	2026-03-17T02:41:37.4370544Z INFO     app.scheduler.services.notification_creation:notification_creation.py:64 Created overdue notification for invoice INV-2670 (6 days overdue)
Backend CI	Run tests	2026-03-17T02:41:37.4370978Z INFO     app.scheduler.services.notification_creation:notification_creation.py:64 Created overdue notification for invoice INV-9698 (214 days overdue)
Backend CI	Run tests	2026-03-17T02:41:37.4371404Z INFO     app.scheduler.services.notification_creation:notification_creation.py:64 Created overdue notification for invoice INV-1744 (340 days overdue)
Backend CI	Run tests	2026-03-17T02:41:37.4371834Z INFO     app.scheduler.services.notification_creation:notification_creation.py:64 Created overdue notification for invoice INV-7631 (259 days overdue)
Backend CI	Run tests	2026-03-17T02:41:37.4372267Z INFO     app.scheduler.services.notification_creation:notification_creation.py:64 Created overdue notification for invoice INV-9999 (248 days overdue)
Backend CI	Run tests	2026-03-17T02:41:37.4372832Z INFO     app.scheduler.services.notification_creation:notification_creation.py:64 Created overdue notification for invoice INV-2634 (14 days overdue)
Backend CI	Run tests	2026-03-17T02:41:37.4373264Z INFO     app.scheduler.services.notification_creation:notification_creation.py:64 Created overdue notification for invoice INV-1000 (1 days overdue)
Backend CI	Run tests	2026-03-17T02:41:37.4373687Z INFO     app.scheduler.services.notification_creation:notification_creation.py:64 Created overdue notification for invoice INV-8837 (19 days overdue)
Backend CI	Run tests	2026-03-17T02:41:37.4374118Z INFO     app.scheduler.services.notification_creation:notification_creation.py:64 Created overdue notification for invoice INV-6420 (110 days overdue)
Backend CI	Run tests	2026-03-17T02:41:37.4374660Z INFO     app.scheduler.services.notification_creation:notification_creation.py:64 Created overdue notification for invoice INV-6514 (263 days overdue)
Backend CI	Run tests	2026-03-17T02:41:37.4375086Z INFO     app.scheduler.services.notification_creation:notification_creation.py:64 Created overdue notification for invoice INV-4415 (304 days overdue)
Backend CI	Run tests	2026-03-17T02:41:37.4375521Z INFO     app.scheduler.services.notification_creation:notification_creation.py:64 Created overdue notification for invoice INV-7654 (73 days overdue)
Backend CI	Run tests	2026-03-17T02:41:37.4375948Z INFO     app.scheduler.services.notification_creation:notification_creation.py:64 Created overdue notification for invoice INV-8321 (196 days overdue)
Backend CI	Run tests	2026-03-17T02:41:37.4376381Z INFO     app.scheduler.services.notification_creation:notification_creation.py:64 Created overdue notification for invoice INV-2733 (201 days overdue)
Backend CI	Run tests	2026-03-17T02:41:37.4376809Z INFO     app.scheduler.services.notification_creation:notification_creation.py:64 Created overdue notification for invoice INV-3003 (144 days overdue)
Backend CI	Run tests	2026-03-17T02:41:37.4377243Z INFO     app.scheduler.services.notification_creation:notification_creation.py:64 Created overdue notification for invoice INV-1676 (65 days overdue)
Backend CI	Run tests	2026-03-17T02:41:37.4377672Z INFO     app.scheduler.services.notification_creation:notification_creation.py:64 Created overdue notification for invoice INV-1000 (1 days overdue)
Backend CI	Run tests	2026-03-17T02:41:37.4378199Z INFO     app.scheduler.services.notification_creation:notification_creation.py:64 Created overdue notification for invoice INV-5021 (157 days overdue)
Backend CI	Run tests	2026-03-17T02:41:37.4378627Z INFO     app.scheduler.services.notification_creation:notification_creation.py:64 Created overdue notification for invoice INV-3882 (297 days overdue)
Backend CI	Run tests	2026-03-17T02:41:37.4379051Z INFO     app.scheduler.services.notification_creation:notification_creation.py:64 Created overdue notification for invoice INV-4174 (327 days overdue)
Backend CI	Run tests	2026-03-17T02:41:37.4379477Z INFO     app.scheduler.services.notification_creation:notification_creation.py:64 Created overdue notification for invoice INV-7948 (39 days overdue)
Backend CI	Run tests	2026-03-17T02:41:37.4379904Z INFO     app.scheduler.services.notification_creation:notification_creation.py:64 Created overdue notification for invoice INV-9998 (174 days overdue)
Backend CI	Run tests	2026-03-17T02:41:37.4380333Z INFO     app.scheduler.services.notification_creation:notification_creation.py:64 Created overdue notification for invoice INV-2672 (103 days overdue)
Backend CI	Run tests	2026-03-17T02:41:37.4380763Z INFO     app.scheduler.services.notification_creation:notification_creation.py:64 Created overdue notification for invoice INV-4167 (31 days overdue)
Backend CI	Run tests	2026-03-17T02:41:37.4381194Z INFO     app.scheduler.services.notification_creation:notification_creation.py:64 Created overdue notification for invoice INV-3560 (282 days overdue)
Backend CI	Run tests	2026-03-17T02:41:37.4381621Z INFO     app.scheduler.services.notification_creation:notification_creation.py:64 Created overdue notification for invoice INV-1531 (64 days overdue)
Backend CI	Run tests	2026-03-17T02:41:37.4382045Z INFO     app.scheduler.services.notification_creation:notification_creation.py:64 Created overdue notification for invoice INV-1000 (1 days overdue)
Backend CI	Run tests	2026-03-17T02:41:37.4382470Z INFO     app.scheduler.services.notification_creation:notification_creation.py:64 Created overdue notification for invoice INV-8010 (352 days overdue)
Backend CI	Run tests	2026-03-17T02:41:37.4383013Z INFO     app.scheduler.services.notification_creation:notification_creation.py:64 Created overdue notification for invoice INV-2110 (206 days overdue)
Backend CI	Run tests	2026-03-17T02:41:37.4383439Z INFO     app.scheduler.services.notification_creation:notification_creation.py:64 Created overdue notification for invoice INV-9391 (341 days overdue)
Backend CI	Run tests	2026-03-17T02:41:37.4383870Z INFO     app.scheduler.services.notification_creation:notification_creation.py:64 Created overdue notification for invoice INV-9870 (339 days overdue)
Backend CI	Run tests	2026-03-17T02:41:37.4384298Z INFO     app.scheduler.services.notification_creation:notification_creation.py:64 Created overdue notification for invoice INV-2478 (352 days overdue)
Backend CI	Run tests	2026-03-17T02:41:37.4384837Z INFO     app.scheduler.services.notification_creation:notification_creation.py:64 Created overdue notification for invoice INV-5802 (1 days overdue)
Backend CI	Run tests	2026-03-17T02:41:37.4385258Z INFO     app.scheduler.services.notification_creation:notification_creation.py:64 Created overdue notification for invoice INV-1000 (1 days overdue)
Backend CI	Run tests	2026-03-17T02:41:37.4385690Z INFO     app.scheduler.services.notification_creation:notification_creation.py:64 Created overdue notification for invoice INV-9665 (112 days overdue)
Backend CI	Run tests	2026-03-17T02:41:37.4386124Z INFO     app.scheduler.services.notification_creation:notification_creation.py:64 Created overdue notification for invoice INV-2230 (159 days overdue)
Backend CI	Run tests	2026-03-17T02:41:37.4386547Z INFO     app.scheduler.services.notification_creation:notification_creation.py:64 Created overdue notification for invoice INV-7695 (65 days overdue)
Backend CI	Run tests	2026-03-17T02:41:37.4386980Z INFO     app.scheduler.services.notification_creation:notification_creation.py:64 Created overdue notification for invoice INV-2266 (138 days overdue)
Backend CI	Run tests	2026-03-17T02:41:37.4387413Z INFO     app.scheduler.services.notification_creation:notification_creation.py:64 Created overdue notification for invoice INV-2435 (38 days overdue)
Backend CI	Run tests	2026-03-17T02:41:37.4387952Z INFO     app.scheduler.services.notification_creation:notification_creation.py:64 Created overdue notification for invoice INV-9405 (186 days overdue)
Backend CI	Run tests	2026-03-17T02:41:37.4388376Z INFO     app.scheduler.services.notification_creation:notification_creation.py:64 Created overdue notification for invoice INV-8291 (30 days overdue)
Backend CI	Run tests	2026-03-17T02:41:37.4388803Z INFO     app.scheduler.services.notification_creation:notification_creation.py:64 Created overdue notification for invoice INV-9557 (190 days overdue)
Backend CI	Run tests	2026-03-17T02:41:37.4389238Z INFO     app.scheduler.services.notification_creation:notification_creation.py:64 Created overdue notification for invoice INV-2726 (299 days overdue)
Backend CI	Run tests	2026-03-17T02:41:37.4389663Z INFO     app.scheduler.services.notification_creation:notification_creation.py:64 Created overdue notification for invoice INV-1000 (1 days overdue)
Backend CI	Run tests	2026-03-17T02:41:37.4390096Z INFO     app.scheduler.services.notification_creation:notification_creation.py:64 Created overdue notification for invoice INV-9456 (318 days overdue)
Backend CI	Run tests	2026-03-17T02:41:37.4390529Z INFO     app.scheduler.services.notification_creation:notification_creation.py:64 Created overdue notification for invoice INV-7681 (302 days overdue)
Backend CI	Run tests	2026-03-17T02:41:37.4390955Z INFO     app.scheduler.services.notification_creation:notification_creation.py:64 Created overdue notification for invoice INV-5170 (345 days overdue)
Backend CI	Run tests	2026-03-17T02:41:37.4391383Z INFO     app.scheduler.services.notification_creation:notification_creation.py:64 Created overdue notification for invoice INV-5643 (94 days overdue)
Backend CI	Run tests	2026-03-17T02:41:37.4391814Z INFO     app.scheduler.services.notification_creation:notification_creation.py:64 Created overdue notification for invoice INV-1000 (323 days overdue)
Backend CI	Run tests	2026-03-17T02:41:37.4392250Z INFO     app.scheduler.services.notification_creation:notification_creation.py:64 Created overdue notification for invoice INV-7958 (206 days overdue)
Backend CI	Run tests	2026-03-17T02:41:37.4392771Z INFO     app.scheduler.services.notification_creation:notification_creation.py:64 Created overdue notification for invoice INV-1000 (1 days overdue)
Backend CI	Run tests	2026-03-17T02:41:37.4393212Z INFO     app.scheduler.services.notification_creation:notification_creation.py:64 Created overdue notification for invoice INV-9214 (314 days overdue)
Backend CI	Run tests	2026-03-17T02:41:37.4393640Z INFO     app.scheduler.services.notification_creation:notification_creation.py:64 Created overdue notification for invoice INV-4960 (273 days overdue)
Backend CI	Run tests	2026-03-17T02:41:37.4394063Z INFO     app.scheduler.services.notification_creation:notification_creation.py:64 Created overdue notification for invoice INV-7577 (211 days overdue)
Backend CI	Run tests	2026-03-17T02:41:37.4394492Z INFO     app.scheduler.services.notification_creation:notification_creation.py:64 Created overdue notification for invoice INV-8423 (340 days overdue)
Backend CI	Run tests	2026-03-17T02:41:37.4395034Z INFO     app.scheduler.services.notification_creation:notification_creation.py:64 Created overdue notification for invoice INV-5463 (235 days overdue)
Backend CI	Run tests	2026-03-17T02:41:37.4395460Z INFO     app.scheduler.services.notification_creation:notification_creation.py:64 Created overdue notification for invoice INV-1000 (1 days overdue)
Backend CI	Run tests	2026-03-17T02:41:37.4395893Z INFO     app.scheduler.services.notification_creation:notification_creation.py:64 Created overdue notification for invoice INV-5067 (288 days overdue)
Backend CI	Run tests	2026-03-17T02:41:37.4396313Z INFO     app.scheduler.services.notification_creation:notification_creation.py:64 Created overdue notification for invoice INV-6745 (51 days overdue)
Backend CI	Run tests	2026-03-17T02:41:37.4396740Z INFO     app.scheduler.services.notification_creation:notification_creation.py:64 Created overdue notification for invoice INV-1000 (15 days overdue)
Backend CI	Run tests	2026-03-17T02:41:37.4397168Z INFO     app.scheduler.services.notification_creation:notification_creation.py:64 Created overdue notification for invoice INV-3842 (143 days overdue)
Backend CI	Run tests	2026-03-17T02:41:37.4397611Z INFO     app.scheduler.services.notification_creation:notification_creation.py:64 Created overdue notification for invoice INV-6592 (333 days overdue)
Backend CI	Run tests	2026-03-17T02:41:37.4398136Z INFO     app.scheduler.services.notification_creation:notification_creation.py:64 Created overdue notification for invoice INV-9326 (31 days overdue)
Backend CI	Run tests	2026-03-17T02:41:37.4398562Z INFO     app.scheduler.services.notification_creation:notification_creation.py:64 Created overdue notification for invoice INV-1000 (1 days overdue)
Backend CI	Run tests	2026-03-17T02:41:37.4398989Z INFO     app.scheduler.services.notification_creation:notification_creation.py:64 Created overdue notification for invoice INV-4072 (46 days overdue)
Backend CI	Run tests	2026-03-17T02:41:37.4399417Z INFO     app.scheduler.services.notification_creation:notification_creation.py:64 Created overdue notification for invoice INV-7649 (232 days overdue)
Backend CI	Run tests	2026-03-17T02:41:37.4399851Z INFO     app.scheduler.services.notification_creation:notification_creation.py:64 Created overdue notification for invoice INV-6112 (135 days overdue)
Backend CI	Run tests	2026-03-17T02:41:37.4400274Z INFO     app.scheduler.services.notification_creation:notification_creation.py:64 Created overdue notification for invoice INV-3857 (10 days overdue)
Backend CI	Run tests	2026-03-17T02:41:37.4400709Z INFO     app.scheduler.services.notification_creation:notification_creation.py:64 Created overdue notification for invoice INV-1634 (306 days overdue)
Backend CI	Run tests	2026-03-17T02:41:37.4401136Z INFO     app.scheduler.services.notification_creation:notification_creation.py:64 Created overdue notification for invoice INV-1593 (191 days overdue)
Backend CI	Run tests	2026-03-17T02:41:37.4401569Z INFO     app.scheduler.services.notification_creation:notification_creation.py:64 Created overdue notification for invoice INV-4521 (303 days overdue)
Backend CI	Run tests	2026-03-17T02:41:37.4401992Z INFO     app.scheduler.services.notification_creation:notification_creation.py:64 Created overdue notification for invoice INV-7049 (316 days overdue)
Backend CI	Run tests	2026-03-17T02:41:37.4402416Z INFO     app.scheduler.services.notification_creation:notification_creation.py:64 Created overdue notification for invoice INV-1000 (1 days overdue)
Backend CI	Run tests	2026-03-17T02:41:37.4402940Z INFO     app.scheduler.services.notification_creation:notification_creation.py:64 Created overdue notification for invoice INV-2495 (5 days overdue)
Backend CI	Run tests	2026-03-17T02:41:37.4403367Z INFO     app.scheduler.services.notification_creation:notification_creation.py:64 Created overdue notification for invoice INV-9326 (78 days overdue)
Backend CI	Run tests	2026-03-17T02:41:37.4403797Z INFO     app.scheduler.services.notification_creation:notification_creation.py:64 Created overdue notification for invoice INV-3530 (279 days overdue)
Backend CI	Run tests	2026-03-17T02:41:37.4404225Z INFO     app.scheduler.services.notification_creation:notification_creation.py:64 Created overdue notification for invoice INV-2526 (176 days overdue)
Backend CI	Run tests	2026-03-17T02:41:37.4404652Z INFO     app.scheduler.services.notification_creation:notification_creation.py:64 Created overdue notification for invoice INV-4758 (343 days overdue)
Backend CI	Run tests	2026-03-17T02:41:37.4405328Z INFO     app.scheduler.services.notification_creation:notification_creation.py:64 Created overdue notification for invoice INV-5531 (221 days overdue)
Backend CI	Run tests	2026-03-17T02:41:37.4405759Z INFO     app.scheduler.services.notification_creation:notification_creation.py:64 Created overdue notification for invoice INV-8848 (244 days overdue)
Backend CI	Run tests	2026-03-17T02:41:37.4406188Z INFO     app.scheduler.services.notification_creation:notification_creation.py:64 Created overdue notification for invoice INV-1000 (1 days overdue)
Backend CI	Run tests	2026-03-17T02:41:37.4406615Z INFO     app.scheduler.services.notification_creation:notification_creation.py:64 Created overdue notification for invoice INV-6784 (272 days overdue)
Backend CI	Run tests	2026-03-17T02:41:37.4407049Z INFO     app.scheduler.services.notification_creation:notification_creation.py:64 Created overdue notification for invoice INV-4040 (153 days overdue)
Backend CI	Run tests	2026-03-17T02:41:37.4407475Z INFO     app.scheduler.services.notification_creation:notification_creation.py:64 Created overdue notification for invoice INV-7889 (30 days overdue)
Backend CI	Run tests	2026-03-17T02:41:37.4407896Z INFO     app.scheduler.services.notification_creation:notification_creation.py:64 Created overdue notification for invoice INV-7626 (54 days overdue)
Backend CI	Run tests	2026-03-17T02:41:37.4408440Z INFO     app.scheduler.services.notification_creation:notification_creation.py:64 Created overdue notification for invoice INV-1576 (45 days overdue)
Backend CI	Run tests	2026-03-17T02:41:37.4408868Z INFO     app.scheduler.services.notification_creation:notification_creation.py:64 Created overdue notification for invoice INV-1199 (136 days overdue)
Backend CI	Run tests	2026-03-17T02:41:37.4409293Z INFO     app.scheduler.services.notification_creation:notification_creation.py:64 Created overdue notification for invoice INV-1000 (1 days overdue)
Backend CI	Run tests	2026-03-17T02:41:37.4409724Z INFO     app.scheduler.services.notification_creation:notification_creation.py:64 Created overdue notification for invoice INV-3738 (240 days overdue)
Backend CI	Run tests	2026-03-17T02:41:37.4410154Z INFO     app.scheduler.services.notification_creation:notification_creation.py:64 Created overdue notification for invoice INV-5895 (331 days overdue)
Backend CI	Run tests	2026-03-17T02:41:37.4410592Z INFO     app.scheduler.services.notification_creation:notification_creation.py:64 Created overdue notification for invoice INV-9513 (243 days overdue)
Backend CI	Run tests	2026-03-17T02:41:37.4411019Z INFO     app.scheduler.services.notification_creation:notification_creation.py:64 Created overdue notification for invoice INV-8187 (88 days overdue)
Backend CI	Run tests	2026-03-17T02:41:37.4411453Z INFO     app.scheduler.services.notification_creation:notification_creation.py:64 Created overdue notification for invoice INV-4335 (222 days overdue)
Backend CI	Run tests	2026-03-17T02:41:37.4411877Z INFO     app.scheduler.services.notification_creation:notification_creation.py:64 Created overdue notification for invoice INV-6218 (123 days overdue)
Backend CI	Run tests	2026-03-17T02:41:37.4412311Z INFO     app.scheduler.services.notification_creation:notification_creation.py:64 Created overdue notification for invoice INV-1146 (146 days overdue)
Backend CI	Run tests	2026-03-17T02:41:37.4412877Z INFO     app.scheduler.services.notification_creation:notification_creation.py:64 Created overdue notification for invoice INV-8578 (104 days overdue)
Backend CI	Run tests	2026-03-17T02:41:37.4413304Z INFO     app.scheduler.services.notification_creation:notification_creation.py:64 Created overdue notification for invoice INV-8895 (125 days overdue)
Backend CI	Run tests	2026-03-17T02:41:37.4413735Z INFO     app.scheduler.services.notification_creation:notification_creation.py:64 Created overdue notification for invoice INV-1000 (1 days overdue)
Backend CI	Run tests	2026-03-17T02:41:37.4414156Z INFO     app.scheduler.services.notification_creation:notification_creation.py:64 Created overdue notification for invoice INV-9312 (40 days overdue)
Backend CI	Run tests	2026-03-17T02:41:37.4414589Z INFO     app.scheduler.services.notification_creation:notification_creation.py:64 Created overdue notification for invoice INV-2778 (221 days overdue)
Backend CI	Run tests	2026-03-17T02:41:37.4415129Z INFO     app.scheduler.services.notification_creation:notification_creation.py:64 Created overdue notification for invoice INV-2782 (258 days overdue)
Backend CI	Run tests	2026-03-17T02:41:37.4415554Z INFO     app.scheduler.services.notification_creation:notification_creation.py:64 Created overdue notification for invoice INV-6067 (197 days overdue)
Backend CI	Run tests	2026-03-17T02:41:37.4415985Z INFO     app.scheduler.services.notification_creation:notification_creation.py:64 Created overdue notification for invoice INV-5614 (60 days overdue)
Backend CI	Run tests	2026-03-17T02:41:37.4416412Z INFO     app.scheduler.services.notification_creation:notification_creation.py:64 Created overdue notification for invoice INV-4159 (229 days overdue)
Backend CI	Run tests	2026-03-17T02:41:37.4416840Z INFO     app.scheduler.services.notification_creation:notification_creation.py:64 Created overdue notification for invoice INV-8556 (19 days overdue)
Backend CI	Run tests	2026-03-17T02:41:37.4417262Z INFO     app.scheduler.services.notification_creation:notification_creation.py:64 Created overdue notification for invoice INV-5362 (23 days overdue)
Backend CI	Run tests	2026-03-17T02:41:37.4417692Z INFO     app.scheduler.services.notification_creation:notification_creation.py:64 Created overdue notification for invoice INV-1000 (1 days overdue)
Backend CI	Run tests	2026-03-17T02:41:37.4418112Z INFO     app.scheduler.services.notification_creation:notification_creation.py:64 Created overdue notification for invoice INV-7377 (8 days overdue)
Backend CI	Run tests	2026-03-17T02:41:37.4418636Z INFO     app.scheduler.services.notification_creation:notification_creation.py:64 Created overdue notification for invoice INV-4631 (66 days overdue)
Backend CI	Run tests	2026-03-17T02:41:37.4419063Z INFO     app.scheduler.services.notification_creation:notification_creation.py:64 Created overdue notification for invoice INV-1515 (29 days overdue)
Backend CI	Run tests	2026-03-17T02:41:37.4419485Z INFO     app.scheduler.services.notification_creation:notification_creation.py:64 Created overdue notification for invoice INV-8833 (89 days overdue)
Backend CI	Run tests	2026-03-17T02:41:37.4419914Z INFO     app.scheduler.services.notification_creation:notification_creation.py:64 Created overdue notification for invoice INV-3892 (205 days overdue)
Backend CI	Run tests	2026-03-17T02:41:37.4420630Z INFO     app.scheduler.services.notification_creation:notification_creation.py:64 Created overdue notification for invoice INV-7320 (141 days overdue)
Backend CI	Run tests	2026-03-17T02:41:37.4421150Z INFO     app.scheduler.services.notification_creation:notification_creation.py:64 Created overdue notification for invoice INV-2824 (330 days overdue)
Backend CI	Run tests	2026-03-17T02:41:37.4421616Z INFO     app.scheduler.services.notification_creation:notification_creation.py:64 Created overdue notification for invoice INV-8175 (311 days overdue)
Backend CI	Run tests	2026-03-17T02:41:37.4422043Z INFO     app.scheduler.services.notification_creation:notification_creation.py:64 Created overdue notification for invoice INV-8688 (285 days overdue)
Backend CI	Run tests	2026-03-17T02:41:37.4429218Z INFO     app.scheduler.services.notification_creation:notification_creation.py:64 Created overdue notification for invoice INV-1000 (1 days overdue)
Backend CI	Run tests	2026-03-17T02:41:37.4429755Z INFO     app.scheduler.services.notification_creation:notification_creation.py:64 Created overdue notification for invoice INV-5388 (31 days overdue)
Backend CI	Run tests	2026-03-17T02:41:37.4430222Z INFO     app.scheduler.services.notification_creation:notification_creation.py:64 Created overdue notification for invoice INV-3577 (179 days overdue)
Backend CI	Run tests	2026-03-17T02:41:37.4430683Z INFO     app.scheduler.services.notification_creation:notification_creation.py:64 Created overdue notification for invoice INV-4082 (205 days overdue)
Backend CI	Run tests	2026-03-17T02:41:37.4431125Z INFO     app.scheduler.services.notification_creation:notification_creation.py:64 Created overdue notification for invoice INV-4489 (2 days overdue)
Backend CI	Run tests	2026-03-17T02:41:37.4431758Z INFO     app.scheduler.services.notification_creation:notification_creation.py:64 Created overdue notification for invoice INV-8435 (105 days overdue)
Backend CI	Run tests	2026-03-17T02:41:37.4432591Z INFO     app.scheduler.services.notification_creation:notification_creation.py:64 Created overdue notification for invoice INV-4068 (297 days overdue)
Backend CI	Run tests	2026-03-17T02:41:37.4433804Z INFO     app.scheduler.services.notification_creation:notification_creation.py:64 Created overdue notification for invoice INV-1000 (1 days overdue)
Backend CI	Run tests	2026-03-17T02:41:37.4434571Z INFO     app.scheduler.services.notification_creation:notification_creation.py:64 Created overdue notification for invoice INV-5019 (140 days overdue)
Backend CI	Run tests	2026-03-17T02:41:37.4435025Z INFO     app.scheduler.services.notification_creation:notification_creation.py:64 Created overdue notification for invoice INV-3042 (263 days overdue)
Backend CI	Run tests	2026-03-17T02:41:37.4435491Z INFO     app.scheduler.services.notification_creation:notification_creation.py:64 Created overdue notification for invoice INV-8591 (288 days overdue)
Backend CI	Run tests	2026-03-17T02:41:37.4435927Z INFO     app.scheduler.services.notification_creation:notification_creation.py:64 Created overdue notification for invoice INV-6851 (36 days overdue)
Backend CI	Run tests	2026-03-17T02:41:37.4436349Z INFO     app.scheduler.services.notification_creation:notification_creation.py:64 Created overdue notification for invoice INV-8776 (15 days overdue)
Backend CI	Run tests	2026-03-17T02:41:37.4436783Z INFO     app.scheduler.services.notification_creation:notification_creation.py:64 Created overdue notification for invoice INV-2258 (1 days overdue)
Backend CI	Run tests	2026-03-17T02:41:37.4437213Z INFO     app.scheduler.services.notification_creation:notification_creation.py:64 Created overdue notification for invoice INV-7950 (98 days overdue)
Backend CI	Run tests	2026-03-17T02:41:37.4437840Z INFO     app.scheduler.services.notification_creation:notification_creation.py:64 Created overdue notification for invoice INV-8882 (213 days overdue)
Backend CI	Run tests	2026-03-17T02:41:37.4438265Z INFO     app.scheduler.services.notification_creation:notification_creation.py:64 Created overdue notification for invoice INV-4711 (121 days overdue)
Backend CI	Run tests	2026-03-17T02:41:37.4438687Z INFO     app.scheduler.services.notification_creation:notification_creation.py:64 Created overdue notification for invoice INV-8776 (15 days overdue)
Backend CI	Run tests	2026-03-17T02:41:37.4439113Z INFO     app.scheduler.services.notification_creation:notification_creation.py:64 Created overdue notification for invoice INV-2258 (1 days overdue)
Backend CI	Run tests	2026-03-17T02:41:37.4439539Z INFO     app.scheduler.services.notification_creation:notification_creation.py:64 Created overdue notification for invoice INV-7950 (98 days overdue)
Backend CI	Run tests	2026-03-17T02:41:37.4439981Z INFO     app.scheduler.services.notification_creation:notification_creation.py:64 Created overdue notification for invoice INV-8882 (213 days overdue)
Backend CI	Run tests	2026-03-17T02:41:37.4440407Z INFO     app.scheduler.services.notification_creation:notification_creation.py:64 Created overdue notification for invoice INV-4711 (121 days overdue)
Backend CI	Run tests	2026-03-17T02:41:37.4440833Z INFO     app.scheduler.services.notification_creation:notification_creation.py:64 Created overdue notification for invoice INV-1073 (111 days overdue)
Backend CI	Run tests	2026-03-17T02:41:37.4441264Z INFO     app.scheduler.services.notification_creation:notification_creation.py:64 Created overdue notification for invoice INV-9479 (315 days overdue)
Backend CI	Run tests	2026-03-17T02:41:37.4441698Z INFO     app.scheduler.services.notification_creation:notification_creation.py:64 Created overdue notification for invoice INV-5036 (223 days overdue)
Backend CI	Run tests	2026-03-17T02:41:37.4442128Z INFO     app.scheduler.services.notification_creation:notification_creation.py:64 Created overdue notification for invoice INV-7042 (170 days overdue)
Backend CI	Run tests	2026-03-17T02:41:37.4442557Z INFO     app.scheduler.services.notification_creation:notification_creation.py:64 Created overdue notification for invoice INV-8731 (281 days overdue)
Backend CI	Run tests	2026-03-17T02:41:37.4443148Z INFO     app.scheduler.services.notification_creation:notification_creation.py:64 Created overdue notification for invoice INV-1000 (1 days overdue)
Backend CI	Run tests	2026-03-17T02:41:37.4443578Z INFO     app.scheduler.services.notification_creation:notification_creation.py:64 Created overdue notification for invoice INV-4218 (365 days overdue)
Backend CI	Run tests	2026-03-17T02:41:37.4444004Z INFO     app.scheduler.services.notification_creation:notification_creation.py:64 Created overdue notification for invoice INV-1073 (111 days overdue)
Backend CI	Run tests	2026-03-17T02:41:37.4444553Z INFO     app.scheduler.services.notification_creation:notification_creation.py:64 Created overdue notification for invoice INV-9479 (315 days overdue)
Backend CI	Run tests	2026-03-17T02:41:37.4444980Z INFO     app.scheduler.services.notification_creation:notification_creation.py:64 Created overdue notification for invoice INV-5036 (223 days overdue)
Backend CI	Run tests	2026-03-17T02:41:37.4445420Z INFO     app.scheduler.services.notification_creation:notification_creation.py:64 Created overdue notification for invoice INV-7042 (170 days overdue)
Backend CI	Run tests	2026-03-17T02:41:37.4445845Z INFO     app.scheduler.services.notification_creation:notification_creation.py:64 Created overdue notification for invoice INV-8731 (281 days overdue)
Backend CI	Run tests	2026-03-17T02:41:37.4446270Z INFO     app.scheduler.services.notification_creation:notification_creation.py:64 Created overdue notification for invoice INV-1000 (1 days overdue)
Backend CI	Run tests	2026-03-17T02:41:37.4446696Z INFO     app.scheduler.services.notification_creation:notification_creation.py:64 Created overdue notification for invoice INV-4218 (365 days overdue)
Backend CI	Run tests	2026-03-17T02:41:37.4447129Z INFO     app.scheduler.services.notification_creation:notification_creation.py:64 Created overdue notification for invoice INV-5786 (203 days overdue)
Backend CI	Run tests	2026-03-17T02:41:37.4447567Z INFO     app.scheduler.services.notification_creation:notification_creation.py:64 Created overdue notification for invoice INV-8735 (234 days overdue)
Backend CI	Run tests	2026-03-17T02:41:37.4448093Z INFO     app.scheduler.services.notification_creation:notification_creation.py:64 Created overdue notification for invoice INV-7336 (14 days overdue)
Backend CI	Run tests	2026-03-17T02:41:37.4448526Z INFO     app.scheduler.services.notification_creation:notification_creation.py:64 Created overdue notification for invoice INV-4149 (354 days overdue)
Backend CI	Run tests	2026-03-17T02:41:37.4448953Z INFO     app.scheduler.services.notification_creation:notification_creation.py:64 Created overdue notification for invoice INV-7149 (215 days overdue)
Backend CI	Run tests	2026-03-17T02:41:37.4449373Z INFO     app.scheduler.services.notification_creation:notification_creation.py:64 Created overdue notification for invoice INV-1000 (1 days overdue)
Backend CI	Run tests	2026-03-17T02:41:37.4449809Z INFO     app.scheduler.services.notification_creation:notification_creation.py:64 Created overdue notification for invoice INV-3321 (341 days overdue)
Backend CI	Run tests	2026-03-17T02:41:37.4450235Z INFO     app.scheduler.services.notification_creation:notification_creation.py:64 Created overdue notification for invoice INV-2298 (252 days overdue)
Backend CI	Run tests	2026-03-17T02:41:37.4450658Z INFO     app.scheduler.services.notification_creation:notification_creation.py:64 Created overdue notification for invoice INV-9018 (17 days overdue)
Backend CI	Run tests	2026-03-17T02:41:37.4451084Z INFO     app.scheduler.services.notification_creation:notification_creation.py:64 Created overdue notification for invoice INV-1277 (355 days overdue)
Backend CI	Run tests	2026-03-17T02:41:37.4451512Z INFO     app.scheduler.services.notification_creation:notification_creation.py:64 Created overdue notification for invoice INV-1001 (321 days overdue)
Backend CI	Run tests	2026-03-17T02:41:37.4451940Z INFO     app.scheduler.services.notification_creation:notification_creation.py:64 Created overdue notification for invoice INV-3921 (349 days overdue)
Backend CI	Run tests	2026-03-17T02:41:37.4452361Z INFO     app.scheduler.services.notification_creation:notification_creation.py:64 Created overdue notification for invoice INV-3699 (6 days overdue)
Backend CI	Run tests	2026-03-17T02:41:37.4452933Z INFO     app.scheduler.services.notification_creation:notification_creation.py:64 Created overdue notification for invoice INV-9352 (364 days overdue)
Backend CI	Run tests	2026-03-17T02:41:37.4453363Z INFO     app.scheduler.services.notification_creation:notification_creation.py:64 Created overdue notification for invoice INV-9545 (364 days overdue)
Backend CI	Run tests	2026-03-17T02:41:37.4453793Z INFO     app.scheduler.services.notification_creation:notification_creation.py:64 Created overdue notification for invoice INV-9326 (153 days overdue)
Backend CI	Run tests	2026-03-17T02:41:37.4454219Z INFO     app.scheduler.services.notification_creation:notification_creation.py:64 Created overdue notification for invoice INV-8100 (313 days overdue)
Backend CI	Run tests	2026-03-17T02:41:37.4454758Z INFO     app.scheduler.services.notification_creation:notification_creation.py:64 Created overdue notification for invoice INV-2316 (64 days overdue)
Backend CI	Run tests	2026-03-17T02:41:37.4455188Z INFO     app.scheduler.services.notification_creation:notification_creation.py:64 Created overdue notification for invoice INV-8854 (254 days overdue)
Backend CI	Run tests	2026-03-17T02:41:37.4455618Z INFO     app.scheduler.services.notification_creation:notification_creation.py:64 Created overdue notification for invoice INV-7262 (347 days overdue)
Backend CI	Run tests	2026-03-17T02:41:37.4456045Z INFO     app.scheduler.services.notification_creation:notification_creation.py:64 Created overdue notification for invoice INV-1000 (1 days overdue)
Backend CI	Run tests	2026-03-17T02:41:37.4456467Z INFO     app.scheduler.services.notification_creation:notification_creation.py:64 Created overdue notification for invoice INV-9792 (59 days overdue)
Backend CI	Run tests	2026-03-17T02:41:37.4456893Z INFO     app.scheduler.services.notification_creation:notification_creation.py:64 Created overdue notification for invoice INV-1639 (37 days overdue)
Backend CI	Run tests	2026-03-17T02:41:37.4457325Z INFO     app.scheduler.services.notification_creation:notification_creation.py:64 Created overdue notification for invoice INV-5546 (1 days overdue)
Backend CI	Run tests	2026-03-17T02:41:37.4457854Z INFO     app.scheduler.services.notification_creation:notification_creation.py:64 Created overdue notification for invoice INV-7140 (342 days overdue)
Backend CI	Run tests	2026-03-17T02:41:37.4458288Z INFO     app.scheduler.services.notification_creation:notification_creation.py:64 Created overdue notification for invoice INV-9237 (352 days overdue)
Backend CI	Run tests	2026-03-17T02:41:37.4458713Z INFO     app.scheduler.services.notification_creation:notification_creation.py:64 Created overdue notification for invoice INV-2227 (119 days overdue)
Backend CI	Run tests	2026-03-17T02:41:37.4459136Z INFO     app.scheduler.services.notification_creation:notification_creation.py:64 Created overdue notification for invoice INV-1000 (1 days overdue)
Backend CI	Run tests	2026-03-17T02:41:37.4459566Z INFO     app.scheduler.services.notification_creation:notification_creation.py:64 Created overdue notification for invoice INV-2968 (90 days overdue)
Backend CI	Run tests	2026-03-17T02:41:37.4459998Z INFO     app.scheduler.services.notification_creation:notification_creation.py:64 Created overdue notification for invoice INV-1069 (16 days overdue)
Backend CI	Run tests	2026-03-17T02:41:37.4460430Z INFO     app.scheduler.services.notification_creation:notification_creation.py:64 Created overdue notification for invoice INV-7552 (286 days overdue)
Backend CI	Run tests	2026-03-17T02:41:37.4460850Z INFO     app.scheduler.services.notification_creation:notification_creation.py:64 Created overdue notification for invoice INV-6686 (85 days overdue)
Backend CI	Run tests	2026-03-17T02:41:37.4461284Z INFO     app.scheduler.services.notification_creation:notification_creation.py:64 Created overdue notification for invoice INV-9514 (107 days overdue)
Backend CI	Run tests	2026-03-17T02:41:37.4461718Z INFO     app.scheduler.services.notification_creation:notification_creation.py:64 Created overdue notification for invoice INV-1000 (1 days overdue)
Backend CI	Run tests	2026-03-17T02:41:37.4462157Z INFO     app.scheduler.services.notification_creation:notification_creation.py:64 Created overdue notification for invoice INV-2245 (188 days overdue)
Backend CI	Run tests	2026-03-17T02:41:37.4462583Z INFO     app.scheduler.services.notification_creation:notification_creation.py:64 Created overdue notification for invoice INV-6164 (156 days overdue)
Backend CI	Run tests	2026-03-17T02:41:37.4463129Z INFO     app.scheduler.services.notification_creation:notification_creation.py:64 Created overdue notification for invoice INV-4928 (356 days overdue)
Backend CI	Run tests	2026-03-17T02:41:37.4463562Z INFO     app.scheduler.services.notification_creation:notification_creation.py:64 Created overdue notification for invoice INV-7938 (2 days overdue)
Backend CI	Run tests	2026-03-17T02:41:37.4463988Z INFO     app.scheduler.services.notification_creation:notification_creation.py:64 Created overdue notification for invoice INV-5586 (194 days overdue)
Backend CI	Run tests	2026-03-17T02:41:37.4464421Z INFO     app.scheduler.services.notification_creation:notification_creation.py:64 Created overdue notification for invoice INV-3810 (107 days overdue)
Backend CI	Run tests	2026-03-17T02:41:37.4464981Z INFO     app.scheduler.services.notification_creation:notification_creation.py:64 Created overdue notification for invoice INV-1000 (180 days overdue)
Backend CI	Run tests	2026-03-17T02:41:37.4465418Z INFO     app.scheduler.services.notification_creation:notification_creation.py:64 Created overdue notification for invoice INV-1000 (1 days overdue)
Backend CI	Run tests	2026-03-17T02:41:37.4465853Z INFO     app.scheduler.services.notification_creation:notification_creation.py:64 Created overdue notification for invoice INV-1001 (363 days overdue)
Backend CI	Run tests	2026-03-17T02:41:37.4466283Z INFO     app.scheduler.services.notification_creation:notification_creation.py:64 Created overdue notification for invoice INV-4913 (294 days overdue)
Backend CI	Run tests	2026-03-17T02:41:37.4466712Z INFO     app.scheduler.services.notification_creation:notification_creation.py:64 Created overdue notification for invoice INV-5675 (80 days overdue)
Backend CI	Run tests	2026-03-17T02:41:37.4467164Z INFO     app.scheduler.services.notification_creation:notification_creation.py:64 Created overdue notification for invoice INV-9999 (127 days overdue)
Backend CI	Run tests	2026-03-17T02:41:37.4467603Z INFO     app.scheduler.services.notification_creation:notification_creation.py:64 Created overdue notification for invoice INV-1001 (267 days overdue)
Backend CI	Run tests	2026-03-17T02:41:37.4468133Z INFO     app.scheduler.services.notification_creation:notification_creation.py:64 Created overdue notification for invoice INV-5845 (1 days overdue)
Backend CI	Run tests	2026-03-17T02:41:37.4468553Z INFO     app.scheduler.services.notification_creation:notification_creation.py:64 Created overdue notification for invoice INV-1000 (1 days overdue)
Backend CI	Run tests	2026-03-17T02:41:37.4468987Z INFO     app.scheduler.services.notification_creation:notification_creation.py:64 Created overdue notification for invoice INV-5999 (153 days overdue)
Backend CI	Run tests	2026-03-17T02:41:37.4469419Z INFO     app.scheduler.services.notification_creation:notification_creation.py:64 Created overdue notification for invoice INV-4252 (297 days overdue)
Backend CI	Run tests	2026-03-17T02:41:37.4469856Z INFO     app.scheduler.services.notification_creation:notification_creation.py:64 Created overdue notification for invoice INV-3524 (148 days overdue)
Backend CI	Run tests	2026-03-17T02:41:37.4470281Z INFO     app.scheduler.services.notification_creation:notification_creation.py:64 Created overdue notification for invoice INV-1687 (351 days overdue)
Backend CI	Run tests	2026-03-17T02:41:37.4470717Z INFO     app.scheduler.services.notification_creation:notification_creation.py:64 Created overdue notification for invoice INV-8776 (15 days overdue)
Backend CI	Run tests	2026-03-17T02:41:37.4471136Z INFO     app.scheduler.services.notification_creation:notification_creation.py:64 Created overdue notification for invoice INV-2258 (1 days overdue)
Backend CI	Run tests	2026-03-17T02:41:37.4471555Z INFO     app.scheduler.services.notification_creation:notification_creation.py:64 Created overdue notification for invoice INV-7950 (98 days overdue)
Backend CI	Run tests	2026-03-17T02:41:37.4471984Z INFO     app.scheduler.services.notification_creation:notification_creation.py:64 Created overdue notification for invoice INV-8882 (213 days overdue)
Backend CI	Run tests	2026-03-17T02:41:37.4472414Z INFO     app.scheduler.services.notification_creation:notification_creation.py:64 Created overdue notification for invoice INV-4711 (121 days overdue)
Backend CI	Run tests	2026-03-17T02:41:37.4472951Z INFO     app.scheduler.services.notification_creation:notification_creation.py:64 Created overdue notification for invoice INV-2110 (206 days overdue)
Backend CI	Run tests	2026-03-17T02:41:37.4473383Z INFO     app.scheduler.services.notification_creation:notification_creation.py:64 Created overdue notification for invoice INV-9391 (341 days overdue)
Backend CI	Run tests	2026-03-17T02:41:37.4473815Z INFO     app.scheduler.services.notification_creation:notification_creation.py:64 Created overdue notification for invoice INV-9870 (339 days overdue)
Backend CI	Run tests	2026-03-17T02:41:37.4474238Z INFO     app.scheduler.services.notification_creation:notification_creation.py:64 Created overdue notification for invoice INV-2478 (352 days overdue)
Backend CI	Run tests	2026-03-17T02:41:37.4474661Z INFO     app.scheduler.services.notification_creation:notification_creation.py:64 Created overdue notification for invoice INV-5802 (1 days overdue)
Backend CI	Run tests	2026-03-17T02:41:37.4475196Z INFO     app.scheduler.services.notification_creation:notification_creation.py:64 Created overdue notification for invoice INV-1000 (1 days overdue)
Backend CI	Run tests	2026-03-17T02:41:37.4475628Z INFO     app.scheduler.services.notification_creation:notification_creation.py:64 Created overdue notification for invoice INV-9665 (112 days overdue)
Backend CI	Run tests	2026-03-17T02:41:37.4476059Z INFO     app.scheduler.services.notification_creation:notification_creation.py:64 Created overdue notification for invoice INV-2230 (159 days overdue)
Backend CI	Run tests	2026-03-17T02:41:37.4476481Z INFO     app.scheduler.services.notification_creation:notification_creation.py:64 Created overdue notification for invoice INV-7695 (65 days overdue)
Backend CI	Run tests	2026-03-17T02:41:37.4476908Z INFO     app.scheduler.services.notification_creation:notification_creation.py:64 Created overdue notification for invoice INV-2266 (138 days overdue)
Backend CI	Run tests	2026-03-17T02:41:37.4477341Z INFO     app.scheduler.services.notification_creation:notification_creation.py:64 Created overdue notification for invoice INV-1001 (321 days overdue)
Backend CI	Run tests	2026-03-17T02:41:37.4477767Z INFO     app.scheduler.services.notification_creation:notification_creation.py:64 Created overdue notification for invoice INV-3921 (349 days overdue)
Backend CI	Run tests	2026-03-17T02:41:37.4478295Z INFO     app.scheduler.services.notification_creation:notification_creation.py:64 Created overdue notification for invoice INV-3699 (6 days overdue)
Backend CI	Run tests	2026-03-17T02:41:37.4478721Z INFO     app.scheduler.services.notification_creation:notification_creation.py:64 Created overdue notification for invoice INV-9352 (364 days overdue)
Backend CI	Run tests	2026-03-17T02:41:37.4479154Z INFO     app.scheduler.services.notification_creation:notification_creation.py:64 Created overdue notification for invoice INV-9545 (364 days overdue)
Backend CI	Run tests	2026-03-17T02:41:37.4479580Z INFO     app.scheduler.services.notification_creation:notification_creation.py:64 Created overdue notification for invoice INV-4029 (218 days overdue)
Backend CI	Run tests	2026-03-17T02:41:37.4480011Z INFO     app.scheduler.services.notification_creation:notification_creation.py:64 Created overdue notification for invoice INV-8971 (320 days overdue)
Backend CI	Run tests	2026-03-17T02:41:37.4480438Z INFO     app.scheduler.services.notification_creation:notification_creation.py:64 Created overdue notification for invoice INV-7535 (67 days overdue)
Backend CI	Run tests	2026-03-17T02:41:37.4480868Z INFO     app.scheduler.services.notification_creation:notification_creation.py:64 Created overdue notification for invoice INV-1722 (296 days overdue)
Backend CI	Run tests	2026-03-17T02:41:37.4481298Z INFO     app.scheduler.services.notification_creation:notification_creation.py:64 Created overdue notification for invoice INV-8091 (30 days overdue)
Backend CI	Run tests	2026-03-17T02:41:37.4481718Z INFO     app.scheduler.services.notification_creation:notification_creation.py:64 Created overdue notification for invoice INV-1000 (1 days overdue)
Backend CI	Run tests	2026-03-17T02:41:37.4482143Z INFO     app.scheduler.services.notification_creation:notification_creation.py:64 Created overdue notification for invoice INV-7876 (155 days overdue)
Backend CI	Run tests	2026-03-17T02:41:37.4482571Z INFO     app.scheduler.services.notification_creation:notification_creation.py:64 Created overdue notification for invoice INV-5204 (80 days overdue)
Backend CI	Run tests	2026-03-17T02:41:37.4483102Z INFO     app.scheduler.services.notification_creation:notification_creation.py:64 Created overdue notification for invoice INV-3577 (179 days overdue)
Backend CI	Run tests	2026-03-17T02:41:37.4483534Z INFO     app.scheduler.services.notification_creation:notification_creation.py:64 Created overdue notification for invoice INV-4082 (205 days overdue)
Backend CI	Run tests	2026-03-17T02:41:37.4483952Z INFO     app.scheduler.services.notification_creation:notification_creation.py:64 Created overdue notification for invoice INV-4489 (2 days overdue)
Backend CI	Run tests	2026-03-17T02:41:37.4484384Z INFO     app.scheduler.services.notification_creation:notification_creation.py:64 Created overdue notification for invoice INV-8435 (105 days overdue)
Backend CI	Run tests	2026-03-17T02:41:37.4484918Z INFO     app.scheduler.services.notification_creation:notification_creation.py:64 Created overdue notification for invoice INV-4068 (297 days overdue)
Backend CI	Run tests	2026-03-17T02:41:37.4485336Z INFO     app.scheduler.services.notification_creation:notification_creation.py:64 Created overdue notification for invoice INV-1000 (1 days overdue)
Backend CI	Run tests	2026-03-17T02:41:37.4485772Z INFO     app.scheduler.services.notification_creation:notification_creation.py:64 Created overdue notification for invoice INV-5019 (140 days overdue)
Backend CI	Run tests	2026-03-17T02:41:37.4486196Z INFO     app.scheduler.services.notification_creation:notification_creation.py:64 Created overdue notification for invoice INV-3042 (263 days overdue)
Backend CI	Run tests	2026-03-17T02:41:37.4486624Z INFO     app.scheduler.services.notification_creation:notification_creation.py:64 Created overdue notification for invoice INV-8591 (288 days overdue)
Backend CI	Run tests	2026-03-17T02:41:37.4487044Z INFO     app.scheduler.services.notification_creation:notification_creation.py:64 Created overdue notification for invoice INV-6851 (36 days overdue)
Backend CI	Run tests	2026-03-17T02:41:37.4487478Z INFO     app.scheduler.services.notification_creation:notification_creation.py:64 Created overdue notification for invoice INV-4040 (153 days overdue)
Backend CI	Run tests	2026-03-17T02:41:37.4487900Z INFO     app.scheduler.services.notification_creation:notification_creation.py:64 Created overdue notification for invoice INV-7889 (30 days overdue)
Backend CI	Run tests	2026-03-17T02:41:37.4488423Z INFO     app.scheduler.services.notification_creation:notification_creation.py:64 Created overdue notification for invoice INV-7626 (54 days overdue)
Backend CI	Run tests	2026-03-17T02:41:37.4488851Z INFO     app.scheduler.services.notification_creation:notification_creation.py:64 Created overdue notification for invoice INV-1576 (45 days overdue)
Backend CI	Run tests	2026-03-17T02:41:37.4489278Z INFO     app.scheduler.services.notification_creation:notification_creation.py:64 Created overdue notification for invoice INV-1199 (136 days overdue)
Backend CI	Run tests	2026-03-17T02:41:37.4489703Z INFO     app.scheduler.services.notification_creation:notification_creation.py:64 Created overdue notification for invoice INV-1000 (1 days overdue)
Backend CI	Run tests	2026-03-17T02:41:37.4490135Z INFO     app.scheduler.services.notification_creation:notification_creation.py:64 Created overdue notification for invoice INV-3738 (240 days overdue)
Backend CI	Run tests	2026-03-17T02:41:37.4490561Z INFO     app.scheduler.services.notification_creation:notification_creation.py:64 Created overdue notification for invoice INV-5895 (331 days overdue)
Backend CI	Run tests	2026-03-17T02:41:37.4490998Z INFO     app.scheduler.services.notification_creation:notification_creation.py:64 Created overdue notification for invoice INV-9513 (243 days overdue)
Backend CI	Run tests	2026-03-17T02:41:37.4491418Z INFO     app.scheduler.services.notification_creation:notification_creation.py:64 Created overdue notification for invoice INV-8187 (88 days overdue)
Backend CI	Run tests	2026-03-17T02:41:37.4491852Z INFO     app.scheduler.services.notification_creation:notification_creation.py:64 Created overdue notification for invoice INV-4329 (31 days overdue)
Backend CI	Run tests	2026-03-17T02:41:37.4492279Z INFO     app.scheduler.services.notification_creation:notification_creation.py:64 Created overdue notification for invoice INV-3340 (286 days overdue)
Backend CI	Run tests	2026-03-17T02:41:37.4492833Z INFO     app.scheduler.services.notification_creation:notification_creation.py:64 Created overdue notification for invoice INV-7187 (309 days overdue)
Backend CI	Run tests	2026-03-17T02:41:37.4493269Z INFO     app.scheduler.services.notification_creation:notification_creation.py:64 Created overdue notification for invoice INV-1001 (223 days overdue)
Backend CI	Run tests	2026-03-17T02:41:37.4493692Z INFO     app.scheduler.services.notification_creation:notification_creation.py:64 Created overdue notification for invoice INV-4018 (56 days overdue)
Backend CI	Run tests	2026-03-17T02:41:37.4494120Z INFO     app.scheduler.services.notification_creation:notification_creation.py:64 Created overdue notification for invoice INV-1000 (1 days overdue)
Backend CI	Run tests	2026-03-17T02:41:37.4494540Z INFO     app.scheduler.services.notification_creation:notification_creation.py:64 Created overdue notification for invoice INV-8941 (16 days overdue)
Backend CI	Run tests	2026-03-17T02:41:37.4495085Z INFO     app.scheduler.services.notification_creation:notification_creation.py:64 Created overdue notification for invoice INV-4641 (164 days overdue)
Backend CI	Run tests	2026-03-17T02:41:37.4495515Z INFO     app.scheduler.services.notification_creation:notification_creation.py:64 Created overdue notification for invoice INV-1067 (315 days overdue)
Backend CI	Run tests	2026-03-17T02:41:37.4495945Z INFO     app.scheduler.services.notification_creation:notification_creation.py:64 Created overdue notification for invoice INV-3660 (295 days overdue)
Backend CI	Run tests	2026-03-17T02:41:37.4496375Z INFO     app.scheduler.services.notification_creation:notification_creation.py:64 Created overdue notification for invoice INV-9149 (228 days overdue)
Backend CI	Run tests	2026-03-17T02:41:37.4496800Z INFO     app.scheduler.services.notification_creation:notification_creation.py:64 Created overdue notification for invoice INV-9999 (302 days overdue)
Backend CI	Run tests	2026-03-17T02:41:37.4497226Z INFO     app.scheduler.services.notification_creation:notification_creation.py:64 Created overdue notification for invoice INV-1000 (1 days overdue)
Backend CI	Run tests	2026-03-17T02:41:37.4497664Z INFO     app.scheduler.services.notification_creation:notification_creation.py:64 Created overdue notification for invoice INV-3363 (141 days overdue)
Backend CI	Run tests	2026-03-17T02:41:37.4498099Z INFO     app.scheduler.services.notification_creation:notification_creation.py:64 Created overdue notification for invoice INV-7412 (181 days overdue)
Backend CI	Run tests	2026-03-17T02:41:37.4498630Z INFO     app.scheduler.services.notification_creation:notification_creation.py:64 Created overdue notification for invoice INV-7361 (284 days overdue)
Backend CI	Run tests	2026-03-17T02:41:37.4499052Z INFO     app.scheduler.services.notification_creation:notification_creation.py:64 Created overdue notification for invoice INV-3593 (58 days overdue)
Backend CI	Run tests	2026-03-17T02:41:37.4499481Z INFO     app.scheduler.services.notification_creation:notification_creation.py:64 Created overdue notification for invoice INV-6745 (51 days overdue)
Backend CI	Run tests	2026-03-17T02:41:37.4499903Z INFO     app.scheduler.services.notification_creation:notification_creation.py:64 Created overdue notification for invoice INV-1000 (15 days overdue)
Backend CI	Run tests	2026-03-17T02:41:37.4500342Z INFO     app.scheduler.services.notification_creation:notification_creation.py:64 Created overdue notification for invoice INV-3842 (143 days overdue)
Backend CI	Run tests	2026-03-17T02:41:37.4500778Z INFO     app.scheduler.services.notification_creation:notification_creation.py:64 Created overdue notification for invoice INV-6592 (333 days overdue)
Backend CI	Run tests	2026-03-17T02:41:37.4501197Z INFO     app.scheduler.services.notification_creation:notification_creation.py:64 Created overdue notification for invoice INV-9326 (31 days overdue)
Backend CI	Run tests	2026-03-17T02:41:37.4501629Z INFO     app.scheduler.services.notification_creation:notification_creation.py:64 Created overdue notification for invoice INV-1000 (1 days overdue)
Backend CI	Run tests	2026-03-17T02:41:37.4502050Z INFO     app.scheduler.services.notification_creation:notification_creation.py:64 Created overdue notification for invoice INV-4072 (46 days overdue)
Backend CI	Run tests	2026-03-17T02:41:37.4502484Z INFO     app.scheduler.services.notification_creation:notification_creation.py:64 Created overdue notification for invoice INV-7649 (232 days overdue)
Backend CI	Run tests	2026-03-17T02:41:37.4503020Z INFO     app.scheduler.services.notification_creation:notification_creation.py:64 Created overdue notification for invoice INV-6112 (135 days overdue)
Backend CI	Run tests	2026-03-17T02:41:37.4503458Z INFO     app.scheduler.services.notification_creation:notification_creation.py:64 Created overdue notification for invoice INV-2497 (125 days overdue)
Backend CI	Run tests	2026-03-17T02:41:37.4503896Z INFO     app.scheduler.services.notification_creation:notification_creation.py:64 Created overdue notification for invoice INV-2774 (287 days overdue)
Backend CI	Run tests	2026-03-17T02:41:37.4504332Z INFO     app.scheduler.services.notification_creation:notification_creation.py:64 Created overdue notification for invoice INV-1347 (140 days overdue)
Backend CI	Run tests	2026-03-17T02:41:37.4504768Z INFO     app.scheduler.services.notification_creation:notification_creation.py:64 Created overdue notification for invoice INV-3534 (294 days overdue)
Backend CI	Run tests	2026-03-17T02:41:37.4505320Z INFO     app.scheduler.services.notification_creation:notification_creation.py:64 Created overdue notification for invoice INV-9999 (362 days overdue)
Backend CI	Run tests	2026-03-17T02:41:37.4505754Z INFO     app.scheduler.services.notification_creation:notification_creation.py:64 Created overdue notification for invoice INV-1000 (1 days overdue)
Backend CI	Run tests	2026-03-17T02:41:37.4506180Z INFO     app.scheduler.services.notification_creation:notification_creation.py:64 Created overdue notification for invoice INV-6295 (99 days overdue)
Backend CI	Run tests	2026-03-17T02:41:37.4506611Z INFO     app.scheduler.services.notification_creation:notification_creation.py:64 Created overdue notification for invoice INV-8933 (323 days overdue)
Backend CI	Run tests	2026-03-17T02:41:37.4507036Z INFO     app.scheduler.services.notification_creation:notification_creation.py:64 Created overdue notification for invoice INV-9661 (296 days overdue)
Backend CI	Run tests	2026-03-17T02:41:37.4507465Z INFO     app.scheduler.services.notification_creation:notification_creation.py:64 Created overdue notification for invoice INV-8017 (72 days overdue)
Backend CI	Run tests	2026-03-17T02:41:37.4507900Z INFO     app.scheduler.services.notification_creation:notification_creation.py:64 Created overdue notification for invoice INV-4928 (356 days overdue)
Backend CI	Run tests	2026-03-17T02:41:37.4508321Z INFO     app.scheduler.services.notification_creation:notification_creation.py:64 Created overdue notification for invoice INV-7938 (2 days overdue)
Backend CI	Run tests	2026-03-17T02:41:37.4508853Z INFO     app.scheduler.services.notification_creation:notification_creation.py:64 Created overdue notification for invoice INV-5586 (194 days overdue)
Backend CI	Run tests	2026-03-17T02:41:37.4509278Z INFO     app.scheduler.services.notification_creation:notification_creation.py:64 Created overdue notification for invoice INV-3810 (107 days overdue)
Backend CI	Run tests	2026-03-17T02:41:37.4509704Z INFO     app.scheduler.services.notification_creation:notification_creation.py:64 Created overdue notification for invoice INV-1000 (180 days overdue)
Backend CI	Run tests	2026-03-17T02:41:37.4510131Z INFO     app.scheduler.services.notification_creation:notification_creation.py:64 Created overdue notification for invoice INV-1000 (1 days overdue)
Backend CI	Run tests	2026-03-17T02:41:37.4510557Z INFO     app.scheduler.services.notification_creation:notification_creation.py:64 Created overdue notification for invoice INV-1001 (363 days overdue)
Backend CI	Run tests	2026-03-17T02:41:37.4510993Z INFO     app.scheduler.services.notification_creation:notification_creation.py:64 Created overdue notification for invoice INV-3055 (177 days overdue)
Backend CI	Run tests	2026-03-17T02:41:37.4511417Z INFO     app.scheduler.services.notification_creation:notification_creation.py:64 Created overdue notification for invoice INV-4823 (55 days overdue)
Backend CI	Run tests	2026-03-17T02:41:37.4511848Z INFO     app.scheduler.services.notification_creation:notification_creation.py:64 Created overdue notification for invoice INV-2166 (105 days overdue)
Backend CI	Run tests	2026-03-17T02:41:37.4512270Z INFO     app.scheduler.services.notification_creation:notification_creation.py:64 Created overdue notification for invoice INV-9555 (65 days overdue)
Backend CI	Run tests	2026-03-17T02:41:37.4512795Z INFO     app.scheduler.services.notification_creation:notification_creation.py:64 Created overdue notification for invoice INV-8646 (96 days overdue)
Backend CI	Run tests	2026-03-17T02:41:37.4513225Z INFO     app.scheduler.services.notification_creation:notification_creation.py:64 Created overdue notification for invoice INV-1000 (1 days overdue)
Backend CI	Run tests	2026-03-17T02:41:37.4513655Z INFO     app.scheduler.services.notification_creation:notification_creation.py:64 Created overdue notification for invoice INV-9573 (192 days overdue)
Backend CI	Run tests	2026-03-17T02:41:37.4514089Z INFO     app.scheduler.services.notification_creation:notification_creation.py:64 Created overdue notification for invoice INV-9943 (327 days overdue)
Backend CI	Run tests	2026-03-17T02:41:37.4514512Z INFO     app.scheduler.services.notification_creation:notification_creation.py:64 Created overdue notification for invoice INV-1000 (1 days overdue)
Backend CI	Run tests	2026-03-17T02:41:37.4514941Z INFO     app.scheduler.services.notification_creation:notification_creation.py:64 Created overdue notification for invoice INV-1000 (1 days overdue)
Backend CI	Run tests	2026-03-17T02:41:37.4515477Z INFO     app.scheduler.services.notification_creation:notification_creation.py:64 Created overdue notification for invoice INV-1000 (1 days overdue)
Backend CI	Run tests	2026-03-17T02:41:37.4515897Z INFO     app.scheduler.services.notification_creation:notification_creation.py:64 Created overdue notification for invoice INV-1000 (1 days overdue)
Backend CI	Run tests	2026-03-17T02:41:37.4516326Z INFO     app.scheduler.services.notification_creation:notification_creation.py:64 Created overdue notification for invoice INV-1000 (1 days overdue)
Backend CI	Run tests	2026-03-17T02:41:37.4516500Z _____________________ test_execution_logging_completeness ______________________
Backend CI	Run tests	2026-03-17T02:41:37.4516774Z app/tests/property/test_properties_error_handling.py:217: in test_execution_logging_completeness
Backend CI	Run tests	2026-03-17T02:41:37.4516850Z     invoices=st.lists(
Backend CI	Run tests	2026-03-17T02:41:37.4516913Z                ^^^
Backend CI	Run tests	2026-03-17T02:41:37.4517177Z app/tests/property/test_properties_error_handling.py:306: in test_execution_logging_completeness
Backend CI	Run tests	2026-03-17T02:41:37.4517271Z     assert len(execution_log.errors) > 0
Backend CI	Run tests	2026-03-17T02:41:37.4517354Z E   AssertionError: assert 0 > 0
Backend CI	Run tests	2026-03-17T02:41:37.4517432Z E    +  where 0 = len([])
Backend CI	Run tests	2026-03-17T02:41:37.4517600Z E    +    where [] = <Mock spec='JobExecutionLog' id='139869468280016'>.errors
Backend CI	Run tests	2026-03-17T02:41:37.4517890Z E   Falsifying example: test_execution_logging_completeness(
Backend CI	Run tests	2026-03-17T02:41:37.4518046Z E       invoices=[{'id': UUID('cb538be7-f59d-4b1c-b052-6af52e19307d'),
Backend CI	Run tests	2026-03-17T02:41:37.4518185Z E         'business_id': UUID('3f126980-3a17-44d9-ad24-7e64ab147701'),
Backend CI	Run tests	2026-03-17T02:41:37.4518275Z E         'invoice_number': 'INV-1000',
Backend CI	Run tests	2026-03-17T02:41:37.4518369Z E         'due_date': datetime.date(2026, 3, 16),
Backend CI	Run tests	2026-03-17T02:41:37.4518472Z E         'status': <InvoiceStatus.DRAFT: 'draft'>,
Backend CI	Run tests	2026-03-17T02:41:37.4518573Z E         'issue_date': datetime.date(2026, 3, 9),
Backend CI	Run tests	2026-03-17T02:41:37.4518654Z E         'subtotal': Decimal('100.00'),
Backend CI	Run tests	2026-03-17T02:41:37.4518736Z E         'total': Decimal('100.00'),
Backend CI	Run tests	2026-03-17T02:41:37.4518822Z E         'amount_paid': Decimal('0.00'),
Backend CI	Run tests	2026-03-17T02:41:37.4518985Z E         'balance_due': Decimal('100.00')}],  # or any other generated value
Backend CI	Run tests	2026-03-17T02:41:37.4519063Z E       has_errors=True,
Backend CI	Run tests	2026-03-17T02:41:37.4519128Z E   )
Backend CI	Run tests	2026-03-17T02:41:37.4519196Z E   Explanation:
Backend CI	Run tests	2026-03-17T02:41:37.4519342Z E       These lines were always and only run by failing examples:
Backend CI	Run tests	2026-03-17T02:41:37.4519662Z E           /home/runner/work/BizPilot2/BizPilot2/backend/app/tests/property/test_properties_error_handling.py:306
Backend CI	Run tests	2026-03-17T02:41:37.4519867Z E           /opt/hostedtoolcache/Python/3.12.13/x64/lib/python3.12/unittest/mock.py:570
Backend CI	Run tests	2026-03-17T02:41:37.4519933Z E   
Backend CI	Run tests	2026-03-17T02:41:37.4520333Z E   You can reproduce this example by temporarily adding @reproduce_failure('6.122.3', b'AAEAAAAAAAAAAAAAAQ==') as a decorator on your test case
Backend CI	Run tests	2026-03-17T02:41:37.4520502Z ----------------------------- Captured stderr call -----------------------------
Backend CI	Run tests	2026-03-17T02:41:37.4520852Z INFO:app.scheduler.services.notification_creation:Created overdue notification for invoice INV-1000 (1 days overdue)
Backend CI	Run tests	2026-03-17T02:41:37.4521195Z INFO:app.scheduler.services.notification_creation:Created overdue notification for invoice INV-1000 (258 days overdue)
Backend CI	Run tests	2026-03-17T02:41:37.4521537Z INFO:app.scheduler.services.notification_creation:Created overdue notification for invoice INV-8300 (258 days overdue)
Backend CI	Run tests	2026-03-17T02:41:37.4521869Z INFO:app.scheduler.services.notification_creation:Created overdue notification for invoice INV-8300 (133 days overdue)
Backend CI	Run tests	2026-03-17T02:41:37.4522203Z INFO:app.scheduler.services.notification_creation:Created overdue notification for invoice INV-1132 (133 days overdue)
Backend CI	Run tests	2026-03-17T02:41:37.4522534Z INFO:app.scheduler.services.notification_creation:Created overdue notification for invoice INV-9671 (221 days overdue)
Backend CI	Run tests	2026-03-17T02:41:37.4523029Z INFO:app.scheduler.services.notification_creation:Created overdue notification for invoice INV-8676 (281 days overdue)
Backend CI	Run tests	2026-03-17T02:41:37.4523486Z INFO:app.scheduler.services.notification_creation:Created overdue notification for invoice INV-2505 (18 days overdue)
Backend CI	Run tests	2026-03-17T02:41:37.4523820Z INFO:app.scheduler.services.notification_creation:Created overdue notification for invoice INV-6369 (345 days overdue)
Backend CI	Run tests	2026-03-17T02:41:37.4524161Z INFO:app.scheduler.services.notification_creation:Created overdue notification for invoice INV-4255 (107 days overdue)
Backend CI	Run tests	2026-03-17T02:41:37.4524491Z INFO:app.scheduler.services.notification_creation:Created overdue notification for invoice INV-3702 (166 days overdue)
Backend CI	Run tests	2026-03-17T02:41:37.4524818Z INFO:app.scheduler.services.notification_creation:Created overdue notification for invoice INV-6937 (95 days overdue)
Backend CI	Run tests	2026-03-17T02:41:37.4525152Z INFO:app.scheduler.services.notification_creation:Created overdue notification for invoice INV-9671 (221 days overdue)
Backend CI	Run tests	2026-03-17T02:41:37.4525480Z INFO:app.scheduler.services.notification_creation:Created overdue notification for invoice INV-8676 (281 days overdue)
Backend CI	Run tests	2026-03-17T02:41:37.4525814Z INFO:app.scheduler.services.notification_creation:Created overdue notification for invoice INV-2505 (18 days overdue)
Backend CI	Run tests	2026-03-17T02:41:37.4526146Z INFO:app.scheduler.services.notification_creation:Created overdue notification for invoice INV-6369 (345 days overdue)
Backend CI	Run tests	2026-03-17T02:41:37.4526586Z INFO:app.scheduler.services.notification_creation:Created overdue notification for invoice INV-4255 (107 days overdue)
Backend CI	Run tests	2026-03-17T02:41:37.4526916Z INFO:app.scheduler.services.notification_creation:Created overdue notification for invoice INV-3702 (166 days overdue)
Backend CI	Run tests	2026-03-17T02:41:37.4527247Z INFO:app.scheduler.services.notification_creation:Created overdue notification for invoice INV-3702 (166 days overdue)
Backend CI	Run tests	2026-03-17T02:41:37.4527584Z INFO:app.scheduler.services.notification_creation:Created overdue notification for invoice INV-4255 (221 days overdue)
Backend CI	Run tests	2026-03-17T02:41:37.4527915Z INFO:app.scheduler.services.notification_creation:Created overdue notification for invoice INV-8676 (281 days overdue)
Backend CI	Run tests	2026-03-17T02:41:37.4528251Z INFO:app.scheduler.services.notification_creation:Created overdue notification for invoice INV-2505 (18 days overdue)
Backend CI	Run tests	2026-03-17T02:41:37.4528580Z INFO:app.scheduler.services.notification_creation:Created overdue notification for invoice INV-6369 (345 days overdue)
Backend CI	Run tests	2026-03-17T02:41:37.4528920Z INFO:app.scheduler.services.notification_creation:Created overdue notification for invoice INV-4255 (107 days overdue)
Backend CI	Run tests	2026-03-17T02:41:37.4529248Z INFO:app.scheduler.services.notification_creation:Created overdue notification for invoice INV-3702 (166 days overdue)
Backend CI	Run tests	2026-03-17T02:41:37.4529579Z INFO:app.scheduler.services.notification_creation:Created overdue notification for invoice INV-3702 (166 days overdue)
Backend CI	Run tests	2026-03-17T02:41:37.4529914Z INFO:app.scheduler.services.notification_creation:Created overdue notification for invoice INV-4255 (221 days overdue)
Backend CI	Run tests	2026-03-17T02:41:37.4530244Z INFO:app.scheduler.services.notification_creation:Created overdue notification for invoice INV-3702 (166 days overdue)
Backend CI	Run tests	2026-03-17T02:41:37.4530579Z INFO:app.scheduler.services.notification_creation:Created overdue notification for invoice INV-2505 (18 days overdue)
Backend CI	Run tests	2026-03-17T02:41:37.4530911Z INFO:app.scheduler.services.notification_creation:Created overdue notification for invoice INV-6369 (345 days overdue)
Backend CI	Run tests	2026-03-17T02:41:37.4531243Z INFO:app.scheduler.services.notification_creation:Created overdue notification for invoice INV-4255 (107 days overdue)
Backend CI	Run tests	2026-03-17T02:41:37.4531579Z INFO:app.scheduler.services.notification_creation:Created overdue notification for invoice INV-3702 (166 days overdue)
Backend CI	Run tests	2026-03-17T02:41:37.4531910Z INFO:app.scheduler.services.notification_creation:Created overdue notification for invoice INV-3702 (166 days overdue)
Backend CI	Run tests	2026-03-17T02:41:37.4532244Z INFO:app.scheduler.services.notification_creation:Created overdue notification for invoice INV-1132 (133 days overdue)
Backend CI	Run tests	2026-03-17T02:41:37.4532575Z INFO:app.scheduler.services.notification_creation:Created overdue notification for invoice INV-1132 (133 days overdue)
Backend CI	Run tests	2026-03-17T02:41:37.4533175Z INFO:app.scheduler.services.notification_creation:Created overdue notification for invoice INV-1000 (1 days overdue)
Backend CI	Run tests	2026-03-17T02:41:37.4533513Z INFO:app.scheduler.services.notification_creation:Created overdue notification for invoice INV-1000 (1 days overdue)
Backend CI	Run tests	2026-03-17T02:41:37.4533846Z INFO:app.scheduler.services.notification_creation:Created overdue notification for invoice INV-8387 (22 days overdue)
Backend CI	Run tests	2026-03-17T02:41:37.4534177Z INFO:app.scheduler.services.notification_creation:Created overdue notification for invoice INV-5892 (1 days overdue)
Backend CI	Run tests	2026-03-17T02:41:37.4534504Z INFO:app.scheduler.services.notification_creation:Created overdue notification for invoice INV-2116 (47 days overdue)
Backend CI	Run tests	2026-03-17T02:41:37.4534831Z INFO:app.scheduler.services.notification_creation:Created overdue notification for invoice INV-9998 (72 days overdue)
Backend CI	Run tests	2026-03-17T02:41:37.4535160Z INFO:app.scheduler.services.notification_creation:Created overdue notification for invoice INV-8354 (1 days overdue)
Backend CI	Run tests	2026-03-17T02:41:37.4535521Z INFO:app.scheduler.services.notification_creation:Created overdue notification for invoice INV-2057 (92 days overdue)
Backend CI	Run tests	2026-03-17T02:41:37.4535850Z INFO:app.scheduler.services.notification_creation:Created overdue notification for invoice INV-3449 (25 days overdue)
Backend CI	Run tests	2026-03-17T02:41:37.4536295Z INFO:app.scheduler.services.notification_creation:Created overdue notification for invoice INV-3032 (232 days overdue)
Backend CI	Run tests	2026-03-17T02:41:37.4536626Z INFO:app.scheduler.services.notification_creation:Created overdue notification for invoice INV-3859 (330 days overdue)
Backend CI	Run tests	2026-03-17T02:41:37.4536958Z INFO:app.scheduler.services.notification_creation:Created overdue notification for invoice INV-7664 (17 days overdue)
Backend CI	Run tests	2026-03-17T02:41:37.4537285Z INFO:app.scheduler.services.notification_creation:Created overdue notification for invoice INV-9788 (54 days overdue)
Backend CI	Run tests	2026-03-17T02:41:37.4537624Z INFO:app.scheduler.services.notification_creation:Created overdue notification for invoice INV-9790 (73 days overdue)
Backend CI	Run tests	2026-03-17T02:41:37.4537962Z INFO:app.scheduler.services.notification_creation:Created overdue notification for invoice INV-9999 (337 days overdue)
Backend CI	Run tests	2026-03-17T02:41:37.4538289Z INFO:app.scheduler.services.notification_creation:Created overdue notification for invoice INV-9998 (72 days overdue)
Backend CI	Run tests	2026-03-17T02:41:37.4538623Z INFO:app.scheduler.services.notification_creation:Created overdue notification for invoice INV-8354 (1 days overdue)
Backend CI	Run tests	2026-03-17T02:41:37.4538950Z INFO:app.scheduler.services.notification_creation:Created overdue notification for invoice INV-2057 (92 days overdue)
Backend CI	Run tests	2026-03-17T02:41:37.4539277Z INFO:app.scheduler.services.notification_creation:Created overdue notification for invoice INV-3449 (25 days overdue)
Backend CI	Run tests	2026-03-17T02:41:37.4539606Z INFO:app.scheduler.services.notification_creation:Created overdue notification for invoice INV-3032 (232 days overdue)
Backend CI	Run tests	2026-03-17T02:41:37.4539933Z INFO:app.scheduler.services.notification_creation:Created overdue notification for invoice INV-3859 (330 days overdue)
Backend CI	Run tests	2026-03-17T02:41:37.4540269Z INFO:app.scheduler.services.notification_creation:Created overdue notification for invoice INV-7664 (17 days overdue)
Backend CI	Run tests	2026-03-17T02:41:37.4540593Z INFO:app.scheduler.services.notification_creation:Created overdue notification for invoice INV-9788 (54 days overdue)
Backend CI	Run tests	2026-03-17T02:41:37.4540937Z INFO:app.scheduler.services.notification_creation:Created overdue notification for invoice INV-9790 (73 days overdue)
Backend CI	Run tests	2026-03-17T02:41:37.4541274Z INFO:app.scheduler.services.notification_creation:Created overdue notification for invoice INV-9999 (337 days overdue)
Backend CI	Run tests	2026-03-17T02:41:37.4541617Z INFO:app.scheduler.services.notification_creation:Created overdue notification for invoice INV-7113 (230 days overdue)
Backend CI	Run tests	2026-03-17T02:41:37.4541948Z INFO:app.scheduler.services.notification_creation:Created overdue notification for invoice INV-1371 (1 days overdue)
Backend CI	Run tests	2026-03-17T02:41:37.4542281Z INFO:app.scheduler.services.notification_creation:Created overdue notification for invoice INV-1001 (285 days overdue)
Backend CI	Run tests	2026-03-17T02:41:37.4542827Z INFO:app.scheduler.services.notification_creation:Created overdue notification for invoice INV-8329 (5 days overdue)
Backend CI	Run tests	2026-03-17T02:41:37.4543160Z INFO:app.scheduler.services.notification_creation:Created overdue notification for invoice INV-1278 (276 days overdue)
Backend CI	Run tests	2026-03-17T02:41:37.4543498Z INFO:app.scheduler.services.notification_creation:Created overdue notification for invoice INV-1459 (324 days overdue)
Backend CI	Run tests	2026-03-17T02:41:37.4543833Z INFO:app.scheduler.services.notification_creation:Created overdue notification for invoice INV-7768 (10 days overdue)
Backend CI	Run tests	2026-03-17T02:41:37.4544161Z INFO:app.scheduler.services.notification_creation:Created overdue notification for invoice INV-4230 (236 days overdue)
Backend CI	Run tests	2026-03-17T02:41:37.4544497Z INFO:app.scheduler.services.notification_creation:Created overdue notification for invoice INV-8949 (355 days overdue)
Backend CI	Run tests	2026-03-17T02:41:37.4544828Z INFO:app.scheduler.services.notification_creation:Created overdue notification for invoice INV-6122 (221 days overdue)
Backend CI	Run tests	2026-03-17T02:41:37.4545160Z INFO:app.scheduler.services.notification_creation:Created overdue notification for invoice INV-7113 (230 days overdue)
Backend CI	Run tests	2026-03-17T02:41:37.4545494Z INFO:app.scheduler.services.notification_creation:Created overdue notification for invoice INV-1371 (1 days overdue)
Backend CI	Run tests	2026-03-17T02:41:37.4545935Z INFO:app.scheduler.services.notification_creation:Created overdue notification for invoice INV-1001 (285 days overdue)
Backend CI	Run tests	2026-03-17T02:41:37.4546266Z INFO:app.scheduler.services.notification_creation:Created overdue notification for invoice INV-8329 (5 days overdue)
Backend CI	Run tests	2026-03-17T02:41:37.4546596Z INFO:app.scheduler.services.notification_creation:Created overdue notification for invoice INV-1278 (276 days overdue)
Backend CI	Run tests	2026-03-17T02:41:37.4546929Z INFO:app.scheduler.services.notification_creation:Created overdue notification for invoice INV-1459 (324 days overdue)
Backend CI	Run tests	2026-03-17T02:41:37.4547260Z INFO:app.scheduler.services.notification_creation:Created overdue notification for invoice INV-7768 (10 days overdue)
Backend CI	Run tests	2026-03-17T02:41:37.4547597Z INFO:app.scheduler.services.notification_creation:Created overdue notification for invoice INV-4230 (236 days overdue)
Backend CI	Run tests	2026-03-17T02:41:37.4547930Z INFO:app.scheduler.services.notification_creation:Created overdue notification for invoice INV-8949 (355 days overdue)
Backend CI	Run tests	2026-03-17T02:41:37.4548268Z INFO:app.scheduler.services.notification_creation:Created overdue notification for invoice INV-6122 (221 days overdue)
Backend CI	Run tests	2026-03-17T02:41:37.4548604Z INFO:app.scheduler.services.notification_creation:Created overdue notification for invoice INV-1000 (284 days overdue)
Backend CI	Run tests	2026-03-17T02:41:37.4548927Z INFO:app.scheduler.services.notification_creation:Created overdue notification for invoice INV-6897 (1 days overdue)
Backend CI	Run tests	2026-03-17T02:41:37.4549258Z INFO:app.scheduler.services.notification_creation:Created overdue notification for invoice INV-5641 (159 days overdue)
Backend CI	Run tests	2026-03-17T02:41:37.4549590Z INFO:app.scheduler.services.notification_creation:Created overdue notification for invoice INV-9003 (68 days overdue)
Backend CI	Run tests	2026-03-17T02:41:37.4549923Z INFO:app.scheduler.services.notification_creation:Created overdue notification for invoice INV-1000 (284 days overdue)
Backend CI	Run tests	2026-03-17T02:41:37.4550252Z INFO:app.scheduler.services.notification_creation:Created overdue notification for invoice INV-6897 (1 days overdue)
Backend CI	Run tests	2026-03-17T02:41:37.4550588Z INFO:app.scheduler.services.notification_creation:Created overdue notification for invoice INV-5641 (159 days overdue)
Backend CI	Run tests	2026-03-17T02:41:37.4550916Z INFO:app.scheduler.services.notification_creation:Created overdue notification for invoice INV-9003 (68 days overdue)
Backend CI	Run tests	2026-03-17T02:41:37.4551246Z INFO:app.scheduler.services.notification_creation:Created overdue notification for invoice INV-2543 (12 days overdue)
Backend CI	Run tests	2026-03-17T02:41:37.4551568Z INFO:app.scheduler.services.notification_creation:Created overdue notification for invoice INV-6500 (1 days overdue)
Backend CI	Run tests	2026-03-17T02:41:37.4552015Z INFO:app.scheduler.services.notification_creation:Created overdue notification for invoice INV-8120 (156 days overdue)
Backend CI	Run tests	2026-03-17T02:41:37.4552349Z INFO:app.scheduler.services.notification_creation:Created overdue notification for invoice INV-3303 (231 days overdue)
Backend CI	Run tests	2026-03-17T02:41:37.4552772Z INFO:app.scheduler.services.notification_creation:Created overdue notification for invoice INV-6850 (83 days overdue)
Backend CI	Run tests	2026-03-17T02:41:37.4553115Z INFO:app.scheduler.services.notification_creation:Created overdue notification for invoice INV-1000 (259 days overdue)
Backend CI	Run tests	2026-03-17T02:41:37.4553441Z INFO:app.scheduler.services.notification_creation:Created overdue notification for invoice INV-7729 (13 days overdue)
Backend CI	Run tests	2026-03-17T02:41:37.4553773Z INFO:app.scheduler.services.notification_creation:Created overdue notification for invoice INV-3497 (56 days overdue)
Backend CI	Run tests	2026-03-17T02:41:37.4554112Z INFO:app.scheduler.services.notification_creation:Created overdue notification for invoice INV-1826 (235 days overdue)
Backend CI	Run tests	2026-03-17T02:41:37.4554445Z INFO:app.scheduler.services.notification_creation:Created overdue notification for invoice INV-9073 (350 days overdue)
Backend CI	Run tests	2026-03-17T02:41:37.4554777Z INFO:app.scheduler.services.notification_creation:Created overdue notification for invoice INV-2543 (12 days overdue)
Backend CI	Run tests	2026-03-17T02:41:37.4555106Z INFO:app.scheduler.services.notification_creation:Created overdue notification for invoice INV-6500 (1 days overdue)
Backend CI	Run tests	2026-03-17T02:41:37.4555549Z INFO:app.scheduler.services.notification_creation:Created overdue notification for invoice INV-8120 (156 days overdue)
Backend CI	Run tests	2026-03-17T02:41:37.4555883Z INFO:app.scheduler.services.notification_creation:Created overdue notification for invoice INV-3303 (231 days overdue)
Backend CI	Run tests	2026-03-17T02:41:37.4556206Z INFO:app.scheduler.services.notification_creation:Created overdue notification for invoice INV-6850 (83 days overdue)
Backend CI	Run tests	2026-03-17T02:41:37.4556543Z INFO:app.scheduler.services.notification_creation:Created overdue notification for invoice INV-1000 (259 days overdue)
Backend CI	Run tests	2026-03-17T02:41:37.4556874Z INFO:app.scheduler.services.notification_creation:Created overdue notification for invoice INV-7729 (13 days overdue)
Backend CI	Run tests	2026-03-17T02:41:37.4557204Z INFO:app.scheduler.services.notification_creation:Created overdue notification for invoice INV-3497 (56 days overdue)
Backend CI	Run tests	2026-03-17T02:41:37.4557539Z INFO:app.scheduler.services.notification_creation:Created overdue notification for invoice INV-1826 (235 days overdue)
Backend CI	Run tests	2026-03-17T02:41:37.4557867Z INFO:app.scheduler.services.notification_creation:Created overdue notification for invoice INV-9073 (350 days overdue)
Backend CI	Run tests	2026-03-17T02:41:37.4558198Z INFO:app.scheduler.services.notification_creation:Created overdue notification for invoice INV-5546 (2 days overdue)
Backend CI	Run tests	2026-03-17T02:41:37.4558522Z INFO:app.scheduler.services.notification_creation:Created overdue notification for invoice INV-4051 (1 days overdue)
Backend CI	Run tests	2026-03-17T02:41:37.4558850Z INFO:app.scheduler.services.notification_creation:Created overdue notification for invoice INV-5546 (2 days overdue)
Backend CI	Run tests	2026-03-17T02:41:37.4559175Z INFO:app.scheduler.services.notification_creation:Created overdue notification for invoice INV-4051 (1 days overdue)
Backend CI	Run tests	2026-03-17T02:41:37.4559509Z INFO:app.scheduler.services.notification_creation:Created overdue notification for invoice INV-5145 (199 days overdue)
Backend CI	Run tests	2026-03-17T02:41:37.4559846Z INFO:app.scheduler.services.notification_creation:Created overdue notification for invoice INV-7291 (1 days overdue)
Backend CI	Run tests	2026-03-17T02:41:37.4560175Z INFO:app.scheduler.services.notification_creation:Created overdue notification for invoice INV-9652 (355 days overdue)
Backend CI	Run tests	2026-03-17T02:41:37.4560508Z INFO:app.scheduler.services.notification_creation:Created overdue notification for invoice INV-7559 (125 days overdue)
Backend CI	Run tests	2026-03-17T02:41:37.4560840Z INFO:app.scheduler.services.notification_creation:Created overdue notification for invoice INV-1775 (226 days overdue)
Backend CI	Run tests	2026-03-17T02:41:37.4561170Z INFO:app.scheduler.services.notification_creation:Created overdue notification for invoice INV-5145 (199 days overdue)
Backend CI	Run tests	2026-03-17T02:41:37.4561603Z INFO:app.scheduler.services.notification_creation:Created overdue notification for invoice INV-7291 (1 days overdue)
Backend CI	Run tests	2026-03-17T02:41:37.4561932Z INFO:app.scheduler.services.notification_creation:Created overdue notification for invoice INV-9652 (355 days overdue)
Backend CI	Run tests	2026-03-17T02:41:37.4562270Z INFO:app.scheduler.services.notification_creation:Created overdue notification for invoice INV-7559 (125 days overdue)
Backend CI	Run tests	2026-03-17T02:41:37.4562600Z INFO:app.scheduler.services.notification_creation:Created overdue notification for invoice INV-1775 (226 days overdue)
Backend CI	Run tests	2026-03-17T02:41:37.4563031Z INFO:app.scheduler.services.notification_creation:Created overdue notification for invoice INV-8274 (191 days overdue)
Backend CI	Run tests	2026-03-17T02:41:37.4563363Z INFO:app.scheduler.services.notification_creation:Created overdue notification for invoice INV-5617 (1 days overdue)
Backend CI	Run tests	2026-03-17T02:41:37.4563700Z INFO:app.scheduler.services.notification_creation:Created overdue notification for invoice INV-2169 (260 days overdue)
Backend CI	Run tests	2026-03-17T02:41:37.4564035Z INFO:app.scheduler.services.notification_creation:Created overdue notification for invoice INV-2284 (114 days overdue)
Backend CI	Run tests	2026-03-17T02:41:37.4564360Z INFO:app.scheduler.services.notification_creation:Created overdue notification for invoice INV-9629 (4 days overdue)
Backend CI	Run tests	2026-03-17T02:41:37.4564805Z INFO:app.scheduler.services.notification_creation:Created overdue notification for invoice INV-2047 (338 days overdue)
Backend CI	Run tests	2026-03-17T02:41:37.4565136Z INFO:app.scheduler.services.notification_creation:Created overdue notification for invoice INV-4142 (195 days overdue)
Backend CI	Run tests	2026-03-17T02:41:37.4565469Z INFO:app.scheduler.services.notification_creation:Created overdue notification for invoice INV-1891 (365 days overdue)
Backend CI	Run tests	2026-03-17T02:41:37.4565792Z INFO:app.scheduler.services.notification_creation:Created overdue notification for invoice INV-4433 (1 days overdue)
Backend CI	Run tests	2026-03-17T02:41:37.4566121Z INFO:app.scheduler.services.notification_creation:Created overdue notification for invoice INV-9288 (266 days overdue)
Backend CI	Run tests	2026-03-17T02:41:37.4566463Z INFO:app.scheduler.services.notification_creation:Created overdue notification for invoice INV-7231 (303 days overdue)
Backend CI	Run tests	2026-03-17T02:41:37.4566792Z INFO:app.scheduler.services.notification_creation:Created overdue notification for invoice INV-7986 (20 days overdue)
Backend CI	Run tests	2026-03-17T02:41:37.4567133Z INFO:app.scheduler.services.notification_creation:Created overdue notification for invoice INV-6474 (228 days overdue)
Backend CI	Run tests	2026-03-17T02:41:37.4567471Z INFO:app.scheduler.services.notification_creation:Created overdue notification for invoice INV-1891 (365 days overdue)
Backend CI	Run tests	2026-03-17T02:41:37.4567798Z INFO:app.scheduler.services.notification_creation:Created overdue notification for invoice INV-4433 (1 days overdue)
Backend CI	Run tests	2026-03-17T02:41:37.4568133Z INFO:app.scheduler.services.notification_creation:Created overdue notification for invoice INV-9288 (266 days overdue)
Backend CI	Run tests	2026-03-17T02:41:37.4568465Z INFO:app.scheduler.services.notification_creation:Created overdue notification for invoice INV-7231 (303 days overdue)
Backend CI	Run tests	2026-03-17T02:41:37.4568801Z INFO:app.scheduler.services.notification_creation:Created overdue notification for invoice INV-7986 (20 days overdue)
Backend CI	Run tests	2026-03-17T02:41:37.4569129Z INFO:app.scheduler.services.notification_creation:Created overdue notification for invoice INV-6474 (228 days overdue)
Backend CI	Run tests	2026-03-17T02:41:37.4569464Z INFO:app.scheduler.services.notification_creation:Created overdue notification for invoice INV-4061 (143 days overdue)
Backend CI	Run tests	2026-03-17T02:41:37.4569792Z INFO:app.scheduler.services.notification_creation:Created overdue notification for invoice INV-8362 (1 days overdue)
Backend CI	Run tests	2026-03-17T02:41:37.4570123Z INFO:app.scheduler.services.notification_creation:Created overdue notification for invoice INV-8010 (115 days overdue)
Backend CI	Run tests	2026-03-17T02:41:37.4570460Z INFO:app.scheduler.services.notification_creation:Created overdue notification for invoice INV-7997 (201 days overdue)
Backend CI	Run tests	2026-03-17T02:41:37.4570789Z INFO:app.scheduler.services.notification_creation:Created overdue notification for invoice INV-3756 (169 days overdue)
Backend CI	Run tests	2026-03-17T02:41:37.4571229Z INFO:app.scheduler.services.notification_creation:Created overdue notification for invoice INV-2819 (360 days overdue)
Backend CI	Run tests	2026-03-17T02:41:37.4571564Z INFO:app.scheduler.services.notification_creation:Created overdue notification for invoice INV-7675 (106 days overdue)
Backend CI	Run tests	2026-03-17T02:41:37.4571895Z INFO:app.scheduler.services.notification_creation:Created overdue notification for invoice INV-6984 (1 days overdue)
Backend CI	Run tests	2026-03-17T02:41:37.4572230Z INFO:app.scheduler.services.notification_creation:Created overdue notification for invoice INV-3492 (274 days overdue)
Backend CI	Run tests	2026-03-17T02:41:37.4572560Z INFO:app.scheduler.services.notification_creation:Created overdue notification for invoice INV-2262 (301 days overdue)
Backend CI	Run tests	2026-03-17T02:41:37.4573026Z INFO:app.scheduler.services.notification_creation:Created overdue notification for invoice INV-2203 (360 days overdue)
Backend CI	Run tests	2026-03-17T02:41:37.4573365Z INFO:app.scheduler.services.notification_creation:Created overdue notification for invoice INV-7675 (106 days overdue)
Backend CI	Run tests	2026-03-17T02:41:37.4573695Z INFO:app.scheduler.services.notification_creation:Created overdue notification for invoice INV-6984 (1 days overdue)
Backend CI	Run tests	2026-03-17T02:41:37.4574030Z INFO:app.scheduler.services.notification_creation:Created overdue notification for invoice INV-3492 (274 days overdue)
Backend CI	Run tests	2026-03-17T02:41:37.4574472Z INFO:app.scheduler.services.notification_creation:Created overdue notification for invoice INV-2262 (301 days overdue)
Backend CI	Run tests	2026-03-17T02:41:37.4574801Z INFO:app.scheduler.services.notification_creation:Created overdue notification for invoice INV-2203 (360 days overdue)
Backend CI	Run tests	2026-03-17T02:41:37.4575138Z INFO:app.scheduler.services.notification_creation:Created overdue notification for invoice INV-4505 (284 days overdue)
Backend CI	Run tests	2026-03-17T02:41:37.4575462Z INFO:app.scheduler.services.notification_creation:Created overdue notification for invoice INV-5206 (1 days overdue)
Backend CI	Run tests	2026-03-17T02:41:37.4575793Z INFO:app.scheduler.services.notification_creation:Created overdue notification for invoice INV-5279 (36 days overdue)
Backend CI	Run tests	2026-03-17T02:41:37.4576128Z INFO:app.scheduler.services.notification_creation:Created overdue notification for invoice INV-3213 (125 days overdue)
Backend CI	Run tests	2026-03-17T02:41:37.4576452Z INFO:app.scheduler.services.notification_creation:Created overdue notification for invoice INV-1768 (9 days overdue)
Backend CI	Run tests	2026-03-17T02:41:37.4576793Z INFO:app.scheduler.services.notification_creation:Created overdue notification for invoice INV-7174 (272 days overdue)
Backend CI	Run tests	2026-03-17T02:41:37.4577121Z INFO:app.scheduler.services.notification_creation:Created overdue notification for invoice INV-1419 (130 days overdue)
Backend CI	Run tests	2026-03-17T02:41:37.4577453Z INFO:app.scheduler.services.notification_creation:Created overdue notification for invoice INV-1620 (65 days overdue)
Backend CI	Run tests	2026-03-17T02:41:37.4577781Z INFO:app.scheduler.services.notification_creation:Created overdue notification for invoice INV-4855 (65 days overdue)
Backend CI	Run tests	2026-03-17T02:41:37.4578112Z INFO:app.scheduler.services.notification_creation:Created overdue notification for invoice INV-7189 (344 days overdue)
Backend CI	Run tests	2026-03-17T02:41:37.4578455Z INFO:app.scheduler.services.notification_creation:Created overdue notification for invoice INV-9089 (329 days overdue)
Backend CI	Run tests	2026-03-17T02:41:37.4578777Z INFO:app.scheduler.services.notification_creation:Created overdue notification for invoice INV-9281 (1 days overdue)
Backend CI	Run tests	2026-03-17T02:41:37.4579107Z INFO:app.scheduler.services.notification_creation:Created overdue notification for invoice INV-1343 (1 days overdue)
Backend CI	Run tests	2026-03-17T02:41:37.4579438Z INFO:app.scheduler.services.notification_creation:Created overdue notification for invoice INV-7965 (133 days overdue)
Backend CI	Run tests	2026-03-17T02:41:37.4579769Z INFO:app.scheduler.services.notification_creation:Created overdue notification for invoice INV-3463 (325 days overdue)
Backend CI	Run tests	2026-03-17T02:41:37.4580104Z INFO:app.scheduler.services.notification_creation:Created overdue notification for invoice INV-4290 (106 days overdue)
Backend CI	Run tests	2026-03-17T02:41:37.4580434Z INFO:app.scheduler.services.notification_creation:Created overdue notification for invoice INV-7397 (164 days overdue)
Backend CI	Run tests	2026-03-17T02:41:37.4580879Z INFO:app.scheduler.services.notification_creation:Created overdue notification for invoice INV-5694 (289 days overdue)
Backend CI	Run tests	2026-03-17T02:41:37.4581210Z INFO:app.scheduler.services.notification_creation:Created overdue notification for invoice INV-9089 (329 days overdue)
Backend CI	Run tests	2026-03-17T02:41:37.4581541Z INFO:app.scheduler.services.notification_creation:Created overdue notification for invoice INV-9281 (1 days overdue)
Backend CI	Run tests	2026-03-17T02:41:37.4581865Z INFO:app.scheduler.services.notification_creation:Created overdue notification for invoice INV-1343 (1 days overdue)
Backend CI	Run tests	2026-03-17T02:41:37.4582196Z INFO:app.scheduler.services.notification_creation:Created overdue notification for invoice INV-7965 (133 days overdue)
Backend CI	Run tests	2026-03-17T02:41:37.4582533Z INFO:app.scheduler.services.notification_creation:Created overdue notification for invoice INV-3463 (325 days overdue)
Backend CI	Run tests	2026-03-17T02:41:37.4582967Z INFO:app.scheduler.services.notification_creation:Created overdue notification for invoice INV-4290 (106 days overdue)
Backend CI	Run tests	2026-03-17T02:41:37.4583311Z INFO:app.scheduler.services.notification_creation:Created overdue notification for invoice INV-7397 (164 days overdue)
Backend CI	Run tests	2026-03-17T02:41:37.4583643Z INFO:app.scheduler.services.notification_creation:Created overdue notification for invoice INV-5694 (289 days overdue)
Backend CI	Run tests	2026-03-17T02:41:37.4584076Z INFO:app.scheduler.services.notification_creation:Created overdue notification for invoice INV-5772 (2 days overdue)
Backend CI	Run tests	2026-03-17T02:41:37.4584404Z INFO:app.scheduler.services.notification_creation:Created overdue notification for invoice INV-9482 (1 days overdue)
Backend CI	Run tests	2026-03-17T02:41:37.4584734Z INFO:app.scheduler.services.notification_creation:Created overdue notification for invoice INV-1646 (140 days overdue)
Backend CI	Run tests	2026-03-17T02:41:37.4585065Z INFO:app.scheduler.services.notification_creation:Created overdue notification for invoice INV-3057 (81 days overdue)
Backend CI	Run tests	2026-03-17T02:41:37.4585397Z INFO:app.scheduler.services.notification_creation:Created overdue notification for invoice INV-8371 (168 days overdue)
Backend CI	Run tests	2026-03-17T02:41:37.4585731Z INFO:app.scheduler.services.notification_creation:Created overdue notification for invoice INV-9852 (122 days overdue)
Backend CI	Run tests	2026-03-17T02:41:37.4586065Z INFO:app.scheduler.services.notification_creation:Created overdue notification for invoice INV-3718 (237 days overdue)
Backend CI	Run tests	2026-03-17T02:41:37.4586403Z INFO:app.scheduler.services.notification_creation:Created overdue notification for invoice INV-7380 (245 days overdue)
Backend CI	Run tests	2026-03-17T02:41:37.4586741Z INFO:app.scheduler.services.notification_creation:Created overdue notification for invoice INV-2699 (221 days overdue)
Backend CI	Run tests	2026-03-17T02:41:37.4587072Z INFO:app.scheduler.services.notification_creation:Created overdue notification for invoice INV-3780 (333 days overdue)
Backend CI	Run tests	2026-03-17T02:41:37.4587407Z INFO:app.scheduler.services.notification_creation:Created overdue notification for invoice INV-1062 (191 days overdue)
Backend CI	Run tests	2026-03-17T02:41:37.4587740Z INFO:app.scheduler.services.notification_creation:Created overdue notification for invoice INV-7010 (1 days overdue)
Backend CI	Run tests	2026-03-17T02:41:37.4588075Z INFO:app.scheduler.services.notification_creation:Created overdue notification for invoice INV-2369 (312 days overdue)
Backend CI	Run tests	2026-03-17T02:41:37.4588414Z INFO:app.scheduler.services.notification_creation:Created overdue notification for invoice INV-7334 (78 days overdue)
Backend CI	Run tests	2026-03-17T02:41:37.4588754Z INFO:app.scheduler.services.notification_creation:Created overdue notification for invoice INV-6260 (179 days overdue)
Backend CI	Run tests	2026-03-17T02:41:37.4589089Z INFO:app.scheduler.services.notification_creation:Created overdue notification for invoice INV-6460 (156 days overdue)
Backend CI	Run tests	2026-03-17T02:41:37.4589427Z INFO:app.scheduler.services.notification_creation:Created overdue notification for invoice INV-6070 (353 days overdue)
Backend CI	Run tests	2026-03-17T02:41:37.4589754Z INFO:app.scheduler.services.notification_creation:Created overdue notification for invoice INV-7360 (26 days overdue)
Backend CI	Run tests	2026-03-17T02:41:37.4590085Z INFO:app.scheduler.services.notification_creation:Created overdue notification for invoice INV-6758 (1 days overdue)
Backend CI	Run tests	2026-03-17T02:41:37.4590561Z INFO:app.scheduler.services.notification_creation:Created overdue notification for invoice INV-2667 (347 days overdue)
Backend CI	Run tests	2026-03-17T02:41:37.4590893Z INFO:app.scheduler.services.notification_creation:Created overdue notification for invoice INV-5892 (332 days overdue)
Backend CI	Run tests	2026-03-17T02:41:37.4591238Z INFO:app.scheduler.services.notification_creation:Created overdue notification for invoice INV-9999 (197 days overdue)
Backend CI	Run tests	2026-03-17T02:41:37.4591569Z INFO:app.scheduler.services.notification_creation:Created overdue notification for invoice INV-9273 (189 days overdue)
Backend CI	Run tests	2026-03-17T02:41:37.4591907Z INFO:app.scheduler.services.notification_creation:Created overdue notification for invoice INV-7515 (282 days overdue)
Backend CI	Run tests	2026-03-17T02:41:37.4592234Z INFO:app.scheduler.services.notification_creation:Created overdue notification for invoice INV-3538 (28 days overdue)
Backend CI	Run tests	2026-03-17T02:41:37.4592565Z INFO:app.scheduler.services.notification_creation:Created overdue notification for invoice INV-8455 (212 days overdue)
Backend CI	Run tests	2026-03-17T02:41:37.4593009Z INFO:app.scheduler.services.notification_creation:Created overdue notification for invoice INV-5700 (298 days overdue)
Backend CI	Run tests	2026-03-17T02:41:37.4593340Z INFO:app.scheduler.services.notification_creation:Created overdue notification for invoice INV-9327 (251 days overdue)
Backend CI	Run tests	2026-03-17T02:41:37.4593776Z INFO:app.scheduler.services.notification_creation:Created overdue notification for invoice INV-2718 (1 days overdue)
Backend CI	Run tests	2026-03-17T02:41:37.4594110Z INFO:app.scheduler.services.notification_creation:Created overdue notification for invoice INV-6934 (286 days overdue)
Backend CI	Run tests	2026-03-17T02:41:37.4594441Z INFO:app.scheduler.services.notification_creation:Created overdue notification for invoice INV-8514 (270 days overdue)
Backend CI	Run tests	2026-03-17T02:41:37.4594775Z INFO:app.scheduler.services.notification_creation:Created overdue notification for invoice INV-4684 (119 days overdue)
Backend CI	Run tests	2026-03-17T02:41:37.4595107Z INFO:app.scheduler.services.notification_creation:Created overdue notification for invoice INV-5187 (7 days overdue)
Backend CI	Run tests	2026-03-17T02:41:37.4595449Z INFO:app.scheduler.services.notification_creation:Created overdue notification for invoice INV-9112 (224 days overdue)
Backend CI	Run tests	2026-03-17T02:41:37.4595783Z INFO:app.scheduler.services.notification_creation:Created overdue notification for invoice INV-4062 (210 days overdue)
Backend CI	Run tests	2026-03-17T02:41:37.4596121Z INFO:app.scheduler.services.notification_creation:Created overdue notification for invoice INV-7176 (304 days overdue)
Backend CI	Run tests	2026-03-17T02:41:37.4596457Z INFO:app.scheduler.services.notification_creation:Created overdue notification for invoice INV-5289 (350 days overdue)
Backend CI	Run tests	2026-03-17T02:41:37.4596787Z INFO:app.scheduler.services.notification_creation:Created overdue notification for invoice INV-1764 (108 days overdue)
Backend CI	Run tests	2026-03-17T02:41:37.4597118Z INFO:app.scheduler.services.notification_creation:Created overdue notification for invoice INV-8022 (1 days overdue)
Backend CI	Run tests	2026-03-17T02:41:37.4597454Z INFO:app.scheduler.services.notification_creation:Created overdue notification for invoice INV-7308 (322 days overdue)
Backend CI	Run tests	2026-03-17T02:41:37.4597787Z INFO:app.scheduler.services.notification_creation:Created overdue notification for invoice INV-5987 (200 days overdue)
Backend CI	Run tests	2026-03-17T02:41:37.4598126Z INFO:app.scheduler.services.notification_creation:Created overdue notification for invoice INV-2129 (210 days overdue)
Backend CI	Run tests	2026-03-17T02:41:37.4598459Z INFO:app.scheduler.services.notification_creation:Created overdue notification for invoice INV-2528 (56 days overdue)
Backend CI	Run tests	2026-03-17T02:41:37.4598794Z INFO:app.scheduler.services.notification_creation:Created overdue notification for invoice INV-9629 (43 days overdue)
Backend CI	Run tests	2026-03-17T02:41:37.4599124Z INFO:app.scheduler.services.notification_creation:Created overdue notification for invoice INV-9999 (89 days overdue)
Backend CI	Run tests	2026-03-17T02:41:37.4599448Z INFO:app.scheduler.services.notification_creation:Created overdue notification for invoice INV-3407 (5 days overdue)
Backend CI	Run tests	2026-03-17T02:41:37.4599891Z INFO:app.scheduler.services.notification_creation:Created overdue notification for invoice INV-5795 (56 days overdue)
Backend CI	Run tests	2026-03-17T02:41:37.4600218Z INFO:app.scheduler.services.notification_creation:Created overdue notification for invoice INV-9851 (44 days overdue)
Backend CI	Run tests	2026-03-17T02:41:37.4600556Z INFO:app.scheduler.services.notification_creation:Created overdue notification for invoice INV-5885 (1 days overdue)
Backend CI	Run tests	2026-03-17T02:41:37.4600887Z INFO:app.scheduler.services.notification_creation:Created overdue notification for invoice INV-2619 (355 days overdue)
Backend CI	Run tests	2026-03-17T02:41:37.4601223Z INFO:app.scheduler.services.notification_creation:Created overdue notification for invoice INV-5231 (172 days overdue)
Backend CI	Run tests	2026-03-17T02:41:37.4601554Z INFO:app.scheduler.services.notification_creation:Created overdue notification for invoice INV-9374 (362 days overdue)
Backend CI	Run tests	2026-03-17T02:41:37.4601883Z INFO:app.scheduler.services.notification_creation:Created overdue notification for invoice INV-3116 (121 days overdue)
Backend CI	Run tests	2026-03-17T02:41:37.4602225Z INFO:app.scheduler.services.notification_creation:Created overdue notification for invoice INV-1662 (295 days overdue)
Backend CI	Run tests	2026-03-17T02:41:37.4602558Z INFO:app.scheduler.services.notification_creation:Created overdue notification for invoice INV-7786 (262 days overdue)
Backend CI	Run tests	2026-03-17T02:41:37.4603097Z INFO:app.scheduler.services.notification_creation:Created overdue notification for invoice INV-4800 (218 days overdue)
Backend CI	Run tests	2026-03-17T02:41:37.4603433Z INFO:app.scheduler.services.notification_creation:Created overdue notification for invoice INV-3845 (252 days overdue)
Backend CI	Run tests	2026-03-17T02:41:37.4603764Z INFO:app.scheduler.services.notification_creation:Created overdue notification for invoice INV-2158 (349 days overdue)
Backend CI	Run tests	2026-03-17T02:41:37.4604101Z INFO:app.scheduler.services.notification_creation:Created overdue notification for invoice INV-9723 (239 days overdue)
Backend CI	Run tests	2026-03-17T02:41:37.4604425Z INFO:app.scheduler.services.notification_creation:Created overdue notification for invoice INV-4036 (1 days overdue)
Backend CI	Run tests	2026-03-17T02:41:37.4604763Z INFO:app.scheduler.services.notification_creation:Created overdue notification for invoice INV-5692 (145 days overdue)
Backend CI	Run tests	2026-03-17T02:41:37.4605096Z INFO:app.scheduler.services.notification_creation:Created overdue notification for invoice INV-6773 (342 days overdue)
Backend CI	Run tests	2026-03-17T02:41:37.4605432Z INFO:app.scheduler.services.notification_creation:Created overdue notification for invoice INV-5983 (230 days overdue)
Backend CI	Run tests	2026-03-17T02:41:37.4605762Z INFO:app.scheduler.services.notification_creation:Created overdue notification for invoice INV-9578 (1 days overdue)
Backend CI	Run tests	2026-03-17T02:41:37.4606093Z INFO:app.scheduler.services.notification_creation:Created overdue notification for invoice INV-5983 (230 days overdue)
Backend CI	Run tests	2026-03-17T02:41:37.4606422Z INFO:app.scheduler.services.notification_creation:Created overdue notification for invoice INV-9578 (1 days overdue)
Backend CI	Run tests	2026-03-17T02:41:37.4606751Z INFO:app.scheduler.services.notification_creation:Created overdue notification for invoice INV-3207 (364 days overdue)
Backend CI	Run tests	2026-03-17T02:41:37.4607079Z INFO:app.scheduler.services.notification_creation:Created overdue notification for invoice INV-6458 (1 days overdue)
Backend CI	Run tests	2026-03-17T02:41:37.4607412Z INFO:app.scheduler.services.notification_creation:Created overdue notification for invoice INV-6464 (67 days overdue)
Backend CI	Run tests	2026-03-17T02:41:37.4607756Z INFO:app.scheduler.services.notification_creation:Created overdue notification for invoice INV-5610 (221 days overdue)
Backend CI	Run tests	2026-03-17T02:41:37.4608087Z INFO:app.scheduler.services.notification_creation:Created overdue notification for invoice INV-5462 (20 days overdue)
Backend CI	Run tests	2026-03-17T02:41:37.4608416Z INFO:app.scheduler.services.notification_creation:Created overdue notification for invoice INV-2332 (261 days overdue)
Backend CI	Run tests	2026-03-17T02:41:37.4608741Z INFO:app.scheduler.services.notification_creation:Created overdue notification for invoice INV-8207 (1 days overdue)
Backend CI	Run tests	2026-03-17T02:41:37.4609075Z INFO:app.scheduler.services.notification_creation:Created overdue notification for invoice INV-3738 (81 days overdue)
Backend CI	Run tests	2026-03-17T02:41:37.4609515Z INFO:app.scheduler.services.notification_creation:Created overdue notification for invoice INV-9346 (1 days overdue)
Backend CI	Run tests	2026-03-17T02:41:37.4609852Z INFO:app.scheduler.services.notification_creation:Created overdue notification for invoice INV-3881 (217 days overdue)
Backend CI	Run tests	2026-03-17T02:41:37.4610187Z INFO:app.scheduler.services.notification_creation:Created overdue notification for invoice INV-3361 (115 days overdue)
Backend CI	Run tests	2026-03-17T02:41:37.4610516Z INFO:app.scheduler.services.notification_creation:Created overdue notification for invoice INV-8981 (146 days overdue)
Backend CI	Run tests	2026-03-17T02:41:37.4610848Z INFO:app.scheduler.services.notification_creation:Created overdue notification for invoice INV-9196 (61 days overdue)
Backend CI	Run tests	2026-03-17T02:41:37.4611172Z INFO:app.scheduler.services.notification_creation:Created overdue notification for invoice INV-8759 (82 days overdue)
Backend CI	Run tests	2026-03-17T02:41:37.4611509Z INFO:app.scheduler.services.notification_creation:Created overdue notification for invoice INV-7266 (181 days overdue)
Backend CI	Run tests	2026-03-17T02:41:37.4611837Z INFO:app.scheduler.services.notification_creation:Created overdue notification for invoice INV-2697 (44 days overdue)
Backend CI	Run tests	2026-03-17T02:41:37.4612162Z INFO:app.scheduler.services.notification_creation:Created overdue notification for invoice INV-7569 (1 days overdue)
Backend CI	Run tests	2026-03-17T02:41:37.4612594Z INFO:app.scheduler.services.notification_creation:Created overdue notification for invoice INV-9624 (1 days overdue)
Backend CI	Run tests	2026-03-17T02:41:37.4613047Z INFO:app.scheduler.services.notification_creation:Created overdue notification for invoice INV-8399 (134 days overdue)
Backend CI	Run tests	2026-03-17T02:41:37.4613385Z INFO:app.scheduler.services.notification_creation:Created overdue notification for invoice INV-5153 (280 days overdue)
Backend CI	Run tests	2026-03-17T02:41:37.4613718Z INFO:app.scheduler.services.notification_creation:Created overdue notification for invoice INV-6182 (183 days overdue)
Backend CI	Run tests	2026-03-17T02:41:37.4614049Z INFO:app.scheduler.services.notification_creation:Created overdue notification for invoice INV-5974 (161 days overdue)
Backend CI	Run tests	2026-03-17T02:41:37.4614388Z INFO:app.scheduler.services.notification_creation:Created overdue notification for invoice INV-5379 (317 days overdue)
Backend CI	Run tests	2026-03-17T02:41:37.4614713Z INFO:app.scheduler.services.notification_creation:Created overdue notification for invoice INV-2419 (50 days overdue)
Backend CI	Run tests	2026-03-17T02:41:37.4615048Z INFO:app.scheduler.services.notification_creation:Created overdue notification for invoice INV-2280 (36 days overdue)
Backend CI	Run tests	2026-03-17T02:41:37.4615376Z INFO:app.scheduler.services.notification_creation:Created overdue notification for invoice INV-2697 (44 days overdue)
Backend CI	Run tests	2026-03-17T02:41:37.4615701Z INFO:app.scheduler.services.notification_creation:Created overdue notification for invoice INV-7569 (1 days overdue)
Backend CI	Run tests	2026-03-17T02:41:37.4616033Z INFO:app.scheduler.services.notification_creation:Created overdue notification for invoice INV-9624 (1 days overdue)
Backend CI	Run tests	2026-03-17T02:41:37.4616364Z INFO:app.scheduler.services.notification_creation:Created overdue notification for invoice INV-8399 (134 days overdue)
Backend CI	Run tests	2026-03-17T02:41:37.4616701Z INFO:app.scheduler.services.notification_creation:Created overdue notification for invoice INV-5153 (280 days overdue)
Backend CI	Run tests	2026-03-17T02:41:37.4617031Z INFO:app.scheduler.services.notification_creation:Created overdue notification for invoice INV-6182 (183 days overdue)
Backend CI	Run tests	2026-03-17T02:41:37.4617365Z INFO:app.scheduler.services.notification_creation:Created overdue notification for invoice INV-5974 (161 days overdue)
Backend CI	Run tests	2026-03-17T02:41:37.4617700Z INFO:app.scheduler.services.notification_creation:Created overdue notification for invoice INV-5379 (317 days overdue)
Backend CI	Run tests	2026-03-17T02:41:37.4618027Z INFO:app.scheduler.services.notification_creation:Created overdue notification for invoice INV-2419 (50 days overdue)
Backend CI	Run tests	2026-03-17T02:41:37.4618358Z INFO:app.scheduler.services.notification_creation:Created overdue notification for invoice INV-2280 (36 days overdue)
Backend CI	Run tests	2026-03-17T02:41:37.4618679Z INFO:app.scheduler.services.notification_creation:Created overdue notification for invoice INV-9142 (1 days overdue)
Backend CI	Run tests	2026-03-17T02:41:37.4619122Z INFO:app.scheduler.services.notification_creation:Created overdue notification for invoice INV-6166 (1 days overdue)
Backend CI	Run tests	2026-03-17T02:41:37.4619458Z INFO:app.scheduler.services.notification_creation:Created overdue notification for invoice INV-9645 (102 days overdue)
Backend CI	Run tests	2026-03-17T02:41:37.4619786Z INFO:app.scheduler.services.notification_creation:Created overdue notification for invoice INV-4215 (1 days overdue)
Backend CI	Run tests	2026-03-17T02:41:37.4620114Z INFO:app.scheduler.services.notification_creation:Created overdue notification for invoice INV-3118 (2 days overdue)
Backend CI	Run tests	2026-03-17T02:41:37.4620441Z INFO:app.scheduler.services.notification_creation:Created overdue notification for invoice INV-3639 (357 days overdue)
Backend CI	Run tests	2026-03-17T02:41:37.4620776Z INFO:app.scheduler.services.notification_creation:Created overdue notification for invoice INV-1564 (194 days overdue)
Backend CI	Run tests	2026-03-17T02:41:37.4621110Z INFO:app.scheduler.services.notification_creation:Created overdue notification for invoice INV-5615 (129 days overdue)
Backend CI	Run tests	2026-03-17T02:41:37.4621445Z INFO:app.scheduler.services.notification_creation:Created overdue notification for invoice INV-4686 (363 days overdue)
Backend CI	Run tests	2026-03-17T02:41:37.4621780Z INFO:app.scheduler.services.notification_creation:Created overdue notification for invoice INV-3629 (84 days overdue)
Backend CI	Run tests	2026-03-17T02:41:37.4622220Z INFO:app.scheduler.services.notification_creation:Created overdue notification for invoice INV-3219 (254 days overdue)
Backend CI	Run tests	2026-03-17T02:41:37.4622560Z INFO:app.scheduler.services.notification_creation:Created overdue notification for invoice INV-5609 (185 days overdue)
Backend CI	Run tests	2026-03-17T02:41:37.4622995Z INFO:app.scheduler.services.notification_creation:Created overdue notification for invoice INV-9645 (102 days overdue)
Backend CI	Run tests	2026-03-17T02:41:37.4623324Z INFO:app.scheduler.services.notification_creation:Created overdue notification for invoice INV-4215 (1 days overdue)
Backend CI	Run tests	2026-03-17T02:41:37.4623654Z INFO:app.scheduler.services.notification_creation:Created overdue notification for invoice INV-3118 (2 days overdue)
Backend CI	Run tests	2026-03-17T02:41:37.4623996Z INFO:app.scheduler.services.notification_creation:Created overdue notification for invoice INV-3639 (357 days overdue)
Backend CI	Run tests	2026-03-17T02:41:37.4624330Z INFO:app.scheduler.services.notification_creation:Created overdue notification for invoice INV-1564 (194 days overdue)
Backend CI	Run tests	2026-03-17T02:41:37.4624667Z INFO:app.scheduler.services.notification_creation:Created overdue notification for invoice INV-5615 (129 days overdue)
Backend CI	Run tests	2026-03-17T02:41:37.4625000Z INFO:app.scheduler.services.notification_creation:Created overdue notification for invoice INV-4686 (363 days overdue)
Backend CI	Run tests	2026-03-17T02:41:37.4625332Z INFO:app.scheduler.services.notification_creation:Created overdue notification for invoice INV-3629 (84 days overdue)
Backend CI	Run tests	2026-03-17T02:41:37.4625662Z INFO:app.scheduler.services.notification_creation:Created overdue notification for invoice INV-3219 (254 days overdue)
Backend CI	Run tests	2026-03-17T02:41:37.4625998Z INFO:app.scheduler.services.notification_creation:Created overdue notification for invoice INV-5609 (185 days overdue)
Backend CI	Run tests	2026-03-17T02:41:37.4626332Z INFO:app.scheduler.services.notification_creation:Created overdue notification for invoice INV-5135 (260 days overdue)
Backend CI	Run tests	2026-03-17T02:41:37.4626665Z INFO:app.scheduler.services.notification_creation:Created overdue notification for invoice INV-4651 (100 days overdue)
Backend CI	Run tests	2026-03-17T02:41:37.4626997Z INFO:app.scheduler.services.notification_creation:Created overdue notification for invoice INV-9072 (1 days overdue)
Backend CI	Run tests	2026-03-17T02:41:37.4627321Z INFO:app.scheduler.services.notification_creation:Created overdue notification for invoice INV-5675 (1 days overdue)
Backend CI	Run tests	2026-03-17T02:41:37.4627658Z INFO:app.scheduler.services.notification_creation:Created overdue notification for invoice INV-9889 (306 days overdue)
Backend CI	Run tests	2026-03-17T02:41:37.4627989Z INFO:app.scheduler.services.notification_creation:Created overdue notification for invoice INV-6990 (360 days overdue)
Backend CI	Run tests	2026-03-17T02:41:37.4628321Z INFO:app.scheduler.services.notification_creation:Created overdue notification for invoice INV-4701 (221 days overdue)
Backend CI	Run tests	2026-03-17T02:41:37.4628788Z INFO:app.scheduler.services.notification_creation:Created overdue notification for invoice INV-3062 (248 days overdue)
Backend CI	Run tests	2026-03-17T02:41:37.4629116Z INFO:app.scheduler.services.notification_creation:Created overdue notification for invoice INV-8296 (59 days overdue)
Backend CI	Run tests	2026-03-17T02:41:37.4629453Z INFO:app.scheduler.services.notification_creation:Created overdue notification for invoice INV-6707 (37 days overdue)
Backend CI	Run tests	2026-03-17T02:41:37.4629788Z INFO:app.scheduler.services.notification_creation:Created overdue notification for invoice INV-4702 (276 days overdue)
Backend CI	Run tests	2026-03-17T02:41:37.4630111Z INFO:app.scheduler.services.notification_creation:Created overdue notification for invoice INV-8433 (1 days overdue)
Backend CI	Run tests	2026-03-17T02:41:37.4630448Z INFO:app.scheduler.services.notification_creation:Created overdue notification for invoice INV-6901 (214 days overdue)
Backend CI	Run tests	2026-03-17T02:41:37.4630779Z INFO:app.scheduler.services.notification_creation:Created overdue notification for invoice INV-8535 (106 days overdue)
Backend CI	Run tests	2026-03-17T02:41:37.4631117Z INFO:app.scheduler.services.notification_creation:Created overdue notification for invoice INV-8236 (81 days overdue)
Backend CI	Run tests	2026-03-17T02:41:37.4631450Z INFO:app.scheduler.services.notification_creation:Created overdue notification for invoice INV-8783 (348 days overdue)
Backend CI	Run tests	2026-03-17T02:41:37.4631883Z INFO:app.scheduler.services.notification_creation:Created overdue notification for invoice INV-9213 (362 days overdue)
Backend CI	Run tests	2026-03-17T02:41:37.4632224Z INFO:app.scheduler.services.notification_creation:Created overdue notification for invoice INV-8993 (340 days overdue)
Backend CI	Run tests	2026-03-17T02:41:37.4632557Z INFO:app.scheduler.services.notification_creation:Created overdue notification for invoice INV-4702 (276 days overdue)
Backend CI	Run tests	2026-03-17T02:41:37.4632991Z INFO:app.scheduler.services.notification_creation:Created overdue notification for invoice INV-8433 (1 days overdue)
Backend CI	Run tests	2026-03-17T02:41:37.4633324Z INFO:app.scheduler.services.notification_creation:Created overdue notification for invoice INV-6901 (214 days overdue)
Backend CI	Run tests	2026-03-17T02:41:37.4633658Z INFO:app.scheduler.services.notification_creation:Created overdue notification for invoice INV-8535 (106 days overdue)
Backend CI	Run tests	2026-03-17T02:41:37.4633988Z INFO:app.scheduler.services.notification_creation:Created overdue notification for invoice INV-8236 (81 days overdue)
Backend CI	Run tests	2026-03-17T02:41:37.4634322Z INFO:app.scheduler.services.notification_creation:Created overdue notification for invoice INV-8783 (348 days overdue)
Backend CI	Run tests	2026-03-17T02:41:37.4634656Z INFO:app.scheduler.services.notification_creation:Created overdue notification for invoice INV-9213 (362 days overdue)
Backend CI	Run tests	2026-03-17T02:41:37.4634988Z INFO:app.scheduler.services.notification_creation:Created overdue notification for invoice INV-8993 (340 days overdue)
Backend CI	Run tests	2026-03-17T02:41:37.4635346Z INFO:app.scheduler.services.notification_creation:Created overdue notification for invoice INV-1001 (232 days overdue)
Backend CI	Run tests	2026-03-17T02:41:37.4635676Z INFO:app.scheduler.services.notification_creation:Created overdue notification for invoice INV-5709 (1 days overdue)
Backend CI	Run tests	2026-03-17T02:41:37.4636011Z INFO:app.scheduler.services.notification_creation:Created overdue notification for invoice INV-9794 (243 days overdue)
Backend CI	Run tests	2026-03-17T02:41:37.4636346Z INFO:app.scheduler.services.notification_creation:Created overdue notification for invoice INV-4957 (17 days overdue)
Backend CI	Run tests	2026-03-17T02:41:37.4636675Z INFO:app.scheduler.services.notification_creation:Created overdue notification for invoice INV-8853 (1 days overdue)
Backend CI	Run tests	2026-03-17T02:41:37.4637004Z INFO:app.scheduler.services.notification_creation:Created overdue notification for invoice INV-9945 (250 days overdue)
Backend CI	Run tests	2026-03-17T02:41:37.4637340Z INFO:app.scheduler.services.notification_creation:Created overdue notification for invoice INV-7537 (201 days overdue)
Backend CI	Run tests	2026-03-17T02:41:37.4637675Z INFO:app.scheduler.services.notification_creation:Created overdue notification for invoice INV-4957 (17 days overdue)
Backend CI	Run tests	2026-03-17T02:41:37.4638007Z INFO:app.scheduler.services.notification_creation:Created overdue notification for invoice INV-8853 (1 days overdue)
Backend CI	Run tests	2026-03-17T02:41:37.4638452Z INFO:app.scheduler.services.notification_creation:Created overdue notification for invoice INV-9945 (250 days overdue)
Backend CI	Run tests	2026-03-17T02:41:37.4638785Z INFO:app.scheduler.services.notification_creation:Created overdue notification for invoice INV-7537 (201 days overdue)
Backend CI	Run tests	2026-03-17T02:41:37.4639128Z INFO:app.scheduler.services.notification_creation:Created overdue notification for invoice INV-5893 (350 days overdue)
Backend CI	Run tests	2026-03-17T02:41:37.4639450Z INFO:app.scheduler.services.notification_creation:Created overdue notification for invoice INV-5961 (1 days overdue)
Backend CI	Run tests	2026-03-17T02:41:37.4639788Z INFO:app.scheduler.services.notification_creation:Created overdue notification for invoice INV-9897 (299 days overdue)
Backend CI	Run tests	2026-03-17T02:41:37.4640118Z INFO:app.scheduler.services.notification_creation:Created overdue notification for invoice INV-2165 (345 days overdue)
Backend CI	Run tests	2026-03-17T02:41:37.4640455Z INFO:app.scheduler.services.notification_creation:Created overdue notification for invoice INV-2677 (59 days overdue)
Backend CI	Run tests	2026-03-17T02:41:37.4640779Z INFO:app.scheduler.services.notification_creation:Created overdue notification for invoice INV-1863 (1 days overdue)
Backend CI	Run tests	2026-03-17T02:41:37.4641114Z INFO:app.scheduler.services.notification_creation:Created overdue notification for invoice INV-3908 (348 days overdue)
Backend CI	Run tests	2026-03-17T02:41:37.4641742Z INFO:app.scheduler.services.notification_creation:Created overdue notification for invoice INV-4588 (71 days overdue)
Backend CI	Run tests	2026-03-17T02:41:37.4642376Z INFO:app.scheduler.services.notification_creation:Created overdue notification for invoice INV-9251 (337 days overdue)
Backend CI	Run tests	2026-03-17T02:41:37.4643166Z INFO:app.scheduler.services.notification_creation:Created overdue notification for invoice INV-9998 (354 days overdue)
Backend CI	Run tests	2026-03-17T02:41:37.4643774Z INFO:app.scheduler.services.notification_creation:Created overdue notification for invoice INV-5396 (122 days overdue)
Backend CI	Run tests	2026-03-17T02:41:37.4644382Z INFO:app.scheduler.services.notification_creation:Created overdue notification for invoice INV-4780 (112 days overdue)
Backend CI	Run tests	2026-03-17T02:41:37.4644951Z INFO:app.scheduler.services.notification_creation:Created overdue notification for invoice INV-4878 (313 days overdue)
Backend CI	Run tests	2026-03-17T02:41:37.4645291Z INFO:app.scheduler.services.notification_creation:Created overdue notification for invoice INV-1118 (164 days overdue)
Backend CI	Run tests	2026-03-17T02:41:37.4645635Z INFO:app.scheduler.services.notification_creation:Created overdue notification for invoice INV-5204 (343 days overdue)
Backend CI	Run tests	2026-03-17T02:41:37.4645962Z INFO:app.scheduler.services.notification_creation:Created overdue notification for invoice INV-4972 (1 days overdue)
Backend CI	Run tests	2026-03-17T02:41:37.4646291Z INFO:app.scheduler.services.notification_creation:Created overdue notification for invoice INV-5204 (343 days overdue)
Backend CI	Run tests	2026-03-17T02:41:37.4646622Z INFO:app.scheduler.services.notification_creation:Created overdue notification for invoice INV-4972 (1 days overdue)
Backend CI	Run tests	2026-03-17T02:41:37.4646955Z INFO:app.scheduler.services.notification_creation:Created overdue notification for invoice INV-2627 (334 days overdue)
Backend CI	Run tests	2026-03-17T02:41:37.4647285Z INFO:app.scheduler.services.notification_creation:Created overdue notification for invoice INV-9018 (1 days overdue)
Backend CI	Run tests	2026-03-17T02:41:37.4647624Z INFO:app.scheduler.services.notification_creation:Created overdue notification for invoice INV-3208 (164 days overdue)
Backend CI	Run tests	2026-03-17T02:41:37.4647961Z INFO:app.scheduler.services.notification_creation:Created overdue notification for invoice INV-2222 (211 days overdue)
Backend CI	Run tests	2026-03-17T02:41:37.4648297Z INFO:app.scheduler.services.notification_creation:Created overdue notification for invoice INV-4990 (163 days overdue)
Backend CI	Run tests	2026-03-17T02:41:37.4648626Z INFO:app.scheduler.services.notification_creation:Created overdue notification for invoice INV-2627 (334 days overdue)
Backend CI	Run tests	2026-03-17T02:41:37.4648955Z INFO:app.scheduler.services.notification_creation:Created overdue notification for invoice INV-9018 (1 days overdue)
Backend CI	Run tests	2026-03-17T02:41:37.4649437Z INFO:app.scheduler.services.notification_creation:Created overdue notification for invoice INV-3208 (164 days overdue)
Backend CI	Run tests	2026-03-17T02:41:37.4649772Z INFO:app.scheduler.services.notification_creation:Created overdue notification for invoice INV-2222 (211 days overdue)
Backend CI	Run tests	2026-03-17T02:41:37.4650113Z INFO:app.scheduler.services.notification_creation:Created overdue notification for invoice INV-4990 (163 days overdue)
Backend CI	Run tests	2026-03-17T02:41:37.4650444Z INFO:app.scheduler.services.notification_creation:Created overdue notification for invoice INV-1805 (186 days overdue)
Backend CI	Run tests	2026-03-17T02:41:37.4650776Z INFO:app.scheduler.services.notification_creation:Created overdue notification for invoice INV-8405 (1 days overdue)
Backend CI	Run tests	2026-03-17T02:41:37.4651108Z INFO:app.scheduler.services.notification_creation:Created overdue notification for invoice INV-1805 (186 days overdue)
Backend CI	Run tests	2026-03-17T02:41:37.4651433Z INFO:app.scheduler.services.notification_creation:Created overdue notification for invoice INV-8405 (1 days overdue)
Backend CI	Run tests	2026-03-17T02:41:37.4651773Z INFO:app.scheduler.services.notification_creation:Created overdue notification for invoice INV-8851 (107 days overdue)
Backend CI	Run tests	2026-03-17T02:41:37.4652097Z INFO:app.scheduler.services.notification_creation:Created overdue notification for invoice INV-4234 (1 days overdue)
Backend CI	Run tests	2026-03-17T02:41:37.4652536Z INFO:app.scheduler.services.notification_creation:Created overdue notification for invoice INV-2099 (39 days overdue)
Backend CI	Run tests	2026-03-17T02:41:37.4653010Z INFO:app.scheduler.services.notification_creation:Created overdue notification for invoice INV-4409 (347 days overdue)
Backend CI	Run tests	2026-03-17T02:41:37.4653344Z INFO:app.scheduler.services.notification_creation:Created overdue notification for invoice INV-9230 (302 days overdue)
Backend CI	Run tests	2026-03-17T02:41:37.4653678Z INFO:app.scheduler.services.notification_creation:Created overdue notification for invoice INV-1675 (1 days overdue)
Backend CI	Run tests	2026-03-17T02:41:37.4654006Z INFO:app.scheduler.services.notification_creation:Created overdue notification for invoice INV-1624 (319 days overdue)
Backend CI	Run tests	2026-03-17T02:41:37.4654347Z INFO:app.scheduler.services.notification_creation:Created overdue notification for invoice INV-4462 (165 days overdue)
Backend CI	Run tests	2026-03-17T02:41:37.4654672Z INFO:app.scheduler.services.notification_creation:Created overdue notification for invoice INV-1756 (12 days overdue)
Backend CI	Run tests	2026-03-17T02:41:37.4655008Z INFO:app.scheduler.services.notification_creation:Created overdue notification for invoice INV-5157 (156 days overdue)
Backend CI	Run tests	2026-03-17T02:41:37.4655346Z INFO:app.scheduler.services.notification_creation:Created overdue notification for invoice INV-6087 (345 days overdue)
Backend CI	Run tests	2026-03-17T02:41:37.4655677Z INFO:app.scheduler.services.notification_creation:Created overdue notification for invoice INV-8909 (39 days overdue)
Backend CI	Run tests	2026-03-17T02:41:37.4656011Z INFO:app.scheduler.services.notification_creation:Created overdue notification for invoice INV-6010 (360 days overdue)
Backend CI	Run tests	2026-03-17T02:41:37.4656342Z INFO:app.scheduler.services.notification_creation:Created overdue notification for invoice INV-3100 (108 days overdue)
Backend CI	Run tests	2026-03-17T02:41:37.4656678Z INFO:app.scheduler.services.notification_creation:Created overdue notification for invoice INV-2106 (280 days overdue)
Backend CI	Run tests	2026-03-17T02:41:37.4657009Z INFO:app.scheduler.services.notification_creation:Created overdue notification for invoice INV-6561 (1 days overdue)
Backend CI	Run tests	2026-03-17T02:41:37.4657345Z INFO:app.scheduler.services.notification_creation:Created overdue notification for invoice INV-5298 (105 days overdue)
Backend CI	Run tests	2026-03-17T02:41:37.4657697Z INFO:app.scheduler.services.notification_creation:Created overdue notification for invoice INV-3892 (300 days overdue)
Backend CI	Run tests	2026-03-17T02:41:37.4658027Z INFO:app.scheduler.services.notification_creation:Created overdue notification for invoice INV-9374 (1 days overdue)
Backend CI	Run tests	2026-03-17T02:41:37.4658361Z INFO:app.scheduler.services.notification_creation:Created overdue notification for invoice INV-6690 (365 days overdue)
Backend CI	Run tests	2026-03-17T02:41:37.4658699Z INFO:app.scheduler.services.notification_creation:Created overdue notification for invoice INV-8513 (261 days overdue)
Backend CI	Run tests	2026-03-17T02:41:37.4659146Z INFO:app.scheduler.services.notification_creation:Created overdue notification for invoice INV-7230 (280 days overdue)
Backend CI	Run tests	2026-03-17T02:41:37.4659481Z INFO:app.scheduler.services.notification_creation:Created overdue notification for invoice INV-6629 (45 days overdue)
Backend CI	Run tests	2026-03-17T02:41:37.4659813Z INFO:app.scheduler.services.notification_creation:Created overdue notification for invoice INV-1584 (20 days overdue)
Backend CI	Run tests	2026-03-17T02:41:37.4660145Z INFO:app.scheduler.services.notification_creation:Created overdue notification for invoice INV-5977 (289 days overdue)
Backend CI	Run tests	2026-03-17T02:41:37.4660487Z INFO:app.scheduler.services.notification_creation:Created overdue notification for invoice INV-5283 (130 days overdue)
Backend CI	Run tests	2026-03-17T02:41:37.4660818Z INFO:app.scheduler.services.notification_creation:Created overdue notification for invoice INV-3734 (275 days overdue)
Backend CI	Run tests	2026-03-17T02:41:37.4661148Z INFO:app.scheduler.services.notification_creation:Created overdue notification for invoice INV-7575 (86 days overdue)
Backend CI	Run tests	2026-03-17T02:41:37.4661476Z INFO:app.scheduler.services.notification_creation:Created overdue notification for invoice INV-4717 (1 days overdue)
Backend CI	Run tests	2026-03-17T02:41:37.4661809Z INFO:app.scheduler.services.notification_creation:Created overdue notification for invoice INV-8183 (24 days overdue)
Backend CI	Run tests	2026-03-17T02:41:37.4662241Z INFO:app.scheduler.services.notification_creation:Created overdue notification for invoice INV-7926 (265 days overdue)
Backend CI	Run tests	2026-03-17T02:41:37.4662569Z INFO:app.scheduler.services.notification_creation:Created overdue notification for invoice INV-2619 (1 days overdue)
Backend CI	Run tests	2026-03-17T02:41:37.4663013Z INFO:app.scheduler.services.notification_creation:Created overdue notification for invoice INV-6811 (236 days overdue)
Backend CI	Run tests	2026-03-17T02:41:37.4663346Z INFO:app.scheduler.services.notification_creation:Created overdue notification for invoice INV-1514 (237 days overdue)
Backend CI	Run tests	2026-03-17T02:41:37.4663682Z INFO:app.scheduler.services.notification_creation:Created overdue notification for invoice INV-3738 (118 days overdue)
Backend CI	Run tests	2026-03-17T02:41:37.4664016Z INFO:app.scheduler.services.notification_creation:Created overdue notification for invoice INV-4483 (243 days overdue)
Backend CI	Run tests	2026-03-17T02:41:37.4664343Z INFO:app.scheduler.services.notification_creation:Created overdue notification for invoice INV-7926 (265 days overdue)
Backend CI	Run tests	2026-03-17T02:41:37.4664679Z INFO:app.scheduler.services.notification_creation:Created overdue notification for invoice INV-2619 (1 days overdue)
Backend CI	Run tests	2026-03-17T02:41:37.4665008Z INFO:app.scheduler.services.notification_creation:Created overdue notification for invoice INV-6811 (236 days overdue)
Backend CI	Run tests	2026-03-17T02:41:37.4665344Z INFO:app.scheduler.services.notification_creation:Created overdue notification for invoice INV-1514 (237 days overdue)
Backend CI	Run tests	2026-03-17T02:41:37.4665674Z INFO:app.scheduler.services.notification_creation:Created overdue notification for invoice INV-3738 (118 days overdue)
Backend CI	Run tests	2026-03-17T02:41:37.4666004Z INFO:app.scheduler.services.notification_creation:Created overdue notification for invoice INV-4483 (243 days overdue)
Backend CI	Run tests	2026-03-17T02:41:37.4666338Z INFO:app.scheduler.services.notification_creation:Created overdue notification for invoice INV-7114 (24 days overdue)
Backend CI	Run tests	2026-03-17T02:41:37.4666667Z INFO:app.scheduler.services.notification_creation:Created overdue notification for invoice INV-9818 (167 days overdue)
Backend CI	Run tests	2026-03-17T02:41:37.4667005Z INFO:app.scheduler.services.notification_creation:Created overdue notification for invoice INV-7847 (348 days overdue)
Backend CI	Run tests	2026-03-17T02:41:37.4667330Z INFO:app.scheduler.services.notification_creation:Created overdue notification for invoice INV-5812 (1 days overdue)
Backend CI	Run tests	2026-03-17T02:41:37.4667660Z INFO:app.scheduler.services.notification_creation:Created overdue notification for invoice INV-7847 (348 days overdue)
Backend CI	Run tests	2026-03-17T02:41:37.4667993Z INFO:app.scheduler.services.notification_creation:Created overdue notification for invoice INV-5812 (1 days overdue)
Backend CI	Run tests	2026-03-17T02:41:37.4668320Z INFO:app.scheduler.services.notification_creation:Created overdue notification for invoice INV-6741 (100 days overdue)
Backend CI	Run tests	2026-03-17T02:41:37.4668801Z INFO:app.scheduler.services.notification_creation:Created overdue notification for invoice INV-8160 (1 days overdue)
Backend CI	Run tests	2026-03-17T02:41:37.4669132Z INFO:app.scheduler.services.notification_creation:Created overdue notification for invoice INV-5987 (365 days overdue)
Backend CI	Run tests	2026-03-17T02:41:37.4669463Z INFO:app.scheduler.services.notification_creation:Created overdue notification for invoice INV-8975 (73 days overdue)
Backend CI	Run tests	2026-03-17T02:41:37.4669801Z INFO:app.scheduler.services.notification_creation:Created overdue notification for invoice INV-2737 (364 days overdue)
Backend CI	Run tests	2026-03-17T02:41:37.4670129Z INFO:app.scheduler.services.notification_creation:Created overdue notification for invoice INV-1845 (80 days overdue)
Backend CI	Run tests	2026-03-17T02:41:37.4670459Z INFO:app.scheduler.services.notification_creation:Created overdue notification for invoice INV-7173 (1 days overdue)
Backend CI	Run tests	2026-03-17T02:41:37.4670788Z INFO:app.scheduler.services.notification_creation:Created overdue notification for invoice INV-1435 (162 days overdue)
Backend CI	Run tests	2026-03-17T02:41:37.4671118Z INFO:app.scheduler.services.notification_creation:Created overdue notification for invoice INV-6894 (1 days overdue)
Backend CI	Run tests	2026-03-17T02:41:37.4671453Z INFO:app.scheduler.services.notification_creation:Created overdue notification for invoice INV-1310 (168 days overdue)
Backend CI	Run tests	2026-03-17T02:41:37.4671888Z INFO:app.scheduler.services.notification_creation:Created overdue notification for invoice INV-3402 (195 days overdue)
Backend CI	Run tests	2026-03-17T02:41:37.4672222Z INFO:app.scheduler.services.notification_creation:Created overdue notification for invoice INV-9213 (1 days overdue)
Backend CI	Run tests	2026-03-17T02:41:37.4672546Z INFO:app.scheduler.services.notification_creation:Created overdue notification for invoice INV-9999 (94 days overdue)
Backend CI	Run tests	2026-03-17T02:41:37.4672971Z INFO:app.scheduler.services.notification_creation:Created overdue notification for invoice INV-9999 (45 days overdue)
Backend CI	Run tests	2026-03-17T02:41:37.4673309Z INFO:app.scheduler.services.notification_creation:Created overdue notification for invoice INV-9430 (307 days overdue)
Backend CI	Run tests	2026-03-17T02:41:37.4673643Z INFO:app.scheduler.services.notification_creation:Created overdue notification for invoice INV-8643 (131 days overdue)
Backend CI	Run tests	2026-03-17T02:41:37.4673978Z INFO:app.scheduler.services.notification_creation:Created overdue notification for invoice INV-6479 (342 days overdue)
Backend CI	Run tests	2026-03-17T02:41:37.4674307Z INFO:app.scheduler.services.notification_creation:Created overdue notification for invoice INV-4529 (1 days overdue)
Backend CI	Run tests	2026-03-17T02:41:37.4674635Z INFO:app.scheduler.services.notification_creation:Created overdue notification for invoice INV-1143 (130 days overdue)
Backend CI	Run tests	2026-03-17T02:41:37.4674967Z INFO:app.scheduler.services.notification_creation:Created overdue notification for invoice INV-3148 (17 days overdue)
Backend CI	Run tests	2026-03-17T02:41:37.4675297Z INFO:app.scheduler.services.notification_creation:Created overdue notification for invoice INV-8234 (216 days overdue)
Backend CI	Run tests	2026-03-17T02:41:37.4675631Z INFO:app.scheduler.services.notification_creation:Created overdue notification for invoice INV-5134 (1 days overdue)
Backend CI	Run tests	2026-03-17T02:41:37.4675960Z INFO:app.scheduler.services.notification_creation:Created overdue notification for invoice INV-9008 (3 days overdue)
Backend CI	Run tests	2026-03-17T02:41:37.4676296Z INFO:app.scheduler.services.notification_creation:Created overdue notification for invoice INV-8234 (216 days overdue)
Backend CI	Run tests	2026-03-17T02:41:37.4676630Z INFO:app.scheduler.services.notification_creation:Created overdue notification for invoice INV-5134 (1 days overdue)
Backend CI	Run tests	2026-03-17T02:41:37.4676956Z INFO:app.scheduler.services.notification_creation:Created overdue notification for invoice INV-9008 (3 days overdue)
Backend CI	Run tests	2026-03-17T02:41:37.4677292Z INFO:app.scheduler.services.notification_creation:Created overdue notification for invoice INV-8892 (107 days overdue)
Backend CI	Run tests	2026-03-17T02:41:37.4677618Z INFO:app.scheduler.services.notification_creation:Created overdue notification for invoice INV-7864 (1 days overdue)
Backend CI	Run tests	2026-03-17T02:41:37.4677948Z INFO:app.scheduler.services.notification_creation:Created overdue notification for invoice INV-8200 (212 days overdue)
Backend CI	Run tests	2026-03-17T02:41:37.4678396Z INFO:app.scheduler.services.notification_creation:Created overdue notification for invoice INV-9333 (296 days overdue)
Backend CI	Run tests	2026-03-17T02:41:37.4678729Z INFO:app.scheduler.services.notification_creation:Created overdue notification for invoice INV-2787 (361 days overdue)
Backend CI	Run tests	2026-03-17T02:41:37.4679077Z INFO:app.scheduler.services.notification_creation:Created overdue notification for invoice INV-9914 (301 days overdue)
Backend CI	Run tests	2026-03-17T02:41:37.4679408Z INFO:app.scheduler.services.notification_creation:Created overdue notification for invoice INV-4063 (217 days overdue)
Backend CI	Run tests	2026-03-17T02:41:37.4679731Z INFO:app.scheduler.services.notification_creation:Created overdue notification for invoice INV-9890 (1 days overdue)
Backend CI	Run tests	2026-03-17T02:41:37.4680065Z INFO:app.scheduler.services.notification_creation:Created overdue notification for invoice INV-4063 (217 days overdue)
Backend CI	Run tests	2026-03-17T02:41:37.4680388Z INFO:app.scheduler.services.notification_creation:Created overdue notification for invoice INV-9890 (1 days overdue)
Backend CI	Run tests	2026-03-17T02:41:37.4680730Z INFO:app.scheduler.services.notification_creation:Created overdue notification for invoice INV-5238 (293 days overdue)
Backend CI	Run tests	2026-03-17T02:41:37.4681053Z INFO:app.scheduler.services.notification_creation:Created overdue notification for invoice INV-9999 (1 days overdue)
Backend CI	Run tests	2026-03-17T02:41:37.4681490Z INFO:app.scheduler.services.notification_creation:Created overdue notification for invoice INV-7414 (315 days overdue)
Backend CI	Run tests	2026-03-17T02:41:37.4681821Z INFO:app.scheduler.services.notification_creation:Created overdue notification for invoice INV-1860 (109 days overdue)
Backend CI	Run tests	2026-03-17T02:41:37.4682150Z INFO:app.scheduler.services.notification_creation:Created overdue notification for invoice INV-3741 (84 days overdue)
Backend CI	Run tests	2026-03-17T02:41:37.4682482Z INFO:app.scheduler.services.notification_creation:Created overdue notification for invoice INV-4771 (1 days overdue)
Backend CI	Run tests	2026-03-17T02:41:37.4682938Z INFO:app.scheduler.services.notification_creation:Created overdue notification for invoice INV-3741 (84 days overdue)
Backend CI	Run tests	2026-03-17T02:41:37.4683279Z INFO:app.scheduler.services.notification_creation:Created overdue notification for invoice INV-4771 (1 days overdue)
Backend CI	Run tests	2026-03-17T02:41:37.4683607Z INFO:app.scheduler.services.notification_creation:Created overdue notification for invoice INV-3870 (99 days overdue)
Backend CI	Run tests	2026-03-17T02:41:37.4683939Z INFO:app.scheduler.services.notification_creation:Created overdue notification for invoice INV-2163 (1 days overdue)
Backend CI	Run tests	2026-03-17T02:41:37.4684273Z INFO:app.scheduler.services.notification_creation:Created overdue notification for invoice INV-1000 (365 days overdue)
Backend CI	Run tests	2026-03-17T02:41:37.4684599Z INFO:app.scheduler.services.notification_creation:Created overdue notification for invoice INV-5732 (19 days overdue)
Backend CI	Run tests	2026-03-17T02:41:37.4684933Z INFO:app.scheduler.services.notification_creation:Created overdue notification for invoice INV-3978 (199 days overdue)
Backend CI	Run tests	2026-03-17T02:41:37.4685264Z INFO:app.scheduler.services.notification_creation:Created overdue notification for invoice INV-6063 (119 days overdue)
Backend CI	Run tests	2026-03-17T02:41:37.4685599Z INFO:app.scheduler.services.notification_creation:Created overdue notification for invoice INV-5555 (306 days overdue)
Backend CI	Run tests	2026-03-17T02:41:37.4685930Z INFO:app.scheduler.services.notification_creation:Created overdue notification for invoice INV-1365 (82 days overdue)
Backend CI	Run tests	2026-03-17T02:41:37.4686259Z INFO:app.scheduler.services.notification_creation:Created overdue notification for invoice INV-9210 (71 days overdue)
Backend CI	Run tests	2026-03-17T02:41:37.4686598Z INFO:app.scheduler.services.notification_creation:Created overdue notification for invoice INV-1663 (87 days overdue)
Backend CI	Run tests	2026-03-17T02:41:37.4686929Z INFO:app.scheduler.services.notification_creation:Created overdue notification for invoice INV-4762 (355 days overdue)
Backend CI	Run tests	2026-03-17T02:41:37.4687255Z INFO:app.scheduler.services.notification_creation:Created overdue notification for invoice INV-3863 (1 days overdue)
Backend CI	Run tests	2026-03-17T02:41:37.4687593Z INFO:app.scheduler.services.notification_creation:Created overdue notification for invoice INV-3347 (241 days overdue)
Backend CI	Run tests	2026-03-17T02:41:37.4688052Z INFO:app.scheduler.services.notification_creation:Created overdue notification for invoice INV-7921 (290 days overdue)
Backend CI	Run tests	2026-03-17T02:41:37.4688392Z INFO:app.scheduler.services.notification_creation:Created overdue notification for invoice INV-5438 (251 days overdue)
Backend CI	Run tests	2026-03-17T02:41:37.4688721Z INFO:app.scheduler.services.notification_creation:Created overdue notification for invoice INV-7345 (15 days overdue)
Backend CI	Run tests	2026-03-17T02:41:37.4689051Z INFO:app.scheduler.services.notification_creation:Created overdue notification for invoice INV-6525 (122 days overdue)
Backend CI	Run tests	2026-03-17T02:41:37.4689385Z INFO:app.scheduler.services.notification_creation:Created overdue notification for invoice INV-4499 (348 days overdue)
Backend CI	Run tests	2026-03-17T02:41:37.4689714Z INFO:app.scheduler.services.notification_creation:Created overdue notification for invoice INV-6574 (137 days overdue)
Backend CI	Run tests	2026-03-17T02:41:37.4690050Z INFO:app.scheduler.services.notification_creation:Created overdue notification for invoice INV-5509 (86 days overdue)
Backend CI	Run tests	2026-03-17T02:41:37.4690378Z INFO:app.scheduler.services.notification_creation:Created overdue notification for invoice INV-4762 (355 days overdue)
Backend CI	Run tests	2026-03-17T02:41:37.4690703Z INFO:app.scheduler.services.notification_creation:Created overdue notification for invoice INV-3863 (1 days overdue)
Backend CI	Run tests	2026-03-17T02:41:37.4691144Z INFO:app.scheduler.services.notification_creation:Created overdue notification for invoice INV-3347 (241 days overdue)
Backend CI	Run tests	2026-03-17T02:41:37.4691473Z INFO:app.scheduler.services.notification_creation:Created overdue notification for invoice INV-7921 (290 days overdue)
Backend CI	Run tests	2026-03-17T02:41:37.4691809Z INFO:app.scheduler.services.notification_creation:Created overdue notification for invoice INV-5438 (251 days overdue)
Backend CI	Run tests	2026-03-17T02:41:37.4692136Z INFO:app.scheduler.services.notification_creation:Created overdue notification for invoice INV-7345 (15 days overdue)
Backend CI	Run tests	2026-03-17T02:41:37.4692470Z INFO:app.scheduler.services.notification_creation:Created overdue notification for invoice INV-6525 (122 days overdue)
Backend CI	Run tests	2026-03-17T02:41:37.4692936Z INFO:app.scheduler.services.notification_creation:Created overdue notification for invoice INV-4499 (348 days overdue)
Backend CI	Run tests	2026-03-17T02:41:37.4693271Z INFO:app.scheduler.services.notification_creation:Created overdue notification for invoice INV-6574 (137 days overdue)
Backend CI	Run tests	2026-03-17T02:41:37.4693614Z INFO:app.scheduler.services.notification_creation:Created overdue notification for invoice INV-5509 (86 days overdue)
Backend CI	Run tests	2026-03-17T02:41:37.4693943Z INFO:app.scheduler.services.notification_creation:Created overdue notification for invoice INV-7296 (317 days overdue)
Backend CI	Run tests	2026-03-17T02:41:37.4694267Z INFO:app.scheduler.services.notification_creation:Created overdue notification for invoice INV-1558 (1 days overdue)
Backend CI	Run tests	2026-03-17T02:41:37.4694597Z INFO:app.scheduler.services.notification_creation:Created overdue notification for invoice INV-1000 (24 days overdue)
Backend CI	Run tests	2026-03-17T02:41:37.4694931Z INFO:app.scheduler.services.notification_creation:Created overdue notification for invoice INV-1849 (303 days overdue)
Backend CI	Run tests	2026-03-17T02:41:37.4695266Z INFO:app.scheduler.services.notification_creation:Created overdue notification for invoice INV-2246 (197 days overdue)
Backend CI	Run tests	2026-03-17T02:41:37.4695602Z INFO:app.scheduler.services.notification_creation:Created overdue notification for invoice INV-8019 (361 days overdue)
Backend CI	Run tests	2026-03-17T02:41:37.4695931Z INFO:app.scheduler.services.notification_creation:Created overdue notification for invoice INV-3447 (28 days overdue)
Backend CI	Run tests	2026-03-17T02:41:37.4696259Z INFO:app.scheduler.services.notification_creation:Created overdue notification for invoice INV-2588 (1 days overdue)
Backend CI	Run tests	2026-03-17T02:41:37.4696588Z INFO:app.scheduler.services.notification_creation:Created overdue notification for invoice INV-4409 (102 days overdue)
Backend CI	Run tests	2026-03-17T02:41:37.4696924Z INFO:app.scheduler.services.notification_creation:Created overdue notification for invoice INV-9477 (184 days overdue)
Backend CI	Run tests	2026-03-17T02:41:37.4697364Z INFO:app.scheduler.services.notification_creation:Created overdue notification for invoice INV-9722 (40 days overdue)
Backend CI	Run tests	2026-03-17T02:41:37.4697695Z INFO:app.scheduler.services.notification_creation:Created overdue notification for invoice INV-5544 (150 days overdue)
Backend CI	Run tests	2026-03-17T02:41:37.4698028Z INFO:app.scheduler.services.notification_creation:Created overdue notification for invoice INV-5277 (1 days overdue)
Backend CI	Run tests	2026-03-17T02:41:37.4698355Z INFO:app.scheduler.services.notification_creation:Created overdue notification for invoice INV-5227 (150 days overdue)
Backend CI	Run tests	2026-03-17T02:41:37.4698692Z INFO:app.scheduler.services.notification_creation:Created overdue notification for invoice INV-5661 (132 days overdue)
Backend CI	Run tests	2026-03-17T02:41:37.4699017Z INFO:app.scheduler.services.notification_creation:Created overdue notification for invoice INV-1907 (25 days overdue)
Backend CI	Run tests	2026-03-17T02:41:37.4699341Z INFO:app.scheduler.services.notification_creation:Created overdue notification for invoice INV-5654 (1 days overdue)
Backend CI	Run tests	2026-03-17T02:41:37.4699676Z INFO:app.scheduler.services.notification_creation:Created overdue notification for invoice INV-5233 (34 days overdue)
Backend CI	Run tests	2026-03-17T02:41:37.4700000Z INFO:app.scheduler.services.notification_creation:Created overdue notification for invoice INV-8674 (41 days overdue)
Backend CI	Run tests	2026-03-17T02:41:37.4700436Z INFO:app.scheduler.services.notification_creation:Created overdue notification for invoice INV-9278 (314 days overdue)
Backend CI	Run tests	2026-03-17T02:41:37.4700767Z INFO:app.scheduler.services.notification_creation:Created overdue notification for invoice INV-1512 (162 days overdue)
Backend CI	Run tests	2026-03-17T02:41:37.4701102Z INFO:app.scheduler.services.notification_creation:Created overdue notification for invoice INV-8567 (312 days overdue)
Backend CI	Run tests	2026-03-17T02:41:37.4701431Z INFO:app.scheduler.services.notification_creation:Created overdue notification for invoice INV-1911 (342 days overdue)
Backend CI	Run tests	2026-03-17T02:41:37.4701759Z INFO:app.scheduler.services.notification_creation:Created overdue notification for invoice INV-5027 (115 days overdue)
Backend CI	Run tests	2026-03-17T02:41:37.4702090Z INFO:app.scheduler.services.notification_creation:Created overdue notification for invoice INV-8079 (1 days overdue)
Backend CI	Run tests	2026-03-17T02:41:37.4702419Z INFO:app.scheduler.services.notification_creation:Created overdue notification for invoice INV-5264 (210 days overdue)
Backend CI	Run tests	2026-03-17T02:41:37.4702860Z INFO:app.scheduler.services.notification_creation:Created overdue notification for invoice INV-7089 (345 days overdue)
Backend CI	Run tests	2026-03-17T02:41:37.4703192Z INFO:app.scheduler.services.notification_creation:Created overdue notification for invoice INV-8801 (348 days overdue)
Backend CI	Run tests	2026-03-17T02:41:37.4703523Z INFO:app.scheduler.services.notification_creation:Created overdue notification for invoice INV-9605 (181 days overdue)
Backend CI	Run tests	2026-03-17T02:41:37.4703862Z INFO:app.scheduler.services.notification_creation:Created overdue notification for invoice INV-5524 (365 days overdue)
Backend CI	Run tests	2026-03-17T02:41:37.4704193Z INFO:app.scheduler.services.notification_creation:Created overdue notification for invoice INV-7737 (117 days overdue)
Backend CI	Run tests	2026-03-17T02:41:37.4704532Z INFO:app.scheduler.services.notification_creation:Created overdue notification for invoice INV-3922 (110 days overdue)
Backend CI	Run tests	2026-03-17T02:41:37.4704860Z INFO:app.scheduler.services.notification_creation:Created overdue notification for invoice INV-5259 (212 days overdue)
Backend CI	Run tests	2026-03-17T02:41:37.4705192Z INFO:app.scheduler.services.notification_creation:Created overdue notification for invoice INV-6869 (96 days overdue)
Backend CI	Run tests	2026-03-17T02:41:37.4705817Z INFO:app.scheduler.services.notification_creation:Created overdue notification for invoice INV-8505 (1 days overdue)
Backend CI	Run tests	2026-03-17T02:41:37.4706416Z INFO:app.scheduler.services.notification_creation:Created overdue notification for invoice INV-6869 (96 days overdue)
Backend CI	Run tests	2026-03-17T02:41:37.4706959Z INFO:app.scheduler.services.notification_creation:Created overdue notification for invoice INV-8505 (1 days overdue)
Backend CI	Run tests	2026-03-17T02:41:37.4707297Z INFO:app.scheduler.services.notification_creation:Created overdue notification for invoice INV-3577 (226 days overdue)
Backend CI	Run tests	2026-03-17T02:41:37.4707775Z INFO:app.scheduler.services.notification_creation:Created overdue notification for invoice INV-1121 (1 days overdue)
Backend CI	Run tests	2026-03-17T02:41:37.4708112Z INFO:app.scheduler.services.notification_creation:Created overdue notification for invoice INV-8926 (292 days overdue)
Backend CI	Run tests	2026-03-17T02:41:37.4708447Z INFO:app.scheduler.services.notification_creation:Created overdue notification for invoice INV-6980 (264 days overdue)
Backend CI	Run tests	2026-03-17T02:41:37.4708783Z INFO:app.scheduler.services.notification_creation:Created overdue notification for invoice INV-3577 (226 days overdue)
Backend CI	Run tests	2026-03-17T02:41:37.4709104Z INFO:app.scheduler.services.notification_creation:Created overdue notification for invoice INV-1121 (1 days overdue)
Backend CI	Run tests	2026-03-17T02:41:37.4709436Z INFO:app.scheduler.services.notification_creation:Created overdue notification for invoice INV-8926 (292 days overdue)
Backend CI	Run tests	2026-03-17T02:41:37.4709771Z INFO:app.scheduler.services.notification_creation:Created overdue notification for invoice INV-6980 (264 days overdue)
Backend CI	Run tests	2026-03-17T02:41:37.4710107Z INFO:app.scheduler.services.notification_creation:Created overdue notification for invoice INV-7978 (146 days overdue)
Backend CI	Run tests	2026-03-17T02:41:37.4710434Z INFO:app.scheduler.services.notification_creation:Created overdue notification for invoice INV-7555 (1 days overdue)
Backend CI	Run tests	2026-03-17T02:41:37.4710868Z INFO:app.scheduler.services.notification_creation:Created overdue notification for invoice INV-9838 (240 days overdue)
Backend CI	Run tests	2026-03-17T02:41:37.4711198Z INFO:app.scheduler.services.notification_creation:Created overdue notification for invoice INV-7978 (146 days overdue)
Backend CI	Run tests	2026-03-17T02:41:37.4711525Z INFO:app.scheduler.services.notification_creation:Created overdue notification for invoice INV-7555 (1 days overdue)
Backend CI	Run tests	2026-03-17T02:41:37.4711855Z INFO:app.scheduler.services.notification_creation:Created overdue notification for invoice INV-9838 (240 days overdue)
Backend CI	Run tests	2026-03-17T02:41:37.4712184Z INFO:app.scheduler.services.notification_creation:Created overdue notification for invoice INV-7652 (45 days overdue)
Backend CI	Run tests	2026-03-17T02:41:37.4712513Z INFO:app.scheduler.services.notification_creation:Created overdue notification for invoice INV-6474 (1 days overdue)
Backend CI	Run tests	2026-03-17T02:41:37.4712972Z INFO:app.scheduler.services.notification_creation:Created overdue notification for invoice INV-7051 (231 days overdue)
Backend CI	Run tests	2026-03-17T02:41:37.4713316Z INFO:app.scheduler.services.notification_creation:Created overdue notification for invoice INV-1668 (109 days overdue)
Backend CI	Run tests	2026-03-17T02:41:37.4713641Z INFO:app.scheduler.services.notification_creation:Created overdue notification for invoice INV-6366 (95 days overdue)
Backend CI	Run tests	2026-03-17T02:41:37.4713975Z INFO:app.scheduler.services.notification_creation:Created overdue notification for invoice INV-9944 (359 days overdue)
Backend CI	Run tests	2026-03-17T02:41:37.4714304Z INFO:app.scheduler.services.notification_creation:Created overdue notification for invoice INV-7947 (143 days overdue)
Backend CI	Run tests	2026-03-17T02:41:37.4714634Z INFO:app.scheduler.services.notification_creation:Created overdue notification for invoice INV-4894 (100 days overdue)
Backend CI	Run tests	2026-03-17T02:41:37.4714974Z INFO:app.scheduler.services.notification_creation:Created overdue notification for invoice INV-3948 (170 days overdue)
Backend CI	Run tests	2026-03-17T02:41:37.4715304Z INFO:app.scheduler.services.notification_creation:Created overdue notification for invoice INV-9191 (240 days overdue)
Backend CI	Run tests	2026-03-17T02:41:37.4715640Z INFO:app.scheduler.services.notification_creation:Created overdue notification for invoice INV-7652 (45 days overdue)
Backend CI	Run tests	2026-03-17T02:41:37.4715962Z INFO:app.scheduler.services.notification_creation:Created overdue notification for invoice INV-6474 (1 days overdue)
Backend CI	Run tests	2026-03-17T02:41:37.4716293Z INFO:app.scheduler.services.notification_creation:Created overdue notification for invoice INV-7051 (231 days overdue)
Backend CI	Run tests	2026-03-17T02:41:37.4716629Z INFO:app.scheduler.services.notification_creation:Created overdue notification for invoice INV-1668 (109 days overdue)
Backend CI	Run tests	2026-03-17T02:41:37.4716956Z INFO:app.scheduler.services.notification_creation:Created overdue notification for invoice INV-6366 (95 days overdue)
Backend CI	Run tests	2026-03-17T02:41:37.4717407Z INFO:app.scheduler.services.notification_creation:Created overdue notification for invoice INV-9944 (359 days overdue)
Backend CI	Run tests	2026-03-17T02:41:37.4717737Z INFO:app.scheduler.services.notification_creation:Created overdue notification for invoice INV-7947 (143 days overdue)
Backend CI	Run tests	2026-03-17T02:41:37.4718077Z INFO:app.scheduler.services.notification_creation:Created overdue notification for invoice INV-4894 (100 days overdue)
Backend CI	Run tests	2026-03-17T02:41:37.4718417Z INFO:app.scheduler.services.notification_creation:Created overdue notification for invoice INV-3948 (170 days overdue)
Backend CI	Run tests	2026-03-17T02:41:37.4718747Z INFO:app.scheduler.services.notification_creation:Created overdue notification for invoice INV-9191 (240 days overdue)
Backend CI	Run tests	2026-03-17T02:41:37.4719074Z INFO:app.scheduler.services.notification_creation:Created overdue notification for invoice INV-3879 (78 days overdue)
Backend CI	Run tests	2026-03-17T02:41:37.4719400Z INFO:app.scheduler.services.notification_creation:Created overdue notification for invoice INV-1324 (1 days overdue)
Backend CI	Run tests	2026-03-17T02:41:37.4719735Z INFO:app.scheduler.services.notification_creation:Created overdue notification for invoice INV-9985 (107 days overdue)
Backend CI	Run tests	2026-03-17T02:41:37.4720069Z INFO:app.scheduler.services.notification_creation:Created overdue notification for invoice INV-7789 (364 days overdue)
Backend CI	Run tests	2026-03-17T02:41:37.4720524Z INFO:app.scheduler.services.notification_creation:Created overdue notification for invoice INV-6081 (173 days overdue)
Backend CI	Run tests	2026-03-17T02:41:37.4720860Z INFO:app.scheduler.services.notification_creation:Created overdue notification for invoice INV-4639 (223 days overdue)
Backend CI	Run tests	2026-03-17T02:41:37.4721192Z INFO:app.scheduler.services.notification_creation:Created overdue notification for invoice INV-9054 (110 days overdue)
Backend CI	Run tests	2026-03-17T02:41:37.4721526Z INFO:app.scheduler.services.notification_creation:Created overdue notification for invoice INV-1792 (135 days overdue)
Backend CI	Run tests	2026-03-17T02:41:37.4721857Z INFO:app.scheduler.services.notification_creation:Created overdue notification for invoice INV-5833 (347 days overdue)
Backend CI	Run tests	2026-03-17T02:41:37.4722186Z INFO:app.scheduler.services.notification_creation:Created overdue notification for invoice INV-8365 (38 days overdue)
Backend CI	Run tests	2026-03-17T02:41:37.4722514Z INFO:app.scheduler.services.notification_creation:Created overdue notification for invoice INV-9937 (1 days overdue)
Backend CI	Run tests	2026-03-17T02:41:37.4722952Z INFO:app.scheduler.services.notification_creation:Created overdue notification for invoice INV-7150 (235 days overdue)
Backend CI	Run tests	2026-03-17T02:41:37.4723289Z INFO:app.scheduler.services.notification_creation:Created overdue notification for invoice INV-9002 (314 days overdue)
Backend CI	Run tests	2026-03-17T02:41:37.4723614Z INFO:app.scheduler.services.notification_creation:Created overdue notification for invoice INV-3782 (1 days overdue)
Backend CI	Run tests	2026-03-17T02:41:37.4723942Z INFO:app.scheduler.services.notification_creation:Created overdue notification for invoice INV-9688 (232 days overdue)
Backend CI	Run tests	2026-03-17T02:41:37.4724277Z INFO:app.scheduler.services.notification_creation:Created overdue notification for invoice INV-9002 (314 days overdue)
Backend CI	Run tests	2026-03-17T02:41:37.4724606Z INFO:app.scheduler.services.notification_creation:Created overdue notification for invoice INV-3782 (1 days overdue)
Backend CI	Run tests	2026-03-17T02:41:37.4724943Z INFO:app.scheduler.services.notification_creation:Created overdue notification for invoice INV-9688 (232 days overdue)
Backend CI	Run tests	2026-03-17T02:41:37.4725276Z INFO:app.scheduler.services.notification_creation:Created overdue notification for invoice INV-1728 (313 days overdue)
Backend CI	Run tests	2026-03-17T02:41:37.4725601Z INFO:app.scheduler.services.notification_creation:Created overdue notification for invoice INV-6600 (1 days overdue)
Backend CI	Run tests	2026-03-17T02:41:37.4725935Z INFO:app.scheduler.services.notification_creation:Created overdue notification for invoice INV-8404 (316 days overdue)
Backend CI	Run tests	2026-03-17T02:41:37.4726260Z INFO:app.scheduler.services.notification_creation:Created overdue notification for invoice INV-7513 (86 days overdue)
Backend CI	Run tests	2026-03-17T02:41:37.4726754Z INFO:app.scheduler.services.notification_creation:Created overdue notification for invoice INV-1388 (1 days overdue)
Backend CI	Run tests	2026-03-17T02:41:37.4727369Z INFO:app.scheduler.services.notification_creation:Created overdue notification for invoice INV-6377 (137 days overdue)
Backend CI	Run tests	2026-03-17T02:41:37.4727715Z INFO:app.scheduler.services.notification_creation:Created overdue notification for invoice INV-5514 (169 days overdue)
Backend CI	Run tests	2026-03-17T02:41:37.4728064Z INFO:app.scheduler.services.notification_creation:Created overdue notification for invoice INV-6291 (121 days overdue)
Backend CI	Run tests	2026-03-17T02:41:37.4728395Z INFO:app.scheduler.services.notification_creation:Created overdue notification for invoice INV-5391 (153 days overdue)
Backend CI	Run tests	2026-03-17T02:41:37.4728730Z INFO:app.scheduler.services.notification_creation:Created overdue notification for invoice INV-7594 (349 days overdue)
Backend CI	Run tests	2026-03-17T02:41:37.4729057Z INFO:app.scheduler.services.notification_creation:Created overdue notification for invoice INV-3742 (78 days overdue)
Backend CI	Run tests	2026-03-17T02:41:37.4729382Z INFO:app.scheduler.services.notification_creation:Created overdue notification for invoice INV-3642 (1 days overdue)
Backend CI	Run tests	2026-03-17T02:41:37.4729724Z INFO:app.scheduler.services.notification_creation:Created overdue notification for invoice INV-8134 (288 days overdue)
Backend CI	Run tests	2026-03-17T02:41:37.4730047Z INFO:app.scheduler.services.notification_creation:Created overdue notification for invoice INV-8259 (1 days overdue)
Backend CI	Run tests	2026-03-17T02:41:37.4730497Z INFO:app.scheduler.services.notification_creation:Created overdue notification for invoice INV-4786 (233 days overdue)
Backend CI	Run tests	2026-03-17T02:41:37.4730830Z INFO:app.scheduler.services.notification_creation:Created overdue notification for invoice INV-8134 (288 days overdue)
Backend CI	Run tests	2026-03-17T02:41:37.4731158Z INFO:app.scheduler.services.notification_creation:Created overdue notification for invoice INV-8259 (1 days overdue)
Backend CI	Run tests	2026-03-17T02:41:37.4731758Z INFO:app.scheduler.services.notification_creation:Created overdue notification for invoice INV-4786 (233 days overdue)
Backend CI	Run tests	2026-03-17T02:41:37.4732362Z INFO:app.scheduler.services.notification_creation:Created overdue notification for invoice INV-8546 (172 days overdue)
Backend CI	Run tests	2026-03-17T02:41:37.4733099Z INFO:app.scheduler.services.notification_creation:Created overdue notification for invoice INV-6873 (1 days overdue)
Backend CI	Run tests	2026-03-17T02:41:37.4733460Z INFO:app.scheduler.services.notification_creation:Created overdue notification for invoice INV-8583 (44 days overdue)
Backend CI	Run tests	2026-03-17T02:41:37.4733800Z INFO:app.scheduler.services.notification_creation:Created overdue notification for invoice INV-7793 (237 days overdue)
Backend CI	Run tests	2026-03-17T02:41:37.4734135Z INFO:app.scheduler.services.notification_creation:Created overdue notification for invoice INV-4194 (238 days overdue)
Backend CI	Run tests	2026-03-17T02:41:37.4734463Z INFO:app.scheduler.services.notification_creation:Created overdue notification for invoice INV-1000 (105 days overdue)
Backend CI	Run tests	2026-03-17T02:41:37.4734798Z INFO:app.scheduler.services.notification_creation:Created overdue notification for invoice INV-8546 (172 days overdue)
Backend CI	Run tests	2026-03-17T02:41:37.4735199Z INFO:app.scheduler.services.notification_creation:Created overdue notification for invoice INV-6873 (1 days overdue)
Backend CI	Run tests	2026-03-17T02:41:37.4735839Z INFO:app.scheduler.services.notification_creation:Created overdue notification for invoice INV-8583 (44 days overdue)
Backend CI	Run tests	2026-03-17T02:41:37.4736454Z INFO:app.scheduler.services.notification_creation:Created overdue notification for invoice INV-7793 (237 days overdue)
Backend CI	Run tests	2026-03-17T02:41:37.4737021Z INFO:app.scheduler.services.notification_creation:Created overdue notification for invoice INV-4194 (238 days overdue)
Backend CI	Run tests	2026-03-17T02:41:37.4737363Z INFO:app.scheduler.services.notification_creation:Created overdue notification for invoice INV-1000 (105 days overdue)
Backend CI	Run tests	2026-03-17T02:41:37.4737694Z INFO:app.scheduler.services.notification_creation:Created overdue notification for invoice INV-9637 (120 days overdue)
Backend CI	Run tests	2026-03-17T02:41:37.4738085Z INFO:app.scheduler.services.notification_creation:Created overdue notification for invoice INV-2325 (1 days overdue)
Backend CI	Run tests	2026-03-17T02:41:37.4738914Z INFO:app.scheduler.services.notification_creation:Created overdue notification for invoice INV-2720 (16 days overdue)
Backend CI	Run tests	2026-03-17T02:41:37.4739515Z INFO:app.scheduler.services.notification_creation:Created overdue notification for invoice INV-9201 (11 days overdue)
Backend CI	Run tests	2026-03-17T02:41:37.4739970Z INFO:app.scheduler.services.notification_creation:Created overdue notification for invoice INV-4476 (152 days overdue)
Backend CI	Run tests	2026-03-17T02:41:37.4740314Z INFO:app.scheduler.services.notification_creation:Created overdue notification for invoice INV-4753 (351 days overdue)
Backend CI	Run tests	2026-03-17T02:41:37.4740647Z INFO:app.scheduler.services.notification_creation:Created overdue notification for invoice INV-9212 (303 days overdue)
Backend CI	Run tests	2026-03-17T02:41:37.4740983Z INFO:app.scheduler.services.notification_creation:Created overdue notification for invoice INV-4346 (215 days overdue)
Backend CI	Run tests	2026-03-17T02:41:37.4741312Z INFO:app.scheduler.services.notification_creation:Created overdue notification for invoice INV-6771 (16 days overdue)
Backend CI	Run tests	2026-03-17T02:41:37.4741651Z INFO:app.scheduler.services.notification_creation:Created overdue notification for invoice INV-7960 (178 days overdue)
Backend CI	Run tests	2026-03-17T02:41:37.4742276Z INFO:app.scheduler.services.notification_creation:Created overdue notification for invoice INV-4593 (139 days overdue)
Backend CI	Run tests	2026-03-17T02:41:37.4743236Z INFO:app.scheduler.services.notification_creation:Created overdue notification for invoice INV-4700 (1 days overdue)
Backend CI	Run tests	2026-03-17T02:41:37.4743817Z INFO:app.scheduler.services.notification_creation:Created overdue notification for invoice INV-1451 (209 days overdue)
Backend CI	Run tests	2026-03-17T02:41:37.4744431Z INFO:app.scheduler.services.notification_creation:Created overdue notification for invoice INV-6135 (365 days overdue)
Backend CI	Run tests	2026-03-17T02:41:37.4745023Z INFO:app.scheduler.services.notification_creation:Created overdue notification for invoice INV-1237 (274 days overdue)
Backend CI	Run tests	2026-03-17T02:41:37.4745629Z INFO:app.scheduler.services.notification_creation:Created overdue notification for invoice INV-9999 (1 days overdue)
Backend CI	Run tests	2026-03-17T02:41:37.4746245Z INFO:app.scheduler.services.notification_creation:Created overdue notification for invoice INV-9651 (32 days overdue)
Backend CI	Run tests	2026-03-17T02:41:37.4746834Z INFO:app.scheduler.services.notification_creation:Created overdue notification for invoice INV-3327 (1 days overdue)
Backend CI	Run tests	2026-03-17T02:41:37.4747440Z INFO:app.scheduler.services.notification_creation:Created overdue notification for invoice INV-3865 (99 days overdue)
Backend CI	Run tests	2026-03-17T02:41:37.4748050Z INFO:app.scheduler.services.notification_creation:Created overdue notification for invoice INV-1476 (238 days overdue)
Backend CI	Run tests	2026-03-17T02:41:37.4748646Z INFO:app.scheduler.services.notification_creation:Created overdue notification for invoice INV-4552 (223 days overdue)
Backend CI	Run tests	2026-03-17T02:41:37.4749246Z INFO:app.scheduler.services.notification_creation:Created overdue notification for invoice INV-7622 (184 days overdue)
Backend CI	Run tests	2026-03-17T02:41:37.4749832Z INFO:app.scheduler.services.notification_creation:Created overdue notification for invoice INV-9651 (32 days overdue)
Backend CI	Run tests	2026-03-17T02:41:37.4750425Z INFO:app.scheduler.services.notification_creation:Created overdue notification for invoice INV-3327 (1 days overdue)
Backend CI	Run tests	2026-03-17T02:41:37.4751017Z INFO:app.scheduler.services.notification_creation:Created overdue notification for invoice INV-3865 (99 days overdue)
Backend CI	Run tests	2026-03-17T02:41:37.4751474Z INFO:app.scheduler.services.notification_creation:Created overdue notification for invoice INV-1476 (238 days overdue)
Backend CI	Run tests	2026-03-17T02:41:37.4751810Z INFO:app.scheduler.services.notification_creation:Created overdue notification for invoice INV-4552 (223 days overdue)
Backend CI	Run tests	2026-03-17T02:41:37.4752142Z INFO:app.scheduler.services.notification_creation:Created overdue notification for invoice INV-7622 (184 days overdue)
Backend CI	Run tests	2026-03-17T02:41:37.4752467Z INFO:app.scheduler.services.notification_creation:Created overdue notification for invoice INV-8538 (69 days overdue)
Backend CI	Run tests	2026-03-17T02:41:37.4752953Z INFO:app.scheduler.services.notification_creation:Created overdue notification for invoice INV-7727 (1 days overdue)
Backend CI	Run tests	2026-03-17T02:41:37.4753450Z INFO:app.scheduler.services.notification_creation:Created overdue notification for invoice INV-4541 (359 days overdue)
Backend CI	Run tests	2026-03-17T02:41:37.4753783Z INFO:app.scheduler.services.notification_creation:Created overdue notification for invoice INV-1447 (1 days overdue)
Backend CI	Run tests	2026-03-17T02:41:37.4754119Z INFO:app.scheduler.services.notification_creation:Created overdue notification for invoice INV-9905 (294 days overdue)
Backend CI	Run tests	2026-03-17T02:41:37.4754449Z INFO:app.scheduler.services.notification_creation:Created overdue notification for invoice INV-6255 (135 days overdue)
Backend CI	Run tests	2026-03-17T02:41:37.4754776Z INFO:app.scheduler.services.notification_creation:Created overdue notification for invoice INV-1452 (1 days overdue)
Backend CI	Run tests	2026-03-17T02:41:37.4755106Z INFO:app.scheduler.services.notification_creation:Created overdue notification for invoice INV-9999 (317 days overdue)
Backend CI	Run tests	2026-03-17T02:41:37.4755439Z INFO:app.scheduler.services.notification_creation:Created overdue notification for invoice INV-6545 (188 days overdue)
Backend CI	Run tests	2026-03-17T02:41:37.4755777Z INFO:app.scheduler.services.notification_creation:Created overdue notification for invoice INV-6080 (217 days overdue)
Backend CI	Run tests	2026-03-17T02:41:37.4756108Z INFO:app.scheduler.services.notification_creation:Created overdue notification for invoice INV-6177 (166 days overdue)
Backend CI	Run tests	2026-03-17T02:41:37.4756550Z INFO:app.scheduler.services.notification_creation:Created overdue notification for invoice INV-9661 (99 days overdue)
Backend CI	Run tests	2026-03-17T02:41:37.4756880Z INFO:app.scheduler.services.notification_creation:Created overdue notification for invoice INV-6255 (135 days overdue)
Backend CI	Run tests	2026-03-17T02:41:37.4757207Z INFO:app.scheduler.services.notification_creation:Created overdue notification for invoice INV-1452 (1 days overdue)
Backend CI	Run tests	2026-03-17T02:41:37.4757538Z INFO:app.scheduler.services.notification_creation:Created overdue notification for invoice INV-9999 (317 days overdue)
Backend CI	Run tests	2026-03-17T02:41:37.4757875Z INFO:app.scheduler.services.notification_creation:Created overdue notification for invoice INV-6545 (188 days overdue)
Backend CI	Run tests	2026-03-17T02:41:37.4758214Z INFO:app.scheduler.services.notification_creation:Created overdue notification for invoice INV-6080 (217 days overdue)
Backend CI	Run tests	2026-03-17T02:41:37.4758545Z INFO:app.scheduler.services.notification_creation:Created overdue notification for invoice INV-6177 (166 days overdue)
Backend CI	Run tests	2026-03-17T02:41:37.4758882Z INFO:app.scheduler.services.notification_creation:Created overdue notification for invoice INV-9661 (99 days overdue)
Backend CI	Run tests	2026-03-17T02:41:37.4759206Z INFO:app.scheduler.services.notification_creation:Created overdue notification for invoice INV-3733 (91 days overdue)
Backend CI	Run tests	2026-03-17T02:41:37.4759528Z INFO:app.scheduler.services.notification_creation:Created overdue notification for invoice INV-4478 (1 days overdue)
Backend CI	Run tests	2026-03-17T02:41:37.4759863Z INFO:app.scheduler.services.notification_creation:Created overdue notification for invoice INV-1742 (204 days overdue)
Backend CI	Run tests	2026-03-17T02:41:37.4760192Z INFO:app.scheduler.services.notification_creation:Created overdue notification for invoice INV-1606 (205 days overdue)
Backend CI	Run tests	2026-03-17T02:41:37.4760531Z INFO:app.scheduler.services.notification_creation:Created overdue notification for invoice INV-3047 (105 days overdue)
Backend CI	Run tests	2026-03-17T02:41:37.4760861Z INFO:app.scheduler.services.notification_creation:Created overdue notification for invoice INV-3679 (204 days overdue)
Backend CI	Run tests	2026-03-17T02:41:37.4761193Z INFO:app.scheduler.services.notification_creation:Created overdue notification for invoice INV-6682 (128 days overdue)
Backend CI	Run tests	2026-03-17T02:41:37.4761528Z INFO:app.scheduler.services.notification_creation:Created overdue notification for invoice INV-8801 (193 days overdue)
Backend CI	Run tests	2026-03-17T02:41:37.4761855Z INFO:app.scheduler.services.notification_creation:Created overdue notification for invoice INV-5387 (247 days overdue)
Backend CI	Run tests	2026-03-17T02:41:37.4762189Z INFO:app.scheduler.services.notification_creation:Created overdue notification for invoice INV-9998 (178 days overdue)
Backend CI	Run tests	2026-03-17T02:41:37.4762517Z INFO:app.scheduler.services.notification_creation:Created overdue notification for invoice INV-7073 (230 days overdue)
Backend CI	Run tests	2026-03-17T02:41:37.4763036Z INFO:app.scheduler.services.notification_creation:Created overdue notification for invoice INV-9255 (1 days overdue)
Backend CI	Run tests	2026-03-17T02:41:37.4763369Z INFO:app.scheduler.services.notification_creation:Created overdue notification for invoice INV-7826 (74 days overdue)
Backend CI	Run tests	2026-03-17T02:41:37.4763703Z INFO:app.scheduler.services.notification_creation:Created overdue notification for invoice INV-8534 (330 days overdue)
Backend CI	Run tests	2026-03-17T02:41:37.4764032Z INFO:app.scheduler.services.notification_creation:Created overdue notification for invoice INV-3534 (53 days overdue)
Backend CI	Run tests	2026-03-17T02:41:37.4764365Z INFO:app.scheduler.services.notification_creation:Created overdue notification for invoice INV-6005 (233 days overdue)
Backend CI	Run tests	2026-03-17T02:41:37.4764694Z INFO:app.scheduler.services.notification_creation:Created overdue notification for invoice INV-4241 (315 days overdue)
Backend CI	Run tests	2026-03-17T02:41:37.4765025Z INFO:app.scheduler.services.notification_creation:Created overdue notification for invoice INV-7073 (230 days overdue)
Backend CI	Run tests	2026-03-17T02:41:37.4765355Z INFO:app.scheduler.services.notification_creation:Created overdue notification for invoice INV-9255 (1 days overdue)
Backend CI	Run tests	2026-03-17T02:41:37.4765690Z INFO:app.scheduler.services.notification_creation:Created overdue notification for invoice INV-7826 (74 days overdue)
Backend CI	Run tests	2026-03-17T02:41:37.4766132Z INFO:app.scheduler.services.notification_creation:Created overdue notification for invoice INV-8534 (330 days overdue)
Backend CI	Run tests	2026-03-17T02:41:37.4766476Z INFO:app.scheduler.services.notification_creation:Created overdue notification for invoice INV-3534 (53 days overdue)
Backend CI	Run tests	2026-03-17T02:41:37.4766803Z INFO:app.scheduler.services.notification_creation:Created overdue notification for invoice INV-6005 (233 days overdue)
Backend CI	Run tests	2026-03-17T02:41:37.4767130Z INFO:app.scheduler.services.notification_creation:Created overdue notification for invoice INV-4241 (315 days overdue)
Backend CI	Run tests	2026-03-17T02:41:37.4767462Z INFO:app.scheduler.services.notification_creation:Created overdue notification for invoice INV-9428 (183 days overdue)
Backend CI	Run tests	2026-03-17T02:41:37.4767787Z INFO:app.scheduler.services.notification_creation:Created overdue notification for invoice INV-4773 (1 days overdue)
Backend CI	Run tests	2026-03-17T02:41:37.4768128Z INFO:app.scheduler.services.notification_creation:Created overdue notification for invoice INV-9631 (102 days overdue)
Backend CI	Run tests	2026-03-17T02:41:37.4768460Z INFO:app.scheduler.services.notification_creation:Created overdue notification for invoice INV-8143 (337 days overdue)
Backend CI	Run tests	2026-03-17T02:41:37.4768788Z INFO:app.scheduler.services.notification_creation:Created overdue notification for invoice INV-9999 (295 days overdue)
Backend CI	Run tests	2026-03-17T02:41:37.4769121Z INFO:app.scheduler.services.notification_creation:Created overdue notification for invoice INV-1222 (364 days overdue)
Backend CI	Run tests	2026-03-17T02:41:37.4769447Z INFO:app.scheduler.services.notification_creation:Created overdue notification for invoice INV-9428 (183 days overdue)
Backend CI	Run tests	2026-03-17T02:41:37.4769773Z INFO:app.scheduler.services.notification_creation:Created overdue notification for invoice INV-4773 (1 days overdue)
Backend CI	Run tests	2026-03-17T02:41:37.4770105Z INFO:app.scheduler.services.notification_creation:Created overdue notification for invoice INV-9631 (102 days overdue)
Backend CI	Run tests	2026-03-17T02:41:37.4770435Z INFO:app.scheduler.services.notification_creation:Created overdue notification for invoice INV-8143 (337 days overdue)
Backend CI	Run tests	2026-03-17T02:41:37.4770778Z INFO:app.scheduler.services.notification_creation:Created overdue notification for invoice INV-9999 (295 days overdue)
Backend CI	Run tests	2026-03-17T02:41:37.4771109Z INFO:app.scheduler.services.notification_creation:Created overdue notification for invoice INV-1222 (364 days overdue)
Backend CI	Run tests	2026-03-17T02:41:37.4771447Z INFO:app.scheduler.services.notification_creation:Created overdue notification for invoice INV-5789 (329 days overdue)
Backend CI	Run tests	2026-03-17T02:41:37.4771770Z INFO:app.scheduler.services.notification_creation:Created overdue notification for invoice INV-7493 (1 days overdue)
Backend CI	Run tests	2026-03-17T02:41:37.4772098Z INFO:app.scheduler.services.notification_creation:Created overdue notification for invoice INV-1425 (303 days overdue)
Backend CI	Run tests	2026-03-17T02:41:37.4772540Z INFO:app.scheduler.services.notification_creation:Created overdue notification for invoice INV-9999 (350 days overdue)
Backend CI	Run tests	2026-03-17T02:41:37.4772978Z INFO:app.scheduler.services.notification_creation:Created overdue notification for invoice INV-2452 (179 days overdue)
Backend CI	Run tests	2026-03-17T02:41:37.4773314Z INFO:app.scheduler.services.notification_creation:Created overdue notification for invoice INV-1388 (1 days overdue)
Backend CI	Run tests	2026-03-17T02:41:37.4773644Z INFO:app.scheduler.services.notification_creation:Created overdue notification for invoice INV-4450 (365 days overdue)
Backend CI	Run tests	2026-03-17T02:41:37.4773971Z INFO:app.scheduler.services.notification_creation:Created overdue notification for invoice INV-3812 (239 days overdue)
Backend CI	Run tests	2026-03-17T02:41:37.4774307Z INFO:app.scheduler.services.notification_creation:Created overdue notification for invoice INV-4805 (317 days overdue)
Backend CI	Run tests	2026-03-17T02:41:37.4774636Z INFO:app.scheduler.services.notification_creation:Created overdue notification for invoice INV-2452 (179 days overdue)
Backend CI	Run tests	2026-03-17T02:41:37.4774969Z INFO:app.scheduler.services.notification_creation:Created overdue notification for invoice INV-1388 (1 days overdue)
Backend CI	Run tests	2026-03-17T02:41:37.4775297Z INFO:app.scheduler.services.notification_creation:Created overdue notification for invoice INV-4450 (365 days overdue)
Backend CI	Run tests	2026-03-17T02:41:37.4775734Z INFO:app.scheduler.services.notification_creation:Created overdue notification for invoice INV-3812 (239 days overdue)
Backend CI	Run tests	2026-03-17T02:41:37.4776068Z INFO:app.scheduler.services.notification_creation:Created overdue notification for invoice INV-4805 (317 days overdue)
Backend CI	Run tests	2026-03-17T02:41:37.4776393Z INFO:app.scheduler.services.notification_creation:Created overdue notification for invoice INV-6691 (66 days overdue)
Backend CI	Run tests	2026-03-17T02:41:37.4776719Z INFO:app.scheduler.services.notification_creation:Created overdue notification for invoice INV-1291 (1 days overdue)
Backend CI	Run tests	2026-03-17T02:41:37.4777049Z INFO:app.scheduler.services.notification_creation:Created overdue notification for invoice INV-8596 (101 days overdue)
Backend CI	Run tests	2026-03-17T02:41:37.4777383Z INFO:app.scheduler.services.notification_creation:Created overdue notification for invoice INV-8059 (264 days overdue)
Backend CI	Run tests	2026-03-17T02:41:37.4777716Z INFO:app.scheduler.services.notification_creation:Created overdue notification for invoice INV-9999 (164 days overdue)
Backend CI	Run tests	2026-03-17T02:41:37.4778052Z INFO:app.scheduler.services.notification_creation:Created overdue notification for invoice INV-1446 (333 days overdue)
Backend CI	Run tests	2026-03-17T02:41:37.4778384Z INFO:app.scheduler.services.notification_creation:Created overdue notification for invoice INV-6691 (66 days overdue)
Backend CI	Run tests	2026-03-17T02:41:37.4778707Z INFO:app.scheduler.services.notification_creation:Created overdue notification for invoice INV-1291 (1 days overdue)
Backend CI	Run tests	2026-03-17T02:41:37.4779037Z INFO:app.scheduler.services.notification_creation:Created overdue notification for invoice INV-8596 (101 days overdue)
Backend CI	Run tests	2026-03-17T02:41:37.4779373Z INFO:app.scheduler.services.notification_creation:Created overdue notification for invoice INV-8059 (264 days overdue)
Backend CI	Run tests	2026-03-17T02:41:37.4779708Z INFO:app.scheduler.services.notification_creation:Created overdue notification for invoice INV-9999 (164 days overdue)
Backend CI	Run tests	2026-03-17T02:41:37.4780043Z INFO:app.scheduler.services.notification_creation:Created overdue notification for invoice INV-1446 (333 days overdue)
Backend CI	Run tests	2026-03-17T02:41:37.4780378Z INFO:app.scheduler.services.notification_creation:Created overdue notification for invoice INV-8307 (299 days overdue)
Backend CI	Run tests	2026-03-17T02:41:37.4780703Z INFO:app.scheduler.services.notification_creation:Created overdue notification for invoice INV-5852 (1 days overdue)
Backend CI	Run tests	2026-03-17T02:41:37.4781035Z INFO:app.scheduler.services.notification_creation:Created overdue notification for invoice INV-1375 (43 days overdue)
Backend CI	Run tests	2026-03-17T02:41:37.4781359Z INFO:app.scheduler.services.notification_creation:Created overdue notification for invoice INV-4246 (98 days overdue)
Backend CI	Run tests	2026-03-17T02:41:37.4781794Z INFO:app.scheduler.services.notification_creation:Created overdue notification for invoice INV-9487 (82 days overdue)
Backend CI	Run tests	2026-03-17T02:41:37.4782125Z INFO:app.scheduler.services.notification_creation:Created overdue notification for invoice INV-7865 (350 days overdue)
Backend CI	Run tests	2026-03-17T02:41:37.4782449Z INFO:app.scheduler.services.notification_creation:Created overdue notification for invoice INV-8546 (35 days overdue)
Backend CI	Run tests	2026-03-17T02:41:37.4782891Z INFO:app.scheduler.services.notification_creation:Created overdue notification for invoice INV-6042 (345 days overdue)
Backend CI	Run tests	2026-03-17T02:41:37.4783220Z INFO:app.scheduler.services.notification_creation:Created overdue notification for invoice INV-5613 (142 days overdue)
Backend CI	Run tests	2026-03-17T02:41:37.4783556Z INFO:app.scheduler.services.notification_creation:Created overdue notification for invoice INV-8307 (299 days overdue)
Backend CI	Run tests	2026-03-17T02:41:37.4783877Z INFO:app.scheduler.services.notification_creation:Created overdue notification for invoice INV-5852 (1 days overdue)
Backend CI	Run tests	2026-03-17T02:41:37.4784215Z INFO:app.scheduler.services.notification_creation:Created overdue notification for invoice INV-1375 (43 days overdue)
Backend CI	Run tests	2026-03-17T02:41:37.4784547Z INFO:app.scheduler.services.notification_creation:Created overdue notification for invoice INV-4246 (98 days overdue)
Backend CI	Run tests	2026-03-17T02:41:37.4784873Z INFO:app.scheduler.services.notification_creation:Created overdue notification for invoice INV-9487 (82 days overdue)
Backend CI	Run tests	2026-03-17T02:41:37.4785319Z INFO:app.scheduler.services.notification_creation:Created overdue notification for invoice INV-7865 (350 days overdue)
Backend CI	Run tests	2026-03-17T02:41:37.4785645Z INFO:app.scheduler.services.notification_creation:Created overdue notification for invoice INV-8546 (35 days overdue)
Backend CI	Run tests	2026-03-17T02:41:37.4785982Z INFO:app.scheduler.services.notification_creation:Created overdue notification for invoice INV-6042 (345 days overdue)
Backend CI	Run tests	2026-03-17T02:41:37.4786313Z INFO:app.scheduler.services.notification_creation:Created overdue notification for invoice INV-5613 (142 days overdue)
Backend CI	Run tests	2026-03-17T02:41:37.4786642Z INFO:app.scheduler.services.notification_creation:Created overdue notification for invoice INV-9018 (75 days overdue)
Backend CI	Run tests	2026-03-17T02:41:37.4786970Z INFO:app.scheduler.services.notification_creation:Created overdue notification for invoice INV-6970 (1 days overdue)
Backend CI	Run tests	2026-03-17T02:41:37.4787299Z INFO:app.scheduler.services.notification_creation:Created overdue notification for invoice INV-3885 (240 days overdue)
Backend CI	Run tests	2026-03-17T02:41:37.4787633Z INFO:app.scheduler.services.notification_creation:Created overdue notification for invoice INV-7922 (43 days overdue)
Backend CI	Run tests	2026-03-17T02:41:37.4787960Z INFO:app.scheduler.services.notification_creation:Created overdue notification for invoice INV-6870 (105 days overdue)
Backend CI	Run tests	2026-03-17T02:41:37.4788287Z INFO:app.scheduler.services.notification_creation:Created overdue notification for invoice INV-1335 (52 days overdue)
Backend CI	Run tests	2026-03-17T02:41:37.4788618Z INFO:app.scheduler.services.notification_creation:Created overdue notification for invoice INV-5459 (72 days overdue)
Backend CI	Run tests	2026-03-17T02:41:37.4788945Z INFO:app.scheduler.services.notification_creation:Created overdue notification for invoice INV-1359 (20 days overdue)
Backend CI	Run tests	2026-03-17T02:41:37.4789279Z INFO:app.scheduler.services.notification_creation:Created overdue notification for invoice INV-5494 (325 days overdue)
Backend CI	Run tests	2026-03-17T02:41:37.4789607Z INFO:app.scheduler.services.notification_creation:Created overdue notification for invoice INV-1001 (66 days overdue)
Backend CI	Run tests	2026-03-17T02:41:37.4789943Z INFO:app.scheduler.services.notification_creation:Created overdue notification for invoice INV-8131 (114 days overdue)
Backend CI	Run tests	2026-03-17T02:41:37.4790278Z INFO:app.scheduler.services.notification_creation:Created overdue notification for invoice INV-9599 (1 days overdue)
Backend CI	Run tests	2026-03-17T02:41:37.4790602Z INFO:app.scheduler.services.notification_creation:Created overdue notification for invoice INV-6299 (34 days overdue)
Backend CI	Run tests	2026-03-17T02:41:37.4790940Z INFO:app.scheduler.services.notification_creation:Created overdue notification for invoice INV-5514 (125 days overdue)
Backend CI	Run tests	2026-03-17T02:41:37.4791370Z INFO:app.scheduler.services.notification_creation:Created overdue notification for invoice INV-1481 (69 days overdue)
Backend CI	Run tests	2026-03-17T02:41:37.4791700Z INFO:app.scheduler.services.notification_creation:Created overdue notification for invoice INV-5435 (131 days overdue)
Backend CI	Run tests	2026-03-17T02:41:37.4792039Z INFO:app.scheduler.services.notification_creation:Created overdue notification for invoice INV-3339 (322 days overdue)
Backend CI	Run tests	2026-03-17T02:41:37.4792367Z INFO:app.scheduler.services.notification_creation:Created overdue notification for invoice INV-1171 (243 days overdue)
Backend CI	Run tests	2026-03-17T02:41:37.4792799Z INFO:app.scheduler.services.notification_creation:Created overdue notification for invoice INV-8868 (184 days overdue)
Backend CI	Run tests	2026-03-17T02:41:37.4793128Z INFO:app.scheduler.services.notification_creation:Created overdue notification for invoice INV-5339 (13 days overdue)
Backend CI	Run tests	2026-03-17T02:41:37.4793453Z INFO:app.scheduler.services.notification_creation:Created overdue notification for invoice INV-9761 (37 days overdue)
Backend CI	Run tests	2026-03-17T02:41:37.4793785Z INFO:app.scheduler.services.notification_creation:Created overdue notification for invoice INV-2839 (1 days overdue)
Backend CI	Run tests	2026-03-17T02:41:37.4794115Z INFO:app.scheduler.services.notification_creation:Created overdue notification for invoice INV-1917 (299 days overdue)
Backend CI	Run tests	2026-03-17T02:41:37.4794685Z INFO:app.scheduler.services.notification_creation:Created overdue notification for invoice INV-5312 (175 days overdue)
Backend CI	Run tests	2026-03-17T02:41:37.4795012Z INFO:app.scheduler.services.notification_creation:Created overdue notification for invoice INV-9761 (37 days overdue)
Backend CI	Run tests	2026-03-17T02:41:37.4795335Z INFO:app.scheduler.services.notification_creation:Created overdue notification for invoice INV-2839 (1 days overdue)
Backend CI	Run tests	2026-03-17T02:41:37.4795670Z INFO:app.scheduler.services.notification_creation:Created overdue notification for invoice INV-1917 (299 days overdue)
Backend CI	Run tests	2026-03-17T02:41:37.4795998Z INFO:app.scheduler.services.notification_creation:Created overdue notification for invoice INV-5312 (175 days overdue)
Backend CI	Run tests	2026-03-17T02:41:37.4796334Z INFO:app.scheduler.services.notification_creation:Created overdue notification for invoice INV-6895 (297 days overdue)
Backend CI	Run tests	2026-03-17T02:41:37.4796658Z INFO:app.scheduler.services.notification_creation:Created overdue notification for invoice INV-3161 (1 days overdue)
Backend CI	Run tests	2026-03-17T02:41:37.4796986Z INFO:app.scheduler.services.notification_creation:Created overdue notification for invoice INV-4403 (6 days overdue)
Backend CI	Run tests	2026-03-17T02:41:37.4797320Z INFO:app.scheduler.services.notification_creation:Created overdue notification for invoice INV-6278 (321 days overdue)
Backend CI	Run tests	2026-03-17T02:41:37.4797650Z INFO:app.scheduler.services.notification_creation:Created overdue notification for invoice INV-5282 (150 days overdue)
Backend CI	Run tests	2026-03-17T02:41:37.4797982Z INFO:app.scheduler.services.notification_creation:Created overdue notification for invoice INV-1574 (28 days overdue)
Backend CI	Run tests	2026-03-17T02:41:37.4798318Z INFO:app.scheduler.services.notification_creation:Created overdue notification for invoice INV-1125 (179 days overdue)
Backend CI	Run tests	2026-03-17T02:41:37.4798646Z INFO:app.scheduler.services.notification_creation:Created overdue notification for invoice INV-9584 (99 days overdue)
Backend CI	Run tests	2026-03-17T02:41:37.4798979Z INFO:app.scheduler.services.notification_creation:Created overdue notification for invoice INV-2789 (136 days overdue)
Backend CI	Run tests	2026-03-17T02:41:37.4799308Z INFO:app.scheduler.services.notification_creation:Created overdue notification for invoice INV-9155 (42 days overdue)
Backend CI	Run tests	2026-03-17T02:41:37.4799637Z INFO:app.scheduler.services.notification_creation:Created overdue notification for invoice INV-4764 (18 days overdue)
Backend CI	Run tests	2026-03-17T02:41:37.4799962Z INFO:app.scheduler.services.notification_creation:Created overdue notification for invoice INV-2455 (1 days overdue)
Backend CI	Run tests	2026-03-17T02:41:37.4800288Z INFO:app.scheduler.services.notification_creation:Created overdue notification for invoice INV-4764 (18 days overdue)
Backend CI	Run tests	2026-03-17T02:41:37.4800616Z INFO:app.scheduler.services.notification_creation:Created overdue notification for invoice INV-2455 (1 days overdue)
Backend CI	Run tests	2026-03-17T02:41:37.4801048Z INFO:app.scheduler.services.notification_creation:Created overdue notification for invoice INV-1000 (1 days overdue)
Backend CI	Run tests	2026-03-17T02:41:37.4801222Z ------------------------------ Captured log call -------------------------------
Backend CI	Run tests	2026-03-17T02:41:37.4801668Z INFO     app.scheduler.services.notification_creation:notification_creation.py:64 Created overdue notification for invoice INV-1000 (1 days overdue)
Backend CI	Run tests	2026-03-17T02:41:37.4802104Z INFO     app.scheduler.services.notification_creation:notification_creation.py:64 Created overdue notification for invoice INV-1000 (258 days overdue)
Backend CI	Run tests	2026-03-17T02:41:37.4802538Z INFO     app.scheduler.services.notification_creation:notification_creation.py:64 Created overdue notification for invoice INV-8300 (258 days overdue)
Backend CI	Run tests	2026-03-17T02:41:37.4803070Z INFO     app.scheduler.services.notification_creation:notification_creation.py:64 Created overdue notification for invoice INV-8300 (133 days overdue)
Backend CI	Run tests	2026-03-17T02:41:37.4803516Z INFO     app.scheduler.services.notification_creation:notification_creation.py:64 Created overdue notification for invoice INV-1132 (133 days overdue)
Backend CI	Run tests	2026-03-17T02:41:37.4803951Z INFO     app.scheduler.services.notification_creation:notification_creation.py:64 Created overdue notification for invoice INV-9671 (221 days overdue)
Backend CI	Run tests	2026-03-17T02:41:37.4804508Z INFO     app.scheduler.services.notification_creation:notification_creation.py:64 Created overdue notification for invoice INV-8676 (281 days overdue)
Backend CI	Run tests	2026-03-17T02:41:37.4804936Z INFO     app.scheduler.services.notification_creation:notification_creation.py:64 Created overdue notification for invoice INV-2505 (18 days overdue)
Backend CI	Run tests	2026-03-17T02:41:37.4805363Z INFO     app.scheduler.services.notification_creation:notification_creation.py:64 Created overdue notification for invoice INV-6369 (345 days overdue)
Backend CI	Run tests	2026-03-17T02:41:37.4805793Z INFO     app.scheduler.services.notification_creation:notification_creation.py:64 Created overdue notification for invoice INV-4255 (107 days overdue)
Backend CI	Run tests	2026-03-17T02:41:37.4806220Z INFO     app.scheduler.services.notification_creation:notification_creation.py:64 Created overdue notification for invoice INV-3702 (166 days overdue)
Backend CI	Run tests	2026-03-17T02:41:37.4806645Z INFO     app.scheduler.services.notification_creation:notification_creation.py:64 Created overdue notification for invoice INV-6937 (95 days overdue)
Backend CI	Run tests	2026-03-17T02:41:37.4807075Z INFO     app.scheduler.services.notification_creation:notification_creation.py:64 Created overdue notification for invoice INV-9671 (221 days overdue)
Backend CI	Run tests	2026-03-17T02:41:37.4807506Z INFO     app.scheduler.services.notification_creation:notification_creation.py:64 Created overdue notification for invoice INV-8676 (281 days overdue)
Backend CI	Run tests	2026-03-17T02:41:37.4807927Z INFO     app.scheduler.services.notification_creation:notification_creation.py:64 Created overdue notification for invoice INV-2505 (18 days overdue)
Backend CI	Run tests	2026-03-17T02:41:37.4808356Z INFO     app.scheduler.services.notification_creation:notification_creation.py:64 Created overdue notification for invoice INV-6369 (345 days overdue)
Backend CI	Run tests	2026-03-17T02:41:37.4808791Z INFO     app.scheduler.services.notification_creation:notification_creation.py:64 Created overdue notification for invoice INV-4255 (107 days overdue)
Backend CI	Run tests	2026-03-17T02:41:37.4809217Z INFO     app.scheduler.services.notification_creation:notification_creation.py:64 Created overdue notification for invoice INV-3702 (166 days overdue)
Backend CI	Run tests	2026-03-17T02:41:37.4809650Z INFO     app.scheduler.services.notification_creation:notification_creation.py:64 Created overdue notification for invoice INV-3702 (166 days overdue)
Backend CI	Run tests	2026-03-17T02:41:37.4810076Z INFO     app.scheduler.services.notification_creation:notification_creation.py:64 Created overdue notification for invoice INV-4255 (221 days overdue)
Backend CI	Run tests	2026-03-17T02:41:37.4810501Z INFO     app.scheduler.services.notification_creation:notification_creation.py:64 Created overdue notification for invoice INV-8676 (281 days overdue)
Backend CI	Run tests	2026-03-17T02:41:37.4810929Z INFO     app.scheduler.services.notification_creation:notification_creation.py:64 Created overdue notification for invoice INV-2505 (18 days overdue)
Backend CI	Run tests	2026-03-17T02:41:37.4811467Z INFO     app.scheduler.services.notification_creation:notification_creation.py:64 Created overdue notification for invoice INV-6369 (345 days overdue)
Backend CI	Run tests	2026-03-17T02:41:37.4811900Z INFO     app.scheduler.services.notification_creation:notification_creation.py:64 Created overdue notification for invoice INV-4255 (107 days overdue)
Backend CI	Run tests	2026-03-17T02:41:37.4812326Z INFO     app.scheduler.services.notification_creation:notification_creation.py:64 Created overdue notification for invoice INV-3702 (166 days overdue)
Backend CI	Run tests	2026-03-17T02:41:37.4812854Z INFO     app.scheduler.services.notification_creation:notification_creation.py:64 Created overdue notification for invoice INV-3702 (166 days overdue)
Backend CI	Run tests	2026-03-17T02:41:37.4813283Z INFO     app.scheduler.services.notification_creation:notification_creation.py:64 Created overdue notification for invoice INV-4255 (221 days overdue)
Backend CI	Run tests	2026-03-17T02:41:37.4813715Z INFO     app.scheduler.services.notification_creation:notification_creation.py:64 Created overdue notification for invoice INV-3702 (166 days overdue)
Backend CI	Run tests	2026-03-17T02:41:37.4814141Z INFO     app.scheduler.services.notification_creation:notification_creation.py:64 Created overdue notification for invoice INV-2505 (18 days overdue)
Backend CI	Run tests	2026-03-17T02:41:37.4814677Z INFO     app.scheduler.services.notification_creation:notification_creation.py:64 Created overdue notification for invoice INV-6369 (345 days overdue)
Backend CI	Run tests	2026-03-17T02:41:37.4815106Z INFO     app.scheduler.services.notification_creation:notification_creation.py:64 Created overdue notification for invoice INV-4255 (107 days overdue)
Backend CI	Run tests	2026-03-17T02:41:37.4815533Z INFO     app.scheduler.services.notification_creation:notification_creation.py:64 Created overdue notification for invoice INV-3702 (166 days overdue)
Backend CI	Run tests	2026-03-17T02:41:37.4815958Z INFO     app.scheduler.services.notification_creation:notification_creation.py:64 Created overdue notification for invoice INV-3702 (166 days overdue)
Backend CI	Run tests	2026-03-17T02:41:37.4816400Z INFO     app.scheduler.services.notification_creation:notification_creation.py:64 Created overdue notification for invoice INV-1132 (133 days overdue)
Backend CI	Run tests	2026-03-17T02:41:37.4816828Z INFO     app.scheduler.services.notification_creation:notification_creation.py:64 Created overdue notification for invoice INV-1132 (133 days overdue)
Backend CI	Run tests	2026-03-17T02:41:37.4817262Z INFO     app.scheduler.services.notification_creation:notification_creation.py:64 Created overdue notification for invoice INV-1000 (1 days overdue)
Backend CI	Run tests	2026-03-17T02:41:37.4817685Z INFO     app.scheduler.services.notification_creation:notification_creation.py:64 Created overdue notification for invoice INV-1000 (1 days overdue)
Backend CI	Run tests	2026-03-17T02:41:37.4818116Z INFO     app.scheduler.services.notification_creation:notification_creation.py:64 Created overdue notification for invoice INV-8387 (22 days overdue)
Backend CI	Run tests	2026-03-17T02:41:37.4818536Z INFO     app.scheduler.services.notification_creation:notification_creation.py:64 Created overdue notification for invoice INV-5892 (1 days overdue)
Backend CI	Run tests	2026-03-17T02:41:37.4818962Z INFO     app.scheduler.services.notification_creation:notification_creation.py:64 Created overdue notification for invoice INV-2116 (47 days overdue)
Backend CI	Run tests	2026-03-17T02:41:37.4819393Z INFO     app.scheduler.services.notification_creation:notification_creation.py:64 Created overdue notification for invoice INV-9998 (72 days overdue)
Backend CI	Run tests	2026-03-17T02:41:37.4819813Z INFO     app.scheduler.services.notification_creation:notification_creation.py:64 Created overdue notification for invoice INV-8354 (1 days overdue)
Backend CI	Run tests	2026-03-17T02:41:37.4820240Z INFO     app.scheduler.services.notification_creation:notification_creation.py:64 Created overdue notification for invoice INV-2057 (92 days overdue)
Backend CI	Run tests	2026-03-17T02:41:37.4820659Z INFO     app.scheduler.services.notification_creation:notification_creation.py:64 Created overdue notification for invoice INV-3449 (25 days overdue)
Backend CI	Run tests	2026-03-17T02:41:37.4821201Z INFO     app.scheduler.services.notification_creation:notification_creation.py:64 Created overdue notification for invoice INV-3032 (232 days overdue)
Backend CI	Run tests	2026-03-17T02:41:37.4821627Z INFO     app.scheduler.services.notification_creation:notification_creation.py:64 Created overdue notification for invoice INV-3859 (330 days overdue)
Backend CI	Run tests	2026-03-17T02:41:37.4822054Z INFO     app.scheduler.services.notification_creation:notification_creation.py:64 Created overdue notification for invoice INV-7664 (17 days overdue)
Backend CI	Run tests	2026-03-17T02:41:37.4822480Z INFO     app.scheduler.services.notification_creation:notification_creation.py:64 Created overdue notification for invoice INV-9788 (54 days overdue)
Backend CI	Run tests	2026-03-17T02:41:37.4823000Z INFO     app.scheduler.services.notification_creation:notification_creation.py:64 Created overdue notification for invoice INV-9790 (73 days overdue)
Backend CI	Run tests	2026-03-17T02:41:37.4823434Z INFO     app.scheduler.services.notification_creation:notification_creation.py:64 Created overdue notification for invoice INV-9999 (337 days overdue)
Backend CI	Run tests	2026-03-17T02:41:37.4823861Z INFO     app.scheduler.services.notification_creation:notification_creation.py:64 Created overdue notification for invoice INV-9998 (72 days overdue)
Backend CI	Run tests	2026-03-17T02:41:37.4824281Z INFO     app.scheduler.services.notification_creation:notification_creation.py:64 Created overdue notification for invoice INV-8354 (1 days overdue)
Backend CI	Run tests	2026-03-17T02:41:37.4824869Z INFO     app.scheduler.services.notification_creation:notification_creation.py:64 Created overdue notification for invoice INV-2057 (92 days overdue)
Backend CI	Run tests	2026-03-17T02:41:37.4825295Z INFO     app.scheduler.services.notification_creation:notification_creation.py:64 Created overdue notification for invoice INV-3449 (25 days overdue)
Backend CI	Run tests	2026-03-17T02:41:37.4825726Z INFO     app.scheduler.services.notification_creation:notification_creation.py:64 Created overdue notification for invoice INV-3032 (232 days overdue)
Backend CI	Run tests	2026-03-17T02:41:37.4826152Z INFO     app.scheduler.services.notification_creation:notification_creation.py:64 Created overdue notification for invoice INV-3859 (330 days overdue)
Backend CI	Run tests	2026-03-17T02:41:37.4826584Z INFO     app.scheduler.services.notification_creation:notification_creation.py:64 Created overdue notification for invoice INV-7664 (17 days overdue)
Backend CI	Run tests	2026-03-17T02:41:37.4827005Z INFO     app.scheduler.services.notification_creation:notification_creation.py:64 Created overdue notification for invoice INV-9788 (54 days overdue)
Backend CI	Run tests	2026-03-17T02:41:37.4827430Z INFO     app.scheduler.services.notification_creation:notification_creation.py:64 Created overdue notification for invoice INV-9790 (73 days overdue)
Backend CI	Run tests	2026-03-17T02:41:37.4827861Z INFO     app.scheduler.services.notification_creation:notification_creation.py:64 Created overdue notification for invoice INV-9999 (337 days overdue)
Backend CI	Run tests	2026-03-17T02:41:37.4828285Z INFO     app.scheduler.services.notification_creation:notification_creation.py:64 Created overdue notification for invoice INV-7113 (230 days overdue)
Backend CI	Run tests	2026-03-17T02:41:37.4828713Z INFO     app.scheduler.services.notification_creation:notification_creation.py:64 Created overdue notification for invoice INV-1371 (1 days overdue)
Backend CI	Run tests	2026-03-17T02:41:37.4829144Z INFO     app.scheduler.services.notification_creation:notification_creation.py:64 Created overdue notification for invoice INV-1001 (285 days overdue)
Backend CI	Run tests	2026-03-17T02:41:37.4829566Z INFO     app.scheduler.services.notification_creation:notification_creation.py:64 Created overdue notification for invoice INV-8329 (5 days overdue)
Backend CI	Run tests	2026-03-17T02:41:37.4829999Z INFO     app.scheduler.services.notification_creation:notification_creation.py:64 Created overdue notification for invoice INV-1278 (276 days overdue)
Backend CI	Run tests	2026-03-17T02:41:37.4830424Z INFO     app.scheduler.services.notification_creation:notification_creation.py:64 Created overdue notification for invoice INV-1459 (324 days overdue)
Backend CI	Run tests	2026-03-17T02:41:37.4830853Z INFO     app.scheduler.services.notification_creation:notification_creation.py:64 Created overdue notification for invoice INV-7768 (10 days overdue)
Backend CI	Run tests	2026-03-17T02:41:37.4831382Z INFO     app.scheduler.services.notification_creation:notification_creation.py:64 Created overdue notification for invoice INV-4230 (236 days overdue)
Backend CI	Run tests	2026-03-17T02:41:37.4831813Z INFO     app.scheduler.services.notification_creation:notification_creation.py:64 Created overdue notification for invoice INV-8949 (355 days overdue)
Backend CI	Run tests	2026-03-17T02:41:37.4832245Z INFO     app.scheduler.services.notification_creation:notification_creation.py:64 Created overdue notification for invoice INV-6122 (221 days overdue)
Backend CI	Run tests	2026-03-17T02:41:37.4832791Z INFO     app.scheduler.services.notification_creation:notification_creation.py:64 Created overdue notification for invoice INV-7113 (230 days overdue)
Backend CI	Run tests	2026-03-17T02:41:37.4833220Z INFO     app.scheduler.services.notification_creation:notification_creation.py:64 Created overdue notification for invoice INV-1371 (1 days overdue)
Backend CI	Run tests	2026-03-17T02:41:37.4833648Z INFO     app.scheduler.services.notification_creation:notification_creation.py:64 Created overdue notification for invoice INV-1001 (285 days overdue)
Backend CI	Run tests	2026-03-17T02:41:37.4834079Z INFO     app.scheduler.services.notification_creation:notification_creation.py:64 Created overdue notification for invoice INV-8329 (5 days overdue)
Backend CI	Run tests	2026-03-17T02:41:37.4834506Z INFO     app.scheduler.services.notification_creation:notification_creation.py:64 Created overdue notification for invoice INV-1278 (276 days overdue)
Backend CI	Run tests	2026-03-17T02:41:37.4835050Z INFO     app.scheduler.services.notification_creation:notification_creation.py:64 Created overdue notification for invoice INV-1459 (324 days overdue)
Backend CI	Run tests	2026-03-17T02:41:37.4835510Z INFO     app.scheduler.services.notification_creation:notification_creation.py:64 Created overdue notification for invoice INV-7768 (10 days overdue)
Backend CI	Run tests	2026-03-17T02:41:37.4835936Z INFO     app.scheduler.services.notification_creation:notification_creation.py:64 Created overdue notification for invoice INV-4230 (236 days overdue)
Backend CI	Run tests	2026-03-17T02:41:37.4836370Z INFO     app.scheduler.services.notification_creation:notification_creation.py:64 Created overdue notification for invoice INV-8949 (355 days overdue)
Backend CI	Run tests	2026-03-17T02:41:37.4836802Z INFO     app.scheduler.services.notification_creation:notification_creation.py:64 Created overdue notification for invoice INV-6122 (221 days overdue)
Backend CI	Run tests	2026-03-17T02:41:37.4837235Z INFO     app.scheduler.services.notification_creation:notification_creation.py:64 Created overdue notification for invoice INV-1000 (284 days overdue)
Backend CI	Run tests	2026-03-17T02:41:37.4837655Z INFO     app.scheduler.services.notification_creation:notification_creation.py:64 Created overdue notification for invoice INV-6897 (1 days overdue)
Backend CI	Run tests	2026-03-17T02:41:37.4838087Z INFO     app.scheduler.services.notification_creation:notification_creation.py:64 Created overdue notification for invoice INV-5641 (159 days overdue)
Backend CI	Run tests	2026-03-17T02:41:37.4838517Z INFO     app.scheduler.services.notification_creation:notification_creation.py:64 Created overdue notification for invoice INV-9003 (68 days overdue)
Backend CI	Run tests	2026-03-17T02:41:37.4838947Z INFO     app.scheduler.services.notification_creation:notification_creation.py:64 Created overdue notification for invoice INV-1000 (284 days overdue)
Backend CI	Run tests	2026-03-17T02:41:37.4839369Z INFO     app.scheduler.services.notification_creation:notification_creation.py:64 Created overdue notification for invoice INV-6897 (1 days overdue)
Backend CI	Run tests	2026-03-17T02:41:37.4839800Z INFO     app.scheduler.services.notification_creation:notification_creation.py:64 Created overdue notification for invoice INV-5641 (159 days overdue)
Backend CI	Run tests	2026-03-17T02:41:37.4840224Z INFO     app.scheduler.services.notification_creation:notification_creation.py:64 Created overdue notification for invoice INV-9003 (68 days overdue)
Backend CI	Run tests	2026-03-17T02:41:37.4840648Z INFO     app.scheduler.services.notification_creation:notification_creation.py:64 Created overdue notification for invoice INV-2543 (12 days overdue)
Backend CI	Run tests	2026-03-17T02:41:37.4841067Z INFO     app.scheduler.services.notification_creation:notification_creation.py:64 Created overdue notification for invoice INV-6500 (1 days overdue)
Backend CI	Run tests	2026-03-17T02:41:37.4841613Z INFO     app.scheduler.services.notification_creation:notification_creation.py:64 Created overdue notification for invoice INV-8120 (156 days overdue)
Backend CI	Run tests	2026-03-17T02:41:37.4842037Z INFO     app.scheduler.services.notification_creation:notification_creation.py:64 Created overdue notification for invoice INV-3303 (231 days overdue)
Backend CI	Run tests	2026-03-17T02:41:37.4842468Z INFO     app.scheduler.services.notification_creation:notification_creation.py:64 Created overdue notification for invoice INV-6850 (83 days overdue)
Backend CI	Run tests	2026-03-17T02:41:37.4843010Z INFO     app.scheduler.services.notification_creation:notification_creation.py:64 Created overdue notification for invoice INV-1000 (259 days overdue)
Backend CI	Run tests	2026-03-17T02:41:37.4843434Z INFO     app.scheduler.services.notification_creation:notification_creation.py:64 Created overdue notification for invoice INV-7729 (13 days overdue)
Backend CI	Run tests	2026-03-17T02:41:37.4843862Z INFO     app.scheduler.services.notification_creation:notification_creation.py:64 Created overdue notification for invoice INV-3497 (56 days overdue)
Backend CI	Run tests	2026-03-17T02:41:37.4844294Z INFO     app.scheduler.services.notification_creation:notification_creation.py:64 Created overdue notification for invoice INV-1826 (235 days overdue)
Backend CI	Run tests	2026-03-17T02:41:37.4844726Z INFO     app.scheduler.services.notification_creation:notification_creation.py:64 Created overdue notification for invoice INV-9073 (350 days overdue)
Backend CI	Run tests	2026-03-17T02:41:37.4845257Z INFO     app.scheduler.services.notification_creation:notification_creation.py:64 Created overdue notification for invoice INV-2543 (12 days overdue)
Backend CI	Run tests	2026-03-17T02:41:37.4845684Z INFO     app.scheduler.services.notification_creation:notification_creation.py:64 Created overdue notification for invoice INV-6500 (1 days overdue)
Backend CI	Run tests	2026-03-17T02:41:37.4846108Z INFO     app.scheduler.services.notification_creation:notification_creation.py:64 Created overdue notification for invoice INV-8120 (156 days overdue)
Backend CI	Run tests	2026-03-17T02:41:37.4846539Z INFO     app.scheduler.services.notification_creation:notification_creation.py:64 Created overdue notification for invoice INV-3303 (231 days overdue)
Backend CI	Run tests	2026-03-17T02:41:37.4846967Z INFO     app.scheduler.services.notification_creation:notification_creation.py:64 Created overdue notification for invoice INV-6850 (83 days overdue)
Backend CI	Run tests	2026-03-17T02:41:37.4847396Z INFO     app.scheduler.services.notification_creation:notification_creation.py:64 Created overdue notification for invoice INV-1000 (259 days overdue)
Backend CI	Run tests	2026-03-17T02:41:37.4847823Z INFO     app.scheduler.services.notification_creation:notification_creation.py:64 Created overdue notification for invoice INV-7729 (13 days overdue)
Backend CI	Run tests	2026-03-17T02:41:37.4848250Z INFO     app.scheduler.services.notification_creation:notification_creation.py:64 Created overdue notification for invoice INV-3497 (56 days overdue)
Backend CI	Run tests	2026-03-17T02:41:37.4848680Z INFO     app.scheduler.services.notification_creation:notification_creation.py:64 Created overdue notification for invoice INV-1826 (235 days overdue)
Backend CI	Run tests	2026-03-17T02:41:37.4849113Z INFO     app.scheduler.services.notification_creation:notification_creation.py:64 Created overdue notification for invoice INV-9073 (350 days overdue)
Backend CI	Run tests	2026-03-17T02:41:37.4849531Z INFO     app.scheduler.services.notification_creation:notification_creation.py:64 Created overdue notification for invoice INV-5546 (2 days overdue)
Backend CI	Run tests	2026-03-17T02:41:37.4849958Z INFO     app.scheduler.services.notification_creation:notification_creation.py:64 Created overdue notification for invoice INV-4051 (1 days overdue)
Backend CI	Run tests	2026-03-17T02:41:37.4850378Z INFO     app.scheduler.services.notification_creation:notification_creation.py:64 Created overdue notification for invoice INV-5546 (2 days overdue)
Backend CI	Run tests	2026-03-17T02:41:37.4850805Z INFO     app.scheduler.services.notification_creation:notification_creation.py:64 Created overdue notification for invoice INV-4051 (1 days overdue)
Backend CI	Run tests	2026-03-17T02:41:37.4851231Z INFO     app.scheduler.services.notification_creation:notification_creation.py:64 Created overdue notification for invoice INV-5145 (199 days overdue)
Backend CI	Run tests	2026-03-17T02:41:37.4851760Z INFO     app.scheduler.services.notification_creation:notification_creation.py:64 Created overdue notification for invoice INV-7291 (1 days overdue)
Backend CI	Run tests	2026-03-17T02:41:37.4852193Z INFO     app.scheduler.services.notification_creation:notification_creation.py:64 Created overdue notification for invoice INV-9652 (355 days overdue)
Backend CI	Run tests	2026-03-17T02:41:37.4852624Z INFO     app.scheduler.services.notification_creation:notification_creation.py:64 Created overdue notification for invoice INV-7559 (125 days overdue)
Backend CI	Run tests	2026-03-17T02:41:37.4853155Z INFO     app.scheduler.services.notification_creation:notification_creation.py:64 Created overdue notification for invoice INV-1775 (226 days overdue)
Backend CI	Run tests	2026-03-17T02:41:37.4853583Z INFO     app.scheduler.services.notification_creation:notification_creation.py:64 Created overdue notification for invoice INV-5145 (199 days overdue)
Backend CI	Run tests	2026-03-17T02:41:37.4854007Z INFO     app.scheduler.services.notification_creation:notification_creation.py:64 Created overdue notification for invoice INV-7291 (1 days overdue)
Backend CI	Run tests	2026-03-17T02:41:37.4854438Z INFO     app.scheduler.services.notification_creation:notification_creation.py:64 Created overdue notification for invoice INV-9652 (355 days overdue)
Backend CI	Run tests	2026-03-17T02:41:37.4854973Z INFO     app.scheduler.services.notification_creation:notification_creation.py:64 Created overdue notification for invoice INV-7559 (125 days overdue)
Backend CI	Run tests	2026-03-17T02:41:37.4855780Z INFO     app.scheduler.services.notification_creation:notification_creation.py:64 Created overdue notification for invoice INV-1775 (226 days overdue)
Backend CI	Run tests	2026-03-17T02:41:37.4856556Z INFO     app.scheduler.services.notification_creation:notification_creation.py:64 Created overdue notification for invoice INV-8274 (191 days overdue)
Backend CI	Run tests	2026-03-17T02:41:37.4857075Z INFO     app.scheduler.services.notification_creation:notification_creation.py:64 Created overdue notification for invoice INV-5617 (1 days overdue)
Backend CI	Run tests	2026-03-17T02:41:37.4857790Z INFO     app.scheduler.services.notification_creation:notification_creation.py:64 Created overdue notification for invoice INV-2169 (260 days overdue)
Backend CI	Run tests	2026-03-17T02:41:37.4858576Z INFO     app.scheduler.services.notification_creation:notification_creation.py:64 Created overdue notification for invoice INV-2284 (114 days overdue)
Backend CI	Run tests	2026-03-17T02:41:37.4859226Z INFO     app.scheduler.services.notification_creation:notification_creation.py:64 Created overdue notification for invoice INV-9629 (4 days overdue)
Backend CI	Run tests	2026-03-17T02:41:37.4860008Z INFO     app.scheduler.services.notification_creation:notification_creation.py:64 Created overdue notification for invoice INV-2047 (338 days overdue)
Backend CI	Run tests	2026-03-17T02:41:37.4860708Z INFO     app.scheduler.services.notification_creation:notification_creation.py:64 Created overdue notification for invoice INV-4142 (195 days overdue)
Backend CI	Run tests	2026-03-17T02:41:37.4861138Z INFO     app.scheduler.services.notification_creation:notification_creation.py:64 Created overdue notification for invoice INV-1891 (365 days overdue)
Backend CI	Run tests	2026-03-17T02:41:37.4861578Z INFO     app.scheduler.services.notification_creation:notification_creation.py:64 Created overdue notification for invoice INV-4433 (1 days overdue)
Backend CI	Run tests	2026-03-17T02:41:37.4862006Z INFO     app.scheduler.services.notification_creation:notification_creation.py:64 Created overdue notification for invoice INV-9288 (266 days overdue)
Backend CI	Run tests	2026-03-17T02:41:37.4862434Z INFO     app.scheduler.services.notification_creation:notification_creation.py:64 Created overdue notification for invoice INV-7231 (303 days overdue)
Backend CI	Run tests	2026-03-17T02:41:37.4862980Z INFO     app.scheduler.services.notification_creation:notification_creation.py:64 Created overdue notification for invoice INV-7986 (20 days overdue)
Backend CI	Run tests	2026-03-17T02:41:37.4863407Z INFO     app.scheduler.services.notification_creation:notification_creation.py:64 Created overdue notification for invoice INV-6474 (228 days overdue)
Backend CI	Run tests	2026-03-17T02:41:37.4863840Z INFO     app.scheduler.services.notification_creation:notification_creation.py:64 Created overdue notification for invoice INV-1891 (365 days overdue)
Backend CI	Run tests	2026-03-17T02:41:37.4864403Z INFO     app.scheduler.services.notification_creation:notification_creation.py:64 Created overdue notification for invoice INV-4433 (1 days overdue)
Backend CI	Run tests	2026-03-17T02:41:37.4864843Z INFO     app.scheduler.services.notification_creation:notification_creation.py:64 Created overdue notification for invoice INV-9288 (266 days overdue)
Backend CI	Run tests	2026-03-17T02:41:37.4865271Z INFO     app.scheduler.services.notification_creation:notification_creation.py:64 Created overdue notification for invoice INV-7231 (303 days overdue)
Backend CI	Run tests	2026-03-17T02:41:37.4865692Z INFO     app.scheduler.services.notification_creation:notification_creation.py:64 Created overdue notification for invoice INV-7986 (20 days overdue)
Backend CI	Run tests	2026-03-17T02:41:37.4866125Z INFO     app.scheduler.services.notification_creation:notification_creation.py:64 Created overdue notification for invoice INV-6474 (228 days overdue)
Backend CI	Run tests	2026-03-17T02:41:37.4866554Z INFO     app.scheduler.services.notification_creation:notification_creation.py:64 Created overdue notification for invoice INV-4061 (143 days overdue)
Backend CI	Run tests	2026-03-17T02:41:37.4866979Z INFO     app.scheduler.services.notification_creation:notification_creation.py:64 Created overdue notification for invoice INV-8362 (1 days overdue)
Backend CI	Run tests	2026-03-17T02:41:37.4867508Z INFO     app.scheduler.services.notification_creation:notification_creation.py:64 Created overdue notification for invoice INV-8010 (115 days overdue)
Backend CI	Run tests	2026-03-17T02:41:37.4867931Z INFO     app.scheduler.services.notification_creation:notification_creation.py:64 Created overdue notification for invoice INV-7997 (201 days overdue)
Backend CI	Run tests	2026-03-17T02:41:37.4868363Z INFO     app.scheduler.services.notification_creation:notification_creation.py:64 Created overdue notification for invoice INV-3756 (169 days overdue)
Backend CI	Run tests	2026-03-17T02:41:37.4868790Z INFO     app.scheduler.services.notification_creation:notification_creation.py:64 Created overdue notification for invoice INV-2819 (360 days overdue)
Backend CI	Run tests	2026-03-17T02:41:37.4869226Z INFO     app.scheduler.services.notification_creation:notification_creation.py:64 Created overdue notification for invoice INV-7675 (106 days overdue)
Backend CI	Run tests	2026-03-17T02:41:37.4869643Z INFO     app.scheduler.services.notification_creation:notification_creation.py:64 Created overdue notification for invoice INV-6984 (1 days overdue)
Backend CI	Run tests	2026-03-17T02:41:37.4870079Z INFO     app.scheduler.services.notification_creation:notification_creation.py:64 Created overdue notification for invoice INV-3492 (274 days overdue)
Backend CI	Run tests	2026-03-17T02:41:37.4870504Z INFO     app.scheduler.services.notification_creation:notification_creation.py:64 Created overdue notification for invoice INV-2262 (301 days overdue)
Backend CI	Run tests	2026-03-17T02:41:37.4870928Z INFO     app.scheduler.services.notification_creation:notification_creation.py:64 Created overdue notification for invoice INV-2203 (360 days overdue)
Backend CI	Run tests	2026-03-17T02:41:37.4871358Z INFO     app.scheduler.services.notification_creation:notification_creation.py:64 Created overdue notification for invoice INV-7675 (106 days overdue)
Backend CI	Run tests	2026-03-17T02:41:37.4871782Z INFO     app.scheduler.services.notification_creation:notification_creation.py:64 Created overdue notification for invoice INV-6984 (1 days overdue)
Backend CI	Run tests	2026-03-17T02:41:37.4872214Z INFO     app.scheduler.services.notification_creation:notification_creation.py:64 Created overdue notification for invoice INV-3492 (274 days overdue)
Backend CI	Run tests	2026-03-17T02:41:37.4872645Z INFO     app.scheduler.services.notification_creation:notification_creation.py:64 Created overdue notification for invoice INV-2262 (301 days overdue)
Backend CI	Run tests	2026-03-17T02:41:37.4873202Z INFO     app.scheduler.services.notification_creation:notification_creation.py:64 Created overdue notification for invoice INV-2203 (360 days overdue)
Backend CI	Run tests	2026-03-17T02:41:37.4873634Z INFO     app.scheduler.services.notification_creation:notification_creation.py:64 Created overdue notification for invoice INV-4505 (284 days overdue)
Backend CI	Run tests	2026-03-17T02:41:37.4874055Z INFO     app.scheduler.services.notification_creation:notification_creation.py:64 Created overdue notification for invoice INV-5206 (1 days overdue)
Backend CI	Run tests	2026-03-17T02:41:37.4874603Z INFO     app.scheduler.services.notification_creation:notification_creation.py:64 Created overdue notification for invoice INV-5279 (36 days overdue)
Backend CI	Run tests	2026-03-17T02:41:37.4875037Z INFO     app.scheduler.services.notification_creation:notification_creation.py:64 Created overdue notification for invoice INV-3213 (125 days overdue)
Backend CI	Run tests	2026-03-17T02:41:37.4875463Z INFO     app.scheduler.services.notification_creation:notification_creation.py:64 Created overdue notification for invoice INV-1768 (9 days overdue)
Backend CI	Run tests	2026-03-17T02:41:37.4875886Z INFO     app.scheduler.services.notification_creation:notification_creation.py:64 Created overdue notification for invoice INV-7174 (272 days overdue)
Backend CI	Run tests	2026-03-17T02:41:37.4876312Z INFO     app.scheduler.services.notification_creation:notification_creation.py:64 Created overdue notification for invoice INV-1419 (130 days overdue)
Backend CI	Run tests	2026-03-17T02:41:37.4876749Z INFO     app.scheduler.services.notification_creation:notification_creation.py:64 Created overdue notification for invoice INV-1620 (65 days overdue)
Backend CI	Run tests	2026-03-17T02:41:37.4877173Z INFO     app.scheduler.services.notification_creation:notification_creation.py:64 Created overdue notification for invoice INV-4855 (65 days overdue)
Backend CI	Run tests	2026-03-17T02:41:37.4877707Z INFO     app.scheduler.services.notification_creation:notification_creation.py:64 Created overdue notification for invoice INV-7189 (344 days overdue)
Backend CI	Run tests	2026-03-17T02:41:37.4878132Z INFO     app.scheduler.services.notification_creation:notification_creation.py:64 Created overdue notification for invoice INV-9089 (329 days overdue)
Backend CI	Run tests	2026-03-17T02:41:37.4878559Z INFO     app.scheduler.services.notification_creation:notification_creation.py:64 Created overdue notification for invoice INV-9281 (1 days overdue)
Backend CI	Run tests	2026-03-17T02:41:37.4878982Z INFO     app.scheduler.services.notification_creation:notification_creation.py:64 Created overdue notification for invoice INV-1343 (1 days overdue)
Backend CI	Run tests	2026-03-17T02:41:37.4879411Z INFO     app.scheduler.services.notification_creation:notification_creation.py:64 Created overdue notification for invoice INV-7965 (133 days overdue)
Backend CI	Run tests	2026-03-17T02:41:37.4879846Z INFO     app.scheduler.services.notification_creation:notification_creation.py:64 Created overdue notification for invoice INV-3463 (325 days overdue)
Backend CI	Run tests	2026-03-17T02:41:37.4880275Z INFO     app.scheduler.services.notification_creation:notification_creation.py:64 Created overdue notification for invoice INV-4290 (106 days overdue)
Backend CI	Run tests	2026-03-17T02:41:37.4880706Z INFO     app.scheduler.services.notification_creation:notification_creation.py:64 Created overdue notification for invoice INV-7397 (164 days overdue)
Backend CI	Run tests	2026-03-17T02:41:37.4881135Z INFO     app.scheduler.services.notification_creation:notification_creation.py:64 Created overdue notification for invoice INV-5694 (289 days overdue)
Backend CI	Run tests	2026-03-17T02:41:37.4881562Z INFO     app.scheduler.services.notification_creation:notification_creation.py:64 Created overdue notification for invoice INV-9089 (329 days overdue)
Backend CI	Run tests	2026-03-17T02:41:37.4881994Z INFO     app.scheduler.services.notification_creation:notification_creation.py:64 Created overdue notification for invoice INV-9281 (1 days overdue)
Backend CI	Run tests	2026-03-17T02:41:37.4882415Z INFO     app.scheduler.services.notification_creation:notification_creation.py:64 Created overdue notification for invoice INV-1343 (1 days overdue)
Backend CI	Run tests	2026-03-17T02:41:37.4882957Z INFO     app.scheduler.services.notification_creation:notification_creation.py:64 Created overdue notification for invoice INV-7965 (133 days overdue)
Backend CI	Run tests	2026-03-17T02:41:37.4883383Z INFO     app.scheduler.services.notification_creation:notification_creation.py:64 Created overdue notification for invoice INV-3463 (325 days overdue)
Backend CI	Run tests	2026-03-17T02:41:37.4883811Z INFO     app.scheduler.services.notification_creation:notification_creation.py:64 Created overdue notification for invoice INV-4290 (106 days overdue)
Backend CI	Run tests	2026-03-17T02:41:37.4884348Z INFO     app.scheduler.services.notification_creation:notification_creation.py:64 Created overdue notification for invoice INV-7397 (164 days overdue)
Backend CI	Run tests	2026-03-17T02:41:37.4884773Z INFO     app.scheduler.services.notification_creation:notification_creation.py:64 Created overdue notification for invoice INV-5694 (289 days overdue)
Backend CI	Run tests	2026-03-17T02:41:37.4885206Z INFO     app.scheduler.services.notification_creation:notification_creation.py:64 Created overdue notification for invoice INV-5772 (2 days overdue)
Backend CI	Run tests	2026-03-17T02:41:37.4885625Z INFO     app.scheduler.services.notification_creation:notification_creation.py:64 Created overdue notification for invoice INV-9482 (1 days overdue)
Backend CI	Run tests	2026-03-17T02:41:37.4886057Z INFO     app.scheduler.services.notification_creation:notification_creation.py:64 Created overdue notification for invoice INV-1646 (140 days overdue)
Backend CI	Run tests	2026-03-17T02:41:37.4886479Z INFO     app.scheduler.services.notification_creation:notification_creation.py:64 Created overdue notification for invoice INV-3057 (81 days overdue)
Backend CI	Run tests	2026-03-17T02:41:37.4886909Z INFO     app.scheduler.services.notification_creation:notification_creation.py:64 Created overdue notification for invoice INV-8371 (168 days overdue)
Backend CI	Run tests	2026-03-17T02:41:37.4887341Z INFO     app.scheduler.services.notification_creation:notification_creation.py:64 Created overdue notification for invoice INV-9852 (122 days overdue)
Backend CI	Run tests	2026-03-17T02:41:37.4887878Z INFO     app.scheduler.services.notification_creation:notification_creation.py:64 Created overdue notification for invoice INV-3718 (237 days overdue)
Backend CI	Run tests	2026-03-17T02:41:37.4888313Z INFO     app.scheduler.services.notification_creation:notification_creation.py:64 Created overdue notification for invoice INV-7380 (245 days overdue)
Backend CI	Run tests	2026-03-17T02:41:37.4888739Z INFO     app.scheduler.services.notification_creation:notification_creation.py:64 Created overdue notification for invoice INV-2699 (221 days overdue)
Backend CI	Run tests	2026-03-17T02:41:37.4889170Z INFO     app.scheduler.services.notification_creation:notification_creation.py:64 Created overdue notification for invoice INV-3780 (333 days overdue)
Backend CI	Run tests	2026-03-17T02:41:37.4889600Z INFO     app.scheduler.services.notification_creation:notification_creation.py:64 Created overdue notification for invoice INV-1062 (191 days overdue)
Backend CI	Run tests	2026-03-17T02:41:37.4890020Z INFO     app.scheduler.services.notification_creation:notification_creation.py:64 Created overdue notification for invoice INV-7010 (1 days overdue)
Backend CI	Run tests	2026-03-17T02:41:37.4890456Z INFO     app.scheduler.services.notification_creation:notification_creation.py:64 Created overdue notification for invoice INV-2369 (312 days overdue)
Backend CI	Run tests	2026-03-17T02:41:37.4890877Z INFO     app.scheduler.services.notification_creation:notification_creation.py:64 Created overdue notification for invoice INV-7334 (78 days overdue)
Backend CI	Run tests	2026-03-17T02:41:37.4891308Z INFO     app.scheduler.services.notification_creation:notification_creation.py:64 Created overdue notification for invoice INV-6260 (179 days overdue)
Backend CI	Run tests	2026-03-17T02:41:37.4891739Z INFO     app.scheduler.services.notification_creation:notification_creation.py:64 Created overdue notification for invoice INV-6460 (156 days overdue)
Backend CI	Run tests	2026-03-17T02:41:37.4892165Z INFO     app.scheduler.services.notification_creation:notification_creation.py:64 Created overdue notification for invoice INV-6070 (353 days overdue)
Backend CI	Run tests	2026-03-17T02:41:37.4892596Z INFO     app.scheduler.services.notification_creation:notification_creation.py:64 Created overdue notification for invoice INV-7360 (26 days overdue)
Backend CI	Run tests	2026-03-17T02:41:37.4893154Z INFO     app.scheduler.services.notification_creation:notification_creation.py:64 Created overdue notification for invoice INV-6758 (1 days overdue)
Backend CI	Run tests	2026-03-17T02:41:37.4893586Z INFO     app.scheduler.services.notification_creation:notification_creation.py:64 Created overdue notification for invoice INV-2667 (347 days overdue)
Backend CI	Run tests	2026-03-17T02:41:37.4894013Z INFO     app.scheduler.services.notification_creation:notification_creation.py:64 Created overdue notification for invoice INV-5892 (332 days overdue)
Backend CI	Run tests	2026-03-17T02:41:37.4894561Z INFO     app.scheduler.services.notification_creation:notification_creation.py:64 Created overdue notification for invoice INV-9999 (197 days overdue)
Backend CI	Run tests	2026-03-17T02:41:37.4894989Z INFO     app.scheduler.services.notification_creation:notification_creation.py:64 Created overdue notification for invoice INV-9273 (189 days overdue)
Backend CI	Run tests	2026-03-17T02:41:37.4895432Z INFO     app.scheduler.services.notification_creation:notification_creation.py:64 Created overdue notification for invoice INV-7515 (282 days overdue)
Backend CI	Run tests	2026-03-17T02:41:37.4895860Z INFO     app.scheduler.services.notification_creation:notification_creation.py:64 Created overdue notification for invoice INV-3538 (28 days overdue)
Backend CI	Run tests	2026-03-17T02:41:37.4896289Z INFO     app.scheduler.services.notification_creation:notification_creation.py:64 Created overdue notification for invoice INV-8455 (212 days overdue)
Backend CI	Run tests	2026-03-17T02:41:37.4896717Z INFO     app.scheduler.services.notification_creation:notification_creation.py:64 Created overdue notification for invoice INV-5700 (298 days overdue)
Backend CI	Run tests	2026-03-17T02:41:37.4897148Z INFO     app.scheduler.services.notification_creation:notification_creation.py:64 Created overdue notification for invoice INV-9327 (251 days overdue)
Backend CI	Run tests	2026-03-17T02:41:37.4897573Z INFO     app.scheduler.services.notification_creation:notification_creation.py:64 Created overdue notification for invoice INV-2718 (1 days overdue)
Backend CI	Run tests	2026-03-17T02:41:37.4898098Z INFO     app.scheduler.services.notification_creation:notification_creation.py:64 Created overdue notification for invoice INV-6934 (286 days overdue)
Backend CI	Run tests	2026-03-17T02:41:37.4898531Z INFO     app.scheduler.services.notification_creation:notification_creation.py:64 Created overdue notification for invoice INV-8514 (270 days overdue)
Backend CI	Run tests	2026-03-17T02:41:37.4898961Z INFO     app.scheduler.services.notification_creation:notification_creation.py:64 Created overdue notification for invoice INV-4684 (119 days overdue)
Backend CI	Run tests	2026-03-17T02:41:37.4899380Z INFO     app.scheduler.services.notification_creation:notification_creation.py:64 Created overdue notification for invoice INV-5187 (7 days overdue)
Backend CI	Run tests	2026-03-17T02:41:37.4899814Z INFO     app.scheduler.services.notification_creation:notification_creation.py:64 Created overdue notification for invoice INV-9112 (224 days overdue)
Backend CI	Run tests	2026-03-17T02:41:37.4900244Z INFO     app.scheduler.services.notification_creation:notification_creation.py:64 Created overdue notification for invoice INV-4062 (210 days overdue)
Backend CI	Run tests	2026-03-17T02:41:37.4900889Z INFO     app.scheduler.services.notification_creation:notification_creation.py:64 Created overdue notification for invoice INV-7176 (304 days overdue)
Backend CI	Run tests	2026-03-17T02:41:37.4901633Z INFO     app.scheduler.services.notification_creation:notification_creation.py:64 Created overdue notification for invoice INV-5289 (350 days overdue)
Backend CI	Run tests	2026-03-17T02:41:37.4902357Z INFO     app.scheduler.services.notification_creation:notification_creation.py:64 Created overdue notification for invoice INV-1764 (108 days overdue)
Backend CI	Run tests	2026-03-17T02:41:37.4903253Z INFO     app.scheduler.services.notification_creation:notification_creation.py:64 Created overdue notification for invoice INV-8022 (1 days overdue)
Backend CI	Run tests	2026-03-17T02:41:37.4903994Z INFO     app.scheduler.services.notification_creation:notification_creation.py:64 Created overdue notification for invoice INV-7308 (322 days overdue)
Backend CI	Run tests	2026-03-17T02:41:37.4904730Z INFO     app.scheduler.services.notification_creation:notification_creation.py:64 Created overdue notification for invoice INV-5987 (200 days overdue)
Backend CI	Run tests	2026-03-17T02:41:37.4905458Z INFO     app.scheduler.services.notification_creation:notification_creation.py:64 Created overdue notification for invoice INV-2129 (210 days overdue)
Backend CI	Run tests	2026-03-17T02:41:37.4906180Z INFO     app.scheduler.services.notification_creation:notification_creation.py:64 Created overdue notification for invoice INV-2528 (56 days overdue)
Backend CI	Run tests	2026-03-17T02:41:37.4906891Z INFO     app.scheduler.services.notification_creation:notification_creation.py:64 Created overdue notification for invoice INV-9629 (43 days overdue)
Backend CI	Run tests	2026-03-17T02:41:37.4908010Z INFO     app.scheduler.services.notification_creation:notification_creation.py:64 Created overdue notification for invoice INV-9999 (89 days overdue)
Backend CI	Run tests	2026-03-17T02:41:37.4908819Z INFO     app.scheduler.services.notification_creation:notification_creation.py:64 Created overdue notification for invoice INV-3407 (5 days overdue)
Backend CI	Run tests	2026-03-17T02:41:37.4909614Z INFO     app.scheduler.services.notification_creation:notification_creation.py:64 Created overdue notification for invoice INV-5795 (56 days overdue)
Backend CI	Run tests	2026-03-17T02:41:37.4910421Z INFO     app.scheduler.services.notification_creation:notification_creation.py:64 Created overdue notification for invoice INV-9851 (44 days overdue)
Backend CI	Run tests	2026-03-17T02:41:37.4911231Z INFO     app.scheduler.services.notification_creation:notification_creation.py:64 Created overdue notification for invoice INV-5885 (1 days overdue)
Backend CI	Run tests	2026-03-17T02:41:37.4912053Z INFO     app.scheduler.services.notification_creation:notification_creation.py:64 Created overdue notification for invoice INV-2619 (355 days overdue)
Backend CI	Run tests	2026-03-17T02:41:37.4913121Z INFO     app.scheduler.services.notification_creation:notification_creation.py:64 Created overdue notification for invoice INV-5231 (172 days overdue)
Backend CI	Run tests	2026-03-17T02:41:37.4914181Z INFO     app.scheduler.services.notification_creation:notification_creation.py:64 Created overdue notification for invoice INV-9374 (362 days overdue)
Backend CI	Run tests	2026-03-17T02:41:37.4915013Z INFO     app.scheduler.services.notification_creation:notification_creation.py:64 Created overdue notification for invoice INV-3116 (121 days overdue)
Backend CI	Run tests	2026-03-17T02:41:37.4915815Z INFO     app.scheduler.services.notification_creation:notification_creation.py:64 Created overdue notification for invoice INV-1662 (295 days overdue)
Backend CI	Run tests	2026-03-17T02:41:37.4916611Z INFO     app.scheduler.services.notification_creation:notification_creation.py:64 Created overdue notification for invoice INV-7786 (262 days overdue)
Backend CI	Run tests	2026-03-17T02:41:37.4917407Z INFO     app.scheduler.services.notification_creation:notification_creation.py:64 Created overdue notification for invoice INV-4800 (218 days overdue)
Backend CI	Run tests	2026-03-17T02:41:37.4918247Z INFO     app.scheduler.services.notification_creation:notification_creation.py:64 Created overdue notification for invoice INV-3845 (252 days overdue)
Backend CI	Run tests	2026-03-17T02:41:37.4919102Z INFO     app.scheduler.services.notification_creation:notification_creation.py:64 Created overdue notification for invoice INV-2158 (349 days overdue)
Backend CI	Run tests	2026-03-17T02:41:37.4919926Z INFO     app.scheduler.services.notification_creation:notification_creation.py:64 Created overdue notification for invoice INV-9723 (239 days overdue)
Backend CI	Run tests	2026-03-17T02:41:37.4920746Z INFO     app.scheduler.services.notification_creation:notification_creation.py:64 Created overdue notification for invoice INV-4036 (1 days overdue)
Backend CI	Run tests	2026-03-17T02:41:37.4921561Z INFO     app.scheduler.services.notification_creation:notification_creation.py:64 Created overdue notification for invoice INV-5692 (145 days overdue)
Backend CI	Run tests	2026-03-17T02:41:37.4922413Z INFO     app.scheduler.services.notification_creation:notification_creation.py:64 Created overdue notification for invoice INV-6773 (342 days overdue)
Backend CI	Run tests	2026-03-17T02:41:37.4923507Z INFO     app.scheduler.services.notification_creation:notification_creation.py:64 Created overdue notification for invoice INV-5983 (230 days overdue)
Backend CI	Run tests	2026-03-17T02:41:37.4924338Z INFO     app.scheduler.services.notification_creation:notification_creation.py:64 Created overdue notification for invoice INV-9578 (1 days overdue)
Backend CI	Run tests	2026-03-17T02:41:37.4925182Z INFO     app.scheduler.services.notification_creation:notification_creation.py:64 Created overdue notification for invoice INV-5983 (230 days overdue)
Backend CI	Run tests	2026-03-17T02:41:37.4925992Z INFO     app.scheduler.services.notification_creation:notification_creation.py:64 Created overdue notification for invoice INV-9578 (1 days overdue)
Backend CI	Run tests	2026-03-17T02:41:37.4926812Z INFO     app.scheduler.services.notification_creation:notification_creation.py:64 Created overdue notification for invoice INV-3207 (364 days overdue)
Backend CI	Run tests	2026-03-17T02:41:37.4927900Z INFO     app.scheduler.services.notification_creation:notification_creation.py:64 Created overdue notification for invoice INV-6458 (1 days overdue)
Backend CI	Run tests	2026-03-17T02:41:37.4928728Z INFO     app.scheduler.services.notification_creation:notification_creation.py:64 Created overdue notification for invoice INV-6464 (67 days overdue)
Backend CI	Run tests	2026-03-17T02:41:37.4929585Z INFO     app.scheduler.services.notification_creation:notification_creation.py:64 Created overdue notification for invoice INV-5610 (221 days overdue)
Backend CI	Run tests	2026-03-17T02:41:37.4930090Z INFO     app.scheduler.services.notification_creation:notification_creation.py:64 Created overdue notification for invoice INV-5462 (20 days overdue)
Backend CI	Run tests	2026-03-17T02:41:37.4930539Z INFO     app.scheduler.services.notification_creation:notification_creation.py:64 Created overdue notification for invoice INV-2332 (261 days overdue)
Backend CI	Run tests	2026-03-17T02:41:37.4930976Z INFO     app.scheduler.services.notification_creation:notification_creation.py:64 Created overdue notification for invoice INV-8207 (1 days overdue)
Backend CI	Run tests	2026-03-17T02:41:37.4931417Z INFO     app.scheduler.services.notification_creation:notification_creation.py:64 Created overdue notification for invoice INV-3738 (81 days overdue)
Backend CI	Run tests	2026-03-17T02:41:37.4932044Z INFO     app.scheduler.services.notification_creation:notification_creation.py:64 Created overdue notification for invoice INV-9346 (1 days overdue)
Backend CI	Run tests	2026-03-17T02:41:37.4932479Z INFO     app.scheduler.services.notification_creation:notification_creation.py:64 Created overdue notification for invoice INV-3881 (217 days overdue)
Backend CI	Run tests	2026-03-17T02:41:37.4933176Z INFO     app.scheduler.services.notification_creation:notification_creation.py:64 Created overdue notification for invoice INV-3361 (115 days overdue)
Backend CI	Run tests	2026-03-17T02:41:37.4933614Z INFO     app.scheduler.services.notification_creation:notification_creation.py:64 Created overdue notification for invoice INV-8981 (146 days overdue)
Backend CI	Run tests	2026-03-17T02:41:37.4934046Z INFO     app.scheduler.services.notification_creation:notification_creation.py:64 Created overdue notification for invoice INV-9196 (61 days overdue)
Backend CI	Run tests	2026-03-17T02:41:37.4934478Z INFO     app.scheduler.services.notification_creation:notification_creation.py:64 Created overdue notification for invoice INV-8759 (82 days overdue)
Backend CI	Run tests	2026-03-17T02:41:37.4934912Z INFO     app.scheduler.services.notification_creation:notification_creation.py:64 Created overdue notification for invoice INV-7266 (181 days overdue)
Backend CI	Run tests	2026-03-17T02:41:37.4935376Z INFO     app.scheduler.services.notification_creation:notification_creation.py:64 Created overdue notification for invoice INV-2697 (44 days overdue)
Backend CI	Run tests	2026-03-17T02:41:37.4935800Z INFO     app.scheduler.services.notification_creation:notification_creation.py:64 Created overdue notification for invoice INV-7569 (1 days overdue)
Backend CI	Run tests	2026-03-17T02:41:37.4936227Z INFO     app.scheduler.services.notification_creation:notification_creation.py:64 Created overdue notification for invoice INV-9624 (1 days overdue)
Backend CI	Run tests	2026-03-17T02:41:37.4936660Z INFO     app.scheduler.services.notification_creation:notification_creation.py:64 Created overdue notification for invoice INV-8399 (134 days overdue)
Backend CI	Run tests	2026-03-17T02:41:37.4937091Z INFO     app.scheduler.services.notification_creation:notification_creation.py:64 Created overdue notification for invoice INV-5153 (280 days overdue)
Backend CI	Run tests	2026-03-17T02:41:37.4937531Z INFO     app.scheduler.services.notification_creation:notification_creation.py:64 Created overdue notification for invoice INV-6182 (183 days overdue)
Backend CI	Run tests	2026-03-17T02:41:37.4937955Z INFO     app.scheduler.services.notification_creation:notification_creation.py:64 Created overdue notification for invoice INV-5974 (161 days overdue)
Backend CI	Run tests	2026-03-17T02:41:37.4938387Z INFO     app.scheduler.services.notification_creation:notification_creation.py:64 Created overdue notification for invoice INV-5379 (317 days overdue)
Backend CI	Run tests	2026-03-17T02:41:37.4938807Z INFO     app.scheduler.services.notification_creation:notification_creation.py:64 Created overdue notification for invoice INV-2419 (50 days overdue)
Backend CI	Run tests	2026-03-17T02:41:37.4939388Z INFO     app.scheduler.services.notification_creation:notification_creation.py:64 Created overdue notification for invoice INV-2280 (36 days overdue)
Backend CI	Run tests	2026-03-17T02:41:37.4939815Z INFO     app.scheduler.services.notification_creation:notification_creation.py:64 Created overdue notification for invoice INV-2697 (44 days overdue)
Backend CI	Run tests	2026-03-17T02:41:37.4940235Z INFO     app.scheduler.services.notification_creation:notification_creation.py:64 Created overdue notification for invoice INV-7569 (1 days overdue)
Backend CI	Run tests	2026-03-17T02:41:37.4940659Z INFO     app.scheduler.services.notification_creation:notification_creation.py:64 Created overdue notification for invoice INV-9624 (1 days overdue)
Backend CI	Run tests	2026-03-17T02:41:37.4941085Z INFO     app.scheduler.services.notification_creation:notification_creation.py:64 Created overdue notification for invoice INV-8399 (134 days overdue)
Backend CI	Run tests	2026-03-17T02:41:37.4941526Z INFO     app.scheduler.services.notification_creation:notification_creation.py:64 Created overdue notification for invoice INV-5153 (280 days overdue)
Backend CI	Run tests	2026-03-17T02:41:37.4941954Z INFO     app.scheduler.services.notification_creation:notification_creation.py:64 Created overdue notification for invoice INV-6182 (183 days overdue)
Backend CI	Run tests	2026-03-17T02:41:37.4942486Z INFO     app.scheduler.services.notification_creation:notification_creation.py:64 Created overdue notification for invoice INV-5974 (161 days overdue)
Backend CI	Run tests	2026-03-17T02:41:37.4943114Z INFO     app.scheduler.services.notification_creation:notification_creation.py:64 Created overdue notification for invoice INV-5379 (317 days overdue)
Backend CI	Run tests	2026-03-17T02:41:37.4943544Z INFO     app.scheduler.services.notification_creation:notification_creation.py:64 Created overdue notification for invoice INV-2419 (50 days overdue)
Backend CI	Run tests	2026-03-17T02:41:37.4943975Z INFO     app.scheduler.services.notification_creation:notification_creation.py:64 Created overdue notification for invoice INV-2280 (36 days overdue)
Backend CI	Run tests	2026-03-17T02:41:37.4944402Z INFO     app.scheduler.services.notification_creation:notification_creation.py:64 Created overdue notification for invoice INV-9142 (1 days overdue)
Backend CI	Run tests	2026-03-17T02:41:37.4944830Z INFO     app.scheduler.services.notification_creation:notification_creation.py:64 Created overdue notification for invoice INV-6166 (1 days overdue)
Backend CI	Run tests	2026-03-17T02:41:37.4945282Z INFO     app.scheduler.services.notification_creation:notification_creation.py:64 Created overdue notification for invoice INV-9645 (102 days overdue)
Backend CI	Run tests	2026-03-17T02:41:37.4945713Z INFO     app.scheduler.services.notification_creation:notification_creation.py:64 Created overdue notification for invoice INV-4215 (1 days overdue)
Backend CI	Run tests	2026-03-17T02:41:37.4946137Z INFO     app.scheduler.services.notification_creation:notification_creation.py:64 Created overdue notification for invoice INV-3118 (2 days overdue)
Backend CI	Run tests	2026-03-17T02:41:37.4946563Z INFO     app.scheduler.services.notification_creation:notification_creation.py:64 Created overdue notification for invoice INV-3639 (357 days overdue)
Backend CI	Run tests	2026-03-17T02:41:37.4946997Z INFO     app.scheduler.services.notification_creation:notification_creation.py:64 Created overdue notification for invoice INV-1564 (194 days overdue)
Backend CI	Run tests	2026-03-17T02:41:37.4947426Z INFO     app.scheduler.services.notification_creation:notification_creation.py:64 Created overdue notification for invoice INV-5615 (129 days overdue)
Backend CI	Run tests	2026-03-17T02:41:37.4947855Z INFO     app.scheduler.services.notification_creation:notification_creation.py:64 Created overdue notification for invoice INV-4686 (363 days overdue)
Backend CI	Run tests	2026-03-17T02:41:37.4948284Z INFO     app.scheduler.services.notification_creation:notification_creation.py:64 Created overdue notification for invoice INV-3629 (84 days overdue)
Backend CI	Run tests	2026-03-17T02:41:37.4948710Z INFO     app.scheduler.services.notification_creation:notification_creation.py:64 Created overdue notification for invoice INV-3219 (254 days overdue)
Backend CI	Run tests	2026-03-17T02:41:37.4949140Z INFO     app.scheduler.services.notification_creation:notification_creation.py:64 Created overdue notification for invoice INV-5609 (185 days overdue)
Backend CI	Run tests	2026-03-17T02:41:37.4949695Z INFO     app.scheduler.services.notification_creation:notification_creation.py:64 Created overdue notification for invoice INV-9645 (102 days overdue)
Backend CI	Run tests	2026-03-17T02:41:37.4950125Z INFO     app.scheduler.services.notification_creation:notification_creation.py:64 Created overdue notification for invoice INV-4215 (1 days overdue)
Backend CI	Run tests	2026-03-17T02:41:37.4950545Z INFO     app.scheduler.services.notification_creation:notification_creation.py:64 Created overdue notification for invoice INV-3118 (2 days overdue)
Backend CI	Run tests	2026-03-17T02:41:37.4950968Z INFO     app.scheduler.services.notification_creation:notification_creation.py:64 Created overdue notification for invoice INV-3639 (357 days overdue)
Backend CI	Run tests	2026-03-17T02:41:37.4951401Z INFO     app.scheduler.services.notification_creation:notification_creation.py:64 Created overdue notification for invoice INV-1564 (194 days overdue)
Backend CI	Run tests	2026-03-17T02:41:37.4951834Z INFO     app.scheduler.services.notification_creation:notification_creation.py:64 Created overdue notification for invoice INV-5615 (129 days overdue)
Backend CI	Run tests	2026-03-17T02:41:37.4952266Z INFO     app.scheduler.services.notification_creation:notification_creation.py:64 Created overdue notification for invoice INV-4686 (363 days overdue)
Backend CI	Run tests	2026-03-17T02:41:37.4952982Z INFO     app.scheduler.services.notification_creation:notification_creation.py:64 Created overdue notification for invoice INV-3629 (84 days overdue)
Backend CI	Run tests	2026-03-17T02:41:37.4953458Z INFO     app.scheduler.services.notification_creation:notification_creation.py:64 Created overdue notification for invoice INV-3219 (254 days overdue)
Backend CI	Run tests	2026-03-17T02:41:37.4953899Z INFO     app.scheduler.services.notification_creation:notification_creation.py:64 Created overdue notification for invoice INV-5609 (185 days overdue)
Backend CI	Run tests	2026-03-17T02:41:37.4954333Z INFO     app.scheduler.services.notification_creation:notification_creation.py:64 Created overdue notification for invoice INV-5135 (260 days overdue)
Backend CI	Run tests	2026-03-17T02:41:37.4954778Z INFO     app.scheduler.services.notification_creation:notification_creation.py:64 Created overdue notification for invoice INV-4651 (100 days overdue)
Backend CI	Run tests	2026-03-17T02:41:37.4955199Z INFO     app.scheduler.services.notification_creation:notification_creation.py:64 Created overdue notification for invoice INV-9072 (1 days overdue)
Backend CI	Run tests	2026-03-17T02:41:37.4955629Z INFO     app.scheduler.services.notification_creation:notification_creation.py:64 Created overdue notification for invoice INV-5675 (1 days overdue)
Backend CI	Run tests	2026-03-17T02:41:37.4956056Z INFO     app.scheduler.services.notification_creation:notification_creation.py:64 Created overdue notification for invoice INV-9889 (306 days overdue)
Backend CI	Run tests	2026-03-17T02:41:37.4956483Z INFO     app.scheduler.services.notification_creation:notification_creation.py:64 Created overdue notification for invoice INV-6990 (360 days overdue)
Backend CI	Run tests	2026-03-17T02:41:37.4956927Z INFO     app.scheduler.services.notification_creation:notification_creation.py:64 Created overdue notification for invoice INV-4701 (221 days overdue)
Backend CI	Run tests	2026-03-17T02:41:37.4957381Z INFO     app.scheduler.services.notification_creation:notification_creation.py:64 Created overdue notification for invoice INV-3062 (248 days overdue)
Backend CI	Run tests	2026-03-17T02:41:37.4957820Z INFO     app.scheduler.services.notification_creation:notification_creation.py:64 Created overdue notification for invoice INV-8296 (59 days overdue)
Backend CI	Run tests	2026-03-17T02:41:37.4958252Z INFO     app.scheduler.services.notification_creation:notification_creation.py:64 Created overdue notification for invoice INV-6707 (37 days overdue)
Backend CI	Run tests	2026-03-17T02:41:37.4958684Z INFO     app.scheduler.services.notification_creation:notification_creation.py:64 Created overdue notification for invoice INV-4702 (276 days overdue)
Backend CI	Run tests	2026-03-17T02:41:37.4959107Z INFO     app.scheduler.services.notification_creation:notification_creation.py:64 Created overdue notification for invoice INV-8433 (1 days overdue)
Backend CI	Run tests	2026-03-17T02:41:37.4959653Z INFO     app.scheduler.services.notification_creation:notification_creation.py:64 Created overdue notification for invoice INV-6901 (214 days overdue)
Backend CI	Run tests	2026-03-17T02:41:37.4960095Z INFO     app.scheduler.services.notification_creation:notification_creation.py:64 Created overdue notification for invoice INV-8535 (106 days overdue)
Backend CI	Run tests	2026-03-17T02:41:37.4960527Z INFO     app.scheduler.services.notification_creation:notification_creation.py:64 Created overdue notification for invoice INV-8236 (81 days overdue)
Backend CI	Run tests	2026-03-17T02:41:37.4960959Z INFO     app.scheduler.services.notification_creation:notification_creation.py:64 Created overdue notification for invoice INV-8783 (348 days overdue)
Backend CI	Run tests	2026-03-17T02:41:37.4961387Z INFO     app.scheduler.services.notification_creation:notification_creation.py:64 Created overdue notification for invoice INV-9213 (362 days overdue)
Backend CI	Run tests	2026-03-17T02:41:37.4961813Z INFO     app.scheduler.services.notification_creation:notification_creation.py:64 Created overdue notification for invoice INV-8993 (340 days overdue)
Backend CI	Run tests	2026-03-17T02:41:37.4962251Z INFO     app.scheduler.services.notification_creation:notification_creation.py:64 Created overdue notification for invoice INV-4702 (276 days overdue)
Backend CI	Run tests	2026-03-17T02:41:37.4962851Z INFO     app.scheduler.services.notification_creation:notification_creation.py:64 Created overdue notification for invoice INV-8433 (1 days overdue)
Backend CI	Run tests	2026-03-17T02:41:37.4963439Z INFO     app.scheduler.services.notification_creation:notification_creation.py:64 Created overdue notification for invoice INV-6901 (214 days overdue)
Backend CI	Run tests	2026-03-17T02:41:37.4963881Z INFO     app.scheduler.services.notification_creation:notification_creation.py:64 Created overdue notification for invoice INV-8535 (106 days overdue)
Backend CI	Run tests	2026-03-17T02:41:37.4964314Z INFO     app.scheduler.services.notification_creation:notification_creation.py:64 Created overdue notification for invoice INV-8236 (81 days overdue)
Backend CI	Run tests	2026-03-17T02:41:37.4964741Z INFO     app.scheduler.services.notification_creation:notification_creation.py:64 Created overdue notification for invoice INV-8783 (348 days overdue)
Backend CI	Run tests	2026-03-17T02:41:37.4965172Z INFO     app.scheduler.services.notification_creation:notification_creation.py:64 Created overdue notification for invoice INV-9213 (362 days overdue)
Backend CI	Run tests	2026-03-17T02:41:37.4965609Z INFO     app.scheduler.services.notification_creation:notification_creation.py:64 Created overdue notification for invoice INV-8993 (340 days overdue)
Backend CI	Run tests	2026-03-17T02:41:37.4966034Z INFO     app.scheduler.services.notification_creation:notification_creation.py:64 Created overdue notification for invoice INV-1001 (232 days overdue)
Backend CI	Run tests	2026-03-17T02:41:37.4966463Z INFO     app.scheduler.services.notification_creation:notification_creation.py:64 Created overdue notification for invoice INV-5709 (1 days overdue)
Backend CI	Run tests	2026-03-17T02:41:37.4966890Z INFO     app.scheduler.services.notification_creation:notification_creation.py:64 Created overdue notification for invoice INV-9794 (243 days overdue)
Backend CI	Run tests	2026-03-17T02:41:37.4967316Z INFO     app.scheduler.services.notification_creation:notification_creation.py:64 Created overdue notification for invoice INV-4957 (17 days overdue)
Backend CI	Run tests	2026-03-17T02:41:37.4967741Z INFO     app.scheduler.services.notification_creation:notification_creation.py:64 Created overdue notification for invoice INV-8853 (1 days overdue)
Backend CI	Run tests	2026-03-17T02:41:37.4968180Z INFO     app.scheduler.services.notification_creation:notification_creation.py:64 Created overdue notification for invoice INV-9945 (250 days overdue)
Backend CI	Run tests	2026-03-17T02:41:37.4968610Z INFO     app.scheduler.services.notification_creation:notification_creation.py:64 Created overdue notification for invoice INV-7537 (201 days overdue)
Backend CI	Run tests	2026-03-17T02:41:37.4969030Z INFO     app.scheduler.services.notification_creation:notification_creation.py:64 Created overdue notification for invoice INV-4957 (17 days overdue)
Backend CI	Run tests	2026-03-17T02:41:37.4969456Z INFO     app.scheduler.services.notification_creation:notification_creation.py:64 Created overdue notification for invoice INV-8853 (1 days overdue)
Backend CI	Run tests	2026-03-17T02:41:37.4969993Z INFO     app.scheduler.services.notification_creation:notification_creation.py:64 Created overdue notification for invoice INV-9945 (250 days overdue)
Backend CI	Run tests	2026-03-17T02:41:37.4970419Z INFO     app.scheduler.services.notification_creation:notification_creation.py:64 Created overdue notification for invoice INV-7537 (201 days overdue)
Backend CI	Run tests	2026-03-17T02:41:37.4970854Z INFO     app.scheduler.services.notification_creation:notification_creation.py:64 Created overdue notification for invoice INV-5893 (350 days overdue)
Backend CI	Run tests	2026-03-17T02:41:37.4971274Z INFO     app.scheduler.services.notification_creation:notification_creation.py:64 Created overdue notification for invoice INV-5961 (1 days overdue)
Backend CI	Run tests	2026-03-17T02:41:37.4971705Z INFO     app.scheduler.services.notification_creation:notification_creation.py:64 Created overdue notification for invoice INV-9897 (299 days overdue)
Backend CI	Run tests	2026-03-17T02:41:37.4972134Z INFO     app.scheduler.services.notification_creation:notification_creation.py:64 Created overdue notification for invoice INV-2165 (345 days overdue)
Backend CI	Run tests	2026-03-17T02:41:37.4972565Z INFO     app.scheduler.services.notification_creation:notification_creation.py:64 Created overdue notification for invoice INV-2677 (59 days overdue)
Backend CI	Run tests	2026-03-17T02:41:37.4973182Z INFO     app.scheduler.services.notification_creation:notification_creation.py:64 Created overdue notification for invoice INV-1863 (1 days overdue)
Backend CI	Run tests	2026-03-17T02:41:37.4973734Z INFO     app.scheduler.services.notification_creation:notification_creation.py:64 Created overdue notification for invoice INV-3908 (348 days overdue)
Backend CI	Run tests	2026-03-17T02:41:37.4974164Z INFO     app.scheduler.services.notification_creation:notification_creation.py:64 Created overdue notification for invoice INV-4588 (71 days overdue)
Backend CI	Run tests	2026-03-17T02:41:37.4974592Z INFO     app.scheduler.services.notification_creation:notification_creation.py:64 Created overdue notification for invoice INV-9251 (337 days overdue)
Backend CI	Run tests	2026-03-17T02:41:37.4975024Z INFO     app.scheduler.services.notification_creation:notification_creation.py:64 Created overdue notification for invoice INV-9998 (354 days overdue)
Backend CI	Run tests	2026-03-17T02:41:37.4975458Z INFO     app.scheduler.services.notification_creation:notification_creation.py:64 Created overdue notification for invoice INV-5396 (122 days overdue)
Backend CI	Run tests	2026-03-17T02:41:37.4975890Z INFO     app.scheduler.services.notification_creation:notification_creation.py:64 Created overdue notification for invoice INV-4780 (112 days overdue)
Backend CI	Run tests	2026-03-17T02:41:37.4976323Z INFO     app.scheduler.services.notification_creation:notification_creation.py:64 Created overdue notification for invoice INV-4878 (313 days overdue)
Backend CI	Run tests	2026-03-17T02:41:37.4976748Z INFO     app.scheduler.services.notification_creation:notification_creation.py:64 Created overdue notification for invoice INV-1118 (164 days overdue)
Backend CI	Run tests	2026-03-17T02:41:37.4977174Z INFO     app.scheduler.services.notification_creation:notification_creation.py:64 Created overdue notification for invoice INV-5204 (343 days overdue)
Backend CI	Run tests	2026-03-17T02:41:37.4977597Z INFO     app.scheduler.services.notification_creation:notification_creation.py:64 Created overdue notification for invoice INV-4972 (1 days overdue)
Backend CI	Run tests	2026-03-17T02:41:37.4978026Z INFO     app.scheduler.services.notification_creation:notification_creation.py:64 Created overdue notification for invoice INV-5204 (343 days overdue)
Backend CI	Run tests	2026-03-17T02:41:37.4978447Z INFO     app.scheduler.services.notification_creation:notification_creation.py:64 Created overdue notification for invoice INV-4972 (1 days overdue)
Backend CI	Run tests	2026-03-17T02:41:37.4978875Z INFO     app.scheduler.services.notification_creation:notification_creation.py:64 Created overdue notification for invoice INV-2627 (334 days overdue)
Backend CI	Run tests	2026-03-17T02:41:37.4979299Z INFO     app.scheduler.services.notification_creation:notification_creation.py:64 Created overdue notification for invoice INV-9018 (1 days overdue)
Backend CI	Run tests	2026-03-17T02:41:37.4979729Z INFO     app.scheduler.services.notification_creation:notification_creation.py:64 Created overdue notification for invoice INV-3208 (164 days overdue)
Backend CI	Run tests	2026-03-17T02:41:37.4980267Z INFO     app.scheduler.services.notification_creation:notification_creation.py:64 Created overdue notification for invoice INV-2222 (211 days overdue)
Backend CI	Run tests	2026-03-17T02:41:37.4980695Z INFO     app.scheduler.services.notification_creation:notification_creation.py:64 Created overdue notification for invoice INV-4990 (163 days overdue)
Backend CI	Run tests	2026-03-17T02:41:37.4981124Z INFO     app.scheduler.services.notification_creation:notification_creation.py:64 Created overdue notification for invoice INV-2627 (334 days overdue)
Backend CI	Run tests	2026-03-17T02:41:37.4981550Z INFO     app.scheduler.services.notification_creation:notification_creation.py:64 Created overdue notification for invoice INV-9018 (1 days overdue)
Backend CI	Run tests	2026-03-17T02:41:37.4981976Z INFO     app.scheduler.services.notification_creation:notification_creation.py:64 Created overdue notification for invoice INV-3208 (164 days overdue)
Backend CI	Run tests	2026-03-17T02:41:37.4982409Z INFO     app.scheduler.services.notification_creation:notification_creation.py:64 Created overdue notification for invoice INV-2222 (211 days overdue)
Backend CI	Run tests	2026-03-17T02:41:37.4983026Z INFO     app.scheduler.services.notification_creation:notification_creation.py:64 Created overdue notification for invoice INV-4990 (163 days overdue)
Backend CI	Run tests	2026-03-17T02:41:37.4983590Z INFO     app.scheduler.services.notification_creation:notification_creation.py:64 Created overdue notification for invoice INV-1805 (186 days overdue)
Backend CI	Run tests	2026-03-17T02:41:37.4984016Z INFO     app.scheduler.services.notification_creation:notification_creation.py:64 Created overdue notification for invoice INV-8405 (1 days overdue)
Backend CI	Run tests	2026-03-17T02:41:37.4984443Z INFO     app.scheduler.services.notification_creation:notification_creation.py:64 Created overdue notification for invoice INV-1805 (186 days overdue)
Backend CI	Run tests	2026-03-17T02:41:37.4984872Z INFO     app.scheduler.services.notification_creation:notification_creation.py:64 Created overdue notification for invoice INV-8405 (1 days overdue)
Backend CI	Run tests	2026-03-17T02:41:37.4985306Z INFO     app.scheduler.services.notification_creation:notification_creation.py:64 Created overdue notification for invoice INV-8851 (107 days overdue)
Backend CI	Run tests	2026-03-17T02:41:37.4985728Z INFO     app.scheduler.services.notification_creation:notification_creation.py:64 Created overdue notification for invoice INV-4234 (1 days overdue)
Backend CI	Run tests	2026-03-17T02:41:37.4986157Z INFO     app.scheduler.services.notification_creation:notification_creation.py:64 Created overdue notification for invoice INV-2099 (39 days overdue)
Backend CI	Run tests	2026-03-17T02:41:37.4986587Z INFO     app.scheduler.services.notification_creation:notification_creation.py:64 Created overdue notification for invoice INV-4409 (347 days overdue)
Backend CI	Run tests	2026-03-17T02:41:37.4987011Z INFO     app.scheduler.services.notification_creation:notification_creation.py:64 Created overdue notification for invoice INV-9230 (302 days overdue)
Backend CI	Run tests	2026-03-17T02:41:37.4987429Z INFO     app.scheduler.services.notification_creation:notification_creation.py:64 Created overdue notification for invoice INV-1675 (1 days overdue)
Backend CI	Run tests	2026-03-17T02:41:37.4987866Z INFO     app.scheduler.services.notification_creation:notification_creation.py:64 Created overdue notification for invoice INV-1624 (319 days overdue)
Backend CI	Run tests	2026-03-17T02:41:37.4988293Z INFO     app.scheduler.services.notification_creation:notification_creation.py:64 Created overdue notification for invoice INV-4462 (165 days overdue)
Backend CI	Run tests	2026-03-17T02:41:37.4988724Z INFO     app.scheduler.services.notification_creation:notification_creation.py:64 Created overdue notification for invoice INV-1756 (12 days overdue)
Backend CI	Run tests	2026-03-17T02:41:37.4989151Z INFO     app.scheduler.services.notification_creation:notification_creation.py:64 Created overdue notification for invoice INV-5157 (156 days overdue)
Backend CI	Run tests	2026-03-17T02:41:37.4989596Z INFO     app.scheduler.services.notification_creation:notification_creation.py:64 Created overdue notification for invoice INV-6087 (345 days overdue)
Backend CI	Run tests	2026-03-17T02:41:37.4990020Z INFO     app.scheduler.services.notification_creation:notification_creation.py:64 Created overdue notification for invoice INV-8909 (39 days overdue)
Backend CI	Run tests	2026-03-17T02:41:37.4990566Z INFO     app.scheduler.services.notification_creation:notification_creation.py:64 Created overdue notification for invoice INV-6010 (360 days overdue)
Backend CI	Run tests	2026-03-17T02:41:37.4998684Z INFO     app.scheduler.services.notification_creation:notification_creation.py:64 Created overdue notification for invoice INV-3100 (108 days overdue)
Backend CI	Run tests	2026-03-17T02:41:37.4999224Z INFO     app.scheduler.services.notification_creation:notification_creation.py:64 Created overdue notification for invoice INV-2106 (280 days overdue)
Backend CI	Run tests	2026-03-17T02:41:37.4999694Z INFO     app.scheduler.services.notification_creation:notification_creation.py:64 Created overdue notification for invoice INV-6561 (1 days overdue)
Backend CI	Run tests	2026-03-17T02:41:37.5000148Z INFO     app.scheduler.services.notification_creation:notification_creation.py:64 Created overdue notification for invoice INV-5298 (105 days overdue)
Backend CI	Run tests	2026-03-17T02:41:37.5000588Z INFO     app.scheduler.services.notification_creation:notification_creation.py:64 Created overdue notification for invoice INV-3892 (300 days overdue)
Backend CI	Run tests	2026-03-17T02:41:37.5001032Z INFO     app.scheduler.services.notification_creation:notification_creation.py:64 Created overdue notification for invoice INV-9374 (1 days overdue)
Backend CI	Run tests	2026-03-17T02:41:37.5001636Z INFO     app.scheduler.services.notification_creation:notification_creation.py:64 Created overdue notification for invoice INV-6690 (365 days overdue)
Backend CI	Run tests	2026-03-17T02:41:37.5002073Z INFO     app.scheduler.services.notification_creation:notification_creation.py:64 Created overdue notification for invoice INV-8513 (261 days overdue)
Backend CI	Run tests	2026-03-17T02:41:37.5002508Z INFO     app.scheduler.services.notification_creation:notification_creation.py:64 Created overdue notification for invoice INV-7230 (280 days overdue)
Backend CI	Run tests	2026-03-17T02:41:37.5003202Z INFO     app.scheduler.services.notification_creation:notification_creation.py:64 Created overdue notification for invoice INV-6629 (45 days overdue)
Backend CI	Run tests	2026-03-17T02:41:37.5003650Z INFO     app.scheduler.services.notification_creation:notification_creation.py:64 Created overdue notification for invoice INV-1584 (20 days overdue)
Backend CI	Run tests	2026-03-17T02:41:37.5004084Z INFO     app.scheduler.services.notification_creation:notification_creation.py:64 Created overdue notification for invoice INV-5977 (289 days overdue)
Backend CI	Run tests	2026-03-17T02:41:37.5004525Z INFO     app.scheduler.services.notification_creation:notification_creation.py:64 Created overdue notification for invoice INV-5283 (130 days overdue)
Backend CI	Run tests	2026-03-17T02:41:37.5004955Z INFO     app.scheduler.services.notification_creation:notification_creation.py:64 Created overdue notification for invoice INV-3734 (275 days overdue)
Backend CI	Run tests	2026-03-17T02:41:37.5005384Z INFO     app.scheduler.services.notification_creation:notification_creation.py:64 Created overdue notification for invoice INV-7575 (86 days overdue)
Backend CI	Run tests	2026-03-17T02:41:37.5005812Z INFO     app.scheduler.services.notification_creation:notification_creation.py:64 Created overdue notification for invoice INV-4717 (1 days overdue)
Backend CI	Run tests	2026-03-17T02:41:37.5006258Z INFO     app.scheduler.services.notification_creation:notification_creation.py:64 Created overdue notification for invoice INV-8183 (24 days overdue)
Backend CI	Run tests	2026-03-17T02:41:37.5006700Z INFO     app.scheduler.services.notification_creation:notification_creation.py:64 Created overdue notification for invoice INV-7926 (265 days overdue)
Backend CI	Run tests	2026-03-17T02:41:37.5007129Z INFO     app.scheduler.services.notification_creation:notification_creation.py:64 Created overdue notification for invoice INV-2619 (1 days overdue)
Backend CI	Run tests	2026-03-17T02:41:37.5007561Z INFO     app.scheduler.services.notification_creation:notification_creation.py:64 Created overdue notification for invoice INV-6811 (236 days overdue)
Backend CI	Run tests	2026-03-17T02:41:37.5007990Z INFO     app.scheduler.services.notification_creation:notification_creation.py:64 Created overdue notification for invoice INV-1514 (237 days overdue)
Backend CI	Run tests	2026-03-17T02:41:37.5008419Z INFO     app.scheduler.services.notification_creation:notification_creation.py:64 Created overdue notification for invoice INV-3738 (118 days overdue)
Backend CI	Run tests	2026-03-17T02:41:37.5009017Z INFO     app.scheduler.services.notification_creation:notification_creation.py:64 Created overdue notification for invoice INV-4483 (243 days overdue)
Backend CI	Run tests	2026-03-17T02:41:37.5009449Z INFO     app.scheduler.services.notification_creation:notification_creation.py:64 Created overdue notification for invoice INV-7926 (265 days overdue)
Backend CI	Run tests	2026-03-17T02:41:37.5009880Z INFO     app.scheduler.services.notification_creation:notification_creation.py:64 Created overdue notification for invoice INV-2619 (1 days overdue)
Backend CI	Run tests	2026-03-17T02:41:37.5010307Z INFO     app.scheduler.services.notification_creation:notification_creation.py:64 Created overdue notification for invoice INV-6811 (236 days overdue)
Backend CI	Run tests	2026-03-17T02:41:37.5010738Z INFO     app.scheduler.services.notification_creation:notification_creation.py:64 Created overdue notification for invoice INV-1514 (237 days overdue)
Backend CI	Run tests	2026-03-17T02:41:37.5011175Z INFO     app.scheduler.services.notification_creation:notification_creation.py:64 Created overdue notification for invoice INV-3738 (118 days overdue)
Backend CI	Run tests	2026-03-17T02:41:37.5011602Z INFO     app.scheduler.services.notification_creation:notification_creation.py:64 Created overdue notification for invoice INV-4483 (243 days overdue)
Backend CI	Run tests	2026-03-17T02:41:37.5012135Z INFO     app.scheduler.services.notification_creation:notification_creation.py:64 Created overdue notification for invoice INV-7114 (24 days overdue)
Backend CI	Run tests	2026-03-17T02:41:37.5012559Z INFO     app.scheduler.services.notification_creation:notification_creation.py:64 Created overdue notification for invoice INV-9818 (167 days overdue)
Backend CI	Run tests	2026-03-17T02:41:37.5013210Z INFO     app.scheduler.services.notification_creation:notification_creation.py:64 Created overdue notification for invoice INV-7847 (348 days overdue)
Backend CI	Run tests	2026-03-17T02:41:37.5013645Z INFO     app.scheduler.services.notification_creation:notification_creation.py:64 Created overdue notification for invoice INV-5812 (1 days overdue)
Backend CI	Run tests	2026-03-17T02:41:37.5014128Z INFO     app.scheduler.services.notification_creation:notification_creation.py:64 Created overdue notification for invoice INV-7847 (348 days overdue)
Backend CI	Run tests	2026-03-17T02:41:37.5014548Z INFO     app.scheduler.services.notification_creation:notification_creation.py:64 Created overdue notification for invoice INV-5812 (1 days overdue)
Backend CI	Run tests	2026-03-17T02:41:37.5014979Z INFO     app.scheduler.services.notification_creation:notification_creation.py:64 Created overdue notification for invoice INV-6741 (100 days overdue)
Backend CI	Run tests	2026-03-17T02:41:37.5015403Z INFO     app.scheduler.services.notification_creation:notification_creation.py:64 Created overdue notification for invoice INV-8160 (1 days overdue)
Backend CI	Run tests	2026-03-17T02:41:37.5015831Z INFO     app.scheduler.services.notification_creation:notification_creation.py:64 Created overdue notification for invoice INV-5987 (365 days overdue)
Backend CI	Run tests	2026-03-17T02:41:37.5016257Z INFO     app.scheduler.services.notification_creation:notification_creation.py:64 Created overdue notification for invoice INV-8975 (73 days overdue)
Backend CI	Run tests	2026-03-17T02:41:37.5016687Z INFO     app.scheduler.services.notification_creation:notification_creation.py:64 Created overdue notification for invoice INV-2737 (364 days overdue)
Backend CI	Run tests	2026-03-17T02:41:37.5017109Z INFO     app.scheduler.services.notification_creation:notification_creation.py:64 Created overdue notification for invoice INV-1845 (80 days overdue)
Backend CI	Run tests	2026-03-17T02:41:37.5017538Z INFO     app.scheduler.services.notification_creation:notification_creation.py:64 Created overdue notification for invoice INV-7173 (1 days overdue)
Backend CI	Run tests	2026-03-17T02:41:37.5017965Z INFO     app.scheduler.services.notification_creation:notification_creation.py:64 Created overdue notification for invoice INV-1435 (162 days overdue)
Backend CI	Run tests	2026-03-17T02:41:37.5018390Z INFO     app.scheduler.services.notification_creation:notification_creation.py:64 Created overdue notification for invoice INV-6894 (1 days overdue)
Backend CI	Run tests	2026-03-17T02:41:37.5019133Z INFO     app.scheduler.services.notification_creation:notification_creation.py:64 Created overdue notification for invoice INV-1310 (168 days overdue)
Backend CI	Run tests	2026-03-17T02:41:37.5019565Z INFO     app.scheduler.services.notification_creation:notification_creation.py:64 Created overdue notification for invoice INV-3402 (195 days overdue)
Backend CI	Run tests	2026-03-17T02:41:37.5019992Z INFO     app.scheduler.services.notification_creation:notification_creation.py:64 Created overdue notification for invoice INV-9213 (1 days overdue)
Backend CI	Run tests	2026-03-17T02:41:37.5020419Z INFO     app.scheduler.services.notification_creation:notification_creation.py:64 Created overdue notification for invoice INV-9999 (94 days overdue)
Backend CI	Run tests	2026-03-17T02:41:37.5020848Z INFO     app.scheduler.services.notification_creation:notification_creation.py:64 Created overdue notification for invoice INV-9999 (45 days overdue)
Backend CI	Run tests	2026-03-17T02:41:37.5021276Z INFO     app.scheduler.services.notification_creation:notification_creation.py:64 Created overdue notification for invoice INV-9430 (307 days overdue)
Backend CI	Run tests	2026-03-17T02:41:37.5021709Z INFO     app.scheduler.services.notification_creation:notification_creation.py:64 Created overdue notification for invoice INV-8643 (131 days overdue)
Backend CI	Run tests	2026-03-17T02:41:37.5022135Z INFO     app.scheduler.services.notification_creation:notification_creation.py:64 Created overdue notification for invoice INV-6479 (342 days overdue)
Backend CI	Run tests	2026-03-17T02:41:37.5022826Z INFO     app.scheduler.services.notification_creation:notification_creation.py:64 Created overdue notification for invoice INV-4529 (1 days overdue)
Backend CI	Run tests	2026-03-17T02:41:37.5023327Z INFO     app.scheduler.services.notification_creation:notification_creation.py:64 Created overdue notification for invoice INV-1143 (130 days overdue)
Backend CI	Run tests	2026-03-17T02:41:37.5023775Z INFO     app.scheduler.services.notification_creation:notification_creation.py:64 Created overdue notification for invoice INV-3148 (17 days overdue)
Backend CI	Run tests	2026-03-17T02:41:37.5024220Z INFO     app.scheduler.services.notification_creation:notification_creation.py:64 Created overdue notification for invoice INV-8234 (216 days overdue)
Backend CI	Run tests	2026-03-17T02:41:37.5024655Z INFO     app.scheduler.services.notification_creation:notification_creation.py:64 Created overdue notification for invoice INV-5134 (1 days overdue)
Backend CI	Run tests	2026-03-17T02:41:37.5025092Z INFO     app.scheduler.services.notification_creation:notification_creation.py:64 Created overdue notification for invoice INV-9008 (3 days overdue)
Backend CI	Run tests	2026-03-17T02:41:37.5025532Z INFO     app.scheduler.services.notification_creation:notification_creation.py:64 Created overdue notification for invoice INV-8234 (216 days overdue)
Backend CI	Run tests	2026-03-17T02:41:37.5025956Z INFO     app.scheduler.services.notification_creation:notification_creation.py:64 Created overdue notification for invoice INV-5134 (1 days overdue)
Backend CI	Run tests	2026-03-17T02:41:37.5026386Z INFO     app.scheduler.services.notification_creation:notification_creation.py:64 Created overdue notification for invoice INV-9008 (3 days overdue)
Backend CI	Run tests	2026-03-17T02:41:37.5026815Z INFO     app.scheduler.services.notification_creation:notification_creation.py:64 Created overdue notification for invoice INV-8892 (107 days overdue)
Backend CI	Run tests	2026-03-17T02:41:37.5027246Z INFO     app.scheduler.services.notification_creation:notification_creation.py:64 Created overdue notification for invoice INV-7864 (1 days overdue)
Backend CI	Run tests	2026-03-17T02:41:37.5027683Z INFO     app.scheduler.services.notification_creation:notification_creation.py:64 Created overdue notification for invoice INV-8200 (212 days overdue)
Backend CI	Run tests	2026-03-17T02:41:37.5028117Z INFO     app.scheduler.services.notification_creation:notification_creation.py:64 Created overdue notification for invoice INV-9333 (296 days overdue)
Backend CI	Run tests	2026-03-17T02:41:37.5028546Z INFO     app.scheduler.services.notification_creation:notification_creation.py:64 Created overdue notification for invoice INV-2787 (361 days overdue)
Backend CI	Run tests	2026-03-17T02:41:37.5028974Z INFO     app.scheduler.services.notification_creation:notification_creation.py:64 Created overdue notification for invoice INV-9914 (301 days overdue)
Backend CI	Run tests	2026-03-17T02:41:37.5029526Z INFO     app.scheduler.services.notification_creation:notification_creation.py:64 Created overdue notification for invoice INV-4063 (217 days overdue)
Backend CI	Run tests	2026-03-17T02:41:37.5029950Z INFO     app.scheduler.services.notification_creation:notification_creation.py:64 Created overdue notification for invoice INV-9890 (1 days overdue)
Backend CI	Run tests	2026-03-17T02:41:37.5030389Z INFO     app.scheduler.services.notification_creation:notification_creation.py:64 Created overdue notification for invoice INV-4063 (217 days overdue)
Backend CI	Run tests	2026-03-17T02:41:37.5030810Z INFO     app.scheduler.services.notification_creation:notification_creation.py:64 Created overdue notification for invoice INV-9890 (1 days overdue)
Backend CI	Run tests	2026-03-17T02:41:37.5031238Z INFO     app.scheduler.services.notification_creation:notification_creation.py:64 Created overdue notification for invoice INV-5238 (293 days overdue)
Backend CI	Run tests	2026-03-17T02:41:37.5031667Z INFO     app.scheduler.services.notification_creation:notification_creation.py:64 Created overdue notification for invoice INV-9999 (1 days overdue)
Backend CI	Run tests	2026-03-17T02:41:37.5032098Z INFO     app.scheduler.services.notification_creation:notification_creation.py:64 Created overdue notification for invoice INV-7414 (315 days overdue)
Backend CI	Run tests	2026-03-17T02:41:37.5032530Z INFO     app.scheduler.services.notification_creation:notification_creation.py:64 Created overdue notification for invoice INV-1860 (109 days overdue)
Backend CI	Run tests	2026-03-17T02:41:37.5033248Z INFO     app.scheduler.services.notification_creation:notification_creation.py:64 Created overdue notification for invoice INV-3741 (84 days overdue)
Backend CI	Run tests	2026-03-17T02:41:37.5033693Z INFO     app.scheduler.services.notification_creation:notification_creation.py:64 Created overdue notification for invoice INV-4771 (1 days overdue)
Backend CI	Run tests	2026-03-17T02:41:37.5034137Z INFO     app.scheduler.services.notification_creation:notification_creation.py:64 Created overdue notification for invoice INV-3741 (84 days overdue)
Backend CI	Run tests	2026-03-17T02:41:37.5034568Z INFO     app.scheduler.services.notification_creation:notification_creation.py:64 Created overdue notification for invoice INV-4771 (1 days overdue)
Backend CI	Run tests	2026-03-17T02:41:37.5035018Z INFO     app.scheduler.services.notification_creation:notification_creation.py:64 Created overdue notification for invoice INV-3870 (99 days overdue)
Backend CI	Run tests	2026-03-17T02:41:37.5035493Z INFO     app.scheduler.services.notification_creation:notification_creation.py:64 Created overdue notification for invoice INV-2163 (1 days overdue)
Backend CI	Run tests	2026-03-17T02:41:37.5035937Z INFO     app.scheduler.services.notification_creation:notification_creation.py:64 Created overdue notification for invoice INV-1000 (365 days overdue)
Backend CI	Run tests	2026-03-17T02:41:37.5036373Z INFO     app.scheduler.services.notification_creation:notification_creation.py:64 Created overdue notification for invoice INV-5732 (19 days overdue)
Backend CI	Run tests	2026-03-17T02:41:37.5036805Z INFO     app.scheduler.services.notification_creation:notification_creation.py:64 Created overdue notification for invoice INV-3978 (199 days overdue)
Backend CI	Run tests	2026-03-17T02:41:37.5037241Z INFO     app.scheduler.services.notification_creation:notification_creation.py:64 Created overdue notification for invoice INV-6063 (119 days overdue)
Backend CI	Run tests	2026-03-17T02:41:37.5037670Z INFO     app.scheduler.services.notification_creation:notification_creation.py:64 Created overdue notification for invoice INV-5555 (306 days overdue)
Backend CI	Run tests	2026-03-17T02:41:37.5038103Z INFO     app.scheduler.services.notification_creation:notification_creation.py:64 Created overdue notification for invoice INV-1365 (82 days overdue)
Backend CI	Run tests	2026-03-17T02:41:37.5038531Z INFO     app.scheduler.services.notification_creation:notification_creation.py:64 Created overdue notification for invoice INV-9210 (71 days overdue)
Backend CI	Run tests	2026-03-17T02:41:37.5038957Z INFO     app.scheduler.services.notification_creation:notification_creation.py:64 Created overdue notification for invoice INV-1663 (87 days overdue)
Backend CI	Run tests	2026-03-17T02:41:37.5039388Z INFO     app.scheduler.services.notification_creation:notification_creation.py:64 Created overdue notification for invoice INV-4762 (355 days overdue)
Backend CI	Run tests	2026-03-17T02:41:37.5039929Z INFO     app.scheduler.services.notification_creation:notification_creation.py:64 Created overdue notification for invoice INV-3863 (1 days overdue)
Backend CI	Run tests	2026-03-17T02:41:37.5040363Z INFO     app.scheduler.services.notification_creation:notification_creation.py:64 Created overdue notification for invoice INV-3347 (241 days overdue)
Backend CI	Run tests	2026-03-17T02:41:37.5040793Z INFO     app.scheduler.services.notification_creation:notification_creation.py:64 Created overdue notification for invoice INV-7921 (290 days overdue)
Backend CI	Run tests	2026-03-17T02:41:37.5041225Z INFO     app.scheduler.services.notification_creation:notification_creation.py:64 Created overdue notification for invoice INV-5438 (251 days overdue)
Backend CI	Run tests	2026-03-17T02:41:37.5041647Z INFO     app.scheduler.services.notification_creation:notification_creation.py:64 Created overdue notification for invoice INV-7345 (15 days overdue)
Backend CI	Run tests	2026-03-17T02:41:37.5042077Z INFO     app.scheduler.services.notification_creation:notification_creation.py:64 Created overdue notification for invoice INV-6525 (122 days overdue)
Backend CI	Run tests	2026-03-17T02:41:37.5042506Z INFO     app.scheduler.services.notification_creation:notification_creation.py:64 Created overdue notification for invoice INV-4499 (348 days overdue)
Backend CI	Run tests	2026-03-17T02:41:37.5043169Z INFO     app.scheduler.services.notification_creation:notification_creation.py:64 Created overdue notification for invoice INV-6574 (137 days overdue)
Backend CI	Run tests	2026-03-17T02:41:37.5043739Z INFO     app.scheduler.services.notification_creation:notification_creation.py:64 Created overdue notification for invoice INV-5509 (86 days overdue)
Backend CI	Run tests	2026-03-17T02:41:37.5044171Z INFO     app.scheduler.services.notification_creation:notification_creation.py:64 Created overdue notification for invoice INV-4762 (355 days overdue)
Backend CI	Run tests	2026-03-17T02:41:37.5044600Z INFO     app.scheduler.services.notification_creation:notification_creation.py:64 Created overdue notification for invoice INV-3863 (1 days overdue)
Backend CI	Run tests	2026-03-17T02:41:37.5045032Z INFO     app.scheduler.services.notification_creation:notification_creation.py:64 Created overdue notification for invoice INV-3347 (241 days overdue)
Backend CI	Run tests	2026-03-17T02:41:37.5045469Z INFO     app.scheduler.services.notification_creation:notification_creation.py:64 Created overdue notification for invoice INV-7921 (290 days overdue)
Backend CI	Run tests	2026-03-17T02:41:37.5045909Z INFO     app.scheduler.services.notification_creation:notification_creation.py:64 Created overdue notification for invoice INV-5438 (251 days overdue)
Backend CI	Run tests	2026-03-17T02:41:37.5046334Z INFO     app.scheduler.services.notification_creation:notification_creation.py:64 Created overdue notification for invoice INV-7345 (15 days overdue)
Backend CI	Run tests	2026-03-17T02:41:37.5046770Z INFO     app.scheduler.services.notification_creation:notification_creation.py:64 Created overdue notification for invoice INV-6525 (122 days overdue)
Backend CI	Run tests	2026-03-17T02:41:37.5047199Z INFO     app.scheduler.services.notification_creation:notification_creation.py:64 Created overdue notification for invoice INV-4499 (348 days overdue)
Backend CI	Run tests	2026-03-17T02:41:37.5047638Z INFO     app.scheduler.services.notification_creation:notification_creation.py:64 Created overdue notification for invoice INV-6574 (137 days overdue)
Backend CI	Run tests	2026-03-17T02:41:37.5048062Z INFO     app.scheduler.services.notification_creation:notification_creation.py:64 Created overdue notification for invoice INV-5509 (86 days overdue)
Backend CI	Run tests	2026-03-17T02:41:37.5048492Z INFO     app.scheduler.services.notification_creation:notification_creation.py:64 Created overdue notification for invoice INV-7296 (317 days overdue)
Backend CI	Run tests	2026-03-17T02:41:37.5048917Z INFO     app.scheduler.services.notification_creation:notification_creation.py:64 Created overdue notification for invoice INV-1558 (1 days overdue)
Backend CI	Run tests	2026-03-17T02:41:37.5049343Z INFO     app.scheduler.services.notification_creation:notification_creation.py:64 Created overdue notification for invoice INV-1000 (24 days overdue)
Backend CI	Run tests	2026-03-17T02:41:37.5049775Z INFO     app.scheduler.services.notification_creation:notification_creation.py:64 Created overdue notification for invoice INV-1849 (303 days overdue)
Backend CI	Run tests	2026-03-17T02:41:37.5050332Z INFO     app.scheduler.services.notification_creation:notification_creation.py:64 Created overdue notification for invoice INV-2246 (197 days overdue)
Backend CI	Run tests	2026-03-17T02:41:37.5050760Z INFO     app.scheduler.services.notification_creation:notification_creation.py:64 Created overdue notification for invoice INV-8019 (361 days overdue)
Backend CI	Run tests	2026-03-17T02:41:37.5051204Z INFO     app.scheduler.services.notification_creation:notification_creation.py:64 Created overdue notification for invoice INV-3447 (28 days overdue)
Backend CI	Run tests	2026-03-17T02:41:37.5051637Z INFO     app.scheduler.services.notification_creation:notification_creation.py:64 Created overdue notification for invoice INV-2588 (1 days overdue)
Backend CI	Run tests	2026-03-17T02:41:37.5052072Z INFO     app.scheduler.services.notification_creation:notification_creation.py:64 Created overdue notification for invoice INV-4409 (102 days overdue)
Backend CI	Run tests	2026-03-17T02:41:37.5052504Z INFO     app.scheduler.services.notification_creation:notification_creation.py:64 Created overdue notification for invoice INV-9477 (184 days overdue)
Backend CI	Run tests	2026-03-17T02:41:37.5053060Z INFO     app.scheduler.services.notification_creation:notification_creation.py:64 Created overdue notification for invoice INV-9722 (40 days overdue)
Backend CI	Run tests	2026-03-17T02:41:37.5053603Z INFO     app.scheduler.services.notification_creation:notification_creation.py:64 Created overdue notification for invoice INV-5544 (150 days overdue)
Backend CI	Run tests	2026-03-17T02:41:37.5054023Z INFO     app.scheduler.services.notification_creation:notification_creation.py:64 Created overdue notification for invoice INV-5277 (1 days overdue)
Backend CI	Run tests	2026-03-17T02:41:37.5054456Z INFO     app.scheduler.services.notification_creation:notification_creation.py:64 Created overdue notification for invoice INV-5227 (150 days overdue)
Backend CI	Run tests	2026-03-17T02:41:37.5054891Z INFO     app.scheduler.services.notification_creation:notification_creation.py:64 Created overdue notification for invoice INV-5661 (132 days overdue)
Backend CI	Run tests	2026-03-17T02:41:37.5055328Z INFO     app.scheduler.services.notification_creation:notification_creation.py:64 Created overdue notification for invoice INV-1907 (25 days overdue)
Backend CI	Run tests	2026-03-17T02:41:37.5055749Z INFO     app.scheduler.services.notification_creation:notification_creation.py:64 Created overdue notification for invoice INV-5654 (1 days overdue)
Backend CI	Run tests	2026-03-17T02:41:37.5056181Z INFO     app.scheduler.services.notification_creation:notification_creation.py:64 Created overdue notification for invoice INV-5233 (34 days overdue)
Backend CI	Run tests	2026-03-17T02:41:37.5056612Z INFO     app.scheduler.services.notification_creation:notification_creation.py:64 Created overdue notification for invoice INV-8674 (41 days overdue)
Backend CI	Run tests	2026-03-17T02:41:37.5057041Z INFO     app.scheduler.services.notification_creation:notification_creation.py:64 Created overdue notification for invoice INV-9278 (314 days overdue)
Backend CI	Run tests	2026-03-17T02:41:37.5057471Z INFO     app.scheduler.services.notification_creation:notification_creation.py:64 Created overdue notification for invoice INV-1512 (162 days overdue)
Backend CI	Run tests	2026-03-17T02:41:37.5057904Z INFO     app.scheduler.services.notification_creation:notification_creation.py:64 Created overdue notification for invoice INV-8567 (312 days overdue)
Backend CI	Run tests	2026-03-17T02:41:37.5058338Z INFO     app.scheduler.services.notification_creation:notification_creation.py:64 Created overdue notification for invoice INV-1911 (342 days overdue)
Backend CI	Run tests	2026-03-17T02:41:37.5058769Z INFO     app.scheduler.services.notification_creation:notification_creation.py:64 Created overdue notification for invoice INV-5027 (115 days overdue)
Backend CI	Run tests	2026-03-17T02:41:37.5059189Z INFO     app.scheduler.services.notification_creation:notification_creation.py:64 Created overdue notification for invoice INV-8079 (1 days overdue)
Backend CI	Run tests	2026-03-17T02:41:37.5059624Z INFO     app.scheduler.services.notification_creation:notification_creation.py:64 Created overdue notification for invoice INV-5264 (210 days overdue)
Backend CI	Run tests	2026-03-17T02:41:37.5060051Z INFO     app.scheduler.services.notification_creation:notification_creation.py:64 Created overdue notification for invoice INV-7089 (345 days overdue)
Backend CI	Run tests	2026-03-17T02:41:37.5060589Z INFO     app.scheduler.services.notification_creation:notification_creation.py:64 Created overdue notification for invoice INV-8801 (348 days overdue)
Backend CI	Run tests	2026-03-17T02:41:37.5061013Z INFO     app.scheduler.services.notification_creation:notification_creation.py:64 Created overdue notification for invoice INV-9605 (181 days overdue)
Backend CI	Run tests	2026-03-17T02:41:37.5061451Z INFO     app.scheduler.services.notification_creation:notification_creation.py:64 Created overdue notification for invoice INV-5524 (365 days overdue)
Backend CI	Run tests	2026-03-17T02:41:37.5061878Z INFO     app.scheduler.services.notification_creation:notification_creation.py:64 Created overdue notification for invoice INV-7737 (117 days overdue)
Backend CI	Run tests	2026-03-17T02:41:37.5062304Z INFO     app.scheduler.services.notification_creation:notification_creation.py:64 Created overdue notification for invoice INV-3922 (110 days overdue)
Backend CI	Run tests	2026-03-17T02:41:37.5062873Z INFO     app.scheduler.services.notification_creation:notification_creation.py:64 Created overdue notification for invoice INV-5259 (212 days overdue)
Backend CI	Run tests	2026-03-17T02:41:37.5063307Z INFO     app.scheduler.services.notification_creation:notification_creation.py:64 Created overdue notification for invoice INV-6869 (96 days overdue)
Backend CI	Run tests	2026-03-17T02:41:37.5063849Z INFO     app.scheduler.services.notification_creation:notification_creation.py:64 Created overdue notification for invoice INV-8505 (1 days overdue)
Backend CI	Run tests	2026-03-17T02:41:37.5064271Z INFO     app.scheduler.services.notification_creation:notification_creation.py:64 Created overdue notification for invoice INV-6869 (96 days overdue)
Backend CI	Run tests	2026-03-17T02:41:37.5064692Z INFO     app.scheduler.services.notification_creation:notification_creation.py:64 Created overdue notification for invoice INV-8505 (1 days overdue)
Backend CI	Run tests	2026-03-17T02:41:37.5065125Z INFO     app.scheduler.services.notification_creation:notification_creation.py:64 Created overdue notification for invoice INV-3577 (226 days overdue)
Backend CI	Run tests	2026-03-17T02:41:37.5065553Z INFO     app.scheduler.services.notification_creation:notification_creation.py:64 Created overdue notification for invoice INV-1121 (1 days overdue)
Backend CI	Run tests	2026-03-17T02:41:37.5065983Z INFO     app.scheduler.services.notification_creation:notification_creation.py:64 Created overdue notification for invoice INV-8926 (292 days overdue)
Backend CI	Run tests	2026-03-17T02:41:37.5066413Z INFO     app.scheduler.services.notification_creation:notification_creation.py:64 Created overdue notification for invoice INV-6980 (264 days overdue)
Backend CI	Run tests	2026-03-17T02:41:37.5066845Z INFO     app.scheduler.services.notification_creation:notification_creation.py:64 Created overdue notification for invoice INV-3577 (226 days overdue)
Backend CI	Run tests	2026-03-17T02:41:37.5067266Z INFO     app.scheduler.services.notification_creation:notification_creation.py:64 Created overdue notification for invoice INV-1121 (1 days overdue)
Backend CI	Run tests	2026-03-17T02:41:37.5067694Z INFO     app.scheduler.services.notification_creation:notification_creation.py:64 Created overdue notification for invoice INV-8926 (292 days overdue)
Backend CI	Run tests	2026-03-17T02:41:37.5068130Z INFO     app.scheduler.services.notification_creation:notification_creation.py:64 Created overdue notification for invoice INV-6980 (264 days overdue)
Backend CI	Run tests	2026-03-17T02:41:37.5068558Z INFO     app.scheduler.services.notification_creation:notification_creation.py:64 Created overdue notification for invoice INV-7978 (146 days overdue)
Backend CI	Run tests	2026-03-17T02:41:37.5068995Z INFO     app.scheduler.services.notification_creation:notification_creation.py:64 Created overdue notification for invoice INV-7555 (1 days overdue)
Backend CI	Run tests	2026-03-17T02:41:37.5069424Z INFO     app.scheduler.services.notification_creation:notification_creation.py:64 Created overdue notification for invoice INV-9838 (240 days overdue)
Backend CI	Run tests	2026-03-17T02:41:37.5069850Z INFO     app.scheduler.services.notification_creation:notification_creation.py:64 Created overdue notification for invoice INV-7978 (146 days overdue)
Backend CI	Run tests	2026-03-17T02:41:37.5070277Z INFO     app.scheduler.services.notification_creation:notification_creation.py:64 Created overdue notification for invoice INV-7555 (1 days overdue)
Backend CI	Run tests	2026-03-17T02:41:37.5070814Z INFO     app.scheduler.services.notification_creation:notification_creation.py:64 Created overdue notification for invoice INV-9838 (240 days overdue)
Backend CI	Run tests	2026-03-17T02:41:37.5071246Z INFO     app.scheduler.services.notification_creation:notification_creation.py:64 Created overdue notification for invoice INV-7652 (45 days overdue)
Backend CI	Run tests	2026-03-17T02:41:37.5071667Z INFO     app.scheduler.services.notification_creation:notification_creation.py:64 Created overdue notification for invoice INV-6474 (1 days overdue)
Backend CI	Run tests	2026-03-17T02:41:37.5072099Z INFO     app.scheduler.services.notification_creation:notification_creation.py:64 Created overdue notification for invoice INV-7051 (231 days overdue)
Backend CI	Run tests	2026-03-17T02:41:37.5072531Z INFO     app.scheduler.services.notification_creation:notification_creation.py:64 Created overdue notification for invoice INV-1668 (109 days overdue)
Backend CI	Run tests	2026-03-17T02:41:37.5073066Z INFO     app.scheduler.services.notification_creation:notification_creation.py:64 Created overdue notification for invoice INV-6366 (95 days overdue)
Backend CI	Run tests	2026-03-17T02:41:37.5073504Z INFO     app.scheduler.services.notification_creation:notification_creation.py:64 Created overdue notification for invoice INV-9944 (359 days overdue)
Backend CI	Run tests	2026-03-17T02:41:37.5074041Z INFO     app.scheduler.services.notification_creation:notification_creation.py:64 Created overdue notification for invoice INV-7947 (143 days overdue)
Backend CI	Run tests	2026-03-17T02:41:37.5074475Z INFO     app.scheduler.services.notification_creation:notification_creation.py:64 Created overdue notification for invoice INV-4894 (100 days overdue)
Backend CI	Run tests	2026-03-17T02:41:37.5074902Z INFO     app.scheduler.services.notification_creation:notification_creation.py:64 Created overdue notification for invoice INV-3948 (170 days overdue)
Backend CI	Run tests	2026-03-17T02:41:37.5075334Z INFO     app.scheduler.services.notification_creation:notification_creation.py:64 Created overdue notification for invoice INV-9191 (240 days overdue)
Backend CI	Run tests	2026-03-17T02:41:37.5075763Z INFO     app.scheduler.services.notification_creation:notification_creation.py:64 Created overdue notification for invoice INV-7652 (45 days overdue)
Backend CI	Run tests	2026-03-17T02:41:37.5076181Z INFO     app.scheduler.services.notification_creation:notification_creation.py:64 Created overdue notification for invoice INV-6474 (1 days overdue)
Backend CI	Run tests	2026-03-17T02:41:37.5076619Z INFO     app.scheduler.services.notification_creation:notification_creation.py:64 Created overdue notification for invoice INV-7051 (231 days overdue)
Backend CI	Run tests	2026-03-17T02:41:37.5077043Z INFO     app.scheduler.services.notification_creation:notification_creation.py:64 Created overdue notification for invoice INV-1668 (109 days overdue)
Backend CI	Run tests	2026-03-17T02:41:37.5077472Z INFO     app.scheduler.services.notification_creation:notification_creation.py:64 Created overdue notification for invoice INV-6366 (95 days overdue)
Backend CI	Run tests	2026-03-17T02:41:37.5077897Z INFO     app.scheduler.services.notification_creation:notification_creation.py:64 Created overdue notification for invoice INV-9944 (359 days overdue)
Backend CI	Run tests	2026-03-17T02:41:37.5078330Z INFO     app.scheduler.services.notification_creation:notification_creation.py:64 Created overdue notification for invoice INV-7947 (143 days overdue)
Backend CI	Run tests	2026-03-17T02:41:37.5078760Z INFO     app.scheduler.services.notification_creation:notification_creation.py:64 Created overdue notification for invoice INV-4894 (100 days overdue)
Backend CI	Run tests	2026-03-17T02:41:37.5079188Z INFO     app.scheduler.services.notification_creation:notification_creation.py:64 Created overdue notification for invoice INV-3948 (170 days overdue)
Backend CI	Run tests	2026-03-17T02:41:37.5079620Z INFO     app.scheduler.services.notification_creation:notification_creation.py:64 Created overdue notification for invoice INV-9191 (240 days overdue)
Backend CI	Run tests	2026-03-17T02:41:37.5080045Z INFO     app.scheduler.services.notification_creation:notification_creation.py:64 Created overdue notification for invoice INV-3879 (78 days overdue)
Backend CI	Run tests	2026-03-17T02:41:37.5080576Z INFO     app.scheduler.services.notification_creation:notification_creation.py:64 Created overdue notification for invoice INV-1324 (1 days overdue)
Backend CI	Run tests	2026-03-17T02:41:37.5081004Z INFO     app.scheduler.services.notification_creation:notification_creation.py:64 Created overdue notification for invoice INV-9985 (107 days overdue)
Backend CI	Run tests	2026-03-17T02:41:37.5081437Z INFO     app.scheduler.services.notification_creation:notification_creation.py:64 Created overdue notification for invoice INV-7789 (364 days overdue)
Backend CI	Run tests	2026-03-17T02:41:37.5081870Z INFO     app.scheduler.services.notification_creation:notification_creation.py:64 Created overdue notification for invoice INV-6081 (173 days overdue)
Backend CI	Run tests	2026-03-17T02:41:37.5082297Z INFO     app.scheduler.services.notification_creation:notification_creation.py:64 Created overdue notification for invoice INV-4639 (223 days overdue)
Backend CI	Run tests	2026-03-17T02:41:37.5082836Z INFO     app.scheduler.services.notification_creation:notification_creation.py:64 Created overdue notification for invoice INV-9054 (110 days overdue)
Backend CI	Run tests	2026-03-17T02:41:37.5083271Z INFO     app.scheduler.services.notification_creation:notification_creation.py:64 Created overdue notification for invoice INV-1792 (135 days overdue)
Backend CI	Run tests	2026-03-17T02:41:37.5083697Z INFO     app.scheduler.services.notification_creation:notification_creation.py:64 Created overdue notification for invoice INV-5833 (347 days overdue)
Backend CI	Run tests	2026-03-17T02:41:37.5084290Z INFO     app.scheduler.services.notification_creation:notification_creation.py:64 Created overdue notification for invoice INV-8365 (38 days overdue)
Backend CI	Run tests	2026-03-17T02:41:37.5084711Z INFO     app.scheduler.services.notification_creation:notification_creation.py:64 Created overdue notification for invoice INV-9937 (1 days overdue)
Backend CI	Run tests	2026-03-17T02:41:37.5085143Z INFO     app.scheduler.services.notification_creation:notification_creation.py:64 Created overdue notification for invoice INV-7150 (235 days overdue)
Backend CI	Run tests	2026-03-17T02:41:37.5085570Z INFO     app.scheduler.services.notification_creation:notification_creation.py:64 Created overdue notification for invoice INV-9002 (314 days overdue)
Backend CI	Run tests	2026-03-17T02:41:37.5086000Z INFO     app.scheduler.services.notification_creation:notification_creation.py:64 Created overdue notification for invoice INV-3782 (1 days overdue)
Backend CI	Run tests	2026-03-17T02:41:37.5086428Z INFO     app.scheduler.services.notification_creation:notification_creation.py:64 Created overdue notification for invoice INV-9688 (232 days overdue)
Backend CI	Run tests	2026-03-17T02:41:37.5086859Z INFO     app.scheduler.services.notification_creation:notification_creation.py:64 Created overdue notification for invoice INV-9002 (314 days overdue)
Backend CI	Run tests	2026-03-17T02:41:37.5087286Z INFO     app.scheduler.services.notification_creation:notification_creation.py:64 Created overdue notification for invoice INV-3782 (1 days overdue)
Backend CI	Run tests	2026-03-17T02:41:37.5087712Z INFO     app.scheduler.services.notification_creation:notification_creation.py:64 Created overdue notification for invoice INV-9688 (232 days overdue)
Backend CI	Run tests	2026-03-17T02:41:37.5088147Z INFO     app.scheduler.services.notification_creation:notification_creation.py:64 Created overdue notification for invoice INV-1728 (313 days overdue)
Backend CI	Run tests	2026-03-17T02:41:37.5088570Z INFO     app.scheduler.services.notification_creation:notification_creation.py:64 Created overdue notification for invoice INV-6600 (1 days overdue)
Backend CI	Run tests	2026-03-17T02:41:37.5089003Z INFO     app.scheduler.services.notification_creation:notification_creation.py:64 Created overdue notification for invoice INV-8404 (316 days overdue)
Backend CI	Run tests	2026-03-17T02:41:37.5089426Z INFO     app.scheduler.services.notification_creation:notification_creation.py:64 Created overdue notification for invoice INV-7513 (86 days overdue)
Backend CI	Run tests	2026-03-17T02:41:37.5089847Z INFO     app.scheduler.services.notification_creation:notification_creation.py:64 Created overdue notification for invoice INV-1388 (1 days overdue)
Backend CI	Run tests	2026-03-17T02:41:37.5090280Z INFO     app.scheduler.services.notification_creation:notification_creation.py:64 Created overdue notification for invoice INV-6377 (137 days overdue)
Backend CI	Run tests	2026-03-17T02:41:37.5090816Z INFO     app.scheduler.services.notification_creation:notification_creation.py:64 Created overdue notification for invoice INV-5514 (169 days overdue)
Backend CI	Run tests	2026-03-17T02:41:37.5091249Z INFO     app.scheduler.services.notification_creation:notification_creation.py:64 Created overdue notification for invoice INV-6291 (121 days overdue)
Backend CI	Run tests	2026-03-17T02:41:37.5091684Z INFO     app.scheduler.services.notification_creation:notification_creation.py:64 Created overdue notification for invoice INV-5391 (153 days overdue)
Backend CI	Run tests	2026-03-17T02:41:37.5092111Z INFO     app.scheduler.services.notification_creation:notification_creation.py:64 Created overdue notification for invoice INV-7594 (349 days overdue)
Backend CI	Run tests	2026-03-17T02:41:37.5092541Z INFO     app.scheduler.services.notification_creation:notification_creation.py:64 Created overdue notification for invoice INV-3742 (78 days overdue)
Backend CI	Run tests	2026-03-17T02:41:37.5093066Z INFO     app.scheduler.services.notification_creation:notification_creation.py:64 Created overdue notification for invoice INV-3642 (1 days overdue)
Backend CI	Run tests	2026-03-17T02:41:37.5093507Z INFO     app.scheduler.services.notification_creation:notification_creation.py:64 Created overdue notification for invoice INV-8134 (288 days overdue)
Backend CI	Run tests	2026-03-17T02:41:37.5093931Z INFO     app.scheduler.services.notification_creation:notification_creation.py:64 Created overdue notification for invoice INV-8259 (1 days overdue)
Backend CI	Run tests	2026-03-17T02:41:37.5094468Z INFO     app.scheduler.services.notification_creation:notification_creation.py:64 Created overdue notification for invoice INV-4786 (233 days overdue)
Backend CI	Run tests	2026-03-17T02:41:37.5094902Z INFO     app.scheduler.services.notification_creation:notification_creation.py:64 Created overdue notification for invoice INV-8134 (288 days overdue)
Backend CI	Run tests	2026-03-17T02:41:37.5095321Z INFO     app.scheduler.services.notification_creation:notification_creation.py:64 Created overdue notification for invoice INV-8259 (1 days overdue)
Backend CI	Run tests	2026-03-17T02:41:37.5095752Z INFO     app.scheduler.services.notification_creation:notification_creation.py:64 Created overdue notification for invoice INV-4786 (233 days overdue)
Backend CI	Run tests	2026-03-17T02:41:37.5096185Z INFO     app.scheduler.services.notification_creation:notification_creation.py:64 Created overdue notification for invoice INV-8546 (172 days overdue)
Backend CI	Run tests	2026-03-17T02:41:37.5096617Z INFO     app.scheduler.services.notification_creation:notification_creation.py:64 Created overdue notification for invoice INV-6873 (1 days overdue)
Backend CI	Run tests	2026-03-17T02:41:37.5097039Z INFO     app.scheduler.services.notification_creation:notification_creation.py:64 Created overdue notification for invoice INV-8583 (44 days overdue)
Backend CI	Run tests	2026-03-17T02:41:37.5097466Z INFO     app.scheduler.services.notification_creation:notification_creation.py:64 Created overdue notification for invoice INV-7793 (237 days overdue)
Backend CI	Run tests	2026-03-17T02:41:37.5097896Z INFO     app.scheduler.services.notification_creation:notification_creation.py:64 Created overdue notification for invoice INV-4194 (238 days overdue)
Backend CI	Run tests	2026-03-17T02:41:37.5098328Z INFO     app.scheduler.services.notification_creation:notification_creation.py:64 Created overdue notification for invoice INV-1000 (105 days overdue)
Backend CI	Run tests	2026-03-17T02:41:37.5098759Z INFO     app.scheduler.services.notification_creation:notification_creation.py:64 Created overdue notification for invoice INV-8546 (172 days overdue)
Backend CI	Run tests	2026-03-17T02:41:37.5099183Z INFO     app.scheduler.services.notification_creation:notification_creation.py:64 Created overdue notification for invoice INV-6873 (1 days overdue)
Backend CI	Run tests	2026-03-17T02:41:37.5099605Z INFO     app.scheduler.services.notification_creation:notification_creation.py:64 Created overdue notification for invoice INV-8583 (44 days overdue)
Backend CI	Run tests	2026-03-17T02:41:37.5100035Z INFO     app.scheduler.services.notification_creation:notification_creation.py:64 Created overdue notification for invoice INV-7793 (237 days overdue)
Backend CI	Run tests	2026-03-17T02:41:37.5100462Z INFO     app.scheduler.services.notification_creation:notification_creation.py:64 Created overdue notification for invoice INV-4194 (238 days overdue)
Backend CI	Run tests	2026-03-17T02:41:37.5101000Z INFO     app.scheduler.services.notification_creation:notification_creation.py:64 Created overdue notification for invoice INV-1000 (105 days overdue)
Backend CI	Run tests	2026-03-17T02:41:37.5101428Z INFO     app.scheduler.services.notification_creation:notification_creation.py:64 Created overdue notification for invoice INV-9637 (120 days overdue)
Backend CI	Run tests	2026-03-17T02:41:37.5101859Z INFO     app.scheduler.services.notification_creation:notification_creation.py:64 Created overdue notification for invoice INV-2325 (1 days overdue)
Backend CI	Run tests	2026-03-17T02:41:37.5102286Z INFO     app.scheduler.services.notification_creation:notification_creation.py:64 Created overdue notification for invoice INV-2720 (16 days overdue)
Backend CI	Run tests	2026-03-17T02:41:37.5102842Z INFO     app.scheduler.services.notification_creation:notification_creation.py:64 Created overdue notification for invoice INV-9201 (11 days overdue)
Backend CI	Run tests	2026-03-17T02:41:37.5103276Z INFO     app.scheduler.services.notification_creation:notification_creation.py:64 Created overdue notification for invoice INV-4476 (152 days overdue)
Backend CI	Run tests	2026-03-17T02:41:37.5103709Z INFO     app.scheduler.services.notification_creation:notification_creation.py:64 Created overdue notification for invoice INV-4753 (351 days overdue)
Backend CI	Run tests	2026-03-17T02:41:37.5104144Z INFO     app.scheduler.services.notification_creation:notification_creation.py:64 Created overdue notification for invoice INV-9212 (303 days overdue)
Backend CI	Run tests	2026-03-17T02:41:37.5104678Z INFO     app.scheduler.services.notification_creation:notification_creation.py:64 Created overdue notification for invoice INV-4346 (215 days overdue)
Backend CI	Run tests	2026-03-17T02:41:37.5105106Z INFO     app.scheduler.services.notification_creation:notification_creation.py:64 Created overdue notification for invoice INV-6771 (16 days overdue)
Backend CI	Run tests	2026-03-17T02:41:37.5105531Z INFO     app.scheduler.services.notification_creation:notification_creation.py:64 Created overdue notification for invoice INV-7960 (178 days overdue)
Backend CI	Run tests	2026-03-17T02:41:37.5105958Z INFO     app.scheduler.services.notification_creation:notification_creation.py:64 Created overdue notification for invoice INV-4593 (139 days overdue)
Backend CI	Run tests	2026-03-17T02:41:37.5106389Z INFO     app.scheduler.services.notification_creation:notification_creation.py:64 Created overdue notification for invoice INV-4700 (1 days overdue)
Backend CI	Run tests	2026-03-17T02:41:37.5106822Z INFO     app.scheduler.services.notification_creation:notification_creation.py:64 Created overdue notification for invoice INV-1451 (209 days overdue)
Backend CI	Run tests	2026-03-17T02:41:37.5107252Z INFO     app.scheduler.services.notification_creation:notification_creation.py:64 Created overdue notification for invoice INV-6135 (365 days overdue)
Backend CI	Run tests	2026-03-17T02:41:37.5109757Z INFO     app.scheduler.services.notification_creation:notification_creation.py:64 Created overdue notification for invoice INV-1237 (274 days overdue)
Backend CI	Run tests	2026-03-17T02:41:37.5110203Z INFO     app.scheduler.services.notification_creation:notification_creation.py:64 Created overdue notification for invoice INV-9999 (1 days overdue)
Backend CI	Run tests	2026-03-17T02:41:37.5110653Z INFO     app.scheduler.services.notification_creation:notification_creation.py:64 Created overdue notification for invoice INV-9651 (32 days overdue)
Backend CI	Run tests	2026-03-17T02:41:37.5111074Z INFO     app.scheduler.services.notification_creation:notification_creation.py:64 Created overdue notification for invoice INV-3327 (1 days overdue)
Backend CI	Run tests	2026-03-17T02:41:37.5111505Z INFO     app.scheduler.services.notification_creation:notification_creation.py:64 Created overdue notification for invoice INV-3865 (99 days overdue)
Backend CI	Run tests	2026-03-17T02:41:37.5111933Z INFO     app.scheduler.services.notification_creation:notification_creation.py:64 Created overdue notification for invoice INV-1476 (238 days overdue)
Backend CI	Run tests	2026-03-17T02:41:37.5112397Z INFO     app.scheduler.services.notification_creation:notification_creation.py:64 Created overdue notification for invoice INV-4552 (223 days overdue)
Backend CI	Run tests	2026-03-17T02:41:37.5112974Z INFO     app.scheduler.services.notification_creation:notification_creation.py:64 Created overdue notification for invoice INV-7622 (184 days overdue)
Backend CI	Run tests	2026-03-17T02:41:37.5113543Z INFO     app.scheduler.services.notification_creation:notification_creation.py:64 Created overdue notification for invoice INV-9651 (32 days overdue)
Backend CI	Run tests	2026-03-17T02:41:37.5113965Z INFO     app.scheduler.services.notification_creation:notification_creation.py:64 Created overdue notification for invoice INV-3327 (1 days overdue)
Backend CI	Run tests	2026-03-17T02:41:37.5114397Z INFO     app.scheduler.services.notification_creation:notification_creation.py:64 Created overdue notification for invoice INV-3865 (99 days overdue)
Backend CI	Run tests	2026-03-17T02:41:37.5114826Z INFO     app.scheduler.services.notification_creation:notification_creation.py:64 Created overdue notification for invoice INV-1476 (238 days overdue)
Backend CI	Run tests	2026-03-17T02:41:37.5115257Z INFO     app.scheduler.services.notification_creation:notification_creation.py:64 Created overdue notification for invoice INV-4552 (223 days overdue)
Backend CI	Run tests	2026-03-17T02:41:37.5115684Z INFO     app.scheduler.services.notification_creation:notification_creation.py:64 Created overdue notification for invoice INV-7622 (184 days overdue)
Backend CI	Run tests	2026-03-17T02:41:37.5116114Z INFO     app.scheduler.services.notification_creation:notification_creation.py:64 Created overdue notification for invoice INV-8538 (69 days overdue)
Backend CI	Run tests	2026-03-17T02:41:37.5116589Z INFO     app.scheduler.services.notification_creation:notification_creation.py:64 Created overdue notification for invoice INV-7727 (1 days overdue)
Backend CI	Run tests	2026-03-17T02:41:37.5117014Z INFO     app.scheduler.services.notification_creation:notification_creation.py:64 Created overdue notification for invoice INV-4541 (359 days overdue)
Backend CI	Run tests	2026-03-17T02:41:37.5117444Z INFO     app.scheduler.services.notification_creation:notification_creation.py:64 Created overdue notification for invoice INV-1447 (1 days overdue)
Backend CI	Run tests	2026-03-17T02:41:37.5117874Z INFO     app.scheduler.services.notification_creation:notification_creation.py:64 Created overdue notification for invoice INV-9905 (294 days overdue)
Backend CI	Run tests	2026-03-17T02:41:37.5118308Z INFO     app.scheduler.services.notification_creation:notification_creation.py:64 Created overdue notification for invoice INV-6255 (135 days overdue)
Backend CI	Run tests	2026-03-17T02:41:37.5118727Z INFO     app.scheduler.services.notification_creation:notification_creation.py:64 Created overdue notification for invoice INV-1452 (1 days overdue)
Backend CI	Run tests	2026-03-17T02:41:37.5119154Z INFO     app.scheduler.services.notification_creation:notification_creation.py:64 Created overdue notification for invoice INV-9999 (317 days overdue)
Backend CI	Run tests	2026-03-17T02:41:37.5119584Z INFO     app.scheduler.services.notification_creation:notification_creation.py:64 Created overdue notification for invoice INV-6545 (188 days overdue)
Backend CI	Run tests	2026-03-17T02:41:37.5120130Z INFO     app.scheduler.services.notification_creation:notification_creation.py:64 Created overdue notification for invoice INV-6080 (217 days overdue)
Backend CI	Run tests	2026-03-17T02:41:37.5120562Z INFO     app.scheduler.services.notification_creation:notification_creation.py:64 Created overdue notification for invoice INV-6177 (166 days overdue)
Backend CI	Run tests	2026-03-17T02:41:37.5120991Z INFO     app.scheduler.services.notification_creation:notification_creation.py:64 Created overdue notification for invoice INV-9661 (99 days overdue)
Backend CI	Run tests	2026-03-17T02:41:37.5121425Z INFO     app.scheduler.services.notification_creation:notification_creation.py:64 Created overdue notification for invoice INV-6255 (135 days overdue)
Backend CI	Run tests	2026-03-17T02:41:37.5121849Z INFO     app.scheduler.services.notification_creation:notification_creation.py:64 Created overdue notification for invoice INV-1452 (1 days overdue)
Backend CI	Run tests	2026-03-17T02:41:37.5122271Z INFO     app.scheduler.services.notification_creation:notification_creation.py:64 Created overdue notification for invoice INV-9999 (317 days overdue)
Backend CI	Run tests	2026-03-17T02:41:37.5122811Z INFO     app.scheduler.services.notification_creation:notification_creation.py:64 Created overdue notification for invoice INV-6545 (188 days overdue)
Backend CI	Run tests	2026-03-17T02:41:37.5123242Z INFO     app.scheduler.services.notification_creation:notification_creation.py:64 Created overdue notification for invoice INV-6080 (217 days overdue)
Backend CI	Run tests	2026-03-17T02:41:37.5123788Z INFO     app.scheduler.services.notification_creation:notification_creation.py:64 Created overdue notification for invoice INV-6177 (166 days overdue)
Backend CI	Run tests	2026-03-17T02:41:37.5124209Z INFO     app.scheduler.services.notification_creation:notification_creation.py:64 Created overdue notification for invoice INV-9661 (99 days overdue)
Backend CI	Run tests	2026-03-17T02:41:37.5124640Z INFO     app.scheduler.services.notification_creation:notification_creation.py:64 Created overdue notification for invoice INV-3733 (91 days overdue)
Backend CI	Run tests	2026-03-17T02:41:37.5125060Z INFO     app.scheduler.services.notification_creation:notification_creation.py:64 Created overdue notification for invoice INV-4478 (1 days overdue)
Backend CI	Run tests	2026-03-17T02:41:37.5125490Z INFO     app.scheduler.services.notification_creation:notification_creation.py:64 Created overdue notification for invoice INV-1742 (204 days overdue)
Backend CI	Run tests	2026-03-17T02:41:37.5125921Z INFO     app.scheduler.services.notification_creation:notification_creation.py:64 Created overdue notification for invoice INV-1606 (205 days overdue)
Backend CI	Run tests	2026-03-17T02:41:37.5126352Z INFO     app.scheduler.services.notification_creation:notification_creation.py:64 Created overdue notification for invoice INV-3047 (105 days overdue)
Backend CI	Run tests	2026-03-17T02:41:37.5126836Z INFO     app.scheduler.services.notification_creation:notification_creation.py:64 Created overdue notification for invoice INV-3679 (204 days overdue)
Backend CI	Run tests	2026-03-17T02:41:37.5127263Z INFO     app.scheduler.services.notification_creation:notification_creation.py:64 Created overdue notification for invoice INV-6682 (128 days overdue)
Backend CI	Run tests	2026-03-17T02:41:37.5127693Z INFO     app.scheduler.services.notification_creation:notification_creation.py:64 Created overdue notification for invoice INV-8801 (193 days overdue)
Backend CI	Run tests	2026-03-17T02:41:37.5128123Z INFO     app.scheduler.services.notification_creation:notification_creation.py:64 Created overdue notification for invoice INV-5387 (247 days overdue)
Backend CI	Run tests	2026-03-17T02:41:37.5128552Z INFO     app.scheduler.services.notification_creation:notification_creation.py:64 Created overdue notification for invoice INV-9998 (178 days overdue)
Backend CI	Run tests	2026-03-17T02:41:37.5128982Z INFO     app.scheduler.services.notification_creation:notification_creation.py:64 Created overdue notification for invoice INV-7073 (230 days overdue)
Backend CI	Run tests	2026-03-17T02:41:37.5129404Z INFO     app.scheduler.services.notification_creation:notification_creation.py:64 Created overdue notification for invoice INV-9255 (1 days overdue)
Backend CI	Run tests	2026-03-17T02:41:37.5129830Z INFO     app.scheduler.services.notification_creation:notification_creation.py:64 Created overdue notification for invoice INV-7826 (74 days overdue)
Backend CI	Run tests	2026-03-17T02:41:37.5130319Z INFO     app.scheduler.services.notification_creation:notification_creation.py:64 Created overdue notification for invoice INV-8534 (330 days overdue)
Backend CI	Run tests	2026-03-17T02:41:37.5130739Z INFO     app.scheduler.services.notification_creation:notification_creation.py:64 Created overdue notification for invoice INV-3534 (53 days overdue)
Backend CI	Run tests	2026-03-17T02:41:37.5131173Z INFO     app.scheduler.services.notification_creation:notification_creation.py:64 Created overdue notification for invoice INV-6005 (233 days overdue)
Backend CI	Run tests	2026-03-17T02:41:37.5131595Z INFO     app.scheduler.services.notification_creation:notification_creation.py:64 Created overdue notification for invoice INV-4241 (315 days overdue)
Backend CI	Run tests	2026-03-17T02:41:37.5132026Z INFO     app.scheduler.services.notification_creation:notification_creation.py:64 Created overdue notification for invoice INV-7073 (230 days overdue)
Backend CI	Run tests	2026-03-17T02:41:37.5132450Z INFO     app.scheduler.services.notification_creation:notification_creation.py:64 Created overdue notification for invoice INV-9255 (1 days overdue)
Backend CI	Run tests	2026-03-17T02:41:37.5132980Z INFO     app.scheduler.services.notification_creation:notification_creation.py:64 Created overdue notification for invoice INV-7826 (74 days overdue)
Backend CI	Run tests	2026-03-17T02:41:37.5133410Z INFO     app.scheduler.services.notification_creation:notification_creation.py:64 Created overdue notification for invoice INV-8534 (330 days overdue)
Backend CI	Run tests	2026-03-17T02:41:37.5133946Z INFO     app.scheduler.services.notification_creation:notification_creation.py:64 Created overdue notification for invoice INV-3534 (53 days overdue)
Backend CI	Run tests	2026-03-17T02:41:37.5134379Z INFO     app.scheduler.services.notification_creation:notification_creation.py:64 Created overdue notification for invoice INV-6005 (233 days overdue)
Backend CI	Run tests	2026-03-17T02:41:37.5134805Z INFO     app.scheduler.services.notification_creation:notification_creation.py:64 Created overdue notification for invoice INV-4241 (315 days overdue)
Backend CI	Run tests	2026-03-17T02:41:37.5135272Z INFO     app.scheduler.services.notification_creation:notification_creation.py:64 Created overdue notification for invoice INV-9428 (183 days overdue)
Backend CI	Run tests	2026-03-17T02:41:37.5135696Z INFO     app.scheduler.services.notification_creation:notification_creation.py:64 Created overdue notification for invoice INV-4773 (1 days overdue)
Backend CI	Run tests	2026-03-17T02:41:37.5136128Z INFO     app.scheduler.services.notification_creation:notification_creation.py:64 Created overdue notification for invoice INV-9631 (102 days overdue)
Backend CI	Run tests	2026-03-17T02:41:37.5136558Z INFO     app.scheduler.services.notification_creation:notification_creation.py:64 Created overdue notification for invoice INV-8143 (337 days overdue)
Backend CI	Run tests	2026-03-17T02:41:37.5137046Z INFO     app.scheduler.services.notification_creation:notification_creation.py:64 Created overdue notification for invoice INV-9999 (295 days overdue)
Backend CI	Run tests	2026-03-17T02:41:37.5137473Z INFO     app.scheduler.services.notification_creation:notification_creation.py:64 Created overdue notification for invoice INV-1222 (364 days overdue)
Backend CI	Run tests	2026-03-17T02:41:37.5137901Z INFO     app.scheduler.services.notification_creation:notification_creation.py:64 Created overdue notification for invoice INV-9428 (183 days overdue)
Backend CI	Run tests	2026-03-17T02:41:37.5138320Z INFO     app.scheduler.services.notification_creation:notification_creation.py:64 Created overdue notification for invoice INV-4773 (1 days overdue)
Backend CI	Run tests	2026-03-17T02:41:37.5138757Z INFO     app.scheduler.services.notification_creation:notification_creation.py:64 Created overdue notification for invoice INV-9631 (102 days overdue)
Backend CI	Run tests	2026-03-17T02:41:37.5139184Z INFO     app.scheduler.services.notification_creation:notification_creation.py:64 Created overdue notification for invoice INV-8143 (337 days overdue)
Backend CI	Run tests	2026-03-17T02:41:37.5139616Z INFO     app.scheduler.services.notification_creation:notification_creation.py:64 Created overdue notification for invoice INV-9999 (295 days overdue)
Backend CI	Run tests	2026-03-17T02:41:37.5140041Z INFO     app.scheduler.services.notification_creation:notification_creation.py:64 Created overdue notification for invoice INV-1222 (364 days overdue)
Backend CI	Run tests	2026-03-17T02:41:37.5140528Z INFO     app.scheduler.services.notification_creation:notification_creation.py:64 Created overdue notification for invoice INV-5789 (329 days overdue)
Backend CI	Run tests	2026-03-17T02:41:37.5140950Z INFO     app.scheduler.services.notification_creation:notification_creation.py:64 Created overdue notification for invoice INV-7493 (1 days overdue)
Backend CI	Run tests	2026-03-17T02:41:37.5141383Z INFO     app.scheduler.services.notification_creation:notification_creation.py:64 Created overdue notification for invoice INV-1425 (303 days overdue)
Backend CI	Run tests	2026-03-17T02:41:37.5141816Z INFO     app.scheduler.services.notification_creation:notification_creation.py:64 Created overdue notification for invoice INV-9999 (350 days overdue)
Backend CI	Run tests	2026-03-17T02:41:37.5142243Z INFO     app.scheduler.services.notification_creation:notification_creation.py:64 Created overdue notification for invoice INV-2452 (179 days overdue)
Backend CI	Run tests	2026-03-17T02:41:37.5142770Z INFO     app.scheduler.services.notification_creation:notification_creation.py:64 Created overdue notification for invoice INV-1388 (1 days overdue)
Backend CI	Run tests	2026-03-17T02:41:37.5143441Z INFO     app.scheduler.services.notification_creation:notification_creation.py:64 Created overdue notification for invoice INV-4450 (365 days overdue)
Backend CI	Run tests	2026-03-17T02:41:37.5144034Z INFO     app.scheduler.services.notification_creation:notification_creation.py:64 Created overdue notification for invoice INV-3812 (239 days overdue)
Backend CI	Run tests	2026-03-17T02:41:37.5144472Z INFO     app.scheduler.services.notification_creation:notification_creation.py:64 Created overdue notification for invoice INV-4805 (317 days overdue)
Backend CI	Run tests	2026-03-17T02:41:37.5144909Z INFO     app.scheduler.services.notification_creation:notification_creation.py:64 Created overdue notification for invoice INV-2452 (179 days overdue)
Backend CI	Run tests	2026-03-17T02:41:37.5145328Z INFO     app.scheduler.services.notification_creation:notification_creation.py:64 Created overdue notification for invoice INV-1388 (1 days overdue)
Backend CI	Run tests	2026-03-17T02:41:37.5145759Z INFO     app.scheduler.services.notification_creation:notification_creation.py:64 Created overdue notification for invoice INV-4450 (365 days overdue)
Backend CI	Run tests	2026-03-17T02:41:37.5146397Z INFO     app.scheduler.services.notification_creation:notification_creation.py:64 Created overdue notification for invoice INV-3812 (239 days overdue)
Backend CI	Run tests	2026-03-17T02:41:37.5146843Z INFO     app.scheduler.services.notification_creation:notification_creation.py:64 Created overdue notification for invoice INV-4805 (317 days overdue)
Backend CI	Run tests	2026-03-17T02:41:37.5147277Z INFO     app.scheduler.services.notification_creation:notification_creation.py:64 Created overdue notification for invoice INV-6691 (66 days overdue)
Backend CI	Run tests	2026-03-17T02:41:37.5147800Z INFO     app.scheduler.services.notification_creation:notification_creation.py:64 Created overdue notification for invoice INV-1291 (1 days overdue)
Backend CI	Run tests	2026-03-17T02:41:37.5148233Z INFO     app.scheduler.services.notification_creation:notification_creation.py:64 Created overdue notification for invoice INV-8596 (101 days overdue)
Backend CI	Run tests	2026-03-17T02:41:37.5148664Z INFO     app.scheduler.services.notification_creation:notification_creation.py:64 Created overdue notification for invoice INV-8059 (264 days overdue)
Backend CI	Run tests	2026-03-17T02:41:37.5149096Z INFO     app.scheduler.services.notification_creation:notification_creation.py:64 Created overdue notification for invoice INV-9999 (164 days overdue)
Backend CI	Run tests	2026-03-17T02:41:37.5149526Z INFO     app.scheduler.services.notification_creation:notification_creation.py:64 Created overdue notification for invoice INV-1446 (333 days overdue)
Backend CI	Run tests	2026-03-17T02:41:37.5149947Z INFO     app.scheduler.services.notification_creation:notification_creation.py:64 Created overdue notification for invoice INV-6691 (66 days overdue)
Backend CI	Run tests	2026-03-17T02:41:37.5150419Z INFO     app.scheduler.services.notification_creation:notification_creation.py:64 Created overdue notification for invoice INV-1291 (1 days overdue)
Backend CI	Run tests	2026-03-17T02:41:37.5150866Z INFO     app.scheduler.services.notification_creation:notification_creation.py:64 Created overdue notification for invoice INV-8596 (101 days overdue)
Backend CI	Run tests	2026-03-17T02:41:37.5151362Z INFO     app.scheduler.services.notification_creation:notification_creation.py:64 Created overdue notification for invoice INV-8059 (264 days overdue)
Backend CI	Run tests	2026-03-17T02:41:37.5151791Z INFO     app.scheduler.services.notification_creation:notification_creation.py:64 Created overdue notification for invoice INV-9999 (164 days overdue)
Backend CI	Run tests	2026-03-17T02:41:37.5152227Z INFO     app.scheduler.services.notification_creation:notification_creation.py:64 Created overdue notification for invoice INV-1446 (333 days overdue)
Backend CI	Run tests	2026-03-17T02:41:37.5152792Z INFO     app.scheduler.services.notification_creation:notification_creation.py:64 Created overdue notification for invoice INV-8307 (299 days overdue)
Backend CI	Run tests	2026-03-17T02:41:37.5153214Z INFO     app.scheduler.services.notification_creation:notification_creation.py:64 Created overdue notification for invoice INV-5852 (1 days overdue)
Backend CI	Run tests	2026-03-17T02:41:37.5153645Z INFO     app.scheduler.services.notification_creation:notification_creation.py:64 Created overdue notification for invoice INV-1375 (43 days overdue)
Backend CI	Run tests	2026-03-17T02:41:37.5154360Z INFO     app.scheduler.services.notification_creation:notification_creation.py:64 Created overdue notification for invoice INV-4246 (98 days overdue)
Backend CI	Run tests	2026-03-17T02:41:37.5155296Z INFO     app.scheduler.services.notification_creation:notification_creation.py:64 Created overdue notification for invoice INV-9487 (82 days overdue)
Backend CI	Run tests	2026-03-17T02:41:37.5156074Z INFO     app.scheduler.services.notification_creation:notification_creation.py:64 Created overdue notification for invoice INV-7865 (350 days overdue)
Backend CI	Run tests	2026-03-17T02:41:37.5156877Z INFO     app.scheduler.services.notification_creation:notification_creation.py:64 Created overdue notification for invoice INV-8546 (35 days overdue)
Backend CI	Run tests	2026-03-17T02:41:37.5157672Z INFO     app.scheduler.services.notification_creation:notification_creation.py:64 Created overdue notification for invoice INV-6042 (345 days overdue)
Backend CI	Run tests	2026-03-17T02:41:37.5158428Z INFO     app.scheduler.services.notification_creation:notification_creation.py:64 Created overdue notification for invoice INV-5613 (142 days overdue)
Backend CI	Run tests	2026-03-17T02:41:37.5159231Z INFO     app.scheduler.services.notification_creation:notification_creation.py:64 Created overdue notification for invoice INV-8307 (299 days overdue)
Backend CI	Run tests	2026-03-17T02:41:37.5160027Z INFO     app.scheduler.services.notification_creation:notification_creation.py:64 Created overdue notification for invoice INV-5852 (1 days overdue)
Backend CI	Run tests	2026-03-17T02:41:37.5160805Z INFO     app.scheduler.services.notification_creation:notification_creation.py:64 Created overdue notification for invoice INV-1375 (43 days overdue)
Backend CI	Run tests	2026-03-17T02:41:37.5161528Z INFO     app.scheduler.services.notification_creation:notification_creation.py:64 Created overdue notification for invoice INV-4246 (98 days overdue)
Backend CI	Run tests	2026-03-17T02:41:37.5161964Z INFO     app.scheduler.services.notification_creation:notification_creation.py:64 Created overdue notification for invoice INV-9487 (82 days overdue)
Backend CI	Run tests	2026-03-17T02:41:37.5162402Z INFO     app.scheduler.services.notification_creation:notification_creation.py:64 Created overdue notification for invoice INV-7865 (350 days overdue)
Backend CI	Run tests	2026-03-17T02:41:37.5162966Z INFO     app.scheduler.services.notification_creation:notification_creation.py:64 Created overdue notification for invoice INV-8546 (35 days overdue)
Backend CI	Run tests	2026-03-17T02:41:37.5163415Z INFO     app.scheduler.services.notification_creation:notification_creation.py:64 Created overdue notification for invoice INV-6042 (345 days overdue)
Backend CI	Run tests	2026-03-17T02:41:37.5163855Z INFO     app.scheduler.services.notification_creation:notification_creation.py:64 Created overdue notification for invoice INV-5613 (142 days overdue)
Backend CI	Run tests	2026-03-17T02:41:37.5164283Z INFO     app.scheduler.services.notification_creation:notification_creation.py:64 Created overdue notification for invoice INV-9018 (75 days overdue)
Backend CI	Run tests	2026-03-17T02:41:37.5164714Z INFO     app.scheduler.services.notification_creation:notification_creation.py:64 Created overdue notification for invoice INV-6970 (1 days overdue)
Backend CI	Run tests	2026-03-17T02:41:37.5165223Z INFO     app.scheduler.services.notification_creation:notification_creation.py:64 Created overdue notification for invoice INV-3885 (240 days overdue)
Backend CI	Run tests	2026-03-17T02:41:37.5165658Z INFO     app.scheduler.services.notification_creation:notification_creation.py:64 Created overdue notification for invoice INV-7922 (43 days overdue)
Backend CI	Run tests	2026-03-17T02:41:37.5166085Z INFO     app.scheduler.services.notification_creation:notification_creation.py:64 Created overdue notification for invoice INV-6870 (105 days overdue)
Backend CI	Run tests	2026-03-17T02:41:37.5166513Z INFO     app.scheduler.services.notification_creation:notification_creation.py:64 Created overdue notification for invoice INV-1335 (52 days overdue)
Backend CI	Run tests	2026-03-17T02:41:37.5166936Z INFO     app.scheduler.services.notification_creation:notification_creation.py:64 Created overdue notification for invoice INV-5459 (72 days overdue)
Backend CI	Run tests	2026-03-17T02:41:37.5167360Z INFO     app.scheduler.services.notification_creation:notification_creation.py:64 Created overdue notification for invoice INV-1359 (20 days overdue)
Backend CI	Run tests	2026-03-17T02:41:37.5167795Z INFO     app.scheduler.services.notification_creation:notification_creation.py:64 Created overdue notification for invoice INV-5494 (325 days overdue)
Backend CI	Run tests	2026-03-17T02:41:37.5168360Z INFO     app.scheduler.services.notification_creation:notification_creation.py:64 Created overdue notification for invoice INV-1001 (66 days overdue)
Backend CI	Run tests	2026-03-17T02:41:37.5168791Z INFO     app.scheduler.services.notification_creation:notification_creation.py:64 Created overdue notification for invoice INV-8131 (114 days overdue)
Backend CI	Run tests	2026-03-17T02:41:37.5169223Z INFO     app.scheduler.services.notification_creation:notification_creation.py:64 Created overdue notification for invoice INV-9599 (1 days overdue)
Backend CI	Run tests	2026-03-17T02:41:37.5169650Z INFO     app.scheduler.services.notification_creation:notification_creation.py:64 Created overdue notification for invoice INV-6299 (34 days overdue)
Backend CI	Run tests	2026-03-17T02:41:37.5170076Z INFO     app.scheduler.services.notification_creation:notification_creation.py:64 Created overdue notification for invoice INV-5514 (125 days overdue)
Backend CI	Run tests	2026-03-17T02:41:37.5170496Z INFO     app.scheduler.services.notification_creation:notification_creation.py:64 Created overdue notification for invoice INV-1481 (69 days overdue)
Backend CI	Run tests	2026-03-17T02:41:37.5170930Z INFO     app.scheduler.services.notification_creation:notification_creation.py:64 Created overdue notification for invoice INV-5435 (131 days overdue)
Backend CI	Run tests	2026-03-17T02:41:37.5171359Z INFO     app.scheduler.services.notification_creation:notification_creation.py:64 Created overdue notification for invoice INV-3339 (322 days overdue)
Backend CI	Run tests	2026-03-17T02:41:37.5171848Z INFO     app.scheduler.services.notification_creation:notification_creation.py:64 Created overdue notification for invoice INV-1171 (243 days overdue)
Backend CI	Run tests	2026-03-17T02:41:37.5172274Z INFO     app.scheduler.services.notification_creation:notification_creation.py:64 Created overdue notification for invoice INV-8868 (184 days overdue)
Backend CI	Run tests	2026-03-17T02:41:37.5172810Z INFO     app.scheduler.services.notification_creation:notification_creation.py:64 Created overdue notification for invoice INV-5339 (13 days overdue)
Backend CI	Run tests	2026-03-17T02:41:37.5173246Z INFO     app.scheduler.services.notification_creation:notification_creation.py:64 Created overdue notification for invoice INV-9761 (37 days overdue)
Backend CI	Run tests	2026-03-17T02:41:37.5173666Z INFO     app.scheduler.services.notification_creation:notification_creation.py:64 Created overdue notification for invoice INV-2839 (1 days overdue)
Backend CI	Run tests	2026-03-17T02:41:37.5174100Z INFO     app.scheduler.services.notification_creation:notification_creation.py:64 Created overdue notification for invoice INV-1917 (299 days overdue)
Backend CI	Run tests	2026-03-17T02:41:37.5174527Z INFO     app.scheduler.services.notification_creation:notification_creation.py:64 Created overdue notification for invoice INV-5312 (175 days overdue)
Backend CI	Run tests	2026-03-17T02:41:37.5175015Z INFO     app.scheduler.services.notification_creation:notification_creation.py:64 Created overdue notification for invoice INV-9761 (37 days overdue)
Backend CI	Run tests	2026-03-17T02:41:37.5175436Z INFO     app.scheduler.services.notification_creation:notification_creation.py:64 Created overdue notification for invoice INV-2839 (1 days overdue)
Backend CI	Run tests	2026-03-17T02:41:37.5175868Z INFO     app.scheduler.services.notification_creation:notification_creation.py:64 Created overdue notification for invoice INV-1917 (299 days overdue)
Backend CI	Run tests	2026-03-17T02:41:37.5176299Z INFO     app.scheduler.services.notification_creation:notification_creation.py:64 Created overdue notification for invoice INV-5312 (175 days overdue)
Backend CI	Run tests	2026-03-17T02:41:37.5176724Z INFO     app.scheduler.services.notification_creation:notification_creation.py:64 Created overdue notification for invoice INV-6895 (297 days overdue)
Backend CI	Run tests	2026-03-17T02:41:37.5177148Z INFO     app.scheduler.services.notification_creation:notification_creation.py:64 Created overdue notification for invoice INV-3161 (1 days overdue)
Backend CI	Run tests	2026-03-17T02:41:37.5177569Z INFO     app.scheduler.services.notification_creation:notification_creation.py:64 Created overdue notification for invoice INV-4403 (6 days overdue)
Backend CI	Run tests	2026-03-17T02:41:37.5177995Z INFO     app.scheduler.services.notification_creation:notification_creation.py:64 Created overdue notification for invoice INV-6278 (321 days overdue)
Backend CI	Run tests	2026-03-17T02:41:37.5178529Z INFO     app.scheduler.services.notification_creation:notification_creation.py:64 Created overdue notification for invoice INV-5282 (150 days overdue)
Backend CI	Run tests	2026-03-17T02:41:37.5178951Z INFO     app.scheduler.services.notification_creation:notification_creation.py:64 Created overdue notification for invoice INV-1574 (28 days overdue)
Backend CI	Run tests	2026-03-17T02:41:37.5179383Z INFO     app.scheduler.services.notification_creation:notification_creation.py:64 Created overdue notification for invoice INV-1125 (179 days overdue)
Backend CI	Run tests	2026-03-17T02:41:37.5179807Z INFO     app.scheduler.services.notification_creation:notification_creation.py:64 Created overdue notification for invoice INV-9584 (99 days overdue)
Backend CI	Run tests	2026-03-17T02:41:37.5180239Z INFO     app.scheduler.services.notification_creation:notification_creation.py:64 Created overdue notification for invoice INV-2789 (136 days overdue)
Backend CI	Run tests	2026-03-17T02:41:37.5180660Z INFO     app.scheduler.services.notification_creation:notification_creation.py:64 Created overdue notification for invoice INV-9155 (42 days overdue)
Backend CI	Run tests	2026-03-17T02:41:37.5181086Z INFO     app.scheduler.services.notification_creation:notification_creation.py:64 Created overdue notification for invoice INV-4764 (18 days overdue)
Backend CI	Run tests	2026-03-17T02:41:37.5181570Z INFO     app.scheduler.services.notification_creation:notification_creation.py:64 Created overdue notification for invoice INV-2455 (1 days overdue)
Backend CI	Run tests	2026-03-17T02:41:37.5181989Z INFO     app.scheduler.services.notification_creation:notification_creation.py:64 Created overdue notification for invoice INV-4764 (18 days overdue)
Backend CI	Run tests	2026-03-17T02:41:37.5182415Z INFO     app.scheduler.services.notification_creation:notification_creation.py:64 Created overdue notification for invoice INV-2455 (1 days overdue)
Backend CI	Run tests	2026-03-17T02:41:37.5182978Z INFO     app.scheduler.services.notification_creation:notification_creation.py:64 Created overdue notification for invoice INV-1000 (1 days overdue)
Backend CI	Run tests	2026-03-17T02:41:37.5183181Z _____________ test_notification_creation_for_new_overdue_invoices ______________
Backend CI	Run tests	2026-03-17T02:41:37.5183520Z app/tests/property/test_properties_notification_creation.py:77: in test_notification_creation_for_new_overdue_invoices
Backend CI	Run tests	2026-03-17T02:41:37.5183596Z     invoices=st.lists(
Backend CI	Run tests	2026-03-17T02:41:37.5183667Z                ^^^
Backend CI	Run tests	2026-03-17T02:41:37.5183998Z app/tests/property/test_properties_notification_creation.py:145: in test_notification_creation_for_new_overdue_invoices
Backend CI	Run tests	2026-03-17T02:41:37.5184140Z     assert len(created_notifications) == len(mock_invoices)
Backend CI	Run tests	2026-03-17T02:41:37.5184231Z E   AssertionError: assert 0 == 1
Backend CI	Run tests	2026-03-17T02:41:37.5184305Z E    +  where 0 = len([])
Backend CI	Run tests	2026-03-17T02:41:37.5184515Z E    +  and   1 = len([<Mock spec='Invoice' id='139869712759312'>])
Backend CI	Run tests	2026-03-17T02:41:37.5184707Z E   Falsifying example: test_notification_creation_for_new_overdue_invoices(
Backend CI	Run tests	2026-03-17T02:41:37.5184858Z E       invoices=[{'id': UUID('7aebfe83-6612-460e-9acd-185dfd804e6a'),
Backend CI	Run tests	2026-03-17T02:41:37.5185006Z E         'business_id': UUID('1361d03b-a578-4cac-a161-bd8f34e834b1'),
Backend CI	Run tests	2026-03-17T02:41:37.5185146Z E         'customer_id': UUID('a34dc630-ea12-40f0-ac87-3f61aeb5bf54'),
Backend CI	Run tests	2026-03-17T02:41:37.5185229Z E         'invoice_number': 'INV-1000',
Backend CI	Run tests	2026-03-17T02:41:37.5185328Z E         'due_date': datetime.date(2026, 3, 16),
Backend CI	Run tests	2026-03-17T02:41:37.5185433Z E         'status': <InvoiceStatus.DRAFT: 'draft'>,
Backend CI	Run tests	2026-03-17T02:41:37.5185528Z E         'issue_date': datetime.date(2026, 3, 9),
Backend CI	Run tests	2026-03-17T02:41:37.5185609Z E         'subtotal': Decimal('100.00'),
Backend CI	Run tests	2026-03-17T02:41:37.5185685Z E         'total': Decimal('100.00'),
Backend CI	Run tests	2026-03-17T02:41:37.5185771Z E         'amount_paid': Decimal('0.00'),
Backend CI	Run tests	2026-03-17T02:41:37.5185938Z E         'balance_due': Decimal('100.00')}],  # or any other generated value
Backend CI	Run tests	2026-03-17T02:41:37.5186000Z E   )
Backend CI	Run tests	2026-03-17T02:41:37.5186063Z E   
Backend CI	Run tests	2026-03-17T02:41:37.5186455Z E   You can reproduce this example by temporarily adding @reproduce_failure('6.122.3', b'AAEAAAAAAAAAAAAA') as a decorator on your test case
Backend CI	Run tests	2026-03-17T02:41:37.5186731Z ----------------------------- Captured stderr call -----------------------------
Backend CI	Run tests	2026-03-17T02:41:37.5187076Z INFO:app.scheduler.services.notification_creation:Created overdue notification for invoice INV-1000 (1 days overdue)
Backend CI	Run tests	2026-03-17T02:41:37.5187415Z INFO:app.scheduler.services.notification_creation:Created overdue notification for invoice INV-3963 (164 days overdue)
Backend CI	Run tests	2026-03-17T02:41:37.5187757Z INFO:app.scheduler.services.notification_creation:Created overdue notification for invoice INV-8027 (354 days overdue)
Backend CI	Run tests	2026-03-17T02:41:37.5188093Z INFO:app.scheduler.services.notification_creation:Created overdue notification for invoice INV-3963 (354 days overdue)
Backend CI	Run tests	2026-03-17T02:41:37.5188427Z INFO:app.scheduler.services.notification_creation:Created overdue notification for invoice INV-8027 (354 days overdue)
Backend CI	Run tests	2026-03-17T02:41:37.5188761Z INFO:app.scheduler.services.notification_creation:Created overdue notification for invoice INV-3963 (354 days overdue)
Backend CI	Run tests	2026-03-17T02:41:37.5189096Z INFO:app.scheduler.services.notification_creation:Created overdue notification for invoice INV-3963 (354 days overdue)
Backend CI	Run tests	2026-03-17T02:41:37.5189431Z INFO:app.scheduler.services.notification_creation:Created overdue notification for invoice INV-1353 (354 days overdue)
Backend CI	Run tests	2026-03-17T02:41:37.5189818Z INFO:app.scheduler.services.notification_creation:Created overdue notification for invoice INV-3963 (354 days overdue)
Backend CI	Run tests	2026-03-17T02:41:37.5190144Z INFO:app.scheduler.services.notification_creation:Created overdue notification for invoice INV-1353 (1 days overdue)
Backend CI	Run tests	2026-03-17T02:41:37.5190482Z INFO:app.scheduler.services.notification_creation:Created overdue notification for invoice INV-3963 (354 days overdue)
Backend CI	Run tests	2026-03-17T02:41:37.5190808Z INFO:app.scheduler.services.notification_creation:Created overdue notification for invoice INV-1353 (1 days overdue)
Backend CI	Run tests	2026-03-17T02:41:37.5191136Z INFO:app.scheduler.services.notification_creation:Created overdue notification for invoice INV-1353 (1 days overdue)
Backend CI	Run tests	2026-03-17T02:41:37.5191469Z INFO:app.scheduler.services.notification_creation:Created overdue notification for invoice INV-1353 (354 days overdue)
Backend CI	Run tests	2026-03-17T02:41:37.5191796Z INFO:app.scheduler.services.notification_creation:Created overdue notification for invoice INV-1353 (1 days overdue)
Backend CI	Run tests	2026-03-17T02:41:37.5192128Z INFO:app.scheduler.services.notification_creation:Created overdue notification for invoice INV-1637 (297 days overdue)
Backend CI	Run tests	2026-03-17T02:41:37.5192529Z INFO:app.scheduler.services.notification_creation:Created overdue notification for invoice INV-1000 (1 days overdue)
Backend CI	Run tests	2026-03-17T02:41:37.5193175Z INFO:app.scheduler.services.notification_creation:Created overdue notification for invoice INV-1000 (1 days overdue)
Backend CI	Run tests	2026-03-17T02:41:37.5193601Z INFO:app.scheduler.services.notification_creation:Created overdue notification for invoice INV-1000 (1 days overdue)
Backend CI	Run tests	2026-03-17T02:41:37.5193944Z INFO:app.scheduler.services.notification_creation:Created overdue notification for invoice INV-3679 (327 days overdue)
Backend CI	Run tests	2026-03-17T02:41:37.5194280Z INFO:app.scheduler.services.notification_creation:Created overdue notification for invoice INV-9998 (13 days overdue)
Backend CI	Run tests	2026-03-17T02:41:37.5194610Z INFO:app.scheduler.services.notification_creation:Created overdue notification for invoice INV-4314 (106 days overdue)
Backend CI	Run tests	2026-03-17T02:41:37.5194947Z INFO:app.scheduler.services.notification_creation:Created overdue notification for invoice INV-4009 (119 days overdue)
Backend CI	Run tests	2026-03-17T02:41:37.5195272Z INFO:app.scheduler.services.notification_creation:Created overdue notification for invoice INV-4622 (14 days overdue)
Backend CI	Run tests	2026-03-17T02:41:37.5195604Z INFO:app.scheduler.services.notification_creation:Created overdue notification for invoice INV-3035 (118 days overdue)
Backend CI	Run tests	2026-03-17T02:41:37.5195934Z INFO:app.scheduler.services.notification_creation:Created overdue notification for invoice INV-5507 (245 days overdue)
Backend CI	Run tests	2026-03-17T02:41:37.5196262Z INFO:app.scheduler.services.notification_creation:Created overdue notification for invoice INV-4598 (158 days overdue)
Backend CI	Run tests	2026-03-17T02:41:37.5196705Z INFO:app.scheduler.services.notification_creation:Created overdue notification for invoice INV-2350 (315 days overdue)
Backend CI	Run tests	2026-03-17T02:41:37.5197032Z INFO:app.scheduler.services.notification_creation:Created overdue notification for invoice INV-8209 (15 days overdue)
Backend CI	Run tests	2026-03-17T02:41:37.5197369Z INFO:app.scheduler.services.notification_creation:Created overdue notification for invoice INV-2475 (271 days overdue)
Backend CI	Run tests	2026-03-17T02:41:37.5197698Z INFO:app.scheduler.services.notification_creation:Created overdue notification for invoice INV-5984 (309 days overdue)
Backend CI	Run tests	2026-03-17T02:41:37.5198028Z INFO:app.scheduler.services.notification_creation:Created overdue notification for invoice INV-9886 (165 days overdue)
Backend CI	Run tests	2026-03-17T02:41:37.5198366Z INFO:app.scheduler.services.notification_creation:Created overdue notification for invoice INV-1427 (338 days overdue)
Backend CI	Run tests	2026-03-17T02:41:37.5198693Z INFO:app.scheduler.services.notification_creation:Created overdue notification for invoice INV-3776 (94 days overdue)
Backend CI	Run tests	2026-03-17T02:41:37.5199038Z INFO:app.scheduler.services.notification_creation:Created overdue notification for invoice INV-9999 (364 days overdue)
Backend CI	Run tests	2026-03-17T02:41:37.5199364Z INFO:app.scheduler.services.notification_creation:Created overdue notification for invoice INV-4528 (77 days overdue)
Backend CI	Run tests	2026-03-17T02:41:37.5199745Z INFO:app.scheduler.services.notification_creation:Created overdue notification for invoice INV-4507 (33 days overdue)
Backend CI	Run tests	2026-03-17T02:41:37.5200075Z INFO:app.scheduler.services.notification_creation:Created overdue notification for invoice INV-4273 (80 days overdue)
Backend CI	Run tests	2026-03-17T02:41:37.5200400Z INFO:app.scheduler.services.notification_creation:Created overdue notification for invoice INV-3910 (97 days overdue)
Backend CI	Run tests	2026-03-17T02:41:37.5200944Z INFO:app.scheduler.services.notification_creation:Created overdue notification for invoice INV-9474 (145 days overdue)
Backend CI	Run tests	2026-03-17T02:41:37.5201284Z INFO:app.scheduler.services.notification_creation:Created overdue notification for invoice INV-7980 (119 days overdue)
Backend CI	Run tests	2026-03-17T02:41:37.5201621Z INFO:app.scheduler.services.notification_creation:Created overdue notification for invoice INV-8444 (105 days overdue)
Backend CI	Run tests	2026-03-17T02:41:37.5201957Z INFO:app.scheduler.services.notification_creation:Created overdue notification for invoice INV-5740 (200 days overdue)
Backend CI	Run tests	2026-03-17T02:41:37.5202290Z INFO:app.scheduler.services.notification_creation:Created overdue notification for invoice INV-5577 (144 days overdue)
Backend CI	Run tests	2026-03-17T02:41:37.5202624Z INFO:app.scheduler.services.notification_creation:Created overdue notification for invoice INV-2056 (320 days overdue)
Backend CI	Run tests	2026-03-17T02:41:37.5203089Z INFO:app.scheduler.services.notification_creation:Created overdue notification for invoice INV-6935 (94 days overdue)
Backend CI	Run tests	2026-03-17T02:41:37.5203627Z INFO:app.scheduler.services.notification_creation:Created overdue notification for invoice INV-6271 (303 days overdue)
Backend CI	Run tests	2026-03-17T02:41:37.5204141Z INFO:app.scheduler.services.notification_creation:Created overdue notification for invoice INV-8573 (63 days overdue)
Backend CI	Run tests	2026-03-17T02:41:37.5204484Z INFO:app.scheduler.services.notification_creation:Created overdue notification for invoice INV-1654 (361 days overdue)
Backend CI	Run tests	2026-03-17T02:41:37.5204825Z INFO:app.scheduler.services.notification_creation:Created overdue notification for invoice INV-7524 (174 days overdue)
Backend CI	Run tests	2026-03-17T02:41:37.5205157Z INFO:app.scheduler.services.notification_creation:Created overdue notification for invoice INV-3318 (365 days overdue)
Backend CI	Run tests	2026-03-17T02:41:37.5205486Z INFO:app.scheduler.services.notification_creation:Created overdue notification for invoice INV-1684 (131 days overdue)
Backend CI	Run tests	2026-03-17T02:41:37.5205818Z INFO:app.scheduler.services.notification_creation:Created overdue notification for invoice INV-4614 (364 days overdue)
Backend CI	Run tests	2026-03-17T02:41:37.5206145Z INFO:app.scheduler.services.notification_creation:Created overdue notification for invoice INV-2957 (62 days overdue)
Backend CI	Run tests	2026-03-17T02:41:37.5206473Z INFO:app.scheduler.services.notification_creation:Created overdue notification for invoice INV-7834 (20 days overdue)
Backend CI	Run tests	2026-03-17T02:41:37.5206948Z INFO:app.scheduler.services.notification_creation:Created overdue notification for invoice INV-8608 (258 days overdue)
Backend CI	Run tests	2026-03-17T02:41:37.5207290Z INFO:app.scheduler.services.notification_creation:Created overdue notification for invoice INV-9999 (209 days overdue)
Backend CI	Run tests	2026-03-17T02:41:37.5207635Z INFO:app.scheduler.services.notification_creation:Created overdue notification for invoice INV-3241 (246 days overdue)
Backend CI	Run tests	2026-03-17T02:41:37.5207965Z INFO:app.scheduler.services.notification_creation:Created overdue notification for invoice INV-6860 (125 days overdue)
Backend CI	Run tests	2026-03-17T02:41:37.5208303Z INFO:app.scheduler.services.notification_creation:Created overdue notification for invoice INV-1079 (266 days overdue)
Backend CI	Run tests	2026-03-17T02:41:37.5208637Z INFO:app.scheduler.services.notification_creation:Created overdue notification for invoice INV-5408 (249 days overdue)
Backend CI	Run tests	2026-03-17T02:41:37.5208970Z INFO:app.scheduler.services.notification_creation:Created overdue notification for invoice INV-7810 (318 days overdue)
Backend CI	Run tests	2026-03-17T02:41:37.5209308Z INFO:app.scheduler.services.notification_creation:Created overdue notification for invoice INV-6163 (122 days overdue)
Backend CI	Run tests	2026-03-17T02:41:37.5209631Z INFO:app.scheduler.services.notification_creation:Created overdue notification for invoice INV-2546 (77 days overdue)
Backend CI	Run tests	2026-03-17T02:41:37.5210026Z INFO:app.scheduler.services.notification_creation:Created overdue notification for invoice INV-3873 (111 days overdue)
Backend CI	Run tests	2026-03-17T02:41:37.5210356Z INFO:app.scheduler.services.notification_creation:Created overdue notification for invoice INV-9581 (177 days overdue)
Backend CI	Run tests	2026-03-17T02:41:37.5210692Z INFO:app.scheduler.services.notification_creation:Created overdue notification for invoice INV-9046 (278 days overdue)
Backend CI	Run tests	2026-03-17T02:41:37.5211028Z INFO:app.scheduler.services.notification_creation:Created overdue notification for invoice INV-3322 (279 days overdue)
Backend CI	Run tests	2026-03-17T02:41:37.5211358Z INFO:app.scheduler.services.notification_creation:Created overdue notification for invoice INV-5638 (261 days overdue)
Backend CI	Run tests	2026-03-17T02:41:37.5211694Z INFO:app.scheduler.services.notification_creation:Created overdue notification for invoice INV-2282 (231 days overdue)
Backend CI	Run tests	2026-03-17T02:41:37.5212025Z INFO:app.scheduler.services.notification_creation:Created overdue notification for invoice INV-7977 (158 days overdue)
Backend CI	Run tests	2026-03-17T02:41:37.5212362Z INFO:app.scheduler.services.notification_creation:Created overdue notification for invoice INV-1774 (47 days overdue)
Backend CI	Run tests	2026-03-17T02:41:37.5212815Z INFO:app.scheduler.services.notification_creation:Created overdue notification for invoice INV-8642 (226 days overdue)
Backend CI	Run tests	2026-03-17T02:41:37.5213153Z INFO:app.scheduler.services.notification_creation:Created overdue notification for invoice INV-8458 (102 days overdue)
Backend CI	Run tests	2026-03-17T02:41:37.5213554Z INFO:app.scheduler.services.notification_creation:Created overdue notification for invoice INV-8081 (132 days overdue)
Backend CI	Run tests	2026-03-17T02:41:37.5213886Z INFO:app.scheduler.services.notification_creation:Created overdue notification for invoice INV-2429 (359 days overdue)
Backend CI	Run tests	2026-03-17T02:41:37.5214227Z INFO:app.scheduler.services.notification_creation:Created overdue notification for invoice INV-6828 (188 days overdue)
Backend CI	Run tests	2026-03-17T02:41:37.5214557Z INFO:app.scheduler.services.notification_creation:Created overdue notification for invoice INV-2999 (161 days overdue)
Backend CI	Run tests	2026-03-17T02:41:37.5214889Z INFO:app.scheduler.services.notification_creation:Created overdue notification for invoice INV-5305 (305 days overdue)
Backend CI	Run tests	2026-03-17T02:41:37.5215226Z INFO:app.scheduler.services.notification_creation:Created overdue notification for invoice INV-7499 (233 days overdue)
Backend CI	Run tests	2026-03-17T02:41:37.5215557Z INFO:app.scheduler.services.notification_creation:Created overdue notification for invoice INV-9504 (335 days overdue)
Backend CI	Run tests	2026-03-17T02:41:37.5215893Z INFO:app.scheduler.services.notification_creation:Created overdue notification for invoice INV-4780 (286 days overdue)
Backend CI	Run tests	2026-03-17T02:41:37.5216222Z INFO:app.scheduler.services.notification_creation:Created overdue notification for invoice INV-6795 (37 days overdue)
Backend CI	Run tests	2026-03-17T02:41:37.5216650Z INFO:app.scheduler.services.notification_creation:Created overdue notification for invoice INV-9469 (48 days overdue)
Backend CI	Run tests	2026-03-17T02:41:37.5216982Z INFO:app.scheduler.services.notification_creation:Created overdue notification for invoice INV-3850 (204 days overdue)
Backend CI	Run tests	2026-03-17T02:41:37.5217312Z INFO:app.scheduler.services.notification_creation:Created overdue notification for invoice INV-7013 (325 days overdue)
Backend CI	Run tests	2026-03-17T02:41:37.5217652Z INFO:app.scheduler.services.notification_creation:Created overdue notification for invoice INV-2198 (127 days overdue)
Backend CI	Run tests	2026-03-17T02:41:37.5217984Z INFO:app.scheduler.services.notification_creation:Created overdue notification for invoice INV-3695 (243 days overdue)
Backend CI	Run tests	2026-03-17T02:41:37.5218314Z INFO:app.scheduler.services.notification_creation:Created overdue notification for invoice INV-9873 (176 days overdue)
Backend CI	Run tests	2026-03-17T02:41:37.5218646Z INFO:app.scheduler.services.notification_creation:Created overdue notification for invoice INV-3032 (242 days overdue)
Backend CI	Run tests	2026-03-17T02:41:37.5218977Z INFO:app.scheduler.services.notification_creation:Created overdue notification for invoice INV-6414 (212 days overdue)
Backend CI	Run tests	2026-03-17T02:41:37.5219309Z INFO:app.scheduler.services.notification_creation:Created overdue notification for invoice INV-7441 (86 days overdue)
Backend CI	Run tests	2026-03-17T02:41:37.5219693Z INFO:app.scheduler.services.notification_creation:Created overdue notification for invoice INV-2956 (166 days overdue)
Backend CI	Run tests	2026-03-17T02:41:37.5220021Z INFO:app.scheduler.services.notification_creation:Created overdue notification for invoice INV-1001 (361 days overdue)
Backend CI	Run tests	2026-03-17T02:41:37.5220357Z INFO:app.scheduler.services.notification_creation:Created overdue notification for invoice INV-7946 (339 days overdue)
Backend CI	Run tests	2026-03-17T02:41:37.5220687Z INFO:app.scheduler.services.notification_creation:Created overdue notification for invoice INV-2932 (298 days overdue)
Backend CI	Run tests	2026-03-17T02:41:37.5221022Z INFO:app.scheduler.services.notification_creation:Created overdue notification for invoice INV-7663 (271 days overdue)
Backend CI	Run tests	2026-03-17T02:41:37.5221347Z INFO:app.scheduler.services.notification_creation:Created overdue notification for invoice INV-5920 (12 days overdue)
Backend CI	Run tests	2026-03-17T02:41:37.5221673Z INFO:app.scheduler.services.notification_creation:Created overdue notification for invoice INV-6654 (21 days overdue)
Backend CI	Run tests	2026-03-17T02:41:37.5222012Z INFO:app.scheduler.services.notification_creation:Created overdue notification for invoice INV-4831 (365 days overdue)
Backend CI	Run tests	2026-03-17T02:41:37.5222339Z INFO:app.scheduler.services.notification_creation:Created overdue notification for invoice INV-9999 (211 days overdue)
Backend CI	Run tests	2026-03-17T02:41:37.5222819Z INFO:app.scheduler.services.notification_creation:Created overdue notification for invoice INV-9657 (146 days overdue)
Backend CI	Run tests	2026-03-17T02:41:37.5223155Z INFO:app.scheduler.services.notification_creation:Created overdue notification for invoice INV-9712 (127 days overdue)
Backend CI	Run tests	2026-03-17T02:41:37.5223491Z INFO:app.scheduler.services.notification_creation:Created overdue notification for invoice INV-5459 (164 days overdue)
Backend CI	Run tests	2026-03-17T02:41:37.5223825Z INFO:app.scheduler.services.notification_creation:Created overdue notification for invoice INV-3056 (288 days overdue)
Backend CI	Run tests	2026-03-17T02:41:37.5224153Z INFO:app.scheduler.services.notification_creation:Created overdue notification for invoice INV-8503 (350 days overdue)
Backend CI	Run tests	2026-03-17T02:41:37.5224485Z INFO:app.scheduler.services.notification_creation:Created overdue notification for invoice INV-4175 (21 days overdue)
Backend CI	Run tests	2026-03-17T02:41:37.5224817Z INFO:app.scheduler.services.notification_creation:Created overdue notification for invoice INV-9661 (104 days overdue)
Backend CI	Run tests	2026-03-17T02:41:37.5225151Z INFO:app.scheduler.services.notification_creation:Created overdue notification for invoice INV-3991 (200 days overdue)
Backend CI	Run tests	2026-03-17T02:41:37.5225481Z INFO:app.scheduler.services.notification_creation:Created overdue notification for invoice INV-1000 (22 days overdue)
Backend CI	Run tests	2026-03-17T02:41:37.5225921Z INFO:app.scheduler.services.notification_creation:Created overdue notification for invoice INV-9709 (256 days overdue)
Backend CI	Run tests	2026-03-17T02:41:37.5226251Z INFO:app.scheduler.services.notification_creation:Created overdue notification for invoice INV-5536 (44 days overdue)
Backend CI	Run tests	2026-03-17T02:41:37.5226581Z INFO:app.scheduler.services.notification_creation:Created overdue notification for invoice INV-8151 (134 days overdue)
Backend CI	Run tests	2026-03-17T02:41:37.5226911Z INFO:app.scheduler.services.notification_creation:Created overdue notification for invoice INV-8573 (292 days overdue)
Backend CI	Run tests	2026-03-17T02:41:37.5227247Z INFO:app.scheduler.services.notification_creation:Created overdue notification for invoice INV-8987 (342 days overdue)
Backend CI	Run tests	2026-03-17T02:41:37.5227577Z INFO:app.scheduler.services.notification_creation:Created overdue notification for invoice INV-5827 (360 days overdue)
Backend CI	Run tests	2026-03-17T02:41:37.5227910Z INFO:app.scheduler.services.notification_creation:Created overdue notification for invoice INV-4951 (248 days overdue)
Backend CI	Run tests	2026-03-17T02:41:37.5228243Z INFO:app.scheduler.services.notification_creation:Created overdue notification for invoice INV-3680 (292 days overdue)
Backend CI	Run tests	2026-03-17T02:41:37.5228576Z INFO:app.scheduler.services.notification_creation:Created overdue notification for invoice INV-9816 (199 days overdue)
Backend CI	Run tests	2026-03-17T02:41:37.5228967Z INFO:app.scheduler.services.notification_creation:Created overdue notification for invoice INV-5346 (167 days overdue)
Backend CI	Run tests	2026-03-17T02:41:37.5229290Z INFO:app.scheduler.services.notification_creation:Created overdue notification for invoice INV-9631 (71 days overdue)
Backend CI	Run tests	2026-03-17T02:41:37.5229622Z INFO:app.scheduler.services.notification_creation:Created overdue notification for invoice INV-9631 (129 days overdue)
Backend CI	Run tests	2026-03-17T02:41:37.5229951Z INFO:app.scheduler.services.notification_creation:Created overdue notification for invoice INV-4037 (30 days overdue)
Backend CI	Run tests	2026-03-17T02:41:37.5230280Z INFO:app.scheduler.services.notification_creation:Created overdue notification for invoice INV-2090 (58 days overdue)
Backend CI	Run tests	2026-03-17T02:41:37.5230612Z INFO:app.scheduler.services.notification_creation:Created overdue notification for invoice INV-1711 (98 days overdue)
Backend CI	Run tests	2026-03-17T02:41:37.5230943Z INFO:app.scheduler.services.notification_creation:Created overdue notification for invoice INV-9528 (165 days overdue)
Backend CI	Run tests	2026-03-17T02:41:37.5231277Z INFO:app.scheduler.services.notification_creation:Created overdue notification for invoice INV-6557 (22 days overdue)
Backend CI	Run tests	2026-03-17T02:41:37.5231621Z INFO:app.scheduler.services.notification_creation:Created overdue notification for invoice INV-5294 (8 days overdue)
Backend CI	Run tests	2026-03-17T02:41:37.5231954Z INFO:app.scheduler.services.notification_creation:Created overdue notification for invoice INV-5185 (98 days overdue)
Backend CI	Run tests	2026-03-17T02:41:37.5232339Z INFO:app.scheduler.services.notification_creation:Created overdue notification for invoice INV-1000 (338 days overdue)
Backend CI	Run tests	2026-03-17T02:41:37.5232792Z INFO:app.scheduler.services.notification_creation:Created overdue notification for invoice INV-8633 (11 days overdue)
Backend CI	Run tests	2026-03-17T02:41:37.5233149Z INFO:app.scheduler.services.notification_creation:Created overdue notification for invoice INV-7761 (336 days overdue)
Backend CI	Run tests	2026-03-17T02:41:37.5233482Z INFO:app.scheduler.services.notification_creation:Created overdue notification for invoice INV-7549 (216 days overdue)
Backend CI	Run tests	2026-03-17T02:41:37.5233817Z INFO:app.scheduler.services.notification_creation:Created overdue notification for invoice INV-5147 (30 days overdue)
Backend CI	Run tests	2026-03-17T02:41:37.5234147Z INFO:app.scheduler.services.notification_creation:Created overdue notification for invoice INV-8806 (326 days overdue)
Backend CI	Run tests	2026-03-17T02:41:37.5234477Z INFO:app.scheduler.services.notification_creation:Created overdue notification for invoice INV-7724 (147 days overdue)
Backend CI	Run tests	2026-03-17T02:41:37.5234816Z INFO:app.scheduler.services.notification_creation:Created overdue notification for invoice INV-1000 (175 days overdue)
Backend CI	Run tests	2026-03-17T02:41:37.5235142Z INFO:app.scheduler.services.notification_creation:Created overdue notification for invoice INV-2162 (193 days overdue)
Backend CI	Run tests	2026-03-17T02:41:37.5235627Z INFO:app.scheduler.services.notification_creation:Created overdue notification for invoice INV-8899 (290 days overdue)
Backend CI	Run tests	2026-03-17T02:41:37.5235953Z INFO:app.scheduler.services.notification_creation:Created overdue notification for invoice INV-4346 (39 days overdue)
Backend CI	Run tests	2026-03-17T02:41:37.5236285Z INFO:app.scheduler.services.notification_creation:Created overdue notification for invoice INV-4926 (159 days overdue)
Backend CI	Run tests	2026-03-17T02:41:37.5236621Z INFO:app.scheduler.services.notification_creation:Created overdue notification for invoice INV-3058 (126 days overdue)
Backend CI	Run tests	2026-03-17T02:41:37.5236954Z INFO:app.scheduler.services.notification_creation:Created overdue notification for invoice INV-6644 (283 days overdue)
Backend CI	Run tests	2026-03-17T02:41:37.5237291Z INFO:app.scheduler.services.notification_creation:Created overdue notification for invoice INV-6624 (250 days overdue)
Backend CI	Run tests	2026-03-17T02:41:37.5237621Z INFO:app.scheduler.services.notification_creation:Created overdue notification for invoice INV-1133 (237 days overdue)
Backend CI	Run tests	2026-03-17T02:41:37.5237956Z INFO:app.scheduler.services.notification_creation:Created overdue notification for invoice INV-4393 (329 days overdue)
Backend CI	Run tests	2026-03-17T02:41:37.5238284Z INFO:app.scheduler.services.notification_creation:Created overdue notification for invoice INV-4406 (63 days overdue)
Backend CI	Run tests	2026-03-17T02:41:37.5238672Z INFO:app.scheduler.services.notification_creation:Created overdue notification for invoice INV-2595 (283 days overdue)
Backend CI	Run tests	2026-03-17T02:41:37.5239015Z INFO:app.scheduler.services.notification_creation:Created overdue notification for invoice INV-6309 (339 days overdue)
Backend CI	Run tests	2026-03-17T02:41:37.5239339Z INFO:app.scheduler.services.notification_creation:Created overdue notification for invoice INV-1220 (68 days overdue)
Backend CI	Run tests	2026-03-17T02:41:37.5239671Z INFO:app.scheduler.services.notification_creation:Created overdue notification for invoice INV-3729 (118 days overdue)
Backend CI	Run tests	2026-03-17T02:41:37.5240005Z INFO:app.scheduler.services.notification_creation:Created overdue notification for invoice INV-8269 (206 days overdue)
Backend CI	Run tests	2026-03-17T02:41:37.5240332Z INFO:app.scheduler.services.notification_creation:Created overdue notification for invoice INV-7995 (2 days overdue)
Backend CI	Run tests	2026-03-17T02:41:37.5240667Z INFO:app.scheduler.services.notification_creation:Created overdue notification for invoice INV-9999 (195 days overdue)
Backend CI	Run tests	2026-03-17T02:41:37.5240994Z INFO:app.scheduler.services.notification_creation:Created overdue notification for invoice INV-8816 (69 days overdue)
Backend CI	Run tests	2026-03-17T02:41:37.5241323Z INFO:app.scheduler.services.notification_creation:Created overdue notification for invoice INV-1001 (343 days overdue)
Backend CI	Run tests	2026-03-17T02:41:37.5241652Z INFO:app.scheduler.services.notification_creation:Created overdue notification for invoice INV-9331 (44 days overdue)
Backend CI	Run tests	2026-03-17T02:41:37.5242040Z INFO:app.scheduler.services.notification_creation:Created overdue notification for invoice INV-2366 (297 days overdue)
Backend CI	Run tests	2026-03-17T02:41:37.5242374Z INFO:app.scheduler.services.notification_creation:Created overdue notification for invoice INV-6797 (167 days overdue)
Backend CI	Run tests	2026-03-17T02:41:37.5242813Z INFO:app.scheduler.services.notification_creation:Created overdue notification for invoice INV-5349 (206 days overdue)
Backend CI	Run tests	2026-03-17T02:41:37.5243145Z INFO:app.scheduler.services.notification_creation:Created overdue notification for invoice INV-6361 (210 days overdue)
Backend CI	Run tests	2026-03-17T02:41:37.5243482Z INFO:app.scheduler.services.notification_creation:Created overdue notification for invoice INV-3713 (316 days overdue)
Backend CI	Run tests	2026-03-17T02:41:37.5243813Z INFO:app.scheduler.services.notification_creation:Created overdue notification for invoice INV-5810 (294 days overdue)
Backend CI	Run tests	2026-03-17T02:41:37.5244147Z INFO:app.scheduler.services.notification_creation:Created overdue notification for invoice INV-8206 (224 days overdue)
Backend CI	Run tests	2026-03-17T02:41:37.5244482Z INFO:app.scheduler.services.notification_creation:Created overdue notification for invoice INV-9116 (308 days overdue)
Backend CI	Run tests	2026-03-17T02:41:37.5244811Z INFO:app.scheduler.services.notification_creation:Created overdue notification for invoice INV-9499 (173 days overdue)
Backend CI	Run tests	2026-03-17T02:41:37.5245316Z INFO:app.scheduler.services.notification_creation:Created overdue notification for invoice INV-2697 (351 days overdue)
Backend CI	Run tests	2026-03-17T02:41:37.5245647Z INFO:app.scheduler.services.notification_creation:Created overdue notification for invoice INV-4622 (48 days overdue)
Backend CI	Run tests	2026-03-17T02:41:37.5245983Z INFO:app.scheduler.services.notification_creation:Created overdue notification for invoice INV-4328 (145 days overdue)
Backend CI	Run tests	2026-03-17T02:41:37.5246311Z INFO:app.scheduler.services.notification_creation:Created overdue notification for invoice INV-9335 (253 days overdue)
Backend CI	Run tests	2026-03-17T02:41:37.5246734Z INFO:app.scheduler.services.notification_creation:Created overdue notification for invoice INV-2964 (346 days overdue)
Backend CI	Run tests	2026-03-17T02:41:37.5247229Z INFO:app.scheduler.services.notification_creation:Created overdue notification for invoice INV-2126 (38 days overdue)
Backend CI	Run tests	2026-03-17T02:41:37.5247566Z INFO:app.scheduler.services.notification_creation:Created overdue notification for invoice INV-1287 (309 days overdue)
Backend CI	Run tests	2026-03-17T02:41:37.5247910Z INFO:app.scheduler.services.notification_creation:Created overdue notification for invoice INV-1207 (25 days overdue)
Backend CI	Run tests	2026-03-17T02:41:37.5248239Z INFO:app.scheduler.services.notification_creation:Created overdue notification for invoice INV-1321 (195 days overdue)
Backend CI	Run tests	2026-03-17T02:41:37.5248653Z INFO:app.scheduler.services.notification_creation:Created overdue notification for invoice INV-2736 (179 days overdue)
Backend CI	Run tests	2026-03-17T02:41:37.5248979Z INFO:app.scheduler.services.notification_creation:Created overdue notification for invoice INV-8751 (49 days overdue)
Backend CI	Run tests	2026-03-17T02:41:37.5249303Z INFO:app.scheduler.services.notification_creation:Created overdue notification for invoice INV-5126 (9 days overdue)
Backend CI	Run tests	2026-03-17T02:41:37.5249638Z INFO:app.scheduler.services.notification_creation:Created overdue notification for invoice INV-6030 (68 days overdue)
Backend CI	Run tests	2026-03-17T02:41:37.5249965Z INFO:app.scheduler.services.notification_creation:Created overdue notification for invoice INV-1001 (341 days overdue)
Backend CI	Run tests	2026-03-17T02:41:37.5250299Z INFO:app.scheduler.services.notification_creation:Created overdue notification for invoice INV-8554 (92 days overdue)
Backend CI	Run tests	2026-03-17T02:41:37.5250629Z INFO:app.scheduler.services.notification_creation:Created overdue notification for invoice INV-5783 (364 days overdue)
Backend CI	Run tests	2026-03-17T02:41:37.5250965Z INFO:app.scheduler.services.notification_creation:Created overdue notification for invoice INV-2977 (248 days overdue)
Backend CI	Run tests	2026-03-17T02:41:37.5251301Z INFO:app.scheduler.services.notification_creation:Created overdue notification for invoice INV-1331 (292 days overdue)
Backend CI	Run tests	2026-03-17T02:41:37.5251690Z INFO:app.scheduler.services.notification_creation:Created overdue notification for invoice INV-4099 (284 days overdue)
Backend CI	Run tests	2026-03-17T02:41:37.5252024Z INFO:app.scheduler.services.notification_creation:Created overdue notification for invoice INV-4339 (79 days overdue)
Backend CI	Run tests	2026-03-17T02:41:37.5252356Z INFO:app.scheduler.services.notification_creation:Created overdue notification for invoice INV-2787 (222 days overdue)
Backend CI	Run tests	2026-03-17T02:41:37.5252809Z INFO:app.scheduler.services.notification_creation:Created overdue notification for invoice INV-1711 (365 days overdue)
Backend CI	Run tests	2026-03-17T02:41:37.5253148Z INFO:app.scheduler.services.notification_creation:Created overdue notification for invoice INV-3100 (310 days overdue)
Backend CI	Run tests	2026-03-17T02:41:37.5253486Z INFO:app.scheduler.services.notification_creation:Created overdue notification for invoice INV-3168 (278 days overdue)
Backend CI	Run tests	2026-03-17T02:41:37.5253826Z INFO:app.scheduler.services.notification_creation:Created overdue notification for invoice INV-1531 (1 days overdue)
Backend CI	Run tests	2026-03-17T02:41:37.5254167Z INFO:app.scheduler.services.notification_creation:Created overdue notification for invoice INV-1828 (82 days overdue)
Backend CI	Run tests	2026-03-17T02:41:37.5254503Z INFO:app.scheduler.services.notification_creation:Created overdue notification for invoice INV-8849 (173 days overdue)
Backend CI	Run tests	2026-03-17T02:41:37.5254843Z INFO:app.scheduler.services.notification_creation:Created overdue notification for invoice INV-3918 (145 days overdue)
Backend CI	Run tests	2026-03-17T02:41:37.5255294Z INFO:app.scheduler.services.notification_creation:Created overdue notification for invoice INV-7204 (292 days overdue)
Backend CI	Run tests	2026-03-17T02:41:37.5255630Z INFO:app.scheduler.services.notification_creation:Created overdue notification for invoice INV-1409 (266 days overdue)
Backend CI	Run tests	2026-03-17T02:41:37.5255965Z INFO:app.scheduler.services.notification_creation:Created overdue notification for invoice INV-3297 (337 days overdue)
Backend CI	Run tests	2026-03-17T02:41:37.5256289Z INFO:app.scheduler.services.notification_creation:Created overdue notification for invoice INV-2371 (86 days overdue)
Backend CI	Run tests	2026-03-17T02:41:37.5256628Z INFO:app.scheduler.services.notification_creation:Created overdue notification for invoice INV-3994 (101 days overdue)
Backend CI	Run tests	2026-03-17T02:41:37.5256957Z INFO:app.scheduler.services.notification_creation:Created overdue notification for invoice INV-6159 (118 days overdue)
Backend CI	Run tests	2026-03-17T02:41:37.5257297Z INFO:app.scheduler.services.notification_creation:Created overdue notification for invoice INV-7348 (136 days overdue)
Backend CI	Run tests	2026-03-17T02:41:37.5257630Z INFO:app.scheduler.services.notification_creation:Created overdue notification for invoice INV-3021 (315 days overdue)
Backend CI	Run tests	2026-03-17T02:41:37.5257955Z INFO:app.scheduler.services.notification_creation:Created overdue notification for invoice INV-9171 (1 days overdue)
Backend CI	Run tests	2026-03-17T02:41:37.5258348Z INFO:app.scheduler.services.notification_creation:Created overdue notification for invoice INV-4175 (150 days overdue)
Backend CI	Run tests	2026-03-17T02:41:37.5258679Z INFO:app.scheduler.services.notification_creation:Created overdue notification for invoice INV-4088 (252 days overdue)
Backend CI	Run tests	2026-03-17T02:41:37.5259017Z INFO:app.scheduler.services.notification_creation:Created overdue notification for invoice INV-5213 (360 days overdue)
Backend CI	Run tests	2026-03-17T02:41:37.5259346Z INFO:app.scheduler.services.notification_creation:Created overdue notification for invoice INV-4646 (106 days overdue)
Backend CI	Run tests	2026-03-17T02:41:37.5259682Z INFO:app.scheduler.services.notification_creation:Created overdue notification for invoice INV-7683 (365 days overdue)
Backend CI	Run tests	2026-03-17T02:41:37.5260018Z INFO:app.scheduler.services.notification_creation:Created overdue notification for invoice INV-8877 (100 days overdue)
Backend CI	Run tests	2026-03-17T02:41:37.5260343Z INFO:app.scheduler.services.notification_creation:Created overdue notification for invoice INV-3597 (57 days overdue)
Backend CI	Run tests	2026-03-17T02:41:37.5260681Z INFO:app.scheduler.services.notification_creation:Created overdue notification for invoice INV-2271 (179 days overdue)
Backend CI	Run tests	2026-03-17T02:41:37.5261010Z INFO:app.scheduler.services.notification_creation:Created overdue notification for invoice INV-1822 (164 days overdue)
Backend CI	Run tests	2026-03-17T02:41:37.5261396Z INFO:app.scheduler.services.notification_creation:Created overdue notification for invoice INV-3249 (222 days overdue)
Backend CI	Run tests	2026-03-17T02:41:37.5261731Z INFO:app.scheduler.services.notification_creation:Created overdue notification for invoice INV-5673 (323 days overdue)
Backend CI	Run tests	2026-03-17T02:41:37.5262068Z INFO:app.scheduler.services.notification_creation:Created overdue notification for invoice INV-5651 (304 days overdue)
Backend CI	Run tests	2026-03-17T02:41:37.5262405Z INFO:app.scheduler.services.notification_creation:Created overdue notification for invoice INV-6334 (247 days overdue)
Backend CI	Run tests	2026-03-17T02:41:37.5262850Z INFO:app.scheduler.services.notification_creation:Created overdue notification for invoice INV-9478 (332 days overdue)
Backend CI	Run tests	2026-03-17T02:41:37.5263191Z INFO:app.scheduler.services.notification_creation:Created overdue notification for invoice INV-5903 (260 days overdue)
Backend CI	Run tests	2026-03-17T02:41:37.5263530Z INFO:app.scheduler.services.notification_creation:Created overdue notification for invoice INV-4060 (93 days overdue)
Backend CI	Run tests	2026-03-17T02:41:37.5263866Z INFO:app.scheduler.services.notification_creation:Created overdue notification for invoice INV-9288 (141 days overdue)
Backend CI	Run tests	2026-03-17T02:41:37.5264201Z INFO:app.scheduler.services.notification_creation:Created overdue notification for invoice INV-8199 (147 days overdue)
Backend CI	Run tests	2026-03-17T02:41:37.5264663Z INFO:app.scheduler.services.notification_creation:Created overdue notification for invoice INV-1975 (220 days overdue)
Backend CI	Run tests	2026-03-17T02:41:37.5265001Z INFO:app.scheduler.services.notification_creation:Created overdue notification for invoice INV-6493 (342 days overdue)
Backend CI	Run tests	2026-03-17T02:41:37.5265332Z INFO:app.scheduler.services.notification_creation:Created overdue notification for invoice INV-5458 (83 days overdue)
Backend CI	Run tests	2026-03-17T02:41:37.5265664Z INFO:app.scheduler.services.notification_creation:Created overdue notification for invoice INV-8497 (116 days overdue)
Backend CI	Run tests	2026-03-17T02:41:37.5265999Z INFO:app.scheduler.services.notification_creation:Created overdue notification for invoice INV-4715 (119 days overdue)
Backend CI	Run tests	2026-03-17T02:41:37.5266335Z INFO:app.scheduler.services.notification_creation:Created overdue notification for invoice INV-6047 (301 days overdue)
Backend CI	Run tests	2026-03-17T02:41:37.5266669Z INFO:app.scheduler.services.notification_creation:Created overdue notification for invoice INV-8659 (361 days overdue)
Backend CI	Run tests	2026-03-17T02:41:37.5267004Z INFO:app.scheduler.services.notification_creation:Created overdue notification for invoice INV-1326 (189 days overdue)
Backend CI	Run tests	2026-03-17T02:41:37.5267334Z INFO:app.scheduler.services.notification_creation:Created overdue notification for invoice INV-3885 (181 days overdue)
Backend CI	Run tests	2026-03-17T02:41:37.5267725Z INFO:app.scheduler.services.notification_creation:Created overdue notification for invoice INV-8625 (160 days overdue)
Backend CI	Run tests	2026-03-17T02:41:37.5268055Z INFO:app.scheduler.services.notification_creation:Created overdue notification for invoice INV-1538 (287 days overdue)
Backend CI	Run tests	2026-03-17T02:41:37.5268389Z INFO:app.scheduler.services.notification_creation:Created overdue notification for invoice INV-9999 (244 days overdue)
Backend CI	Run tests	2026-03-17T02:41:37.5268723Z INFO:app.scheduler.services.notification_creation:Created overdue notification for invoice INV-4421 (248 days overdue)
Backend CI	Run tests	2026-03-17T02:41:37.5269054Z INFO:app.scheduler.services.notification_creation:Created overdue notification for invoice INV-7428 (328 days overdue)
Backend CI	Run tests	2026-03-17T02:41:37.5269395Z INFO:app.scheduler.services.notification_creation:Created overdue notification for invoice INV-3632 (135 days overdue)
Backend CI	Run tests	2026-03-17T02:41:37.5269725Z INFO:app.scheduler.services.notification_creation:Created overdue notification for invoice INV-1736 (220 days overdue)
Backend CI	Run tests	2026-03-17T02:41:37.5270057Z INFO:app.scheduler.services.notification_creation:Created overdue notification for invoice INV-7657 (32 days overdue)
Backend CI	Run tests	2026-03-17T02:41:37.5270385Z INFO:app.scheduler.services.notification_creation:Created overdue notification for invoice INV-9279 (339 days overdue)
Backend CI	Run tests	2026-03-17T02:41:37.5270714Z INFO:app.scheduler.services.notification_creation:Created overdue notification for invoice INV-6823 (190 days overdue)
Backend CI	Run tests	2026-03-17T02:41:37.5271105Z INFO:app.scheduler.services.notification_creation:Created overdue notification for invoice INV-8030 (208 days overdue)
Backend CI	Run tests	2026-03-17T02:41:37.5271434Z INFO:app.scheduler.services.notification_creation:Created overdue notification for invoice INV-5137 (326 days overdue)
Backend CI	Run tests	2026-03-17T02:41:37.5271771Z INFO:app.scheduler.services.notification_creation:Created overdue notification for invoice INV-6490 (23 days overdue)
Backend CI	Run tests	2026-03-17T02:41:37.5272101Z INFO:app.scheduler.services.notification_creation:Created overdue notification for invoice INV-9595 (190 days overdue)
Backend CI	Run tests	2026-03-17T02:41:37.5272437Z INFO:app.scheduler.services.notification_creation:Created overdue notification for invoice INV-7387 (258 days overdue)
Backend CI	Run tests	2026-03-17T02:41:37.5272880Z INFO:app.scheduler.services.notification_creation:Created overdue notification for invoice INV-9521 (6 days overdue)
Backend CI	Run tests	2026-03-17T02:41:37.5273212Z INFO:app.scheduler.services.notification_creation:Created overdue notification for invoice INV-6597 (271 days overdue)
Backend CI	Run tests	2026-03-17T02:41:37.5273550Z INFO:app.scheduler.services.notification_creation:Created overdue notification for invoice INV-1001 (126 days overdue)
Backend CI	Run tests	2026-03-17T02:41:37.5273879Z INFO:app.scheduler.services.notification_creation:Created overdue notification for invoice INV-5146 (330 days overdue)
Backend CI	Run tests	2026-03-17T02:41:37.5274322Z INFO:app.scheduler.services.notification_creation:Created overdue notification for invoice INV-5017 (232 days overdue)
Backend CI	Run tests	2026-03-17T02:41:37.5274656Z INFO:app.scheduler.services.notification_creation:Created overdue notification for invoice INV-1958 (248 days overdue)
Backend CI	Run tests	2026-03-17T02:41:37.5274986Z INFO:app.scheduler.services.notification_creation:Created overdue notification for invoice INV-1374 (1 days overdue)
Backend CI	Run tests	2026-03-17T02:41:37.5275318Z INFO:app.scheduler.services.notification_creation:Created overdue notification for invoice INV-1612 (9 days overdue)
Backend CI	Run tests	2026-03-17T02:41:37.5275648Z INFO:app.scheduler.services.notification_creation:Created overdue notification for invoice INV-1258 (24 days overdue)
Backend CI	Run tests	2026-03-17T02:41:37.5275983Z INFO:app.scheduler.services.notification_creation:Created overdue notification for invoice INV-5179 (115 days overdue)
Backend CI	Run tests	2026-03-17T02:41:37.5276319Z INFO:app.scheduler.services.notification_creation:Created overdue notification for invoice INV-7026 (193 days overdue)
Backend CI	Run tests	2026-03-17T02:41:37.5276650Z INFO:app.scheduler.services.notification_creation:Created overdue notification for invoice INV-1405 (25 days overdue)
Backend CI	Run tests	2026-03-17T02:41:37.5276981Z INFO:app.scheduler.services.notification_creation:Created overdue notification for invoice INV-3925 (24 days overdue)
Backend CI	Run tests	2026-03-17T02:41:37.5277374Z INFO:app.scheduler.services.notification_creation:Created overdue notification for invoice INV-5355 (208 days overdue)
Backend CI	Run tests	2026-03-17T02:41:37.5277704Z INFO:app.scheduler.services.notification_creation:Created overdue notification for invoice INV-4377 (212 days overdue)
Backend CI	Run tests	2026-03-17T02:41:37.5278037Z INFO:app.scheduler.services.notification_creation:Created overdue notification for invoice INV-4532 (17 days overdue)
Backend CI	Run tests	2026-03-17T02:41:37.5278370Z INFO:app.scheduler.services.notification_creation:Created overdue notification for invoice INV-3964 (193 days overdue)
Backend CI	Run tests	2026-03-17T02:41:37.5278702Z INFO:app.scheduler.services.notification_creation:Created overdue notification for invoice INV-7743 (60 days overdue)
Backend CI	Run tests	2026-03-17T02:41:37.5279037Z INFO:app.scheduler.services.notification_creation:Created overdue notification for invoice INV-6394 (341 days overdue)
Backend CI	Run tests	2026-03-17T02:41:37.5279364Z INFO:app.scheduler.services.notification_creation:Created overdue notification for invoice INV-5854 (49 days overdue)
Backend CI	Run tests	2026-03-17T02:41:37.5279703Z INFO:app.scheduler.services.notification_creation:Created overdue notification for invoice INV-4544 (364 days overdue)
Backend CI	Run tests	2026-03-17T02:41:37.5280032Z INFO:app.scheduler.services.notification_creation:Created overdue notification for invoice INV-1031 (36 days overdue)
Backend CI	Run tests	2026-03-17T02:41:37.5280369Z INFO:app.scheduler.services.notification_creation:Created overdue notification for invoice INV-5489 (351 days overdue)
Backend CI	Run tests	2026-03-17T02:41:37.5280751Z INFO:app.scheduler.services.notification_creation:Created overdue notification for invoice INV-3936 (87 days overdue)
Backend CI	Run tests	2026-03-17T02:41:37.5281080Z INFO:app.scheduler.services.notification_creation:Created overdue notification for invoice INV-4302 (330 days overdue)
Backend CI	Run tests	2026-03-17T02:41:37.5281418Z INFO:app.scheduler.services.notification_creation:Created overdue notification for invoice INV-1000 (269 days overdue)
Backend CI	Run tests	2026-03-17T02:41:37.5281741Z INFO:app.scheduler.services.notification_creation:Created overdue notification for invoice INV-8027 (92 days overdue)
Backend CI	Run tests	2026-03-17T02:41:37.5282075Z INFO:app.scheduler.services.notification_creation:Created overdue notification for invoice INV-9647 (277 days overdue)
Backend CI	Run tests	2026-03-17T02:41:37.5282400Z INFO:app.scheduler.services.notification_creation:Created overdue notification for invoice INV-9398 (48 days overdue)
Backend CI	Run tests	2026-03-17T02:41:37.5282833Z INFO:app.scheduler.services.notification_creation:Created overdue notification for invoice INV-2285 (48 days overdue)
Backend CI	Run tests	2026-03-17T02:41:37.5283162Z INFO:app.scheduler.services.notification_creation:Created overdue notification for invoice INV-6769 (84 days overdue)
Backend CI	Run tests	2026-03-17T02:41:37.5283486Z INFO:app.scheduler.services.notification_creation:Created overdue notification for invoice INV-7313 (55 days overdue)
Backend CI	Run tests	2026-03-17T02:41:37.5283930Z INFO:app.scheduler.services.notification_creation:Created overdue notification for invoice INV-6290 (233 days overdue)
Backend CI	Run tests	2026-03-17T02:41:37.5284261Z INFO:app.scheduler.services.notification_creation:Created overdue notification for invoice INV-1332 (194 days overdue)
Backend CI	Run tests	2026-03-17T02:41:37.5284596Z INFO:app.scheduler.services.notification_creation:Created overdue notification for invoice INV-7473 (277 days overdue)
Backend CI	Run tests	2026-03-17T02:41:37.5284925Z INFO:app.scheduler.services.notification_creation:Created overdue notification for invoice INV-4660 (177 days overdue)
Backend CI	Run tests	2026-03-17T02:41:37.5285255Z INFO:app.scheduler.services.notification_creation:Created overdue notification for invoice INV-3863 (160 days overdue)
Backend CI	Run tests	2026-03-17T02:41:37.5285594Z INFO:app.scheduler.services.notification_creation:Created overdue notification for invoice INV-1504 (230 days overdue)
Backend CI	Run tests	2026-03-17T02:41:37.5285921Z INFO:app.scheduler.services.notification_creation:Created overdue notification for invoice INV-9787 (287 days overdue)
Backend CI	Run tests	2026-03-17T02:41:37.5286261Z INFO:app.scheduler.services.notification_creation:Created overdue notification for invoice INV-8065 (328 days overdue)
Backend CI	Run tests	2026-03-17T02:41:37.5286591Z INFO:app.scheduler.services.notification_creation:Created overdue notification for invoice INV-8401 (148 days overdue)
Backend CI	Run tests	2026-03-17T02:41:37.5286978Z INFO:app.scheduler.services.notification_creation:Created overdue notification for invoice INV-5974 (193 days overdue)
Backend CI	Run tests	2026-03-17T02:41:37.5287307Z INFO:app.scheduler.services.notification_creation:Created overdue notification for invoice INV-8505 (91 days overdue)
Backend CI	Run tests	2026-03-17T02:41:37.5287638Z INFO:app.scheduler.services.notification_creation:Created overdue notification for invoice INV-1535 (254 days overdue)
Backend CI	Run tests	2026-03-17T02:41:37.5287974Z INFO:app.scheduler.services.notification_creation:Created overdue notification for invoice INV-4427 (205 days overdue)
Backend CI	Run tests	2026-03-17T02:41:37.5288307Z INFO:app.scheduler.services.notification_creation:Created overdue notification for invoice INV-4793 (241 days overdue)
Backend CI	Run tests	2026-03-17T02:41:37.5288637Z INFO:app.scheduler.services.notification_creation:Created overdue notification for invoice INV-7179 (87 days overdue)
Backend CI	Run tests	2026-03-17T02:41:37.5288966Z INFO:app.scheduler.services.notification_creation:Created overdue notification for invoice INV-3313 (4 days overdue)
Backend CI	Run tests	2026-03-17T02:41:37.5289302Z INFO:app.scheduler.services.notification_creation:Created overdue notification for invoice INV-1929 (365 days overdue)
Backend CI	Run tests	2026-03-17T02:41:37.5289635Z INFO:app.scheduler.services.notification_creation:Created overdue notification for invoice INV-8226 (201 days overdue)
Backend CI	Run tests	2026-03-17T02:41:37.5290020Z INFO:app.scheduler.services.notification_creation:Created overdue notification for invoice INV-2364 (307 days overdue)
Backend CI	Run tests	2026-03-17T02:41:37.5290353Z INFO:app.scheduler.services.notification_creation:Created overdue notification for invoice INV-4444 (122 days overdue)
Backend CI	Run tests	2026-03-17T02:41:37.5290684Z INFO:app.scheduler.services.notification_creation:Created overdue notification for invoice INV-8677 (65 days overdue)
Backend CI	Run tests	2026-03-17T02:41:37.5291020Z INFO:app.scheduler.services.notification_creation:Created overdue notification for invoice INV-7848 (350 days overdue)
Backend CI	Run tests	2026-03-17T02:41:37.5291354Z INFO:app.scheduler.services.notification_creation:Created overdue notification for invoice INV-9776 (163 days overdue)
Backend CI	Run tests	2026-03-17T02:41:37.5291685Z INFO:app.scheduler.services.notification_creation:Created overdue notification for invoice INV-1850 (364 days overdue)
Backend CI	Run tests	2026-03-17T02:41:37.5292018Z INFO:app.scheduler.services.notification_creation:Created overdue notification for invoice INV-1497 (120 days overdue)
Backend CI	Run tests	2026-03-17T02:41:37.5292356Z INFO:app.scheduler.services.notification_creation:Created overdue notification for invoice INV-5599 (148 days overdue)
Backend CI	Run tests	2026-03-17T02:41:37.5292790Z INFO:app.scheduler.services.notification_creation:Created overdue notification for invoice INV-2519 (288 days overdue)
Backend CI	Run tests	2026-03-17T02:41:37.5293238Z INFO:app.scheduler.services.notification_creation:Created overdue notification for invoice INV-7658 (70 days overdue)
Backend CI	Run tests	2026-03-17T02:41:37.5293571Z INFO:app.scheduler.services.notification_creation:Created overdue notification for invoice INV-9667 (128 days overdue)
Backend CI	Run tests	2026-03-17T02:41:37.5293909Z INFO:app.scheduler.services.notification_creation:Created overdue notification for invoice INV-1000 (102 days overdue)
Backend CI	Run tests	2026-03-17T02:41:37.5294247Z INFO:app.scheduler.services.notification_creation:Created overdue notification for invoice INV-9948 (254 days overdue)
Backend CI	Run tests	2026-03-17T02:41:37.5294578Z INFO:app.scheduler.services.notification_creation:Created overdue notification for invoice INV-4828 (173 days overdue)
Backend CI	Run tests	2026-03-17T02:41:37.5294917Z INFO:app.scheduler.services.notification_creation:Created overdue notification for invoice INV-1861 (206 days overdue)
Backend CI	Run tests	2026-03-17T02:41:37.5295247Z INFO:app.scheduler.services.notification_creation:Created overdue notification for invoice INV-3013 (213 days overdue)
Backend CI	Run tests	2026-03-17T02:41:37.5295581Z INFO:app.scheduler.services.notification_creation:Created overdue notification for invoice INV-1383 (320 days overdue)
Backend CI	Run tests	2026-03-17T02:41:37.5295914Z INFO:app.scheduler.services.notification_creation:Created overdue notification for invoice INV-7115 (234 days overdue)
Backend CI	Run tests	2026-03-17T02:41:37.5296243Z INFO:app.scheduler.services.notification_creation:Created overdue notification for invoice INV-1459 (152 days overdue)
Backend CI	Run tests	2026-03-17T02:41:37.5296637Z INFO:app.scheduler.services.notification_creation:Created overdue notification for invoice INV-7549 (322 days overdue)
Backend CI	Run tests	2026-03-17T02:41:37.5296969Z INFO:app.scheduler.services.notification_creation:Created overdue notification for invoice INV-6901 (213 days overdue)
Backend CI	Run tests	2026-03-17T02:41:37.5297298Z INFO:app.scheduler.services.notification_creation:Created overdue notification for invoice INV-6766 (286 days overdue)
Backend CI	Run tests	2026-03-17T02:41:37.5297628Z INFO:app.scheduler.services.notification_creation:Created overdue notification for invoice INV-3104 (48 days overdue)
Backend CI	Run tests	2026-03-17T02:41:37.5297961Z INFO:app.scheduler.services.notification_creation:Created overdue notification for invoice INV-3007 (234 days overdue)
Backend CI	Run tests	2026-03-17T02:41:37.5298291Z INFO:app.scheduler.services.notification_creation:Created overdue notification for invoice INV-3137 (95 days overdue)
Backend CI	Run tests	2026-03-17T02:41:37.5298621Z INFO:app.scheduler.services.notification_creation:Created overdue notification for invoice INV-5514 (91 days overdue)
Backend CI	Run tests	2026-03-17T02:41:37.5298952Z INFO:app.scheduler.services.notification_creation:Created overdue notification for invoice INV-2491 (161 days overdue)
Backend CI	Run tests	2026-03-17T02:41:37.5299282Z INFO:app.scheduler.services.notification_creation:Created overdue notification for invoice INV-8713 (92 days overdue)
Backend CI	Run tests	2026-03-17T02:41:37.5299716Z INFO:app.scheduler.services.notification_creation:Created overdue notification for invoice INV-7124 (112 days overdue)
Backend CI	Run tests	2026-03-17T02:41:37.5300050Z INFO:app.scheduler.services.notification_creation:Created overdue notification for invoice INV-7544 (176 days overdue)
Backend CI	Run tests	2026-03-17T02:41:37.5300381Z INFO:app.scheduler.services.notification_creation:Created overdue notification for invoice INV-9760 (33 days overdue)
Backend CI	Run tests	2026-03-17T02:41:37.5300716Z INFO:app.scheduler.services.notification_creation:Created overdue notification for invoice INV-3547 (181 days overdue)
Backend CI	Run tests	2026-03-17T02:41:37.5301043Z INFO:app.scheduler.services.notification_creation:Created overdue notification for invoice INV-9834 (96 days overdue)
Backend CI	Run tests	2026-03-17T02:41:37.5301561Z INFO:app.scheduler.services.notification_creation:Created overdue notification for invoice INV-5831 (193 days overdue)
Backend CI	Run tests	2026-03-17T02:41:37.5301929Z INFO:app.scheduler.services.notification_creation:Created overdue notification for invoice INV-6104 (299 days overdue)
Backend CI	Run tests	2026-03-17T02:41:37.5302271Z INFO:app.scheduler.services.notification_creation:Created overdue notification for invoice INV-8844 (15 days overdue)
Backend CI	Run tests	2026-03-17T02:41:37.5302608Z INFO:app.scheduler.services.notification_creation:Created overdue notification for invoice INV-9065 (237 days overdue)
Backend CI	Run tests	2026-03-17T02:41:37.5303296Z INFO:app.scheduler.services.notification_creation:Created overdue notification for invoice INV-7358 (68 days overdue)
Backend CI	Run tests	2026-03-17T02:41:37.5303645Z INFO:app.scheduler.services.notification_creation:Created overdue notification for invoice INV-6598 (159 days overdue)
Backend CI	Run tests	2026-03-17T02:41:37.5303990Z INFO:app.scheduler.services.notification_creation:Created overdue notification for invoice INV-1001 (109 days overdue)
Backend CI	Run tests	2026-03-17T02:41:37.5304320Z INFO:app.scheduler.services.notification_creation:Created overdue notification for invoice INV-7767 (328 days overdue)
Backend CI	Run tests	2026-03-17T02:41:37.5304655Z INFO:app.scheduler.services.notification_creation:Created overdue notification for invoice INV-9999 (365 days overdue)
Backend CI	Run tests	2026-03-17T02:41:37.5304989Z INFO:app.scheduler.services.notification_creation:Created overdue notification for invoice INV-2839 (142 days overdue)
Backend CI	Run tests	2026-03-17T02:41:37.5305321Z INFO:app.scheduler.services.notification_creation:Created overdue notification for invoice INV-5895 (266 days overdue)
Backend CI	Run tests	2026-03-17T02:41:37.5305660Z INFO:app.scheduler.services.notification_creation:Created overdue notification for invoice INV-6701 (243 days overdue)
Backend CI	Run tests	2026-03-17T02:41:37.5305991Z INFO:app.scheduler.services.notification_creation:Created overdue notification for invoice INV-7736 (364 days overdue)
Backend CI	Run tests	2026-03-17T02:41:37.5306397Z INFO:app.scheduler.services.notification_creation:Created overdue notification for invoice INV-6553 (148 days overdue)
Backend CI	Run tests	2026-03-17T02:41:37.5306727Z INFO:app.scheduler.services.notification_creation:Created overdue notification for invoice INV-5516 (93 days overdue)
Backend CI	Run tests	2026-03-17T02:41:37.5307052Z INFO:app.scheduler.services.notification_creation:Created overdue notification for invoice INV-3907 (55 days overdue)
Backend CI	Run tests	2026-03-17T02:41:37.5307389Z INFO:app.scheduler.services.notification_creation:Created overdue notification for invoice INV-1100 (364 days overdue)
Backend CI	Run tests	2026-03-17T02:41:37.5307722Z INFO:app.scheduler.services.notification_creation:Created overdue notification for invoice INV-6010 (136 days overdue)
Backend CI	Run tests	2026-03-17T02:41:37.5308063Z INFO:app.scheduler.services.notification_creation:Created overdue notification for invoice INV-5296 (336 days overdue)
Backend CI	Run tests	2026-03-17T02:41:37.5308387Z INFO:app.scheduler.services.notification_creation:Created overdue notification for invoice INV-6817 (68 days overdue)
Backend CI	Run tests	2026-03-17T02:41:37.5308723Z INFO:app.scheduler.services.notification_creation:Created overdue notification for invoice INV-3873 (311 days overdue)
Backend CI	Run tests	2026-03-17T02:41:37.5309058Z INFO:app.scheduler.services.notification_creation:Created overdue notification for invoice INV-3561 (51 days overdue)
Backend CI	Run tests	2026-03-17T02:41:37.5309389Z INFO:app.scheduler.services.notification_creation:Created overdue notification for invoice INV-5161 (360 days overdue)
Backend CI	Run tests	2026-03-17T02:41:37.5309781Z INFO:app.scheduler.services.notification_creation:Created overdue notification for invoice INV-3328 (262 days overdue)
Backend CI	Run tests	2026-03-17T02:41:37.5310112Z INFO:app.scheduler.services.notification_creation:Created overdue notification for invoice INV-3688 (183 days overdue)
Backend CI	Run tests	2026-03-17T02:41:37.5310447Z INFO:app.scheduler.services.notification_creation:Created overdue notification for invoice INV-2352 (329 days overdue)
Backend CI	Run tests	2026-03-17T02:41:37.5310781Z INFO:app.scheduler.services.notification_creation:Created overdue notification for invoice INV-3606 (171 days overdue)
Backend CI	Run tests	2026-03-17T02:41:37.5311118Z INFO:app.scheduler.services.notification_creation:Created overdue notification for invoice INV-8472 (365 days overdue)
Backend CI	Run tests	2026-03-17T02:41:37.5311454Z INFO:app.scheduler.services.notification_creation:Created overdue notification for invoice INV-3703 (211 days overdue)
Backend CI	Run tests	2026-03-17T02:41:37.5311784Z INFO:app.scheduler.services.notification_creation:Created overdue notification for invoice INV-9999 (172 days overdue)
Backend CI	Run tests	2026-03-17T02:41:37.5312113Z INFO:app.scheduler.services.notification_creation:Created overdue notification for invoice INV-9928 (74 days overdue)
Backend CI	Run tests	2026-03-17T02:41:37.5312449Z INFO:app.scheduler.services.notification_creation:Created overdue notification for invoice INV-5699 (256 days overdue)
Backend CI	Run tests	2026-03-17T02:41:37.5312998Z INFO:app.scheduler.services.notification_creation:Created overdue notification for invoice INV-1733 (130 days overdue)
Backend CI	Run tests	2026-03-17T02:41:37.5313340Z INFO:app.scheduler.services.notification_creation:Created overdue notification for invoice INV-7006 (258 days overdue)
Backend CI	Run tests	2026-03-17T02:41:37.5313669Z INFO:app.scheduler.services.notification_creation:Created overdue notification for invoice INV-4533 (24 days overdue)
Backend CI	Run tests	2026-03-17T02:41:37.5314000Z INFO:app.scheduler.services.notification_creation:Created overdue notification for invoice INV-9806 (193 days overdue)
Backend CI	Run tests	2026-03-17T02:41:37.5314332Z INFO:app.scheduler.services.notification_creation:Created overdue notification for invoice INV-6285 (73 days overdue)
Backend CI	Run tests	2026-03-17T02:41:37.5314661Z INFO:app.scheduler.services.notification_creation:Created overdue notification for invoice INV-8002 (47 days overdue)
Backend CI	Run tests	2026-03-17T02:41:37.5315001Z INFO:app.scheduler.services.notification_creation:Created overdue notification for invoice INV-2502 (183 days overdue)
Backend CI	Run tests	2026-03-17T02:41:37.5315335Z INFO:app.scheduler.services.notification_creation:Created overdue notification for invoice INV-9818 (7 days overdue)
Backend CI	Run tests	2026-03-17T02:41:37.5315666Z INFO:app.scheduler.services.notification_creation:Created overdue notification for invoice INV-6736 (319 days overdue)
Backend CI	Run tests	2026-03-17T02:41:37.5316065Z INFO:app.scheduler.services.notification_creation:Created overdue notification for invoice INV-2702 (172 days overdue)
Backend CI	Run tests	2026-03-17T02:41:37.5316390Z INFO:app.scheduler.services.notification_creation:Created overdue notification for invoice INV-7937 (60 days overdue)
Backend CI	Run tests	2026-03-17T02:41:37.5316724Z INFO:app.scheduler.services.notification_creation:Created overdue notification for invoice INV-7582 (327 days overdue)
Backend CI	Run tests	2026-03-17T02:41:37.5317052Z INFO:app.scheduler.services.notification_creation:Created overdue notification for invoice INV-8143 (61 days overdue)
Backend CI	Run tests	2026-03-17T02:41:37.5317385Z INFO:app.scheduler.services.notification_creation:Created overdue notification for invoice INV-2338 (259 days overdue)
Backend CI	Run tests	2026-03-17T02:41:37.5317726Z INFO:app.scheduler.services.notification_creation:Created overdue notification for invoice INV-8179 (338 days overdue)
Backend CI	Run tests	2026-03-17T02:41:37.5318053Z INFO:app.scheduler.services.notification_creation:Created overdue notification for invoice INV-8650 (54 days overdue)
Backend CI	Run tests	2026-03-17T02:41:37.5318387Z INFO:app.scheduler.services.notification_creation:Created overdue notification for invoice INV-1230 (42 days overdue)
Backend CI	Run tests	2026-03-17T02:41:37.5318715Z INFO:app.scheduler.services.notification_creation:Created overdue notification for invoice INV-2372 (326 days overdue)
Backend CI	Run tests	2026-03-17T02:41:37.5319050Z INFO:app.scheduler.services.notification_creation:Created overdue notification for invoice INV-5266 (275 days overdue)
Backend CI	Run tests	2026-03-17T02:41:37.5319477Z INFO:app.scheduler.services.notification_creation:Created overdue notification for invoice INV-9309 (269 days overdue)
Backend CI	Run tests	2026-03-17T02:41:37.5319808Z INFO:app.scheduler.services.notification_creation:Created overdue notification for invoice INV-7973 (364 days overdue)
Backend CI	Run tests	2026-03-17T02:41:37.5320147Z INFO:app.scheduler.services.notification_creation:Created overdue notification for invoice INV-9427 (347 days overdue)
Backend CI	Run tests	2026-03-17T02:41:37.5320477Z INFO:app.scheduler.services.notification_creation:Created overdue notification for invoice INV-2941 (276 days overdue)
Backend CI	Run tests	2026-03-17T02:41:37.5320815Z INFO:app.scheduler.services.notification_creation:Created overdue notification for invoice INV-8924 (300 days overdue)
Backend CI	Run tests	2026-03-17T02:41:37.5321144Z INFO:app.scheduler.services.notification_creation:Created overdue notification for invoice INV-1192 (223 days overdue)
Backend CI	Run tests	2026-03-17T02:41:37.5321470Z INFO:app.scheduler.services.notification_creation:Created overdue notification for invoice INV-2557 (93 days overdue)
Backend CI	Run tests	2026-03-17T02:41:37.5321812Z INFO:app.scheduler.services.notification_creation:Created overdue notification for invoice INV-1811 (331 days overdue)
Backend CI	Run tests	2026-03-17T02:41:37.5322141Z INFO:app.scheduler.services.notification_creation:Created overdue notification for invoice INV-4902 (163 days overdue)
Backend CI	Run tests	2026-03-17T02:41:37.5322578Z INFO:app.scheduler.services.notification_creation:Created overdue notification for invoice INV-3873 (78 days overdue)
Backend CI	Run tests	2026-03-17T02:41:37.5323013Z INFO:app.scheduler.services.notification_creation:Created overdue notification for invoice INV-9098 (66 days overdue)
Backend CI	Run tests	2026-03-17T02:41:37.5323349Z INFO:app.scheduler.services.notification_creation:Created overdue notification for invoice INV-9999 (248 days overdue)
Backend CI	Run tests	2026-03-17T02:41:37.5323682Z INFO:app.scheduler.services.notification_creation:Created overdue notification for invoice INV-7764 (62 days overdue)
Backend CI	Run tests	2026-03-17T02:41:37.5324013Z INFO:app.scheduler.services.notification_creation:Created overdue notification for invoice INV-3877 (27 days overdue)
Backend CI	Run tests	2026-03-17T02:41:37.5324349Z INFO:app.scheduler.services.notification_creation:Created overdue notification for invoice INV-5059 (208 days overdue)
Backend CI	Run tests	2026-03-17T02:41:37.5324677Z INFO:app.scheduler.services.notification_creation:Created overdue notification for invoice INV-4340 (239 days overdue)
Backend CI	Run tests	2026-03-17T02:41:37.5325013Z INFO:app.scheduler.services.notification_creation:Created overdue notification for invoice INV-4745 (174 days overdue)
Backend CI	Run tests	2026-03-17T02:41:37.5325341Z INFO:app.scheduler.services.notification_creation:Created overdue notification for invoice INV-6767 (83 days overdue)
Backend CI	Run tests	2026-03-17T02:41:37.5325731Z INFO:app.scheduler.services.notification_creation:Created overdue notification for invoice INV-4441 (292 days overdue)
Backend CI	Run tests	2026-03-17T02:41:37.5326064Z INFO:app.scheduler.services.notification_creation:Created overdue notification for invoice INV-4085 (31 days overdue)
Backend CI	Run tests	2026-03-17T02:41:37.5326396Z INFO:app.scheduler.services.notification_creation:Created overdue notification for invoice INV-8975 (301 days overdue)
Backend CI	Run tests	2026-03-17T02:41:37.5326723Z INFO:app.scheduler.services.notification_creation:Created overdue notification for invoice INV-8183 (323 days overdue)
Backend CI	Run tests	2026-03-17T02:41:37.5327058Z INFO:app.scheduler.services.notification_creation:Created overdue notification for invoice INV-4943 (365 days overdue)
Backend CI	Run tests	2026-03-17T02:41:37.5327393Z INFO:app.scheduler.services.notification_creation:Created overdue notification for invoice INV-9241 (212 days overdue)
Backend CI	Run tests	2026-03-17T02:41:37.5327727Z INFO:app.scheduler.services.notification_creation:Created overdue notification for invoice INV-5029 (242 days overdue)
Backend CI	Run tests	2026-03-17T02:41:37.5328059Z INFO:app.scheduler.services.notification_creation:Created overdue notification for invoice INV-2428 (322 days overdue)
Backend CI	Run tests	2026-03-17T02:41:37.5328388Z INFO:app.scheduler.services.notification_creation:Created overdue notification for invoice INV-9456 (164 days overdue)
Backend CI	Run tests	2026-03-17T02:41:37.5328778Z INFO:app.scheduler.services.notification_creation:Created overdue notification for invoice INV-4966 (185 days overdue)
Backend CI	Run tests	2026-03-17T02:41:37.5329108Z INFO:app.scheduler.services.notification_creation:Created overdue notification for invoice INV-2190 (156 days overdue)
Backend CI	Run tests	2026-03-17T02:41:37.5329441Z INFO:app.scheduler.services.notification_creation:Created overdue notification for invoice INV-1392 (81 days overdue)
Backend CI	Run tests	2026-03-17T02:41:37.5329769Z INFO:app.scheduler.services.notification_creation:Created overdue notification for invoice INV-5249 (302 days overdue)
Backend CI	Run tests	2026-03-17T02:41:37.5330099Z INFO:app.scheduler.services.notification_creation:Created overdue notification for invoice INV-9179 (164 days overdue)
Backend CI	Run tests	2026-03-17T02:41:37.5330434Z INFO:app.scheduler.services.notification_creation:Created overdue notification for invoice INV-4398 (360 days overdue)
Backend CI	Run tests	2026-03-17T02:41:37.5330764Z INFO:app.scheduler.services.notification_creation:Created overdue notification for invoice INV-7462 (294 days overdue)
Backend CI	Run tests	2026-03-17T02:41:37.5331099Z INFO:app.scheduler.services.notification_creation:Created overdue notification for invoice INV-6153 (19 days overdue)
Backend CI	Run tests	2026-03-17T02:41:37.5331431Z INFO:app.scheduler.services.notification_creation:Created overdue notification for invoice INV-6830 (222 days overdue)
Backend CI	Run tests	2026-03-17T02:41:37.5331863Z INFO:app.scheduler.services.notification_creation:Created overdue notification for invoice INV-2867 (355 days overdue)
Backend CI	Run tests	2026-03-17T02:41:37.5332197Z INFO:app.scheduler.services.notification_creation:Created overdue notification for invoice INV-8401 (59 days overdue)
Backend CI	Run tests	2026-03-17T02:41:37.5332530Z INFO:app.scheduler.services.notification_creation:Created overdue notification for invoice INV-1727 (193 days overdue)
Backend CI	Run tests	2026-03-17T02:41:37.5333000Z INFO:app.scheduler.services.notification_creation:Created overdue notification for invoice INV-7611 (346 days overdue)
Backend CI	Run tests	2026-03-17T02:41:37.5333335Z INFO:app.scheduler.services.notification_creation:Created overdue notification for invoice INV-2986 (312 days overdue)
Backend CI	Run tests	2026-03-17T02:41:37.5333667Z INFO:app.scheduler.services.notification_creation:Created overdue notification for invoice INV-9016 (37 days overdue)
Backend CI	Run tests	2026-03-17T02:41:37.5334002Z INFO:app.scheduler.services.notification_creation:Created overdue notification for invoice INV-1846 (178 days overdue)
Backend CI	Run tests	2026-03-17T02:41:37.5334339Z INFO:app.scheduler.services.notification_creation:Created overdue notification for invoice INV-2735 (339 days overdue)
Backend CI	Run tests	2026-03-17T02:41:37.5334673Z INFO:app.scheduler.services.notification_creation:Created overdue notification for invoice INV-6451 (318 days overdue)
Backend CI	Run tests	2026-03-17T02:41:37.5335066Z INFO:app.scheduler.services.notification_creation:Created overdue notification for invoice INV-3316 (30 days overdue)
Backend CI	Run tests	2026-03-17T02:41:37.5335428Z INFO:app.scheduler.services.notification_creation:Created overdue notification for invoice INV-9558 (268 days overdue)
Backend CI	Run tests	2026-03-17T02:41:37.5335764Z INFO:app.scheduler.services.notification_creation:Created overdue notification for invoice INV-5179 (131 days overdue)
Backend CI	Run tests	2026-03-17T02:41:37.5336092Z INFO:app.scheduler.services.notification_creation:Created overdue notification for invoice INV-4578 (2 days overdue)
Backend CI	Run tests	2026-03-17T02:41:37.5336428Z INFO:app.scheduler.services.notification_creation:Created overdue notification for invoice INV-1146 (240 days overdue)
Backend CI	Run tests	2026-03-17T02:41:37.5336762Z INFO:app.scheduler.services.notification_creation:Created overdue notification for invoice INV-5040 (345 days overdue)
Backend CI	Run tests	2026-03-17T02:41:37.5337096Z INFO:app.scheduler.services.notification_creation:Created overdue notification for invoice INV-6633 (231 days overdue)
Backend CI	Run tests	2026-03-17T02:41:37.5337425Z INFO:app.scheduler.services.notification_creation:Created overdue notification for invoice INV-1633 (86 days overdue)
Backend CI	Run tests	2026-03-17T02:41:37.5337753Z INFO:app.scheduler.services.notification_creation:Created overdue notification for invoice INV-1483 (317 days overdue)
Backend CI	Run tests	2026-03-17T02:41:37.5338087Z INFO:app.scheduler.services.notification_creation:Created overdue notification for invoice INV-9500 (233 days overdue)
Backend CI	Run tests	2026-03-17T02:41:37.5338479Z INFO:app.scheduler.services.notification_creation:Created overdue notification for invoice INV-6214 (331 days overdue)
Backend CI	Run tests	2026-03-17T02:41:37.5338809Z INFO:app.scheduler.services.notification_creation:Created overdue notification for invoice INV-3355 (66 days overdue)
Backend CI	Run tests	2026-03-17T02:41:37.5339143Z INFO:app.scheduler.services.notification_creation:Created overdue notification for invoice INV-8476 (271 days overdue)
Backend CI	Run tests	2026-03-17T02:41:37.5339471Z INFO:app.scheduler.services.notification_creation:Created overdue notification for invoice INV-8536 (120 days overdue)
Backend CI	Run tests	2026-03-17T02:41:37.5339809Z INFO:app.scheduler.services.notification_creation:Created overdue notification for invoice INV-6967 (322 days overdue)
Backend CI	Run tests	2026-03-17T02:41:37.5340136Z INFO:app.scheduler.services.notification_creation:Created overdue notification for invoice INV-1001 (305 days overdue)
Backend CI	Run tests	2026-03-17T02:41:37.5340468Z INFO:app.scheduler.services.notification_creation:Created overdue notification for invoice INV-9999 (47 days overdue)
Backend CI	Run tests	2026-03-17T02:41:37.5340799Z INFO:app.scheduler.services.notification_creation:Created overdue notification for invoice INV-1372 (303 days overdue)
Backend CI	Run tests	2026-03-17T02:41:37.5341129Z INFO:app.scheduler.services.notification_creation:Created overdue notification for invoice INV-7568 (199 days overdue)
Backend CI	Run tests	2026-03-17T02:41:37.5341585Z INFO:app.scheduler.services.notification_creation:Created overdue notification for invoice INV-8693 (91 days overdue)
Backend CI	Run tests	2026-03-17T02:41:37.5341916Z INFO:app.scheduler.services.notification_creation:Created overdue notification for invoice INV-6790 (311 days overdue)
Backend CI	Run tests	2026-03-17T02:41:37.5342254Z INFO:app.scheduler.services.notification_creation:Created overdue notification for invoice INV-1820 (219 days overdue)
Backend CI	Run tests	2026-03-17T02:41:37.5342577Z INFO:app.scheduler.services.notification_creation:Created overdue notification for invoice INV-9966 (1 days overdue)
Backend CI	Run tests	2026-03-17T02:41:37.5343038Z INFO:app.scheduler.services.notification_creation:Created overdue notification for invoice INV-7620 (320 days overdue)
Backend CI	Run tests	2026-03-17T02:41:37.5343388Z INFO:app.scheduler.services.notification_creation:Created overdue notification for invoice INV-1000 (153 days overdue)
Backend CI	Run tests	2026-03-17T02:41:37.5343723Z INFO:app.scheduler.services.notification_creation:Created overdue notification for invoice INV-2252 (140 days overdue)
Backend CI	Run tests	2026-03-17T02:41:37.5344063Z INFO:app.scheduler.services.notification_creation:Created overdue notification for invoice INV-4126 (153 days overdue)
Backend CI	Run tests	2026-03-17T02:41:37.5344395Z INFO:app.scheduler.services.notification_creation:Created overdue notification for invoice INV-8271 (203 days overdue)
Backend CI	Run tests	2026-03-17T02:41:37.5344785Z INFO:app.scheduler.services.notification_creation:Created overdue notification for invoice INV-1817 (1 days overdue)
Backend CI	Run tests	2026-03-17T02:41:37.5345119Z INFO:app.scheduler.services.notification_creation:Created overdue notification for invoice INV-4764 (276 days overdue)
Backend CI	Run tests	2026-03-17T02:41:37.5345450Z INFO:app.scheduler.services.notification_creation:Created overdue notification for invoice INV-4964 (362 days overdue)
Backend CI	Run tests	2026-03-17T02:41:37.5345788Z INFO:app.scheduler.services.notification_creation:Created overdue notification for invoice INV-3146 (255 days overdue)
Backend CI	Run tests	2026-03-17T02:41:37.5346118Z INFO:app.scheduler.services.notification_creation:Created overdue notification for invoice INV-6866 (214 days overdue)
Backend CI	Run tests	2026-03-17T02:41:37.5346451Z INFO:app.scheduler.services.notification_creation:Created overdue notification for invoice INV-4941 (348 days overdue)
Backend CI	Run tests	2026-03-17T02:41:37.5346785Z INFO:app.scheduler.services.notification_creation:Created overdue notification for invoice INV-5523 (277 days overdue)
Backend CI	Run tests	2026-03-17T02:41:37.5347116Z INFO:app.scheduler.services.notification_creation:Created overdue notification for invoice INV-1204 (363 days overdue)
Backend CI	Run tests	2026-03-17T02:41:37.5347445Z INFO:app.scheduler.services.notification_creation:Created overdue notification for invoice INV-3488 (99 days overdue)
Backend CI	Run tests	2026-03-17T02:41:37.5347780Z INFO:app.scheduler.services.notification_creation:Created overdue notification for invoice INV-5290 (209 days overdue)
Backend CI	Run tests	2026-03-17T02:41:37.5348166Z INFO:app.scheduler.services.notification_creation:Created overdue notification for invoice INV-7724 (50 days overdue)
Backend CI	Run tests	2026-03-17T02:41:37.5348499Z INFO:app.scheduler.services.notification_creation:Created overdue notification for invoice INV-1338 (254 days overdue)
Backend CI	Run tests	2026-03-17T02:41:37.5348829Z INFO:app.scheduler.services.notification_creation:Created overdue notification for invoice INV-8111 (22 days overdue)
Backend CI	Run tests	2026-03-17T02:41:37.5349160Z INFO:app.scheduler.services.notification_creation:Created overdue notification for invoice INV-1453 (45 days overdue)
Backend CI	Run tests	2026-03-17T02:41:37.5349493Z INFO:app.scheduler.services.notification_creation:Created overdue notification for invoice INV-4163 (110 days overdue)
Backend CI	Run tests	2026-03-17T02:41:37.5349822Z INFO:app.scheduler.services.notification_creation:Created overdue notification for invoice INV-1467 (249 days overdue)
Backend CI	Run tests	2026-03-17T02:41:37.5350158Z INFO:app.scheduler.services.notification_creation:Created overdue notification for invoice INV-3647 (186 days overdue)
Backend CI	Run tests	2026-03-17T02:41:37.5350489Z INFO:app.scheduler.services.notification_creation:Created overdue notification for invoice INV-1000 (102 days overdue)
Backend CI	Run tests	2026-03-17T02:41:37.5350821Z INFO:app.scheduler.services.notification_creation:Created overdue notification for invoice INV-5110 (98 days overdue)
Backend CI	Run tests	2026-03-17T02:41:37.5351255Z INFO:app.scheduler.services.notification_creation:Created overdue notification for invoice INV-3935 (123 days overdue)
Backend CI	Run tests	2026-03-17T02:41:37.5351589Z INFO:app.scheduler.services.notification_creation:Created overdue notification for invoice INV-3146 (274 days overdue)
Backend CI	Run tests	2026-03-17T02:41:37.5351922Z INFO:app.scheduler.services.notification_creation:Created overdue notification for invoice INV-3642 (58 days overdue)
Backend CI	Run tests	2026-03-17T02:41:37.5352252Z INFO:app.scheduler.services.notification_creation:Created overdue notification for invoice INV-3114 (285 days overdue)
Backend CI	Run tests	2026-03-17T02:41:37.5352585Z INFO:app.scheduler.services.notification_creation:Created overdue notification for invoice INV-8612 (50 days overdue)
Backend CI	Run tests	2026-03-17T02:41:37.5353043Z INFO:app.scheduler.services.notification_creation:Created overdue notification for invoice INV-9128 (240 days overdue)
Backend CI	Run tests	2026-03-17T02:41:37.5353373Z INFO:app.scheduler.services.notification_creation:Created overdue notification for invoice INV-1638 (124 days overdue)
Backend CI	Run tests	2026-03-17T02:41:37.5353707Z INFO:app.scheduler.services.notification_creation:Created overdue notification for invoice INV-5161 (28 days overdue)
Backend CI	Run tests	2026-03-17T02:41:37.5354035Z INFO:app.scheduler.services.notification_creation:Created overdue notification for invoice INV-3726 (320 days overdue)
Backend CI	Run tests	2026-03-17T02:41:37.5354438Z INFO:app.scheduler.services.notification_creation:Created overdue notification for invoice INV-6784 (352 days overdue)
Backend CI	Run tests	2026-03-17T02:41:37.5354769Z INFO:app.scheduler.services.notification_creation:Created overdue notification for invoice INV-3920 (172 days overdue)
Backend CI	Run tests	2026-03-17T02:41:37.5355106Z INFO:app.scheduler.services.notification_creation:Created overdue notification for invoice INV-6651 (236 days overdue)
Backend CI	Run tests	2026-03-17T02:41:37.5355438Z INFO:app.scheduler.services.notification_creation:Created overdue notification for invoice INV-5054 (320 days overdue)
Backend CI	Run tests	2026-03-17T02:41:37.5355766Z INFO:app.scheduler.services.notification_creation:Created overdue notification for invoice INV-2996 (48 days overdue)
Backend CI	Run tests	2026-03-17T02:41:37.5356105Z INFO:app.scheduler.services.notification_creation:Created overdue notification for invoice INV-3608 (361 days overdue)
Backend CI	Run tests	2026-03-17T02:41:37.5356433Z INFO:app.scheduler.services.notification_creation:Created overdue notification for invoice INV-4566 (347 days overdue)
Backend CI	Run tests	2026-03-17T02:41:37.5356767Z INFO:app.scheduler.services.notification_creation:Created overdue notification for invoice INV-2061 (19 days overdue)
Backend CI	Run tests	2026-03-17T02:41:37.5357096Z INFO:app.scheduler.services.notification_creation:Created overdue notification for invoice INV-2841 (338 days overdue)
Backend CI	Run tests	2026-03-17T02:41:37.5357425Z INFO:app.scheduler.services.notification_creation:Created overdue notification for invoice INV-2581 (108 days overdue)
Backend CI	Run tests	2026-03-17T02:41:37.5357818Z INFO:app.scheduler.services.notification_creation:Created overdue notification for invoice INV-7041 (327 days overdue)
Backend CI	Run tests	2026-03-17T02:41:37.5358149Z INFO:app.scheduler.services.notification_creation:Created overdue notification for invoice INV-8850 (162 days overdue)
Backend CI	Run tests	2026-03-17T02:41:37.5358488Z INFO:app.scheduler.services.notification_creation:Created overdue notification for invoice INV-9405 (134 days overdue)
Backend CI	Run tests	2026-03-17T02:41:37.5358815Z INFO:app.scheduler.services.notification_creation:Created overdue notification for invoice INV-3591 (40 days overdue)
Backend CI	Run tests	2026-03-17T02:41:37.5359146Z INFO:app.scheduler.services.notification_creation:Created overdue notification for invoice INV-9146 (131 days overdue)
Backend CI	Run tests	2026-03-17T02:41:37.5359480Z INFO:app.scheduler.services.notification_creation:Created overdue notification for invoice INV-5198 (83 days overdue)
Backend CI	Run tests	2026-03-17T02:41:37.5359814Z INFO:app.scheduler.services.notification_creation:Created overdue notification for invoice INV-5793 (286 days overdue)
Backend CI	Run tests	2026-03-17T02:41:37.5360150Z INFO:app.scheduler.services.notification_creation:Created overdue notification for invoice INV-7816 (193 days overdue)
Backend CI	Run tests	2026-03-17T02:41:37.5360482Z INFO:app.scheduler.services.notification_creation:Created overdue notification for invoice INV-5176 (321 days overdue)
Backend CI	Run tests	2026-03-17T02:41:37.5360908Z INFO:app.scheduler.services.notification_creation:Created overdue notification for invoice INV-5854 (65 days overdue)
Backend CI	Run tests	2026-03-17T02:41:37.5361242Z INFO:app.scheduler.services.notification_creation:Created overdue notification for invoice INV-7726 (155 days overdue)
Backend CI	Run tests	2026-03-17T02:41:37.5361568Z INFO:app.scheduler.services.notification_creation:Created overdue notification for invoice INV-6386 (6 days overdue)
Backend CI	Run tests	2026-03-17T02:41:37.5361902Z INFO:app.scheduler.services.notification_creation:Created overdue notification for invoice INV-1396 (328 days overdue)
Backend CI	Run tests	2026-03-17T02:41:37.5362238Z INFO:app.scheduler.services.notification_creation:Created overdue notification for invoice INV-9720 (284 days overdue)
Backend CI	Run tests	2026-03-17T02:41:37.5362569Z INFO:app.scheduler.services.notification_creation:Created overdue notification for invoice INV-2433 (313 days overdue)
Backend CI	Run tests	2026-03-17T02:41:37.5363007Z INFO:app.scheduler.services.notification_creation:Created overdue notification for invoice INV-8237 (159 days overdue)
Backend CI	Run tests	2026-03-17T02:41:37.5363345Z INFO:app.scheduler.services.notification_creation:Created overdue notification for invoice INV-2700 (177 days overdue)
Backend CI	Run tests	2026-03-17T02:41:37.5363679Z INFO:app.scheduler.services.notification_creation:Created overdue notification for invoice INV-3560 (255 days overdue)
Backend CI	Run tests	2026-03-17T02:41:37.5364071Z INFO:app.scheduler.services.notification_creation:Created overdue notification for invoice INV-5121 (215 days overdue)
Backend CI	Run tests	2026-03-17T02:41:37.5364402Z INFO:app.scheduler.services.notification_creation:Created overdue notification for invoice INV-1647 (320 days overdue)
Backend CI	Run tests	2026-03-17T02:41:37.5364740Z INFO:app.scheduler.services.notification_creation:Created overdue notification for invoice INV-5800 (221 days overdue)
Backend CI	Run tests	2026-03-17T02:41:37.5365074Z INFO:app.scheduler.services.notification_creation:Created overdue notification for invoice INV-3835 (85 days overdue)
Backend CI	Run tests	2026-03-17T02:41:37.5365412Z INFO:app.scheduler.services.notification_creation:Created overdue notification for invoice INV-5095 (365 days overdue)
Backend CI	Run tests	2026-03-17T02:41:37.5365741Z INFO:app.scheduler.services.notification_creation:Created overdue notification for invoice INV-1602 (320 days overdue)
Backend CI	Run tests	2026-03-17T02:41:37.5366063Z INFO:app.scheduler.services.notification_creation:Created overdue notification for invoice INV-9999 (9 days overdue)
Backend CI	Run tests	2026-03-17T02:41:37.5366403Z INFO:app.scheduler.services.notification_creation:Created overdue notification for invoice INV-4912 (284 days overdue)
Backend CI	Run tests	2026-03-17T02:41:37.5366733Z INFO:app.scheduler.services.notification_creation:Created overdue notification for invoice INV-5218 (112 days overdue)
Backend CI	Run tests	2026-03-17T02:41:37.5367126Z INFO:app.scheduler.services.notification_creation:Created overdue notification for invoice INV-7222 (156 days overdue)
Backend CI	Run tests	2026-03-17T02:41:37.5367458Z INFO:app.scheduler.services.notification_creation:Created overdue notification for invoice INV-3075 (156 days overdue)
Backend CI	Run tests	2026-03-17T02:41:37.5367792Z INFO:app.scheduler.services.notification_creation:Created overdue notification for invoice INV-8170 (297 days overdue)
Backend CI	Run tests	2026-03-17T02:41:37.5368123Z INFO:app.scheduler.services.notification_creation:Created overdue notification for invoice INV-6783 (2 days overdue)
Backend CI	Run tests	2026-03-17T02:41:37.5368452Z INFO:app.scheduler.services.notification_creation:Created overdue notification for invoice INV-3188 (233 days overdue)
Backend CI	Run tests	2026-03-17T02:41:37.5368790Z INFO:app.scheduler.services.notification_creation:Created overdue notification for invoice INV-2603 (192 days overdue)
Backend CI	Run tests	2026-03-17T02:41:37.5369121Z INFO:app.scheduler.services.notification_creation:Created overdue notification for invoice INV-1555 (139 days overdue)
Backend CI	Run tests	2026-03-17T02:41:37.5369456Z INFO:app.scheduler.services.notification_creation:Created overdue notification for invoice INV-1294 (102 days overdue)
Backend CI	Run tests	2026-03-17T02:41:37.5369794Z INFO:app.scheduler.services.notification_creation:Created overdue notification for invoice INV-4318 (244 days overdue)
Backend CI	Run tests	2026-03-17T02:41:37.5370222Z INFO:app.scheduler.services.notification_creation:Created overdue notification for invoice INV-3396 (78 days overdue)
Backend CI	Run tests	2026-03-17T02:41:37.5370559Z INFO:app.scheduler.services.notification_creation:Created overdue notification for invoice INV-6809 (283 days overdue)
Backend CI	Run tests	2026-03-17T02:41:37.5370888Z INFO:app.scheduler.services.notification_creation:Created overdue notification for invoice INV-4351 (57 days overdue)
Backend CI	Run tests	2026-03-17T02:41:37.5371225Z INFO:app.scheduler.services.notification_creation:Created overdue notification for invoice INV-9542 (359 days overdue)
Backend CI	Run tests	2026-03-17T02:41:37.5371561Z INFO:app.scheduler.services.notification_creation:Created overdue notification for invoice INV-9999 (314 days overdue)
Backend CI	Run tests	2026-03-17T02:41:37.5371895Z INFO:app.scheduler.services.notification_creation:Created overdue notification for invoice INV-8049 (226 days overdue)
Backend CI	Run tests	2026-03-17T02:41:37.5372230Z INFO:app.scheduler.services.notification_creation:Created overdue notification for invoice INV-4916 (298 days overdue)
Backend CI	Run tests	2026-03-17T02:41:37.5372564Z INFO:app.scheduler.services.notification_creation:Created overdue notification for invoice INV-4678 (365 days overdue)
Backend CI	Run tests	2026-03-17T02:41:37.5373018Z INFO:app.scheduler.services.notification_creation:Created overdue notification for invoice INV-7254 (197 days overdue)
Backend CI	Run tests	2026-03-17T02:41:37.5373417Z INFO:app.scheduler.services.notification_creation:Created overdue notification for invoice INV-5022 (231 days overdue)
Backend CI	Run tests	2026-03-17T02:41:37.5373749Z INFO:app.scheduler.services.notification_creation:Created overdue notification for invoice INV-2256 (211 days overdue)
Backend CI	Run tests	2026-03-17T02:41:37.5374079Z INFO:app.scheduler.services.notification_creation:Created overdue notification for invoice INV-1588 (45 days overdue)
Backend CI	Run tests	2026-03-17T02:41:37.5374415Z INFO:app.scheduler.services.notification_creation:Created overdue notification for invoice INV-3698 (267 days overdue)
Backend CI	Run tests	2026-03-17T02:41:37.5374752Z INFO:app.scheduler.services.notification_creation:Created overdue notification for invoice INV-4572 (266 days overdue)
Backend CI	Run tests	2026-03-17T02:41:37.5375084Z INFO:app.scheduler.services.notification_creation:Created overdue notification for invoice INV-9999 (90 days overdue)
Backend CI	Run tests	2026-03-17T02:41:37.5375413Z INFO:app.scheduler.services.notification_creation:Created overdue notification for invoice INV-2925 (323 days overdue)
Backend CI	Run tests	2026-03-17T02:41:37.5375753Z INFO:app.scheduler.services.notification_creation:Created overdue notification for invoice INV-1000 (296 days overdue)
Backend CI	Run tests	2026-03-17T02:41:37.5376084Z INFO:app.scheduler.services.notification_creation:Created overdue notification for invoice INV-2455 (269 days overdue)
Backend CI	Run tests	2026-03-17T02:41:37.5376418Z INFO:app.scheduler.services.notification_creation:Created overdue notification for invoice INV-7497 (173 days overdue)
Backend CI	Run tests	2026-03-17T02:41:37.5376806Z INFO:app.scheduler.services.notification_creation:Created overdue notification for invoice INV-6073 (148 days overdue)
Backend CI	Run tests	2026-03-17T02:41:37.5377136Z INFO:app.scheduler.services.notification_creation:Created overdue notification for invoice INV-4222 (190 days overdue)
Backend CI	Run tests	2026-03-17T02:41:37.5377471Z INFO:app.scheduler.services.notification_creation:Created overdue notification for invoice INV-8114 (87 days overdue)
Backend CI	Run tests	2026-03-17T02:41:37.5377795Z INFO:app.scheduler.services.notification_creation:Created overdue notification for invoice INV-7218 (97 days overdue)
Backend CI	Run tests	2026-03-17T02:41:37.5378129Z INFO:app.scheduler.services.notification_creation:Created overdue notification for invoice INV-8935 (24 days overdue)
Backend CI	Run tests	2026-03-17T02:41:37.5378458Z INFO:app.scheduler.services.notification_creation:Created overdue notification for invoice INV-9639 (365 days overdue)
Backend CI	Run tests	2026-03-17T02:41:37.5378786Z INFO:app.scheduler.services.notification_creation:Created overdue notification for invoice INV-8162 (261 days overdue)
Backend CI	Run tests	2026-03-17T02:41:37.5379123Z INFO:app.scheduler.services.notification_creation:Created overdue notification for invoice INV-1819 (135 days overdue)
Backend CI	Run tests	2026-03-17T02:41:37.5379451Z INFO:app.scheduler.services.notification_creation:Created overdue notification for invoice INV-5392 (229 days overdue)
Backend CI	Run tests	2026-03-17T02:41:37.5379888Z INFO:app.scheduler.services.notification_creation:Created overdue notification for invoice INV-7873 (107 days overdue)
Backend CI	Run tests	2026-03-17T02:41:37.5380216Z INFO:app.scheduler.services.notification_creation:Created overdue notification for invoice INV-9909 (245 days overdue)
Backend CI	Run tests	2026-03-17T02:41:37.5380547Z INFO:app.scheduler.services.notification_creation:Created overdue notification for invoice INV-9725 (282 days overdue)
Backend CI	Run tests	2026-03-17T02:41:37.5380882Z INFO:app.scheduler.services.notification_creation:Created overdue notification for invoice INV-1977 (285 days overdue)
Backend CI	Run tests	2026-03-17T02:41:37.5381206Z INFO:app.scheduler.services.notification_creation:Created overdue notification for invoice INV-9050 (85 days overdue)
Backend CI	Run tests	2026-03-17T02:41:37.5381543Z INFO:app.scheduler.services.notification_creation:Created overdue notification for invoice INV-2212 (200 days overdue)
Backend CI	Run tests	2026-03-17T02:41:37.5381874Z INFO:app.scheduler.services.notification_creation:Created overdue notification for invoice INV-4254 (140 days overdue)
Backend CI	Run tests	2026-03-17T02:41:37.5382210Z INFO:app.scheduler.services.notification_creation:Created overdue notification for invoice INV-3301 (340 days overdue)
Backend CI	Run tests	2026-03-17T02:41:37.5382541Z INFO:app.scheduler.services.notification_creation:Created overdue notification for invoice INV-4766 (24 days overdue)
Backend CI	Run tests	2026-03-17T02:41:37.5383506Z INFO:app.scheduler.services.notification_creation:Created overdue notification for invoice INV-4925 (334 days overdue)
Backend CI	Run tests	2026-03-17T02:41:37.5383909Z INFO:app.scheduler.services.notification_creation:Created overdue notification for invoice INV-1398 (316 days overdue)
Backend CI	Run tests	2026-03-17T02:41:37.5384246Z INFO:app.scheduler.services.notification_creation:Created overdue notification for invoice INV-1148 (51 days overdue)
Backend CI	Run tests	2026-03-17T02:41:37.5384593Z INFO:app.scheduler.services.notification_creation:Created overdue notification for invoice INV-5996 (328 days overdue)
Backend CI	Run tests	2026-03-17T02:41:37.5384926Z INFO:app.scheduler.services.notification_creation:Created overdue notification for invoice INV-5537 (2 days overdue)
Backend CI	Run tests	2026-03-17T02:41:37.5385260Z INFO:app.scheduler.services.notification_creation:Created overdue notification for invoice INV-5420 (21 days overdue)
Backend CI	Run tests	2026-03-17T02:41:37.5385590Z INFO:app.scheduler.services.notification_creation:Created overdue notification for invoice INV-4918 (74 days overdue)
Backend CI	Run tests	2026-03-17T02:41:37.5385919Z INFO:app.scheduler.services.notification_creation:Created overdue notification for invoice INV-9920 (18 days overdue)
Backend CI	Run tests	2026-03-17T02:41:37.5386249Z INFO:app.scheduler.services.notification_creation:Created overdue notification for invoice INV-6255 (144 days overdue)
Backend CI	Run tests	2026-03-17T02:41:37.5386580Z INFO:app.scheduler.services.notification_creation:Created overdue notification for invoice INV-9702 (45 days overdue)
Backend CI	Run tests	2026-03-17T02:41:37.5387046Z INFO:app.scheduler.services.notification_creation:Created overdue notification for invoice INV-6801 (313 days overdue)
Backend CI	Run tests	2026-03-17T02:41:37.5387382Z INFO:app.scheduler.services.notification_creation:Created overdue notification for invoice INV-3114 (88 days overdue)
Backend CI	Run tests	2026-03-17T02:41:37.5387712Z INFO:app.scheduler.services.notification_creation:Created overdue notification for invoice INV-9876 (17 days overdue)
Backend CI	Run tests	2026-03-17T02:41:37.5388043Z INFO:app.scheduler.services.notification_creation:Created overdue notification for invoice INV-3804 (105 days overdue)
Backend CI	Run tests	2026-03-17T02:41:37.5388382Z INFO:app.scheduler.services.notification_creation:Created overdue notification for invoice INV-3979 (147 days overdue)
Backend CI	Run tests	2026-03-17T02:41:37.5388707Z INFO:app.scheduler.services.notification_creation:Created overdue notification for invoice INV-6772 (32 days overdue)
Backend CI	Run tests	2026-03-17T02:41:37.5389035Z INFO:app.scheduler.services.notification_creation:Created overdue notification for invoice INV-4121 (78 days overdue)
Backend CI	Run tests	2026-03-17T02:41:37.5389367Z INFO:app.scheduler.services.notification_creation:Created overdue notification for invoice INV-6881 (316 days overdue)
Backend CI	Run tests	2026-03-17T02:41:37.5389696Z INFO:app.scheduler.services.notification_creation:Created overdue notification for invoice INV-3942 (253 days overdue)
Backend CI	Run tests	2026-03-17T02:41:37.5390226Z INFO:app.scheduler.services.notification_creation:Created overdue notification for invoice INV-2839 (269 days overdue)
Backend CI	Run tests	2026-03-17T02:41:37.5390554Z INFO:app.scheduler.services.notification_creation:Created overdue notification for invoice INV-1354 (107 days overdue)
Backend CI	Run tests	2026-03-17T02:41:37.5390892Z INFO:app.scheduler.services.notification_creation:Created overdue notification for invoice INV-2881 (276 days overdue)
Backend CI	Run tests	2026-03-17T02:41:37.5391221Z INFO:app.scheduler.services.notification_creation:Created overdue notification for invoice INV-1123 (227 days overdue)
Backend CI	Run tests	2026-03-17T02:41:37.5391555Z INFO:app.scheduler.services.notification_creation:Created overdue notification for invoice INV-1000 (277 days overdue)
Backend CI	Run tests	2026-03-17T02:41:37.5391887Z INFO:app.scheduler.services.notification_creation:Created overdue notification for invoice INV-7102 (273 days overdue)
Backend CI	Run tests	2026-03-17T02:41:37.5392213Z INFO:app.scheduler.services.notification_creation:Created overdue notification for invoice INV-8856 (83 days overdue)
Backend CI	Run tests	2026-03-17T02:41:37.5392554Z INFO:app.scheduler.services.notification_creation:Created overdue notification for invoice INV-9085 (362 days overdue)
Backend CI	Run tests	2026-03-17T02:41:37.5393151Z INFO:app.scheduler.services.notification_creation:Created overdue notification for invoice INV-5226 (50 days overdue)
Backend CI	Run tests	2026-03-17T02:41:37.5393573Z INFO:app.scheduler.services.notification_creation:Created overdue notification for invoice INV-9758 (102 days overdue)
Backend CI	Run tests	2026-03-17T02:41:37.5393899Z INFO:app.scheduler.services.notification_creation:Created overdue notification for invoice INV-5497 (16 days overdue)
Backend CI	Run tests	2026-03-17T02:41:37.5394227Z INFO:app.scheduler.services.notification_creation:Created overdue notification for invoice INV-6376 (278 days overdue)
Backend CI	Run tests	2026-03-17T02:41:37.5394557Z INFO:app.scheduler.services.notification_creation:Created overdue notification for invoice INV-1000 (1 days overdue)
Backend CI	Run tests	2026-03-17T02:41:37.5394727Z ------------------------------ Captured log call -------------------------------
Backend CI	Run tests	2026-03-17T02:41:37.5395180Z INFO     app.scheduler.services.notification_creation:notification_creation.py:64 Created overdue notification for invoice INV-1000 (1 days overdue)
Backend CI	Run tests	2026-03-17T02:41:37.5395624Z INFO     app.scheduler.services.notification_creation:notification_creation.py:64 Created overdue notification for invoice INV-3963 (164 days overdue)
Backend CI	Run tests	2026-03-17T02:41:37.5396055Z INFO     app.scheduler.services.notification_creation:notification_creation.py:64 Created overdue notification for invoice INV-8027 (354 days overdue)
Backend CI	Run tests	2026-03-17T02:41:37.5396488Z INFO     app.scheduler.services.notification_creation:notification_creation.py:64 Created overdue notification for invoice INV-3963 (354 days overdue)
Backend CI	Run tests	2026-03-17T02:41:37.5396974Z INFO     app.scheduler.services.notification_creation:notification_creation.py:64 Created overdue notification for invoice INV-8027 (354 days overdue)
Backend CI	Run tests	2026-03-17T02:41:37.5397404Z INFO     app.scheduler.services.notification_creation:notification_creation.py:64 Created overdue notification for invoice INV-3963 (354 days overdue)
Backend CI	Run tests	2026-03-17T02:41:37.5397835Z INFO     app.scheduler.services.notification_creation:notification_creation.py:64 Created overdue notification for invoice INV-3963 (354 days overdue)
Backend CI	Run tests	2026-03-17T02:41:37.5398261Z INFO     app.scheduler.services.notification_creation:notification_creation.py:64 Created overdue notification for invoice INV-1353 (354 days overdue)
Backend CI	Run tests	2026-03-17T02:41:37.5398693Z INFO     app.scheduler.services.notification_creation:notification_creation.py:64 Created overdue notification for invoice INV-3963 (354 days overdue)
Backend CI	Run tests	2026-03-17T02:41:37.5399116Z INFO     app.scheduler.services.notification_creation:notification_creation.py:64 Created overdue notification for invoice INV-1353 (1 days overdue)
Backend CI	Run tests	2026-03-17T02:41:37.5399550Z INFO     app.scheduler.services.notification_creation:notification_creation.py:64 Created overdue notification for invoice INV-3963 (354 days overdue)
Backend CI	Run tests	2026-03-17T02:41:37.5400074Z INFO     app.scheduler.services.notification_creation:notification_creation.py:64 Created overdue notification for invoice INV-1353 (1 days overdue)
Backend CI	Run tests	2026-03-17T02:41:37.5400507Z INFO     app.scheduler.services.notification_creation:notification_creation.py:64 Created overdue notification for invoice INV-1353 (1 days overdue)
Backend CI	Run tests	2026-03-17T02:41:37.5400944Z INFO     app.scheduler.services.notification_creation:notification_creation.py:64 Created overdue notification for invoice INV-1353 (354 days overdue)
Backend CI	Run tests	2026-03-17T02:41:37.5401363Z INFO     app.scheduler.services.notification_creation:notification_creation.py:64 Created overdue notification for invoice INV-1353 (1 days overdue)
Backend CI	Run tests	2026-03-17T02:41:37.5401798Z INFO     app.scheduler.services.notification_creation:notification_creation.py:64 Created overdue notification for invoice INV-1637 (297 days overdue)
Backend CI	Run tests	2026-03-17T02:41:37.5402217Z INFO     app.scheduler.services.notification_creation:notification_creation.py:64 Created overdue notification for invoice INV-1000 (1 days overdue)
Backend CI	Run tests	2026-03-17T02:41:37.5402645Z INFO     app.scheduler.services.notification_creation:notification_creation.py:64 Created overdue notification for invoice INV-1000 (1 days overdue)
Backend CI	Run tests	2026-03-17T02:41:37.5403207Z INFO     app.scheduler.services.notification_creation:notification_creation.py:64 Created overdue notification for invoice INV-1000 (1 days overdue)
Backend CI	Run tests	2026-03-17T02:41:37.5403704Z INFO     app.scheduler.services.notification_creation:notification_creation.py:64 Created overdue notification for invoice INV-3679 (327 days overdue)
Backend CI	Run tests	2026-03-17T02:41:37.5404134Z INFO     app.scheduler.services.notification_creation:notification_creation.py:64 Created overdue notification for invoice INV-9998 (13 days overdue)
Backend CI	Run tests	2026-03-17T02:41:37.5404562Z INFO     app.scheduler.services.notification_creation:notification_creation.py:64 Created overdue notification for invoice INV-4314 (106 days overdue)
Backend CI	Run tests	2026-03-17T02:41:37.5404995Z INFO     app.scheduler.services.notification_creation:notification_creation.py:64 Created overdue notification for invoice INV-4009 (119 days overdue)
Backend CI	Run tests	2026-03-17T02:41:37.5405421Z INFO     app.scheduler.services.notification_creation:notification_creation.py:64 Created overdue notification for invoice INV-4622 (14 days overdue)
Backend CI	Run tests	2026-03-17T02:41:37.5405852Z INFO     app.scheduler.services.notification_creation:notification_creation.py:64 Created overdue notification for invoice INV-3035 (118 days overdue)
Backend CI	Run tests	2026-03-17T02:41:37.5406293Z INFO     app.scheduler.services.notification_creation:notification_creation.py:64 Created overdue notification for invoice INV-5507 (245 days overdue)
Backend CI	Run tests	2026-03-17T02:41:37.5406719Z INFO     app.scheduler.services.notification_creation:notification_creation.py:64 Created overdue notification for invoice INV-4598 (158 days overdue)
Backend CI	Run tests	2026-03-17T02:41:37.5407212Z INFO     app.scheduler.services.notification_creation:notification_creation.py:64 Created overdue notification for invoice INV-2350 (315 days overdue)
Backend CI	Run tests	2026-03-17T02:41:37.5407638Z INFO     app.scheduler.services.notification_creation:notification_creation.py:64 Created overdue notification for invoice INV-8209 (15 days overdue)
Backend CI	Run tests	2026-03-17T02:41:37.5408079Z INFO     app.scheduler.services.notification_creation:notification_creation.py:64 Created overdue notification for invoice INV-2475 (271 days overdue)
Backend CI	Run tests	2026-03-17T02:41:37.5408506Z INFO     app.scheduler.services.notification_creation:notification_creation.py:64 Created overdue notification for invoice INV-5984 (309 days overdue)
Backend CI	Run tests	2026-03-17T02:41:37.5408939Z INFO     app.scheduler.services.notification_creation:notification_creation.py:64 Created overdue notification for invoice INV-9886 (165 days overdue)
Backend CI	Run tests	2026-03-17T02:41:37.5409368Z INFO     app.scheduler.services.notification_creation:notification_creation.py:64 Created overdue notification for invoice INV-1427 (338 days overdue)
Backend CI	Run tests	2026-03-17T02:41:37.5409793Z INFO     app.scheduler.services.notification_creation:notification_creation.py:64 Created overdue notification for invoice INV-3776 (94 days overdue)
Backend CI	Run tests	2026-03-17T02:41:37.5410335Z INFO     app.scheduler.services.notification_creation:notification_creation.py:64 Created overdue notification for invoice INV-9999 (364 days overdue)
Backend CI	Run tests	2026-03-17T02:41:37.5410759Z INFO     app.scheduler.services.notification_creation:notification_creation.py:64 Created overdue notification for invoice INV-4528 (77 days overdue)
Backend CI	Run tests	2026-03-17T02:41:37.5411190Z INFO     app.scheduler.services.notification_creation:notification_creation.py:64 Created overdue notification for invoice INV-4507 (33 days overdue)
Backend CI	Run tests	2026-03-17T02:41:37.5411616Z INFO     app.scheduler.services.notification_creation:notification_creation.py:64 Created overdue notification for invoice INV-4273 (80 days overdue)
Backend CI	Run tests	2026-03-17T02:41:37.5412039Z INFO     app.scheduler.services.notification_creation:notification_creation.py:64 Created overdue notification for invoice INV-3910 (97 days overdue)
Backend CI	Run tests	2026-03-17T02:41:37.5412471Z INFO     app.scheduler.services.notification_creation:notification_creation.py:64 Created overdue notification for invoice INV-9474 (145 days overdue)
Backend CI	Run tests	2026-03-17T02:41:37.5413027Z INFO     app.scheduler.services.notification_creation:notification_creation.py:64 Created overdue notification for invoice INV-7980 (119 days overdue)
Backend CI	Run tests	2026-03-17T02:41:37.5413462Z INFO     app.scheduler.services.notification_creation:notification_creation.py:64 Created overdue notification for invoice INV-8444 (105 days overdue)
Backend CI	Run tests	2026-03-17T02:41:37.5413953Z INFO     app.scheduler.services.notification_creation:notification_creation.py:64 Created overdue notification for invoice INV-5740 (200 days overdue)
Backend CI	Run tests	2026-03-17T02:41:37.5414386Z INFO     app.scheduler.services.notification_creation:notification_creation.py:64 Created overdue notification for invoice INV-5577 (144 days overdue)
Backend CI	Run tests	2026-03-17T02:41:37.5414817Z INFO     app.scheduler.services.notification_creation:notification_creation.py:64 Created overdue notification for invoice INV-2056 (320 days overdue)
Backend CI	Run tests	2026-03-17T02:41:37.5415241Z INFO     app.scheduler.services.notification_creation:notification_creation.py:64 Created overdue notification for invoice INV-6935 (94 days overdue)
Backend CI	Run tests	2026-03-17T02:41:37.5415678Z INFO     app.scheduler.services.notification_creation:notification_creation.py:64 Created overdue notification for invoice INV-6271 (303 days overdue)
Backend CI	Run tests	2026-03-17T02:41:37.5416105Z INFO     app.scheduler.services.notification_creation:notification_creation.py:64 Created overdue notification for invoice INV-8573 (63 days overdue)
Backend CI	Run tests	2026-03-17T02:41:37.5416536Z INFO     app.scheduler.services.notification_creation:notification_creation.py:64 Created overdue notification for invoice INV-1654 (361 days overdue)
Backend CI	Run tests	2026-03-17T02:41:37.5416964Z INFO     app.scheduler.services.notification_creation:notification_creation.py:64 Created overdue notification for invoice INV-7524 (174 days overdue)
Backend CI	Run tests	2026-03-17T02:41:37.5417448Z INFO     app.scheduler.services.notification_creation:notification_creation.py:64 Created overdue notification for invoice INV-3318 (365 days overdue)
Backend CI	Run tests	2026-03-17T02:41:37.5417884Z INFO     app.scheduler.services.notification_creation:notification_creation.py:64 Created overdue notification for invoice INV-1684 (131 days overdue)
Backend CI	Run tests	2026-03-17T02:41:37.5418309Z INFO     app.scheduler.services.notification_creation:notification_creation.py:64 Created overdue notification for invoice INV-4614 (364 days overdue)
Backend CI	Run tests	2026-03-17T02:41:37.5418741Z INFO     app.scheduler.services.notification_creation:notification_creation.py:64 Created overdue notification for invoice INV-2957 (62 days overdue)
Backend CI	Run tests	2026-03-17T02:41:37.5419161Z INFO     app.scheduler.services.notification_creation:notification_creation.py:64 Created overdue notification for invoice INV-7834 (20 days overdue)
Backend CI	Run tests	2026-03-17T02:41:37.5419598Z INFO     app.scheduler.services.notification_creation:notification_creation.py:64 Created overdue notification for invoice INV-8608 (258 days overdue)
Backend CI	Run tests	2026-03-17T02:41:37.5420026Z INFO     app.scheduler.services.notification_creation:notification_creation.py:64 Created overdue notification for invoice INV-9999 (209 days overdue)
Backend CI	Run tests	2026-03-17T02:41:37.5420562Z INFO     app.scheduler.services.notification_creation:notification_creation.py:64 Created overdue notification for invoice INV-3241 (246 days overdue)
Backend CI	Run tests	2026-03-17T02:41:37.5420996Z INFO     app.scheduler.services.notification_creation:notification_creation.py:64 Created overdue notification for invoice INV-6860 (125 days overdue)
Backend CI	Run tests	2026-03-17T02:41:37.5421425Z INFO     app.scheduler.services.notification_creation:notification_creation.py:64 Created overdue notification for invoice INV-1079 (266 days overdue)
Backend CI	Run tests	2026-03-17T02:41:37.5422188Z INFO     app.scheduler.services.notification_creation:notification_creation.py:64 Created overdue notification for invoice INV-5408 (249 days overdue)
Backend CI	Run tests	2026-03-17T02:41:37.5422847Z INFO     app.scheduler.services.notification_creation:notification_creation.py:64 Created overdue notification for invoice INV-7810 (318 days overdue)
Backend CI	Run tests	2026-03-17T02:41:37.5423294Z INFO     app.scheduler.services.notification_creation:notification_creation.py:64 Created overdue notification for invoice INV-6163 (122 days overdue)
Backend CI	Run tests	2026-03-17T02:41:37.5423727Z INFO     app.scheduler.services.notification_creation:notification_creation.py:64 Created overdue notification for invoice INV-2546 (77 days overdue)
Backend CI	Run tests	2026-03-17T02:41:37.5424156Z INFO     app.scheduler.services.notification_creation:notification_creation.py:64 Created overdue notification for invoice INV-3873 (111 days overdue)
Backend CI	Run tests	2026-03-17T02:41:37.5424678Z INFO     app.scheduler.services.notification_creation:notification_creation.py:64 Created overdue notification for invoice INV-9581 (177 days overdue)
Backend CI	Run tests	2026-03-17T02:41:37.5425106Z INFO     app.scheduler.services.notification_creation:notification_creation.py:64 Created overdue notification for invoice INV-9046 (278 days overdue)
Backend CI	Run tests	2026-03-17T02:41:37.5425540Z INFO     app.scheduler.services.notification_creation:notification_creation.py:64 Created overdue notification for invoice INV-3322 (279 days overdue)
Backend CI	Run tests	2026-03-17T02:41:37.5425969Z INFO     app.scheduler.services.notification_creation:notification_creation.py:64 Created overdue notification for invoice INV-5638 (261 days overdue)
Backend CI	Run tests	2026-03-17T02:41:37.5426397Z INFO     app.scheduler.services.notification_creation:notification_creation.py:64 Created overdue notification for invoice INV-2282 (231 days overdue)
Backend CI	Run tests	2026-03-17T02:41:37.5426832Z INFO     app.scheduler.services.notification_creation:notification_creation.py:64 Created overdue notification for invoice INV-7977 (158 days overdue)
Backend CI	Run tests	2026-03-17T02:41:37.5427255Z INFO     app.scheduler.services.notification_creation:notification_creation.py:64 Created overdue notification for invoice INV-1774 (47 days overdue)
Backend CI	Run tests	2026-03-17T02:41:37.5427749Z INFO     app.scheduler.services.notification_creation:notification_creation.py:64 Created overdue notification for invoice INV-8642 (226 days overdue)
Backend CI	Run tests	2026-03-17T02:41:37.5428174Z INFO     app.scheduler.services.notification_creation:notification_creation.py:64 Created overdue notification for invoice INV-8458 (102 days overdue)
Backend CI	Run tests	2026-03-17T02:41:37.5428609Z INFO     app.scheduler.services.notification_creation:notification_creation.py:64 Created overdue notification for invoice INV-8081 (132 days overdue)
Backend CI	Run tests	2026-03-17T02:41:37.5429036Z INFO     app.scheduler.services.notification_creation:notification_creation.py:64 Created overdue notification for invoice INV-2429 (359 days overdue)
Backend CI	Run tests	2026-03-17T02:41:37.5429469Z INFO     app.scheduler.services.notification_creation:notification_creation.py:64 Created overdue notification for invoice INV-6828 (188 days overdue)
Backend CI	Run tests	2026-03-17T02:41:37.5429901Z INFO     app.scheduler.services.notification_creation:notification_creation.py:64 Created overdue notification for invoice INV-2999 (161 days overdue)
Backend CI	Run tests	2026-03-17T02:41:37.5430331Z INFO     app.scheduler.services.notification_creation:notification_creation.py:64 Created overdue notification for invoice INV-5305 (305 days overdue)
Backend CI	Run tests	2026-03-17T02:41:37.5430764Z INFO     app.scheduler.services.notification_creation:notification_creation.py:64 Created overdue notification for invoice INV-7499 (233 days overdue)
Backend CI	Run tests	2026-03-17T02:41:37.5431293Z INFO     app.scheduler.services.notification_creation:notification_creation.py:64 Created overdue notification for invoice INV-9504 (335 days overdue)
Backend CI	Run tests	2026-03-17T02:41:37.5431722Z INFO     app.scheduler.services.notification_creation:notification_creation.py:64 Created overdue notification for invoice INV-4780 (286 days overdue)
Backend CI	Run tests	2026-03-17T02:41:37.5432154Z INFO     app.scheduler.services.notification_creation:notification_creation.py:64 Created overdue notification for invoice INV-6795 (37 days overdue)
Backend CI	Run tests	2026-03-17T02:41:37.5432574Z INFO     app.scheduler.services.notification_creation:notification_creation.py:64 Created overdue notification for invoice INV-9469 (48 days overdue)
Backend CI	Run tests	2026-03-17T02:41:37.5433143Z INFO     app.scheduler.services.notification_creation:notification_creation.py:64 Created overdue notification for invoice INV-3850 (204 days overdue)
Backend CI	Run tests	2026-03-17T02:41:37.5433576Z INFO     app.scheduler.services.notification_creation:notification_creation.py:64 Created overdue notification for invoice INV-7013 (325 days overdue)
Backend CI	Run tests	2026-03-17T02:41:37.5434014Z INFO     app.scheduler.services.notification_creation:notification_creation.py:64 Created overdue notification for invoice INV-2198 (127 days overdue)
Backend CI	Run tests	2026-03-17T02:41:37.5434505Z INFO     app.scheduler.services.notification_creation:notification_creation.py:64 Created overdue notification for invoice INV-3695 (243 days overdue)
Backend CI	Run tests	2026-03-17T02:41:37.5434931Z INFO     app.scheduler.services.notification_creation:notification_creation.py:64 Created overdue notification for invoice INV-9873 (176 days overdue)
Backend CI	Run tests	2026-03-17T02:41:37.5435399Z INFO     app.scheduler.services.notification_creation:notification_creation.py:64 Created overdue notification for invoice INV-3032 (242 days overdue)
Backend CI	Run tests	2026-03-17T02:41:37.5435826Z INFO     app.scheduler.services.notification_creation:notification_creation.py:64 Created overdue notification for invoice INV-6414 (212 days overdue)
Backend CI	Run tests	2026-03-17T02:41:37.5436258Z INFO     app.scheduler.services.notification_creation:notification_creation.py:64 Created overdue notification for invoice INV-7441 (86 days overdue)
Backend CI	Run tests	2026-03-17T02:41:37.5436686Z INFO     app.scheduler.services.notification_creation:notification_creation.py:64 Created overdue notification for invoice INV-2956 (166 days overdue)
Backend CI	Run tests	2026-03-17T02:41:37.5437125Z INFO     app.scheduler.services.notification_creation:notification_creation.py:64 Created overdue notification for invoice INV-1001 (361 days overdue)
Backend CI	Run tests	2026-03-17T02:41:37.5437552Z INFO     app.scheduler.services.notification_creation:notification_creation.py:64 Created overdue notification for invoice INV-7946 (339 days overdue)
Backend CI	Run tests	2026-03-17T02:41:37.5438045Z INFO     app.scheduler.services.notification_creation:notification_creation.py:64 Created overdue notification for invoice INV-2932 (298 days overdue)
Backend CI	Run tests	2026-03-17T02:41:37.5438475Z INFO     app.scheduler.services.notification_creation:notification_creation.py:64 Created overdue notification for invoice INV-7663 (271 days overdue)
Backend CI	Run tests	2026-03-17T02:41:37.5438903Z INFO     app.scheduler.services.notification_creation:notification_creation.py:64 Created overdue notification for invoice INV-5920 (12 days overdue)
Backend CI	Run tests	2026-03-17T02:41:37.5439335Z INFO     app.scheduler.services.notification_creation:notification_creation.py:64 Created overdue notification for invoice INV-6654 (21 days overdue)
Backend CI	Run tests	2026-03-17T02:41:37.5439763Z INFO     app.scheduler.services.notification_creation:notification_creation.py:64 Created overdue notification for invoice INV-4831 (365 days overdue)
Backend CI	Run tests	2026-03-17T02:41:37.5440189Z INFO     app.scheduler.services.notification_creation:notification_creation.py:64 Created overdue notification for invoice INV-9999 (211 days overdue)
Backend CI	Run tests	2026-03-17T02:41:37.5440626Z INFO     app.scheduler.services.notification_creation:notification_creation.py:64 Created overdue notification for invoice INV-9657 (146 days overdue)
Backend CI	Run tests	2026-03-17T02:41:37.5441052Z INFO     app.scheduler.services.notification_creation:notification_creation.py:64 Created overdue notification for invoice INV-9712 (127 days overdue)
Backend CI	Run tests	2026-03-17T02:41:37.5441596Z INFO     app.scheduler.services.notification_creation:notification_creation.py:64 Created overdue notification for invoice INV-5459 (164 days overdue)
Backend CI	Run tests	2026-03-17T02:41:37.5442024Z INFO     app.scheduler.services.notification_creation:notification_creation.py:64 Created overdue notification for invoice INV-3056 (288 days overdue)
Backend CI	Run tests	2026-03-17T02:41:37.5442455Z INFO     app.scheduler.services.notification_creation:notification_creation.py:64 Created overdue notification for invoice INV-8503 (350 days overdue)
Backend CI	Run tests	2026-03-17T02:41:37.5442999Z INFO     app.scheduler.services.notification_creation:notification_creation.py:64 Created overdue notification for invoice INV-4175 (21 days overdue)
Backend CI	Run tests	2026-03-17T02:41:37.5443436Z INFO     app.scheduler.services.notification_creation:notification_creation.py:64 Created overdue notification for invoice INV-9661 (104 days overdue)
Backend CI	Run tests	2026-03-17T02:41:37.5443871Z INFO     app.scheduler.services.notification_creation:notification_creation.py:64 Created overdue notification for invoice INV-3991 (200 days overdue)
Backend CI	Run tests	2026-03-17T02:41:37.5444294Z INFO     app.scheduler.services.notification_creation:notification_creation.py:64 Created overdue notification for invoice INV-1000 (22 days overdue)
Backend CI	Run tests	2026-03-17T02:41:37.5444793Z INFO     app.scheduler.services.notification_creation:notification_creation.py:64 Created overdue notification for invoice INV-9709 (256 days overdue)
Backend CI	Run tests	2026-03-17T02:41:37.5445215Z INFO     app.scheduler.services.notification_creation:notification_creation.py:64 Created overdue notification for invoice INV-5536 (44 days overdue)
Backend CI	Run tests	2026-03-17T02:41:37.5445645Z INFO     app.scheduler.services.notification_creation:notification_creation.py:64 Created overdue notification for invoice INV-8151 (134 days overdue)
Backend CI	Run tests	2026-03-17T02:41:37.5446074Z INFO     app.scheduler.services.notification_creation:notification_creation.py:64 Created overdue notification for invoice INV-8573 (292 days overdue)
Backend CI	Run tests	2026-03-17T02:41:37.5446507Z INFO     app.scheduler.services.notification_creation:notification_creation.py:64 Created overdue notification for invoice INV-8987 (342 days overdue)
Backend CI	Run tests	2026-03-17T02:41:37.5446941Z INFO     app.scheduler.services.notification_creation:notification_creation.py:64 Created overdue notification for invoice INV-5827 (360 days overdue)
Backend CI	Run tests	2026-03-17T02:41:37.5447372Z INFO     app.scheduler.services.notification_creation:notification_creation.py:64 Created overdue notification for invoice INV-4951 (248 days overdue)
Backend CI	Run tests	2026-03-17T02:41:37.5447808Z INFO     app.scheduler.services.notification_creation:notification_creation.py:64 Created overdue notification for invoice INV-3680 (292 days overdue)
Backend CI	Run tests	2026-03-17T02:41:37.5448295Z INFO     app.scheduler.services.notification_creation:notification_creation.py:64 Created overdue notification for invoice INV-9816 (199 days overdue)
Backend CI	Run tests	2026-03-17T02:41:37.5448720Z INFO     app.scheduler.services.notification_creation:notification_creation.py:64 Created overdue notification for invoice INV-5346 (167 days overdue)
Backend CI	Run tests	2026-03-17T02:41:37.5449156Z INFO     app.scheduler.services.notification_creation:notification_creation.py:64 Created overdue notification for invoice INV-9631 (71 days overdue)
Backend CI	Run tests	2026-03-17T02:41:37.5449583Z INFO     app.scheduler.services.notification_creation:notification_creation.py:64 Created overdue notification for invoice INV-9631 (129 days overdue)
Backend CI	Run tests	2026-03-17T02:41:37.5450013Z INFO     app.scheduler.services.notification_creation:notification_creation.py:64 Created overdue notification for invoice INV-4037 (30 days overdue)
Backend CI	Run tests	2026-03-17T02:41:37.5450436Z INFO     app.scheduler.services.notification_creation:notification_creation.py:64 Created overdue notification for invoice INV-2090 (58 days overdue)
Backend CI	Run tests	2026-03-17T02:41:37.5450866Z INFO     app.scheduler.services.notification_creation:notification_creation.py:64 Created overdue notification for invoice INV-1711 (98 days overdue)
Backend CI	Run tests	2026-03-17T02:41:37.5451401Z INFO     app.scheduler.services.notification_creation:notification_creation.py:64 Created overdue notification for invoice INV-9528 (165 days overdue)
Backend CI	Run tests	2026-03-17T02:41:37.5451822Z INFO     app.scheduler.services.notification_creation:notification_creation.py:64 Created overdue notification for invoice INV-6557 (22 days overdue)
Backend CI	Run tests	2026-03-17T02:41:37.5452254Z INFO     app.scheduler.services.notification_creation:notification_creation.py:64 Created overdue notification for invoice INV-5294 (8 days overdue)
Backend CI	Run tests	2026-03-17T02:41:37.5452782Z INFO     app.scheduler.services.notification_creation:notification_creation.py:64 Created overdue notification for invoice INV-5185 (98 days overdue)
Backend CI	Run tests	2026-03-17T02:41:37.5453226Z INFO     app.scheduler.services.notification_creation:notification_creation.py:64 Created overdue notification for invoice INV-1000 (338 days overdue)
Backend CI	Run tests	2026-03-17T02:41:37.5453650Z INFO     app.scheduler.services.notification_creation:notification_creation.py:64 Created overdue notification for invoice INV-8633 (11 days overdue)
Backend CI	Run tests	2026-03-17T02:41:37.5454083Z INFO     app.scheduler.services.notification_creation:notification_creation.py:64 Created overdue notification for invoice INV-7761 (336 days overdue)
Backend CI	Run tests	2026-03-17T02:41:37.5454516Z INFO     app.scheduler.services.notification_creation:notification_creation.py:64 Created overdue notification for invoice INV-7549 (216 days overdue)
Backend CI	Run tests	2026-03-17T02:41:37.5455000Z INFO     app.scheduler.services.notification_creation:notification_creation.py:64 Created overdue notification for invoice INV-5147 (30 days overdue)
Backend CI	Run tests	2026-03-17T02:41:37.5455428Z INFO     app.scheduler.services.notification_creation:notification_creation.py:64 Created overdue notification for invoice INV-8806 (326 days overdue)
Backend CI	Run tests	2026-03-17T02:41:37.5455860Z INFO     app.scheduler.services.notification_creation:notification_creation.py:64 Created overdue notification for invoice INV-7724 (147 days overdue)
Backend CI	Run tests	2026-03-17T02:41:37.5456293Z INFO     app.scheduler.services.notification_creation:notification_creation.py:64 Created overdue notification for invoice INV-1000 (175 days overdue)
Backend CI	Run tests	2026-03-17T02:41:37.5456723Z INFO     app.scheduler.services.notification_creation:notification_creation.py:64 Created overdue notification for invoice INV-2162 (193 days overdue)
Backend CI	Run tests	2026-03-17T02:41:37.5457154Z INFO     app.scheduler.services.notification_creation:notification_creation.py:64 Created overdue notification for invoice INV-8899 (290 days overdue)
Backend CI	Run tests	2026-03-17T02:41:37.5457582Z INFO     app.scheduler.services.notification_creation:notification_creation.py:64 Created overdue notification for invoice INV-4346 (39 days overdue)
Backend CI	Run tests	2026-03-17T02:41:37.5458007Z INFO     app.scheduler.services.notification_creation:notification_creation.py:64 Created overdue notification for invoice INV-4926 (159 days overdue)
Backend CI	Run tests	2026-03-17T02:41:37.5458492Z INFO     app.scheduler.services.notification_creation:notification_creation.py:64 Created overdue notification for invoice INV-3058 (126 days overdue)
Backend CI	Run tests	2026-03-17T02:41:37.5458919Z INFO     app.scheduler.services.notification_creation:notification_creation.py:64 Created overdue notification for invoice INV-6644 (283 days overdue)
Backend CI	Run tests	2026-03-17T02:41:37.5459351Z INFO     app.scheduler.services.notification_creation:notification_creation.py:64 Created overdue notification for invoice INV-6624 (250 days overdue)
Backend CI	Run tests	2026-03-17T02:41:37.5459781Z INFO     app.scheduler.services.notification_creation:notification_creation.py:64 Created overdue notification for invoice INV-1133 (237 days overdue)
Backend CI	Run tests	2026-03-17T02:41:37.5460208Z INFO     app.scheduler.services.notification_creation:notification_creation.py:64 Created overdue notification for invoice INV-4393 (329 days overdue)
Backend CI	Run tests	2026-03-17T02:41:37.5460637Z INFO     app.scheduler.services.notification_creation:notification_creation.py:64 Created overdue notification for invoice INV-4406 (63 days overdue)
Backend CI	Run tests	2026-03-17T02:41:37.5461062Z INFO     app.scheduler.services.notification_creation:notification_creation.py:64 Created overdue notification for invoice INV-2595 (283 days overdue)
Backend CI	Run tests	2026-03-17T02:41:37.5461597Z INFO     app.scheduler.services.notification_creation:notification_creation.py:64 Created overdue notification for invoice INV-6309 (339 days overdue)
Backend CI	Run tests	2026-03-17T02:41:37.5462019Z INFO     app.scheduler.services.notification_creation:notification_creation.py:64 Created overdue notification for invoice INV-1220 (68 days overdue)
Backend CI	Run tests	2026-03-17T02:41:37.5462450Z INFO     app.scheduler.services.notification_creation:notification_creation.py:64 Created overdue notification for invoice INV-3729 (118 days overdue)
Backend CI	Run tests	2026-03-17T02:41:37.5463006Z INFO     app.scheduler.services.notification_creation:notification_creation.py:64 Created overdue notification for invoice INV-8269 (206 days overdue)
Backend CI	Run tests	2026-03-17T02:41:37.5463439Z INFO     app.scheduler.services.notification_creation:notification_creation.py:64 Created overdue notification for invoice INV-7995 (2 days overdue)
Backend CI	Run tests	2026-03-17T02:41:37.5463875Z INFO     app.scheduler.services.notification_creation:notification_creation.py:64 Created overdue notification for invoice INV-9999 (195 days overdue)
Backend CI	Run tests	2026-03-17T02:41:37.5464302Z INFO     app.scheduler.services.notification_creation:notification_creation.py:64 Created overdue notification for invoice INV-8816 (69 days overdue)
Backend CI	Run tests	2026-03-17T02:41:37.5464733Z INFO     app.scheduler.services.notification_creation:notification_creation.py:64 Created overdue notification for invoice INV-1001 (343 days overdue)
Backend CI	Run tests	2026-03-17T02:41:37.5465218Z INFO     app.scheduler.services.notification_creation:notification_creation.py:64 Created overdue notification for invoice INV-9331 (44 days overdue)
Backend CI	Run tests	2026-03-17T02:41:37.5465645Z INFO     app.scheduler.services.notification_creation:notification_creation.py:64 Created overdue notification for invoice INV-2366 (297 days overdue)
Backend CI	Run tests	2026-03-17T02:41:37.5466079Z INFO     app.scheduler.services.notification_creation:notification_creation.py:64 Created overdue notification for invoice INV-6797 (167 days overdue)
Backend CI	Run tests	2026-03-17T02:41:37.5466504Z INFO     app.scheduler.services.notification_creation:notification_creation.py:64 Created overdue notification for invoice INV-5349 (206 days overdue)
Backend CI	Run tests	2026-03-17T02:41:37.5466940Z INFO     app.scheduler.services.notification_creation:notification_creation.py:64 Created overdue notification for invoice INV-6361 (210 days overdue)
Backend CI	Run tests	2026-03-17T02:41:37.5467369Z INFO     app.scheduler.services.notification_creation:notification_creation.py:64 Created overdue notification for invoice INV-3713 (316 days overdue)
Backend CI	Run tests	2026-03-17T02:41:37.5467794Z INFO     app.scheduler.services.notification_creation:notification_creation.py:64 Created overdue notification for invoice INV-5810 (294 days overdue)
Backend CI	Run tests	2026-03-17T02:41:37.5468228Z INFO     app.scheduler.services.notification_creation:notification_creation.py:64 Created overdue notification for invoice INV-8206 (224 days overdue)
Backend CI	Run tests	2026-03-17T02:41:37.5468756Z INFO     app.scheduler.services.notification_creation:notification_creation.py:64 Created overdue notification for invoice INV-9116 (308 days overdue)
Backend CI	Run tests	2026-03-17T02:41:37.5469189Z INFO     app.scheduler.services.notification_creation:notification_creation.py:64 Created overdue notification for invoice INV-9499 (173 days overdue)
Backend CI	Run tests	2026-03-17T02:41:37.5469621Z INFO     app.scheduler.services.notification_creation:notification_creation.py:64 Created overdue notification for invoice INV-2697 (351 days overdue)
Backend CI	Run tests	2026-03-17T02:41:37.5470054Z INFO     app.scheduler.services.notification_creation:notification_creation.py:64 Created overdue notification for invoice INV-4622 (48 days overdue)
Backend CI	Run tests	2026-03-17T02:41:37.5470480Z INFO     app.scheduler.services.notification_creation:notification_creation.py:64 Created overdue notification for invoice INV-4328 (145 days overdue)
Backend CI	Run tests	2026-03-17T02:41:37.5470906Z INFO     app.scheduler.services.notification_creation:notification_creation.py:64 Created overdue notification for invoice INV-9335 (253 days overdue)
Backend CI	Run tests	2026-03-17T02:41:37.5471336Z INFO     app.scheduler.services.notification_creation:notification_creation.py:64 Created overdue notification for invoice INV-2964 (346 days overdue)
Backend CI	Run tests	2026-03-17T02:41:37.5471870Z INFO     app.scheduler.services.notification_creation:notification_creation.py:64 Created overdue notification for invoice INV-2126 (38 days overdue)
Backend CI	Run tests	2026-03-17T02:41:37.5472301Z INFO     app.scheduler.services.notification_creation:notification_creation.py:64 Created overdue notification for invoice INV-1287 (309 days overdue)
Backend CI	Run tests	2026-03-17T02:41:37.5472824Z INFO     app.scheduler.services.notification_creation:notification_creation.py:64 Created overdue notification for invoice INV-1207 (25 days overdue)
Backend CI	Run tests	2026-03-17T02:41:37.5473255Z INFO     app.scheduler.services.notification_creation:notification_creation.py:64 Created overdue notification for invoice INV-1321 (195 days overdue)
Backend CI	Run tests	2026-03-17T02:41:37.5473692Z INFO     app.scheduler.services.notification_creation:notification_creation.py:64 Created overdue notification for invoice INV-2736 (179 days overdue)
Backend CI	Run tests	2026-03-17T02:41:37.5474114Z INFO     app.scheduler.services.notification_creation:notification_creation.py:64 Created overdue notification for invoice INV-8751 (49 days overdue)
Backend CI	Run tests	2026-03-17T02:41:37.5474544Z INFO     app.scheduler.services.notification_creation:notification_creation.py:64 Created overdue notification for invoice INV-5126 (9 days overdue)
Backend CI	Run tests	2026-03-17T02:41:37.5475031Z INFO     app.scheduler.services.notification_creation:notification_creation.py:64 Created overdue notification for invoice INV-6030 (68 days overdue)
Backend CI	Run tests	2026-03-17T02:41:37.5475463Z INFO     app.scheduler.services.notification_creation:notification_creation.py:64 Created overdue notification for invoice INV-1001 (341 days overdue)
Backend CI	Run tests	2026-03-17T02:41:37.5475885Z INFO     app.scheduler.services.notification_creation:notification_creation.py:64 Created overdue notification for invoice INV-8554 (92 days overdue)
Backend CI	Run tests	2026-03-17T02:41:37.5476315Z INFO     app.scheduler.services.notification_creation:notification_creation.py:64 Created overdue notification for invoice INV-5783 (364 days overdue)
Backend CI	Run tests	2026-03-17T02:41:37.5476749Z INFO     app.scheduler.services.notification_creation:notification_creation.py:64 Created overdue notification for invoice INV-2977 (248 days overdue)
Backend CI	Run tests	2026-03-17T02:41:37.5477174Z INFO     app.scheduler.services.notification_creation:notification_creation.py:64 Created overdue notification for invoice INV-1331 (292 days overdue)
Backend CI	Run tests	2026-03-17T02:41:37.5477608Z INFO     app.scheduler.services.notification_creation:notification_creation.py:64 Created overdue notification for invoice INV-4099 (284 days overdue)
Backend CI	Run tests	2026-03-17T02:41:37.5478028Z INFO     app.scheduler.services.notification_creation:notification_creation.py:64 Created overdue notification for invoice INV-4339 (79 days overdue)
Backend CI	Run tests	2026-03-17T02:41:37.5478515Z INFO     app.scheduler.services.notification_creation:notification_creation.py:64 Created overdue notification for invoice INV-2787 (222 days overdue)
Backend CI	Run tests	2026-03-17T02:41:37.5478939Z INFO     app.scheduler.services.notification_creation:notification_creation.py:64 Created overdue notification for invoice INV-1711 (365 days overdue)
Backend CI	Run tests	2026-03-17T02:41:37.5479368Z INFO     app.scheduler.services.notification_creation:notification_creation.py:64 Created overdue notification for invoice INV-3100 (310 days overdue)
Backend CI	Run tests	2026-03-17T02:41:37.5479802Z INFO     app.scheduler.services.notification_creation:notification_creation.py:64 Created overdue notification for invoice INV-3168 (278 days overdue)
Backend CI	Run tests	2026-03-17T02:41:37.5480226Z INFO     app.scheduler.services.notification_creation:notification_creation.py:64 Created overdue notification for invoice INV-1531 (1 days overdue)
Backend CI	Run tests	2026-03-17T02:41:37.5480655Z INFO     app.scheduler.services.notification_creation:notification_creation.py:64 Created overdue notification for invoice INV-1828 (82 days overdue)
Backend CI	Run tests	2026-03-17T02:41:37.5481086Z INFO     app.scheduler.services.notification_creation:notification_creation.py:64 Created overdue notification for invoice INV-8849 (173 days overdue)
Backend CI	Run tests	2026-03-17T02:41:37.5481512Z INFO     app.scheduler.services.notification_creation:notification_creation.py:64 Created overdue notification for invoice INV-3918 (145 days overdue)
Backend CI	Run tests	2026-03-17T02:41:37.5482053Z INFO     app.scheduler.services.notification_creation:notification_creation.py:64 Created overdue notification for invoice INV-7204 (292 days overdue)
Backend CI	Run tests	2026-03-17T02:41:37.5482480Z INFO     app.scheduler.services.notification_creation:notification_creation.py:64 Created overdue notification for invoice INV-1409 (266 days overdue)
Backend CI	Run tests	2026-03-17T02:41:37.5483036Z INFO     app.scheduler.services.notification_creation:notification_creation.py:64 Created overdue notification for invoice INV-3297 (337 days overdue)
Backend CI	Run tests	2026-03-17T02:41:37.5483463Z INFO     app.scheduler.services.notification_creation:notification_creation.py:64 Created overdue notification for invoice INV-2371 (86 days overdue)
Backend CI	Run tests	2026-03-17T02:41:37.5483898Z INFO     app.scheduler.services.notification_creation:notification_creation.py:64 Created overdue notification for invoice INV-3994 (101 days overdue)
Backend CI	Run tests	2026-03-17T02:41:37.5484324Z INFO     app.scheduler.services.notification_creation:notification_creation.py:64 Created overdue notification for invoice INV-6159 (118 days overdue)
Backend CI	Run tests	2026-03-17T02:41:37.5484757Z INFO     app.scheduler.services.notification_creation:notification_creation.py:64 Created overdue notification for invoice INV-7348 (136 days overdue)
Backend CI	Run tests	2026-03-17T02:41:37.5485251Z INFO     app.scheduler.services.notification_creation:notification_creation.py:64 Created overdue notification for invoice INV-3021 (315 days overdue)
Backend CI	Run tests	2026-03-17T02:41:37.5485669Z INFO     app.scheduler.services.notification_creation:notification_creation.py:64 Created overdue notification for invoice INV-9171 (1 days overdue)
Backend CI	Run tests	2026-03-17T02:41:37.5486102Z INFO     app.scheduler.services.notification_creation:notification_creation.py:64 Created overdue notification for invoice INV-4175 (150 days overdue)
Backend CI	Run tests	2026-03-17T02:41:37.5486529Z INFO     app.scheduler.services.notification_creation:notification_creation.py:64 Created overdue notification for invoice INV-4088 (252 days overdue)
Backend CI	Run tests	2026-03-17T02:41:37.5486960Z INFO     app.scheduler.services.notification_creation:notification_creation.py:64 Created overdue notification for invoice INV-5213 (360 days overdue)
Backend CI	Run tests	2026-03-17T02:41:37.5487394Z INFO     app.scheduler.services.notification_creation:notification_creation.py:64 Created overdue notification for invoice INV-4646 (106 days overdue)
Backend CI	Run tests	2026-03-17T02:41:37.5487820Z INFO     app.scheduler.services.notification_creation:notification_creation.py:64 Created overdue notification for invoice INV-7683 (365 days overdue)
Backend CI	Run tests	2026-03-17T02:41:37.5488252Z INFO     app.scheduler.services.notification_creation:notification_creation.py:64 Created overdue notification for invoice INV-8877 (100 days overdue)
Backend CI	Run tests	2026-03-17T02:41:37.5488731Z INFO     app.scheduler.services.notification_creation:notification_creation.py:64 Created overdue notification for invoice INV-3597 (57 days overdue)
Backend CI	Run tests	2026-03-17T02:41:37.5489165Z INFO     app.scheduler.services.notification_creation:notification_creation.py:64 Created overdue notification for invoice INV-2271 (179 days overdue)
Backend CI	Run tests	2026-03-17T02:41:37.5489605Z INFO     app.scheduler.services.notification_creation:notification_creation.py:64 Created overdue notification for invoice INV-1822 (164 days overdue)
Backend CI	Run tests	2026-03-17T02:41:37.5490030Z INFO     app.scheduler.services.notification_creation:notification_creation.py:64 Created overdue notification for invoice INV-3249 (222 days overdue)
Backend CI	Run tests	2026-03-17T02:41:37.5490466Z INFO     app.scheduler.services.notification_creation:notification_creation.py:64 Created overdue notification for invoice INV-5673 (323 days overdue)
Backend CI	Run tests	2026-03-17T02:41:37.5490892Z INFO     app.scheduler.services.notification_creation:notification_creation.py:64 Created overdue notification for invoice INV-5651 (304 days overdue)
Backend CI	Run tests	2026-03-17T02:41:37.5491326Z INFO     app.scheduler.services.notification_creation:notification_creation.py:64 Created overdue notification for invoice INV-6334 (247 days overdue)
Backend CI	Run tests	2026-03-17T02:41:37.5491752Z INFO     app.scheduler.services.notification_creation:notification_creation.py:64 Created overdue notification for invoice INV-9478 (332 days overdue)
Backend CI	Run tests	2026-03-17T02:41:37.5492289Z INFO     app.scheduler.services.notification_creation:notification_creation.py:64 Created overdue notification for invoice INV-5903 (260 days overdue)
Backend CI	Run tests	2026-03-17T02:41:37.5492813Z INFO     app.scheduler.services.notification_creation:notification_creation.py:64 Created overdue notification for invoice INV-4060 (93 days overdue)
Backend CI	Run tests	2026-03-17T02:41:37.5493242Z INFO     app.scheduler.services.notification_creation:notification_creation.py:64 Created overdue notification for invoice INV-9288 (141 days overdue)
Backend CI	Run tests	2026-03-17T02:41:37.5493674Z INFO     app.scheduler.services.notification_creation:notification_creation.py:64 Created overdue notification for invoice INV-8199 (147 days overdue)
Backend CI	Run tests	2026-03-17T02:41:37.5494106Z INFO     app.scheduler.services.notification_creation:notification_creation.py:64 Created overdue notification for invoice INV-1975 (220 days overdue)
Backend CI	Run tests	2026-03-17T02:41:37.5494544Z INFO     app.scheduler.services.notification_creation:notification_creation.py:64 Created overdue notification for invoice INV-6493 (342 days overdue)
Backend CI	Run tests	2026-03-17T02:41:37.5494965Z INFO     app.scheduler.services.notification_creation:notification_creation.py:64 Created overdue notification for invoice INV-5458 (83 days overdue)
Backend CI	Run tests	2026-03-17T02:41:37.5495455Z INFO     app.scheduler.services.notification_creation:notification_creation.py:64 Created overdue notification for invoice INV-8497 (116 days overdue)
Backend CI	Run tests	2026-03-17T02:41:37.5495890Z INFO     app.scheduler.services.notification_creation:notification_creation.py:64 Created overdue notification for invoice INV-4715 (119 days overdue)
Backend CI	Run tests	2026-03-17T02:41:37.5496316Z INFO     app.scheduler.services.notification_creation:notification_creation.py:64 Created overdue notification for invoice INV-6047 (301 days overdue)
Backend CI	Run tests	2026-03-17T02:41:37.5496747Z INFO     app.scheduler.services.notification_creation:notification_creation.py:64 Created overdue notification for invoice INV-8659 (361 days overdue)
Backend CI	Run tests	2026-03-17T02:41:37.5497175Z INFO     app.scheduler.services.notification_creation:notification_creation.py:64 Created overdue notification for invoice INV-1326 (189 days overdue)
Backend CI	Run tests	2026-03-17T02:41:37.5497610Z INFO     app.scheduler.services.notification_creation:notification_creation.py:64 Created overdue notification for invoice INV-3885 (181 days overdue)
Backend CI	Run tests	2026-03-17T02:41:37.5498036Z INFO     app.scheduler.services.notification_creation:notification_creation.py:64 Created overdue notification for invoice INV-8625 (160 days overdue)
Backend CI	Run tests	2026-03-17T02:41:37.5498462Z INFO     app.scheduler.services.notification_creation:notification_creation.py:64 Created overdue notification for invoice INV-1538 (287 days overdue)
Backend CI	Run tests	2026-03-17T02:41:37.5498950Z INFO     app.scheduler.services.notification_creation:notification_creation.py:64 Created overdue notification for invoice INV-9999 (244 days overdue)
Backend CI	Run tests	2026-03-17T02:41:37.5499374Z INFO     app.scheduler.services.notification_creation:notification_creation.py:64 Created overdue notification for invoice INV-4421 (248 days overdue)
Backend CI	Run tests	2026-03-17T02:41:37.5499809Z INFO     app.scheduler.services.notification_creation:notification_creation.py:64 Created overdue notification for invoice INV-7428 (328 days overdue)
Backend CI	Run tests	2026-03-17T02:41:37.5500242Z INFO     app.scheduler.services.notification_creation:notification_creation.py:64 Created overdue notification for invoice INV-3632 (135 days overdue)
Backend CI	Run tests	2026-03-17T02:41:37.5500669Z INFO     app.scheduler.services.notification_creation:notification_creation.py:64 Created overdue notification for invoice INV-1736 (220 days overdue)
Backend CI	Run tests	2026-03-17T02:41:37.5501097Z INFO     app.scheduler.services.notification_creation:notification_creation.py:64 Created overdue notification for invoice INV-7657 (32 days overdue)
Backend CI	Run tests	2026-03-17T02:41:37.5501525Z INFO     app.scheduler.services.notification_creation:notification_creation.py:64 Created overdue notification for invoice INV-9279 (339 days overdue)
Backend CI	Run tests	2026-03-17T02:41:37.5502066Z INFO     app.scheduler.services.notification_creation:notification_creation.py:64 Created overdue notification for invoice INV-6823 (190 days overdue)
Backend CI	Run tests	2026-03-17T02:41:37.5502493Z INFO     app.scheduler.services.notification_creation:notification_creation.py:64 Created overdue notification for invoice INV-8030 (208 days overdue)
Backend CI	Run tests	2026-03-17T02:41:37.5503055Z INFO     app.scheduler.services.notification_creation:notification_creation.py:64 Created overdue notification for invoice INV-5137 (326 days overdue)
Backend CI	Run tests	2026-03-17T02:41:37.5503481Z INFO     app.scheduler.services.notification_creation:notification_creation.py:64 Created overdue notification for invoice INV-6490 (23 days overdue)
Backend CI	Run tests	2026-03-17T02:41:37.5503912Z INFO     app.scheduler.services.notification_creation:notification_creation.py:64 Created overdue notification for invoice INV-9595 (190 days overdue)
Backend CI	Run tests	2026-03-17T02:41:37.5504345Z INFO     app.scheduler.services.notification_creation:notification_creation.py:64 Created overdue notification for invoice INV-7387 (258 days overdue)
Backend CI	Run tests	2026-03-17T02:41:37.5504769Z INFO     app.scheduler.services.notification_creation:notification_creation.py:64 Created overdue notification for invoice INV-9521 (6 days overdue)
Backend CI	Run tests	2026-03-17T02:41:37.5505201Z INFO     app.scheduler.services.notification_creation:notification_creation.py:64 Created overdue notification for invoice INV-6597 (271 days overdue)
Backend CI	Run tests	2026-03-17T02:41:37.5505690Z INFO     app.scheduler.services.notification_creation:notification_creation.py:64 Created overdue notification for invoice INV-1001 (126 days overdue)
Backend CI	Run tests	2026-03-17T02:41:37.5506123Z INFO     app.scheduler.services.notification_creation:notification_creation.py:64 Created overdue notification for invoice INV-5146 (330 days overdue)
Backend CI	Run tests	2026-03-17T02:41:37.5506551Z INFO     app.scheduler.services.notification_creation:notification_creation.py:64 Created overdue notification for invoice INV-5017 (232 days overdue)
Backend CI	Run tests	2026-03-17T02:41:37.5506979Z INFO     app.scheduler.services.notification_creation:notification_creation.py:64 Created overdue notification for invoice INV-1958 (248 days overdue)
Backend CI	Run tests	2026-03-17T02:41:37.5507408Z INFO     app.scheduler.services.notification_creation:notification_creation.py:64 Created overdue notification for invoice INV-1374 (1 days overdue)
Backend CI	Run tests	2026-03-17T02:41:37.5507828Z INFO     app.scheduler.services.notification_creation:notification_creation.py:64 Created overdue notification for invoice INV-1612 (9 days overdue)
Backend CI	Run tests	2026-03-17T02:41:37.5508259Z INFO     app.scheduler.services.notification_creation:notification_creation.py:64 Created overdue notification for invoice INV-1258 (24 days overdue)
Backend CI	Run tests	2026-03-17T02:41:37.5508686Z INFO     app.scheduler.services.notification_creation:notification_creation.py:64 Created overdue notification for invoice INV-5179 (115 days overdue)
Backend CI	Run tests	2026-03-17T02:41:37.5509170Z INFO     app.scheduler.services.notification_creation:notification_creation.py:64 Created overdue notification for invoice INV-7026 (193 days overdue)
Backend CI	Run tests	2026-03-17T02:41:37.5509604Z INFO     app.scheduler.services.notification_creation:notification_creation.py:64 Created overdue notification for invoice INV-1405 (25 days overdue)
Backend CI	Run tests	2026-03-17T02:41:37.5510029Z INFO     app.scheduler.services.notification_creation:notification_creation.py:64 Created overdue notification for invoice INV-3925 (24 days overdue)
Backend CI	Run tests	2026-03-17T02:41:37.5510465Z INFO     app.scheduler.services.notification_creation:notification_creation.py:64 Created overdue notification for invoice INV-5355 (208 days overdue)
Backend CI	Run tests	2026-03-17T02:41:37.5510895Z INFO     app.scheduler.services.notification_creation:notification_creation.py:64 Created overdue notification for invoice INV-4377 (212 days overdue)
Backend CI	Run tests	2026-03-17T02:41:37.5511326Z INFO     app.scheduler.services.notification_creation:notification_creation.py:64 Created overdue notification for invoice INV-4532 (17 days overdue)
Backend CI	Run tests	2026-03-17T02:41:37.5511753Z INFO     app.scheduler.services.notification_creation:notification_creation.py:64 Created overdue notification for invoice INV-3964 (193 days overdue)
Backend CI	Run tests	2026-03-17T02:41:37.5512280Z INFO     app.scheduler.services.notification_creation:notification_creation.py:64 Created overdue notification for invoice INV-7743 (60 days overdue)
Backend CI	Run tests	2026-03-17T02:41:37.5512831Z INFO     app.scheduler.services.notification_creation:notification_creation.py:64 Created overdue notification for invoice INV-6394 (341 days overdue)
Backend CI	Run tests	2026-03-17T02:41:37.5513258Z INFO     app.scheduler.services.notification_creation:notification_creation.py:64 Created overdue notification for invoice INV-5854 (49 days overdue)
Backend CI	Run tests	2026-03-17T02:41:37.5513695Z INFO     app.scheduler.services.notification_creation:notification_creation.py:64 Created overdue notification for invoice INV-4544 (364 days overdue)
Backend CI	Run tests	2026-03-17T02:41:37.5514120Z INFO     app.scheduler.services.notification_creation:notification_creation.py:64 Created overdue notification for invoice INV-1031 (36 days overdue)
Backend CI	Run tests	2026-03-17T02:41:37.5514546Z INFO     app.scheduler.services.notification_creation:notification_creation.py:64 Created overdue notification for invoice INV-5489 (351 days overdue)
Backend CI	Run tests	2026-03-17T02:41:37.5514977Z INFO     app.scheduler.services.notification_creation:notification_creation.py:64 Created overdue notification for invoice INV-3936 (87 days overdue)
Backend CI	Run tests	2026-03-17T02:41:37.5515404Z INFO     app.scheduler.services.notification_creation:notification_creation.py:64 Created overdue notification for invoice INV-4302 (330 days overdue)
Backend CI	Run tests	2026-03-17T02:41:37.5515907Z INFO     app.scheduler.services.notification_creation:notification_creation.py:64 Created overdue notification for invoice INV-1000 (269 days overdue)
Backend CI	Run tests	2026-03-17T02:41:37.5516327Z INFO     app.scheduler.services.notification_creation:notification_creation.py:64 Created overdue notification for invoice INV-8027 (92 days overdue)
Backend CI	Run tests	2026-03-17T02:41:37.5516763Z INFO     app.scheduler.services.notification_creation:notification_creation.py:64 Created overdue notification for invoice INV-9647 (277 days overdue)
Backend CI	Run tests	2026-03-17T02:41:37.5517188Z INFO     app.scheduler.services.notification_creation:notification_creation.py:64 Created overdue notification for invoice INV-9398 (48 days overdue)
Backend CI	Run tests	2026-03-17T02:41:37.5517613Z INFO     app.scheduler.services.notification_creation:notification_creation.py:64 Created overdue notification for invoice INV-2285 (48 days overdue)
Backend CI	Run tests	2026-03-17T02:41:37.5518045Z INFO     app.scheduler.services.notification_creation:notification_creation.py:64 Created overdue notification for invoice INV-6769 (84 days overdue)
Backend CI	Run tests	2026-03-17T02:41:37.5518467Z INFO     app.scheduler.services.notification_creation:notification_creation.py:64 Created overdue notification for invoice INV-7313 (55 days overdue)
Backend CI	Run tests	2026-03-17T02:41:37.5518901Z INFO     app.scheduler.services.notification_creation:notification_creation.py:64 Created overdue notification for invoice INV-6290 (233 days overdue)
Backend CI	Run tests	2026-03-17T02:41:37.5519430Z INFO     app.scheduler.services.notification_creation:notification_creation.py:64 Created overdue notification for invoice INV-1332 (194 days overdue)
Backend CI	Run tests	2026-03-17T02:41:37.5519866Z INFO     app.scheduler.services.notification_creation:notification_creation.py:64 Created overdue notification for invoice INV-7473 (277 days overdue)
Backend CI	Run tests	2026-03-17T02:41:37.5520293Z INFO     app.scheduler.services.notification_creation:notification_creation.py:64 Created overdue notification for invoice INV-4660 (177 days overdue)
Backend CI	Run tests	2026-03-17T02:41:37.5520720Z INFO     app.scheduler.services.notification_creation:notification_creation.py:64 Created overdue notification for invoice INV-3863 (160 days overdue)
Backend CI	Run tests	2026-03-17T02:41:37.5521153Z INFO     app.scheduler.services.notification_creation:notification_creation.py:64 Created overdue notification for invoice INV-1504 (230 days overdue)
Backend CI	Run tests	2026-03-17T02:41:37.5521585Z INFO     app.scheduler.services.notification_creation:notification_creation.py:64 Created overdue notification for invoice INV-9787 (287 days overdue)
Backend CI	Run tests	2026-03-17T02:41:37.5522020Z INFO     app.scheduler.services.notification_creation:notification_creation.py:64 Created overdue notification for invoice INV-8065 (328 days overdue)
Backend CI	Run tests	2026-03-17T02:41:37.5522549Z INFO     app.scheduler.services.notification_creation:notification_creation.py:64 Created overdue notification for invoice INV-8401 (148 days overdue)
Backend CI	Run tests	2026-03-17T02:41:37.5523104Z INFO     app.scheduler.services.notification_creation:notification_creation.py:64 Created overdue notification for invoice INV-5974 (193 days overdue)
Backend CI	Run tests	2026-03-17T02:41:37.5523545Z INFO     app.scheduler.services.notification_creation:notification_creation.py:64 Created overdue notification for invoice INV-8505 (91 days overdue)
Backend CI	Run tests	2026-03-17T02:41:37.5523969Z INFO     app.scheduler.services.notification_creation:notification_creation.py:64 Created overdue notification for invoice INV-1535 (254 days overdue)
Backend CI	Run tests	2026-03-17T02:41:37.5524406Z INFO     app.scheduler.services.notification_creation:notification_creation.py:64 Created overdue notification for invoice INV-4427 (205 days overdue)
Backend CI	Run tests	2026-03-17T02:41:37.5524831Z INFO     app.scheduler.services.notification_creation:notification_creation.py:64 Created overdue notification for invoice INV-4793 (241 days overdue)
Backend CI	Run tests	2026-03-17T02:41:37.5525267Z INFO     app.scheduler.services.notification_creation:notification_creation.py:64 Created overdue notification for invoice INV-7179 (87 days overdue)
Backend CI	Run tests	2026-03-17T02:41:37.5525751Z INFO     app.scheduler.services.notification_creation:notification_creation.py:64 Created overdue notification for invoice INV-3313 (4 days overdue)
Backend CI	Run tests	2026-03-17T02:41:37.5526176Z INFO     app.scheduler.services.notification_creation:notification_creation.py:64 Created overdue notification for invoice INV-1929 (365 days overdue)
Backend CI	Run tests	2026-03-17T02:41:37.5526611Z INFO     app.scheduler.services.notification_creation:notification_creation.py:64 Created overdue notification for invoice INV-8226 (201 days overdue)
Backend CI	Run tests	2026-03-17T02:41:37.5527040Z INFO     app.scheduler.services.notification_creation:notification_creation.py:64 Created overdue notification for invoice INV-2364 (307 days overdue)
Backend CI	Run tests	2026-03-17T02:41:37.5527477Z INFO     app.scheduler.services.notification_creation:notification_creation.py:64 Created overdue notification for invoice INV-4444 (122 days overdue)
Backend CI	Run tests	2026-03-17T02:41:37.5527903Z INFO     app.scheduler.services.notification_creation:notification_creation.py:64 Created overdue notification for invoice INV-8677 (65 days overdue)
Backend CI	Run tests	2026-03-17T02:41:37.5528337Z INFO     app.scheduler.services.notification_creation:notification_creation.py:64 Created overdue notification for invoice INV-7848 (350 days overdue)
Backend CI	Run tests	2026-03-17T02:41:37.5528764Z INFO     app.scheduler.services.notification_creation:notification_creation.py:64 Created overdue notification for invoice INV-9776 (163 days overdue)
Backend CI	Run tests	2026-03-17T02:41:37.5529251Z INFO     app.scheduler.services.notification_creation:notification_creation.py:64 Created overdue notification for invoice INV-1850 (364 days overdue)
Backend CI	Run tests	2026-03-17T02:41:37.5529695Z INFO     app.scheduler.services.notification_creation:notification_creation.py:64 Created overdue notification for invoice INV-1497 (120 days overdue)
Backend CI	Run tests	2026-03-17T02:41:37.5530126Z INFO     app.scheduler.services.notification_creation:notification_creation.py:64 Created overdue notification for invoice INV-5599 (148 days overdue)
Backend CI	Run tests	2026-03-17T02:41:37.5530561Z INFO     app.scheduler.services.notification_creation:notification_creation.py:64 Created overdue notification for invoice INV-2519 (288 days overdue)
Backend CI	Run tests	2026-03-17T02:41:37.5530988Z INFO     app.scheduler.services.notification_creation:notification_creation.py:64 Created overdue notification for invoice INV-7658 (70 days overdue)
Backend CI	Run tests	2026-03-17T02:41:37.5531413Z INFO     app.scheduler.services.notification_creation:notification_creation.py:64 Created overdue notification for invoice INV-9667 (128 days overdue)
Backend CI	Run tests	2026-03-17T02:41:37.5531850Z INFO     app.scheduler.services.notification_creation:notification_creation.py:64 Created overdue notification for invoice INV-1000 (102 days overdue)
Backend CI	Run tests	2026-03-17T02:41:37.5532275Z INFO     app.scheduler.services.notification_creation:notification_creation.py:64 Created overdue notification for invoice INV-9948 (254 days overdue)
Backend CI	Run tests	2026-03-17T02:41:37.5532915Z INFO     app.scheduler.services.notification_creation:notification_creation.py:64 Created overdue notification for invoice INV-4828 (173 days overdue)
Backend CI	Run tests	2026-03-17T02:41:37.5533343Z INFO     app.scheduler.services.notification_creation:notification_creation.py:64 Created overdue notification for invoice INV-1861 (206 days overdue)
Backend CI	Run tests	2026-03-17T02:41:37.5533779Z INFO     app.scheduler.services.notification_creation:notification_creation.py:64 Created overdue notification for invoice INV-3013 (213 days overdue)
Backend CI	Run tests	2026-03-17T02:41:37.5534209Z INFO     app.scheduler.services.notification_creation:notification_creation.py:64 Created overdue notification for invoice INV-1383 (320 days overdue)
Backend CI	Run tests	2026-03-17T02:41:37.5534642Z INFO     app.scheduler.services.notification_creation:notification_creation.py:64 Created overdue notification for invoice INV-7115 (234 days overdue)
Backend CI	Run tests	2026-03-17T02:41:37.5535077Z INFO     app.scheduler.services.notification_creation:notification_creation.py:64 Created overdue notification for invoice INV-1459 (152 days overdue)
Backend CI	Run tests	2026-03-17T02:41:37.5535532Z INFO     app.scheduler.services.notification_creation:notification_creation.py:64 Created overdue notification for invoice INV-7549 (322 days overdue)
Backend CI	Run tests	2026-03-17T02:41:37.5536030Z INFO     app.scheduler.services.notification_creation:notification_creation.py:64 Created overdue notification for invoice INV-6901 (213 days overdue)
Backend CI	Run tests	2026-03-17T02:41:37.5536456Z INFO     app.scheduler.services.notification_creation:notification_creation.py:64 Created overdue notification for invoice INV-6766 (286 days overdue)
Backend CI	Run tests	2026-03-17T02:41:37.5536882Z INFO     app.scheduler.services.notification_creation:notification_creation.py:64 Created overdue notification for invoice INV-3104 (48 days overdue)
Backend CI	Run tests	2026-03-17T02:41:37.5537314Z INFO     app.scheduler.services.notification_creation:notification_creation.py:64 Created overdue notification for invoice INV-3007 (234 days overdue)
Backend CI	Run tests	2026-03-17T02:41:37.5537740Z INFO     app.scheduler.services.notification_creation:notification_creation.py:64 Created overdue notification for invoice INV-3137 (95 days overdue)
Backend CI	Run tests	2026-03-17T02:41:37.5538167Z INFO     app.scheduler.services.notification_creation:notification_creation.py:64 Created overdue notification for invoice INV-5514 (91 days overdue)
Backend CI	Run tests	2026-03-17T02:41:37.5538597Z INFO     app.scheduler.services.notification_creation:notification_creation.py:64 Created overdue notification for invoice INV-2491 (161 days overdue)
Backend CI	Run tests	2026-03-17T02:41:37.5539025Z INFO     app.scheduler.services.notification_creation:notification_creation.py:64 Created overdue notification for invoice INV-8713 (92 days overdue)
Backend CI	Run tests	2026-03-17T02:41:37.5539518Z INFO     app.scheduler.services.notification_creation:notification_creation.py:64 Created overdue notification for invoice INV-7124 (112 days overdue)
Backend CI	Run tests	2026-03-17T02:41:37.5539945Z INFO     app.scheduler.services.notification_creation:notification_creation.py:64 Created overdue notification for invoice INV-7544 (176 days overdue)
Backend CI	Run tests	2026-03-17T02:41:37.5540377Z INFO     app.scheduler.services.notification_creation:notification_creation.py:64 Created overdue notification for invoice INV-9760 (33 days overdue)
Backend CI	Run tests	2026-03-17T02:41:37.5540806Z INFO     app.scheduler.services.notification_creation:notification_creation.py:64 Created overdue notification for invoice INV-3547 (181 days overdue)
Backend CI	Run tests	2026-03-17T02:41:37.5541233Z INFO     app.scheduler.services.notification_creation:notification_creation.py:64 Created overdue notification for invoice INV-9834 (96 days overdue)
Backend CI	Run tests	2026-03-17T02:41:37.5541660Z INFO     app.scheduler.services.notification_creation:notification_creation.py:64 Created overdue notification for invoice INV-5831 (193 days overdue)
Backend CI	Run tests	2026-03-17T02:41:37.5542096Z INFO     app.scheduler.services.notification_creation:notification_creation.py:64 Created overdue notification for invoice INV-6104 (299 days overdue)
Backend CI	Run tests	2026-03-17T02:41:37.5542515Z INFO     app.scheduler.services.notification_creation:notification_creation.py:64 Created overdue notification for invoice INV-8844 (15 days overdue)
Backend CI	Run tests	2026-03-17T02:41:37.5543178Z INFO     app.scheduler.services.notification_creation:notification_creation.py:64 Created overdue notification for invoice INV-9065 (237 days overdue)
Backend CI	Run tests	2026-03-17T02:41:37.5543614Z INFO     app.scheduler.services.notification_creation:notification_creation.py:64 Created overdue notification for invoice INV-7358 (68 days overdue)
Backend CI	Run tests	2026-03-17T02:41:37.5544043Z INFO     app.scheduler.services.notification_creation:notification_creation.py:64 Created overdue notification for invoice INV-6598 (159 days overdue)
Backend CI	Run tests	2026-03-17T02:41:37.5544475Z INFO     app.scheduler.services.notification_creation:notification_creation.py:64 Created overdue notification for invoice INV-1001 (109 days overdue)
Backend CI	Run tests	2026-03-17T02:41:37.5544906Z INFO     app.scheduler.services.notification_creation:notification_creation.py:64 Created overdue notification for invoice INV-7767 (328 days overdue)
Backend CI	Run tests	2026-03-17T02:41:37.5545338Z INFO     app.scheduler.services.notification_creation:notification_creation.py:64 Created overdue notification for invoice INV-9999 (365 days overdue)
Backend CI	Run tests	2026-03-17T02:41:37.5545769Z INFO     app.scheduler.services.notification_creation:notification_creation.py:64 Created overdue notification for invoice INV-2839 (142 days overdue)
Backend CI	Run tests	2026-03-17T02:41:37.5546294Z INFO     app.scheduler.services.notification_creation:notification_creation.py:64 Created overdue notification for invoice INV-5895 (266 days overdue)
Backend CI	Run tests	2026-03-17T02:41:37.5546725Z INFO     app.scheduler.services.notification_creation:notification_creation.py:64 Created overdue notification for invoice INV-6701 (243 days overdue)
Backend CI	Run tests	2026-03-17T02:41:37.5547155Z INFO     app.scheduler.services.notification_creation:notification_creation.py:64 Created overdue notification for invoice INV-7736 (364 days overdue)
Backend CI	Run tests	2026-03-17T02:41:37.5547585Z INFO     app.scheduler.services.notification_creation:notification_creation.py:64 Created overdue notification for invoice INV-6553 (148 days overdue)
Backend CI	Run tests	2026-03-17T02:41:37.5548011Z INFO     app.scheduler.services.notification_creation:notification_creation.py:64 Created overdue notification for invoice INV-5516 (93 days overdue)
Backend CI	Run tests	2026-03-17T02:41:37.5548432Z INFO     app.scheduler.services.notification_creation:notification_creation.py:64 Created overdue notification for invoice INV-3907 (55 days overdue)
Backend CI	Run tests	2026-03-17T02:41:37.5548869Z INFO     app.scheduler.services.notification_creation:notification_creation.py:64 Created overdue notification for invoice INV-1100 (364 days overdue)
Backend CI	Run tests	2026-03-17T02:41:37.5549297Z INFO     app.scheduler.services.notification_creation:notification_creation.py:64 Created overdue notification for invoice INV-6010 (136 days overdue)
Backend CI	Run tests	2026-03-17T02:41:37.5549793Z INFO     app.scheduler.services.notification_creation:notification_creation.py:64 Created overdue notification for invoice INV-5296 (336 days overdue)
Backend CI	Run tests	2026-03-17T02:41:37.5550215Z INFO     app.scheduler.services.notification_creation:notification_creation.py:64 Created overdue notification for invoice INV-6817 (68 days overdue)
Backend CI	Run tests	2026-03-17T02:41:37.5550645Z INFO     app.scheduler.services.notification_creation:notification_creation.py:64 Created overdue notification for invoice INV-3873 (311 days overdue)
Backend CI	Run tests	2026-03-17T02:41:37.5551072Z INFO     app.scheduler.services.notification_creation:notification_creation.py:64 Created overdue notification for invoice INV-3561 (51 days overdue)
Backend CI	Run tests	2026-03-17T02:41:37.5551500Z INFO     app.scheduler.services.notification_creation:notification_creation.py:64 Created overdue notification for invoice INV-5161 (360 days overdue)
Backend CI	Run tests	2026-03-17T02:41:37.5551935Z INFO     app.scheduler.services.notification_creation:notification_creation.py:64 Created overdue notification for invoice INV-3328 (262 days overdue)
Backend CI	Run tests	2026-03-17T02:41:37.5552365Z INFO     app.scheduler.services.notification_creation:notification_creation.py:64 Created overdue notification for invoice INV-3688 (183 days overdue)
Backend CI	Run tests	2026-03-17T02:41:37.5552997Z INFO     app.scheduler.services.notification_creation:notification_creation.py:64 Created overdue notification for invoice INV-2352 (329 days overdue)
Backend CI	Run tests	2026-03-17T02:41:37.5553427Z INFO     app.scheduler.services.notification_creation:notification_creation.py:64 Created overdue notification for invoice INV-3606 (171 days overdue)
Backend CI	Run tests	2026-03-17T02:41:37.5553870Z INFO     app.scheduler.services.notification_creation:notification_creation.py:64 Created overdue notification for invoice INV-8472 (365 days overdue)
Backend CI	Run tests	2026-03-17T02:41:37.5554307Z INFO     app.scheduler.services.notification_creation:notification_creation.py:64 Created overdue notification for invoice INV-3703 (211 days overdue)
Backend CI	Run tests	2026-03-17T02:41:37.5554742Z INFO     app.scheduler.services.notification_creation:notification_creation.py:64 Created overdue notification for invoice INV-9999 (172 days overdue)
Backend CI	Run tests	2026-03-17T02:41:37.5555170Z INFO     app.scheduler.services.notification_creation:notification_creation.py:64 Created overdue notification for invoice INV-9928 (74 days overdue)
Backend CI	Run tests	2026-03-17T02:41:37.5555601Z INFO     app.scheduler.services.notification_creation:notification_creation.py:64 Created overdue notification for invoice INV-5699 (256 days overdue)
Backend CI	Run tests	2026-03-17T02:41:37.5556052Z INFO     app.scheduler.services.notification_creation:notification_creation.py:64 Created overdue notification for invoice INV-1733 (130 days overdue)
Backend CI	Run tests	2026-03-17T02:41:37.5556549Z INFO     app.scheduler.services.notification_creation:notification_creation.py:64 Created overdue notification for invoice INV-7006 (258 days overdue)
Backend CI	Run tests	2026-03-17T02:41:37.5556971Z INFO     app.scheduler.services.notification_creation:notification_creation.py:64 Created overdue notification for invoice INV-4533 (24 days overdue)
Backend CI	Run tests	2026-03-17T02:41:37.5557407Z INFO     app.scheduler.services.notification_creation:notification_creation.py:64 Created overdue notification for invoice INV-9806 (193 days overdue)
Backend CI	Run tests	2026-03-17T02:41:37.5557830Z INFO     app.scheduler.services.notification_creation:notification_creation.py:64 Created overdue notification for invoice INV-6285 (73 days overdue)
Backend CI	Run tests	2026-03-17T02:41:37.5558260Z INFO     app.scheduler.services.notification_creation:notification_creation.py:64 Created overdue notification for invoice INV-8002 (47 days overdue)
Backend CI	Run tests	2026-03-17T02:41:37.5558686Z INFO     app.scheduler.services.notification_creation:notification_creation.py:64 Created overdue notification for invoice INV-2502 (183 days overdue)
Backend CI	Run tests	2026-03-17T02:41:37.5559109Z INFO     app.scheduler.services.notification_creation:notification_creation.py:64 Created overdue notification for invoice INV-9818 (7 days overdue)
Backend CI	Run tests	2026-03-17T02:41:37.5559550Z INFO     app.scheduler.services.notification_creation:notification_creation.py:64 Created overdue notification for invoice INV-6736 (319 days overdue)
Backend CI	Run tests	2026-03-17T02:41:37.5560029Z INFO     app.scheduler.services.notification_creation:notification_creation.py:64 Created overdue notification for invoice INV-2702 (172 days overdue)
Backend CI	Run tests	2026-03-17T02:41:37.5560463Z INFO     app.scheduler.services.notification_creation:notification_creation.py:64 Created overdue notification for invoice INV-7937 (60 days overdue)
Backend CI	Run tests	2026-03-17T02:41:37.5560892Z INFO     app.scheduler.services.notification_creation:notification_creation.py:64 Created overdue notification for invoice INV-7582 (327 days overdue)
Backend CI	Run tests	2026-03-17T02:41:37.5561321Z INFO     app.scheduler.services.notification_creation:notification_creation.py:64 Created overdue notification for invoice INV-8143 (61 days overdue)
Backend CI	Run tests	2026-03-17T02:41:37.5561747Z INFO     app.scheduler.services.notification_creation:notification_creation.py:64 Created overdue notification for invoice INV-2338 (259 days overdue)
Backend CI	Run tests	2026-03-17T02:41:37.5562176Z INFO     app.scheduler.services.notification_creation:notification_creation.py:64 Created overdue notification for invoice INV-8179 (338 days overdue)
Backend CI	Run tests	2026-03-17T02:41:37.5562603Z INFO     app.scheduler.services.notification_creation:notification_creation.py:64 Created overdue notification for invoice INV-8650 (54 days overdue)
Backend CI	Run tests	2026-03-17T02:41:37.5563273Z INFO     app.scheduler.services.notification_creation:notification_creation.py:64 Created overdue notification for invoice INV-1230 (42 days overdue)
Backend CI	Run tests	2026-03-17T02:41:37.5563711Z INFO     app.scheduler.services.notification_creation:notification_creation.py:64 Created overdue notification for invoice INV-2372 (326 days overdue)
Backend CI	Run tests	2026-03-17T02:41:37.5564141Z INFO     app.scheduler.services.notification_creation:notification_creation.py:64 Created overdue notification for invoice INV-5266 (275 days overdue)
Backend CI	Run tests	2026-03-17T02:41:37.5564567Z INFO     app.scheduler.services.notification_creation:notification_creation.py:64 Created overdue notification for invoice INV-9309 (269 days overdue)
Backend CI	Run tests	2026-03-17T02:41:37.5565002Z INFO     app.scheduler.services.notification_creation:notification_creation.py:64 Created overdue notification for invoice INV-7973 (364 days overdue)
Backend CI	Run tests	2026-03-17T02:41:37.5565427Z INFO     app.scheduler.services.notification_creation:notification_creation.py:64 Created overdue notification for invoice INV-9427 (347 days overdue)
Backend CI	Run tests	2026-03-17T02:41:37.5565865Z INFO     app.scheduler.services.notification_creation:notification_creation.py:64 Created overdue notification for invoice INV-2941 (276 days overdue)
Backend CI	Run tests	2026-03-17T02:41:37.5566292Z INFO     app.scheduler.services.notification_creation:notification_creation.py:64 Created overdue notification for invoice INV-8924 (300 days overdue)
Backend CI	Run tests	2026-03-17T02:41:37.5566795Z INFO     app.scheduler.services.notification_creation:notification_creation.py:64 Created overdue notification for invoice INV-1192 (223 days overdue)
Backend CI	Run tests	2026-03-17T02:41:37.5567220Z INFO     app.scheduler.services.notification_creation:notification_creation.py:64 Created overdue notification for invoice INV-2557 (93 days overdue)
Backend CI	Run tests	2026-03-17T02:41:37.5567651Z INFO     app.scheduler.services.notification_creation:notification_creation.py:64 Created overdue notification for invoice INV-1811 (331 days overdue)
Backend CI	Run tests	2026-03-17T02:41:37.5568171Z INFO     app.scheduler.services.notification_creation:notification_creation.py:64 Created overdue notification for invoice INV-4902 (163 days overdue)
Backend CI	Run tests	2026-03-17T02:41:37.5568644Z INFO     app.scheduler.services.notification_creation:notification_creation.py:64 Created overdue notification for invoice INV-3873 (78 days overdue)
Backend CI	Run tests	2026-03-17T02:41:37.5569150Z INFO     app.scheduler.services.notification_creation:notification_creation.py:64 Created overdue notification for invoice INV-9098 (66 days overdue)
Backend CI	Run tests	2026-03-17T02:41:37.5569806Z INFO     app.scheduler.services.notification_creation:notification_creation.py:64 Created overdue notification for invoice INV-9999 (248 days overdue)
Backend CI	Run tests	2026-03-17T02:41:37.5570284Z INFO     app.scheduler.services.notification_creation:notification_creation.py:64 Created overdue notification for invoice INV-7764 (62 days overdue)
Backend CI	Run tests	2026-03-17T02:41:37.5570808Z INFO     app.scheduler.services.notification_creation:notification_creation.py:64 Created overdue notification for invoice INV-3877 (27 days overdue)
Backend CI	Run tests	2026-03-17T02:41:37.5571316Z INFO     app.scheduler.services.notification_creation:notification_creation.py:64 Created overdue notification for invoice INV-5059 (208 days overdue)
Backend CI	Run tests	2026-03-17T02:41:37.5571780Z INFO     app.scheduler.services.notification_creation:notification_creation.py:64 Created overdue notification for invoice INV-4340 (239 days overdue)
Backend CI	Run tests	2026-03-17T02:41:37.5572305Z INFO     app.scheduler.services.notification_creation:notification_creation.py:64 Created overdue notification for invoice INV-4745 (174 days overdue)
Backend CI	Run tests	2026-03-17T02:41:37.5572997Z INFO     app.scheduler.services.notification_creation:notification_creation.py:64 Created overdue notification for invoice INV-6767 (83 days overdue)
Backend CI	Run tests	2026-03-17T02:41:37.5573529Z INFO     app.scheduler.services.notification_creation:notification_creation.py:64 Created overdue notification for invoice INV-4441 (292 days overdue)
Backend CI	Run tests	2026-03-17T02:41:37.5573991Z INFO     app.scheduler.services.notification_creation:notification_creation.py:64 Created overdue notification for invoice INV-4085 (31 days overdue)
Backend CI	Run tests	2026-03-17T02:41:37.5574579Z INFO     app.scheduler.services.notification_creation:notification_creation.py:64 Created overdue notification for invoice INV-8975 (301 days overdue)
Backend CI	Run tests	2026-03-17T02:41:37.5575082Z INFO     app.scheduler.services.notification_creation:notification_creation.py:64 Created overdue notification for invoice INV-8183 (323 days overdue)
Backend CI	Run tests	2026-03-17T02:41:37.5575532Z INFO     app.scheduler.services.notification_creation:notification_creation.py:64 Created overdue notification for invoice INV-4943 (365 days overdue)
Backend CI	Run tests	2026-03-17T02:41:37.5576118Z INFO     app.scheduler.services.notification_creation:notification_creation.py:64 Created overdue notification for invoice INV-9241 (212 days overdue)
Backend CI	Run tests	2026-03-17T02:41:37.5576589Z INFO     app.scheduler.services.notification_creation:notification_creation.py:64 Created overdue notification for invoice INV-5029 (242 days overdue)
Backend CI	Run tests	2026-03-17T02:41:37.5577097Z INFO     app.scheduler.services.notification_creation:notification_creation.py:64 Created overdue notification for invoice INV-2428 (322 days overdue)
Backend CI	Run tests	2026-03-17T02:41:37.5577602Z INFO     app.scheduler.services.notification_creation:notification_creation.py:64 Created overdue notification for invoice INV-9456 (164 days overdue)
Backend CI	Run tests	2026-03-17T02:41:37.5578126Z INFO     app.scheduler.services.notification_creation:notification_creation.py:64 Created overdue notification for invoice INV-4966 (185 days overdue)
Backend CI	Run tests	2026-03-17T02:41:37.5578669Z INFO     app.scheduler.services.notification_creation:notification_creation.py:64 Created overdue notification for invoice INV-2190 (156 days overdue)
Backend CI	Run tests	2026-03-17T02:41:37.5579145Z INFO     app.scheduler.services.notification_creation:notification_creation.py:64 Created overdue notification for invoice INV-1392 (81 days overdue)
Backend CI	Run tests	2026-03-17T02:41:37.5579656Z INFO     app.scheduler.services.notification_creation:notification_creation.py:64 Created overdue notification for invoice INV-5249 (302 days overdue)
Backend CI	Run tests	2026-03-17T02:41:37.5580123Z INFO     app.scheduler.services.notification_creation:notification_creation.py:64 Created overdue notification for invoice INV-9179 (164 days overdue)
Backend CI	Run tests	2026-03-17T02:41:37.5580627Z INFO     app.scheduler.services.notification_creation:notification_creation.py:64 Created overdue notification for invoice INV-4398 (360 days overdue)
Backend CI	Run tests	2026-03-17T02:41:37.5581075Z INFO     app.scheduler.services.notification_creation:notification_creation.py:64 Created overdue notification for invoice INV-7462 (294 days overdue)
Backend CI	Run tests	2026-03-17T02:41:37.5581582Z INFO     app.scheduler.services.notification_creation:notification_creation.py:64 Created overdue notification for invoice INV-6153 (19 days overdue)
Backend CI	Run tests	2026-03-17T02:41:37.5582203Z INFO     app.scheduler.services.notification_creation:notification_creation.py:64 Created overdue notification for invoice INV-6830 (222 days overdue)
Backend CI	Run tests	2026-03-17T02:41:37.5582830Z INFO     app.scheduler.services.notification_creation:notification_creation.py:64 Created overdue notification for invoice INV-2867 (355 days overdue)
Backend CI	Run tests	2026-03-17T02:41:37.5583346Z INFO     app.scheduler.services.notification_creation:notification_creation.py:64 Created overdue notification for invoice INV-8401 (59 days overdue)
Backend CI	Run tests	2026-03-17T02:41:37.5583812Z INFO     app.scheduler.services.notification_creation:notification_creation.py:64 Created overdue notification for invoice INV-1727 (193 days overdue)
Backend CI	Run tests	2026-03-17T02:41:37.5584359Z INFO     app.scheduler.services.notification_creation:notification_creation.py:64 Created overdue notification for invoice INV-7611 (346 days overdue)
Backend CI	Run tests	2026-03-17T02:41:37.5584840Z INFO     app.scheduler.services.notification_creation:notification_creation.py:64 Created overdue notification for invoice INV-2986 (312 days overdue)
Backend CI	Run tests	2026-03-17T02:41:37.5585303Z INFO     app.scheduler.services.notification_creation:notification_creation.py:64 Created overdue notification for invoice INV-9016 (37 days overdue)
Backend CI	Run tests	2026-03-17T02:41:37.5585807Z INFO     app.scheduler.services.notification_creation:notification_creation.py:64 Created overdue notification for invoice INV-1846 (178 days overdue)
Backend CI	Run tests	2026-03-17T02:41:37.5586406Z INFO     app.scheduler.services.notification_creation:notification_creation.py:64 Created overdue notification for invoice INV-2735 (339 days overdue)
Backend CI	Run tests	2026-03-17T02:41:37.5586897Z INFO     app.scheduler.services.notification_creation:notification_creation.py:64 Created overdue notification for invoice INV-6451 (318 days overdue)
Backend CI	Run tests	2026-03-17T02:41:37.5593961Z INFO     app.scheduler.services.notification_creation:notification_creation.py:64 Created overdue notification for invoice INV-3316 (30 days overdue)
Backend CI	Run tests	2026-03-17T02:41:37.5594492Z INFO     app.scheduler.services.notification_creation:notification_creation.py:64 Created overdue notification for invoice INV-9558 (268 days overdue)
Backend CI	Run tests	2026-03-17T02:41:37.5594966Z INFO     app.scheduler.services.notification_creation:notification_creation.py:64 Created overdue notification for invoice INV-5179 (131 days overdue)
Backend CI	Run tests	2026-03-17T02:41:37.5595418Z INFO     app.scheduler.services.notification_creation:notification_creation.py:64 Created overdue notification for invoice INV-4578 (2 days overdue)
Backend CI	Run tests	2026-03-17T02:41:37.5595863Z INFO     app.scheduler.services.notification_creation:notification_creation.py:64 Created overdue notification for invoice INV-1146 (240 days overdue)
Backend CI	Run tests	2026-03-17T02:41:37.5596430Z INFO     app.scheduler.services.notification_creation:notification_creation.py:64 Created overdue notification for invoice INV-5040 (345 days overdue)
Backend CI	Run tests	2026-03-17T02:41:37.5596889Z INFO     app.scheduler.services.notification_creation:notification_creation.py:64 Created overdue notification for invoice INV-6633 (231 days overdue)
Backend CI	Run tests	2026-03-17T02:41:37.5597340Z INFO     app.scheduler.services.notification_creation:notification_creation.py:64 Created overdue notification for invoice INV-1633 (86 days overdue)
Backend CI	Run tests	2026-03-17T02:41:37.5597782Z INFO     app.scheduler.services.notification_creation:notification_creation.py:64 Created overdue notification for invoice INV-1483 (317 days overdue)
Backend CI	Run tests	2026-03-17T02:41:37.5598218Z INFO     app.scheduler.services.notification_creation:notification_creation.py:64 Created overdue notification for invoice INV-9500 (233 days overdue)
Backend CI	Run tests	2026-03-17T02:41:37.5598648Z INFO     app.scheduler.services.notification_creation:notification_creation.py:64 Created overdue notification for invoice INV-6214 (331 days overdue)
Backend CI	Run tests	2026-03-17T02:41:37.5599082Z INFO     app.scheduler.services.notification_creation:notification_creation.py:64 Created overdue notification for invoice INV-3355 (66 days overdue)
Backend CI	Run tests	2026-03-17T02:41:37.5599507Z INFO     app.scheduler.services.notification_creation:notification_creation.py:64 Created overdue notification for invoice INV-8476 (271 days overdue)
Backend CI	Run tests	2026-03-17T02:41:37.5600011Z INFO     app.scheduler.services.notification_creation:notification_creation.py:64 Created overdue notification for invoice INV-8536 (120 days overdue)
Backend CI	Run tests	2026-03-17T02:41:37.5600441Z INFO     app.scheduler.services.notification_creation:notification_creation.py:64 Created overdue notification for invoice INV-6967 (322 days overdue)
Backend CI	Run tests	2026-03-17T02:41:37.5600872Z INFO     app.scheduler.services.notification_creation:notification_creation.py:64 Created overdue notification for invoice INV-1001 (305 days overdue)
Backend CI	Run tests	2026-03-17T02:41:37.5601304Z INFO     app.scheduler.services.notification_creation:notification_creation.py:64 Created overdue notification for invoice INV-9999 (47 days overdue)
Backend CI	Run tests	2026-03-17T02:41:37.5601733Z INFO     app.scheduler.services.notification_creation:notification_creation.py:64 Created overdue notification for invoice INV-1372 (303 days overdue)
Backend CI	Run tests	2026-03-17T02:41:37.5602172Z INFO     app.scheduler.services.notification_creation:notification_creation.py:64 Created overdue notification for invoice INV-7568 (199 days overdue)
Backend CI	Run tests	2026-03-17T02:41:37.5602615Z INFO     app.scheduler.services.notification_creation:notification_creation.py:64 Created overdue notification for invoice INV-8693 (91 days overdue)
Backend CI	Run tests	2026-03-17T02:41:37.5603175Z INFO     app.scheduler.services.notification_creation:notification_creation.py:64 Created overdue notification for invoice INV-6790 (311 days overdue)
Backend CI	Run tests	2026-03-17T02:41:37.5603734Z INFO     app.scheduler.services.notification_creation:notification_creation.py:64 Created overdue notification for invoice INV-1820 (219 days overdue)
Backend CI	Run tests	2026-03-17T02:41:37.5604160Z INFO     app.scheduler.services.notification_creation:notification_creation.py:64 Created overdue notification for invoice INV-9966 (1 days overdue)
Backend CI	Run tests	2026-03-17T02:41:37.5604596Z INFO     app.scheduler.services.notification_creation:notification_creation.py:64 Created overdue notification for invoice INV-7620 (320 days overdue)
Backend CI	Run tests	2026-03-17T02:41:37.5605025Z INFO     app.scheduler.services.notification_creation:notification_creation.py:64 Created overdue notification for invoice INV-1000 (153 days overdue)
Backend CI	Run tests	2026-03-17T02:41:37.5605460Z INFO     app.scheduler.services.notification_creation:notification_creation.py:64 Created overdue notification for invoice INV-2252 (140 days overdue)
Backend CI	Run tests	2026-03-17T02:41:37.5605890Z INFO     app.scheduler.services.notification_creation:notification_creation.py:64 Created overdue notification for invoice INV-4126 (153 days overdue)
Backend CI	Run tests	2026-03-17T02:41:37.5606315Z INFO     app.scheduler.services.notification_creation:notification_creation.py:64 Created overdue notification for invoice INV-8271 (203 days overdue)
Backend CI	Run tests	2026-03-17T02:41:37.5606799Z INFO     app.scheduler.services.notification_creation:notification_creation.py:64 Created overdue notification for invoice INV-1817 (1 days overdue)
Backend CI	Run tests	2026-03-17T02:41:37.5607225Z INFO     app.scheduler.services.notification_creation:notification_creation.py:64 Created overdue notification for invoice INV-4764 (276 days overdue)
Backend CI	Run tests	2026-03-17T02:41:37.5607658Z INFO     app.scheduler.services.notification_creation:notification_creation.py:64 Created overdue notification for invoice INV-4964 (362 days overdue)
Backend CI	Run tests	2026-03-17T02:41:37.5608084Z INFO     app.scheduler.services.notification_creation:notification_creation.py:64 Created overdue notification for invoice INV-3146 (255 days overdue)
Backend CI	Run tests	2026-03-17T02:41:37.5608520Z INFO     app.scheduler.services.notification_creation:notification_creation.py:64 Created overdue notification for invoice INV-6866 (214 days overdue)
Backend CI	Run tests	2026-03-17T02:41:37.5608945Z INFO     app.scheduler.services.notification_creation:notification_creation.py:64 Created overdue notification for invoice INV-4941 (348 days overdue)
Backend CI	Run tests	2026-03-17T02:41:37.5609376Z INFO     app.scheduler.services.notification_creation:notification_creation.py:64 Created overdue notification for invoice INV-5523 (277 days overdue)
Backend CI	Run tests	2026-03-17T02:41:37.5609807Z INFO     app.scheduler.services.notification_creation:notification_creation.py:64 Created overdue notification for invoice INV-1204 (363 days overdue)
Backend CI	Run tests	2026-03-17T02:41:37.5610320Z INFO     app.scheduler.services.notification_creation:notification_creation.py:64 Created overdue notification for invoice INV-3488 (99 days overdue)
Backend CI	Run tests	2026-03-17T02:41:37.5610753Z INFO     app.scheduler.services.notification_creation:notification_creation.py:64 Created overdue notification for invoice INV-5290 (209 days overdue)
Backend CI	Run tests	2026-03-17T02:41:37.5611181Z INFO     app.scheduler.services.notification_creation:notification_creation.py:64 Created overdue notification for invoice INV-7724 (50 days overdue)
Backend CI	Run tests	2026-03-17T02:41:37.5611615Z INFO     app.scheduler.services.notification_creation:notification_creation.py:64 Created overdue notification for invoice INV-1338 (254 days overdue)
Backend CI	Run tests	2026-03-17T02:41:37.5612037Z INFO     app.scheduler.services.notification_creation:notification_creation.py:64 Created overdue notification for invoice INV-8111 (22 days overdue)
Backend CI	Run tests	2026-03-17T02:41:37.5612458Z INFO     app.scheduler.services.notification_creation:notification_creation.py:64 Created overdue notification for invoice INV-1453 (45 days overdue)
Backend CI	Run tests	2026-03-17T02:41:37.5613002Z INFO     app.scheduler.services.notification_creation:notification_creation.py:64 Created overdue notification for invoice INV-4163 (110 days overdue)
Backend CI	Run tests	2026-03-17T02:41:37.5613541Z INFO     app.scheduler.services.notification_creation:notification_creation.py:64 Created overdue notification for invoice INV-1467 (249 days overdue)
Backend CI	Run tests	2026-03-17T02:41:37.5613975Z INFO     app.scheduler.services.notification_creation:notification_creation.py:64 Created overdue notification for invoice INV-3647 (186 days overdue)
Backend CI	Run tests	2026-03-17T02:41:37.5614405Z INFO     app.scheduler.services.notification_creation:notification_creation.py:64 Created overdue notification for invoice INV-1000 (102 days overdue)
Backend CI	Run tests	2026-03-17T02:41:37.5614823Z INFO     app.scheduler.services.notification_creation:notification_creation.py:64 Created overdue notification for invoice INV-5110 (98 days overdue)
Backend CI	Run tests	2026-03-17T02:41:37.5615257Z INFO     app.scheduler.services.notification_creation:notification_creation.py:64 Created overdue notification for invoice INV-3935 (123 days overdue)
Backend CI	Run tests	2026-03-17T02:41:37.5615684Z INFO     app.scheduler.services.notification_creation:notification_creation.py:64 Created overdue notification for invoice INV-3146 (274 days overdue)
Backend CI	Run tests	2026-03-17T02:41:37.5616116Z INFO     app.scheduler.services.notification_creation:notification_creation.py:64 Created overdue notification for invoice INV-3642 (58 days overdue)
Backend CI	Run tests	2026-03-17T02:41:37.5616543Z INFO     app.scheduler.services.notification_creation:notification_creation.py:64 Created overdue notification for invoice INV-3114 (285 days overdue)
Backend CI	Run tests	2026-03-17T02:41:37.5617024Z INFO     app.scheduler.services.notification_creation:notification_creation.py:64 Created overdue notification for invoice INV-8612 (50 days overdue)
Backend CI	Run tests	2026-03-17T02:41:37.5617452Z INFO     app.scheduler.services.notification_creation:notification_creation.py:64 Created overdue notification for invoice INV-9128 (240 days overdue)
Backend CI	Run tests	2026-03-17T02:41:37.5617882Z INFO     app.scheduler.services.notification_creation:notification_creation.py:64 Created overdue notification for invoice INV-1638 (124 days overdue)
Backend CI	Run tests	2026-03-17T02:41:37.5618310Z INFO     app.scheduler.services.notification_creation:notification_creation.py:64 Created overdue notification for invoice INV-5161 (28 days overdue)
Backend CI	Run tests	2026-03-17T02:41:37.5618737Z INFO     app.scheduler.services.notification_creation:notification_creation.py:64 Created overdue notification for invoice INV-3726 (320 days overdue)
Backend CI	Run tests	2026-03-17T02:41:37.5619172Z INFO     app.scheduler.services.notification_creation:notification_creation.py:64 Created overdue notification for invoice INV-6784 (352 days overdue)
Backend CI	Run tests	2026-03-17T02:41:37.5619597Z INFO     app.scheduler.services.notification_creation:notification_creation.py:64 Created overdue notification for invoice INV-3920 (172 days overdue)
Backend CI	Run tests	2026-03-17T02:41:37.5620022Z INFO     app.scheduler.services.notification_creation:notification_creation.py:64 Created overdue notification for invoice INV-6651 (236 days overdue)
Backend CI	Run tests	2026-03-17T02:41:37.5620512Z INFO     app.scheduler.services.notification_creation:notification_creation.py:64 Created overdue notification for invoice INV-5054 (320 days overdue)
Backend CI	Run tests	2026-03-17T02:41:37.5620937Z INFO     app.scheduler.services.notification_creation:notification_creation.py:64 Created overdue notification for invoice INV-2996 (48 days overdue)
Backend CI	Run tests	2026-03-17T02:41:37.5621370Z INFO     app.scheduler.services.notification_creation:notification_creation.py:64 Created overdue notification for invoice INV-3608 (361 days overdue)
Backend CI	Run tests	2026-03-17T02:41:37.5621798Z INFO     app.scheduler.services.notification_creation:notification_creation.py:64 Created overdue notification for invoice INV-4566 (347 days overdue)
Backend CI	Run tests	2026-03-17T02:41:37.5622228Z INFO     app.scheduler.services.notification_creation:notification_creation.py:64 Created overdue notification for invoice INV-2061 (19 days overdue)
Backend CI	Run tests	2026-03-17T02:41:37.5622828Z INFO     app.scheduler.services.notification_creation:notification_creation.py:64 Created overdue notification for invoice INV-2841 (338 days overdue)
Backend CI	Run tests	2026-03-17T02:41:37.5623262Z INFO     app.scheduler.services.notification_creation:notification_creation.py:64 Created overdue notification for invoice INV-2581 (108 days overdue)
Backend CI	Run tests	2026-03-17T02:41:37.5623813Z INFO     app.scheduler.services.notification_creation:notification_creation.py:64 Created overdue notification for invoice INV-7041 (327 days overdue)
Backend CI	Run tests	2026-03-17T02:41:37.5624240Z INFO     app.scheduler.services.notification_creation:notification_creation.py:64 Created overdue notification for invoice INV-8850 (162 days overdue)
Backend CI	Run tests	2026-03-17T02:41:37.5624674Z INFO     app.scheduler.services.notification_creation:notification_creation.py:64 Created overdue notification for invoice INV-9405 (134 days overdue)
Backend CI	Run tests	2026-03-17T02:41:37.5625094Z INFO     app.scheduler.services.notification_creation:notification_creation.py:64 Created overdue notification for invoice INV-3591 (40 days overdue)
Backend CI	Run tests	2026-03-17T02:41:37.5625528Z INFO     app.scheduler.services.notification_creation:notification_creation.py:64 Created overdue notification for invoice INV-9146 (131 days overdue)
Backend CI	Run tests	2026-03-17T02:41:37.5625949Z INFO     app.scheduler.services.notification_creation:notification_creation.py:64 Created overdue notification for invoice INV-5198 (83 days overdue)
Backend CI	Run tests	2026-03-17T02:41:37.5626381Z INFO     app.scheduler.services.notification_creation:notification_creation.py:64 Created overdue notification for invoice INV-5793 (286 days overdue)
Backend CI	Run tests	2026-03-17T02:41:37.5626810Z INFO     app.scheduler.services.notification_creation:notification_creation.py:64 Created overdue notification for invoice INV-7816 (193 days overdue)
Backend CI	Run tests	2026-03-17T02:41:37.5627314Z INFO     app.scheduler.services.notification_creation:notification_creation.py:64 Created overdue notification for invoice INV-5176 (321 days overdue)
Backend CI	Run tests	2026-03-17T02:41:37.5627743Z INFO     app.scheduler.services.notification_creation:notification_creation.py:64 Created overdue notification for invoice INV-5854 (65 days overdue)
Backend CI	Run tests	2026-03-17T02:41:37.5628176Z INFO     app.scheduler.services.notification_creation:notification_creation.py:64 Created overdue notification for invoice INV-7726 (155 days overdue)
Backend CI	Run tests	2026-03-17T02:41:37.5628594Z INFO     app.scheduler.services.notification_creation:notification_creation.py:64 Created overdue notification for invoice INV-6386 (6 days overdue)
Backend CI	Run tests	2026-03-17T02:41:37.5629031Z INFO     app.scheduler.services.notification_creation:notification_creation.py:64 Created overdue notification for invoice INV-1396 (328 days overdue)
Backend CI	Run tests	2026-03-17T02:41:37.5629460Z INFO     app.scheduler.services.notification_creation:notification_creation.py:64 Created overdue notification for invoice INV-9720 (284 days overdue)
Backend CI	Run tests	2026-03-17T02:41:37.5629890Z INFO     app.scheduler.services.notification_creation:notification_creation.py:64 Created overdue notification for invoice INV-2433 (313 days overdue)
Backend CI	Run tests	2026-03-17T02:41:37.5630372Z INFO     app.scheduler.services.notification_creation:notification_creation.py:64 Created overdue notification for invoice INV-8237 (159 days overdue)
Backend CI	Run tests	2026-03-17T02:41:37.5630802Z INFO     app.scheduler.services.notification_creation:notification_creation.py:64 Created overdue notification for invoice INV-2700 (177 days overdue)
Backend CI	Run tests	2026-03-17T02:41:37.5631234Z INFO     app.scheduler.services.notification_creation:notification_creation.py:64 Created overdue notification for invoice INV-3560 (255 days overdue)
Backend CI	Run tests	2026-03-17T02:41:37.5631658Z INFO     app.scheduler.services.notification_creation:notification_creation.py:64 Created overdue notification for invoice INV-5121 (215 days overdue)
Backend CI	Run tests	2026-03-17T02:41:37.5632092Z INFO     app.scheduler.services.notification_creation:notification_creation.py:64 Created overdue notification for invoice INV-1647 (320 days overdue)
Backend CI	Run tests	2026-03-17T02:41:37.5632516Z INFO     app.scheduler.services.notification_creation:notification_creation.py:64 Created overdue notification for invoice INV-5800 (221 days overdue)
Backend CI	Run tests	2026-03-17T02:41:37.5633054Z INFO     app.scheduler.services.notification_creation:notification_creation.py:64 Created overdue notification for invoice INV-3835 (85 days overdue)
Backend CI	Run tests	2026-03-17T02:41:37.5633482Z INFO     app.scheduler.services.notification_creation:notification_creation.py:64 Created overdue notification for invoice INV-5095 (365 days overdue)
Backend CI	Run tests	2026-03-17T02:41:37.5634018Z INFO     app.scheduler.services.notification_creation:notification_creation.py:64 Created overdue notification for invoice INV-1602 (320 days overdue)
Backend CI	Run tests	2026-03-17T02:41:37.5634448Z INFO     app.scheduler.services.notification_creation:notification_creation.py:64 Created overdue notification for invoice INV-9999 (9 days overdue)
Backend CI	Run tests	2026-03-17T02:41:37.5634877Z INFO     app.scheduler.services.notification_creation:notification_creation.py:64 Created overdue notification for invoice INV-4912 (284 days overdue)
Backend CI	Run tests	2026-03-17T02:41:37.5635344Z INFO     app.scheduler.services.notification_creation:notification_creation.py:64 Created overdue notification for invoice INV-5218 (112 days overdue)
Backend CI	Run tests	2026-03-17T02:41:37.5635773Z INFO     app.scheduler.services.notification_creation:notification_creation.py:64 Created overdue notification for invoice INV-7222 (156 days overdue)
Backend CI	Run tests	2026-03-17T02:41:37.5636206Z INFO     app.scheduler.services.notification_creation:notification_creation.py:64 Created overdue notification for invoice INV-3075 (156 days overdue)
Backend CI	Run tests	2026-03-17T02:41:37.5636636Z INFO     app.scheduler.services.notification_creation:notification_creation.py:64 Created overdue notification for invoice INV-8170 (297 days overdue)
Backend CI	Run tests	2026-03-17T02:41:37.5637121Z INFO     app.scheduler.services.notification_creation:notification_creation.py:64 Created overdue notification for invoice INV-6783 (2 days overdue)
Backend CI	Run tests	2026-03-17T02:41:37.5637551Z INFO     app.scheduler.services.notification_creation:notification_creation.py:64 Created overdue notification for invoice INV-3188 (233 days overdue)
Backend CI	Run tests	2026-03-17T02:41:37.5637980Z INFO     app.scheduler.services.notification_creation:notification_creation.py:64 Created overdue notification for invoice INV-2603 (192 days overdue)
Backend CI	Run tests	2026-03-17T02:41:37.5638413Z INFO     app.scheduler.services.notification_creation:notification_creation.py:64 Created overdue notification for invoice INV-1555 (139 days overdue)
Backend CI	Run tests	2026-03-17T02:41:37.5638841Z INFO     app.scheduler.services.notification_creation:notification_creation.py:64 Created overdue notification for invoice INV-1294 (102 days overdue)
Backend CI	Run tests	2026-03-17T02:41:37.5639272Z INFO     app.scheduler.services.notification_creation:notification_creation.py:64 Created overdue notification for invoice INV-4318 (244 days overdue)
Backend CI	Run tests	2026-03-17T02:41:37.5639704Z INFO     app.scheduler.services.notification_creation:notification_creation.py:64 Created overdue notification for invoice INV-3396 (78 days overdue)
Backend CI	Run tests	2026-03-17T02:41:37.5640128Z INFO     app.scheduler.services.notification_creation:notification_creation.py:64 Created overdue notification for invoice INV-6809 (283 days overdue)
Backend CI	Run tests	2026-03-17T02:41:37.5640610Z INFO     app.scheduler.services.notification_creation:notification_creation.py:64 Created overdue notification for invoice INV-4351 (57 days overdue)
Backend CI	Run tests	2026-03-17T02:41:37.5641034Z INFO     app.scheduler.services.notification_creation:notification_creation.py:64 Created overdue notification for invoice INV-9542 (359 days overdue)
Backend CI	Run tests	2026-03-17T02:41:37.5641469Z INFO     app.scheduler.services.notification_creation:notification_creation.py:64 Created overdue notification for invoice INV-9999 (314 days overdue)
Backend CI	Run tests	2026-03-17T02:41:37.5641896Z INFO     app.scheduler.services.notification_creation:notification_creation.py:64 Created overdue notification for invoice INV-8049 (226 days overdue)
Backend CI	Run tests	2026-03-17T02:41:37.5642323Z INFO     app.scheduler.services.notification_creation:notification_creation.py:64 Created overdue notification for invoice INV-4916 (298 days overdue)
Backend CI	Run tests	2026-03-17T02:41:37.5642880Z INFO     app.scheduler.services.notification_creation:notification_creation.py:64 Created overdue notification for invoice INV-4678 (365 days overdue)
Backend CI	Run tests	2026-03-17T02:41:37.5643312Z INFO     app.scheduler.services.notification_creation:notification_creation.py:64 Created overdue notification for invoice INV-7254 (197 days overdue)
Backend CI	Run tests	2026-03-17T02:41:37.5643745Z INFO     app.scheduler.services.notification_creation:notification_creation.py:64 Created overdue notification for invoice INV-5022 (231 days overdue)
Backend CI	Run tests	2026-03-17T02:41:37.5644291Z INFO     app.scheduler.services.notification_creation:notification_creation.py:64 Created overdue notification for invoice INV-2256 (211 days overdue)
Backend CI	Run tests	2026-03-17T02:41:37.5644724Z INFO     app.scheduler.services.notification_creation:notification_creation.py:64 Created overdue notification for invoice INV-1588 (45 days overdue)
Backend CI	Run tests	2026-03-17T02:41:37.5645152Z INFO     app.scheduler.services.notification_creation:notification_creation.py:64 Created overdue notification for invoice INV-3698 (267 days overdue)
Backend CI	Run tests	2026-03-17T02:41:37.5645580Z INFO     app.scheduler.services.notification_creation:notification_creation.py:64 Created overdue notification for invoice INV-4572 (266 days overdue)
Backend CI	Run tests	2026-03-17T02:41:37.5646009Z INFO     app.scheduler.services.notification_creation:notification_creation.py:64 Created overdue notification for invoice INV-9999 (90 days overdue)
Backend CI	Run tests	2026-03-17T02:41:37.5646438Z INFO     app.scheduler.services.notification_creation:notification_creation.py:64 Created overdue notification for invoice INV-2925 (323 days overdue)
Backend CI	Run tests	2026-03-17T02:41:37.5646867Z INFO     app.scheduler.services.notification_creation:notification_creation.py:64 Created overdue notification for invoice INV-1000 (296 days overdue)
Backend CI	Run tests	2026-03-17T02:41:37.5647346Z INFO     app.scheduler.services.notification_creation:notification_creation.py:64 Created overdue notification for invoice INV-2455 (269 days overdue)
Backend CI	Run tests	2026-03-17T02:41:37.5647771Z INFO     app.scheduler.services.notification_creation:notification_creation.py:64 Created overdue notification for invoice INV-7497 (173 days overdue)
Backend CI	Run tests	2026-03-17T02:41:37.5648207Z INFO     app.scheduler.services.notification_creation:notification_creation.py:64 Created overdue notification for invoice INV-6073 (148 days overdue)
Backend CI	Run tests	2026-03-17T02:41:37.5648631Z INFO     app.scheduler.services.notification_creation:notification_creation.py:64 Created overdue notification for invoice INV-4222 (190 days overdue)
Backend CI	Run tests	2026-03-17T02:41:37.5649068Z INFO     app.scheduler.services.notification_creation:notification_creation.py:64 Created overdue notification for invoice INV-8114 (87 days overdue)
Backend CI	Run tests	2026-03-17T02:41:37.5649519Z INFO     app.scheduler.services.notification_creation:notification_creation.py:64 Created overdue notification for invoice INV-7218 (97 days overdue)
Backend CI	Run tests	2026-03-17T02:41:37.5649978Z INFO     app.scheduler.services.notification_creation:notification_creation.py:64 Created overdue notification for invoice INV-8935 (24 days overdue)
Backend CI	Run tests	2026-03-17T02:41:37.5650424Z INFO     app.scheduler.services.notification_creation:notification_creation.py:64 Created overdue notification for invoice INV-9639 (365 days overdue)
Backend CI	Run tests	2026-03-17T02:41:37.5650920Z INFO     app.scheduler.services.notification_creation:notification_creation.py:64 Created overdue notification for invoice INV-8162 (261 days overdue)
Backend CI	Run tests	2026-03-17T02:41:37.5651356Z INFO     app.scheduler.services.notification_creation:notification_creation.py:64 Created overdue notification for invoice INV-1819 (135 days overdue)
Backend CI	Run tests	2026-03-17T02:41:37.5651793Z INFO     app.scheduler.services.notification_creation:notification_creation.py:64 Created overdue notification for invoice INV-5392 (229 days overdue)
Backend CI	Run tests	2026-03-17T02:41:37.5652248Z INFO     app.scheduler.services.notification_creation:notification_creation.py:64 Created overdue notification for invoice INV-7873 (107 days overdue)
Backend CI	Run tests	2026-03-17T02:41:37.5652787Z INFO     app.scheduler.services.notification_creation:notification_creation.py:64 Created overdue notification for invoice INV-9909 (245 days overdue)
Backend CI	Run tests	2026-03-17T02:41:37.5653225Z INFO     app.scheduler.services.notification_creation:notification_creation.py:64 Created overdue notification for invoice INV-9725 (282 days overdue)
Backend CI	Run tests	2026-03-17T02:41:37.5653658Z INFO     app.scheduler.services.notification_creation:notification_creation.py:64 Created overdue notification for invoice INV-1977 (285 days overdue)
Backend CI	Run tests	2026-03-17T02:41:37.5654192Z INFO     app.scheduler.services.notification_creation:notification_creation.py:64 Created overdue notification for invoice INV-9050 (85 days overdue)
Backend CI	Run tests	2026-03-17T02:41:37.5654626Z INFO     app.scheduler.services.notification_creation:notification_creation.py:64 Created overdue notification for invoice INV-2212 (200 days overdue)
Backend CI	Run tests	2026-03-17T02:41:37.5655059Z INFO     app.scheduler.services.notification_creation:notification_creation.py:64 Created overdue notification for invoice INV-4254 (140 days overdue)
Backend CI	Run tests	2026-03-17T02:41:37.5655494Z INFO     app.scheduler.services.notification_creation:notification_creation.py:64 Created overdue notification for invoice INV-3301 (340 days overdue)
Backend CI	Run tests	2026-03-17T02:41:37.5655920Z INFO     app.scheduler.services.notification_creation:notification_creation.py:64 Created overdue notification for invoice INV-4766 (24 days overdue)
Backend CI	Run tests	2026-03-17T02:41:37.5656348Z INFO     app.scheduler.services.notification_creation:notification_creation.py:64 Created overdue notification for invoice INV-4925 (334 days overdue)
Backend CI	Run tests	2026-03-17T02:41:37.5656784Z INFO     app.scheduler.services.notification_creation:notification_creation.py:64 Created overdue notification for invoice INV-1398 (316 days overdue)
Backend CI	Run tests	2026-03-17T02:41:37.5657208Z INFO     app.scheduler.services.notification_creation:notification_creation.py:64 Created overdue notification for invoice INV-1148 (51 days overdue)
Backend CI	Run tests	2026-03-17T02:41:37.5657695Z INFO     app.scheduler.services.notification_creation:notification_creation.py:64 Created overdue notification for invoice INV-5996 (328 days overdue)
Backend CI	Run tests	2026-03-17T02:41:37.5658116Z INFO     app.scheduler.services.notification_creation:notification_creation.py:64 Created overdue notification for invoice INV-5537 (2 days overdue)
Backend CI	Run tests	2026-03-17T02:41:37.5658550Z INFO     app.scheduler.services.notification_creation:notification_creation.py:64 Created overdue notification for invoice INV-5420 (21 days overdue)
Backend CI	Run tests	2026-03-17T02:41:37.5658972Z INFO     app.scheduler.services.notification_creation:notification_creation.py:64 Created overdue notification for invoice INV-4918 (74 days overdue)
Backend CI	Run tests	2026-03-17T02:41:37.5659398Z INFO     app.scheduler.services.notification_creation:notification_creation.py:64 Created overdue notification for invoice INV-9920 (18 days overdue)
Backend CI	Run tests	2026-03-17T02:41:37.5659839Z INFO     app.scheduler.services.notification_creation:notification_creation.py:64 Created overdue notification for invoice INV-6255 (144 days overdue)
Backend CI	Run tests	2026-03-17T02:41:37.5660264Z INFO     app.scheduler.services.notification_creation:notification_creation.py:64 Created overdue notification for invoice INV-9702 (45 days overdue)
Backend CI	Run tests	2026-03-17T02:41:37.5660693Z INFO     app.scheduler.services.notification_creation:notification_creation.py:64 Created overdue notification for invoice INV-6801 (313 days overdue)
Backend CI	Run tests	2026-03-17T02:41:37.5661172Z INFO     app.scheduler.services.notification_creation:notification_creation.py:64 Created overdue notification for invoice INV-3114 (88 days overdue)
Backend CI	Run tests	2026-03-17T02:41:37.5661597Z INFO     app.scheduler.services.notification_creation:notification_creation.py:64 Created overdue notification for invoice INV-9876 (17 days overdue)
Backend CI	Run tests	2026-03-17T02:41:37.5662048Z INFO     app.scheduler.services.notification_creation:notification_creation.py:64 Created overdue notification for invoice INV-3804 (105 days overdue)
Backend CI	Run tests	2026-03-17T02:41:37.5662484Z INFO     app.scheduler.services.notification_creation:notification_creation.py:64 Created overdue notification for invoice INV-3979 (147 days overdue)
Backend CI	Run tests	2026-03-17T02:41:37.5663067Z INFO     app.scheduler.services.notification_creation:notification_creation.py:64 Created overdue notification for invoice INV-6772 (32 days overdue)
Backend CI	Run tests	2026-03-17T02:41:37.5663492Z INFO     app.scheduler.services.notification_creation:notification_creation.py:64 Created overdue notification for invoice INV-4121 (78 days overdue)
Backend CI	Run tests	2026-03-17T02:41:37.5663928Z INFO     app.scheduler.services.notification_creation:notification_creation.py:64 Created overdue notification for invoice INV-6881 (316 days overdue)
Backend CI	Run tests	2026-03-17T02:41:37.5664477Z INFO     app.scheduler.services.notification_creation:notification_creation.py:64 Created overdue notification for invoice INV-3942 (253 days overdue)
Backend CI	Run tests	2026-03-17T02:41:37.5664905Z INFO     app.scheduler.services.notification_creation:notification_creation.py:64 Created overdue notification for invoice INV-2839 (269 days overdue)
Backend CI	Run tests	2026-03-17T02:41:37.5665338Z INFO     app.scheduler.services.notification_creation:notification_creation.py:64 Created overdue notification for invoice INV-1354 (107 days overdue)
Backend CI	Run tests	2026-03-17T02:41:37.5665764Z INFO     app.scheduler.services.notification_creation:notification_creation.py:64 Created overdue notification for invoice INV-2881 (276 days overdue)
Backend CI	Run tests	2026-03-17T02:41:37.5666200Z INFO     app.scheduler.services.notification_creation:notification_creation.py:64 Created overdue notification for invoice INV-1123 (227 days overdue)
Backend CI	Run tests	2026-03-17T02:41:37.5666625Z INFO     app.scheduler.services.notification_creation:notification_creation.py:64 Created overdue notification for invoice INV-1000 (277 days overdue)
Backend CI	Run tests	2026-03-17T02:41:37.5667064Z INFO     app.scheduler.services.notification_creation:notification_creation.py:64 Created overdue notification for invoice INV-7102 (273 days overdue)
Backend CI	Run tests	2026-03-17T02:41:37.5667487Z INFO     app.scheduler.services.notification_creation:notification_creation.py:64 Created overdue notification for invoice INV-8856 (83 days overdue)
Backend CI	Run tests	2026-03-17T02:41:37.5667970Z INFO     app.scheduler.services.notification_creation:notification_creation.py:64 Created overdue notification for invoice INV-9085 (362 days overdue)
Backend CI	Run tests	2026-03-17T02:41:37.5668397Z INFO     app.scheduler.services.notification_creation:notification_creation.py:64 Created overdue notification for invoice INV-5226 (50 days overdue)
Backend CI	Run tests	2026-03-17T02:41:37.5668828Z INFO     app.scheduler.services.notification_creation:notification_creation.py:64 Created overdue notification for invoice INV-9758 (102 days overdue)
Backend CI	Run tests	2026-03-17T02:41:37.5669258Z INFO     app.scheduler.services.notification_creation:notification_creation.py:64 Created overdue notification for invoice INV-5497 (16 days overdue)
Backend CI	Run tests	2026-03-17T02:41:37.5669689Z INFO     app.scheduler.services.notification_creation:notification_creation.py:64 Created overdue notification for invoice INV-6376 (278 days overdue)
Backend CI	Run tests	2026-03-17T02:41:37.5670111Z INFO     app.scheduler.services.notification_creation:notification_creation.py:64 Created overdue notification for invoice INV-1000 (1 days overdue)
Backend CI	Run tests	2026-03-17T02:41:37.5670293Z ___________________ test_notification_contains_days_overdue ____________________
Backend CI	Run tests	2026-03-17T02:41:37.5670599Z app/tests/property/test_properties_notification_creation.py:162: in test_notification_contains_days_overdue
Backend CI	Run tests	2026-03-17T02:41:37.5670754Z     invoice_data=overdue_invoice_strategy()
Backend CI	Run tests	2026-03-17T02:41:37.5670819Z                ^^^
Backend CI	Run tests	2026-03-17T02:41:37.5671118Z app/tests/property/test_properties_notification_creation.py:223: in test_notification_contains_days_overdue
Backend CI	Run tests	2026-03-17T02:41:37.5671312Z     assert created_notification is not None, "Notification should be created"
Backend CI	Run tests	2026-03-17T02:41:37.5671432Z E   AssertionError: Notification should be created
Backend CI	Run tests	2026-03-17T02:41:37.5671515Z E   assert None is not None
Backend CI	Run tests	2026-03-17T02:41:37.5671669Z E   Falsifying example: test_notification_contains_days_overdue(
Backend CI	Run tests	2026-03-17T02:41:37.5671838Z E       invoice_data={'id': UUID('4ebf2a6c-4868-4e35-bc37-d71bf860832e'),
Backend CI	Run tests	2026-03-17T02:41:37.5671985Z E        'business_id': UUID('948e5778-26aa-49df-a3a8-a8935208f176'),
Backend CI	Run tests	2026-03-17T02:41:37.5672122Z E        'customer_id': UUID('cd4328e6-657c-467a-88fa-1da34456fc3e'),
Backend CI	Run tests	2026-03-17T02:41:37.5672206Z E        'invoice_number': 'INV-1000',
Backend CI	Run tests	2026-03-17T02:41:37.5672307Z E        'due_date': datetime.date(2026, 3, 16),
Backend CI	Run tests	2026-03-17T02:41:37.5672408Z E        'status': <InvoiceStatus.DRAFT: 'draft'>,
Backend CI	Run tests	2026-03-17T02:41:37.5672504Z E        'issue_date': datetime.date(2026, 3, 9),
Backend CI	Run tests	2026-03-17T02:41:37.5672585Z E        'subtotal': Decimal('100.00'),
Backend CI	Run tests	2026-03-17T02:41:37.5672790Z E        'total': Decimal('100.00'),
Backend CI	Run tests	2026-03-17T02:41:37.5673004Z E        'amount_paid': Decimal('0.00'),
Backend CI	Run tests	2026-03-17T02:41:37.5673174Z E        'balance_due': Decimal('100.00')},  # or any other generated value
Backend CI	Run tests	2026-03-17T02:41:37.5673235Z E   )
Backend CI	Run tests	2026-03-17T02:41:37.5673299Z E   
Backend CI	Run tests	2026-03-17T02:41:37.5673697Z E   You can reproduce this example by temporarily adding @reproduce_failure('6.122.3', b'AAAAAAAAAAAAAA==') as a decorator on your test case
Backend CI	Run tests	2026-03-17T02:41:37.5673867Z ----------------------------- Captured stderr call -----------------------------
Backend CI	Run tests	2026-03-17T02:41:37.5674222Z INFO:app.scheduler.services.notification_creation:Created overdue notification for invoice INV-1000 (1 days overdue)
Backend CI	Run tests	2026-03-17T02:41:37.5674562Z INFO:app.scheduler.services.notification_creation:Created overdue notification for invoice INV-6402 (277 days overdue)
Backend CI	Run tests	2026-03-17T02:41:37.5674902Z INFO:app.scheduler.services.notification_creation:Created overdue notification for invoice INV-1276 (277 days overdue)
Backend CI	Run tests	2026-03-17T02:41:37.5675231Z INFO:app.scheduler.services.notification_creation:Created overdue notification for invoice INV-6305 (292 days overdue)
Backend CI	Run tests	2026-03-17T02:41:37.5675565Z INFO:app.scheduler.services.notification_creation:Created overdue notification for invoice INV-1291 (292 days overdue)
Backend CI	Run tests	2026-03-17T02:41:37.5675900Z INFO:app.scheduler.services.notification_creation:Created overdue notification for invoice INV-2747 (109 days overdue)
Backend CI	Run tests	2026-03-17T02:41:37.5676292Z INFO:app.scheduler.services.notification_creation:Created overdue notification for invoice INV-2747 (212 days overdue)
Backend CI	Run tests	2026-03-17T02:41:37.5676632Z INFO:app.scheduler.services.notification_creation:Created overdue notification for invoice INV-1211 (212 days overdue)
Backend CI	Run tests	2026-03-17T02:41:37.5676964Z INFO:app.scheduler.services.notification_creation:Created overdue notification for invoice INV-6552 (129 days overdue)
Backend CI	Run tests	2026-03-17T02:41:37.5677293Z INFO:app.scheduler.services.notification_creation:Created overdue notification for invoice INV-6552 (1 days overdue)
Backend CI	Run tests	2026-03-17T02:41:37.5677628Z INFO:app.scheduler.services.notification_creation:Created overdue notification for invoice INV-1000 (1 days overdue)
Backend CI	Run tests	2026-03-17T02:41:37.5677963Z INFO:app.scheduler.services.notification_creation:Created overdue notification for invoice INV-9538 (108 days overdue)
Backend CI	Run tests	2026-03-17T02:41:37.5678300Z INFO:app.scheduler.services.notification_creation:Created overdue notification for invoice INV-5001 (279 days overdue)
Backend CI	Run tests	2026-03-17T02:41:37.5678630Z INFO:app.scheduler.services.notification_creation:Created overdue notification for invoice INV-9490 (211 days overdue)
Backend CI	Run tests	2026-03-17T02:41:37.5678970Z INFO:app.scheduler.services.notification_creation:Created overdue notification for invoice INV-9973 (138 days overdue)
Backend CI	Run tests	2026-03-17T02:41:37.5679355Z INFO:app.scheduler.services.notification_creation:Created overdue notification for invoice INV-4994 (343 days overdue)
Backend CI	Run tests	2026-03-17T02:41:37.5679698Z INFO:app.scheduler.services.notification_creation:Created overdue notification for invoice INV-3052 (39 days overdue)
Backend CI	Run tests	2026-03-17T02:41:37.5680027Z INFO:app.scheduler.services.notification_creation:Created overdue notification for invoice INV-7989 (238 days overdue)
Backend CI	Run tests	2026-03-17T02:41:37.5680360Z INFO:app.scheduler.services.notification_creation:Created overdue notification for invoice INV-9749 (236 days overdue)
Backend CI	Run tests	2026-03-17T02:41:37.5680691Z INFO:app.scheduler.services.notification_creation:Created overdue notification for invoice INV-4859 (61 days overdue)
Backend CI	Run tests	2026-03-17T02:41:37.5681023Z INFO:app.scheduler.services.notification_creation:Created overdue notification for invoice INV-1160 (165 days overdue)
Backend CI	Run tests	2026-03-17T02:41:37.5681358Z INFO:app.scheduler.services.notification_creation:Created overdue notification for invoice INV-2041 (357 days overdue)
Backend CI	Run tests	2026-03-17T02:41:37.5681689Z INFO:app.scheduler.services.notification_creation:Created overdue notification for invoice INV-5783 (219 days overdue)
Backend CI	Run tests	2026-03-17T02:41:37.5682015Z INFO:app.scheduler.services.notification_creation:Created overdue notification for invoice INV-9538 (38 days overdue)
Backend CI	Run tests	2026-03-17T02:41:37.5682429Z INFO:app.scheduler.services.notification_creation:Created overdue notification for invoice INV-4635 (119 days overdue)
Backend CI	Run tests	2026-03-17T02:41:37.5682885Z INFO:app.scheduler.services.notification_creation:Created overdue notification for invoice INV-3763 (155 days overdue)
Backend CI	Run tests	2026-03-17T02:41:37.5683220Z INFO:app.scheduler.services.notification_creation:Created overdue notification for invoice INV-2282 (326 days overdue)
Backend CI	Run tests	2026-03-17T02:41:37.5683553Z INFO:app.scheduler.services.notification_creation:Created overdue notification for invoice INV-8283 (165 days overdue)
Backend CI	Run tests	2026-03-17T02:41:37.5683882Z INFO:app.scheduler.services.notification_creation:Created overdue notification for invoice INV-1862 (230 days overdue)
Backend CI	Run tests	2026-03-17T02:41:37.5684222Z INFO:app.scheduler.services.notification_creation:Created overdue notification for invoice INV-4827 (54 days overdue)
Backend CI	Run tests	2026-03-17T02:41:37.5684558Z INFO:app.scheduler.services.notification_creation:Created overdue notification for invoice INV-4532 (320 days overdue)
Backend CI	Run tests	2026-03-17T02:41:37.5684893Z INFO:app.scheduler.services.notification_creation:Created overdue notification for invoice INV-1234 (26 days overdue)
Backend CI	Run tests	2026-03-17T02:41:37.5685217Z INFO:app.scheduler.services.notification_creation:Created overdue notification for invoice INV-8120 (2 days overdue)
Backend CI	Run tests	2026-03-17T02:41:37.5685541Z INFO:app.scheduler.services.notification_creation:Created overdue notification for invoice INV-3519 (4 days overdue)
Backend CI	Run tests	2026-03-17T02:41:37.5685978Z INFO:app.scheduler.services.notification_creation:Created overdue notification for invoice INV-4739 (228 days overdue)
Backend CI	Run tests	2026-03-17T02:41:37.5686307Z INFO:app.scheduler.services.notification_creation:Created overdue notification for invoice INV-3887 (260 days overdue)
Backend CI	Run tests	2026-03-17T02:41:37.5686640Z INFO:app.scheduler.services.notification_creation:Created overdue notification for invoice INV-9396 (45 days overdue)
Backend CI	Run tests	2026-03-17T02:41:37.5686963Z INFO:app.scheduler.services.notification_creation:Created overdue notification for invoice INV-6149 (22 days overdue)
Backend CI	Run tests	2026-03-17T02:41:37.5687296Z INFO:app.scheduler.services.notification_creation:Created overdue notification for invoice INV-2920 (151 days overdue)
Backend CI	Run tests	2026-03-17T02:41:37.5687628Z INFO:app.scheduler.services.notification_creation:Created overdue notification for invoice INV-4077 (27 days overdue)
Backend CI	Run tests	2026-03-17T02:41:37.5687958Z INFO:app.scheduler.services.notification_creation:Created overdue notification for invoice INV-9343 (192 days overdue)
Backend CI	Run tests	2026-03-17T02:41:37.5688294Z INFO:app.scheduler.services.notification_creation:Created overdue notification for invoice INV-1381 (355 days overdue)
Backend CI	Run tests	2026-03-17T02:41:37.5688623Z INFO:app.scheduler.services.notification_creation:Created overdue notification for invoice INV-7998 (364 days overdue)
Backend CI	Run tests	2026-03-17T02:41:37.5689018Z INFO:app.scheduler.services.notification_creation:Created overdue notification for invoice INV-5104 (156 days overdue)
Backend CI	Run tests	2026-03-17T02:41:37.5689342Z INFO:app.scheduler.services.notification_creation:Created overdue notification for invoice INV-9999 (2 days overdue)
Backend CI	Run tests	2026-03-17T02:41:37.5689676Z INFO:app.scheduler.services.notification_creation:Created overdue notification for invoice INV-2588 (150 days overdue)
Backend CI	Run tests	2026-03-17T02:41:37.5690007Z INFO:app.scheduler.services.notification_creation:Created overdue notification for invoice INV-6730 (195 days overdue)
Backend CI	Run tests	2026-03-17T02:41:37.5690337Z INFO:app.scheduler.services.notification_creation:Created overdue notification for invoice INV-6418 (132 days overdue)
Backend CI	Run tests	2026-03-17T02:41:37.5690665Z INFO:app.scheduler.services.notification_creation:Created overdue notification for invoice INV-7062 (68 days overdue)
Backend CI	Run tests	2026-03-17T02:41:37.5690992Z INFO:app.scheduler.services.notification_creation:Created overdue notification for invoice INV-9834 (147 days overdue)
Backend CI	Run tests	2026-03-17T02:41:37.5691318Z INFO:app.scheduler.services.notification_creation:Created overdue notification for invoice INV-1000 (2 days overdue)
Backend CI	Run tests	2026-03-17T02:41:37.5691652Z INFO:app.scheduler.services.notification_creation:Created overdue notification for invoice INV-2951 (333 days overdue)
Backend CI	Run tests	2026-03-17T02:41:37.5692083Z INFO:app.scheduler.services.notification_creation:Created overdue notification for invoice INV-1000 (255 days overdue)
Backend CI	Run tests	2026-03-17T02:41:37.5692411Z INFO:app.scheduler.services.notification_creation:Created overdue notification for invoice INV-5946 (7 days overdue)
Backend CI	Run tests	2026-03-17T02:41:37.5692901Z INFO:app.scheduler.services.notification_creation:Created overdue notification for invoice INV-5744 (96 days overdue)
Backend CI	Run tests	2026-03-17T02:41:37.5693232Z INFO:app.scheduler.services.notification_creation:Created overdue notification for invoice INV-9516 (176 days overdue)
Backend CI	Run tests	2026-03-17T02:41:37.5693564Z INFO:app.scheduler.services.notification_creation:Created overdue notification for invoice INV-3426 (67 days overdue)
Backend CI	Run tests	2026-03-17T02:41:37.5693888Z INFO:app.scheduler.services.notification_creation:Created overdue notification for invoice INV-1000 (6 days overdue)
Backend CI	Run tests	2026-03-17T02:41:37.5694220Z INFO:app.scheduler.services.notification_creation:Created overdue notification for invoice INV-4961 (335 days overdue)
Backend CI	Run tests	2026-03-17T02:41:37.5694547Z INFO:app.scheduler.services.notification_creation:Created overdue notification for invoice INV-6094 (7 days overdue)
Backend CI	Run tests	2026-03-17T02:41:37.5694873Z INFO:app.scheduler.services.notification_creation:Created overdue notification for invoice INV-1001 (285 days overdue)
Backend CI	Run tests	2026-03-17T02:41:37.5695274Z INFO:app.scheduler.services.notification_creation:Created overdue notification for invoice INV-7016 (127 days overdue)
Backend CI	Run tests	2026-03-17T02:41:37.5695604Z INFO:app.scheduler.services.notification_creation:Created overdue notification for invoice INV-8096 (152 days overdue)
Backend CI	Run tests	2026-03-17T02:41:37.5695933Z INFO:app.scheduler.services.notification_creation:Created overdue notification for invoice INV-4366 (88 days overdue)
Backend CI	Run tests	2026-03-17T02:41:37.5696264Z INFO:app.scheduler.services.notification_creation:Created overdue notification for invoice INV-6792 (137 days overdue)
Backend CI	Run tests	2026-03-17T02:41:37.5696593Z INFO:app.scheduler.services.notification_creation:Created overdue notification for invoice INV-7295 (120 days overdue)
Backend CI	Run tests	2026-03-17T02:41:37.5696930Z INFO:app.scheduler.services.notification_creation:Created overdue notification for invoice INV-2103 (164 days overdue)
Backend CI	Run tests	2026-03-17T02:41:37.5697254Z INFO:app.scheduler.services.notification_creation:Created overdue notification for invoice INV-7896 (225 days overdue)
Backend CI	Run tests	2026-03-17T02:41:37.5697592Z INFO:app.scheduler.services.notification_creation:Created overdue notification for invoice INV-8554 (140 days overdue)
Backend CI	Run tests	2026-03-17T02:41:37.5697917Z INFO:app.scheduler.services.notification_creation:Created overdue notification for invoice INV-3556 (30 days overdue)
Backend CI	Run tests	2026-03-17T02:41:37.5698241Z INFO:app.scheduler.services.notification_creation:Created overdue notification for invoice INV-3290 (81 days overdue)
Backend CI	Run tests	2026-03-17T02:41:37.5698630Z INFO:app.scheduler.services.notification_creation:Created overdue notification for invoice INV-5784 (207 days overdue)
Backend CI	Run tests	2026-03-17T02:41:37.5698961Z INFO:app.scheduler.services.notification_creation:Created overdue notification for invoice INV-1855 (106 days overdue)
Backend CI	Run tests	2026-03-17T02:41:37.5699300Z INFO:app.scheduler.services.notification_creation:Created overdue notification for invoice INV-9181 (167 days overdue)
Backend CI	Run tests	2026-03-17T02:41:37.5699620Z INFO:app.scheduler.services.notification_creation:Created overdue notification for invoice INV-8895 (8 days overdue)
Backend CI	Run tests	2026-03-17T02:41:37.5699957Z INFO:app.scheduler.services.notification_creation:Created overdue notification for invoice INV-1482 (30 days overdue)
Backend CI	Run tests	2026-03-17T02:41:37.5700292Z INFO:app.scheduler.services.notification_creation:Created overdue notification for invoice INV-4128 (174 days overdue)
Backend CI	Run tests	2026-03-17T02:41:37.5700628Z INFO:app.scheduler.services.notification_creation:Created overdue notification for invoice INV-9744 (321 days overdue)
Backend CI	Run tests	2026-03-17T02:41:37.5700965Z INFO:app.scheduler.services.notification_creation:Created overdue notification for invoice INV-8854 (346 days overdue)
Backend CI	Run tests	2026-03-17T02:41:37.5701294Z INFO:app.scheduler.services.notification_creation:Created overdue notification for invoice INV-1549 (287 days overdue)
Backend CI	Run tests	2026-03-17T02:41:37.5701726Z INFO:app.scheduler.services.notification_creation:Created overdue notification for invoice INV-8524 (71 days overdue)
Backend CI	Run tests	2026-03-17T02:41:37.5702058Z INFO:app.scheduler.services.notification_creation:Created overdue notification for invoice INV-3678 (79 days overdue)
Backend CI	Run tests	2026-03-17T02:41:37.5702388Z INFO:app.scheduler.services.notification_creation:Created overdue notification for invoice INV-9835 (182 days overdue)
Backend CI	Run tests	2026-03-17T02:41:37.5702886Z INFO:app.scheduler.services.notification_creation:Created overdue notification for invoice INV-8493 (1 days overdue)
Backend CI	Run tests	2026-03-17T02:41:37.5703218Z INFO:app.scheduler.services.notification_creation:Created overdue notification for invoice INV-7961 (222 days overdue)
Backend CI	Run tests	2026-03-17T02:41:37.5703550Z INFO:app.scheduler.services.notification_creation:Created overdue notification for invoice INV-9484 (344 days overdue)
Backend CI	Run tests	2026-03-17T02:41:37.5703877Z INFO:app.scheduler.services.notification_creation:Created overdue notification for invoice INV-6089 (75 days overdue)
Backend CI	Run tests	2026-03-17T02:41:37.5704224Z INFO:app.scheduler.services.notification_creation:Created overdue notification for invoice INV-9999 (357 days overdue)
Backend CI	Run tests	2026-03-17T02:41:37.5704560Z INFO:app.scheduler.services.notification_creation:Created overdue notification for invoice INV-2947 (118 days overdue)
Backend CI	Run tests	2026-03-17T02:41:37.5704953Z INFO:app.scheduler.services.notification_creation:Created overdue notification for invoice INV-4749 (83 days overdue)
Backend CI	Run tests	2026-03-17T02:41:37.5705281Z INFO:app.scheduler.services.notification_creation:Created overdue notification for invoice INV-5970 (244 days overdue)
Backend CI	Run tests	2026-03-17T02:41:37.5705617Z INFO:app.scheduler.services.notification_creation:Created overdue notification for invoice INV-8704 (277 days overdue)
Backend CI	Run tests	2026-03-17T02:41:37.5705948Z INFO:app.scheduler.services.notification_creation:Created overdue notification for invoice INV-2437 (185 days overdue)
Backend CI	Run tests	2026-03-17T02:41:37.5706281Z INFO:app.scheduler.services.notification_creation:Created overdue notification for invoice INV-5132 (321 days overdue)
Backend CI	Run tests	2026-03-17T02:41:37.5706609Z INFO:app.scheduler.services.notification_creation:Created overdue notification for invoice INV-5124 (75 days overdue)
Backend CI	Run tests	2026-03-17T02:41:37.5706937Z INFO:app.scheduler.services.notification_creation:Created overdue notification for invoice INV-7208 (307 days overdue)
Backend CI	Run tests	2026-03-17T02:41:37.5707275Z INFO:app.scheduler.services.notification_creation:Created overdue notification for invoice INV-2085 (244 days overdue)
Backend CI	Run tests	2026-03-17T02:41:37.5707603Z INFO:app.scheduler.services.notification_creation:Created overdue notification for invoice INV-1325 (311 days overdue)
Backend CI	Run tests	2026-03-17T02:41:37.5707937Z INFO:app.scheduler.services.notification_creation:Created overdue notification for invoice INV-9115 (214 days overdue)
Backend CI	Run tests	2026-03-17T02:41:37.5708316Z INFO:app.scheduler.services.notification_creation:Created overdue notification for invoice INV-4887 (10 days overdue)
Backend CI	Run tests	2026-03-17T02:41:37.5708651Z INFO:app.scheduler.services.notification_creation:Created overdue notification for invoice INV-9604 (244 days overdue)
Backend CI	Run tests	2026-03-17T02:41:37.5708987Z INFO:app.scheduler.services.notification_creation:Created overdue notification for invoice INV-1869 (127 days overdue)
Backend CI	Run tests	2026-03-17T02:41:37.5709317Z INFO:app.scheduler.services.notification_creation:Created overdue notification for invoice INV-7838 (334 days overdue)
Backend CI	Run tests	2026-03-17T02:41:37.5709660Z INFO:app.scheduler.services.notification_creation:Created overdue notification for invoice INV-6830 (316 days overdue)
Backend CI	Run tests	2026-03-17T02:41:37.5709988Z INFO:app.scheduler.services.notification_creation:Created overdue notification for invoice INV-2172 (15 days overdue)
Backend CI	Run tests	2026-03-17T02:41:37.5710320Z INFO:app.scheduler.services.notification_creation:Created overdue notification for invoice INV-4988 (321 days overdue)
Backend CI	Run tests	2026-03-17T02:41:37.5710650Z INFO:app.scheduler.services.notification_creation:Created overdue notification for invoice INV-9693 (203 days overdue)
Backend CI	Run tests	2026-03-17T02:41:37.5710980Z INFO:app.scheduler.services.notification_creation:Created overdue notification for invoice INV-7913 (251 days overdue)
Backend CI	Run tests	2026-03-17T02:41:37.5711418Z INFO:app.scheduler.services.notification_creation:Created overdue notification for invoice INV-7324 (161 days overdue)
Backend CI	Run tests	2026-03-17T02:41:37.5711749Z INFO:app.scheduler.services.notification_creation:Created overdue notification for invoice INV-4652 (329 days overdue)
Backend CI	Run tests	2026-03-17T02:41:37.5712081Z INFO:app.scheduler.services.notification_creation:Created overdue notification for invoice INV-5825 (20 days overdue)
Backend CI	Run tests	2026-03-17T02:41:37.5712406Z INFO:app.scheduler.services.notification_creation:Created overdue notification for invoice INV-1000 (1 days overdue)
Backend CI	Run tests	2026-03-17T02:41:37.5712566Z ------------------------------ Captured log call -------------------------------
Backend CI	Run tests	2026-03-17T02:41:37.5713118Z INFO     app.scheduler.services.notification_creation:notification_creation.py:64 Created overdue notification for invoice INV-1000 (1 days overdue)
Backend CI	Run tests	2026-03-17T02:41:37.5713559Z INFO     app.scheduler.services.notification_creation:notification_creation.py:64 Created overdue notification for invoice INV-6402 (277 days overdue)
Backend CI	Run tests	2026-03-17T02:41:37.5713998Z INFO     app.scheduler.services.notification_creation:notification_creation.py:64 Created overdue notification for invoice INV-1276 (277 days overdue)
Backend CI	Run tests	2026-03-17T02:41:37.5714488Z INFO     app.scheduler.services.notification_creation:notification_creation.py:64 Created overdue notification for invoice INV-6305 (292 days overdue)
Backend CI	Run tests	2026-03-17T02:41:37.5714916Z INFO     app.scheduler.services.notification_creation:notification_creation.py:64 Created overdue notification for invoice INV-1291 (292 days overdue)
Backend CI	Run tests	2026-03-17T02:41:37.5715350Z INFO     app.scheduler.services.notification_creation:notification_creation.py:64 Created overdue notification for invoice INV-2747 (109 days overdue)
Backend CI	Run tests	2026-03-17T02:41:37.5715781Z INFO     app.scheduler.services.notification_creation:notification_creation.py:64 Created overdue notification for invoice INV-2747 (212 days overdue)
Backend CI	Run tests	2026-03-17T02:41:37.5716216Z INFO     app.scheduler.services.notification_creation:notification_creation.py:64 Created overdue notification for invoice INV-1211 (212 days overdue)
Backend CI	Run tests	2026-03-17T02:41:37.5716641Z INFO     app.scheduler.services.notification_creation:notification_creation.py:64 Created overdue notification for invoice INV-6552 (129 days overdue)
Backend CI	Run tests	2026-03-17T02:41:37.5717069Z INFO     app.scheduler.services.notification_creation:notification_creation.py:64 Created overdue notification for invoice INV-6552 (1 days overdue)
Backend CI	Run tests	2026-03-17T02:41:37.5717490Z INFO     app.scheduler.services.notification_creation:notification_creation.py:64 Created overdue notification for invoice INV-1000 (1 days overdue)
Backend CI	Run tests	2026-03-17T02:41:37.5717975Z INFO     app.scheduler.services.notification_creation:notification_creation.py:64 Created overdue notification for invoice INV-9538 (108 days overdue)
Backend CI	Run tests	2026-03-17T02:41:37.5718407Z INFO     app.scheduler.services.notification_creation:notification_creation.py:64 Created overdue notification for invoice INV-5001 (279 days overdue)
Backend CI	Run tests	2026-03-17T02:41:37.5718846Z INFO     app.scheduler.services.notification_creation:notification_creation.py:64 Created overdue notification for invoice INV-9490 (211 days overdue)
Backend CI	Run tests	2026-03-17T02:41:37.5719278Z INFO     app.scheduler.services.notification_creation:notification_creation.py:64 Created overdue notification for invoice INV-9973 (138 days overdue)
Backend CI	Run tests	2026-03-17T02:41:37.5719711Z INFO     app.scheduler.services.notification_creation:notification_creation.py:64 Created overdue notification for invoice INV-4994 (343 days overdue)
Backend CI	Run tests	2026-03-17T02:41:37.5720151Z INFO     app.scheduler.services.notification_creation:notification_creation.py:64 Created overdue notification for invoice INV-3052 (39 days overdue)
Backend CI	Run tests	2026-03-17T02:41:37.5720582Z INFO     app.scheduler.services.notification_creation:notification_creation.py:64 Created overdue notification for invoice INV-7989 (238 days overdue)
Backend CI	Run tests	2026-03-17T02:41:37.5721014Z INFO     app.scheduler.services.notification_creation:notification_creation.py:64 Created overdue notification for invoice INV-9749 (236 days overdue)
Backend CI	Run tests	2026-03-17T02:41:37.5721559Z INFO     app.scheduler.services.notification_creation:notification_creation.py:64 Created overdue notification for invoice INV-4859 (61 days overdue)
Backend CI	Run tests	2026-03-17T02:41:37.5721986Z INFO     app.scheduler.services.notification_creation:notification_creation.py:64 Created overdue notification for invoice INV-1160 (165 days overdue)
Backend CI	Run tests	2026-03-17T02:41:37.5722423Z INFO     app.scheduler.services.notification_creation:notification_creation.py:64 Created overdue notification for invoice INV-2041 (357 days overdue)
Backend CI	Run tests	2026-03-17T02:41:37.5722975Z INFO     app.scheduler.services.notification_creation:notification_creation.py:64 Created overdue notification for invoice INV-5783 (219 days overdue)
Backend CI	Run tests	2026-03-17T02:41:37.5723409Z INFO     app.scheduler.services.notification_creation:notification_creation.py:64 Created overdue notification for invoice INV-9538 (38 days overdue)
Backend CI	Run tests	2026-03-17T02:41:37.5723844Z INFO     app.scheduler.services.notification_creation:notification_creation.py:64 Created overdue notification for invoice INV-4635 (119 days overdue)
Backend CI	Run tests	2026-03-17T02:41:37.5724269Z INFO     app.scheduler.services.notification_creation:notification_creation.py:64 Created overdue notification for invoice INV-3763 (155 days overdue)
Backend CI	Run tests	2026-03-17T02:41:37.5724772Z INFO     app.scheduler.services.notification_creation:notification_creation.py:64 Created overdue notification for invoice INV-2282 (326 days overdue)
Backend CI	Run tests	2026-03-17T02:41:37.5725202Z INFO     app.scheduler.services.notification_creation:notification_creation.py:64 Created overdue notification for invoice INV-8283 (165 days overdue)
Backend CI	Run tests	2026-03-17T02:41:37.5725635Z INFO     app.scheduler.services.notification_creation:notification_creation.py:64 Created overdue notification for invoice INV-1862 (230 days overdue)
Backend CI	Run tests	2026-03-17T02:41:37.5726059Z INFO     app.scheduler.services.notification_creation:notification_creation.py:64 Created overdue notification for invoice INV-4827 (54 days overdue)
Backend CI	Run tests	2026-03-17T02:41:37.5726494Z INFO     app.scheduler.services.notification_creation:notification_creation.py:64 Created overdue notification for invoice INV-4532 (320 days overdue)
Backend CI	Run tests	2026-03-17T02:41:37.5726916Z INFO     app.scheduler.services.notification_creation:notification_creation.py:64 Created overdue notification for invoice INV-1234 (26 days overdue)
Backend CI	Run tests	2026-03-17T02:41:37.5727340Z INFO     app.scheduler.services.notification_creation:notification_creation.py:64 Created overdue notification for invoice INV-8120 (2 days overdue)
Backend CI	Run tests	2026-03-17T02:41:37.5727765Z INFO     app.scheduler.services.notification_creation:notification_creation.py:64 Created overdue notification for invoice INV-3519 (4 days overdue)
Backend CI	Run tests	2026-03-17T02:41:37.5728246Z INFO     app.scheduler.services.notification_creation:notification_creation.py:64 Created overdue notification for invoice INV-4739 (228 days overdue)
Backend CI	Run tests	2026-03-17T02:41:37.5728678Z INFO     app.scheduler.services.notification_creation:notification_creation.py:64 Created overdue notification for invoice INV-3887 (260 days overdue)
Backend CI	Run tests	2026-03-17T02:41:37.5729105Z INFO     app.scheduler.services.notification_creation:notification_creation.py:64 Created overdue notification for invoice INV-9396 (45 days overdue)
Backend CI	Run tests	2026-03-17T02:41:37.5729536Z INFO     app.scheduler.services.notification_creation:notification_creation.py:64 Created overdue notification for invoice INV-6149 (22 days overdue)
Backend CI	Run tests	2026-03-17T02:41:37.5729964Z INFO     app.scheduler.services.notification_creation:notification_creation.py:64 Created overdue notification for invoice INV-2920 (151 days overdue)
Backend CI	Run tests	2026-03-17T02:41:37.5730390Z INFO     app.scheduler.services.notification_creation:notification_creation.py:64 Created overdue notification for invoice INV-4077 (27 days overdue)
Backend CI	Run tests	2026-03-17T02:41:37.5730826Z INFO     app.scheduler.services.notification_creation:notification_creation.py:64 Created overdue notification for invoice INV-9343 (192 days overdue)
Backend CI	Run tests	2026-03-17T02:41:37.5731251Z INFO     app.scheduler.services.notification_creation:notification_creation.py:64 Created overdue notification for invoice INV-1381 (355 days overdue)
Backend CI	Run tests	2026-03-17T02:41:37.5731788Z INFO     app.scheduler.services.notification_creation:notification_creation.py:64 Created overdue notification for invoice INV-7998 (364 days overdue)
Backend CI	Run tests	2026-03-17T02:41:37.5732219Z INFO     app.scheduler.services.notification_creation:notification_creation.py:64 Created overdue notification for invoice INV-5104 (156 days overdue)
Backend CI	Run tests	2026-03-17T02:41:37.5732641Z INFO     app.scheduler.services.notification_creation:notification_creation.py:64 Created overdue notification for invoice INV-9999 (2 days overdue)
Backend CI	Run tests	2026-03-17T02:41:37.5733176Z INFO     app.scheduler.services.notification_creation:notification_creation.py:64 Created overdue notification for invoice INV-2588 (150 days overdue)
Backend CI	Run tests	2026-03-17T02:41:37.5733609Z INFO     app.scheduler.services.notification_creation:notification_creation.py:64 Created overdue notification for invoice INV-6730 (195 days overdue)
Backend CI	Run tests	2026-03-17T02:41:37.5734044Z INFO     app.scheduler.services.notification_creation:notification_creation.py:64 Created overdue notification for invoice INV-6418 (132 days overdue)
Backend CI	Run tests	2026-03-17T02:41:37.5734467Z INFO     app.scheduler.services.notification_creation:notification_creation.py:64 Created overdue notification for invoice INV-7062 (68 days overdue)
Backend CI	Run tests	2026-03-17T02:41:37.5734973Z INFO     app.scheduler.services.notification_creation:notification_creation.py:64 Created overdue notification for invoice INV-9834 (147 days overdue)
Backend CI	Run tests	2026-03-17T02:41:37.5735423Z INFO     app.scheduler.services.notification_creation:notification_creation.py:64 Created overdue notification for invoice INV-1000 (2 days overdue)
Backend CI	Run tests	2026-03-17T02:41:37.5735851Z INFO     app.scheduler.services.notification_creation:notification_creation.py:64 Created overdue notification for invoice INV-2951 (333 days overdue)
Backend CI	Run tests	2026-03-17T02:41:37.5736288Z INFO     app.scheduler.services.notification_creation:notification_creation.py:64 Created overdue notification for invoice INV-1000 (255 days overdue)
Backend CI	Run tests	2026-03-17T02:41:37.5736712Z INFO     app.scheduler.services.notification_creation:notification_creation.py:64 Created overdue notification for invoice INV-5946 (7 days overdue)
Backend CI	Run tests	2026-03-17T02:41:37.5737139Z INFO     app.scheduler.services.notification_creation:notification_creation.py:64 Created overdue notification for invoice INV-5744 (96 days overdue)
Backend CI	Run tests	2026-03-17T02:41:37.5737570Z INFO     app.scheduler.services.notification_creation:notification_creation.py:64 Created overdue notification for invoice INV-9516 (176 days overdue)
Backend CI	Run tests	2026-03-17T02:41:37.5737993Z INFO     app.scheduler.services.notification_creation:notification_creation.py:64 Created overdue notification for invoice INV-3426 (67 days overdue)
Backend CI	Run tests	2026-03-17T02:41:37.5738483Z INFO     app.scheduler.services.notification_creation:notification_creation.py:64 Created overdue notification for invoice INV-1000 (6 days overdue)
Backend CI	Run tests	2026-03-17T02:41:37.5738909Z INFO     app.scheduler.services.notification_creation:notification_creation.py:64 Created overdue notification for invoice INV-4961 (335 days overdue)
Backend CI	Run tests	2026-03-17T02:41:37.5739337Z INFO     app.scheduler.services.notification_creation:notification_creation.py:64 Created overdue notification for invoice INV-6094 (7 days overdue)
Backend CI	Run tests	2026-03-17T02:41:37.5739767Z INFO     app.scheduler.services.notification_creation:notification_creation.py:64 Created overdue notification for invoice INV-1001 (285 days overdue)
Backend CI	Run tests	2026-03-17T02:41:37.5740200Z INFO     app.scheduler.services.notification_creation:notification_creation.py:64 Created overdue notification for invoice INV-7016 (127 days overdue)
Backend CI	Run tests	2026-03-17T02:41:37.5740627Z INFO     app.scheduler.services.notification_creation:notification_creation.py:64 Created overdue notification for invoice INV-8096 (152 days overdue)
Backend CI	Run tests	2026-03-17T02:41:37.5741052Z INFO     app.scheduler.services.notification_creation:notification_creation.py:64 Created overdue notification for invoice INV-4366 (88 days overdue)
Backend CI	Run tests	2026-03-17T02:41:37.5741589Z INFO     app.scheduler.services.notification_creation:notification_creation.py:64 Created overdue notification for invoice INV-6792 (137 days overdue)
Backend CI	Run tests	2026-03-17T02:41:37.5742017Z INFO     app.scheduler.services.notification_creation:notification_creation.py:64 Created overdue notification for invoice INV-7295 (120 days overdue)
Backend CI	Run tests	2026-03-17T02:41:37.5742452Z INFO     app.scheduler.services.notification_creation:notification_creation.py:64 Created overdue notification for invoice INV-2103 (164 days overdue)
Backend CI	Run tests	2026-03-17T02:41:37.5743004Z INFO     app.scheduler.services.notification_creation:notification_creation.py:64 Created overdue notification for invoice INV-7896 (225 days overdue)
Backend CI	Run tests	2026-03-17T02:41:37.5743445Z INFO     app.scheduler.services.notification_creation:notification_creation.py:64 Created overdue notification for invoice INV-8554 (140 days overdue)
Backend CI	Run tests	2026-03-17T02:41:37.5743870Z INFO     app.scheduler.services.notification_creation:notification_creation.py:64 Created overdue notification for invoice INV-3556 (30 days overdue)
Backend CI	Run tests	2026-03-17T02:41:37.5744299Z INFO     app.scheduler.services.notification_creation:notification_creation.py:64 Created overdue notification for invoice INV-3290 (81 days overdue)
Backend CI	Run tests	2026-03-17T02:41:37.5744733Z INFO     app.scheduler.services.notification_creation:notification_creation.py:64 Created overdue notification for invoice INV-5784 (207 days overdue)
Backend CI	Run tests	2026-03-17T02:41:37.5745225Z INFO     app.scheduler.services.notification_creation:notification_creation.py:64 Created overdue notification for invoice INV-1855 (106 days overdue)
Backend CI	Run tests	2026-03-17T02:41:37.5745656Z INFO     app.scheduler.services.notification_creation:notification_creation.py:64 Created overdue notification for invoice INV-9181 (167 days overdue)
Backend CI	Run tests	2026-03-17T02:41:37.5746081Z INFO     app.scheduler.services.notification_creation:notification_creation.py:64 Created overdue notification for invoice INV-8895 (8 days overdue)
Backend CI	Run tests	2026-03-17T02:41:37.5746505Z INFO     app.scheduler.services.notification_creation:notification_creation.py:64 Created overdue notification for invoice INV-1482 (30 days overdue)
Backend CI	Run tests	2026-03-17T02:41:37.5746945Z INFO     app.scheduler.services.notification_creation:notification_creation.py:64 Created overdue notification for invoice INV-4128 (174 days overdue)
Backend CI	Run tests	2026-03-17T02:41:37.5747372Z INFO     app.scheduler.services.notification_creation:notification_creation.py:64 Created overdue notification for invoice INV-9744 (321 days overdue)
Backend CI	Run tests	2026-03-17T02:41:37.5747813Z INFO     app.scheduler.services.notification_creation:notification_creation.py:64 Created overdue notification for invoice INV-8854 (346 days overdue)
Backend CI	Run tests	2026-03-17T02:41:37.5748242Z INFO     app.scheduler.services.notification_creation:notification_creation.py:64 Created overdue notification for invoice INV-1549 (287 days overdue)
Backend CI	Run tests	2026-03-17T02:41:37.5748725Z INFO     app.scheduler.services.notification_creation:notification_creation.py:64 Created overdue notification for invoice INV-8524 (71 days overdue)
Backend CI	Run tests	2026-03-17T02:41:37.5749153Z INFO     app.scheduler.services.notification_creation:notification_creation.py:64 Created overdue notification for invoice INV-3678 (79 days overdue)
Backend CI	Run tests	2026-03-17T02:41:37.5749583Z INFO     app.scheduler.services.notification_creation:notification_creation.py:64 Created overdue notification for invoice INV-9835 (182 days overdue)
Backend CI	Run tests	2026-03-17T02:41:37.5750011Z INFO     app.scheduler.services.notification_creation:notification_creation.py:64 Created overdue notification for invoice INV-8493 (1 days overdue)
Backend CI	Run tests	2026-03-17T02:41:37.5750438Z INFO     app.scheduler.services.notification_creation:notification_creation.py:64 Created overdue notification for invoice INV-7961 (222 days overdue)
Backend CI	Run tests	2026-03-17T02:41:37.5750871Z INFO     app.scheduler.services.notification_creation:notification_creation.py:64 Created overdue notification for invoice INV-9484 (344 days overdue)
Backend CI	Run tests	2026-03-17T02:41:37.5751299Z INFO     app.scheduler.services.notification_creation:notification_creation.py:64 Created overdue notification for invoice INV-6089 (75 days overdue)
Backend CI	Run tests	2026-03-17T02:41:37.5751829Z INFO     app.scheduler.services.notification_creation:notification_creation.py:64 Created overdue notification for invoice INV-9999 (357 days overdue)
Backend CI	Run tests	2026-03-17T02:41:37.5752264Z INFO     app.scheduler.services.notification_creation:notification_creation.py:64 Created overdue notification for invoice INV-2947 (118 days overdue)
Backend CI	Run tests	2026-03-17T02:41:37.5752805Z INFO     app.scheduler.services.notification_creation:notification_creation.py:64 Created overdue notification for invoice INV-4749 (83 days overdue)
Backend CI	Run tests	2026-03-17T02:41:37.5753242Z INFO     app.scheduler.services.notification_creation:notification_creation.py:64 Created overdue notification for invoice INV-5970 (244 days overdue)
Backend CI	Run tests	2026-03-17T02:41:37.5753674Z INFO     app.scheduler.services.notification_creation:notification_creation.py:64 Created overdue notification for invoice INV-8704 (277 days overdue)
Backend CI	Run tests	2026-03-17T02:41:37.5754109Z INFO     app.scheduler.services.notification_creation:notification_creation.py:64 Created overdue notification for invoice INV-2437 (185 days overdue)
Backend CI	Run tests	2026-03-17T02:41:37.5754539Z INFO     app.scheduler.services.notification_creation:notification_creation.py:64 Created overdue notification for invoice INV-5132 (321 days overdue)
Backend CI	Run tests	2026-03-17T02:41:37.5754962Z INFO     app.scheduler.services.notification_creation:notification_creation.py:64 Created overdue notification for invoice INV-5124 (75 days overdue)
Backend CI	Run tests	2026-03-17T02:41:37.5755461Z INFO     app.scheduler.services.notification_creation:notification_creation.py:64 Created overdue notification for invoice INV-7208 (307 days overdue)
Backend CI	Run tests	2026-03-17T02:41:37.5755890Z INFO     app.scheduler.services.notification_creation:notification_creation.py:64 Created overdue notification for invoice INV-2085 (244 days overdue)
Backend CI	Run tests	2026-03-17T02:41:37.5756324Z INFO     app.scheduler.services.notification_creation:notification_creation.py:64 Created overdue notification for invoice INV-1325 (311 days overdue)
Backend CI	Run tests	2026-03-17T02:41:37.5756751Z INFO     app.scheduler.services.notification_creation:notification_creation.py:64 Created overdue notification for invoice INV-9115 (214 days overdue)
Backend CI	Run tests	2026-03-17T02:41:37.5757185Z INFO     app.scheduler.services.notification_creation:notification_creation.py:64 Created overdue notification for invoice INV-4887 (10 days overdue)
Backend CI	Run tests	2026-03-17T02:41:37.5757615Z INFO     app.scheduler.services.notification_creation:notification_creation.py:64 Created overdue notification for invoice INV-9604 (244 days overdue)
Backend CI	Run tests	2026-03-17T02:41:37.5758043Z INFO     app.scheduler.services.notification_creation:notification_creation.py:64 Created overdue notification for invoice INV-1869 (127 days overdue)
Backend CI	Run tests	2026-03-17T02:41:37.5758477Z INFO     app.scheduler.services.notification_creation:notification_creation.py:64 Created overdue notification for invoice INV-7838 (334 days overdue)
Backend CI	Run tests	2026-03-17T02:41:37.5758963Z INFO     app.scheduler.services.notification_creation:notification_creation.py:64 Created overdue notification for invoice INV-6830 (316 days overdue)
Backend CI	Run tests	2026-03-17T02:41:37.5759398Z INFO     app.scheduler.services.notification_creation:notification_creation.py:64 Created overdue notification for invoice INV-2172 (15 days overdue)
Backend CI	Run tests	2026-03-17T02:41:37.5759824Z INFO     app.scheduler.services.notification_creation:notification_creation.py:64 Created overdue notification for invoice INV-4988 (321 days overdue)
Backend CI	Run tests	2026-03-17T02:41:37.5760254Z INFO     app.scheduler.services.notification_creation:notification_creation.py:64 Created overdue notification for invoice INV-9693 (203 days overdue)
Backend CI	Run tests	2026-03-17T02:41:37.5760686Z INFO     app.scheduler.services.notification_creation:notification_creation.py:64 Created overdue notification for invoice INV-7913 (251 days overdue)
Backend CI	Run tests	2026-03-17T02:41:37.5761114Z INFO     app.scheduler.services.notification_creation:notification_creation.py:64 Created overdue notification for invoice INV-7324 (161 days overdue)
Backend CI	Run tests	2026-03-17T02:41:37.5761554Z INFO     app.scheduler.services.notification_creation:notification_creation.py:64 Created overdue notification for invoice INV-4652 (329 days overdue)
Backend CI	Run tests	2026-03-17T02:41:37.5762122Z INFO     app.scheduler.services.notification_creation:notification_creation.py:64 Created overdue notification for invoice INV-5825 (20 days overdue)
Backend CI	Run tests	2026-03-17T02:41:37.5762554Z INFO     app.scheduler.services.notification_creation:notification_creation.py:64 Created overdue notification for invoice INV-1000 (1 days overdue)
Backend CI	Run tests	2026-03-17T02:41:37.5762838Z _______________________ test_notification_deduplication ________________________
Backend CI	Run tests	2026-03-17T02:41:37.5763146Z app/tests/property/test_properties_notification_deduplication.py:61: in test_notification_deduplication
Backend CI	Run tests	2026-03-17T02:41:37.5763249Z     invoices_with_notifications=st.lists(
Backend CI	Run tests	2026-03-17T02:41:37.5763317Z                ^^^
Backend CI	Run tests	2026-03-17T02:41:37.5763613Z app/tests/property/test_properties_notification_deduplication.py:158: in test_notification_deduplication
Backend CI	Run tests	2026-03-17T02:41:37.5763803Z     assert len(created_notifications) == len(mock_invoices_without_notif), (
Backend CI	Run tests	2026-03-17T02:41:37.5763976Z E   AssertionError: Expected 1 new notifications, but 0 were created
Backend CI	Run tests	2026-03-17T02:41:37.5764050Z E   assert 0 == 1
Backend CI	Run tests	2026-03-17T02:41:37.5764124Z E    +  where 0 = len([])
Backend CI	Run tests	2026-03-17T02:41:37.5764257Z E    +  and   1 = len([<Mock spec='Invoice' id='139869594730816'>])
Backend CI	Run tests	2026-03-17T02:41:37.5764465Z E   Falsifying example: test_notification_deduplication(
Backend CI	Run tests	2026-03-17T02:41:37.5764634Z E       # The test always failed when commented parts were varied together.
Backend CI	Run tests	2026-03-17T02:41:37.5764844Z E       invoices_with_notifications=[{'id': UUID('b95d8c65-869a-4a14-b4b9-2ef573271ef2'),
Backend CI	Run tests	2026-03-17T02:41:37.5764996Z E         'business_id': UUID('61d6e45e-fc8a-4411-81c7-5f61b350fcbb'),
Backend CI	Run tests	2026-03-17T02:41:37.5765084Z E         'invoice_number': 'INV-1000',
Backend CI	Run tests	2026-03-17T02:41:37.5765188Z E         'due_date': datetime.date(2026, 3, 16),
Backend CI	Run tests	2026-03-17T02:41:37.5765292Z E         'status': <InvoiceStatus.DRAFT: 'draft'>,
Backend CI	Run tests	2026-03-17T02:41:37.5765385Z E         'issue_date': datetime.date(2026, 3, 9),
Backend CI	Run tests	2026-03-17T02:41:37.5765478Z E         'subtotal': Decimal('100.00'),
Backend CI	Run tests	2026-03-17T02:41:37.5765556Z E         'total': Decimal('100.00'),
Backend CI	Run tests	2026-03-17T02:41:37.5765712Z E         'amount_paid': Decimal('0.00')}],  # or any other generated value
Backend CI	Run tests	2026-03-17T02:41:37.5765934Z E       invoices_without_notifications=[{'id': UUID('47560852-f6e4-4f3b-b64c-06c28b1c8cbe'),
Backend CI	Run tests	2026-03-17T02:41:37.5766079Z E         'business_id': UUID('07d325dc-5475-4da7-aed4-28d1f6a254f7'),
Backend CI	Run tests	2026-03-17T02:41:37.5766164Z E         'invoice_number': 'INV-1000',
Backend CI	Run tests	2026-03-17T02:41:37.5766256Z E         'due_date': datetime.date(2026, 3, 16),
Backend CI	Run tests	2026-03-17T02:41:37.5766357Z E         'status': <InvoiceStatus.DRAFT: 'draft'>,
Backend CI	Run tests	2026-03-17T02:41:37.5766453Z E         'issue_date': datetime.date(2026, 3, 9),
Backend CI	Run tests	2026-03-17T02:41:37.5766602Z E         'subtotal': Decimal('100.00'),
Backend CI	Run tests	2026-03-17T02:41:37.5766678Z E         'total': Decimal('100.00'),
Backend CI	Run tests	2026-03-17T02:41:37.5766833Z E         'amount_paid': Decimal('0.00')}],  # or any other generated value
Backend CI	Run tests	2026-03-17T02:41:37.5766897Z E   )
Backend CI	Run tests	2026-03-17T02:41:37.5766960Z E   
Backend CI	Run tests	2026-03-17T02:41:37.5767365Z E   You can reproduce this example by temporarily adding @reproduce_failure('6.122.3', b'AXicY2SAA0YEEwAANwAD') as a decorator on your test case
Backend CI	Run tests	2026-03-17T02:41:37.5767528Z ----------------------------- Captured stderr call -----------------------------
Backend CI	Run tests	2026-03-17T02:41:37.5767881Z INFO:app.scheduler.services.notification_creation:Created overdue notification for invoice INV-1000 (1 days overdue)
Backend CI	Run tests	2026-03-17T02:41:37.5768222Z INFO:app.scheduler.services.notification_creation:Created overdue notification for invoice INV-8682 (115 days overdue)
Backend CI	Run tests	2026-03-17T02:41:37.5768563Z INFO:app.scheduler.services.notification_creation:Created overdue notification for invoice INV-1001 (178 days overdue)
Backend CI	Run tests	2026-03-17T02:41:37.5768895Z INFO:app.scheduler.services.notification_creation:Created overdue notification for invoice INV-9546 (108 days overdue)
Backend CI	Run tests	2026-03-17T02:41:37.5769225Z INFO:app.scheduler.services.notification_creation:Created overdue notification for invoice INV-6002 (170 days overdue)
Backend CI	Run tests	2026-03-17T02:41:37.5769673Z INFO:app.scheduler.services.notification_creation:Created overdue notification for invoice INV-9546 (108 days overdue)
Backend CI	Run tests	2026-03-17T02:41:37.5770001Z INFO:app.scheduler.services.notification_creation:Created overdue notification for invoice INV-6002 (170 days overdue)
Backend CI	Run tests	2026-03-17T02:41:37.5770340Z INFO:app.scheduler.services.notification_creation:Created overdue notification for invoice INV-9546 (108 days overdue)
Backend CI	Run tests	2026-03-17T02:41:37.5770669Z INFO:app.scheduler.services.notification_creation:Created overdue notification for invoice INV-2797 (316 days overdue)
Backend CI	Run tests	2026-03-17T02:41:37.5770999Z INFO:app.scheduler.services.notification_creation:Created overdue notification for invoice INV-9546 (108 days overdue)
Backend CI	Run tests	2026-03-17T02:41:37.5771338Z INFO:app.scheduler.services.notification_creation:Created overdue notification for invoice INV-2797 (316 days overdue)
Backend CI	Run tests	2026-03-17T02:41:37.5771672Z INFO:app.scheduler.services.notification_creation:Created overdue notification for invoice INV-9546 (108 days overdue)
Backend CI	Run tests	2026-03-17T02:41:37.5772016Z INFO:app.scheduler.services.notification_creation:Created overdue notification for invoice INV-2797 (316 days overdue)
Backend CI	Run tests	2026-03-17T02:41:37.5772347Z INFO:app.scheduler.services.notification_creation:Created overdue notification for invoice INV-9546 (108 days overdue)
Backend CI	Run tests	2026-03-17T02:41:37.5772821Z INFO:app.scheduler.services.notification_creation:Created overdue notification for invoice INV-2797 (316 days overdue)
Backend CI	Run tests	2026-03-17T02:41:37.5773153Z INFO:app.scheduler.services.notification_creation:Created overdue notification for invoice INV-1000 (1 days overdue)
Backend CI	Run tests	2026-03-17T02:41:37.5773477Z INFO:app.scheduler.services.notification_creation:Created overdue notification for invoice INV-1000 (1 days overdue)
Backend CI	Run tests	2026-03-17T02:41:37.5773808Z INFO:app.scheduler.services.notification_creation:Created overdue notification for invoice INV-1000 (1 days overdue)
Backend CI	Run tests	2026-03-17T02:41:37.5774132Z INFO:app.scheduler.services.notification_creation:Created overdue notification for invoice INV-1000 (1 days overdue)
Backend CI	Run tests	2026-03-17T02:41:37.5774472Z INFO:app.scheduler.services.notification_creation:Created overdue notification for invoice INV-9998 (291 days overdue)
Backend CI	Run tests	2026-03-17T02:41:37.5774807Z INFO:app.scheduler.services.notification_creation:Created overdue notification for invoice INV-7523 (196 days overdue)
Backend CI	Run tests	2026-03-17T02:41:37.5775134Z INFO:app.scheduler.services.notification_creation:Created overdue notification for invoice INV-1000 (1 days overdue)
Backend CI	Run tests	2026-03-17T02:41:37.5775471Z INFO:app.scheduler.services.notification_creation:Created overdue notification for invoice INV-5037 (221 days overdue)
Backend CI	Run tests	2026-03-17T02:41:37.5775796Z INFO:app.scheduler.services.notification_creation:Created overdue notification for invoice INV-1000 (1 days overdue)
Backend CI	Run tests	2026-03-17T02:41:37.5776179Z INFO:app.scheduler.services.notification_creation:Created overdue notification for invoice INV-1000 (1 days overdue)
Backend CI	Run tests	2026-03-17T02:41:37.5776517Z INFO:app.scheduler.services.notification_creation:Created overdue notification for invoice INV-4537 (195 days overdue)
Backend CI	Run tests	2026-03-17T02:41:37.5776845Z INFO:app.scheduler.services.notification_creation:Created overdue notification for invoice INV-1000 (1 days overdue)
Backend CI	Run tests	2026-03-17T02:41:37.5777182Z INFO:app.scheduler.services.notification_creation:Created overdue notification for invoice INV-4000 (313 days overdue)
Backend CI	Run tests	2026-03-17T02:41:37.5777516Z INFO:app.scheduler.services.notification_creation:Created overdue notification for invoice INV-9898 (17 days overdue)
Backend CI	Run tests	2026-03-17T02:41:37.5777844Z INFO:app.scheduler.services.notification_creation:Created overdue notification for invoice INV-3205 (350 days overdue)
Backend CI	Run tests	2026-03-17T02:41:37.5778183Z INFO:app.scheduler.services.notification_creation:Created overdue notification for invoice INV-6721 (244 days overdue)
Backend CI	Run tests	2026-03-17T02:41:37.5778516Z INFO:app.scheduler.services.notification_creation:Created overdue notification for invoice INV-4543 (324 days overdue)
Backend CI	Run tests	2026-03-17T02:41:37.5778847Z INFO:app.scheduler.services.notification_creation:Created overdue notification for invoice INV-1000 (1 days overdue)
Backend CI	Run tests	2026-03-17T02:41:37.5779281Z INFO:app.scheduler.services.notification_creation:Created overdue notification for invoice INV-1000 (1 days overdue)
Backend CI	Run tests	2026-03-17T02:41:37.5779610Z INFO:app.scheduler.services.notification_creation:Created overdue notification for invoice INV-5927 (237 days overdue)
Backend CI	Run tests	2026-03-17T02:41:37.5779948Z INFO:app.scheduler.services.notification_creation:Created overdue notification for invoice INV-6193 (234 days overdue)
Backend CI	Run tests	2026-03-17T02:41:37.5780273Z INFO:app.scheduler.services.notification_creation:Created overdue notification for invoice INV-1000 (1 days overdue)
Backend CI	Run tests	2026-03-17T02:41:37.5780612Z INFO:app.scheduler.services.notification_creation:Created overdue notification for invoice INV-9999 (232 days overdue)
Backend CI	Run tests	2026-03-17T02:41:37.5780942Z INFO:app.scheduler.services.notification_creation:Created overdue notification for invoice INV-1189 (19 days overdue)
Backend CI	Run tests	2026-03-17T02:41:37.5781270Z INFO:app.scheduler.services.notification_creation:Created overdue notification for invoice INV-1000 (59 days overdue)
Backend CI	Run tests	2026-03-17T02:41:37.5781607Z INFO:app.scheduler.services.notification_creation:Created overdue notification for invoice INV-8609 (72 days overdue)
Backend CI	Run tests	2026-03-17T02:41:37.5781939Z INFO:app.scheduler.services.notification_creation:Created overdue notification for invoice INV-8811 (257 days overdue)
Backend CI	Run tests	2026-03-17T02:41:37.5782331Z INFO:app.scheduler.services.notification_creation:Created overdue notification for invoice INV-1000 (1 days overdue)
Backend CI	Run tests	2026-03-17T02:41:37.5782782Z INFO:app.scheduler.services.notification_creation:Created overdue notification for invoice INV-5517 (87 days overdue)
Backend CI	Run tests	2026-03-17T02:41:37.5783117Z INFO:app.scheduler.services.notification_creation:Created overdue notification for invoice INV-3087 (288 days overdue)
Backend CI	Run tests	2026-03-17T02:41:37.5783456Z INFO:app.scheduler.services.notification_creation:Created overdue notification for invoice INV-5640 (330 days overdue)
Backend CI	Run tests	2026-03-17T02:41:37.5783781Z INFO:app.scheduler.services.notification_creation:Created overdue notification for invoice INV-5869 (62 days overdue)
Backend CI	Run tests	2026-03-17T02:41:37.5784118Z INFO:app.scheduler.services.notification_creation:Created overdue notification for invoice INV-9089 (44 days overdue)
Backend CI	Run tests	2026-03-17T02:41:37.5784442Z INFO:app.scheduler.services.notification_creation:Created overdue notification for invoice INV-1000 (1 days overdue)
Backend CI	Run tests	2026-03-17T02:41:37.5784771Z INFO:app.scheduler.services.notification_creation:Created overdue notification for invoice INV-6743 (6 days overdue)
Backend CI	Run tests	2026-03-17T02:41:37.5785111Z INFO:app.scheduler.services.notification_creation:Created overdue notification for invoice INV-2356 (203 days overdue)
Backend CI	Run tests	2026-03-17T02:41:37.5785444Z INFO:app.scheduler.services.notification_creation:Created overdue notification for invoice INV-1000 (1 days overdue)
Backend CI	Run tests	2026-03-17T02:41:37.5785846Z INFO:app.scheduler.services.notification_creation:Created overdue notification for invoice INV-1569 (295 days overdue)
Backend CI	Run tests	2026-03-17T02:41:37.5786174Z INFO:app.scheduler.services.notification_creation:Created overdue notification for invoice INV-1000 (1 days overdue)
Backend CI	Run tests	2026-03-17T02:41:37.5786506Z INFO:app.scheduler.services.notification_creation:Created overdue notification for invoice INV-1000 (1 days overdue)
Backend CI	Run tests	2026-03-17T02:41:37.5786844Z INFO:app.scheduler.services.notification_creation:Created overdue notification for invoice INV-8969 (237 days overdue)
Backend CI	Run tests	2026-03-17T02:41:37.5787179Z INFO:app.scheduler.services.notification_creation:Created overdue notification for invoice INV-1064 (138 days overdue)
Backend CI	Run tests	2026-03-17T02:41:37.5787508Z INFO:app.scheduler.services.notification_creation:Created overdue notification for invoice INV-1000 (1 days overdue)
Backend CI	Run tests	2026-03-17T02:41:37.5787837Z INFO:app.scheduler.services.notification_creation:Created overdue notification for invoice INV-4172 (305 days overdue)
Backend CI	Run tests	2026-03-17T02:41:37.5788170Z INFO:app.scheduler.services.notification_creation:Created overdue notification for invoice INV-9939 (233 days overdue)
Backend CI	Run tests	2026-03-17T02:41:37.5788504Z INFO:app.scheduler.services.notification_creation:Created overdue notification for invoice INV-6598 (181 days overdue)
Backend CI	Run tests	2026-03-17T02:41:37.5788941Z INFO:app.scheduler.services.notification_creation:Created overdue notification for invoice INV-1809 (247 days overdue)
Backend CI	Run tests	2026-03-17T02:41:37.5789278Z INFO:app.scheduler.services.notification_creation:Created overdue notification for invoice INV-8846 (192 days overdue)
Backend CI	Run tests	2026-03-17T02:41:37.5789604Z INFO:app.scheduler.services.notification_creation:Created overdue notification for invoice INV-1000 (1 days overdue)
Backend CI	Run tests	2026-03-17T02:41:37.5789950Z INFO:app.scheduler.services.notification_creation:Created overdue notification for invoice INV-3595 (355 days overdue)
Backend CI	Run tests	2026-03-17T02:41:37.5790283Z INFO:app.scheduler.services.notification_creation:Created overdue notification for invoice INV-8171 (218 days overdue)
Backend CI	Run tests	2026-03-17T02:41:37.5790614Z INFO:app.scheduler.services.notification_creation:Created overdue notification for invoice INV-2210 (137 days overdue)
Backend CI	Run tests	2026-03-17T02:41:37.5790950Z INFO:app.scheduler.services.notification_creation:Created overdue notification for invoice INV-5275 (364 days overdue)
Backend CI	Run tests	2026-03-17T02:41:37.5791283Z INFO:app.scheduler.services.notification_creation:Created overdue notification for invoice INV-1589 (273 days overdue)
Backend CI	Run tests	2026-03-17T02:41:37.5791613Z INFO:app.scheduler.services.notification_creation:Created overdue notification for invoice INV-1000 (1 days overdue)
Backend CI	Run tests	2026-03-17T02:41:37.5792002Z INFO:app.scheduler.services.notification_creation:Created overdue notification for invoice INV-8495 (93 days overdue)
Backend CI	Run tests	2026-03-17T02:41:37.5792330Z INFO:app.scheduler.services.notification_creation:Created overdue notification for invoice INV-7508 (217 days overdue)
Backend CI	Run tests	2026-03-17T02:41:37.5792765Z INFO:app.scheduler.services.notification_creation:Created overdue notification for invoice INV-5849 (178 days overdue)
Backend CI	Run tests	2026-03-17T02:41:37.5793093Z INFO:app.scheduler.services.notification_creation:Created overdue notification for invoice INV-1000 (1 days overdue)
Backend CI	Run tests	2026-03-17T02:41:37.5793424Z INFO:app.scheduler.services.notification_creation:Created overdue notification for invoice INV-2461 (73 days overdue)
Backend CI	Run tests	2026-03-17T02:41:37.5793761Z INFO:app.scheduler.services.notification_creation:Created overdue notification for invoice INV-3406 (243 days overdue)
Backend CI	Run tests	2026-03-17T02:41:37.5794091Z INFO:app.scheduler.services.notification_creation:Created overdue notification for invoice INV-1001 (198 days overdue)
Backend CI	Run tests	2026-03-17T02:41:37.5794421Z INFO:app.scheduler.services.notification_creation:Created overdue notification for invoice INV-1000 (1 days overdue)
Backend CI	Run tests	2026-03-17T02:41:37.5794744Z INFO:app.scheduler.services.notification_creation:Created overdue notification for invoice INV-1000 (1 days overdue)
Backend CI	Run tests	2026-03-17T02:41:37.5795133Z INFO:app.scheduler.services.notification_creation:Created overdue notification for invoice INV-1000 (1 days overdue)
Backend CI	Run tests	2026-03-17T02:41:37.5795459Z INFO:app.scheduler.services.notification_creation:Created overdue notification for invoice INV-1000 (1 days overdue)
Backend CI	Run tests	2026-03-17T02:41:37.5795779Z INFO:app.scheduler.services.notification_creation:Created overdue notification for invoice INV-1000 (1 days overdue)
Backend CI	Run tests	2026-03-17T02:41:37.5796122Z INFO:app.scheduler.services.notification_creation:Created overdue notification for invoice INV-7953 (235 days overdue)
Backend CI	Run tests	2026-03-17T02:41:37.5796451Z INFO:app.scheduler.services.notification_creation:Created overdue notification for invoice INV-5547 (278 days overdue)
Backend CI	Run tests	2026-03-17T02:41:37.5796790Z INFO:app.scheduler.services.notification_creation:Created overdue notification for invoice INV-2847 (360 days overdue)
Backend CI	Run tests	2026-03-17T02:41:37.5797121Z INFO:app.scheduler.services.notification_creation:Created overdue notification for invoice INV-3648 (104 days overdue)
Backend CI	Run tests	2026-03-17T02:41:37.5797447Z INFO:app.scheduler.services.notification_creation:Created overdue notification for invoice INV-1000 (1 days overdue)
Backend CI	Run tests	2026-03-17T02:41:37.5797782Z INFO:app.scheduler.services.notification_creation:Created overdue notification for invoice INV-6823 (290 days overdue)
Backend CI	Run tests	2026-03-17T02:41:37.5798216Z INFO:app.scheduler.services.notification_creation:Created overdue notification for invoice INV-5730 (194 days overdue)
Backend CI	Run tests	2026-03-17T02:41:37.5798549Z INFO:app.scheduler.services.notification_creation:Created overdue notification for invoice INV-1000 (1 days overdue)
Backend CI	Run tests	2026-03-17T02:41:37.5798871Z INFO:app.scheduler.services.notification_creation:Created overdue notification for invoice INV-1000 (1 days overdue)
Backend CI	Run tests	2026-03-17T02:41:37.5799207Z INFO:app.scheduler.services.notification_creation:Created overdue notification for invoice INV-9758 (213 days overdue)
Backend CI	Run tests	2026-03-17T02:41:37.5799538Z INFO:app.scheduler.services.notification_creation:Created overdue notification for invoice INV-8597 (82 days overdue)
Backend CI	Run tests	2026-03-17T02:41:37.5799861Z INFO:app.scheduler.services.notification_creation:Created overdue notification for invoice INV-1000 (1 days overdue)
Backend CI	Run tests	2026-03-17T02:41:37.5800195Z INFO:app.scheduler.services.notification_creation:Created overdue notification for invoice INV-3342 (346 days overdue)
Backend CI	Run tests	2026-03-17T02:41:37.5800523Z INFO:app.scheduler.services.notification_creation:Created overdue notification for invoice INV-1000 (1 days overdue)
Backend CI	Run tests	2026-03-17T02:41:37.5800850Z INFO:app.scheduler.services.notification_creation:Created overdue notification for invoice INV-1000 (1 days overdue)
Backend CI	Run tests	2026-03-17T02:41:37.5801184Z INFO:app.scheduler.services.notification_creation:Created overdue notification for invoice INV-3834 (196 days overdue)
Backend CI	Run tests	2026-03-17T02:41:37.5801571Z INFO:app.scheduler.services.notification_creation:Created overdue notification for invoice INV-3079 (252 days overdue)
Backend CI	Run tests	2026-03-17T02:41:37.5801908Z INFO:app.scheduler.services.notification_creation:Created overdue notification for invoice INV-1055 (186 days overdue)
Backend CI	Run tests	2026-03-17T02:41:37.5802235Z INFO:app.scheduler.services.notification_creation:Created overdue notification for invoice INV-8526 (57 days overdue)
Backend CI	Run tests	2026-03-17T02:41:37.5802557Z INFO:app.scheduler.services.notification_creation:Created overdue notification for invoice INV-1000 (1 days overdue)
Backend CI	Run tests	2026-03-17T02:41:37.5803020Z INFO:app.scheduler.services.notification_creation:Created overdue notification for invoice INV-2692 (276 days overdue)
Backend CI	Run tests	2026-03-17T02:41:37.5803344Z INFO:app.scheduler.services.notification_creation:Created overdue notification for invoice INV-9999 (2 days overdue)
Backend CI	Run tests	2026-03-17T02:41:37.5803679Z INFO:app.scheduler.services.notification_creation:Created overdue notification for invoice INV-1000 (80 days overdue)
Backend CI	Run tests	2026-03-17T02:41:37.5804004Z INFO:app.scheduler.services.notification_creation:Created overdue notification for invoice INV-1000 (1 days overdue)
Backend CI	Run tests	2026-03-17T02:41:37.5804330Z INFO:app.scheduler.services.notification_creation:Created overdue notification for invoice INV-1000 (1 days overdue)
Backend CI	Run tests	2026-03-17T02:41:37.5804734Z INFO:app.scheduler.services.notification_creation:Created overdue notification for invoice INV-6055 (125 days overdue)
Backend CI	Run tests	2026-03-17T02:41:37.5805065Z INFO:app.scheduler.services.notification_creation:Created overdue notification for invoice INV-7839 (12 days overdue)
Backend CI	Run tests	2026-03-17T02:41:37.5805399Z INFO:app.scheduler.services.notification_creation:Created overdue notification for invoice INV-1000 (1 days overdue)
Backend CI	Run tests	2026-03-17T02:41:37.5805729Z INFO:app.scheduler.services.notification_creation:Created overdue notification for invoice INV-3612 (201 days overdue)
Backend CI	Run tests	2026-03-17T02:41:37.5806055Z INFO:app.scheduler.services.notification_creation:Created overdue notification for invoice INV-3487 (75 days overdue)
Backend CI	Run tests	2026-03-17T02:41:37.5806390Z INFO:app.scheduler.services.notification_creation:Created overdue notification for invoice INV-1000 (1 days overdue)
Backend CI	Run tests	2026-03-17T02:41:37.5806722Z INFO:app.scheduler.services.notification_creation:Created overdue notification for invoice INV-5698 (314 days overdue)
Backend CI	Run tests	2026-03-17T02:41:37.5807052Z INFO:app.scheduler.services.notification_creation:Created overdue notification for invoice INV-1000 (1 days overdue)
Backend CI	Run tests	2026-03-17T02:41:37.5807384Z INFO:app.scheduler.services.notification_creation:Created overdue notification for invoice INV-9696 (336 days overdue)
Backend CI	Run tests	2026-03-17T02:41:37.5807824Z INFO:app.scheduler.services.notification_creation:Created overdue notification for invoice INV-7407 (100 days overdue)
Backend CI	Run tests	2026-03-17T02:41:37.5808160Z INFO:app.scheduler.services.notification_creation:Created overdue notification for invoice INV-8560 (11 days overdue)
Backend CI	Run tests	2026-03-17T02:41:37.5808486Z INFO:app.scheduler.services.notification_creation:Created overdue notification for invoice INV-1000 (1 days overdue)
Backend CI	Run tests	2026-03-17T02:41:37.5808821Z INFO:app.scheduler.services.notification_creation:Created overdue notification for invoice INV-6193 (112 days overdue)
Backend CI	Run tests	2026-03-17T02:41:37.5809153Z INFO:app.scheduler.services.notification_creation:Created overdue notification for invoice INV-9634 (249 days overdue)
Backend CI	Run tests	2026-03-17T02:41:37.5809479Z INFO:app.scheduler.services.notification_creation:Created overdue notification for invoice INV-1000 (1 days overdue)
Backend CI	Run tests	2026-03-17T02:41:37.5809818Z INFO:app.scheduler.services.notification_creation:Created overdue notification for invoice INV-8136 (334 days overdue)
Backend CI	Run tests	2026-03-17T02:41:37.5810155Z INFO:app.scheduler.services.notification_creation:Created overdue notification for invoice INV-1000 (1 days overdue)
Backend CI	Run tests	2026-03-17T02:41:37.5810484Z INFO:app.scheduler.services.notification_creation:Created overdue notification for invoice INV-1000 (1 days overdue)
Backend CI	Run tests	2026-03-17T02:41:37.5810868Z INFO:app.scheduler.services.notification_creation:Created overdue notification for invoice INV-1000 (1 days overdue)
Backend CI	Run tests	2026-03-17T02:41:37.5811194Z INFO:app.scheduler.services.notification_creation:Created overdue notification for invoice INV-3577 (73 days overdue)
Backend CI	Run tests	2026-03-17T02:41:37.5811536Z INFO:app.scheduler.services.notification_creation:Created overdue notification for invoice INV-7147 (193 days overdue)
Backend CI	Run tests	2026-03-17T02:41:37.5811868Z INFO:app.scheduler.services.notification_creation:Created overdue notification for invoice INV-6296 (324 days overdue)
Backend CI	Run tests	2026-03-17T02:41:37.5812197Z INFO:app.scheduler.services.notification_creation:Created overdue notification for invoice INV-1000 (1 days overdue)
Backend CI	Run tests	2026-03-17T02:41:37.5812532Z INFO:app.scheduler.services.notification_creation:Created overdue notification for invoice INV-2193 (296 days overdue)
Backend CI	Run tests	2026-03-17T02:41:37.5812962Z INFO:app.scheduler.services.notification_creation:Created overdue notification for invoice INV-4176 (58 days overdue)
Backend CI	Run tests	2026-03-17T02:41:37.5813300Z INFO:app.scheduler.services.notification_creation:Created overdue notification for invoice INV-3005 (350 days overdue)
Backend CI	Run tests	2026-03-17T02:41:37.5813630Z INFO:app.scheduler.services.notification_creation:Created overdue notification for invoice INV-4850 (145 days overdue)
Backend CI	Run tests	2026-03-17T02:41:37.5813961Z INFO:app.scheduler.services.notification_creation:Created overdue notification for invoice INV-1000 (1 days overdue)
Backend CI	Run tests	2026-03-17T02:41:37.5814352Z INFO:app.scheduler.services.notification_creation:Created overdue notification for invoice INV-1000 (1 days overdue)
Backend CI	Run tests	2026-03-17T02:41:37.5814685Z INFO:app.scheduler.services.notification_creation:Created overdue notification for invoice INV-1181 (94 days overdue)
Backend CI	Run tests	2026-03-17T02:41:37.5815013Z INFO:app.scheduler.services.notification_creation:Created overdue notification for invoice INV-5303 (2 days overdue)
Backend CI	Run tests	2026-03-17T02:41:37.5815342Z INFO:app.scheduler.services.notification_creation:Created overdue notification for invoice INV-6786 (240 days overdue)
Backend CI	Run tests	2026-03-17T02:41:37.5815672Z INFO:app.scheduler.services.notification_creation:Created overdue notification for invoice INV-1000 (1 days overdue)
Backend CI	Run tests	2026-03-17T02:41:37.5816001Z INFO:app.scheduler.services.notification_creation:Created overdue notification for invoice INV-8663 (185 days overdue)
Backend CI	Run tests	2026-03-17T02:41:37.5816337Z INFO:app.scheduler.services.notification_creation:Created overdue notification for invoice INV-7171 (49 days overdue)
Backend CI	Run tests	2026-03-17T02:41:37.5816668Z INFO:app.scheduler.services.notification_creation:Created overdue notification for invoice INV-2456 (227 days overdue)
Backend CI	Run tests	2026-03-17T02:41:37.5816999Z INFO:app.scheduler.services.notification_creation:Created overdue notification for invoice INV-1929 (175 days overdue)
Backend CI	Run tests	2026-03-17T02:41:37.5817470Z INFO:app.scheduler.services.notification_creation:Created overdue notification for invoice INV-4561 (313 days overdue)
Backend CI	Run tests	2026-03-17T02:41:37.5817798Z INFO:app.scheduler.services.notification_creation:Created overdue notification for invoice INV-1000 (1 days overdue)
Backend CI	Run tests	2026-03-17T02:41:37.5818137Z INFO:app.scheduler.services.notification_creation:Created overdue notification for invoice INV-9014 (222 days overdue)
Backend CI	Run tests	2026-03-17T02:41:37.5818467Z INFO:app.scheduler.services.notification_creation:Created overdue notification for invoice INV-7366 (274 days overdue)
Backend CI	Run tests	2026-03-17T02:41:37.5818794Z INFO:app.scheduler.services.notification_creation:Created overdue notification for invoice INV-7728 (39 days overdue)
Backend CI	Run tests	2026-03-17T02:41:37.5819131Z INFO:app.scheduler.services.notification_creation:Created overdue notification for invoice INV-1000 (1 days overdue)
Backend CI	Run tests	2026-03-17T02:41:37.5819459Z INFO:app.scheduler.services.notification_creation:Created overdue notification for invoice INV-1865 (260 days overdue)
Backend CI	Run tests	2026-03-17T02:41:37.5819796Z INFO:app.scheduler.services.notification_creation:Created overdue notification for invoice INV-1000 (1 days overdue)
Backend CI	Run tests	2026-03-17T02:41:37.5820129Z INFO:app.scheduler.services.notification_creation:Created overdue notification for invoice INV-1000 (1 days overdue)
Backend CI	Run tests	2026-03-17T02:41:37.5820513Z INFO:app.scheduler.services.notification_creation:Created overdue notification for invoice INV-3736 (224 days overdue)
Backend CI	Run tests	2026-03-17T02:41:37.5820852Z INFO:app.scheduler.services.notification_creation:Created overdue notification for invoice INV-6148 (355 days overdue)
Backend CI	Run tests	2026-03-17T02:41:37.5821179Z INFO:app.scheduler.services.notification_creation:Created overdue notification for invoice INV-2321 (80 days overdue)
Backend CI	Run tests	2026-03-17T02:41:37.5821518Z INFO:app.scheduler.services.notification_creation:Created overdue notification for invoice INV-9902 (362 days overdue)
Backend CI	Run tests	2026-03-17T02:41:37.5821845Z INFO:app.scheduler.services.notification_creation:Created overdue notification for invoice INV-8067 (231 days overdue)
Backend CI	Run tests	2026-03-17T02:41:37.5822173Z INFO:app.scheduler.services.notification_creation:Created overdue notification for invoice INV-1000 (1 days overdue)
Backend CI	Run tests	2026-03-17T02:41:37.5822508Z INFO:app.scheduler.services.notification_creation:Created overdue notification for invoice INV-5240 (136 days overdue)
Backend CI	Run tests	2026-03-17T02:41:37.5822968Z INFO:app.scheduler.services.notification_creation:Created overdue notification for invoice INV-2894 (340 days overdue)
Backend CI	Run tests	2026-03-17T02:41:37.5823307Z INFO:app.scheduler.services.notification_creation:Created overdue notification for invoice INV-1000 (1 days overdue)
Backend CI	Run tests	2026-03-17T02:41:37.5823632Z INFO:app.scheduler.services.notification_creation:Created overdue notification for invoice INV-1000 (1 days overdue)
Backend CI	Run tests	2026-03-17T02:41:37.5824027Z INFO:app.scheduler.services.notification_creation:Created overdue notification for invoice INV-8761 (356 days overdue)
Backend CI	Run tests	2026-03-17T02:41:37.5824364Z INFO:app.scheduler.services.notification_creation:Created overdue notification for invoice INV-7016 (121 days overdue)
Backend CI	Run tests	2026-03-17T02:41:37.5824697Z INFO:app.scheduler.services.notification_creation:Created overdue notification for invoice INV-1000 (143 days overdue)
Backend CI	Run tests	2026-03-17T02:41:37.5825028Z INFO:app.scheduler.services.notification_creation:Created overdue notification for invoice INV-6197 (44 days overdue)
Backend CI	Run tests	2026-03-17T02:41:37.5825361Z INFO:app.scheduler.services.notification_creation:Created overdue notification for invoice INV-1000 (198 days overdue)
Backend CI	Run tests	2026-03-17T02:41:37.5825685Z INFO:app.scheduler.services.notification_creation:Created overdue notification for invoice INV-1000 (1 days overdue)
Backend CI	Run tests	2026-03-17T02:41:37.5826010Z INFO:app.scheduler.services.notification_creation:Created overdue notification for invoice INV-1000 (1 days overdue)
Backend CI	Run tests	2026-03-17T02:41:37.5826343Z INFO:app.scheduler.services.notification_creation:Created overdue notification for invoice INV-3420 (337 days overdue)
Backend CI	Run tests	2026-03-17T02:41:37.5826666Z INFO:app.scheduler.services.notification_creation:Created overdue notification for invoice INV-1000 (1 days overdue)
Backend CI	Run tests	2026-03-17T02:41:37.5827098Z INFO:app.scheduler.services.notification_creation:Created overdue notification for invoice INV-1000 (1 days overdue)
Backend CI	Run tests	2026-03-17T02:41:37.5827429Z INFO:app.scheduler.services.notification_creation:Created overdue notification for invoice INV-9424 (194 days overdue)
Backend CI	Run tests	2026-03-17T02:41:37.5827763Z INFO:app.scheduler.services.notification_creation:Created overdue notification for invoice INV-2233 (63 days overdue)
Backend CI	Run tests	2026-03-17T02:41:37.5828094Z INFO:app.scheduler.services.notification_creation:Created overdue notification for invoice INV-2886 (189 days overdue)
Backend CI	Run tests	2026-03-17T02:41:37.5828428Z INFO:app.scheduler.services.notification_creation:Created overdue notification for invoice INV-9896 (364 days overdue)
Backend CI	Run tests	2026-03-17T02:41:37.5828755Z INFO:app.scheduler.services.notification_creation:Created overdue notification for invoice INV-7780 (36 days overdue)
Backend CI	Run tests	2026-03-17T02:41:37.5829077Z INFO:app.scheduler.services.notification_creation:Created overdue notification for invoice INV-1000 (1 days overdue)
Backend CI	Run tests	2026-03-17T02:41:37.5829419Z INFO:app.scheduler.services.notification_creation:Created overdue notification for invoice INV-7655 (283 days overdue)
Backend CI	Run tests	2026-03-17T02:41:37.5829743Z INFO:app.scheduler.services.notification_creation:Created overdue notification for invoice INV-4309 (31 days overdue)
Backend CI	Run tests	2026-03-17T02:41:37.5830139Z INFO:app.scheduler.services.notification_creation:Created overdue notification for invoice INV-1883 (70 days overdue)
Backend CI	Run tests	2026-03-17T02:41:37.5830464Z INFO:app.scheduler.services.notification_creation:Created overdue notification for invoice INV-1000 (1 days overdue)
Backend CI	Run tests	2026-03-17T02:41:37.5830796Z INFO:app.scheduler.services.notification_creation:Created overdue notification for invoice INV-5399 (141 days overdue)
Backend CI	Run tests	2026-03-17T02:41:37.5831131Z INFO:app.scheduler.services.notification_creation:Created overdue notification for invoice INV-2519 (69 days overdue)
Backend CI	Run tests	2026-03-17T02:41:37.5831456Z INFO:app.scheduler.services.notification_creation:Created overdue notification for invoice INV-1000 (1 days overdue)
Backend CI	Run tests	2026-03-17T02:41:37.5831794Z INFO:app.scheduler.services.notification_creation:Created overdue notification for invoice INV-1216 (102 days overdue)
Backend CI	Run tests	2026-03-17T02:41:37.5832117Z INFO:app.scheduler.services.notification_creation:Created overdue notification for invoice INV-1000 (1 days overdue)
Backend CI	Run tests	2026-03-17T02:41:37.5832446Z INFO:app.scheduler.services.notification_creation:Created overdue notification for invoice INV-1000 (1 days overdue)
Backend CI	Run tests	2026-03-17T02:41:37.5832907Z INFO:app.scheduler.services.notification_creation:Created overdue notification for invoice INV-8708 (294 days overdue)
Backend CI	Run tests	2026-03-17T02:41:37.5833240Z INFO:app.scheduler.services.notification_creation:Created overdue notification for invoice INV-2105 (245 days overdue)
Backend CI	Run tests	2026-03-17T02:41:37.5833641Z INFO:app.scheduler.services.notification_creation:Created overdue notification for invoice INV-6783 (173 days overdue)
Backend CI	Run tests	2026-03-17T02:41:37.5833988Z INFO:app.scheduler.services.notification_creation:Created overdue notification for invoice INV-2994 (165 days overdue)
Backend CI	Run tests	2026-03-17T02:41:37.5834322Z INFO:app.scheduler.services.notification_creation:Created overdue notification for invoice INV-1000 (1 days overdue)
Backend CI	Run tests	2026-03-17T02:41:37.5834652Z INFO:app.scheduler.services.notification_creation:Created overdue notification for invoice INV-5143 (364 days overdue)
Backend CI	Run tests	2026-03-17T02:41:37.5834978Z INFO:app.scheduler.services.notification_creation:Created overdue notification for invoice INV-1000 (1 days overdue)
Backend CI	Run tests	2026-03-17T02:41:37.5835343Z INFO:app.scheduler.services.notification_creation:Created overdue notification for invoice INV-4828 (164 days overdue)
Backend CI	Run tests	2026-03-17T02:41:37.5835675Z INFO:app.scheduler.services.notification_creation:Created overdue notification for invoice INV-6117 (288 days overdue)
Backend CI	Run tests	2026-03-17T02:41:37.5836008Z INFO:app.scheduler.services.notification_creation:Created overdue notification for invoice INV-7598 (9 days overdue)
Backend CI	Run tests	2026-03-17T02:41:37.5836334Z INFO:app.scheduler.services.notification_creation:Created overdue notification for invoice INV-1391 (94 days overdue)
Backend CI	Run tests	2026-03-17T02:41:37.5836812Z INFO:app.scheduler.services.notification_creation:Created overdue notification for invoice INV-4926 (359 days overdue)
Backend CI	Run tests	2026-03-17T02:41:37.5837143Z INFO:app.scheduler.services.notification_creation:Created overdue notification for invoice INV-1000 (1 days overdue)
Backend CI	Run tests	2026-03-17T02:41:37.5837471Z INFO:app.scheduler.services.notification_creation:Created overdue notification for invoice INV-1000 (1 days overdue)
Backend CI	Run tests	2026-03-17T02:41:37.5837800Z INFO:app.scheduler.services.notification_creation:Created overdue notification for invoice INV-1000 (1 days overdue)
Backend CI	Run tests	2026-03-17T02:41:37.5838131Z INFO:app.scheduler.services.notification_creation:Created overdue notification for invoice INV-5992 (221 days overdue)
Backend CI	Run tests	2026-03-17T02:41:37.5838465Z INFO:app.scheduler.services.notification_creation:Created overdue notification for invoice INV-6901 (232 days overdue)
Backend CI	Run tests	2026-03-17T02:41:37.5838804Z INFO:app.scheduler.services.notification_creation:Created overdue notification for invoice INV-2457 (215 days overdue)
Backend CI	Run tests	2026-03-17T02:41:37.5839138Z INFO:app.scheduler.services.notification_creation:Created overdue notification for invoice INV-7752 (163 days overdue)
Backend CI	Run tests	2026-03-17T02:41:37.5839477Z INFO:app.scheduler.services.notification_creation:Created overdue notification for invoice INV-8987 (106 days overdue)
Backend CI	Run tests	2026-03-17T02:41:37.5839855Z INFO:app.scheduler.services.notification_creation:Created overdue notification for invoice INV-1000 (1 days overdue)
Backend CI	Run tests	2026-03-17T02:41:37.5840186Z INFO:app.scheduler.services.notification_creation:Created overdue notification for invoice INV-2937 (199 days overdue)
Backend CI	Run tests	2026-03-17T02:41:37.5840522Z INFO:app.scheduler.services.notification_creation:Created overdue notification for invoice INV-1992 (94 days overdue)
Backend CI	Run tests	2026-03-17T02:41:37.5840856Z INFO:app.scheduler.services.notification_creation:Created overdue notification for invoice INV-1000 (365 days overdue)
Backend CI	Run tests	2026-03-17T02:41:37.5841193Z INFO:app.scheduler.services.notification_creation:Created overdue notification for invoice INV-5853 (185 days overdue)
Backend CI	Run tests	2026-03-17T02:41:37.5841520Z INFO:app.scheduler.services.notification_creation:Created overdue notification for invoice INV-1000 (1 days overdue)
Backend CI	Run tests	2026-03-17T02:41:37.5841848Z INFO:app.scheduler.services.notification_creation:Created overdue notification for invoice INV-8400 (195 days overdue)
Backend CI	Run tests	2026-03-17T02:41:37.5842184Z INFO:app.scheduler.services.notification_creation:Created overdue notification for invoice INV-6830 (97 days overdue)
Backend CI	Run tests	2026-03-17T02:41:37.5842515Z INFO:app.scheduler.services.notification_creation:Created overdue notification for invoice INV-2325 (147 days overdue)
Backend CI	Run tests	2026-03-17T02:41:37.5842975Z INFO:app.scheduler.services.notification_creation:Created overdue notification for invoice INV-7518 (334 days overdue)
Backend CI	Run tests	2026-03-17T02:41:37.5843368Z INFO:app.scheduler.services.notification_creation:Created overdue notification for invoice INV-9119 (23 days overdue)
Backend CI	Run tests	2026-03-17T02:41:37.5843693Z INFO:app.scheduler.services.notification_creation:Created overdue notification for invoice INV-1000 (1 days overdue)
Backend CI	Run tests	2026-03-17T02:41:37.5844032Z INFO:app.scheduler.services.notification_creation:Created overdue notification for invoice INV-1001 (232 days overdue)
Backend CI	Run tests	2026-03-17T02:41:37.5844356Z INFO:app.scheduler.services.notification_creation:Created overdue notification for invoice INV-1000 (1 days overdue)
Backend CI	Run tests	2026-03-17T02:41:37.5844693Z INFO:app.scheduler.services.notification_creation:Created overdue notification for invoice INV-8149 (33 days overdue)
Backend CI	Run tests	2026-03-17T02:41:37.5845016Z INFO:app.scheduler.services.notification_creation:Created overdue notification for invoice INV-1000 (1 days overdue)
Backend CI	Run tests	2026-03-17T02:41:37.5845348Z INFO:app.scheduler.services.notification_creation:Created overdue notification for invoice INV-8318 (288 days overdue)
Backend CI	Run tests	2026-03-17T02:41:37.5845681Z INFO:app.scheduler.services.notification_creation:Created overdue notification for invoice INV-1000 (1 days overdue)
Backend CI	Run tests	2026-03-17T02:41:37.5846006Z INFO:app.scheduler.services.notification_creation:Created overdue notification for invoice INV-7575 (69 days overdue)
Backend CI	Run tests	2026-03-17T02:41:37.5846452Z INFO:app.scheduler.services.notification_creation:Created overdue notification for invoice INV-3810 (216 days overdue)
Backend CI	Run tests	2026-03-17T02:41:37.5846782Z INFO:app.scheduler.services.notification_creation:Created overdue notification for invoice INV-9633 (239 days overdue)
Backend CI	Run tests	2026-03-17T02:41:37.5847116Z INFO:app.scheduler.services.notification_creation:Created overdue notification for invoice INV-3963 (2 days overdue)
Backend CI	Run tests	2026-03-17T02:41:37.5847448Z INFO:app.scheduler.services.notification_creation:Created overdue notification for invoice INV-8276 (34 days overdue)
Backend CI	Run tests	2026-03-17T02:41:37.5847773Z INFO:app.scheduler.services.notification_creation:Created overdue notification for invoice INV-1000 (1 days overdue)
Backend CI	Run tests	2026-03-17T02:41:37.5848103Z INFO:app.scheduler.services.notification_creation:Created overdue notification for invoice INV-1000 (1 days overdue)
Backend CI	Run tests	2026-03-17T02:41:37.5848429Z INFO:app.scheduler.services.notification_creation:Created overdue notification for invoice INV-1000 (1 days overdue)
Backend CI	Run tests	2026-03-17T02:41:37.5848759Z INFO:app.scheduler.services.notification_creation:Created overdue notification for invoice INV-1000 (1 days overdue)
Backend CI	Run tests	2026-03-17T02:41:37.5849089Z INFO:app.scheduler.services.notification_creation:Created overdue notification for invoice INV-8744 (59 days overdue)
Backend CI	Run tests	2026-03-17T02:41:37.5849478Z INFO:app.scheduler.services.notification_creation:Created overdue notification for invoice INV-1914 (163 days overdue)
Backend CI	Run tests	2026-03-17T02:41:37.5849807Z INFO:app.scheduler.services.notification_creation:Created overdue notification for invoice INV-1000 (1 days overdue)
Backend CI	Run tests	2026-03-17T02:41:37.5850129Z INFO:app.scheduler.services.notification_creation:Created overdue notification for invoice INV-8804 (5 days overdue)
Backend CI	Run tests	2026-03-17T02:41:37.5850455Z INFO:app.scheduler.services.notification_creation:Created overdue notification for invoice INV-1000 (1 days overdue)
Backend CI	Run tests	2026-03-17T02:41:37.5850782Z INFO:app.scheduler.services.notification_creation:Created overdue notification for invoice INV-1000 (1 days overdue)
Backend CI	Run tests	2026-03-17T02:41:37.5851117Z INFO:app.scheduler.services.notification_creation:Created overdue notification for invoice INV-6652 (301 days overdue)
Backend CI	Run tests	2026-03-17T02:41:37.5851452Z INFO:app.scheduler.services.notification_creation:Created overdue notification for invoice INV-3475 (136 days overdue)
Backend CI	Run tests	2026-03-17T02:41:37.5851783Z INFO:app.scheduler.services.notification_creation:Created overdue notification for invoice INV-2443 (342 days overdue)
Backend CI	Run tests	2026-03-17T02:41:37.5852112Z INFO:app.scheduler.services.notification_creation:Created overdue notification for invoice INV-1252 (290 days overdue)
Backend CI	Run tests	2026-03-17T02:41:37.5852490Z INFO:app.scheduler.services.notification_creation:Created overdue notification for invoice INV-4338 (328 days overdue)
Backend CI	Run tests	2026-03-17T02:41:37.5852916Z INFO:app.scheduler.services.notification_creation:Created overdue notification for invoice INV-1000 (1 days overdue)
Backend CI	Run tests	2026-03-17T02:41:37.5853256Z INFO:app.scheduler.services.notification_creation:Created overdue notification for invoice INV-5911 (337 days overdue)
Backend CI	Run tests	2026-03-17T02:41:37.5853588Z INFO:app.scheduler.services.notification_creation:Created overdue notification for invoice INV-1000 (1 days overdue)
Backend CI	Run tests	2026-03-17T02:41:37.5853923Z INFO:app.scheduler.services.notification_creation:Created overdue notification for invoice INV-1000 (234 days overdue)
Backend CI	Run tests	2026-03-17T02:41:37.5854256Z INFO:app.scheduler.services.notification_creation:Created overdue notification for invoice INV-4685 (129 days overdue)
Backend CI	Run tests	2026-03-17T02:41:37.5854579Z INFO:app.scheduler.services.notification_creation:Created overdue notification for invoice INV-6311 (96 days overdue)
Backend CI	Run tests	2026-03-17T02:41:37.5854918Z INFO:app.scheduler.services.notification_creation:Created overdue notification for invoice INV-2966 (138 days overdue)
Backend CI	Run tests	2026-03-17T02:41:37.5855247Z INFO:app.scheduler.services.notification_creation:Created overdue notification for invoice INV-7237 (245 days overdue)
Backend CI	Run tests	2026-03-17T02:41:37.5855573Z INFO:app.scheduler.services.notification_creation:Created overdue notification for invoice INV-1000 (1 days overdue)
Backend CI	Run tests	2026-03-17T02:41:37.5856017Z INFO:app.scheduler.services.notification_creation:Created overdue notification for invoice INV-5656 (342 days overdue)
Backend CI	Run tests	2026-03-17T02:41:37.5856344Z INFO:app.scheduler.services.notification_creation:Created overdue notification for invoice INV-9999 (31 days overdue)
Backend CI	Run tests	2026-03-17T02:41:37.5856675Z INFO:app.scheduler.services.notification_creation:Created overdue notification for invoice INV-3237 (1 days overdue)
Backend CI	Run tests	2026-03-17T02:41:37.5856996Z INFO:app.scheduler.services.notification_creation:Created overdue notification for invoice INV-1000 (1 days overdue)
Backend CI	Run tests	2026-03-17T02:41:37.5857324Z INFO:app.scheduler.services.notification_creation:Created overdue notification for invoice INV-1000 (1 days overdue)
Backend CI	Run tests	2026-03-17T02:41:37.5857652Z INFO:app.scheduler.services.notification_creation:Created overdue notification for invoice INV-7151 (217 days overdue)
Backend CI	Run tests	2026-03-17T02:41:37.5857982Z INFO:app.scheduler.services.notification_creation:Created overdue notification for invoice INV-7506 (165 days overdue)
Backend CI	Run tests	2026-03-17T02:41:37.5858316Z INFO:app.scheduler.services.notification_creation:Created overdue notification for invoice INV-1000 (1 days overdue)
Backend CI	Run tests	2026-03-17T02:41:37.5858649Z INFO:app.scheduler.services.notification_creation:Created overdue notification for invoice INV-4308 (200 days overdue)
Backend CI	Run tests	2026-03-17T02:41:37.5859040Z INFO:app.scheduler.services.notification_creation:Created overdue notification for invoice INV-8578 (285 days overdue)
Backend CI	Run tests	2026-03-17T02:41:37.5859366Z INFO:app.scheduler.services.notification_creation:Created overdue notification for invoice INV-1000 (1 days overdue)
Backend CI	Run tests	2026-03-17T02:41:37.5859695Z INFO:app.scheduler.services.notification_creation:Created overdue notification for invoice INV-1000 (1 days overdue)
Backend CI	Run tests	2026-03-17T02:41:37.5860031Z INFO:app.scheduler.services.notification_creation:Created overdue notification for invoice INV-9999 (329 days overdue)
Backend CI	Run tests	2026-03-17T02:41:37.5860364Z INFO:app.scheduler.services.notification_creation:Created overdue notification for invoice INV-9034 (197 days overdue)
Backend CI	Run tests	2026-03-17T02:41:37.5860692Z INFO:app.scheduler.services.notification_creation:Created overdue notification for invoice INV-1000 (1 days overdue)
Backend CI	Run tests	2026-03-17T02:41:37.5861014Z INFO:app.scheduler.services.notification_creation:Created overdue notification for invoice INV-1000 (1 days overdue)
Backend CI	Run tests	2026-03-17T02:41:37.5861343Z INFO:app.scheduler.services.notification_creation:Created overdue notification for invoice INV-8591 (97 days overdue)
Backend CI	Run tests	2026-03-17T02:41:37.5861678Z INFO:app.scheduler.services.notification_creation:Created overdue notification for invoice INV-3869 (130 days overdue)
Backend CI	Run tests	2026-03-17T02:41:37.5862064Z INFO:app.scheduler.services.notification_creation:Created overdue notification for invoice INV-6359 (239 days overdue)
Backend CI	Run tests	2026-03-17T02:41:37.5862399Z INFO:app.scheduler.services.notification_creation:Created overdue notification for invoice INV-8182 (284 days overdue)
Backend CI	Run tests	2026-03-17T02:41:37.5862863Z INFO:app.scheduler.services.notification_creation:Created overdue notification for invoice INV-2085 (179 days overdue)
Backend CI	Run tests	2026-03-17T02:41:37.5863187Z INFO:app.scheduler.services.notification_creation:Created overdue notification for invoice INV-1000 (1 days overdue)
Backend CI	Run tests	2026-03-17T02:41:37.5863522Z INFO:app.scheduler.services.notification_creation:Created overdue notification for invoice INV-4337 (127 days overdue)
Backend CI	Run tests	2026-03-17T02:41:37.5863848Z INFO:app.scheduler.services.notification_creation:Created overdue notification for invoice INV-1000 (1 days overdue)
Backend CI	Run tests	2026-03-17T02:41:37.5864181Z INFO:app.scheduler.services.notification_creation:Created overdue notification for invoice INV-9629 (181 days overdue)
Backend CI	Run tests	2026-03-17T02:41:37.5864510Z INFO:app.scheduler.services.notification_creation:Created overdue notification for invoice INV-1000 (1 days overdue)
Backend CI	Run tests	2026-03-17T02:41:37.5864835Z INFO:app.scheduler.services.notification_creation:Created overdue notification for invoice INV-3960 (273 days overdue)
Backend CI	Run tests	2026-03-17T02:41:37.5865284Z INFO:app.scheduler.services.notification_creation:Created overdue notification for invoice INV-4117 (293 days overdue)
Backend CI	Run tests	2026-03-17T02:41:37.5865614Z INFO:app.scheduler.services.notification_creation:Created overdue notification for invoice INV-5839 (258 days overdue)
Backend CI	Run tests	2026-03-17T02:41:37.5865940Z INFO:app.scheduler.services.notification_creation:Created overdue notification for invoice INV-1000 (1 days overdue)
Backend CI	Run tests	2026-03-17T02:41:37.5866272Z INFO:app.scheduler.services.notification_creation:Created overdue notification for invoice INV-9076 (341 days overdue)
Backend CI	Run tests	2026-03-17T02:41:37.5866604Z INFO:app.scheduler.services.notification_creation:Created overdue notification for invoice INV-6707 (180 days overdue)
Backend CI	Run tests	2026-03-17T02:41:37.5866942Z INFO:app.scheduler.services.notification_creation:Created overdue notification for invoice INV-2778 (15 days overdue)
Backend CI	Run tests	2026-03-17T02:41:37.5867272Z INFO:app.scheduler.services.notification_creation:Created overdue notification for invoice INV-8753 (301 days overdue)
Backend CI	Run tests	2026-03-17T02:41:37.5867612Z INFO:app.scheduler.services.notification_creation:Created overdue notification for invoice INV-6491 (249 days overdue)
Backend CI	Run tests	2026-03-17T02:41:37.5867935Z INFO:app.scheduler.services.notification_creation:Created overdue notification for invoice INV-1000 (1 days overdue)
Backend CI	Run tests	2026-03-17T02:41:37.5868315Z INFO:app.scheduler.services.notification_creation:Created overdue notification for invoice INV-9788 (7 days overdue)
Backend CI	Run tests	2026-03-17T02:41:37.5868652Z INFO:app.scheduler.services.notification_creation:Created overdue notification for invoice INV-3590 (213 days overdue)
Backend CI	Run tests	2026-03-17T02:41:37.5868982Z INFO:app.scheduler.services.notification_creation:Created overdue notification for invoice INV-9227 (232 days overdue)
Backend CI	Run tests	2026-03-17T02:41:37.5869315Z INFO:app.scheduler.services.notification_creation:Created overdue notification for invoice INV-4664 (27 days overdue)
Backend CI	Run tests	2026-03-17T02:41:37.5869638Z INFO:app.scheduler.services.notification_creation:Created overdue notification for invoice INV-1000 (1 days overdue)
Backend CI	Run tests	2026-03-17T02:41:37.5869968Z INFO:app.scheduler.services.notification_creation:Created overdue notification for invoice INV-5161 (26 days overdue)
Backend CI	Run tests	2026-03-17T02:41:37.5870303Z INFO:app.scheduler.services.notification_creation:Created overdue notification for invoice INV-7089 (30 days overdue)
Backend CI	Run tests	2026-03-17T02:41:37.5870633Z INFO:app.scheduler.services.notification_creation:Created overdue notification for invoice INV-2717 (63 days overdue)
Backend CI	Run tests	2026-03-17T02:41:37.5870969Z INFO:app.scheduler.services.notification_creation:Created overdue notification for invoice INV-3625 (278 days overdue)
Backend CI	Run tests	2026-03-17T02:41:37.5871299Z INFO:app.scheduler.services.notification_creation:Created overdue notification for invoice INV-4572 (112 days overdue)
Backend CI	Run tests	2026-03-17T02:41:37.5871677Z INFO:app.scheduler.services.notification_creation:Created overdue notification for invoice INV-1000 (1 days overdue)
Backend CI	Run tests	2026-03-17T02:41:37.5872012Z INFO:app.scheduler.services.notification_creation:Created overdue notification for invoice INV-2831 (284 days overdue)
Backend CI	Run tests	2026-03-17T02:41:37.5872342Z INFO:app.scheduler.services.notification_creation:Created overdue notification for invoice INV-1000 (1 days overdue)
Backend CI	Run tests	2026-03-17T02:41:37.5872778Z INFO:app.scheduler.services.notification_creation:Created overdue notification for invoice INV-8814 (303 days overdue)
Backend CI	Run tests	2026-03-17T02:41:37.5873110Z INFO:app.scheduler.services.notification_creation:Created overdue notification for invoice INV-1196 (17 days overdue)
Backend CI	Run tests	2026-03-17T02:41:37.5873435Z INFO:app.scheduler.services.notification_creation:Created overdue notification for invoice INV-7057 (59 days overdue)
Backend CI	Run tests	2026-03-17T02:41:37.5873769Z INFO:app.scheduler.services.notification_creation:Created overdue notification for invoice INV-7108 (101 days overdue)
Backend CI	Run tests	2026-03-17T02:41:37.5874099Z INFO:app.scheduler.services.notification_creation:Created overdue notification for invoice INV-7458 (69 days overdue)
Backend CI	Run tests	2026-03-17T02:41:37.5874427Z INFO:app.scheduler.services.notification_creation:Created overdue notification for invoice INV-1000 (1 days overdue)
Backend CI	Run tests	2026-03-17T02:41:37.5874863Z INFO:app.scheduler.services.notification_creation:Created overdue notification for invoice INV-1000 (1 days overdue)
Backend CI	Run tests	2026-03-17T02:41:37.5875196Z INFO:app.scheduler.services.notification_creation:Created overdue notification for invoice INV-7259 (191 days overdue)
Backend CI	Run tests	2026-03-17T02:41:37.5875522Z INFO:app.scheduler.services.notification_creation:Created overdue notification for invoice INV-1000 (1 days overdue)
Backend CI	Run tests	2026-03-17T02:41:37.5875853Z INFO:app.scheduler.services.notification_creation:Created overdue notification for invoice INV-8274 (136 days overdue)
Backend CI	Run tests	2026-03-17T02:41:37.5876181Z INFO:app.scheduler.services.notification_creation:Created overdue notification for invoice INV-4423 (1 days overdue)
Backend CI	Run tests	2026-03-17T02:41:37.5876513Z INFO:app.scheduler.services.notification_creation:Created overdue notification for invoice INV-9473 (168 days overdue)
Backend CI	Run tests	2026-03-17T02:41:37.5876848Z INFO:app.scheduler.services.notification_creation:Created overdue notification for invoice INV-7069 (110 days overdue)
Backend CI	Run tests	2026-03-17T02:41:37.5877179Z INFO:app.scheduler.services.notification_creation:Created overdue notification for invoice INV-1552 (38 days overdue)
Backend CI	Run tests	2026-03-17T02:41:37.5877503Z INFO:app.scheduler.services.notification_creation:Created overdue notification for invoice INV-1000 (1 days overdue)
Backend CI	Run tests	2026-03-17T02:41:37.5877898Z INFO:app.scheduler.services.notification_creation:Created overdue notification for invoice INV-8958 (250 days overdue)
Backend CI	Run tests	2026-03-17T02:41:37.5878223Z INFO:app.scheduler.services.notification_creation:Created overdue notification for invoice INV-1000 (1 days overdue)
Backend CI	Run tests	2026-03-17T02:41:37.5878555Z INFO:app.scheduler.services.notification_creation:Created overdue notification for invoice INV-5523 (62 days overdue)
Backend CI	Run tests	2026-03-17T02:41:37.5878888Z INFO:app.scheduler.services.notification_creation:Created overdue notification for invoice INV-4128 (307 days overdue)
Backend CI	Run tests	2026-03-17T02:41:37.5879218Z INFO:app.scheduler.services.notification_creation:Created overdue notification for invoice INV-1133 (151 days overdue)
Backend CI	Run tests	2026-03-17T02:41:37.5879556Z INFO:app.scheduler.services.notification_creation:Created overdue notification for invoice INV-9623 (249 days overdue)
Backend CI	Run tests	2026-03-17T02:41:37.5879884Z INFO:app.scheduler.services.notification_creation:Created overdue notification for invoice INV-1000 (1 days overdue)
Backend CI	Run tests	2026-03-17T02:41:37.5880219Z INFO:app.scheduler.services.notification_creation:Created overdue notification for invoice INV-3563 (273 days overdue)
Backend CI	Run tests	2026-03-17T02:41:37.5880544Z INFO:app.scheduler.services.notification_creation:Created overdue notification for invoice INV-6332 (89 days overdue)
Backend CI	Run tests	2026-03-17T02:41:37.5880876Z INFO:app.scheduler.services.notification_creation:Created overdue notification for invoice INV-4558 (200 days overdue)
Backend CI	Run tests	2026-03-17T02:41:37.5881262Z INFO:app.scheduler.services.notification_creation:Created overdue notification for invoice INV-7540 (35 days overdue)
Backend CI	Run tests	2026-03-17T02:41:37.5881590Z INFO:app.scheduler.services.notification_creation:Created overdue notification for invoice INV-1914 (118 days overdue)
Backend CI	Run tests	2026-03-17T02:41:37.5881928Z INFO:app.scheduler.services.notification_creation:Created overdue notification for invoice INV-7261 (35 days overdue)
Backend CI	Run tests	2026-03-17T02:41:37.5882257Z INFO:app.scheduler.services.notification_creation:Created overdue notification for invoice INV-1632 (225 days overdue)
Backend CI	Run tests	2026-03-17T02:41:37.5882590Z INFO:app.scheduler.services.notification_creation:Created overdue notification for invoice INV-4345 (181 days overdue)
Backend CI	Run tests	2026-03-17T02:41:37.5883046Z INFO:app.scheduler.services.notification_creation:Created overdue notification for invoice INV-9492 (275 days overdue)
Backend CI	Run tests	2026-03-17T02:41:37.5883375Z INFO:app.scheduler.services.notification_creation:Created overdue notification for invoice INV-2851 (72 days overdue)
Backend CI	Run tests	2026-03-17T02:41:37.5883716Z INFO:app.scheduler.services.notification_creation:Created overdue notification for invoice INV-1226 (115 days overdue)
Backend CI	Run tests	2026-03-17T02:41:37.5884047Z INFO:app.scheduler.services.notification_creation:Created overdue notification for invoice INV-3646 (101 days overdue)
Backend CI	Run tests	2026-03-17T02:41:37.5884490Z INFO:app.scheduler.services.notification_creation:Created overdue notification for invoice INV-4036 (69 days overdue)
Backend CI	Run tests	2026-03-17T02:41:37.5884823Z INFO:app.scheduler.services.notification_creation:Created overdue notification for invoice INV-7250 (63 days overdue)
Backend CI	Run tests	2026-03-17T02:41:37.5885148Z INFO:app.scheduler.services.notification_creation:Created overdue notification for invoice INV-2525 (7 days overdue)
Backend CI	Run tests	2026-03-17T02:41:37.5885485Z INFO:app.scheduler.services.notification_creation:Created overdue notification for invoice INV-8437 (153 days overdue)
Backend CI	Run tests	2026-03-17T02:41:37.5885812Z INFO:app.scheduler.services.notification_creation:Created overdue notification for invoice INV-3964 (10 days overdue)
Backend CI	Run tests	2026-03-17T02:41:37.5886140Z INFO:app.scheduler.services.notification_creation:Created overdue notification for invoice INV-9324 (11 days overdue)
Backend CI	Run tests	2026-03-17T02:41:37.5886476Z INFO:app.scheduler.services.notification_creation:Created overdue notification for invoice INV-9999 (210 days overdue)
Backend CI	Run tests	2026-03-17T02:41:37.5886808Z INFO:app.scheduler.services.notification_creation:Created overdue notification for invoice INV-1276 (16 days overdue)
Backend CI	Run tests	2026-03-17T02:41:37.5887141Z INFO:app.scheduler.services.notification_creation:Created overdue notification for invoice INV-1677 (260 days overdue)
Backend CI	Run tests	2026-03-17T02:41:37.5887526Z INFO:app.scheduler.services.notification_creation:Created overdue notification for invoice INV-2587 (288 days overdue)
Backend CI	Run tests	2026-03-17T02:41:37.5887854Z INFO:app.scheduler.services.notification_creation:Created overdue notification for invoice INV-4443 (282 days overdue)
Backend CI	Run tests	2026-03-17T02:41:37.5888188Z INFO:app.scheduler.services.notification_creation:Created overdue notification for invoice INV-6207 (125 days overdue)
Backend CI	Run tests	2026-03-17T02:41:37.5888520Z INFO:app.scheduler.services.notification_creation:Created overdue notification for invoice INV-5224 (241 days overdue)
Backend CI	Run tests	2026-03-17T02:41:37.5888855Z INFO:app.scheduler.services.notification_creation:Created overdue notification for invoice INV-3330 (120 days overdue)
Backend CI	Run tests	2026-03-17T02:41:37.5889190Z INFO:app.scheduler.services.notification_creation:Created overdue notification for invoice INV-8326 (281 days overdue)
Backend CI	Run tests	2026-03-17T02:41:37.5889515Z INFO:app.scheduler.services.notification_creation:Created overdue notification for invoice INV-4060 (68 days overdue)
Backend CI	Run tests	2026-03-17T02:41:37.5889853Z INFO:app.scheduler.services.notification_creation:Created overdue notification for invoice INV-3762 (254 days overdue)
Backend CI	Run tests	2026-03-17T02:41:37.5890181Z INFO:app.scheduler.services.notification_creation:Created overdue notification for invoice INV-5444 (139 days overdue)
Backend CI	Run tests	2026-03-17T02:41:37.5890516Z INFO:app.scheduler.services.notification_creation:Created overdue notification for invoice INV-5877 (286 days overdue)
Backend CI	Run tests	2026-03-17T02:41:37.5890899Z INFO:app.scheduler.services.notification_creation:Created overdue notification for invoice INV-9000 (73 days overdue)
Backend CI	Run tests	2026-03-17T02:41:37.5891229Z INFO:app.scheduler.services.notification_creation:Created overdue notification for invoice INV-9026 (299 days overdue)
Backend CI	Run tests	2026-03-17T02:41:37.5891567Z INFO:app.scheduler.services.notification_creation:Created overdue notification for invoice INV-9831 (120 days overdue)
Backend CI	Run tests	2026-03-17T02:41:37.5891893Z INFO:app.scheduler.services.notification_creation:Created overdue notification for invoice INV-1571 (44 days overdue)
Backend CI	Run tests	2026-03-17T02:41:37.5892231Z INFO:app.scheduler.services.notification_creation:Created overdue notification for invoice INV-8796 (258 days overdue)
Backend CI	Run tests	2026-03-17T02:41:37.5892555Z INFO:app.scheduler.services.notification_creation:Created overdue notification for invoice INV-3833 (35 days overdue)
Backend CI	Run tests	2026-03-17T02:41:37.5892986Z INFO:app.scheduler.services.notification_creation:Created overdue notification for invoice INV-3597 (255 days overdue)
Backend CI	Run tests	2026-03-17T02:41:37.5893329Z INFO:app.scheduler.services.notification_creation:Created overdue notification for invoice INV-9057 (106 days overdue)
Backend CI	Run tests	2026-03-17T02:41:37.5893658Z INFO:app.scheduler.services.notification_creation:Created overdue notification for invoice INV-3034 (148 days overdue)
Backend CI	Run tests	2026-03-17T02:41:37.5894104Z INFO:app.scheduler.services.notification_creation:Created overdue notification for invoice INV-6918 (336 days overdue)
Backend CI	Run tests	2026-03-17T02:41:37.5894430Z INFO:app.scheduler.services.notification_creation:Created overdue notification for invoice INV-1782 (34 days overdue)
Backend CI	Run tests	2026-03-17T02:41:37.5894764Z INFO:app.scheduler.services.notification_creation:Created overdue notification for invoice INV-2327 (36 days overdue)
Backend CI	Run tests	2026-03-17T02:41:37.5895094Z INFO:app.scheduler.services.notification_creation:Created overdue notification for invoice INV-8032 (119 days overdue)
Backend CI	Run tests	2026-03-17T02:41:37.5895424Z INFO:app.scheduler.services.notification_creation:Created overdue notification for invoice INV-1000 (199 days overdue)
Backend CI	Run tests	2026-03-17T02:41:37.5895764Z INFO:app.scheduler.services.notification_creation:Created overdue notification for invoice INV-5634 (181 days overdue)
Backend CI	Run tests	2026-03-17T02:41:37.5896093Z INFO:app.scheduler.services.notification_creation:Created overdue notification for invoice INV-4275 (147 days overdue)
Backend CI	Run tests	2026-03-17T02:41:37.5896426Z INFO:app.scheduler.services.notification_creation:Created overdue notification for invoice INV-9254 (9 days overdue)
Backend CI	Run tests	2026-03-17T02:41:37.5896754Z INFO:app.scheduler.services.notification_creation:Created overdue notification for invoice INV-1744 (90 days overdue)
Backend CI	Run tests	2026-03-17T02:41:37.5897139Z INFO:app.scheduler.services.notification_creation:Created overdue notification for invoice INV-4247 (249 days overdue)
Backend CI	Run tests	2026-03-17T02:41:37.5897476Z INFO:app.scheduler.services.notification_creation:Created overdue notification for invoice INV-1923 (106 days overdue)
Backend CI	Run tests	2026-03-17T02:41:37.5897802Z INFO:app.scheduler.services.notification_creation:Created overdue notification for invoice INV-1071 (34 days overdue)
Backend CI	Run tests	2026-03-17T02:41:37.5898141Z INFO:app.scheduler.services.notification_creation:Created overdue notification for invoice INV-5677 (365 days overdue)
Backend CI	Run tests	2026-03-17T02:41:37.5898468Z INFO:app.scheduler.services.notification_creation:Created overdue notification for invoice INV-3586 (23 days overdue)
Backend CI	Run tests	2026-03-17T02:41:37.5898801Z INFO:app.scheduler.services.notification_creation:Created overdue notification for invoice INV-9316 (190 days overdue)
Backend CI	Run tests	2026-03-17T02:41:37.5899137Z INFO:app.scheduler.services.notification_creation:Created overdue notification for invoice INV-7473 (348 days overdue)
Backend CI	Run tests	2026-03-17T02:41:37.5899464Z INFO:app.scheduler.services.notification_creation:Created overdue notification for invoice INV-3806 (87 days overdue)
Backend CI	Run tests	2026-03-17T02:41:37.5899802Z INFO:app.scheduler.services.notification_creation:Created overdue notification for invoice INV-9342 (189 days overdue)
Backend CI	Run tests	2026-03-17T02:41:37.5900184Z INFO:app.scheduler.services.notification_creation:Created overdue notification for invoice INV-2668 (37 days overdue)
Backend CI	Run tests	2026-03-17T02:41:37.5900512Z INFO:app.scheduler.services.notification_creation:Created overdue notification for invoice INV-2576 (316 days overdue)
Backend CI	Run tests	2026-03-17T02:41:37.5900848Z INFO:app.scheduler.services.notification_creation:Created overdue notification for invoice INV-1757 (211 days overdue)
Backend CI	Run tests	2026-03-17T02:41:37.5901175Z INFO:app.scheduler.services.notification_creation:Created overdue notification for invoice INV-5282 (7 days overdue)
Backend CI	Run tests	2026-03-17T02:41:37.5901510Z INFO:app.scheduler.services.notification_creation:Created overdue notification for invoice INV-1381 (136 days overdue)
Backend CI	Run tests	2026-03-17T02:41:37.5901842Z INFO:app.scheduler.services.notification_creation:Created overdue notification for invoice INV-9389 (307 days overdue)
Backend CI	Run tests	2026-03-17T02:41:37.5902174Z INFO:app.scheduler.services.notification_creation:Created overdue notification for invoice INV-8203 (212 days overdue)
Backend CI	Run tests	2026-03-17T02:41:37.5902511Z INFO:app.scheduler.services.notification_creation:Created overdue notification for invoice INV-9320 (286 days overdue)
Backend CI	Run tests	2026-03-17T02:41:37.5902966Z INFO:app.scheduler.services.notification_creation:Created overdue notification for invoice INV-9790 (175 days overdue)
Backend CI	Run tests	2026-03-17T02:41:37.5903305Z INFO:app.scheduler.services.notification_creation:Created overdue notification for invoice INV-8503 (167 days overdue)
Backend CI	Run tests	2026-03-17T02:41:37.5903753Z INFO:app.scheduler.services.notification_creation:Created overdue notification for invoice INV-9014 (253 days overdue)
Backend CI	Run tests	2026-03-17T02:41:37.5904081Z INFO:app.scheduler.services.notification_creation:Created overdue notification for invoice INV-2360 (94 days overdue)
Backend CI	Run tests	2026-03-17T02:41:37.5904418Z INFO:app.scheduler.services.notification_creation:Created overdue notification for invoice INV-5986 (170 days overdue)
Backend CI	Run tests	2026-03-17T02:41:37.5904744Z INFO:app.scheduler.services.notification_creation:Created overdue notification for invoice INV-4420 (24 days overdue)
Backend CI	Run tests	2026-03-17T02:41:37.5905079Z INFO:app.scheduler.services.notification_creation:Created overdue notification for invoice INV-1168 (160 days overdue)
Backend CI	Run tests	2026-03-17T02:41:37.5905402Z INFO:app.scheduler.services.notification_creation:Created overdue notification for invoice INV-1492 (4 days overdue)
Backend CI	Run tests	2026-03-17T02:41:37.5905736Z INFO:app.scheduler.services.notification_creation:Created overdue notification for invoice INV-6759 (364 days overdue)
Backend CI	Run tests	2026-03-17T02:41:37.5906068Z INFO:app.scheduler.services.notification_creation:Created overdue notification for invoice INV-1492 (132 days overdue)
Backend CI	Run tests	2026-03-17T02:41:37.5906397Z INFO:app.scheduler.services.notification_creation:Created overdue notification for invoice INV-5020 (114 days overdue)
Backend CI	Run tests	2026-03-17T02:41:37.5906789Z INFO:app.scheduler.services.notification_creation:Created overdue notification for invoice INV-8119 (324 days overdue)
Backend CI	Run tests	2026-03-17T02:41:37.5907120Z INFO:app.scheduler.services.notification_creation:Created overdue notification for invoice INV-1567 (204 days overdue)
Backend CI	Run tests	2026-03-17T02:41:37.5907454Z INFO:app.scheduler.services.notification_creation:Created overdue notification for invoice INV-1149 (123 days overdue)
Backend CI	Run tests	2026-03-17T02:41:37.5907785Z INFO:app.scheduler.services.notification_creation:Created overdue notification for invoice INV-3916 (74 days overdue)
Backend CI	Run tests	2026-03-17T02:41:37.5908117Z INFO:app.scheduler.services.notification_creation:Created overdue notification for invoice INV-5053 (307 days overdue)
Backend CI	Run tests	2026-03-17T02:41:37.5908452Z INFO:app.scheduler.services.notification_creation:Created overdue notification for invoice INV-9812 (104 days overdue)
Backend CI	Run tests	2026-03-17T02:41:37.5908782Z INFO:app.scheduler.services.notification_creation:Created overdue notification for invoice INV-3302 (223 days overdue)
Backend CI	Run tests	2026-03-17T02:41:37.5909114Z INFO:app.scheduler.services.notification_creation:Created overdue notification for invoice INV-9972 (174 days overdue)
Backend CI	Run tests	2026-03-17T02:41:37.5909451Z INFO:app.scheduler.services.notification_creation:Created overdue notification for invoice INV-1001 (325 days overdue)
Backend CI	Run tests	2026-03-17T02:41:37.5909883Z INFO:app.scheduler.services.notification_creation:Created overdue notification for invoice INV-3874 (79 days overdue)
Backend CI	Run tests	2026-03-17T02:41:37.5910213Z INFO:app.scheduler.services.notification_creation:Created overdue notification for invoice INV-5754 (89 days overdue)
Backend CI	Run tests	2026-03-17T02:41:37.5910549Z INFO:app.scheduler.services.notification_creation:Created overdue notification for invoice INV-7922 (201 days overdue)
Backend CI	Run tests	2026-03-17T02:41:37.5910877Z INFO:app.scheduler.services.notification_creation:Created overdue notification for invoice INV-3784 (42 days overdue)
Backend CI	Run tests	2026-03-17T02:41:37.5911211Z INFO:app.scheduler.services.notification_creation:Created overdue notification for invoice INV-2940 (59 days overdue)
Backend CI	Run tests	2026-03-17T02:41:37.5911539Z INFO:app.scheduler.services.notification_creation:Created overdue notification for invoice INV-9998 (42 days overdue)
Backend CI	Run tests	2026-03-17T02:41:37.5911875Z INFO:app.scheduler.services.notification_creation:Created overdue notification for invoice INV-8076 (180 days overdue)
Backend CI	Run tests	2026-03-17T02:41:37.5912208Z INFO:app.scheduler.services.notification_creation:Created overdue notification for invoice INV-3425 (329 days overdue)
Backend CI	Run tests	2026-03-17T02:41:37.5912540Z INFO:app.scheduler.services.notification_creation:Created overdue notification for invoice INV-4462 (298 days overdue)
Backend CI	Run tests	2026-03-17T02:41:37.5913076Z INFO:app.scheduler.services.notification_creation:Created overdue notification for invoice INV-3547 (189 days overdue)
Backend CI	Run tests	2026-03-17T02:41:37.5913412Z INFO:app.scheduler.services.notification_creation:Created overdue notification for invoice INV-9524 (150 days overdue)
Backend CI	Run tests	2026-03-17T02:41:37.5913751Z INFO:app.scheduler.services.notification_creation:Created overdue notification for invoice INV-2428 (171 days overdue)
Backend CI	Run tests	2026-03-17T02:41:37.5914081Z INFO:app.scheduler.services.notification_creation:Created overdue notification for invoice INV-1463 (287 days overdue)
Backend CI	Run tests	2026-03-17T02:41:37.5914415Z INFO:app.scheduler.services.notification_creation:Created overdue notification for invoice INV-8181 (14 days overdue)
Backend CI	Run tests	2026-03-17T02:41:37.5914747Z INFO:app.scheduler.services.notification_creation:Created overdue notification for invoice INV-8720 (319 days overdue)
Backend CI	Run tests	2026-03-17T02:41:37.5915075Z INFO:app.scheduler.services.notification_creation:Created overdue notification for invoice INV-4701 (91 days overdue)
Backend CI	Run tests	2026-03-17T02:41:37.5915411Z INFO:app.scheduler.services.notification_creation:Created overdue notification for invoice INV-9417 (47 days overdue)
Backend CI	Run tests	2026-03-17T02:41:37.5915736Z INFO:app.scheduler.services.notification_creation:Created overdue notification for invoice INV-5537 (67 days overdue)
Backend CI	Run tests	2026-03-17T02:41:37.5916134Z INFO:app.scheduler.services.notification_creation:Created overdue notification for invoice INV-1413 (86 days overdue)
Backend CI	Run tests	2026-03-17T02:41:37.5916464Z INFO:app.scheduler.services.notification_creation:Created overdue notification for invoice INV-7616 (144 days overdue)
Backend CI	Run tests	2026-03-17T02:41:37.5916795Z INFO:app.scheduler.services.notification_creation:Created overdue notification for invoice INV-9740 (166 days overdue)
Backend CI	Run tests	2026-03-17T02:41:37.5917131Z INFO:app.scheduler.services.notification_creation:Created overdue notification for invoice INV-7913 (168 days overdue)
Backend CI	Run tests	2026-03-17T02:41:37.5917460Z INFO:app.scheduler.services.notification_creation:Created overdue notification for invoice INV-2485 (346 days overdue)
Backend CI	Run tests	2026-03-17T02:41:37.5917801Z INFO:app.scheduler.services.notification_creation:Created overdue notification for invoice INV-8233 (247 days overdue)
Backend CI	Run tests	2026-03-17T02:41:37.5918130Z INFO:app.scheduler.services.notification_creation:Created overdue notification for invoice INV-9999 (188 days overdue)
Backend CI	Run tests	2026-03-17T02:41:37.5918464Z INFO:app.scheduler.services.notification_creation:Created overdue notification for invoice INV-4680 (219 days overdue)
Backend CI	Run tests	2026-03-17T02:41:37.5918797Z INFO:app.scheduler.services.notification_creation:Created overdue notification for invoice INV-1984 (365 days overdue)
Backend CI	Run tests	2026-03-17T02:41:37.5919127Z INFO:app.scheduler.services.notification_creation:Created overdue notification for invoice INV-7199 (155 days overdue)
Backend CI	Run tests	2026-03-17T02:41:37.5919517Z INFO:app.scheduler.services.notification_creation:Created overdue notification for invoice INV-6358 (348 days overdue)
Backend CI	Run tests	2026-03-17T02:41:37.5919847Z INFO:app.scheduler.services.notification_creation:Created overdue notification for invoice INV-5660 (116 days overdue)
Backend CI	Run tests	2026-03-17T02:41:37.5920187Z INFO:app.scheduler.services.notification_creation:Created overdue notification for invoice INV-8991 (241 days overdue)
Backend CI	Run tests	2026-03-17T02:41:37.5920522Z INFO:app.scheduler.services.notification_creation:Created overdue notification for invoice INV-6082 (331 days overdue)
Backend CI	Run tests	2026-03-17T02:41:37.5920854Z INFO:app.scheduler.services.notification_creation:Created overdue notification for invoice INV-4889 (365 days overdue)
Backend CI	Run tests	2026-03-17T02:41:37.5921186Z INFO:app.scheduler.services.notification_creation:Created overdue notification for invoice INV-5690 (19 days overdue)
Backend CI	Run tests	2026-03-17T02:41:37.5921514Z INFO:app.scheduler.services.notification_creation:Created overdue notification for invoice INV-9999 (230 days overdue)
Backend CI	Run tests	2026-03-17T02:41:37.5921847Z INFO:app.scheduler.services.notification_creation:Created overdue notification for invoice INV-3536 (282 days overdue)
Backend CI	Run tests	2026-03-17T02:41:37.5922183Z INFO:app.scheduler.services.notification_creation:Created overdue notification for invoice INV-5408 (196 days overdue)
Backend CI	Run tests	2026-03-17T02:41:37.5922614Z INFO:app.scheduler.services.notification_creation:Created overdue notification for invoice INV-7864 (37 days overdue)
Backend CI	Run tests	2026-03-17T02:41:37.5923080Z INFO:app.scheduler.services.notification_creation:Created overdue notification for invoice INV-1197 (364 days overdue)
Backend CI	Run tests	2026-03-17T02:41:37.5923416Z INFO:app.scheduler.services.notification_creation:Created overdue notification for invoice INV-6255 (36 days overdue)
Backend CI	Run tests	2026-03-17T02:41:37.5923748Z INFO:app.scheduler.services.notification_creation:Created overdue notification for invoice INV-8447 (152 days overdue)
Backend CI	Run tests	2026-03-17T02:41:37.5924082Z INFO:app.scheduler.services.notification_creation:Created overdue notification for invoice INV-6491 (212 days overdue)
Backend CI	Run tests	2026-03-17T02:41:37.5924416Z INFO:app.scheduler.services.notification_creation:Created overdue notification for invoice INV-7899 (295 days overdue)
Backend CI	Run tests	2026-03-17T02:41:37.5924752Z INFO:app.scheduler.services.notification_creation:Created overdue notification for invoice INV-9034 (235 days overdue)
Backend CI	Run tests	2026-03-17T02:41:37.5925087Z INFO:app.scheduler.services.notification_creation:Created overdue notification for invoice INV-5338 (278 days overdue)
Backend CI	Run tests	2026-03-17T02:41:37.5925417Z INFO:app.scheduler.services.notification_creation:Created overdue notification for invoice INV-6460 (328 days overdue)
Backend CI	Run tests	2026-03-17T02:41:37.5925817Z INFO:app.scheduler.services.notification_creation:Created overdue notification for invoice INV-2357 (309 days overdue)
Backend CI	Run tests	2026-03-17T02:41:37.5926147Z INFO:app.scheduler.services.notification_creation:Created overdue notification for invoice INV-5967 (123 days overdue)
Backend CI	Run tests	2026-03-17T02:41:37.5926484Z INFO:app.scheduler.services.notification_creation:Created overdue notification for invoice INV-6423 (162 days overdue)
Backend CI	Run tests	2026-03-17T02:41:37.5926816Z INFO:app.scheduler.services.notification_creation:Created overdue notification for invoice INV-1000 (21 days overdue)
Backend CI	Run tests	2026-03-17T02:41:37.5927139Z INFO:app.scheduler.services.notification_creation:Created overdue notification for invoice INV-1674 (76 days overdue)
Backend CI	Run tests	2026-03-17T02:41:37.5927477Z INFO:app.scheduler.services.notification_creation:Created overdue notification for invoice INV-2109 (331 days overdue)
Backend CI	Run tests	2026-03-17T02:41:37.5927803Z INFO:app.scheduler.services.notification_creation:Created overdue notification for invoice INV-2783 (58 days overdue)
Backend CI	Run tests	2026-03-17T02:41:37.5928141Z INFO:app.scheduler.services.notification_creation:Created overdue notification for invoice INV-7238 (155 days overdue)
Backend CI	Run tests	2026-03-17T02:41:37.5928466Z INFO:app.scheduler.services.notification_creation:Created overdue notification for invoice INV-1077 (76 days overdue)
Backend CI	Run tests	2026-03-17T02:41:37.5928792Z INFO:app.scheduler.services.notification_creation:Created overdue notification for invoice INV-3542 (77 days overdue)
Backend CI	Run tests	2026-03-17T02:41:37.5929177Z INFO:app.scheduler.services.notification_creation:Created overdue notification for invoice INV-6056 (2 days overdue)
Backend CI	Run tests	2026-03-17T02:41:37.5929507Z INFO:app.scheduler.services.notification_creation:Created overdue notification for invoice INV-9528 (334 days overdue)
Backend CI	Run tests	2026-03-17T02:41:37.5929843Z INFO:app.scheduler.services.notification_creation:Created overdue notification for invoice INV-1607 (194 days overdue)
Backend CI	Run tests	2026-03-17T02:41:37.5930179Z INFO:app.scheduler.services.notification_creation:Created overdue notification for invoice INV-4234 (288 days overdue)
Backend CI	Run tests	2026-03-17T02:41:37.5930516Z INFO:app.scheduler.services.notification_creation:Created overdue notification for invoice INV-7904 (306 days overdue)
Backend CI	Run tests	2026-03-17T02:41:37.5930846Z INFO:app.scheduler.services.notification_creation:Created overdue notification for invoice INV-1496 (365 days overdue)
Backend CI	Run tests	2026-03-17T02:41:37.5931176Z INFO:app.scheduler.services.notification_creation:Created overdue notification for invoice INV-3993 (159 days overdue)
Backend CI	Run tests	2026-03-17T02:41:37.5931513Z INFO:app.scheduler.services.notification_creation:Created overdue notification for invoice INV-7585 (314 days overdue)
Backend CI	Run tests	2026-03-17T02:41:37.5931836Z INFO:app.scheduler.services.notification_creation:Created overdue notification for invoice INV-9367 (2 days overdue)
Backend CI	Run tests	2026-03-17T02:41:37.5932275Z INFO:app.scheduler.services.notification_creation:Created overdue notification for invoice INV-1000 (207 days overdue)
Backend CI	Run tests	2026-03-17T02:41:37.5932606Z INFO:app.scheduler.services.notification_creation:Created overdue notification for invoice INV-8247 (282 days overdue)
Backend CI	Run tests	2026-03-17T02:41:37.5933039Z INFO:app.scheduler.services.notification_creation:Created overdue notification for invoice INV-3980 (118 days overdue)
Backend CI	Run tests	2026-03-17T02:41:37.5933375Z INFO:app.scheduler.services.notification_creation:Created overdue notification for invoice INV-4211 (141 days overdue)
Backend CI	Run tests	2026-03-17T02:41:37.5933707Z INFO:app.scheduler.services.notification_creation:Created overdue notification for invoice INV-9487 (195 days overdue)
Backend CI	Run tests	2026-03-17T02:41:37.5934041Z INFO:app.scheduler.services.notification_creation:Created overdue notification for invoice INV-7537 (96 days overdue)
Backend CI	Run tests	2026-03-17T02:41:37.5934372Z INFO:app.scheduler.services.notification_creation:Created overdue notification for invoice INV-2773 (127 days overdue)
Backend CI	Run tests	2026-03-17T02:41:37.5934705Z INFO:app.scheduler.services.notification_creation:Created overdue notification for invoice INV-6867 (318 days overdue)
Backend CI	Run tests	2026-03-17T02:41:37.5935038Z INFO:app.scheduler.services.notification_creation:Created overdue notification for invoice INV-2181 (168 days overdue)
Backend CI	Run tests	2026-03-17T02:41:37.5935462Z INFO:app.scheduler.services.notification_creation:Created overdue notification for invoice INV-6864 (306 days overdue)
Backend CI	Run tests	2026-03-17T02:41:37.5935794Z INFO:app.scheduler.services.notification_creation:Created overdue notification for invoice INV-8350 (84 days overdue)
Backend CI	Run tests	2026-03-17T02:41:37.5936128Z INFO:app.scheduler.services.notification_creation:Created overdue notification for invoice INV-1000 (137 days overdue)
Backend CI	Run tests	2026-03-17T02:41:37.5936453Z INFO:app.scheduler.services.notification_creation:Created overdue notification for invoice INV-6125 (11 days overdue)
Backend CI	Run tests	2026-03-17T02:41:37.5936790Z INFO:app.scheduler.services.notification_creation:Created overdue notification for invoice INV-5400 (330 days overdue)
Backend CI	Run tests	2026-03-17T02:41:37.5937124Z INFO:app.scheduler.services.notification_creation:Created overdue notification for invoice INV-9776 (339 days overdue)
Backend CI	Run tests	2026-03-17T02:41:37.5937461Z INFO:app.scheduler.services.notification_creation:Created overdue notification for invoice INV-1544 (341 days overdue)
Backend CI	Run tests	2026-03-17T02:41:37.5937793Z INFO:app.scheduler.services.notification_creation:Created overdue notification for invoice INV-6243 (326 days overdue)
Backend CI	Run tests	2026-03-17T02:41:37.5938121Z INFO:app.scheduler.services.notification_creation:Created overdue notification for invoice INV-9089 (31 days overdue)
Backend CI	Run tests	2026-03-17T02:41:37.5938512Z INFO:app.scheduler.services.notification_creation:Created overdue notification for invoice INV-9776 (87 days overdue)
Backend CI	Run tests	2026-03-17T02:41:37.5938842Z INFO:app.scheduler.services.notification_creation:Created overdue notification for invoice INV-9999 (179 days overdue)
Backend CI	Run tests	2026-03-17T02:41:37.5939177Z INFO:app.scheduler.services.notification_creation:Created overdue notification for invoice INV-3122 (249 days overdue)
Backend CI	Run tests	2026-03-17T02:41:37.5939508Z INFO:app.scheduler.services.notification_creation:Created overdue notification for invoice INV-8479 (69 days overdue)
Backend CI	Run tests	2026-03-17T02:41:37.5939839Z INFO:app.scheduler.services.notification_creation:Created overdue notification for invoice INV-4042 (258 days overdue)
Backend CI	Run tests	2026-03-17T02:41:37.5940177Z INFO:app.scheduler.services.notification_creation:Created overdue notification for invoice INV-4533 (143 days overdue)
Backend CI	Run tests	2026-03-17T02:41:37.5940516Z INFO:app.scheduler.services.notification_creation:Created overdue notification for invoice INV-1652 (246 days overdue)
Backend CI	Run tests	2026-03-17T02:41:37.5940854Z INFO:app.scheduler.services.notification_creation:Created overdue notification for invoice INV-2262 (239 days overdue)
Backend CI	Run tests	2026-03-17T02:41:37.5941185Z INFO:app.scheduler.services.notification_creation:Created overdue notification for invoice INV-5543 (279 days overdue)
Backend CI	Run tests	2026-03-17T02:41:37.5941622Z INFO:app.scheduler.services.notification_creation:Created overdue notification for invoice INV-4572 (101 days overdue)
Backend CI	Run tests	2026-03-17T02:41:37.5941956Z INFO:app.scheduler.services.notification_creation:Created overdue notification for invoice INV-4099 (183 days overdue)
Backend CI	Run tests	2026-03-17T02:41:37.5942291Z INFO:app.scheduler.services.notification_creation:Created overdue notification for invoice INV-9352 (296 days overdue)
Backend CI	Run tests	2026-03-17T02:41:37.5942630Z INFO:app.scheduler.services.notification_creation:Created overdue notification for invoice INV-1483 (277 days overdue)
Backend CI	Run tests	2026-03-17T02:41:37.5943074Z INFO:app.scheduler.services.notification_creation:Created overdue notification for invoice INV-1926 (67 days overdue)
Backend CI	Run tests	2026-03-17T02:41:37.5943402Z INFO:app.scheduler.services.notification_creation:Created overdue notification for invoice INV-1499 (47 days overdue)
Backend CI	Run tests	2026-03-17T02:41:37.5943736Z INFO:app.scheduler.services.notification_creation:Created overdue notification for invoice INV-8764 (296 days overdue)
Backend CI	Run tests	2026-03-17T02:41:37.5944066Z INFO:app.scheduler.services.notification_creation:Created overdue notification for invoice INV-9246 (23 days overdue)
Backend CI	Run tests	2026-03-17T02:41:37.5944396Z INFO:app.scheduler.services.notification_creation:Created overdue notification for invoice INV-5878 (54 days overdue)
Backend CI	Run tests	2026-03-17T02:41:37.5944793Z INFO:app.scheduler.services.notification_creation:Created overdue notification for invoice INV-9848 (347 days overdue)
Backend CI	Run tests	2026-03-17T02:41:37.5945120Z INFO:app.scheduler.services.notification_creation:Created overdue notification for invoice INV-1001 (142 days overdue)
Backend CI	Run tests	2026-03-17T02:41:37.5945455Z INFO:app.scheduler.services.notification_creation:Created overdue notification for invoice INV-8605 (264 days overdue)
Backend CI	Run tests	2026-03-17T02:41:37.5945786Z INFO:app.scheduler.services.notification_creation:Created overdue notification for invoice INV-3491 (239 days overdue)
Backend CI	Run tests	2026-03-17T02:41:37.5946119Z INFO:app.scheduler.services.notification_creation:Created overdue notification for invoice INV-9999 (261 days overdue)
Backend CI	Run tests	2026-03-17T02:41:37.5946444Z INFO:app.scheduler.services.notification_creation:Created overdue notification for invoice INV-7071 (1 days overdue)
Backend CI	Run tests	2026-03-17T02:41:37.5946766Z INFO:app.scheduler.services.notification_creation:Created overdue notification for invoice INV-6598 (1 days overdue)
Backend CI	Run tests	2026-03-17T02:41:37.5947102Z INFO:app.scheduler.services.notification_creation:Created overdue notification for invoice INV-7277 (365 days overdue)
Backend CI	Run tests	2026-03-17T02:41:37.5947430Z INFO:app.scheduler.services.notification_creation:Created overdue notification for invoice INV-1258 (194 days overdue)
Backend CI	Run tests	2026-03-17T02:41:37.5947763Z INFO:app.scheduler.services.notification_creation:Created overdue notification for invoice INV-8164 (262 days overdue)
Backend CI	Run tests	2026-03-17T02:41:37.5948143Z INFO:app.scheduler.services.notification_creation:Created overdue notification for invoice INV-3078 (8 days overdue)
Backend CI	Run tests	2026-03-17T02:41:37.5948479Z INFO:app.scheduler.services.notification_creation:Created overdue notification for invoice INV-3948 (240 days overdue)
Backend CI	Run tests	2026-03-17T02:41:37.5948812Z INFO:app.scheduler.services.notification_creation:Created overdue notification for invoice INV-2722 (247 days overdue)
Backend CI	Run tests	2026-03-17T02:41:37.5949142Z INFO:app.scheduler.services.notification_creation:Created overdue notification for invoice INV-5203 (327 days overdue)
Backend CI	Run tests	2026-03-17T02:41:37.5949478Z INFO:app.scheduler.services.notification_creation:Created overdue notification for invoice INV-2133 (330 days overdue)
Backend CI	Run tests	2026-03-17T02:41:37.5949807Z INFO:app.scheduler.services.notification_creation:Created overdue notification for invoice INV-8480 (172 days overdue)
Backend CI	Run tests	2026-03-17T02:41:37.5950141Z INFO:app.scheduler.services.notification_creation:Created overdue notification for invoice INV-9998 (265 days overdue)
Backend CI	Run tests	2026-03-17T02:41:37.5950473Z INFO:app.scheduler.services.notification_creation:Created overdue notification for invoice INV-2862 (270 days overdue)
Backend CI	Run tests	2026-03-17T02:41:37.5950802Z INFO:app.scheduler.services.notification_creation:Created overdue notification for invoice INV-9448 (151 days overdue)
Backend CI	Run tests	2026-03-17T02:41:37.5951244Z INFO:app.scheduler.services.notification_creation:Created overdue notification for invoice INV-6395 (193 days overdue)
Backend CI	Run tests	2026-03-17T02:41:37.5951574Z INFO:app.scheduler.services.notification_creation:Created overdue notification for invoice INV-9185 (232 days overdue)
Backend CI	Run tests	2026-03-17T02:41:37.5951912Z INFO:app.scheduler.services.notification_creation:Created overdue notification for invoice INV-7587 (210 days overdue)
Backend CI	Run tests	2026-03-17T02:41:37.5952244Z INFO:app.scheduler.services.notification_creation:Created overdue notification for invoice INV-8554 (161 days overdue)
Backend CI	Run tests	2026-03-17T02:41:37.5952574Z INFO:app.scheduler.services.notification_creation:Created overdue notification for invoice INV-6962 (248 days overdue)
Backend CI	Run tests	2026-03-17T02:41:37.5953012Z INFO:app.scheduler.services.notification_creation:Created overdue notification for invoice INV-9999 (76 days overdue)
Backend CI	Run tests	2026-03-17T02:41:37.5953341Z INFO:app.scheduler.services.notification_creation:Created overdue notification for invoice INV-7513 (43 days overdue)
Backend CI	Run tests	2026-03-17T02:41:37.5953681Z INFO:app.scheduler.services.notification_creation:Created overdue notification for invoice INV-2266 (251 days overdue)
Backend CI	Run tests	2026-03-17T02:41:37.5954011Z INFO:app.scheduler.services.notification_creation:Created overdue notification for invoice INV-7355 (132 days overdue)
Backend CI	Run tests	2026-03-17T02:41:37.5954408Z INFO:app.scheduler.services.notification_creation:Created overdue notification for invoice INV-1000 (303 days overdue)
Backend CI	Run tests	2026-03-17T02:41:37.5954747Z INFO:app.scheduler.services.notification_creation:Created overdue notification for invoice INV-5001 (119 days overdue)
Backend CI	Run tests	2026-03-17T02:41:37.5955081Z INFO:app.scheduler.services.notification_creation:Created overdue notification for invoice INV-6536 (18 days overdue)
Backend CI	Run tests	2026-03-17T02:41:37.5955428Z INFO:app.scheduler.services.notification_creation:Created overdue notification for invoice INV-2977 (236 days overdue)
Backend CI	Run tests	2026-03-17T02:41:37.5955763Z INFO:app.scheduler.services.notification_creation:Created overdue notification for invoice INV-6645 (188 days overdue)
Backend CI	Run tests	2026-03-17T02:41:37.5956097Z INFO:app.scheduler.services.notification_creation:Created overdue notification for invoice INV-3994 (328 days overdue)
Backend CI	Run tests	2026-03-17T02:41:37.5956435Z INFO:app.scheduler.services.notification_creation:Created overdue notification for invoice INV-3674 (168 days overdue)
Backend CI	Run tests	2026-03-17T02:41:37.5956761Z INFO:app.scheduler.services.notification_creation:Created overdue notification for invoice INV-6022 (13 days overdue)
Backend CI	Run tests	2026-03-17T02:41:37.5957100Z INFO:app.scheduler.services.notification_creation:Created overdue notification for invoice INV-3123 (198 days overdue)
Backend CI	Run tests	2026-03-17T02:41:37.5957430Z INFO:app.scheduler.services.notification_creation:Created overdue notification for invoice INV-4022 (191 days overdue)
Backend CI	Run tests	2026-03-17T02:41:37.5957813Z INFO:app.scheduler.services.notification_creation:Created overdue notification for invoice INV-3860 (37 days overdue)
Backend CI	Run tests	2026-03-17T02:41:37.5958148Z INFO:app.scheduler.services.notification_creation:Created overdue notification for invoice INV-2481 (365 days overdue)
Backend CI	Run tests	2026-03-17T02:41:37.5958486Z INFO:app.scheduler.services.notification_creation:Created overdue notification for invoice INV-2241 (294 days overdue)
Backend CI	Run tests	2026-03-17T02:41:37.5958820Z INFO:app.scheduler.services.notification_creation:Created overdue notification for invoice INV-4855 (15 days overdue)
Backend CI	Run tests	2026-03-17T02:41:37.5959153Z INFO:app.scheduler.services.notification_creation:Created overdue notification for invoice INV-8386 (162 days overdue)
Backend CI	Run tests	2026-03-17T02:41:37.5959487Z INFO:app.scheduler.services.notification_creation:Created overdue notification for invoice INV-8079 (142 days overdue)
Backend CI	Run tests	2026-03-17T02:41:37.5959817Z INFO:app.scheduler.services.notification_creation:Created overdue notification for invoice INV-9188 (10 days overdue)
Backend CI	Run tests	2026-03-17T02:41:37.5960146Z INFO:app.scheduler.services.notification_creation:Created overdue notification for invoice INV-1191 (88 days overdue)
Backend CI	Run tests	2026-03-17T02:41:37.5960482Z INFO:app.scheduler.services.notification_creation:Created overdue notification for invoice INV-9753 (180 days overdue)
Backend CI	Run tests	2026-03-17T02:41:37.5960914Z INFO:app.scheduler.services.notification_creation:Created overdue notification for invoice INV-6313 (281 days overdue)
Backend CI	Run tests	2026-03-17T02:41:37.5961237Z INFO:app.scheduler.services.notification_creation:Created overdue notification for invoice INV-4724 (1 days overdue)
Backend CI	Run tests	2026-03-17T02:41:37.5961576Z INFO:app.scheduler.services.notification_creation:Created overdue notification for invoice INV-9476 (254 days overdue)
Backend CI	Run tests	2026-03-17T02:41:37.5962177Z INFO:app.scheduler.services.notification_creation:Created overdue notification for invoice INV-6266 (200 days overdue)
Backend CI	Run tests	2026-03-17T02:41:37.5962847Z INFO:app.scheduler.services.notification_creation:Created overdue notification for invoice INV-3491 (105 days overdue)
Backend CI	Run tests	2026-03-17T02:41:37.5963205Z INFO:app.scheduler.services.notification_creation:Created overdue notification for invoice INV-7548 (309 days overdue)
Backend CI	Run tests	2026-03-17T02:41:37.5963535Z INFO:app.scheduler.services.notification_creation:Created overdue notification for invoice INV-2524 (9 days overdue)
Backend CI	Run tests	2026-03-17T02:41:37.5963871Z INFO:app.scheduler.services.notification_creation:Created overdue notification for invoice INV-9120 (6 days overdue)
Backend CI	Run tests	2026-03-17T02:41:37.5964199Z INFO:app.scheduler.services.notification_creation:Created overdue notification for invoice INV-4854 (10 days overdue)
Backend CI	Run tests	2026-03-17T02:41:37.5964630Z INFO:app.scheduler.services.notification_creation:Created overdue notification for invoice INV-4304 (2 days overdue)
Backend CI	Run tests	2026-03-17T02:41:37.5965169Z INFO:app.scheduler.services.notification_creation:Created overdue notification for invoice INV-6698 (124 days overdue)
Backend CI	Run tests	2026-03-17T02:41:37.5965599Z INFO:app.scheduler.services.notification_creation:Created overdue notification for invoice INV-2908 (13 days overdue)
Backend CI	Run tests	2026-03-17T02:41:37.5965952Z INFO:app.scheduler.services.notification_creation:Created overdue notification for invoice INV-7813 (211 days overdue)
Backend CI	Run tests	2026-03-17T02:41:37.5966285Z INFO:app.scheduler.services.notification_creation:Created overdue notification for invoice INV-5872 (261 days overdue)
Backend CI	Run tests	2026-03-17T02:41:37.5966619Z INFO:app.scheduler.services.notification_creation:Created overdue notification for invoice INV-3380 (64 days overdue)
Backend CI	Run tests	2026-03-17T02:41:37.5966948Z INFO:app.scheduler.services.notification_creation:Created overdue notification for invoice INV-8457 (304 days overdue)
Backend CI	Run tests	2026-03-17T02:41:37.5967286Z INFO:app.scheduler.services.notification_creation:Created overdue notification for invoice INV-7877 (209 days overdue)
Backend CI	Run tests	2026-03-17T02:41:37.5967614Z INFO:app.scheduler.services.notification_creation:Created overdue notification for invoice INV-4195 (131 days overdue)
Backend CI	Run tests	2026-03-17T02:41:37.5967942Z INFO:app.scheduler.services.notification_creation:Created overdue notification for invoice INV-6127 (291 days overdue)
Backend CI	Run tests	2026-03-17T02:41:37.5968359Z INFO:app.scheduler.services.notification_creation:Created overdue notification for invoice INV-3424 (59 days overdue)
Backend CI	Run tests	2026-03-17T02:41:37.5968689Z INFO:app.scheduler.services.notification_creation:Created overdue notification for invoice INV-2903 (365 days overdue)
Backend CI	Run tests	2026-03-17T02:41:37.5969028Z INFO:app.scheduler.services.notification_creation:Created overdue notification for invoice INV-9999 (220 days overdue)
Backend CI	Run tests	2026-03-17T02:41:37.5969357Z INFO:app.scheduler.services.notification_creation:Created overdue notification for invoice INV-9968 (129 days overdue)
Backend CI	Run tests	2026-03-17T02:41:37.5969686Z INFO:app.scheduler.services.notification_creation:Created overdue notification for invoice INV-9564 (184 days overdue)
Backend CI	Run tests	2026-03-17T02:41:37.5970018Z INFO:app.scheduler.services.notification_creation:Created overdue notification for invoice INV-1001 (246 days overdue)
Backend CI	Run tests	2026-03-17T02:41:37.5970347Z INFO:app.scheduler.services.notification_creation:Created overdue notification for invoice INV-9740 (160 days overdue)
Backend CI	Run tests	2026-03-17T02:41:37.5970685Z INFO:app.scheduler.services.notification_creation:Created overdue notification for invoice INV-4573 (115 days overdue)
Backend CI	Run tests	2026-03-17T02:41:37.5971013Z INFO:app.scheduler.services.notification_creation:Created overdue notification for invoice INV-9832 (337 days overdue)
Backend CI	Run tests	2026-03-17T02:41:37.5971454Z INFO:app.scheduler.services.notification_creation:Created overdue notification for invoice INV-1857 (110 days overdue)
Backend CI	Run tests	2026-03-17T02:41:37.5971801Z INFO:app.scheduler.services.notification_creation:Created overdue notification for invoice INV-6787 (37 days overdue)
Backend CI	Run tests	2026-03-17T02:41:37.5972140Z INFO:app.scheduler.services.notification_creation:Created overdue notification for invoice INV-7690 (71 days overdue)
Backend CI	Run tests	2026-03-17T02:41:37.5972479Z INFO:app.scheduler.services.notification_creation:Created overdue notification for invoice INV-9941 (256 days overdue)
Backend CI	Run tests	2026-03-17T02:41:37.5973047Z INFO:app.scheduler.services.notification_creation:Created overdue notification for invoice INV-2313 (224 days overdue)
Backend CI	Run tests	2026-03-17T02:41:37.5973685Z INFO:app.scheduler.services.notification_creation:Created overdue notification for invoice INV-1844 (171 days overdue)
Backend CI	Run tests	2026-03-17T02:41:37.5974097Z INFO:app.scheduler.services.notification_creation:Created overdue notification for invoice INV-4986 (364 days overdue)
Backend CI	Run tests	2026-03-17T02:41:37.5974448Z INFO:app.scheduler.services.notification_creation:Created overdue notification for invoice INV-2229 (146 days overdue)
Backend CI	Run tests	2026-03-17T02:41:37.5974786Z INFO:app.scheduler.services.notification_creation:Created overdue notification for invoice INV-9302 (173 days overdue)
Backend CI	Run tests	2026-03-17T02:41:37.5975210Z INFO:app.scheduler.services.notification_creation:Created overdue notification for invoice INV-1813 (88 days overdue)
Backend CI	Run tests	2026-03-17T02:41:37.5975536Z INFO:app.scheduler.services.notification_creation:Created overdue notification for invoice INV-7797 (99 days overdue)
Backend CI	Run tests	2026-03-17T02:41:37.5975874Z INFO:app.scheduler.services.notification_creation:Created overdue notification for invoice INV-8603 (258 days overdue)
Backend CI	Run tests	2026-03-17T02:41:37.5976204Z INFO:app.scheduler.services.notification_creation:Created overdue notification for invoice INV-6052 (312 days overdue)
Backend CI	Run tests	2026-03-17T02:41:37.5976539Z INFO:app.scheduler.services.notification_creation:Created overdue notification for invoice INV-3453 (103 days overdue)
Backend CI	Run tests	2026-03-17T02:41:37.5976866Z INFO:app.scheduler.services.notification_creation:Created overdue notification for invoice INV-9536 (98 days overdue)
Backend CI	Run tests	2026-03-17T02:41:37.5977196Z INFO:app.scheduler.services.notification_creation:Created overdue notification for invoice INV-3546 (365 days overdue)
Backend CI	Run tests	2026-03-17T02:41:37.5977535Z INFO:app.scheduler.services.notification_creation:Created overdue notification for invoice INV-6038 (267 days overdue)
Backend CI	Run tests	2026-03-17T02:41:37.5977859Z INFO:app.scheduler.services.notification_creation:Created overdue notification for invoice INV-4996 (78 days overdue)
Backend CI	Run tests	2026-03-17T02:41:37.5978251Z INFO:app.scheduler.services.notification_creation:Created overdue notification for invoice INV-5864 (138 days overdue)
Backend CI	Run tests	2026-03-17T02:41:37.5978581Z INFO:app.scheduler.services.notification_creation:Created overdue notification for invoice INV-4981 (290 days overdue)
Backend CI	Run tests	2026-03-17T02:41:37.5978914Z INFO:app.scheduler.services.notification_creation:Created overdue notification for invoice INV-1801 (162 days overdue)
Backend CI	Run tests	2026-03-17T02:41:37.5979247Z INFO:app.scheduler.services.notification_creation:Created overdue notification for invoice INV-7736 (137 days overdue)
Backend CI	Run tests	2026-03-17T02:41:37.5979578Z INFO:app.scheduler.services.notification_creation:Created overdue notification for invoice INV-8693 (356 days overdue)
Backend CI	Run tests	2026-03-17T02:41:37.5979914Z INFO:app.scheduler.services.notification_creation:Created overdue notification for invoice INV-7693 (310 days overdue)
Backend CI	Run tests	2026-03-17T02:41:37.5980240Z INFO:app.scheduler.services.notification_creation:Created overdue notification for invoice INV-3488 (63 days overdue)
Backend CI	Run tests	2026-03-17T02:41:37.5980567Z INFO:app.scheduler.services.notification_creation:Created overdue notification for invoice INV-7167 (5 days overdue)
Backend CI	Run tests	2026-03-17T02:41:37.5980901Z INFO:app.scheduler.services.notification_creation:Created overdue notification for invoice INV-5620 (29 days overdue)
Backend CI	Run tests	2026-03-17T02:41:37.5981356Z INFO:app.scheduler.services.notification_creation:Created overdue notification for invoice INV-9038 (95 days overdue)
Backend CI	Run tests	2026-03-17T02:41:37.5981709Z INFO:app.scheduler.services.notification_creation:Created overdue notification for invoice INV-6073 (119 days overdue)
Backend CI	Run tests	2026-03-17T02:41:37.5982033Z INFO:app.scheduler.services.notification_creation:Created overdue notification for invoice INV-6795 (1 days overdue)
Backend CI	Run tests	2026-03-17T02:41:37.5982372Z INFO:app.scheduler.services.notification_creation:Created overdue notification for invoice INV-5902 (297 days overdue)
Backend CI	Run tests	2026-03-17T02:41:37.5982833Z INFO:app.scheduler.services.notification_creation:Created overdue notification for invoice INV-8931 (195 days overdue)
Backend CI	Run tests	2026-03-17T02:41:37.5983172Z INFO:app.scheduler.services.notification_creation:Created overdue notification for invoice INV-5155 (341 days overdue)
Backend CI	Run tests	2026-03-17T02:41:37.5983508Z INFO:app.scheduler.services.notification_creation:Created overdue notification for invoice INV-8197 (190 days overdue)
Backend CI	Run tests	2026-03-17T02:41:37.5983840Z INFO:app.scheduler.services.notification_creation:Created overdue notification for invoice INV-8911 (360 days overdue)
Backend CI	Run tests	2026-03-17T02:41:37.5984169Z INFO:app.scheduler.services.notification_creation:Created overdue notification for invoice INV-6377 (115 days overdue)
Backend CI	Run tests	2026-03-17T02:41:37.5984606Z INFO:app.scheduler.services.notification_creation:Created overdue notification for invoice INV-3904 (226 days overdue)
Backend CI	Run tests	2026-03-17T02:41:37.5984936Z INFO:app.scheduler.services.notification_creation:Created overdue notification for invoice INV-2454 (185 days overdue)
Backend CI	Run tests	2026-03-17T02:41:37.5985267Z INFO:app.scheduler.services.notification_creation:Created overdue notification for invoice INV-2502 (99 days overdue)
Backend CI	Run tests	2026-03-17T02:41:37.5985600Z INFO:app.scheduler.services.notification_creation:Created overdue notification for invoice INV-6375 (228 days overdue)
Backend CI	Run tests	2026-03-17T02:41:37.5985934Z INFO:app.scheduler.services.notification_creation:Created overdue notification for invoice INV-1711 (349 days overdue)
Backend CI	Run tests	2026-03-17T02:41:37.5986269Z INFO:app.scheduler.services.notification_creation:Created overdue notification for invoice INV-3994 (328 days overdue)
Backend CI	Run tests	2026-03-17T02:41:37.5986600Z INFO:app.scheduler.services.notification_creation:Created overdue notification for invoice INV-3674 (168 days overdue)
Backend CI	Run tests	2026-03-17T02:41:37.5986934Z INFO:app.scheduler.services.notification_creation:Created overdue notification for invoice INV-6022 (13 days overdue)
Backend CI	Run tests	2026-03-17T02:41:37.5987264Z INFO:app.scheduler.services.notification_creation:Created overdue notification for invoice INV-8447 (152 days overdue)
Backend CI	Run tests	2026-03-17T02:41:37.5987599Z INFO:app.scheduler.services.notification_creation:Created overdue notification for invoice INV-6491 (212 days overdue)
Backend CI	Run tests	2026-03-17T02:41:37.5987987Z INFO:app.scheduler.services.notification_creation:Created overdue notification for invoice INV-7899 (295 days overdue)
Backend CI	Run tests	2026-03-17T02:41:37.5988316Z INFO:app.scheduler.services.notification_creation:Created overdue notification for invoice INV-9034 (235 days overdue)
Backend CI	Run tests	2026-03-17T02:41:37.5988654Z INFO:app.scheduler.services.notification_creation:Created overdue notification for invoice INV-5338 (278 days overdue)
Backend CI	Run tests	2026-03-17T02:41:37.5988979Z INFO:app.scheduler.services.notification_creation:Created overdue notification for invoice INV-9254 (9 days overdue)
Backend CI	Run tests	2026-03-17T02:41:37.5989314Z INFO:app.scheduler.services.notification_creation:Created overdue notification for invoice INV-1744 (90 days overdue)
Backend CI	Run tests	2026-03-17T02:41:37.5989644Z INFO:app.scheduler.services.notification_creation:Created overdue notification for invoice INV-4247 (249 days overdue)
Backend CI	Run tests	2026-03-17T02:41:37.5989973Z INFO:app.scheduler.services.notification_creation:Created overdue notification for invoice INV-1923 (106 days overdue)
Backend CI	Run tests	2026-03-17T02:41:37.5990313Z INFO:app.scheduler.services.notification_creation:Created overdue notification for invoice INV-8076 (180 days overdue)
Backend CI	Run tests	2026-03-17T02:41:37.5990643Z INFO:app.scheduler.services.notification_creation:Created overdue notification for invoice INV-3425 (329 days overdue)
Backend CI	Run tests	2026-03-17T02:41:37.5991083Z INFO:app.scheduler.services.notification_creation:Created overdue notification for invoice INV-4462 (298 days overdue)
Backend CI	Run tests	2026-03-17T02:41:37.5991413Z INFO:app.scheduler.services.notification_creation:Created overdue notification for invoice INV-3547 (189 days overdue)
Backend CI	Run tests	2026-03-17T02:41:37.5991748Z INFO:app.scheduler.services.notification_creation:Created overdue notification for invoice INV-3123 (198 days overdue)
Backend CI	Run tests	2026-03-17T02:41:37.5992082Z INFO:app.scheduler.services.notification_creation:Created overdue notification for invoice INV-4022 (191 days overdue)
Backend CI	Run tests	2026-03-17T02:41:37.5992408Z INFO:app.scheduler.services.notification_creation:Created overdue notification for invoice INV-3860 (37 days overdue)
Backend CI	Run tests	2026-03-17T02:41:37.5992874Z INFO:app.scheduler.services.notification_creation:Created overdue notification for invoice INV-4701 (91 days overdue)
Backend CI	Run tests	2026-03-17T02:41:37.5993205Z INFO:app.scheduler.services.notification_creation:Created overdue notification for invoice INV-9417 (47 days overdue)
Backend CI	Run tests	2026-03-17T02:41:37.5993536Z INFO:app.scheduler.services.notification_creation:Created overdue notification for invoice INV-3806 (87 days overdue)
Backend CI	Run tests	2026-03-17T02:41:37.5993871Z INFO:app.scheduler.services.notification_creation:Created overdue notification for invoice INV-9342 (189 days overdue)
Backend CI	Run tests	2026-03-17T02:41:37.5994261Z INFO:app.scheduler.services.notification_creation:Created overdue notification for invoice INV-3380 (64 days overdue)
Backend CI	Run tests	2026-03-17T02:41:37.5994597Z INFO:app.scheduler.services.notification_creation:Created overdue notification for invoice INV-8457 (304 days overdue)
Backend CI	Run tests	2026-03-17T02:41:37.5994926Z INFO:app.scheduler.services.notification_creation:Created overdue notification for invoice INV-7877 (209 days overdue)
Backend CI	Run tests	2026-03-17T02:41:37.5995262Z INFO:app.scheduler.services.notification_creation:Created overdue notification for invoice INV-4195 (131 days overdue)
Backend CI	Run tests	2026-03-17T02:41:37.5995596Z INFO:app.scheduler.services.notification_creation:Created overdue notification for invoice INV-6127 (291 days overdue)
Backend CI	Run tests	2026-03-17T02:41:37.5995927Z INFO:app.scheduler.services.notification_creation:Created overdue notification for invoice INV-3330 (120 days overdue)
Backend CI	Run tests	2026-03-17T02:41:37.5996260Z INFO:app.scheduler.services.notification_creation:Created overdue notification for invoice INV-8326 (281 days overdue)
Backend CI	Run tests	2026-03-17T02:41:37.5996586Z INFO:app.scheduler.services.notification_creation:Created overdue notification for invoice INV-4060 (68 days overdue)
Backend CI	Run tests	2026-03-17T02:41:37.5996914Z INFO:app.scheduler.services.notification_creation:Created overdue notification for invoice INV-4701 (91 days overdue)
Backend CI	Run tests	2026-03-17T02:41:37.5997245Z INFO:app.scheduler.services.notification_creation:Created overdue notification for invoice INV-9417 (47 days overdue)
Backend CI	Run tests	2026-03-17T02:41:37.5997624Z INFO:app.scheduler.services.notification_creation:Created overdue notification for invoice INV-1813 (88 days overdue)
Backend CI	Run tests	2026-03-17T02:41:37.5997953Z INFO:app.scheduler.services.notification_creation:Created overdue notification for invoice INV-7797 (99 days overdue)
Backend CI	Run tests	2026-03-17T02:41:37.5998287Z INFO:app.scheduler.services.notification_creation:Created overdue notification for invoice INV-8603 (258 days overdue)
Backend CI	Run tests	2026-03-17T02:41:37.5998615Z INFO:app.scheduler.services.notification_creation:Created overdue notification for invoice INV-6052 (312 days overdue)
Backend CI	Run tests	2026-03-17T02:41:37.5998954Z INFO:app.scheduler.services.notification_creation:Created overdue notification for invoice INV-3453 (103 days overdue)
Backend CI	Run tests	2026-03-17T02:41:37.5999282Z INFO:app.scheduler.services.notification_creation:Created overdue notification for invoice INV-8076 (180 days overdue)
Backend CI	Run tests	2026-03-17T02:41:37.5999617Z INFO:app.scheduler.services.notification_creation:Created overdue notification for invoice INV-3425 (329 days overdue)
Backend CI	Run tests	2026-03-17T02:41:37.5999951Z INFO:app.scheduler.services.notification_creation:Created overdue notification for invoice INV-4462 (298 days overdue)
Backend CI	Run tests	2026-03-17T02:41:37.6000282Z INFO:app.scheduler.services.notification_creation:Created overdue notification for invoice INV-3547 (189 days overdue)
Backend CI	Run tests	2026-03-17T02:41:37.6000734Z INFO:app.scheduler.services.notification_creation:Created overdue notification for invoice INV-6358 (348 days overdue)
Backend CI	Run tests	2026-03-17T02:41:37.6001065Z INFO:app.scheduler.services.notification_creation:Created overdue notification for invoice INV-5660 (116 days overdue)
Backend CI	Run tests	2026-03-17T02:41:37.6001403Z INFO:app.scheduler.services.notification_creation:Created overdue notification for invoice INV-8991 (241 days overdue)
Backend CI	Run tests	2026-03-17T02:41:37.6001732Z INFO:app.scheduler.services.notification_creation:Created overdue notification for invoice INV-3536 (282 days overdue)
Backend CI	Run tests	2026-03-17T02:41:37.6002061Z INFO:app.scheduler.services.notification_creation:Created overdue notification for invoice INV-5408 (196 days overdue)
Backend CI	Run tests	2026-03-17T02:41:37.6002393Z INFO:app.scheduler.services.notification_creation:Created overdue notification for invoice INV-7864 (37 days overdue)
Backend CI	Run tests	2026-03-17T02:41:37.6002851Z INFO:app.scheduler.services.notification_creation:Created overdue notification for invoice INV-1197 (364 days overdue)
Backend CI	Run tests	2026-03-17T02:41:37.6003191Z INFO:app.scheduler.services.notification_creation:Created overdue notification for invoice INV-6255 (36 days overdue)
Backend CI	Run tests	2026-03-17T02:41:37.6003521Z INFO:app.scheduler.services.notification_creation:Created overdue notification for invoice INV-9492 (275 days overdue)
Backend CI	Run tests	2026-03-17T02:41:37.6003939Z INFO:app.scheduler.services.notification_creation:Created overdue notification for invoice INV-2851 (72 days overdue)
Backend CI	Run tests	2026-03-17T02:41:37.6004270Z INFO:app.scheduler.services.notification_creation:Created overdue notification for invoice INV-1226 (115 days overdue)
Backend CI	Run tests	2026-03-17T02:41:37.6004598Z INFO:app.scheduler.services.notification_creation:Created overdue notification for invoice INV-3646 (101 days overdue)
Backend CI	Run tests	2026-03-17T02:41:37.6004937Z INFO:app.scheduler.services.notification_creation:Created overdue notification for invoice INV-8233 (247 days overdue)
Backend CI	Run tests	2026-03-17T02:41:37.6005268Z INFO:app.scheduler.services.notification_creation:Created overdue notification for invoice INV-9999 (188 days overdue)
Backend CI	Run tests	2026-03-17T02:41:37.6005607Z INFO:app.scheduler.services.notification_creation:Created overdue notification for invoice INV-7693 (310 days overdue)
Backend CI	Run tests	2026-03-17T02:41:37.6005932Z INFO:app.scheduler.services.notification_creation:Created overdue notification for invoice INV-3488 (63 days overdue)
Backend CI	Run tests	2026-03-17T02:41:37.6006258Z INFO:app.scheduler.services.notification_creation:Created overdue notification for invoice INV-7167 (5 days overdue)
Backend CI	Run tests	2026-03-17T02:41:37.6006586Z INFO:app.scheduler.services.notification_creation:Created overdue notification for invoice INV-5620 (29 days overdue)
Backend CI	Run tests	2026-03-17T02:41:37.6006912Z INFO:app.scheduler.services.notification_creation:Created overdue notification for invoice INV-9038 (95 days overdue)
Backend CI	Run tests	2026-03-17T02:41:37.6007418Z INFO:app.scheduler.services.notification_creation:Created overdue notification for invoice INV-9185 (232 days overdue)
Backend CI	Run tests	2026-03-17T02:41:37.6007749Z INFO:app.scheduler.services.notification_creation:Created overdue notification for invoice INV-7587 (210 days overdue)
Backend CI	Run tests	2026-03-17T02:41:37.6008080Z INFO:app.scheduler.services.notification_creation:Created overdue notification for invoice INV-8554 (161 days overdue)
Backend CI	Run tests	2026-03-17T02:41:37.6008414Z INFO:app.scheduler.services.notification_creation:Created overdue notification for invoice INV-6962 (248 days overdue)
Backend CI	Run tests	2026-03-17T02:41:37.6008742Z INFO:app.scheduler.services.notification_creation:Created overdue notification for invoice INV-9999 (76 days overdue)
Backend CI	Run tests	2026-03-17T02:41:37.6009074Z INFO:app.scheduler.services.notification_creation:Created overdue notification for invoice INV-1071 (34 days overdue)
Backend CI	Run tests	2026-03-17T02:41:37.6009399Z INFO:app.scheduler.services.notification_creation:Created overdue notification for invoice INV-1071 (34 days overdue)
Backend CI	Run tests	2026-03-17T02:41:37.6009725Z INFO:app.scheduler.services.notification_creation:Created overdue notification for invoice INV-7537 (96 days overdue)
Backend CI	Run tests	2026-03-17T02:41:37.6010058Z INFO:app.scheduler.services.notification_creation:Created overdue notification for invoice INV-5053 (307 days overdue)
Backend CI	Run tests	2026-03-17T02:41:37.6010489Z INFO:app.scheduler.services.notification_creation:Created overdue notification for invoice INV-9812 (104 days overdue)
Backend CI	Run tests	2026-03-17T02:41:37.6010823Z INFO:app.scheduler.services.notification_creation:Created overdue notification for invoice INV-3302 (223 days overdue)
Backend CI	Run tests	2026-03-17T02:41:37.6011155Z INFO:app.scheduler.services.notification_creation:Created overdue notification for invoice INV-9972 (174 days overdue)
Backend CI	Run tests	2026-03-17T02:41:37.6011484Z INFO:app.scheduler.services.notification_creation:Created overdue notification for invoice INV-6395 (193 days overdue)
Backend CI	Run tests	2026-03-17T02:41:37.6011822Z INFO:app.scheduler.services.notification_creation:Created overdue notification for invoice INV-9185 (232 days overdue)
Backend CI	Run tests	2026-03-17T02:41:37.6012152Z INFO:app.scheduler.services.notification_creation:Created overdue notification for invoice INV-7587 (210 days overdue)
Backend CI	Run tests	2026-03-17T02:41:37.6012484Z INFO:app.scheduler.services.notification_creation:Created overdue notification for invoice INV-8554 (161 days overdue)
Backend CI	Run tests	2026-03-17T02:41:37.6012913Z INFO:app.scheduler.services.notification_creation:Created overdue notification for invoice INV-6962 (248 days overdue)
Backend CI	Run tests	2026-03-17T02:41:37.6013238Z INFO:app.scheduler.services.notification_creation:Created overdue notification for invoice INV-9999 (76 days overdue)
Backend CI	Run tests	2026-03-17T02:41:37.6013646Z INFO:app.scheduler.services.notification_creation:Created overdue notification for invoice INV-1000 (303 days overdue)
Backend CI	Run tests	2026-03-17T02:41:37.6013976Z INFO:app.scheduler.services.notification_creation:Created overdue notification for invoice INV-5001 (119 days overdue)
Backend CI	Run tests	2026-03-17T02:41:37.6014310Z INFO:app.scheduler.services.notification_creation:Created overdue notification for invoice INV-6536 (18 days overdue)
Backend CI	Run tests	2026-03-17T02:41:37.6014638Z INFO:app.scheduler.services.notification_creation:Created overdue notification for invoice INV-2977 (236 days overdue)
Backend CI	Run tests	2026-03-17T02:41:37.6014973Z INFO:app.scheduler.services.notification_creation:Created overdue notification for invoice INV-6645 (188 days overdue)
Backend CI	Run tests	2026-03-17T02:41:37.6015306Z INFO:app.scheduler.services.notification_creation:Created overdue notification for invoice INV-1632 (225 days overdue)
Backend CI	Run tests	2026-03-17T02:41:37.6015632Z INFO:app.scheduler.services.notification_creation:Created overdue notification for invoice INV-4345 (181 days overdue)
Backend CI	Run tests	2026-03-17T02:41:37.6015969Z INFO:app.scheduler.services.notification_creation:Created overdue notification for invoice INV-6358 (348 days overdue)
Backend CI	Run tests	2026-03-17T02:41:37.6016299Z INFO:app.scheduler.services.notification_creation:Created overdue notification for invoice INV-5660 (116 days overdue)
Backend CI	Run tests	2026-03-17T02:41:37.6016692Z INFO:app.scheduler.services.notification_creation:Created overdue notification for invoice INV-8991 (241 days overdue)
Backend CI	Run tests	2026-03-17T02:41:37.6017027Z INFO:app.scheduler.services.notification_creation:Created overdue notification for invoice INV-1544 (341 days overdue)
Backend CI	Run tests	2026-03-17T02:41:37.6017360Z INFO:app.scheduler.services.notification_creation:Created overdue notification for invoice INV-4420 (24 days overdue)
Backend CI	Run tests	2026-03-17T02:41:37.6017693Z INFO:app.scheduler.services.notification_creation:Created overdue notification for invoice INV-1168 (160 days overdue)
Backend CI	Run tests	2026-03-17T02:41:37.6018019Z INFO:app.scheduler.services.notification_creation:Created overdue notification for invoice INV-1492 (4 days overdue)
Backend CI	Run tests	2026-03-17T02:41:37.6018349Z INFO:app.scheduler.services.notification_creation:Created overdue notification for invoice INV-9246 (23 days overdue)
Backend CI	Run tests	2026-03-17T02:41:37.6018684Z INFO:app.scheduler.services.notification_creation:Created overdue notification for invoice INV-5878 (54 days overdue)
Backend CI	Run tests	2026-03-17T02:41:37.6019015Z INFO:app.scheduler.services.notification_creation:Created overdue notification for invoice INV-9848 (347 days overdue)
Backend CI	Run tests	2026-03-17T02:41:37.6019350Z INFO:app.scheduler.services.notification_creation:Created overdue notification for invoice INV-1001 (142 days overdue)
Backend CI	Run tests	2026-03-17T02:41:37.6019788Z INFO:app.scheduler.services.notification_creation:Created overdue notification for invoice INV-8605 (264 days overdue)
Backend CI	Run tests	2026-03-17T02:41:37.6020122Z INFO:app.scheduler.services.notification_creation:Created overdue notification for invoice INV-5543 (279 days overdue)
Backend CI	Run tests	2026-03-17T02:41:37.6020460Z INFO:app.scheduler.services.notification_creation:Created overdue notification for invoice INV-4680 (219 days overdue)
Backend CI	Run tests	2026-03-17T02:41:37.6020791Z INFO:app.scheduler.services.notification_creation:Created overdue notification for invoice INV-1984 (365 days overdue)
Backend CI	Run tests	2026-03-17T02:41:37.6021124Z INFO:app.scheduler.services.notification_creation:Created overdue notification for invoice INV-7199 (155 days overdue)
Backend CI	Run tests	2026-03-17T02:41:37.6021453Z INFO:app.scheduler.services.notification_creation:Created overdue notification for invoice INV-2313 (224 days overdue)
Backend CI	Run tests	2026-03-17T02:41:37.6021787Z INFO:app.scheduler.services.notification_creation:Created overdue notification for invoice INV-1844 (171 days overdue)
Backend CI	Run tests	2026-03-17T02:41:37.6022116Z INFO:app.scheduler.services.notification_creation:Created overdue notification for invoice INV-4986 (364 days overdue)
Backend CI	Run tests	2026-03-17T02:41:37.6022446Z INFO:app.scheduler.services.notification_creation:Created overdue notification for invoice INV-2229 (146 days overdue)
Backend CI	Run tests	2026-03-17T02:41:37.6022951Z INFO:app.scheduler.services.notification_creation:Created overdue notification for invoice INV-9302 (173 days overdue)
Backend CI	Run tests	2026-03-17T02:41:37.6023279Z INFO:app.scheduler.services.notification_creation:Created overdue notification for invoice INV-2668 (37 days overdue)
Backend CI	Run tests	2026-03-17T02:41:37.6023614Z INFO:app.scheduler.services.notification_creation:Created overdue notification for invoice INV-2576 (316 days overdue)
Backend CI	Run tests	2026-03-17T02:41:37.6023946Z INFO:app.scheduler.services.notification_creation:Created overdue notification for invoice INV-1607 (194 days overdue)
Backend CI	Run tests	2026-03-17T02:41:37.6024275Z INFO:app.scheduler.services.notification_creation:Created overdue notification for invoice INV-1001 (325 days overdue)
Backend CI	Run tests	2026-03-17T02:41:37.6024616Z INFO:app.scheduler.services.notification_creation:Created overdue notification for invoice INV-8233 (247 days overdue)
Backend CI	Run tests	2026-03-17T02:41:37.6024944Z INFO:app.scheduler.services.notification_creation:Created overdue notification for invoice INV-9999 (188 days overdue)
Backend CI	Run tests	2026-03-17T02:41:37.6025280Z INFO:app.scheduler.services.notification_creation:Created overdue notification for invoice INV-9026 (299 days overdue)
Backend CI	Run tests	2026-03-17T02:41:37.6025612Z INFO:app.scheduler.services.notification_creation:Created overdue notification for invoice INV-9831 (120 days overdue)
Backend CI	Run tests	2026-03-17T02:41:37.6025942Z INFO:app.scheduler.services.notification_creation:Created overdue notification for invoice INV-5203 (327 days overdue)
Backend CI	Run tests	2026-03-17T02:41:37.6026345Z INFO:app.scheduler.services.notification_creation:Created overdue notification for invoice INV-2133 (330 days overdue)
Backend CI	Run tests	2026-03-17T02:41:37.6026678Z INFO:app.scheduler.services.notification_creation:Created overdue notification for invoice INV-8480 (172 days overdue)
Backend CI	Run tests	2026-03-17T02:41:37.6027020Z INFO:app.scheduler.services.notification_creation:Created overdue notification for invoice INV-9998 (265 days overdue)
Backend CI	Run tests	2026-03-17T02:41:37.6027350Z INFO:app.scheduler.services.notification_creation:Created overdue notification for invoice INV-2862 (270 days overdue)
Backend CI	Run tests	2026-03-17T02:41:37.6027674Z INFO:app.scheduler.services.notification_creation:Created overdue notification for invoice INV-9254 (9 days overdue)
Backend CI	Run tests	2026-03-17T02:41:37.6028009Z INFO:app.scheduler.services.notification_creation:Created overdue notification for invoice INV-1744 (90 days overdue)
Backend CI	Run tests	2026-03-17T02:41:37.6028339Z INFO:app.scheduler.services.notification_creation:Created overdue notification for invoice INV-4247 (249 days overdue)
Backend CI	Run tests	2026-03-17T02:41:37.6028677Z INFO:app.scheduler.services.notification_creation:Created overdue notification for invoice INV-1923 (106 days overdue)
Backend CI	Run tests	2026-03-17T02:41:37.6029006Z INFO:app.scheduler.services.notification_creation:Created overdue notification for invoice INV-2109 (331 days overdue)
Backend CI	Run tests	2026-03-17T02:41:37.6029437Z INFO:app.scheduler.services.notification_creation:Created overdue notification for invoice INV-2783 (58 days overdue)
Backend CI	Run tests	2026-03-17T02:41:37.6029772Z INFO:app.scheduler.services.notification_creation:Created overdue notification for invoice INV-3993 (159 days overdue)
Backend CI	Run tests	2026-03-17T02:41:37.6030102Z INFO:app.scheduler.services.notification_creation:Created overdue notification for invoice INV-7585 (314 days overdue)
Backend CI	Run tests	2026-03-17T02:41:37.6030432Z INFO:app.scheduler.services.notification_creation:Created overdue notification for invoice INV-9367 (2 days overdue)
Backend CI	Run tests	2026-03-17T02:41:37.6030762Z INFO:app.scheduler.services.notification_creation:Created overdue notification for invoice INV-1000 (207 days overdue)
Backend CI	Run tests	2026-03-17T02:41:37.6031094Z INFO:app.scheduler.services.notification_creation:Created overdue notification for invoice INV-8247 (282 days overdue)
Backend CI	Run tests	2026-03-17T02:41:37.6031426Z INFO:app.scheduler.services.notification_creation:Created overdue notification for invoice INV-4680 (219 days overdue)
Backend CI	Run tests	2026-03-17T02:41:37.6031760Z INFO:app.scheduler.services.notification_creation:Created overdue notification for invoice INV-1984 (365 days overdue)
Backend CI	Run tests	2026-03-17T02:41:37.6032093Z INFO:app.scheduler.services.notification_creation:Created overdue notification for invoice INV-7199 (155 days overdue)
Backend CI	Run tests	2026-03-17T02:41:37.6032480Z INFO:app.scheduler.services.notification_creation:Created overdue notification for invoice INV-2668 (37 days overdue)
Backend CI	Run tests	2026-03-17T02:41:37.6032910Z INFO:app.scheduler.services.notification_creation:Created overdue notification for invoice INV-2576 (316 days overdue)
Backend CI	Run tests	2026-03-17T02:41:37.6033250Z INFO:app.scheduler.services.notification_creation:Created overdue notification for invoice INV-6358 (348 days overdue)
Backend CI	Run tests	2026-03-17T02:41:37.6033585Z INFO:app.scheduler.services.notification_creation:Created overdue notification for invoice INV-5660 (116 days overdue)
Backend CI	Run tests	2026-03-17T02:41:37.6033919Z INFO:app.scheduler.services.notification_creation:Created overdue notification for invoice INV-8991 (241 days overdue)
Backend CI	Run tests	2026-03-17T02:41:37.6034252Z INFO:app.scheduler.services.notification_creation:Created overdue notification for invoice INV-6395 (193 days overdue)
Backend CI	Run tests	2026-03-17T02:41:37.6034578Z INFO:app.scheduler.services.notification_creation:Created overdue notification for invoice INV-9026 (299 days overdue)
Backend CI	Run tests	2026-03-17T02:41:37.6034918Z INFO:app.scheduler.services.notification_creation:Created overdue notification for invoice INV-9831 (120 days overdue)
Backend CI	Run tests	2026-03-17T02:41:37.6035247Z INFO:app.scheduler.services.notification_creation:Created overdue notification for invoice INV-6395 (193 days overdue)
Backend CI	Run tests	2026-03-17T02:41:37.6035610Z INFO:app.scheduler.services.notification_creation:Created overdue notification for invoice INV-3380 (64 days overdue)
Backend CI	Run tests	2026-03-17T02:41:37.6036008Z INFO:app.scheduler.services.notification_creation:Created overdue notification for invoice INV-8457 (304 days overdue)
Backend CI	Run tests	2026-03-17T02:41:37.6036337Z INFO:app.scheduler.services.notification_creation:Created overdue notification for invoice INV-7877 (209 days overdue)
Backend CI	Run tests	2026-03-17T02:41:37.6036677Z INFO:app.scheduler.services.notification_creation:Created overdue notification for invoice INV-4195 (131 days overdue)
Backend CI	Run tests	2026-03-17T02:41:37.6037009Z INFO:app.scheduler.services.notification_creation:Created overdue notification for invoice INV-6127 (291 days overdue)
Backend CI	Run tests	2026-03-17T02:41:37.6037347Z INFO:app.scheduler.services.notification_creation:Created overdue notification for invoice INV-1632 (225 days overdue)
Backend CI	Run tests	2026-03-17T02:41:37.6037677Z INFO:app.scheduler.services.notification_creation:Created overdue notification for invoice INV-4345 (181 days overdue)
Backend CI	Run tests	2026-03-17T02:41:37.6038002Z INFO:app.scheduler.services.notification_creation:Created overdue notification for invoice INV-1071 (34 days overdue)
Backend CI	Run tests	2026-03-17T02:41:37.6038341Z INFO:app.scheduler.services.notification_creation:Created overdue notification for invoice INV-5543 (279 days overdue)
Backend CI	Run tests	2026-03-17T02:41:37.6038673Z INFO:app.scheduler.services.notification_creation:Created overdue notification for invoice INV-8386 (162 days overdue)
Backend CI	Run tests	2026-03-17T02:41:37.6039119Z INFO:app.scheduler.services.notification_creation:Created overdue notification for invoice INV-8079 (142 days overdue)
Backend CI	Run tests	2026-03-17T02:41:37.6039446Z INFO:app.scheduler.services.notification_creation:Created overdue notification for invoice INV-9188 (10 days overdue)
Backend CI	Run tests	2026-03-17T02:41:37.6039782Z INFO:app.scheduler.services.notification_creation:Created overdue notification for invoice INV-1191 (88 days overdue)
Backend CI	Run tests	2026-03-17T02:41:37.6040110Z INFO:app.scheduler.services.notification_creation:Created overdue notification for invoice INV-9536 (98 days overdue)
Backend CI	Run tests	2026-03-17T02:41:37.6040441Z INFO:app.scheduler.services.notification_creation:Created overdue notification for invoice INV-3546 (365 days overdue)
Backend CI	Run tests	2026-03-17T02:41:37.6040776Z INFO:app.scheduler.services.notification_creation:Created overdue notification for invoice INV-6038 (267 days overdue)
Backend CI	Run tests	2026-03-17T02:41:37.6041100Z INFO:app.scheduler.services.notification_creation:Created overdue notification for invoice INV-4996 (78 days overdue)
Backend CI	Run tests	2026-03-17T02:41:37.6041441Z INFO:app.scheduler.services.notification_creation:Created overdue notification for invoice INV-5864 (138 days overdue)
Backend CI	Run tests	2026-03-17T02:41:37.6041770Z INFO:app.scheduler.services.notification_creation:Created overdue notification for invoice INV-1757 (211 days overdue)
Backend CI	Run tests	2026-03-17T02:41:37.6042149Z INFO:app.scheduler.services.notification_creation:Created overdue notification for invoice INV-5282 (7 days overdue)
Backend CI	Run tests	2026-03-17T02:41:37.6042484Z INFO:app.scheduler.services.notification_creation:Created overdue notification for invoice INV-1381 (136 days overdue)
Backend CI	Run tests	2026-03-17T02:41:37.6042935Z INFO:app.scheduler.services.notification_creation:Created overdue notification for invoice INV-9389 (307 days overdue)
Backend CI	Run tests	2026-03-17T02:41:37.6043272Z INFO:app.scheduler.services.notification_creation:Created overdue notification for invoice INV-9324 (11 days overdue)
Backend CI	Run tests	2026-03-17T02:41:37.6043603Z INFO:app.scheduler.services.notification_creation:Created overdue notification for invoice INV-9999 (210 days overdue)
Backend CI	Run tests	2026-03-17T02:41:37.6043933Z INFO:app.scheduler.services.notification_creation:Created overdue notification for invoice INV-1276 (16 days overdue)
Backend CI	Run tests	2026-03-17T02:41:37.6044270Z INFO:app.scheduler.services.notification_creation:Created overdue notification for invoice INV-1677 (260 days overdue)
Backend CI	Run tests	2026-03-17T02:41:37.6044602Z INFO:app.scheduler.services.notification_creation:Created overdue notification for invoice INV-2587 (288 days overdue)
Backend CI	Run tests	2026-03-17T02:41:37.6044939Z INFO:app.scheduler.services.notification_creation:Created overdue notification for invoice INV-4211 (141 days overdue)
Backend CI	Run tests	2026-03-17T02:41:37.6045331Z INFO:app.scheduler.services.notification_creation:Created overdue notification for invoice INV-7261 (35 days overdue)
Backend CI	Run tests	2026-03-17T02:41:37.6045660Z INFO:app.scheduler.services.notification_creation:Created overdue notification for invoice INV-7904 (306 days overdue)
Backend CI	Run tests	2026-03-17T02:41:37.6045992Z INFO:app.scheduler.services.notification_creation:Created overdue notification for invoice INV-1496 (365 days overdue)
Backend CI	Run tests	2026-03-17T02:41:37.6046326Z INFO:app.scheduler.services.notification_creation:Created overdue notification for invoice INV-1258 (194 days overdue)
Backend CI	Run tests	2026-03-17T02:41:37.6046661Z INFO:app.scheduler.services.notification_creation:Created overdue notification for invoice INV-8164 (262 days overdue)
Backend CI	Run tests	2026-03-17T02:41:37.6046987Z INFO:app.scheduler.services.notification_creation:Created overdue notification for invoice INV-3078 (8 days overdue)
Backend CI	Run tests	2026-03-17T02:41:37.6047319Z INFO:app.scheduler.services.notification_creation:Created overdue notification for invoice INV-3948 (240 days overdue)
Backend CI	Run tests	2026-03-17T02:41:37.6047658Z INFO:app.scheduler.services.notification_creation:Created overdue notification for invoice INV-2722 (247 days overdue)
Backend CI	Run tests	2026-03-17T02:41:37.6047983Z INFO:app.scheduler.services.notification_creation:Created overdue notification for invoice INV-7513 (43 days overdue)
Backend CI	Run tests	2026-03-17T02:41:37.6048320Z INFO:app.scheduler.services.notification_creation:Created overdue notification for invoice INV-2266 (251 days overdue)
Backend CI	Run tests	2026-03-17T02:41:37.6048757Z INFO:app.scheduler.services.notification_creation:Created overdue notification for invoice INV-7355 (132 days overdue)
Backend CI	Run tests	2026-03-17T02:41:37.6049087Z INFO:app.scheduler.services.notification_creation:Created overdue notification for invoice INV-9448 (151 days overdue)
Backend CI	Run tests	2026-03-17T02:41:37.6049420Z INFO:app.scheduler.services.notification_creation:Created overdue notification for invoice INV-3916 (74 days overdue)
Backend CI	Run tests	2026-03-17T02:41:37.6049743Z INFO:app.scheduler.services.notification_creation:Created overdue notification for invoice INV-3586 (23 days overdue)
Backend CI	Run tests	2026-03-17T02:41:37.6050080Z INFO:app.scheduler.services.notification_creation:Created overdue notification for invoice INV-9316 (190 days overdue)
Backend CI	Run tests	2026-03-17T02:41:37.6050411Z INFO:app.scheduler.services.notification_creation:Created overdue notification for invoice INV-8693 (356 days overdue)
Backend CI	Run tests	2026-03-17T02:41:37.6050745Z INFO:app.scheduler.services.notification_creation:Created overdue notification for invoice INV-3536 (282 days overdue)
Backend CI	Run tests	2026-03-17T02:41:37.6051080Z INFO:app.scheduler.services.notification_creation:Created overdue notification for invoice INV-5408 (196 days overdue)
Backend CI	Run tests	2026-03-17T02:41:37.6051405Z INFO:app.scheduler.services.notification_creation:Created overdue notification for invoice INV-7864 (37 days overdue)
Backend CI	Run tests	2026-03-17T02:41:37.6051795Z INFO:app.scheduler.services.notification_creation:Created overdue notification for invoice INV-1197 (364 days overdue)
Backend CI	Run tests	2026-03-17T02:41:37.6052121Z INFO:app.scheduler.services.notification_creation:Created overdue notification for invoice INV-6255 (36 days overdue)
Backend CI	Run tests	2026-03-17T02:41:37.6052450Z INFO:app.scheduler.services.notification_creation:Created overdue notification for invoice INV-2502 (99 days overdue)
Backend CI	Run tests	2026-03-17T02:41:37.6052884Z INFO:app.scheduler.services.notification_creation:Created overdue notification for invoice INV-6375 (228 days overdue)
Backend CI	Run tests	2026-03-17T02:41:37.6053219Z INFO:app.scheduler.services.notification_creation:Created overdue notification for invoice INV-9246 (23 days overdue)
Backend CI	Run tests	2026-03-17T02:41:37.6053550Z INFO:app.scheduler.services.notification_creation:Created overdue notification for invoice INV-5878 (54 days overdue)
Backend CI	Run tests	2026-03-17T02:41:37.6053887Z INFO:app.scheduler.services.notification_creation:Created overdue notification for invoice INV-9848 (347 days overdue)
Backend CI	Run tests	2026-03-17T02:41:37.6054218Z INFO:app.scheduler.services.notification_creation:Created overdue notification for invoice INV-1001 (142 days overdue)
Backend CI	Run tests	2026-03-17T02:41:37.6054552Z INFO:app.scheduler.services.notification_creation:Created overdue notification for invoice INV-8605 (264 days overdue)
Backend CI	Run tests	2026-03-17T02:41:37.6054947Z INFO:app.scheduler.services.notification_creation:Created overdue notification for invoice INV-1571 (44 days overdue)
Backend CI	Run tests	2026-03-17T02:41:37.6055282Z INFO:app.scheduler.services.notification_creation:Created overdue notification for invoice INV-8796 (258 days overdue)
Backend CI	Run tests	2026-03-17T02:41:37.6055612Z INFO:app.scheduler.services.notification_creation:Created overdue notification for invoice INV-3833 (35 days overdue)
Backend CI	Run tests	2026-03-17T02:41:37.6055941Z INFO:app.scheduler.services.notification_creation:Created overdue notification for invoice INV-3597 (255 days overdue)
Backend CI	Run tests	2026-03-17T02:41:37.6056273Z INFO:app.scheduler.services.notification_creation:Created overdue notification for invoice INV-7513 (43 days overdue)
Backend CI	Run tests	2026-03-17T02:41:37.6056602Z INFO:app.scheduler.services.notification_creation:Created overdue notification for invoice INV-2266 (251 days overdue)
Backend CI	Run tests	2026-03-17T02:41:37.6056936Z INFO:app.scheduler.services.notification_creation:Created overdue notification for invoice INV-7355 (132 days overdue)
Backend CI	Run tests	2026-03-17T02:41:37.6057269Z INFO:app.scheduler.services.notification_creation:Created overdue notification for invoice INV-1711 (349 days overdue)
Backend CI	Run tests	2026-03-17T02:41:37.6057606Z INFO:app.scheduler.services.notification_creation:Created overdue notification for invoice INV-4981 (290 days overdue)
Backend CI	Run tests	2026-03-17T02:41:37.6058081Z INFO:app.scheduler.services.notification_creation:Created overdue notification for invoice INV-1801 (162 days overdue)
Backend CI	Run tests	2026-03-17T02:41:37.6058415Z INFO:app.scheduler.services.notification_creation:Created overdue notification for invoice INV-7736 (137 days overdue)
Backend CI	Run tests	2026-03-17T02:41:37.6058751Z INFO:app.scheduler.services.notification_creation:Created overdue notification for invoice INV-3994 (328 days overdue)
Backend CI	Run tests	2026-03-17T02:41:37.6059081Z INFO:app.scheduler.services.notification_creation:Created overdue notification for invoice INV-3674 (168 days overdue)
Backend CI	Run tests	2026-03-17T02:41:37.6059412Z INFO:app.scheduler.services.notification_creation:Created overdue notification for invoice INV-6022 (13 days overdue)
Backend CI	Run tests	2026-03-17T02:41:37.6059745Z INFO:app.scheduler.services.notification_creation:Created overdue notification for invoice INV-9564 (184 days overdue)
Backend CI	Run tests	2026-03-17T02:41:37.6060072Z INFO:app.scheduler.services.notification_creation:Created overdue notification for invoice INV-6243 (326 days overdue)
Backend CI	Run tests	2026-03-17T02:41:37.6060407Z INFO:app.scheduler.services.notification_creation:Created overdue notification for invoice INV-9089 (31 days overdue)
Backend CI	Run tests	2026-03-17T02:41:37.6060738Z INFO:app.scheduler.services.notification_creation:Created overdue notification for invoice INV-4099 (183 days overdue)
Backend CI	Run tests	2026-03-17T02:41:37.6061127Z INFO:app.scheduler.services.notification_creation:Created overdue notification for invoice INV-8076 (180 days overdue)
Backend CI	Run tests	2026-03-17T02:41:37.6061456Z INFO:app.scheduler.services.notification_creation:Created overdue notification for invoice INV-3425 (329 days overdue)
Backend CI	Run tests	2026-03-17T02:41:37.6061785Z INFO:app.scheduler.services.notification_creation:Created overdue notification for invoice INV-4462 (298 days overdue)
Backend CI	Run tests	2026-03-17T02:41:37.6062124Z INFO:app.scheduler.services.notification_creation:Created overdue notification for invoice INV-3547 (189 days overdue)
Backend CI	Run tests	2026-03-17T02:41:37.6062453Z INFO:app.scheduler.services.notification_creation:Created overdue notification for invoice INV-8447 (152 days overdue)
Backend CI	Run tests	2026-03-17T02:41:37.6062917Z INFO:app.scheduler.services.notification_creation:Created overdue notification for invoice INV-6491 (212 days overdue)
Backend CI	Run tests	2026-03-17T02:41:37.6063248Z INFO:app.scheduler.services.notification_creation:Created overdue notification for invoice INV-7899 (295 days overdue)
Backend CI	Run tests	2026-03-17T02:41:37.6063579Z INFO:app.scheduler.services.notification_creation:Created overdue notification for invoice INV-9034 (235 days overdue)
Backend CI	Run tests	2026-03-17T02:41:37.6063912Z INFO:app.scheduler.services.notification_creation:Created overdue notification for invoice INV-5338 (278 days overdue)
Backend CI	Run tests	2026-03-17T02:41:37.6064242Z INFO:app.scheduler.services.notification_creation:Created overdue notification for invoice INV-8693 (356 days overdue)
Backend CI	Run tests	2026-03-17T02:41:37.6064638Z INFO:app.scheduler.services.notification_creation:Created overdue notification for invoice INV-5677 (365 days overdue)
Backend CI	Run tests	2026-03-17T02:41:37.6064970Z INFO:app.scheduler.services.notification_creation:Created overdue notification for invoice INV-6082 (331 days overdue)
Backend CI	Run tests	2026-03-17T02:41:37.6065305Z INFO:app.scheduler.services.notification_creation:Created overdue notification for invoice INV-4889 (365 days overdue)
Backend CI	Run tests	2026-03-17T02:41:37.6065637Z INFO:app.scheduler.services.notification_creation:Created overdue notification for invoice INV-5690 (19 days overdue)
Backend CI	Run tests	2026-03-17T02:41:37.6066184Z INFO:app.scheduler.services.notification_creation:Created overdue notification for invoice INV-5203 (327 days overdue)
Backend CI	Run tests	2026-03-17T02:41:37.6066529Z INFO:app.scheduler.services.notification_creation:Created overdue notification for invoice INV-2133 (330 days overdue)
Backend CI	Run tests	2026-03-17T02:41:37.6066860Z INFO:app.scheduler.services.notification_creation:Created overdue notification for invoice INV-8480 (172 days overdue)
Backend CI	Run tests	2026-03-17T02:41:37.6067195Z INFO:app.scheduler.services.notification_creation:Created overdue notification for invoice INV-9998 (265 days overdue)
Backend CI	Run tests	2026-03-17T02:41:37.6067533Z INFO:app.scheduler.services.notification_creation:Created overdue notification for invoice INV-2862 (270 days overdue)
Backend CI	Run tests	2026-03-17T02:41:37.6067997Z INFO:app.scheduler.services.notification_creation:Created overdue notification for invoice INV-3916 (74 days overdue)
Backend CI	Run tests	2026-03-17T02:41:37.6068334Z INFO:app.scheduler.services.notification_creation:Created overdue notification for invoice INV-5400 (330 days overdue)
Backend CI	Run tests	2026-03-17T02:41:37.6068667Z INFO:app.scheduler.services.notification_creation:Created overdue notification for invoice INV-9776 (339 days overdue)
Backend CI	Run tests	2026-03-17T02:41:37.6068996Z INFO:app.scheduler.services.notification_creation:Created overdue notification for invoice INV-3563 (273 days overdue)
Backend CI	Run tests	2026-03-17T02:41:37.6069325Z INFO:app.scheduler.services.notification_creation:Created overdue notification for invoice INV-6332 (89 days overdue)
Backend CI	Run tests	2026-03-17T02:41:37.6069656Z INFO:app.scheduler.services.notification_creation:Created overdue notification for invoice INV-4558 (200 days overdue)
Backend CI	Run tests	2026-03-17T02:41:37.6069986Z INFO:app.scheduler.services.notification_creation:Created overdue notification for invoice INV-7540 (35 days overdue)
Backend CI	Run tests	2026-03-17T02:41:37.6070323Z INFO:app.scheduler.services.notification_creation:Created overdue notification for invoice INV-1914 (118 days overdue)
Backend CI	Run tests	2026-03-17T02:41:37.6070647Z INFO:app.scheduler.services.notification_creation:Created overdue notification for invoice INV-3874 (79 days overdue)
Backend CI	Run tests	2026-03-17T02:41:37.6071031Z INFO:app.scheduler.services.notification_creation:Created overdue notification for invoice INV-5754 (89 days overdue)
Backend CI	Run tests	2026-03-17T02:41:37.6071363Z INFO:app.scheduler.services.notification_creation:Created overdue notification for invoice INV-7922 (201 days overdue)
Backend CI	Run tests	2026-03-17T02:41:37.6071693Z INFO:app.scheduler.services.notification_creation:Created overdue notification for invoice INV-3784 (42 days overdue)
Backend CI	Run tests	2026-03-17T02:41:37.6072022Z INFO:app.scheduler.services.notification_creation:Created overdue notification for invoice INV-2940 (59 days overdue)
Backend CI	Run tests	2026-03-17T02:41:37.6072354Z INFO:app.scheduler.services.notification_creation:Created overdue notification for invoice INV-8447 (152 days overdue)
Backend CI	Run tests	2026-03-17T02:41:37.6072834Z INFO:app.scheduler.services.notification_creation:Created overdue notification for invoice INV-6491 (212 days overdue)
Backend CI	Run tests	2026-03-17T02:41:37.6073172Z INFO:app.scheduler.services.notification_creation:Created overdue notification for invoice INV-7899 (295 days overdue)
Backend CI	Run tests	2026-03-17T02:41:37.6073510Z INFO:app.scheduler.services.notification_creation:Created overdue notification for invoice INV-9034 (235 days overdue)
Backend CI	Run tests	2026-03-17T02:41:37.6073840Z INFO:app.scheduler.services.notification_creation:Created overdue notification for invoice INV-5338 (278 days overdue)
Backend CI	Run tests	2026-03-17T02:41:37.6074165Z INFO:app.scheduler.services.notification_creation:Created overdue notification for invoice INV-7513 (43 days overdue)
Backend CI	Run tests	2026-03-17T02:41:37.6074567Z INFO:app.scheduler.services.notification_creation:Created overdue notification for invoice INV-2266 (251 days overdue)
Backend CI	Run tests	2026-03-17T02:41:37.6074897Z INFO:app.scheduler.services.notification_creation:Created overdue notification for invoice INV-7355 (132 days overdue)
Backend CI	Run tests	2026-03-17T02:41:37.6075237Z INFO:app.scheduler.services.notification_creation:Created overdue notification for invoice INV-8076 (180 days overdue)
Backend CI	Run tests	2026-03-17T02:41:37.6075568Z INFO:app.scheduler.services.notification_creation:Created overdue notification for invoice INV-3425 (329 days overdue)
Backend CI	Run tests	2026-03-17T02:41:37.6075906Z INFO:app.scheduler.services.notification_creation:Created overdue notification for invoice INV-4462 (298 days overdue)
Backend CI	Run tests	2026-03-17T02:41:37.6076238Z INFO:app.scheduler.services.notification_creation:Created overdue notification for invoice INV-3547 (189 days overdue)
Backend CI	Run tests	2026-03-17T02:41:37.6076569Z INFO:app.scheduler.services.notification_creation:Created overdue notification for invoice INV-9832 (337 days overdue)
Backend CI	Run tests	2026-03-17T02:41:37.6076907Z INFO:app.scheduler.services.notification_creation:Created overdue notification for invoice INV-1857 (110 days overdue)
Backend CI	Run tests	2026-03-17T02:41:37.6077233Z INFO:app.scheduler.services.notification_creation:Created overdue notification for invoice INV-6787 (37 days overdue)
Backend CI	Run tests	2026-03-17T02:41:37.6077670Z INFO:app.scheduler.services.notification_creation:Created overdue notification for invoice INV-7690 (71 days overdue)
Backend CI	Run tests	2026-03-17T02:41:37.6078000Z INFO:app.scheduler.services.notification_creation:Created overdue notification for invoice INV-9941 (256 days overdue)
Backend CI	Run tests	2026-03-17T02:41:37.6078326Z INFO:app.scheduler.services.notification_creation:Created overdue notification for invoice INV-7261 (35 days overdue)
Backend CI	Run tests	2026-03-17T02:41:37.6078656Z INFO:app.scheduler.services.notification_creation:Created overdue notification for invoice INV-4036 (69 days overdue)
Backend CI	Run tests	2026-03-17T02:41:37.6078982Z INFO:app.scheduler.services.notification_creation:Created overdue notification for invoice INV-7250 (63 days overdue)
Backend CI	Run tests	2026-03-17T02:41:37.6079317Z INFO:app.scheduler.services.notification_creation:Created overdue notification for invoice INV-2525 (7 days overdue)
Backend CI	Run tests	2026-03-17T02:41:37.6079646Z INFO:app.scheduler.services.notification_creation:Created overdue notification for invoice INV-8437 (153 days overdue)
Backend CI	Run tests	2026-03-17T02:41:37.6079976Z INFO:app.scheduler.services.notification_creation:Created overdue notification for invoice INV-3964 (10 days overdue)
Backend CI	Run tests	2026-03-17T02:41:37.6080311Z INFO:app.scheduler.services.notification_creation:Created overdue notification for invoice INV-3980 (118 days overdue)
Backend CI	Run tests	2026-03-17T02:41:37.6080701Z INFO:app.scheduler.services.notification_creation:Created overdue notification for invoice INV-9536 (98 days overdue)
Backend CI	Run tests	2026-03-17T02:41:37.6081037Z INFO:app.scheduler.services.notification_creation:Created overdue notification for invoice INV-3546 (365 days overdue)
Backend CI	Run tests	2026-03-17T02:41:37.6081369Z INFO:app.scheduler.services.notification_creation:Created overdue notification for invoice INV-6038 (267 days overdue)
Backend CI	Run tests	2026-03-17T02:41:37.6081697Z INFO:app.scheduler.services.notification_creation:Created overdue notification for invoice INV-4996 (78 days overdue)
Backend CI	Run tests	2026-03-17T02:41:37.6082033Z INFO:app.scheduler.services.notification_creation:Created overdue notification for invoice INV-5864 (138 days overdue)
Backend CI	Run tests	2026-03-17T02:41:37.6082362Z INFO:app.scheduler.services.notification_creation:Created overdue notification for invoice INV-2327 (36 days overdue)
Backend CI	Run tests	2026-03-17T02:41:37.6082815Z INFO:app.scheduler.services.notification_creation:Created overdue notification for invoice INV-8032 (119 days overdue)
Backend CI	Run tests	2026-03-17T02:41:37.6083154Z INFO:app.scheduler.services.notification_creation:Created overdue notification for invoice INV-1000 (199 days overdue)
Backend CI	Run tests	2026-03-17T02:41:37.6083485Z INFO:app.scheduler.services.notification_creation:Created overdue notification for invoice INV-5634 (181 days overdue)
Backend CI	Run tests	2026-03-17T02:41:37.6083889Z INFO:app.scheduler.services.notification_creation:Created overdue notification for invoice INV-4275 (147 days overdue)
Backend CI	Run tests	2026-03-17T02:41:37.6084219Z INFO:app.scheduler.services.notification_creation:Created overdue notification for invoice INV-1258 (194 days overdue)
Backend CI	Run tests	2026-03-17T02:41:37.6084554Z INFO:app.scheduler.services.notification_creation:Created overdue notification for invoice INV-8164 (262 days overdue)
Backend CI	Run tests	2026-03-17T02:41:37.6084884Z INFO:app.scheduler.services.notification_creation:Created overdue notification for invoice INV-3078 (8 days overdue)
Backend CI	Run tests	2026-03-17T02:41:37.6085216Z INFO:app.scheduler.services.notification_creation:Created overdue notification for invoice INV-3948 (240 days overdue)
Backend CI	Run tests	2026-03-17T02:41:37.6085552Z INFO:app.scheduler.services.notification_creation:Created overdue notification for invoice INV-2722 (247 days overdue)
Backend CI	Run tests	2026-03-17T02:41:37.6085880Z INFO:app.scheduler.services.notification_creation:Created overdue notification for invoice INV-7904 (306 days overdue)
Backend CI	Run tests	2026-03-17T02:41:37.6086216Z INFO:app.scheduler.services.notification_creation:Created overdue notification for invoice INV-1496 (365 days overdue)
Backend CI	Run tests	2026-03-17T02:41:37.6086546Z INFO:app.scheduler.services.notification_creation:Created overdue notification for invoice INV-6243 (326 days overdue)
Backend CI	Run tests	2026-03-17T02:41:37.6086979Z INFO:app.scheduler.services.notification_creation:Created overdue notification for invoice INV-9089 (31 days overdue)
Backend CI	Run tests	2026-03-17T02:41:37.6087317Z INFO:app.scheduler.services.notification_creation:Created overdue notification for invoice INV-9999 (230 days overdue)
Backend CI	Run tests	2026-03-17T02:41:37.6087640Z INFO:app.scheduler.services.notification_creation:Created overdue notification for invoice INV-1000 (1 days overdue)
Backend CI	Run tests	2026-03-17T02:41:37.6087818Z ------------------------------ Captured log call -------------------------------
Backend CI	Run tests	2026-03-17T02:41:37.6088260Z INFO     app.scheduler.services.notification_creation:notification_creation.py:64 Created overdue notification for invoice INV-1000 (1 days overdue)
Backend CI	Run tests	2026-03-17T02:41:37.6088696Z INFO     app.scheduler.services.notification_creation:notification_creation.py:64 Created overdue notification for invoice INV-8682 (115 days overdue)
Backend CI	Run tests	2026-03-17T02:41:37.6089130Z INFO     app.scheduler.services.notification_creation:notification_creation.py:64 Created overdue notification for invoice INV-1001 (178 days overdue)
Backend CI	Run tests	2026-03-17T02:41:37.6089562Z INFO     app.scheduler.services.notification_creation:notification_creation.py:64 Created overdue notification for invoice INV-9546 (108 days overdue)
Backend CI	Run tests	2026-03-17T02:41:37.6089995Z INFO     app.scheduler.services.notification_creation:notification_creation.py:64 Created overdue notification for invoice INV-6002 (170 days overdue)
Backend CI	Run tests	2026-03-17T02:41:37.6090479Z INFO     app.scheduler.services.notification_creation:notification_creation.py:64 Created overdue notification for invoice INV-9546 (108 days overdue)
Backend CI	Run tests	2026-03-17T02:41:37.6090914Z INFO     app.scheduler.services.notification_creation:notification_creation.py:64 Created overdue notification for invoice INV-6002 (170 days overdue)
Backend CI	Run tests	2026-03-17T02:41:37.6091342Z INFO     app.scheduler.services.notification_creation:notification_creation.py:64 Created overdue notification for invoice INV-9546 (108 days overdue)
Backend CI	Run tests	2026-03-17T02:41:37.6091771Z INFO     app.scheduler.services.notification_creation:notification_creation.py:64 Created overdue notification for invoice INV-2797 (316 days overdue)
Backend CI	Run tests	2026-03-17T02:41:37.6092206Z INFO     app.scheduler.services.notification_creation:notification_creation.py:64 Created overdue notification for invoice INV-9546 (108 days overdue)
Backend CI	Run tests	2026-03-17T02:41:37.6092634Z INFO     app.scheduler.services.notification_creation:notification_creation.py:64 Created overdue notification for invoice INV-2797 (316 days overdue)
Backend CI	Run tests	2026-03-17T02:41:37.6093162Z INFO     app.scheduler.services.notification_creation:notification_creation.py:64 Created overdue notification for invoice INV-9546 (108 days overdue)
Backend CI	Run tests	2026-03-17T02:41:37.6093594Z INFO     app.scheduler.services.notification_creation:notification_creation.py:64 Created overdue notification for invoice INV-2797 (316 days overdue)
Backend CI	Run tests	2026-03-17T02:41:37.6094082Z INFO     app.scheduler.services.notification_creation:notification_creation.py:64 Created overdue notification for invoice INV-9546 (108 days overdue)
Backend CI	Run tests	2026-03-17T02:41:37.6094527Z INFO     app.scheduler.services.notification_creation:notification_creation.py:64 Created overdue notification for invoice INV-2797 (316 days overdue)
Backend CI	Run tests	2026-03-17T02:41:37.6094949Z INFO     app.scheduler.services.notification_creation:notification_creation.py:64 Created overdue notification for invoice INV-1000 (1 days overdue)
Backend CI	Run tests	2026-03-17T02:41:37.6095383Z INFO     app.scheduler.services.notification_creation:notification_creation.py:64 Created overdue notification for invoice INV-1000 (1 days overdue)
Backend CI	Run tests	2026-03-17T02:41:37.6095802Z INFO     app.scheduler.services.notification_creation:notification_creation.py:64 Created overdue notification for invoice INV-1000 (1 days overdue)
Backend CI	Run tests	2026-03-17T02:41:37.6096231Z INFO     app.scheduler.services.notification_creation:notification_creation.py:64 Created overdue notification for invoice INV-1000 (1 days overdue)
Backend CI	Run tests	2026-03-17T02:41:37.6096658Z INFO     app.scheduler.services.notification_creation:notification_creation.py:64 Created overdue notification for invoice INV-9998 (291 days overdue)
Backend CI	Run tests	2026-03-17T02:41:37.6097219Z INFO     app.scheduler.services.notification_creation:notification_creation.py:64 Created overdue notification for invoice INV-7523 (196 days overdue)
Backend CI	Run tests	2026-03-17T02:41:37.6097649Z INFO     app.scheduler.services.notification_creation:notification_creation.py:64 Created overdue notification for invoice INV-1000 (1 days overdue)
Backend CI	Run tests	2026-03-17T02:41:37.6098078Z INFO     app.scheduler.services.notification_creation:notification_creation.py:64 Created overdue notification for invoice INV-5037 (221 days overdue)
Backend CI	Run tests	2026-03-17T02:41:37.6098503Z INFO     app.scheduler.services.notification_creation:notification_creation.py:64 Created overdue notification for invoice INV-1000 (1 days overdue)
Backend CI	Run tests	2026-03-17T02:41:37.6098925Z INFO     app.scheduler.services.notification_creation:notification_creation.py:64 Created overdue notification for invoice INV-1000 (1 days overdue)
Backend CI	Run tests	2026-03-17T02:41:37.6099351Z INFO     app.scheduler.services.notification_creation:notification_creation.py:64 Created overdue notification for invoice INV-4537 (195 days overdue)
Backend CI	Run tests	2026-03-17T02:41:37.6099782Z INFO     app.scheduler.services.notification_creation:notification_creation.py:64 Created overdue notification for invoice INV-1000 (1 days overdue)
Backend CI	Run tests	2026-03-17T02:41:37.6100209Z INFO     app.scheduler.services.notification_creation:notification_creation.py:64 Created overdue notification for invoice INV-4000 (313 days overdue)
Backend CI	Run tests	2026-03-17T02:41:37.6100696Z INFO     app.scheduler.services.notification_creation:notification_creation.py:64 Created overdue notification for invoice INV-9898 (17 days overdue)
Backend CI	Run tests	2026-03-17T02:41:37.6101122Z INFO     app.scheduler.services.notification_creation:notification_creation.py:64 Created overdue notification for invoice INV-3205 (350 days overdue)
Backend CI	Run tests	2026-03-17T02:41:37.6101558Z INFO     app.scheduler.services.notification_creation:notification_creation.py:64 Created overdue notification for invoice INV-6721 (244 days overdue)
Backend CI	Run tests	2026-03-17T02:41:37.6102000Z INFO     app.scheduler.services.notification_creation:notification_creation.py:64 Created overdue notification for invoice INV-4543 (324 days overdue)
Backend CI	Run tests	2026-03-17T02:41:37.6102425Z INFO     app.scheduler.services.notification_creation:notification_creation.py:64 Created overdue notification for invoice INV-1000 (1 days overdue)
Backend CI	Run tests	2026-03-17T02:41:37.6102982Z INFO     app.scheduler.services.notification_creation:notification_creation.py:64 Created overdue notification for invoice INV-1000 (1 days overdue)
Backend CI	Run tests	2026-03-17T02:41:37.6103412Z INFO     app.scheduler.services.notification_creation:notification_creation.py:64 Created overdue notification for invoice INV-5927 (237 days overdue)
Backend CI	Run tests	2026-03-17T02:41:37.6103847Z INFO     app.scheduler.services.notification_creation:notification_creation.py:64 Created overdue notification for invoice INV-6193 (234 days overdue)
Backend CI	Run tests	2026-03-17T02:41:37.6104332Z INFO     app.scheduler.services.notification_creation:notification_creation.py:64 Created overdue notification for invoice INV-1000 (1 days overdue)
Backend CI	Run tests	2026-03-17T02:41:37.6104772Z INFO     app.scheduler.services.notification_creation:notification_creation.py:64 Created overdue notification for invoice INV-9999 (232 days overdue)
Backend CI	Run tests	2026-03-17T02:41:37.6105196Z INFO     app.scheduler.services.notification_creation:notification_creation.py:64 Created overdue notification for invoice INV-1189 (19 days overdue)
Backend CI	Run tests	2026-03-17T02:41:37.6105626Z INFO     app.scheduler.services.notification_creation:notification_creation.py:64 Created overdue notification for invoice INV-1000 (59 days overdue)
Backend CI	Run tests	2026-03-17T02:41:37.6106064Z INFO     app.scheduler.services.notification_creation:notification_creation.py:64 Created overdue notification for invoice INV-8609 (72 days overdue)
Backend CI	Run tests	2026-03-17T02:41:37.6106495Z INFO     app.scheduler.services.notification_creation:notification_creation.py:64 Created overdue notification for invoice INV-8811 (257 days overdue)
Backend CI	Run tests	2026-03-17T02:41:37.6106925Z INFO     app.scheduler.services.notification_creation:notification_creation.py:64 Created overdue notification for invoice INV-1000 (1 days overdue)
Backend CI	Run tests	2026-03-17T02:41:37.6107461Z INFO     app.scheduler.services.notification_creation:notification_creation.py:64 Created overdue notification for invoice INV-5517 (87 days overdue)
Backend CI	Run tests	2026-03-17T02:41:37.6107889Z INFO     app.scheduler.services.notification_creation:notification_creation.py:64 Created overdue notification for invoice INV-3087 (288 days overdue)
Backend CI	Run tests	2026-03-17T02:41:37.6108325Z INFO     app.scheduler.services.notification_creation:notification_creation.py:64 Created overdue notification for invoice INV-5640 (330 days overdue)
Backend CI	Run tests	2026-03-17T02:41:37.6108752Z INFO     app.scheduler.services.notification_creation:notification_creation.py:64 Created overdue notification for invoice INV-5869 (62 days overdue)
Backend CI	Run tests	2026-03-17T02:41:37.6109184Z INFO     app.scheduler.services.notification_creation:notification_creation.py:64 Created overdue notification for invoice INV-9089 (44 days overdue)
Backend CI	Run tests	2026-03-17T02:41:37.6109603Z INFO     app.scheduler.services.notification_creation:notification_creation.py:64 Created overdue notification for invoice INV-1000 (1 days overdue)
Backend CI	Run tests	2026-03-17T02:41:37.6110037Z INFO     app.scheduler.services.notification_creation:notification_creation.py:64 Created overdue notification for invoice INV-6743 (6 days overdue)
Backend CI	Run tests	2026-03-17T02:41:37.6110464Z INFO     app.scheduler.services.notification_creation:notification_creation.py:64 Created overdue notification for invoice INV-2356 (203 days overdue)
Backend CI	Run tests	2026-03-17T02:41:37.6110943Z INFO     app.scheduler.services.notification_creation:notification_creation.py:64 Created overdue notification for invoice INV-1000 (1 days overdue)
Backend CI	Run tests	2026-03-17T02:41:37.6111376Z INFO     app.scheduler.services.notification_creation:notification_creation.py:64 Created overdue notification for invoice INV-1569 (295 days overdue)
Backend CI	Run tests	2026-03-17T02:41:37.6111803Z INFO     app.scheduler.services.notification_creation:notification_creation.py:64 Created overdue notification for invoice INV-1000 (1 days overdue)
Backend CI	Run tests	2026-03-17T02:41:37.6112234Z INFO     app.scheduler.services.notification_creation:notification_creation.py:64 Created overdue notification for invoice INV-1000 (1 days overdue)
Backend CI	Run tests	2026-03-17T02:41:37.6112761Z INFO     app.scheduler.services.notification_creation:notification_creation.py:64 Created overdue notification for invoice INV-8969 (237 days overdue)
Backend CI	Run tests	2026-03-17T02:41:37.6113198Z INFO     app.scheduler.services.notification_creation:notification_creation.py:64 Created overdue notification for invoice INV-1064 (138 days overdue)
Backend CI	Run tests	2026-03-17T02:41:37.6113626Z INFO     app.scheduler.services.notification_creation:notification_creation.py:64 Created overdue notification for invoice INV-1000 (1 days overdue)
Backend CI	Run tests	2026-03-17T02:41:37.6114053Z INFO     app.scheduler.services.notification_creation:notification_creation.py:64 Created overdue notification for invoice INV-4172 (305 days overdue)
Backend CI	Run tests	2026-03-17T02:41:37.6114547Z INFO     app.scheduler.services.notification_creation:notification_creation.py:64 Created overdue notification for invoice INV-9939 (233 days overdue)
Backend CI	Run tests	2026-03-17T02:41:37.6114979Z INFO     app.scheduler.services.notification_creation:notification_creation.py:64 Created overdue notification for invoice INV-6598 (181 days overdue)
Backend CI	Run tests	2026-03-17T02:41:37.6115412Z INFO     app.scheduler.services.notification_creation:notification_creation.py:64 Created overdue notification for invoice INV-1809 (247 days overdue)
Backend CI	Run tests	2026-03-17T02:41:37.6115842Z INFO     app.scheduler.services.notification_creation:notification_creation.py:64 Created overdue notification for invoice INV-8846 (192 days overdue)
Backend CI	Run tests	2026-03-17T02:41:37.6116263Z INFO     app.scheduler.services.notification_creation:notification_creation.py:64 Created overdue notification for invoice INV-1000 (1 days overdue)
Backend CI	Run tests	2026-03-17T02:41:37.6116703Z INFO     app.scheduler.services.notification_creation:notification_creation.py:64 Created overdue notification for invoice INV-3595 (355 days overdue)
Backend CI	Run tests	2026-03-17T02:41:37.6117130Z INFO     app.scheduler.services.notification_creation:notification_creation.py:64 Created overdue notification for invoice INV-8171 (218 days overdue)
Backend CI	Run tests	2026-03-17T02:41:37.6117669Z INFO     app.scheduler.services.notification_creation:notification_creation.py:64 Created overdue notification for invoice INV-2210 (137 days overdue)
Backend CI	Run tests	2026-03-17T02:41:37.6118097Z INFO     app.scheduler.services.notification_creation:notification_creation.py:64 Created overdue notification for invoice INV-5275 (364 days overdue)
Backend CI	Run tests	2026-03-17T02:41:37.6118530Z INFO     app.scheduler.services.notification_creation:notification_creation.py:64 Created overdue notification for invoice INV-1589 (273 days overdue)
Backend CI	Run tests	2026-03-17T02:41:37.6118948Z INFO     app.scheduler.services.notification_creation:notification_creation.py:64 Created overdue notification for invoice INV-1000 (1 days overdue)
Backend CI	Run tests	2026-03-17T02:41:37.6119372Z INFO     app.scheduler.services.notification_creation:notification_creation.py:64 Created overdue notification for invoice INV-8495 (93 days overdue)
Backend CI	Run tests	2026-03-17T02:41:37.6120124Z INFO     app.scheduler.services.notification_creation:notification_creation.py:64 Created overdue notification for invoice INV-7508 (217 days overdue)
Backend CI	Run tests	2026-03-17T02:41:37.6126744Z INFO     app.scheduler.services.notification_creation:notification_creation.py:64 Created overdue notification for invoice INV-5849 (178 days overdue)
Backend CI	Run tests	2026-03-17T02:41:37.6127392Z INFO     app.scheduler.services.notification_creation:notification_creation.py:64 Created overdue notification for invoice INV-1000 (1 days overdue)
Backend CI	Run tests	2026-03-17T02:41:37.6127862Z INFO     app.scheduler.services.notification_creation:notification_creation.py:64 Created overdue notification for invoice INV-2461 (73 days overdue)
Backend CI	Run tests	2026-03-17T02:41:37.6128323Z INFO     app.scheduler.services.notification_creation:notification_creation.py:64 Created overdue notification for invoice INV-3406 (243 days overdue)
Backend CI	Run tests	2026-03-17T02:41:37.6128760Z INFO     app.scheduler.services.notification_creation:notification_creation.py:64 Created overdue notification for invoice INV-1001 (198 days overdue)
Backend CI	Run tests	2026-03-17T02:41:37.6129199Z INFO     app.scheduler.services.notification_creation:notification_creation.py:64 Created overdue notification for invoice INV-1000 (1 days overdue)
Backend CI	Run tests	2026-03-17T02:41:37.6129625Z INFO     app.scheduler.services.notification_creation:notification_creation.py:64 Created overdue notification for invoice INV-1000 (1 days overdue)
Backend CI	Run tests	2026-03-17T02:41:37.6130053Z INFO     app.scheduler.services.notification_creation:notification_creation.py:64 Created overdue notification for invoice INV-1000 (1 days overdue)
Backend CI	Run tests	2026-03-17T02:41:37.6130479Z INFO     app.scheduler.services.notification_creation:notification_creation.py:64 Created overdue notification for invoice INV-1000 (1 days overdue)
Backend CI	Run tests	2026-03-17T02:41:37.6130972Z INFO     app.scheduler.services.notification_creation:notification_creation.py:64 Created overdue notification for invoice INV-1000 (1 days overdue)
Backend CI	Run tests	2026-03-17T02:41:37.6131422Z INFO     app.scheduler.services.notification_creation:notification_creation.py:64 Created overdue notification for invoice INV-7953 (235 days overdue)
Backend CI	Run tests	2026-03-17T02:41:37.6131859Z INFO     app.scheduler.services.notification_creation:notification_creation.py:64 Created overdue notification for invoice INV-5547 (278 days overdue)
Backend CI	Run tests	2026-03-17T02:41:37.6132296Z INFO     app.scheduler.services.notification_creation:notification_creation.py:64 Created overdue notification for invoice INV-2847 (360 days overdue)
Backend CI	Run tests	2026-03-17T02:41:37.6132882Z INFO     app.scheduler.services.notification_creation:notification_creation.py:64 Created overdue notification for invoice INV-3648 (104 days overdue)
Backend CI	Run tests	2026-03-17T02:41:37.6133317Z INFO     app.scheduler.services.notification_creation:notification_creation.py:64 Created overdue notification for invoice INV-1000 (1 days overdue)
Backend CI	Run tests	2026-03-17T02:41:37.6133759Z INFO     app.scheduler.services.notification_creation:notification_creation.py:64 Created overdue notification for invoice INV-6823 (290 days overdue)
Backend CI	Run tests	2026-03-17T02:41:37.6134183Z INFO     app.scheduler.services.notification_creation:notification_creation.py:64 Created overdue notification for invoice INV-5730 (194 days overdue)
Backend CI	Run tests	2026-03-17T02:41:37.6134778Z INFO     app.scheduler.services.notification_creation:notification_creation.py:64 Created overdue notification for invoice INV-1000 (1 days overdue)
Backend CI	Run tests	2026-03-17T02:41:37.6135203Z INFO     app.scheduler.services.notification_creation:notification_creation.py:64 Created overdue notification for invoice INV-1000 (1 days overdue)
Backend CI	Run tests	2026-03-17T02:41:37.6135683Z INFO     app.scheduler.services.notification_creation:notification_creation.py:64 Created overdue notification for invoice INV-9758 (213 days overdue)
Backend CI	Run tests	2026-03-17T02:41:37.6136111Z INFO     app.scheduler.services.notification_creation:notification_creation.py:64 Created overdue notification for invoice INV-8597 (82 days overdue)
Backend CI	Run tests	2026-03-17T02:41:37.6136534Z INFO     app.scheduler.services.notification_creation:notification_creation.py:64 Created overdue notification for invoice INV-1000 (1 days overdue)
Backend CI	Run tests	2026-03-17T02:41:37.6136970Z INFO     app.scheduler.services.notification_creation:notification_creation.py:64 Created overdue notification for invoice INV-3342 (346 days overdue)
Backend CI	Run tests	2026-03-17T02:41:37.6137402Z INFO     app.scheduler.services.notification_creation:notification_creation.py:64 Created overdue notification for invoice INV-1000 (1 days overdue)
Backend CI	Run tests	2026-03-17T02:41:37.6137891Z INFO     app.scheduler.services.notification_creation:notification_creation.py:64 Created overdue notification for invoice INV-1000 (1 days overdue)
Backend CI	Run tests	2026-03-17T02:41:37.6138318Z INFO     app.scheduler.services.notification_creation:notification_creation.py:64 Created overdue notification for invoice INV-3834 (196 days overdue)
Backend CI	Run tests	2026-03-17T02:41:37.6138750Z INFO     app.scheduler.services.notification_creation:notification_creation.py:64 Created overdue notification for invoice INV-3079 (252 days overdue)
Backend CI	Run tests	2026-03-17T02:41:37.6139185Z INFO     app.scheduler.services.notification_creation:notification_creation.py:64 Created overdue notification for invoice INV-1055 (186 days overdue)
Backend CI	Run tests	2026-03-17T02:41:37.6139612Z INFO     app.scheduler.services.notification_creation:notification_creation.py:64 Created overdue notification for invoice INV-8526 (57 days overdue)
Backend CI	Run tests	2026-03-17T02:41:37.6140039Z INFO     app.scheduler.services.notification_creation:notification_creation.py:64 Created overdue notification for invoice INV-1000 (1 days overdue)
Backend CI	Run tests	2026-03-17T02:41:37.6140471Z INFO     app.scheduler.services.notification_creation:notification_creation.py:64 Created overdue notification for invoice INV-2692 (276 days overdue)
Backend CI	Run tests	2026-03-17T02:41:37.6140900Z INFO     app.scheduler.services.notification_creation:notification_creation.py:64 Created overdue notification for invoice INV-9999 (2 days overdue)
Backend CI	Run tests	2026-03-17T02:41:37.6141375Z INFO     app.scheduler.services.notification_creation:notification_creation.py:64 Created overdue notification for invoice INV-1000 (80 days overdue)
Backend CI	Run tests	2026-03-17T02:41:37.6141798Z INFO     app.scheduler.services.notification_creation:notification_creation.py:64 Created overdue notification for invoice INV-1000 (1 days overdue)
Backend CI	Run tests	2026-03-17T02:41:37.6142228Z INFO     app.scheduler.services.notification_creation:notification_creation.py:64 Created overdue notification for invoice INV-1000 (1 days overdue)
Backend CI	Run tests	2026-03-17T02:41:37.6142796Z INFO     app.scheduler.services.notification_creation:notification_creation.py:64 Created overdue notification for invoice INV-6055 (125 days overdue)
Backend CI	Run tests	2026-03-17T02:41:37.6143244Z INFO     app.scheduler.services.notification_creation:notification_creation.py:64 Created overdue notification for invoice INV-7839 (12 days overdue)
Backend CI	Run tests	2026-03-17T02:41:37.6143671Z INFO     app.scheduler.services.notification_creation:notification_creation.py:64 Created overdue notification for invoice INV-1000 (1 days overdue)
Backend CI	Run tests	2026-03-17T02:41:37.6144109Z INFO     app.scheduler.services.notification_creation:notification_creation.py:64 Created overdue notification for invoice INV-3612 (201 days overdue)
Backend CI	Run tests	2026-03-17T02:41:37.6144532Z INFO     app.scheduler.services.notification_creation:notification_creation.py:64 Created overdue notification for invoice INV-3487 (75 days overdue)
Backend CI	Run tests	2026-03-17T02:41:37.6145070Z INFO     app.scheduler.services.notification_creation:notification_creation.py:64 Created overdue notification for invoice INV-1000 (1 days overdue)
Backend CI	Run tests	2026-03-17T02:41:37.6145507Z INFO     app.scheduler.services.notification_creation:notification_creation.py:64 Created overdue notification for invoice INV-5698 (314 days overdue)
Backend CI	Run tests	2026-03-17T02:41:37.6145929Z INFO     app.scheduler.services.notification_creation:notification_creation.py:64 Created overdue notification for invoice INV-1000 (1 days overdue)
Backend CI	Run tests	2026-03-17T02:41:37.6146361Z INFO     app.scheduler.services.notification_creation:notification_creation.py:64 Created overdue notification for invoice INV-9696 (336 days overdue)
Backend CI	Run tests	2026-03-17T02:41:37.6146800Z INFO     app.scheduler.services.notification_creation:notification_creation.py:64 Created overdue notification for invoice INV-7407 (100 days overdue)
Backend CI	Run tests	2026-03-17T02:41:37.6147229Z INFO     app.scheduler.services.notification_creation:notification_creation.py:64 Created overdue notification for invoice INV-8560 (11 days overdue)
Backend CI	Run tests	2026-03-17T02:41:37.6147656Z INFO     app.scheduler.services.notification_creation:notification_creation.py:64 Created overdue notification for invoice INV-1000 (1 days overdue)
Backend CI	Run tests	2026-03-17T02:41:37.6148137Z INFO     app.scheduler.services.notification_creation:notification_creation.py:64 Created overdue notification for invoice INV-6193 (112 days overdue)
Backend CI	Run tests	2026-03-17T02:41:37.6148571Z INFO     app.scheduler.services.notification_creation:notification_creation.py:64 Created overdue notification for invoice INV-9634 (249 days overdue)
Backend CI	Run tests	2026-03-17T02:41:37.6148993Z INFO     app.scheduler.services.notification_creation:notification_creation.py:64 Created overdue notification for invoice INV-1000 (1 days overdue)
Backend CI	Run tests	2026-03-17T02:41:37.6149427Z INFO     app.scheduler.services.notification_creation:notification_creation.py:64 Created overdue notification for invoice INV-8136 (334 days overdue)
Backend CI	Run tests	2026-03-17T02:41:37.6149851Z INFO     app.scheduler.services.notification_creation:notification_creation.py:64 Created overdue notification for invoice INV-1000 (1 days overdue)
Backend CI	Run tests	2026-03-17T02:41:37.6150272Z INFO     app.scheduler.services.notification_creation:notification_creation.py:64 Created overdue notification for invoice INV-1000 (1 days overdue)
Backend CI	Run tests	2026-03-17T02:41:37.6150707Z INFO     app.scheduler.services.notification_creation:notification_creation.py:64 Created overdue notification for invoice INV-1000 (1 days overdue)
Backend CI	Run tests	2026-03-17T02:41:37.6151127Z INFO     app.scheduler.services.notification_creation:notification_creation.py:64 Created overdue notification for invoice INV-3577 (73 days overdue)
Backend CI	Run tests	2026-03-17T02:41:37.6151611Z INFO     app.scheduler.services.notification_creation:notification_creation.py:64 Created overdue notification for invoice INV-7147 (193 days overdue)
Backend CI	Run tests	2026-03-17T02:41:37.6152040Z INFO     app.scheduler.services.notification_creation:notification_creation.py:64 Created overdue notification for invoice INV-6296 (324 days overdue)
Backend CI	Run tests	2026-03-17T02:41:37.6152472Z INFO     app.scheduler.services.notification_creation:notification_creation.py:64 Created overdue notification for invoice INV-1000 (1 days overdue)
Backend CI	Run tests	2026-03-17T02:41:37.6153047Z INFO     app.scheduler.services.notification_creation:notification_creation.py:64 Created overdue notification for invoice INV-2193 (296 days overdue)
Backend CI	Run tests	2026-03-17T02:41:37.6153480Z INFO     app.scheduler.services.notification_creation:notification_creation.py:64 Created overdue notification for invoice INV-4176 (58 days overdue)
Backend CI	Run tests	2026-03-17T02:41:37.6153911Z INFO     app.scheduler.services.notification_creation:notification_creation.py:64 Created overdue notification for invoice INV-3005 (350 days overdue)
Backend CI	Run tests	2026-03-17T02:41:37.6154339Z INFO     app.scheduler.services.notification_creation:notification_creation.py:64 Created overdue notification for invoice INV-4850 (145 days overdue)
Backend CI	Run tests	2026-03-17T02:41:37.6154764Z INFO     app.scheduler.services.notification_creation:notification_creation.py:64 Created overdue notification for invoice INV-1000 (1 days overdue)
Backend CI	Run tests	2026-03-17T02:41:37.6155299Z INFO     app.scheduler.services.notification_creation:notification_creation.py:64 Created overdue notification for invoice INV-1000 (1 days overdue)
Backend CI	Run tests	2026-03-17T02:41:37.6155725Z INFO     app.scheduler.services.notification_creation:notification_creation.py:64 Created overdue notification for invoice INV-1181 (94 days overdue)
Backend CI	Run tests	2026-03-17T02:41:37.6156152Z INFO     app.scheduler.services.notification_creation:notification_creation.py:64 Created overdue notification for invoice INV-5303 (2 days overdue)
Backend CI	Run tests	2026-03-17T02:41:37.6156577Z INFO     app.scheduler.services.notification_creation:notification_creation.py:64 Created overdue notification for invoice INV-6786 (240 days overdue)
Backend CI	Run tests	2026-03-17T02:41:37.6157004Z INFO     app.scheduler.services.notification_creation:notification_creation.py:64 Created overdue notification for invoice INV-1000 (1 days overdue)
Backend CI	Run tests	2026-03-17T02:41:37.6157436Z INFO     app.scheduler.services.notification_creation:notification_creation.py:64 Created overdue notification for invoice INV-8663 (185 days overdue)
Backend CI	Run tests	2026-03-17T02:41:37.6157869Z INFO     app.scheduler.services.notification_creation:notification_creation.py:64 Created overdue notification for invoice INV-7171 (49 days overdue)
Backend CI	Run tests	2026-03-17T02:41:37.6158349Z INFO     app.scheduler.services.notification_creation:notification_creation.py:64 Created overdue notification for invoice INV-2456 (227 days overdue)
Backend CI	Run tests	2026-03-17T02:41:37.6158776Z INFO     app.scheduler.services.notification_creation:notification_creation.py:64 Created overdue notification for invoice INV-1929 (175 days overdue)
Backend CI	Run tests	2026-03-17T02:41:37.6159213Z INFO     app.scheduler.services.notification_creation:notification_creation.py:64 Created overdue notification for invoice INV-4561 (313 days overdue)
Backend CI	Run tests	2026-03-17T02:41:37.6159633Z INFO     app.scheduler.services.notification_creation:notification_creation.py:64 Created overdue notification for invoice INV-1000 (1 days overdue)
Backend CI	Run tests	2026-03-17T02:41:37.6160070Z INFO     app.scheduler.services.notification_creation:notification_creation.py:64 Created overdue notification for invoice INV-9014 (222 days overdue)
Backend CI	Run tests	2026-03-17T02:41:37.6160503Z INFO     app.scheduler.services.notification_creation:notification_creation.py:64 Created overdue notification for invoice INV-7366 (274 days overdue)
Backend CI	Run tests	2026-03-17T02:41:37.6160926Z INFO     app.scheduler.services.notification_creation:notification_creation.py:64 Created overdue notification for invoice INV-7728 (39 days overdue)
Backend CI	Run tests	2026-03-17T02:41:37.6161355Z INFO     app.scheduler.services.notification_creation:notification_creation.py:64 Created overdue notification for invoice INV-1000 (1 days overdue)
Backend CI	Run tests	2026-03-17T02:41:37.6161838Z INFO     app.scheduler.services.notification_creation:notification_creation.py:64 Created overdue notification for invoice INV-1865 (260 days overdue)
Backend CI	Run tests	2026-03-17T02:41:37.6162267Z INFO     app.scheduler.services.notification_creation:notification_creation.py:64 Created overdue notification for invoice INV-1000 (1 days overdue)
Backend CI	Run tests	2026-03-17T02:41:37.6162795Z INFO     app.scheduler.services.notification_creation:notification_creation.py:64 Created overdue notification for invoice INV-1000 (1 days overdue)
Backend CI	Run tests	2026-03-17T02:41:37.6163238Z INFO     app.scheduler.services.notification_creation:notification_creation.py:64 Created overdue notification for invoice INV-3736 (224 days overdue)
Backend CI	Run tests	2026-03-17T02:41:37.6163663Z INFO     app.scheduler.services.notification_creation:notification_creation.py:64 Created overdue notification for invoice INV-6148 (355 days overdue)
Backend CI	Run tests	2026-03-17T02:41:37.6164086Z INFO     app.scheduler.services.notification_creation:notification_creation.py:64 Created overdue notification for invoice INV-2321 (80 days overdue)
Backend CI	Run tests	2026-03-17T02:41:37.6164526Z INFO     app.scheduler.services.notification_creation:notification_creation.py:64 Created overdue notification for invoice INV-9902 (362 days overdue)
Backend CI	Run tests	2026-03-17T02:41:37.6165064Z INFO     app.scheduler.services.notification_creation:notification_creation.py:64 Created overdue notification for invoice INV-8067 (231 days overdue)
Backend CI	Run tests	2026-03-17T02:41:37.6165491Z INFO     app.scheduler.services.notification_creation:notification_creation.py:64 Created overdue notification for invoice INV-1000 (1 days overdue)
Backend CI	Run tests	2026-03-17T02:41:37.6165921Z INFO     app.scheduler.services.notification_creation:notification_creation.py:64 Created overdue notification for invoice INV-5240 (136 days overdue)
Backend CI	Run tests	2026-03-17T02:41:37.6166349Z INFO     app.scheduler.services.notification_creation:notification_creation.py:64 Created overdue notification for invoice INV-2894 (340 days overdue)
Backend CI	Run tests	2026-03-17T02:41:37.6166776Z INFO     app.scheduler.services.notification_creation:notification_creation.py:64 Created overdue notification for invoice INV-1000 (1 days overdue)
Backend CI	Run tests	2026-03-17T02:41:37.6167196Z INFO     app.scheduler.services.notification_creation:notification_creation.py:64 Created overdue notification for invoice INV-1000 (1 days overdue)
Backend CI	Run tests	2026-03-17T02:41:37.6167633Z INFO     app.scheduler.services.notification_creation:notification_creation.py:64 Created overdue notification for invoice INV-8761 (356 days overdue)
Backend CI	Run tests	2026-03-17T02:41:37.6168059Z INFO     app.scheduler.services.notification_creation:notification_creation.py:64 Created overdue notification for invoice INV-7016 (121 days overdue)
Backend CI	Run tests	2026-03-17T02:41:37.6168547Z INFO     app.scheduler.services.notification_creation:notification_creation.py:64 Created overdue notification for invoice INV-1000 (143 days overdue)
Backend CI	Run tests	2026-03-17T02:41:37.6168970Z INFO     app.scheduler.services.notification_creation:notification_creation.py:64 Created overdue notification for invoice INV-6197 (44 days overdue)
Backend CI	Run tests	2026-03-17T02:41:37.6169401Z INFO     app.scheduler.services.notification_creation:notification_creation.py:64 Created overdue notification for invoice INV-1000 (198 days overdue)
Backend CI	Run tests	2026-03-17T02:41:37.6169827Z INFO     app.scheduler.services.notification_creation:notification_creation.py:64 Created overdue notification for invoice INV-1000 (1 days overdue)
Backend CI	Run tests	2026-03-17T02:41:37.6170252Z INFO     app.scheduler.services.notification_creation:notification_creation.py:64 Created overdue notification for invoice INV-1000 (1 days overdue)
Backend CI	Run tests	2026-03-17T02:41:37.6170691Z INFO     app.scheduler.services.notification_creation:notification_creation.py:64 Created overdue notification for invoice INV-3420 (337 days overdue)
Backend CI	Run tests	2026-03-17T02:41:37.6171114Z INFO     app.scheduler.services.notification_creation:notification_creation.py:64 Created overdue notification for invoice INV-1000 (1 days overdue)
Backend CI	Run tests	2026-03-17T02:41:37.6171535Z INFO     app.scheduler.services.notification_creation:notification_creation.py:64 Created overdue notification for invoice INV-1000 (1 days overdue)
Backend CI	Run tests	2026-03-17T02:41:37.6172026Z INFO     app.scheduler.services.notification_creation:notification_creation.py:64 Created overdue notification for invoice INV-9424 (194 days overdue)
Backend CI	Run tests	2026-03-17T02:41:37.6172449Z INFO     app.scheduler.services.notification_creation:notification_creation.py:64 Created overdue notification for invoice INV-2233 (63 days overdue)
Backend CI	Run tests	2026-03-17T02:41:37.6173060Z INFO     app.scheduler.services.notification_creation:notification_creation.py:64 Created overdue notification for invoice INV-2886 (189 days overdue)
Backend CI	Run tests	2026-03-17T02:41:37.6173496Z INFO     app.scheduler.services.notification_creation:notification_creation.py:64 Created overdue notification for invoice INV-9896 (364 days overdue)
Backend CI	Run tests	2026-03-17T02:41:37.6173928Z INFO     app.scheduler.services.notification_creation:notification_creation.py:64 Created overdue notification for invoice INV-7780 (36 days overdue)
Backend CI	Run tests	2026-03-17T02:41:37.6174349Z INFO     app.scheduler.services.notification_creation:notification_creation.py:64 Created overdue notification for invoice INV-1000 (1 days overdue)
Backend CI	Run tests	2026-03-17T02:41:37.6174779Z INFO     app.scheduler.services.notification_creation:notification_creation.py:64 Created overdue notification for invoice INV-7655 (283 days overdue)
Backend CI	Run tests	2026-03-17T02:41:37.6175324Z INFO     app.scheduler.services.notification_creation:notification_creation.py:64 Created overdue notification for invoice INV-4309 (31 days overdue)
Backend CI	Run tests	2026-03-17T02:41:37.6175746Z INFO     app.scheduler.services.notification_creation:notification_creation.py:64 Created overdue notification for invoice INV-1883 (70 days overdue)
Backend CI	Run tests	2026-03-17T02:41:37.6176176Z INFO     app.scheduler.services.notification_creation:notification_creation.py:64 Created overdue notification for invoice INV-1000 (1 days overdue)
Backend CI	Run tests	2026-03-17T02:41:37.6176604Z INFO     app.scheduler.services.notification_creation:notification_creation.py:64 Created overdue notification for invoice INV-5399 (141 days overdue)
Backend CI	Run tests	2026-03-17T02:41:37.6177031Z INFO     app.scheduler.services.notification_creation:notification_creation.py:64 Created overdue notification for invoice INV-2519 (69 days overdue)
Backend CI	Run tests	2026-03-17T02:41:37.6177450Z INFO     app.scheduler.services.notification_creation:notification_creation.py:64 Created overdue notification for invoice INV-1000 (1 days overdue)
Backend CI	Run tests	2026-03-17T02:41:37.6177881Z INFO     app.scheduler.services.notification_creation:notification_creation.py:64 Created overdue notification for invoice INV-1216 (102 days overdue)
Backend CI	Run tests	2026-03-17T02:41:37.6178307Z INFO     app.scheduler.services.notification_creation:notification_creation.py:64 Created overdue notification for invoice INV-1000 (1 days overdue)
Backend CI	Run tests	2026-03-17T02:41:37.6178783Z INFO     app.scheduler.services.notification_creation:notification_creation.py:64 Created overdue notification for invoice INV-1000 (1 days overdue)
Backend CI	Run tests	2026-03-17T02:41:37.6179216Z INFO     app.scheduler.services.notification_creation:notification_creation.py:64 Created overdue notification for invoice INV-8708 (294 days overdue)
Backend CI	Run tests	2026-03-17T02:41:37.6179646Z INFO     app.scheduler.services.notification_creation:notification_creation.py:64 Created overdue notification for invoice INV-2105 (245 days overdue)
Backend CI	Run tests	2026-03-17T02:41:37.6180073Z INFO     app.scheduler.services.notification_creation:notification_creation.py:64 Created overdue notification for invoice INV-6783 (173 days overdue)
Backend CI	Run tests	2026-03-17T02:41:37.6180510Z INFO     app.scheduler.services.notification_creation:notification_creation.py:64 Created overdue notification for invoice INV-2994 (165 days overdue)
Backend CI	Run tests	2026-03-17T02:41:37.6180934Z INFO     app.scheduler.services.notification_creation:notification_creation.py:64 Created overdue notification for invoice INV-1000 (1 days overdue)
Backend CI	Run tests	2026-03-17T02:41:37.6181371Z INFO     app.scheduler.services.notification_creation:notification_creation.py:64 Created overdue notification for invoice INV-5143 (364 days overdue)
Backend CI	Run tests	2026-03-17T02:41:37.6181795Z INFO     app.scheduler.services.notification_creation:notification_creation.py:64 Created overdue notification for invoice INV-1000 (1 days overdue)
Backend CI	Run tests	2026-03-17T02:41:37.6182283Z INFO     app.scheduler.services.notification_creation:notification_creation.py:64 Created overdue notification for invoice INV-4828 (164 days overdue)
Backend CI	Run tests	2026-03-17T02:41:37.6182838Z INFO     app.scheduler.services.notification_creation:notification_creation.py:64 Created overdue notification for invoice INV-6117 (288 days overdue)
Backend CI	Run tests	2026-03-17T02:41:37.6183262Z INFO     app.scheduler.services.notification_creation:notification_creation.py:64 Created overdue notification for invoice INV-7598 (9 days overdue)
Backend CI	Run tests	2026-03-17T02:41:37.6183693Z INFO     app.scheduler.services.notification_creation:notification_creation.py:64 Created overdue notification for invoice INV-1391 (94 days overdue)
Backend CI	Run tests	2026-03-17T02:41:37.6184119Z INFO     app.scheduler.services.notification_creation:notification_creation.py:64 Created overdue notification for invoice INV-4926 (359 days overdue)
Backend CI	Run tests	2026-03-17T02:41:37.6184548Z INFO     app.scheduler.services.notification_creation:notification_creation.py:64 Created overdue notification for invoice INV-1000 (1 days overdue)
Backend CI	Run tests	2026-03-17T02:41:37.6184969Z INFO     app.scheduler.services.notification_creation:notification_creation.py:64 Created overdue notification for invoice INV-1000 (1 days overdue)
Backend CI	Run tests	2026-03-17T02:41:37.6185515Z INFO     app.scheduler.services.notification_creation:notification_creation.py:64 Created overdue notification for invoice INV-1000 (1 days overdue)
Backend CI	Run tests	2026-03-17T02:41:37.6185954Z INFO     app.scheduler.services.notification_creation:notification_creation.py:64 Created overdue notification for invoice INV-5992 (221 days overdue)
Backend CI	Run tests	2026-03-17T02:41:37.6186383Z INFO     app.scheduler.services.notification_creation:notification_creation.py:64 Created overdue notification for invoice INV-6901 (232 days overdue)
Backend CI	Run tests	2026-03-17T02:41:37.6186815Z INFO     app.scheduler.services.notification_creation:notification_creation.py:64 Created overdue notification for invoice INV-2457 (215 days overdue)
Backend CI	Run tests	2026-03-17T02:41:37.6187242Z INFO     app.scheduler.services.notification_creation:notification_creation.py:64 Created overdue notification for invoice INV-7752 (163 days overdue)
Backend CI	Run tests	2026-03-17T02:41:37.6187674Z INFO     app.scheduler.services.notification_creation:notification_creation.py:64 Created overdue notification for invoice INV-8987 (106 days overdue)
Backend CI	Run tests	2026-03-17T02:41:37.6188097Z INFO     app.scheduler.services.notification_creation:notification_creation.py:64 Created overdue notification for invoice INV-1000 (1 days overdue)
Backend CI	Run tests	2026-03-17T02:41:37.6188521Z INFO     app.scheduler.services.notification_creation:notification_creation.py:64 Created overdue notification for invoice INV-2937 (199 days overdue)
Backend CI	Run tests	2026-03-17T02:41:37.6189004Z INFO     app.scheduler.services.notification_creation:notification_creation.py:64 Created overdue notification for invoice INV-1992 (94 days overdue)
Backend CI	Run tests	2026-03-17T02:41:37.6189432Z INFO     app.scheduler.services.notification_creation:notification_creation.py:64 Created overdue notification for invoice INV-1000 (365 days overdue)
Backend CI	Run tests	2026-03-17T02:41:37.6189866Z INFO     app.scheduler.services.notification_creation:notification_creation.py:64 Created overdue notification for invoice INV-5853 (185 days overdue)
Backend CI	Run tests	2026-03-17T02:41:37.6190289Z INFO     app.scheduler.services.notification_creation:notification_creation.py:64 Created overdue notification for invoice INV-1000 (1 days overdue)
Backend CI	Run tests	2026-03-17T02:41:37.6190724Z INFO     app.scheduler.services.notification_creation:notification_creation.py:64 Created overdue notification for invoice INV-8400 (195 days overdue)
Backend CI	Run tests	2026-03-17T02:41:37.6191147Z INFO     app.scheduler.services.notification_creation:notification_creation.py:64 Created overdue notification for invoice INV-6830 (97 days overdue)
Backend CI	Run tests	2026-03-17T02:41:37.6191573Z INFO     app.scheduler.services.notification_creation:notification_creation.py:64 Created overdue notification for invoice INV-2325 (147 days overdue)
Backend CI	Run tests	2026-03-17T02:41:37.6192005Z INFO     app.scheduler.services.notification_creation:notification_creation.py:64 Created overdue notification for invoice INV-7518 (334 days overdue)
Backend CI	Run tests	2026-03-17T02:41:37.6192483Z INFO     app.scheduler.services.notification_creation:notification_creation.py:64 Created overdue notification for invoice INV-9119 (23 days overdue)
Backend CI	Run tests	2026-03-17T02:41:37.6193015Z INFO     app.scheduler.services.notification_creation:notification_creation.py:64 Created overdue notification for invoice INV-1000 (1 days overdue)
Backend CI	Run tests	2026-03-17T02:41:37.6193445Z INFO     app.scheduler.services.notification_creation:notification_creation.py:64 Created overdue notification for invoice INV-1001 (232 days overdue)
Backend CI	Run tests	2026-03-17T02:41:37.6193867Z INFO     app.scheduler.services.notification_creation:notification_creation.py:64 Created overdue notification for invoice INV-1000 (1 days overdue)
Backend CI	Run tests	2026-03-17T02:41:37.6194296Z INFO     app.scheduler.services.notification_creation:notification_creation.py:64 Created overdue notification for invoice INV-8149 (33 days overdue)
Backend CI	Run tests	2026-03-17T02:41:37.6194722Z INFO     app.scheduler.services.notification_creation:notification_creation.py:64 Created overdue notification for invoice INV-1000 (1 days overdue)
Backend CI	Run tests	2026-03-17T02:41:37.6195153Z INFO     app.scheduler.services.notification_creation:notification_creation.py:64 Created overdue notification for invoice INV-8318 (288 days overdue)
Backend CI	Run tests	2026-03-17T02:41:37.6195684Z INFO     app.scheduler.services.notification_creation:notification_creation.py:64 Created overdue notification for invoice INV-1000 (1 days overdue)
Backend CI	Run tests	2026-03-17T02:41:37.6196113Z INFO     app.scheduler.services.notification_creation:notification_creation.py:64 Created overdue notification for invoice INV-7575 (69 days overdue)
Backend CI	Run tests	2026-03-17T02:41:37.6196540Z INFO     app.scheduler.services.notification_creation:notification_creation.py:64 Created overdue notification for invoice INV-3810 (216 days overdue)
Backend CI	Run tests	2026-03-17T02:41:37.6196967Z INFO     app.scheduler.services.notification_creation:notification_creation.py:64 Created overdue notification for invoice INV-9633 (239 days overdue)
Backend CI	Run tests	2026-03-17T02:41:37.6197393Z INFO     app.scheduler.services.notification_creation:notification_creation.py:64 Created overdue notification for invoice INV-3963 (2 days overdue)
Backend CI	Run tests	2026-03-17T02:41:37.6197815Z INFO     app.scheduler.services.notification_creation:notification_creation.py:64 Created overdue notification for invoice INV-8276 (34 days overdue)
Backend CI	Run tests	2026-03-17T02:41:37.6198244Z INFO     app.scheduler.services.notification_creation:notification_creation.py:64 Created overdue notification for invoice INV-1000 (1 days overdue)
Backend CI	Run tests	2026-03-17T02:41:37.6198722Z INFO     app.scheduler.services.notification_creation:notification_creation.py:64 Created overdue notification for invoice INV-1000 (1 days overdue)
Backend CI	Run tests	2026-03-17T02:41:37.6199142Z INFO     app.scheduler.services.notification_creation:notification_creation.py:64 Created overdue notification for invoice INV-1000 (1 days overdue)
Backend CI	Run tests	2026-03-17T02:41:37.6199572Z INFO     app.scheduler.services.notification_creation:notification_creation.py:64 Created overdue notification for invoice INV-1000 (1 days overdue)
Backend CI	Run tests	2026-03-17T02:41:37.6199999Z INFO     app.scheduler.services.notification_creation:notification_creation.py:64 Created overdue notification for invoice INV-8744 (59 days overdue)
Backend CI	Run tests	2026-03-17T02:41:37.6200437Z INFO     app.scheduler.services.notification_creation:notification_creation.py:64 Created overdue notification for invoice INV-1914 (163 days overdue)
Backend CI	Run tests	2026-03-17T02:41:37.6200858Z INFO     app.scheduler.services.notification_creation:notification_creation.py:64 Created overdue notification for invoice INV-1000 (1 days overdue)
Backend CI	Run tests	2026-03-17T02:41:37.6201284Z INFO     app.scheduler.services.notification_creation:notification_creation.py:64 Created overdue notification for invoice INV-8804 (5 days overdue)
Backend CI	Run tests	2026-03-17T02:41:37.6201701Z INFO     app.scheduler.services.notification_creation:notification_creation.py:64 Created overdue notification for invoice INV-1000 (1 days overdue)
Backend CI	Run tests	2026-03-17T02:41:37.6202180Z INFO     app.scheduler.services.notification_creation:notification_creation.py:64 Created overdue notification for invoice INV-1000 (1 days overdue)
Backend CI	Run tests	2026-03-17T02:41:37.6202613Z INFO     app.scheduler.services.notification_creation:notification_creation.py:64 Created overdue notification for invoice INV-6652 (301 days overdue)
Backend CI	Run tests	2026-03-17T02:41:37.6203143Z INFO     app.scheduler.services.notification_creation:notification_creation.py:64 Created overdue notification for invoice INV-3475 (136 days overdue)
Backend CI	Run tests	2026-03-17T02:41:37.6203576Z INFO     app.scheduler.services.notification_creation:notification_creation.py:64 Created overdue notification for invoice INV-2443 (342 days overdue)
Backend CI	Run tests	2026-03-17T02:41:37.6204005Z INFO     app.scheduler.services.notification_creation:notification_creation.py:64 Created overdue notification for invoice INV-1252 (290 days overdue)
Backend CI	Run tests	2026-03-17T02:41:37.6204437Z INFO     app.scheduler.services.notification_creation:notification_creation.py:64 Created overdue notification for invoice INV-4338 (328 days overdue)
Backend CI	Run tests	2026-03-17T02:41:37.6204867Z INFO     app.scheduler.services.notification_creation:notification_creation.py:64 Created overdue notification for invoice INV-1000 (1 days overdue)
Backend CI	Run tests	2026-03-17T02:41:37.6205294Z INFO     app.scheduler.services.notification_creation:notification_creation.py:64 Created overdue notification for invoice INV-5911 (337 days overdue)
Backend CI	Run tests	2026-03-17T02:41:37.6205860Z INFO     app.scheduler.services.notification_creation:notification_creation.py:64 Created overdue notification for invoice INV-1000 (1 days overdue)
Backend CI	Run tests	2026-03-17T02:41:37.6206295Z INFO     app.scheduler.services.notification_creation:notification_creation.py:64 Created overdue notification for invoice INV-1000 (234 days overdue)
Backend CI	Run tests	2026-03-17T02:41:37.6206740Z INFO     app.scheduler.services.notification_creation:notification_creation.py:64 Created overdue notification for invoice INV-4685 (129 days overdue)
Backend CI	Run tests	2026-03-17T02:41:37.6207161Z INFO     app.scheduler.services.notification_creation:notification_creation.py:64 Created overdue notification for invoice INV-6311 (96 days overdue)
Backend CI	Run tests	2026-03-17T02:41:37.6207589Z INFO     app.scheduler.services.notification_creation:notification_creation.py:64 Created overdue notification for invoice INV-2966 (138 days overdue)
Backend CI	Run tests	2026-03-17T02:41:37.6208023Z INFO     app.scheduler.services.notification_creation:notification_creation.py:64 Created overdue notification for invoice INV-7237 (245 days overdue)
Backend CI	Run tests	2026-03-17T02:41:37.6208452Z INFO     app.scheduler.services.notification_creation:notification_creation.py:64 Created overdue notification for invoice INV-1000 (1 days overdue)
Backend CI	Run tests	2026-03-17T02:41:37.6208949Z INFO     app.scheduler.services.notification_creation:notification_creation.py:64 Created overdue notification for invoice INV-5656 (342 days overdue)
Backend CI	Run tests	2026-03-17T02:41:37.6209379Z INFO     app.scheduler.services.notification_creation:notification_creation.py:64 Created overdue notification for invoice INV-9999 (31 days overdue)
Backend CI	Run tests	2026-03-17T02:41:37.6209805Z INFO     app.scheduler.services.notification_creation:notification_creation.py:64 Created overdue notification for invoice INV-3237 (1 days overdue)
Backend CI	Run tests	2026-03-17T02:41:37.6210228Z INFO     app.scheduler.services.notification_creation:notification_creation.py:64 Created overdue notification for invoice INV-1000 (1 days overdue)
Backend CI	Run tests	2026-03-17T02:41:37.6210650Z INFO     app.scheduler.services.notification_creation:notification_creation.py:64 Created overdue notification for invoice INV-1000 (1 days overdue)
Backend CI	Run tests	2026-03-17T02:41:37.6211085Z INFO     app.scheduler.services.notification_creation:notification_creation.py:64 Created overdue notification for invoice INV-7151 (217 days overdue)
Backend CI	Run tests	2026-03-17T02:41:37.6211514Z INFO     app.scheduler.services.notification_creation:notification_creation.py:64 Created overdue notification for invoice INV-7506 (165 days overdue)
Backend CI	Run tests	2026-03-17T02:41:37.6211940Z INFO     app.scheduler.services.notification_creation:notification_creation.py:64 Created overdue notification for invoice INV-1000 (1 days overdue)
Backend CI	Run tests	2026-03-17T02:41:37.6212420Z INFO     app.scheduler.services.notification_creation:notification_creation.py:64 Created overdue notification for invoice INV-4308 (200 days overdue)
Backend CI	Run tests	2026-03-17T02:41:37.6212967Z INFO     app.scheduler.services.notification_creation:notification_creation.py:64 Created overdue notification for invoice INV-8578 (285 days overdue)
Backend CI	Run tests	2026-03-17T02:41:37.6213405Z INFO     app.scheduler.services.notification_creation:notification_creation.py:64 Created overdue notification for invoice INV-1000 (1 days overdue)
Backend CI	Run tests	2026-03-17T02:41:37.6213827Z INFO     app.scheduler.services.notification_creation:notification_creation.py:64 Created overdue notification for invoice INV-1000 (1 days overdue)
Backend CI	Run tests	2026-03-17T02:41:37.6214261Z INFO     app.scheduler.services.notification_creation:notification_creation.py:64 Created overdue notification for invoice INV-9999 (329 days overdue)
Backend CI	Run tests	2026-03-17T02:41:37.6214689Z INFO     app.scheduler.services.notification_creation:notification_creation.py:64 Created overdue notification for invoice INV-9034 (197 days overdue)
Backend CI	Run tests	2026-03-17T02:41:37.6215116Z INFO     app.scheduler.services.notification_creation:notification_creation.py:64 Created overdue notification for invoice INV-1000 (1 days overdue)
Backend CI	Run tests	2026-03-17T02:41:37.6215534Z INFO     app.scheduler.services.notification_creation:notification_creation.py:64 Created overdue notification for invoice INV-1000 (1 days overdue)
Backend CI	Run tests	2026-03-17T02:41:37.6216111Z INFO     app.scheduler.services.notification_creation:notification_creation.py:64 Created overdue notification for invoice INV-8591 (97 days overdue)
Backend CI	Run tests	2026-03-17T02:41:37.6216546Z INFO     app.scheduler.services.notification_creation:notification_creation.py:64 Created overdue notification for invoice INV-3869 (130 days overdue)
Backend CI	Run tests	2026-03-17T02:41:37.6216976Z INFO     app.scheduler.services.notification_creation:notification_creation.py:64 Created overdue notification for invoice INV-6359 (239 days overdue)
Backend CI	Run tests	2026-03-17T02:41:37.6217409Z INFO     app.scheduler.services.notification_creation:notification_creation.py:64 Created overdue notification for invoice INV-8182 (284 days overdue)
Backend CI	Run tests	2026-03-17T02:41:37.6217838Z INFO     app.scheduler.services.notification_creation:notification_creation.py:64 Created overdue notification for invoice INV-2085 (179 days overdue)
Backend CI	Run tests	2026-03-17T02:41:37.6218266Z INFO     app.scheduler.services.notification_creation:notification_creation.py:64 Created overdue notification for invoice INV-1000 (1 days overdue)
Backend CI	Run tests	2026-03-17T02:41:37.6218697Z INFO     app.scheduler.services.notification_creation:notification_creation.py:64 Created overdue notification for invoice INV-4337 (127 days overdue)
Backend CI	Run tests	2026-03-17T02:41:37.6219171Z INFO     app.scheduler.services.notification_creation:notification_creation.py:64 Created overdue notification for invoice INV-1000 (1 days overdue)
Backend CI	Run tests	2026-03-17T02:41:37.6219606Z INFO     app.scheduler.services.notification_creation:notification_creation.py:64 Created overdue notification for invoice INV-9629 (181 days overdue)
Backend CI	Run tests	2026-03-17T02:41:37.6220028Z INFO     app.scheduler.services.notification_creation:notification_creation.py:64 Created overdue notification for invoice INV-1000 (1 days overdue)
Backend CI	Run tests	2026-03-17T02:41:37.6220460Z INFO     app.scheduler.services.notification_creation:notification_creation.py:64 Created overdue notification for invoice INV-3960 (273 days overdue)
Backend CI	Run tests	2026-03-17T02:41:37.6220892Z INFO     app.scheduler.services.notification_creation:notification_creation.py:64 Created overdue notification for invoice INV-4117 (293 days overdue)
Backend CI	Run tests	2026-03-17T02:41:37.6221325Z INFO     app.scheduler.services.notification_creation:notification_creation.py:64 Created overdue notification for invoice INV-5839 (258 days overdue)
Backend CI	Run tests	2026-03-17T02:41:37.6221749Z INFO     app.scheduler.services.notification_creation:notification_creation.py:64 Created overdue notification for invoice INV-1000 (1 days overdue)
Backend CI	Run tests	2026-03-17T02:41:37.6222183Z INFO     app.scheduler.services.notification_creation:notification_creation.py:64 Created overdue notification for invoice INV-9076 (341 days overdue)
Backend CI	Run tests	2026-03-17T02:41:37.6222780Z INFO     app.scheduler.services.notification_creation:notification_creation.py:64 Created overdue notification for invoice INV-6707 (180 days overdue)
Backend CI	Run tests	2026-03-17T02:41:37.6223207Z INFO     app.scheduler.services.notification_creation:notification_creation.py:64 Created overdue notification for invoice INV-2778 (15 days overdue)
Backend CI	Run tests	2026-03-17T02:41:37.6223647Z INFO     app.scheduler.services.notification_creation:notification_creation.py:64 Created overdue notification for invoice INV-8753 (301 days overdue)
Backend CI	Run tests	2026-03-17T02:41:37.6224078Z INFO     app.scheduler.services.notification_creation:notification_creation.py:64 Created overdue notification for invoice INV-6491 (249 days overdue)
Backend CI	Run tests	2026-03-17T02:41:37.6224505Z INFO     app.scheduler.services.notification_creation:notification_creation.py:64 Created overdue notification for invoice INV-1000 (1 days overdue)
Backend CI	Run tests	2026-03-17T02:41:37.6224927Z INFO     app.scheduler.services.notification_creation:notification_creation.py:64 Created overdue notification for invoice INV-9788 (7 days overdue)
Backend CI	Run tests	2026-03-17T02:41:37.6225354Z INFO     app.scheduler.services.notification_creation:notification_creation.py:64 Created overdue notification for invoice INV-3590 (213 days overdue)
Backend CI	Run tests	2026-03-17T02:41:37.6225785Z INFO     app.scheduler.services.notification_creation:notification_creation.py:64 Created overdue notification for invoice INV-9227 (232 days overdue)
Backend CI	Run tests	2026-03-17T02:41:37.6226342Z INFO     app.scheduler.services.notification_creation:notification_creation.py:64 Created overdue notification for invoice INV-4664 (27 days overdue)
Backend CI	Run tests	2026-03-17T02:41:37.6226771Z INFO     app.scheduler.services.notification_creation:notification_creation.py:64 Created overdue notification for invoice INV-1000 (1 days overdue)
Backend CI	Run tests	2026-03-17T02:41:37.6227193Z INFO     app.scheduler.services.notification_creation:notification_creation.py:64 Created overdue notification for invoice INV-5161 (26 days overdue)
Backend CI	Run tests	2026-03-17T02:41:37.6227620Z INFO     app.scheduler.services.notification_creation:notification_creation.py:64 Created overdue notification for invoice INV-7089 (30 days overdue)
Backend CI	Run tests	2026-03-17T02:41:37.6228044Z INFO     app.scheduler.services.notification_creation:notification_creation.py:64 Created overdue notification for invoice INV-2717 (63 days overdue)
Backend CI	Run tests	2026-03-17T02:41:37.6228475Z INFO     app.scheduler.services.notification_creation:notification_creation.py:64 Created overdue notification for invoice INV-3625 (278 days overdue)
Backend CI	Run tests	2026-03-17T02:41:37.6228905Z INFO     app.scheduler.services.notification_creation:notification_creation.py:64 Created overdue notification for invoice INV-4572 (112 days overdue)
Backend CI	Run tests	2026-03-17T02:41:37.6229382Z INFO     app.scheduler.services.notification_creation:notification_creation.py:64 Created overdue notification for invoice INV-1000 (1 days overdue)
Backend CI	Run tests	2026-03-17T02:41:37.6229811Z INFO     app.scheduler.services.notification_creation:notification_creation.py:64 Created overdue notification for invoice INV-2831 (284 days overdue)
Backend CI	Run tests	2026-03-17T02:41:37.6230234Z INFO     app.scheduler.services.notification_creation:notification_creation.py:64 Created overdue notification for invoice INV-1000 (1 days overdue)
Backend CI	Run tests	2026-03-17T02:41:37.6230661Z INFO     app.scheduler.services.notification_creation:notification_creation.py:64 Created overdue notification for invoice INV-8814 (303 days overdue)
Backend CI	Run tests	2026-03-17T02:41:37.6231092Z INFO     app.scheduler.services.notification_creation:notification_creation.py:64 Created overdue notification for invoice INV-1196 (17 days overdue)
Backend CI	Run tests	2026-03-17T02:41:37.6231513Z INFO     app.scheduler.services.notification_creation:notification_creation.py:64 Created overdue notification for invoice INV-7057 (59 days overdue)
Backend CI	Run tests	2026-03-17T02:41:37.6231946Z INFO     app.scheduler.services.notification_creation:notification_creation.py:64 Created overdue notification for invoice INV-7108 (101 days overdue)
Backend CI	Run tests	2026-03-17T02:41:37.6232366Z INFO     app.scheduler.services.notification_creation:notification_creation.py:64 Created overdue notification for invoice INV-7458 (69 days overdue)
Backend CI	Run tests	2026-03-17T02:41:37.6232968Z INFO     app.scheduler.services.notification_creation:notification_creation.py:64 Created overdue notification for invoice INV-1000 (1 days overdue)
Backend CI	Run tests	2026-03-17T02:41:37.6233391Z INFO     app.scheduler.services.notification_creation:notification_creation.py:64 Created overdue notification for invoice INV-1000 (1 days overdue)
Backend CI	Run tests	2026-03-17T02:41:37.6233824Z INFO     app.scheduler.services.notification_creation:notification_creation.py:64 Created overdue notification for invoice INV-7259 (191 days overdue)
Backend CI	Run tests	2026-03-17T02:41:37.6234250Z INFO     app.scheduler.services.notification_creation:notification_creation.py:64 Created overdue notification for invoice INV-1000 (1 days overdue)
Backend CI	Run tests	2026-03-17T02:41:37.6234678Z INFO     app.scheduler.services.notification_creation:notification_creation.py:64 Created overdue notification for invoice INV-8274 (136 days overdue)
Backend CI	Run tests	2026-03-17T02:41:37.6235102Z INFO     app.scheduler.services.notification_creation:notification_creation.py:64 Created overdue notification for invoice INV-4423 (1 days overdue)
Backend CI	Run tests	2026-03-17T02:41:37.6235558Z INFO     app.scheduler.services.notification_creation:notification_creation.py:64 Created overdue notification for invoice INV-9473 (168 days overdue)
Backend CI	Run tests	2026-03-17T02:41:37.6236106Z INFO     app.scheduler.services.notification_creation:notification_creation.py:64 Created overdue notification for invoice INV-7069 (110 days overdue)
Backend CI	Run tests	2026-03-17T02:41:37.6236531Z INFO     app.scheduler.services.notification_creation:notification_creation.py:64 Created overdue notification for invoice INV-1552 (38 days overdue)
Backend CI	Run tests	2026-03-17T02:41:37.6236956Z INFO     app.scheduler.services.notification_creation:notification_creation.py:64 Created overdue notification for invoice INV-1000 (1 days overdue)
Backend CI	Run tests	2026-03-17T02:41:37.6237387Z INFO     app.scheduler.services.notification_creation:notification_creation.py:64 Created overdue notification for invoice INV-8958 (250 days overdue)
Backend CI	Run tests	2026-03-17T02:41:37.6237809Z INFO     app.scheduler.services.notification_creation:notification_creation.py:64 Created overdue notification for invoice INV-1000 (1 days overdue)
Backend CI	Run tests	2026-03-17T02:41:37.6238236Z INFO     app.scheduler.services.notification_creation:notification_creation.py:64 Created overdue notification for invoice INV-5523 (62 days overdue)
Backend CI	Run tests	2026-03-17T02:41:37.6238667Z INFO     app.scheduler.services.notification_creation:notification_creation.py:64 Created overdue notification for invoice INV-4128 (307 days overdue)
Backend CI	Run tests	2026-03-17T02:41:37.6239093Z INFO     app.scheduler.services.notification_creation:notification_creation.py:64 Created overdue notification for invoice INV-1133 (151 days overdue)
Backend CI	Run tests	2026-03-17T02:41:37.6239578Z INFO     app.scheduler.services.notification_creation:notification_creation.py:64 Created overdue notification for invoice INV-9623 (249 days overdue)
Backend CI	Run tests	2026-03-17T02:41:37.6239998Z INFO     app.scheduler.services.notification_creation:notification_creation.py:64 Created overdue notification for invoice INV-1000 (1 days overdue)
Backend CI	Run tests	2026-03-17T02:41:37.6240432Z INFO     app.scheduler.services.notification_creation:notification_creation.py:64 Created overdue notification for invoice INV-3563 (273 days overdue)
Backend CI	Run tests	2026-03-17T02:41:37.6240862Z INFO     app.scheduler.services.notification_creation:notification_creation.py:64 Created overdue notification for invoice INV-6332 (89 days overdue)
Backend CI	Run tests	2026-03-17T02:41:37.6241296Z INFO     app.scheduler.services.notification_creation:notification_creation.py:64 Created overdue notification for invoice INV-4558 (200 days overdue)
Backend CI	Run tests	2026-03-17T02:41:37.6241719Z INFO     app.scheduler.services.notification_creation:notification_creation.py:64 Created overdue notification for invoice INV-7540 (35 days overdue)
Backend CI	Run tests	2026-03-17T02:41:37.6242146Z INFO     app.scheduler.services.notification_creation:notification_creation.py:64 Created overdue notification for invoice INV-1914 (118 days overdue)
Backend CI	Run tests	2026-03-17T02:41:37.6242574Z INFO     app.scheduler.services.notification_creation:notification_creation.py:64 Created overdue notification for invoice INV-7261 (35 days overdue)
Backend CI	Run tests	2026-03-17T02:41:37.6243150Z INFO     app.scheduler.services.notification_creation:notification_creation.py:64 Created overdue notification for invoice INV-1632 (225 days overdue)
Backend CI	Run tests	2026-03-17T02:41:37.6243585Z INFO     app.scheduler.services.notification_creation:notification_creation.py:64 Created overdue notification for invoice INV-4345 (181 days overdue)
Backend CI	Run tests	2026-03-17T02:41:37.6244020Z INFO     app.scheduler.services.notification_creation:notification_creation.py:64 Created overdue notification for invoice INV-9492 (275 days overdue)
Backend CI	Run tests	2026-03-17T02:41:37.6244446Z INFO     app.scheduler.services.notification_creation:notification_creation.py:64 Created overdue notification for invoice INV-2851 (72 days overdue)
Backend CI	Run tests	2026-03-17T02:41:37.6244879Z INFO     app.scheduler.services.notification_creation:notification_creation.py:64 Created overdue notification for invoice INV-1226 (115 days overdue)
Backend CI	Run tests	2026-03-17T02:41:37.6245304Z INFO     app.scheduler.services.notification_creation:notification_creation.py:64 Created overdue notification for invoice INV-3646 (101 days overdue)
Backend CI	Run tests	2026-03-17T02:41:37.6245735Z INFO     app.scheduler.services.notification_creation:notification_creation.py:64 Created overdue notification for invoice INV-4036 (69 days overdue)
Backend CI	Run tests	2026-03-17T02:41:37.6246272Z INFO     app.scheduler.services.notification_creation:notification_creation.py:64 Created overdue notification for invoice INV-7250 (63 days overdue)
Backend CI	Run tests	2026-03-17T02:41:37.6246698Z INFO     app.scheduler.services.notification_creation:notification_creation.py:64 Created overdue notification for invoice INV-2525 (7 days overdue)
Backend CI	Run tests	2026-03-17T02:41:37.6247125Z INFO     app.scheduler.services.notification_creation:notification_creation.py:64 Created overdue notification for invoice INV-8437 (153 days overdue)
Backend CI	Run tests	2026-03-17T02:41:37.6247551Z INFO     app.scheduler.services.notification_creation:notification_creation.py:64 Created overdue notification for invoice INV-3964 (10 days overdue)
Backend CI	Run tests	2026-03-17T02:41:37.6247979Z INFO     app.scheduler.services.notification_creation:notification_creation.py:64 Created overdue notification for invoice INV-9324 (11 days overdue)
Backend CI	Run tests	2026-03-17T02:41:37.6248406Z INFO     app.scheduler.services.notification_creation:notification_creation.py:64 Created overdue notification for invoice INV-9999 (210 days overdue)
Backend CI	Run tests	2026-03-17T02:41:37.6248838Z INFO     app.scheduler.services.notification_creation:notification_creation.py:64 Created overdue notification for invoice INV-1276 (16 days overdue)
Backend CI	Run tests	2026-03-17T02:41:37.6249264Z INFO     app.scheduler.services.notification_creation:notification_creation.py:64 Created overdue notification for invoice INV-1677 (260 days overdue)
Backend CI	Run tests	2026-03-17T02:41:37.6249751Z INFO     app.scheduler.services.notification_creation:notification_creation.py:64 Created overdue notification for invoice INV-2587 (288 days overdue)
Backend CI	Run tests	﻿2026-03-17T02:41:37.6252483Z INFO     app.scheduler.services.notification_creation:notification_creation.py:64 Created overdue notification for invoice INV-4443 (282 days overdue)
Backend CI	Run tests	2026-03-17T02:41:37.6253233Z INFO     app.scheduler.services.notification_creation:notification_creation.py:64 Created overdue notification for invoice INV-6207 (125 days overdue)
Backend CI	Run tests	2026-03-17T02:41:37.6253685Z INFO     app.scheduler.services.notification_creation:notification_creation.py:64 Created overdue notification for invoice INV-5224 (241 days overdue)
Backend CI	Run tests	2026-03-17T02:41:37.6254121Z INFO     app.scheduler.services.notification_creation:notification_creation.py:64 Created overdue notification for invoice INV-3330 (120 days overdue)
Backend CI	Run tests	2026-03-17T02:41:37.6254552Z INFO     app.scheduler.services.notification_creation:notification_creation.py:64 Created overdue notification for invoice INV-8326 (281 days overdue)
Backend CI	Run tests	2026-03-17T02:41:37.6254984Z INFO     app.scheduler.services.notification_creation:notification_creation.py:64 Created overdue notification for invoice INV-4060 (68 days overdue)
Backend CI	Run tests	2026-03-17T02:41:37.6255446Z INFO     app.scheduler.services.notification_creation:notification_creation.py:64 Created overdue notification for invoice INV-3762 (254 days overdue)
Backend CI	Run tests	2026-03-17T02:41:37.6255984Z INFO     app.scheduler.services.notification_creation:notification_creation.py:64 Created overdue notification for invoice INV-5444 (139 days overdue)
Backend CI	Run tests	2026-03-17T02:41:37.6256413Z INFO     app.scheduler.services.notification_creation:notification_creation.py:64 Created overdue notification for invoice INV-5877 (286 days overdue)
Backend CI	Run tests	2026-03-17T02:41:37.6256835Z INFO     app.scheduler.services.notification_creation:notification_creation.py:64 Created overdue notification for invoice INV-9000 (73 days overdue)
Backend CI	Run tests	2026-03-17T02:41:37.6257268Z INFO     app.scheduler.services.notification_creation:notification_creation.py:64 Created overdue notification for invoice INV-9026 (299 days overdue)
Backend CI	Run tests	2026-03-17T02:41:37.6257726Z INFO     app.scheduler.services.notification_creation:notification_creation.py:64 Created overdue notification for invoice INV-9831 (120 days overdue)
Backend CI	Run tests	2026-03-17T02:41:37.6258160Z INFO     app.scheduler.services.notification_creation:notification_creation.py:64 Created overdue notification for invoice INV-1571 (44 days overdue)
Backend CI	Run tests	2026-03-17T02:41:37.6258585Z INFO     app.scheduler.services.notification_creation:notification_creation.py:64 Created overdue notification for invoice INV-8796 (258 days overdue)
Backend CI	Run tests	2026-03-17T02:41:37.6259075Z INFO     app.scheduler.services.notification_creation:notification_creation.py:64 Created overdue notification for invoice INV-3833 (35 days overdue)
Backend CI	Run tests	2026-03-17T02:41:37.6259510Z INFO     app.scheduler.services.notification_creation:notification_creation.py:64 Created overdue notification for invoice INV-3597 (255 days overdue)
Backend CI	Run tests	2026-03-17T02:41:37.6259937Z INFO     app.scheduler.services.notification_creation:notification_creation.py:64 Created overdue notification for invoice INV-9057 (106 days overdue)
Backend CI	Run tests	2026-03-17T02:41:37.6260370Z INFO     app.scheduler.services.notification_creation:notification_creation.py:64 Created overdue notification for invoice INV-3034 (148 days overdue)
Backend CI	Run tests	2026-03-17T02:41:37.6260800Z INFO     app.scheduler.services.notification_creation:notification_creation.py:64 Created overdue notification for invoice INV-6918 (336 days overdue)
Backend CI	Run tests	2026-03-17T02:41:37.6261229Z INFO     app.scheduler.services.notification_creation:notification_creation.py:64 Created overdue notification for invoice INV-1782 (34 days overdue)
Backend CI	Run tests	2026-03-17T02:41:37.6261668Z INFO     app.scheduler.services.notification_creation:notification_creation.py:64 Created overdue notification for invoice INV-2327 (36 days overdue)
Backend CI	Run tests	2026-03-17T02:41:37.6262095Z INFO     app.scheduler.services.notification_creation:notification_creation.py:64 Created overdue notification for invoice INV-8032 (119 days overdue)
Backend CI	Run tests	2026-03-17T02:41:37.6262586Z INFO     app.scheduler.services.notification_creation:notification_creation.py:64 Created overdue notification for invoice INV-1000 (199 days overdue)
Backend CI	Run tests	2026-03-17T02:41:37.6263379Z INFO     app.scheduler.services.notification_creation:notification_creation.py:64 Created overdue notification for invoice INV-5634 (181 days overdue)
Backend CI	Run tests	2026-03-17T02:41:37.6263831Z INFO     app.scheduler.services.notification_creation:notification_creation.py:64 Created overdue notification for invoice INV-4275 (147 days overdue)
Backend CI	Run tests	2026-03-17T02:41:37.6264262Z INFO     app.scheduler.services.notification_creation:notification_creation.py:64 Created overdue notification for invoice INV-9254 (9 days overdue)
Backend CI	Run tests	2026-03-17T02:41:37.6264694Z INFO     app.scheduler.services.notification_creation:notification_creation.py:64 Created overdue notification for invoice INV-1744 (90 days overdue)
Backend CI	Run tests	2026-03-17T02:41:37.6265124Z INFO     app.scheduler.services.notification_creation:notification_creation.py:64 Created overdue notification for invoice INV-4247 (249 days overdue)
Backend CI	Run tests	2026-03-17T02:41:37.6265548Z INFO     app.scheduler.services.notification_creation:notification_creation.py:64 Created overdue notification for invoice INV-1923 (106 days overdue)
Backend CI	Run tests	2026-03-17T02:41:37.6266055Z INFO     app.scheduler.services.notification_creation:notification_creation.py:64 Created overdue notification for invoice INV-1071 (34 days overdue)
Backend CI	Run tests	2026-03-17T02:41:37.6266482Z INFO     app.scheduler.services.notification_creation:notification_creation.py:64 Created overdue notification for invoice INV-5677 (365 days overdue)
Backend CI	Run tests	2026-03-17T02:41:37.6266914Z INFO     app.scheduler.services.notification_creation:notification_creation.py:64 Created overdue notification for invoice INV-3586 (23 days overdue)
Backend CI	Run tests	2026-03-17T02:41:37.6267341Z INFO     app.scheduler.services.notification_creation:notification_creation.py:64 Created overdue notification for invoice INV-9316 (190 days overdue)
Backend CI	Run tests	2026-03-17T02:41:37.6267766Z INFO     app.scheduler.services.notification_creation:notification_creation.py:64 Created overdue notification for invoice INV-7473 (348 days overdue)
Backend CI	Run tests	2026-03-17T02:41:37.6268194Z INFO     app.scheduler.services.notification_creation:notification_creation.py:64 Created overdue notification for invoice INV-3806 (87 days overdue)
Backend CI	Run tests	2026-03-17T02:41:37.6268626Z INFO     app.scheduler.services.notification_creation:notification_creation.py:64 Created overdue notification for invoice INV-9342 (189 days overdue)
Backend CI	Run tests	2026-03-17T02:41:37.6269051Z INFO     app.scheduler.services.notification_creation:notification_creation.py:64 Created overdue notification for invoice INV-2668 (37 days overdue)
Backend CI	Run tests	2026-03-17T02:41:37.6269537Z INFO     app.scheduler.services.notification_creation:notification_creation.py:64 Created overdue notification for invoice INV-2576 (316 days overdue)
Backend CI	Run tests	2026-03-17T02:41:37.6269969Z INFO     app.scheduler.services.notification_creation:notification_creation.py:64 Created overdue notification for invoice INV-1757 (211 days overdue)
Backend CI	Run tests	2026-03-17T02:41:37.6270391Z INFO     app.scheduler.services.notification_creation:notification_creation.py:64 Created overdue notification for invoice INV-5282 (7 days overdue)
Backend CI	Run tests	2026-03-17T02:41:37.6270839Z INFO     app.scheduler.services.notification_creation:notification_creation.py:64 Created overdue notification for invoice INV-1381 (136 days overdue)
Backend CI	Run tests	2026-03-17T02:41:37.6271265Z INFO     app.scheduler.services.notification_creation:notification_creation.py:64 Created overdue notification for invoice INV-9389 (307 days overdue)
Backend CI	Run tests	2026-03-17T02:41:37.6271693Z INFO     app.scheduler.services.notification_creation:notification_creation.py:64 Created overdue notification for invoice INV-8203 (212 days overdue)
Backend CI	Run tests	2026-03-17T02:41:37.6272126Z INFO     app.scheduler.services.notification_creation:notification_creation.py:64 Created overdue notification for invoice INV-9320 (286 days overdue)
Backend CI	Run tests	2026-03-17T02:41:37.6272606Z INFO     app.scheduler.services.notification_creation:notification_creation.py:64 Created overdue notification for invoice INV-9790 (175 days overdue)
Backend CI	Run tests	2026-03-17T02:41:37.6273156Z INFO     app.scheduler.services.notification_creation:notification_creation.py:64 Created overdue notification for invoice INV-8503 (167 days overdue)
Backend CI	Run tests	2026-03-17T02:41:37.6273652Z INFO     app.scheduler.services.notification_creation:notification_creation.py:64 Created overdue notification for invoice INV-9014 (253 days overdue)
Backend CI	Run tests	2026-03-17T02:41:37.6274084Z INFO     app.scheduler.services.notification_creation:notification_creation.py:64 Created overdue notification for invoice INV-2360 (94 days overdue)
Backend CI	Run tests	2026-03-17T02:41:37.6274513Z INFO     app.scheduler.services.notification_creation:notification_creation.py:64 Created overdue notification for invoice INV-5986 (170 days overdue)
Backend CI	Run tests	2026-03-17T02:41:37.6274933Z INFO     app.scheduler.services.notification_creation:notification_creation.py:64 Created overdue notification for invoice INV-4420 (24 days overdue)
Backend CI	Run tests	2026-03-17T02:41:37.6275367Z INFO     app.scheduler.services.notification_creation:notification_creation.py:64 Created overdue notification for invoice INV-1168 (160 days overdue)
Backend CI	Run tests	2026-03-17T02:41:37.6275785Z INFO     app.scheduler.services.notification_creation:notification_creation.py:64 Created overdue notification for invoice INV-1492 (4 days overdue)
Backend CI	Run tests	2026-03-17T02:41:37.6276276Z INFO     app.scheduler.services.notification_creation:notification_creation.py:64 Created overdue notification for invoice INV-6759 (364 days overdue)
Backend CI	Run tests	2026-03-17T02:41:37.6276702Z INFO     app.scheduler.services.notification_creation:notification_creation.py:64 Created overdue notification for invoice INV-1492 (132 days overdue)
Backend CI	Run tests	2026-03-17T02:41:37.6277132Z INFO     app.scheduler.services.notification_creation:notification_creation.py:64 Created overdue notification for invoice INV-5020 (114 days overdue)
Backend CI	Run tests	2026-03-17T02:41:37.6277556Z INFO     app.scheduler.services.notification_creation:notification_creation.py:64 Created overdue notification for invoice INV-8119 (324 days overdue)
Backend CI	Run tests	2026-03-17T02:41:37.6277983Z INFO     app.scheduler.services.notification_creation:notification_creation.py:64 Created overdue notification for invoice INV-1567 (204 days overdue)
Backend CI	Run tests	2026-03-17T02:41:37.6278415Z INFO     app.scheduler.services.notification_creation:notification_creation.py:64 Created overdue notification for invoice INV-1149 (123 days overdue)
Backend CI	Run tests	2026-03-17T02:41:37.6278836Z INFO     app.scheduler.services.notification_creation:notification_creation.py:64 Created overdue notification for invoice INV-3916 (74 days overdue)
Backend CI	Run tests	2026-03-17T02:41:37.6279269Z INFO     app.scheduler.services.notification_creation:notification_creation.py:64 Created overdue notification for invoice INV-5053 (307 days overdue)
Backend CI	Run tests	2026-03-17T02:41:37.6279751Z INFO     app.scheduler.services.notification_creation:notification_creation.py:64 Created overdue notification for invoice INV-9812 (104 days overdue)
Backend CI	Run tests	2026-03-17T02:41:37.6280179Z INFO     app.scheduler.services.notification_creation:notification_creation.py:64 Created overdue notification for invoice INV-3302 (223 days overdue)
Backend CI	Run tests	2026-03-17T02:41:37.6280607Z INFO     app.scheduler.services.notification_creation:notification_creation.py:64 Created overdue notification for invoice INV-9972 (174 days overdue)
Backend CI	Run tests	2026-03-17T02:41:37.6281042Z INFO     app.scheduler.services.notification_creation:notification_creation.py:64 Created overdue notification for invoice INV-1001 (325 days overdue)
Backend CI	Run tests	2026-03-17T02:41:37.6281468Z INFO     app.scheduler.services.notification_creation:notification_creation.py:64 Created overdue notification for invoice INV-3874 (79 days overdue)
Backend CI	Run tests	2026-03-17T02:41:37.6281892Z INFO     app.scheduler.services.notification_creation:notification_creation.py:64 Created overdue notification for invoice INV-5754 (89 days overdue)
Backend CI	Run tests	2026-03-17T02:41:37.6282324Z INFO     app.scheduler.services.notification_creation:notification_creation.py:64 Created overdue notification for invoice INV-7922 (201 days overdue)
Backend CI	Run tests	2026-03-17T02:41:37.6282912Z INFO     app.scheduler.services.notification_creation:notification_creation.py:64 Created overdue notification for invoice INV-3784 (42 days overdue)
Backend CI	Run tests	2026-03-17T02:41:37.6283337Z INFO     app.scheduler.services.notification_creation:notification_creation.py:64 Created overdue notification for invoice INV-2940 (59 days overdue)
Backend CI	Run tests	2026-03-17T02:41:37.6283827Z INFO     app.scheduler.services.notification_creation:notification_creation.py:64 Created overdue notification for invoice INV-9998 (42 days overdue)
Backend CI	Run tests	2026-03-17T02:41:37.6284251Z INFO     app.scheduler.services.notification_creation:notification_creation.py:64 Created overdue notification for invoice INV-8076 (180 days overdue)
Backend CI	Run tests	2026-03-17T02:41:37.6284685Z INFO     app.scheduler.services.notification_creation:notification_creation.py:64 Created overdue notification for invoice INV-3425 (329 days overdue)
Backend CI	Run tests	2026-03-17T02:41:37.6285110Z INFO     app.scheduler.services.notification_creation:notification_creation.py:64 Created overdue notification for invoice INV-4462 (298 days overdue)
Backend CI	Run tests	2026-03-17T02:41:37.6285542Z INFO     app.scheduler.services.notification_creation:notification_creation.py:64 Created overdue notification for invoice INV-3547 (189 days overdue)
Backend CI	Run tests	2026-03-17T02:41:37.6285974Z INFO     app.scheduler.services.notification_creation:notification_creation.py:64 Created overdue notification for invoice INV-9524 (150 days overdue)
Backend CI	Run tests	2026-03-17T02:41:37.6286457Z INFO     app.scheduler.services.notification_creation:notification_creation.py:64 Created overdue notification for invoice INV-2428 (171 days overdue)
Backend CI	Run tests	2026-03-17T02:41:37.6286887Z INFO     app.scheduler.services.notification_creation:notification_creation.py:64 Created overdue notification for invoice INV-1463 (287 days overdue)
Backend CI	Run tests	2026-03-17T02:41:37.6287308Z INFO     app.scheduler.services.notification_creation:notification_creation.py:64 Created overdue notification for invoice INV-8181 (14 days overdue)
Backend CI	Run tests	2026-03-17T02:41:37.6287739Z INFO     app.scheduler.services.notification_creation:notification_creation.py:64 Created overdue notification for invoice INV-8720 (319 days overdue)
Backend CI	Run tests	2026-03-17T02:41:37.6288162Z INFO     app.scheduler.services.notification_creation:notification_creation.py:64 Created overdue notification for invoice INV-4701 (91 days overdue)
Backend CI	Run tests	2026-03-17T02:41:37.6288583Z INFO     app.scheduler.services.notification_creation:notification_creation.py:64 Created overdue notification for invoice INV-9417 (47 days overdue)
Backend CI	Run tests	2026-03-17T02:41:37.6289013Z INFO     app.scheduler.services.notification_creation:notification_creation.py:64 Created overdue notification for invoice INV-5537 (67 days overdue)
Backend CI	Run tests	2026-03-17T02:41:37.6289433Z INFO     app.scheduler.services.notification_creation:notification_creation.py:64 Created overdue notification for invoice INV-1413 (86 days overdue)
Backend CI	Run tests	2026-03-17T02:41:37.6289917Z INFO     app.scheduler.services.notification_creation:notification_creation.py:64 Created overdue notification for invoice INV-7616 (144 days overdue)
Backend CI	Run tests	2026-03-17T02:41:37.6290343Z INFO     app.scheduler.services.notification_creation:notification_creation.py:64 Created overdue notification for invoice INV-9740 (166 days overdue)
Backend CI	Run tests	2026-03-17T02:41:37.6290785Z INFO     app.scheduler.services.notification_creation:notification_creation.py:64 Created overdue notification for invoice INV-7913 (168 days overdue)
Backend CI	Run tests	2026-03-17T02:41:37.6291215Z INFO     app.scheduler.services.notification_creation:notification_creation.py:64 Created overdue notification for invoice INV-2485 (346 days overdue)
Backend CI	Run tests	2026-03-17T02:41:37.6291637Z INFO     app.scheduler.services.notification_creation:notification_creation.py:64 Created overdue notification for invoice INV-8233 (247 days overdue)
Backend CI	Run tests	2026-03-17T02:41:37.6292071Z INFO     app.scheduler.services.notification_creation:notification_creation.py:64 Created overdue notification for invoice INV-9999 (188 days overdue)
Backend CI	Run tests	2026-03-17T02:41:37.6292497Z INFO     app.scheduler.services.notification_creation:notification_creation.py:64 Created overdue notification for invoice INV-4680 (219 days overdue)
Backend CI	Run tests	2026-03-17T02:41:37.6293186Z INFO     app.scheduler.services.notification_creation:notification_creation.py:64 Created overdue notification for invoice INV-1984 (365 days overdue)
Backend CI	Run tests	2026-03-17T02:41:37.6293622Z INFO     app.scheduler.services.notification_creation:notification_creation.py:64 Created overdue notification for invoice INV-7199 (155 days overdue)
Backend CI	Run tests	2026-03-17T02:41:37.6294265Z INFO     app.scheduler.services.notification_creation:notification_creation.py:64 Created overdue notification for invoice INV-6358 (348 days overdue)
Backend CI	Run tests	2026-03-17T02:41:37.6294697Z INFO     app.scheduler.services.notification_creation:notification_creation.py:64 Created overdue notification for invoice INV-5660 (116 days overdue)
Backend CI	Run tests	2026-03-17T02:41:37.6295122Z INFO     app.scheduler.services.notification_creation:notification_creation.py:64 Created overdue notification for invoice INV-8991 (241 days overdue)
Backend CI	Run tests	2026-03-17T02:41:37.6295554Z INFO     app.scheduler.services.notification_creation:notification_creation.py:64 Created overdue notification for invoice INV-6082 (331 days overdue)
Backend CI	Run tests	2026-03-17T02:41:37.6295980Z INFO     app.scheduler.services.notification_creation:notification_creation.py:64 Created overdue notification for invoice INV-4889 (365 days overdue)
Backend CI	Run tests	2026-03-17T02:41:37.6296409Z INFO     app.scheduler.services.notification_creation:notification_creation.py:64 Created overdue notification for invoice INV-5690 (19 days overdue)
Backend CI	Run tests	2026-03-17T02:41:37.6296890Z INFO     app.scheduler.services.notification_creation:notification_creation.py:64 Created overdue notification for invoice INV-9999 (230 days overdue)
Backend CI	Run tests	2026-03-17T02:41:37.6297314Z INFO     app.scheduler.services.notification_creation:notification_creation.py:64 Created overdue notification for invoice INV-3536 (282 days overdue)
Backend CI	Run tests	2026-03-17T02:41:37.6297745Z INFO     app.scheduler.services.notification_creation:notification_creation.py:64 Created overdue notification for invoice INV-5408 (196 days overdue)
Backend CI	Run tests	2026-03-17T02:41:37.6298167Z INFO     app.scheduler.services.notification_creation:notification_creation.py:64 Created overdue notification for invoice INV-7864 (37 days overdue)
Backend CI	Run tests	2026-03-17T02:41:37.6298596Z INFO     app.scheduler.services.notification_creation:notification_creation.py:64 Created overdue notification for invoice INV-1197 (364 days overdue)
Backend CI	Run tests	2026-03-17T02:41:37.6299019Z INFO     app.scheduler.services.notification_creation:notification_creation.py:64 Created overdue notification for invoice INV-6255 (36 days overdue)
Backend CI	Run tests	2026-03-17T02:41:37.6299453Z INFO     app.scheduler.services.notification_creation:notification_creation.py:64 Created overdue notification for invoice INV-8447 (152 days overdue)
Backend CI	Run tests	2026-03-17T02:41:37.6299937Z INFO     app.scheduler.services.notification_creation:notification_creation.py:64 Created overdue notification for invoice INV-6491 (212 days overdue)
Backend CI	Run tests	2026-03-17T02:41:37.6300361Z INFO     app.scheduler.services.notification_creation:notification_creation.py:64 Created overdue notification for invoice INV-7899 (295 days overdue)
Backend CI	Run tests	2026-03-17T02:41:37.6300796Z INFO     app.scheduler.services.notification_creation:notification_creation.py:64 Created overdue notification for invoice INV-9034 (235 days overdue)
Backend CI	Run tests	2026-03-17T02:41:37.6301219Z INFO     app.scheduler.services.notification_creation:notification_creation.py:64 Created overdue notification for invoice INV-5338 (278 days overdue)
Backend CI	Run tests	2026-03-17T02:41:37.6301652Z INFO     app.scheduler.services.notification_creation:notification_creation.py:64 Created overdue notification for invoice INV-6460 (328 days overdue)
Backend CI	Run tests	2026-03-17T02:41:37.6302074Z INFO     app.scheduler.services.notification_creation:notification_creation.py:64 Created overdue notification for invoice INV-2357 (309 days overdue)
Backend CI	Run tests	2026-03-17T02:41:37.6302503Z INFO     app.scheduler.services.notification_creation:notification_creation.py:64 Created overdue notification for invoice INV-5967 (123 days overdue)
Backend CI	Run tests	2026-03-17T02:41:37.6303165Z INFO     app.scheduler.services.notification_creation:notification_creation.py:64 Created overdue notification for invoice INV-6423 (162 days overdue)
Backend CI	Run tests	2026-03-17T02:41:37.6303678Z INFO     app.scheduler.services.notification_creation:notification_creation.py:64 Created overdue notification for invoice INV-1000 (21 days overdue)
Backend CI	Run tests	2026-03-17T02:41:37.6304203Z INFO     app.scheduler.services.notification_creation:notification_creation.py:64 Created overdue notification for invoice INV-1674 (76 days overdue)
Backend CI	Run tests	2026-03-17T02:41:37.6304633Z INFO     app.scheduler.services.notification_creation:notification_creation.py:64 Created overdue notification for invoice INV-2109 (331 days overdue)
Backend CI	Run tests	2026-03-17T02:41:37.6305060Z INFO     app.scheduler.services.notification_creation:notification_creation.py:64 Created overdue notification for invoice INV-2783 (58 days overdue)
Backend CI	Run tests	2026-03-17T02:41:37.6305487Z INFO     app.scheduler.services.notification_creation:notification_creation.py:64 Created overdue notification for invoice INV-7238 (155 days overdue)
Backend CI	Run tests	2026-03-17T02:41:37.6305912Z INFO     app.scheduler.services.notification_creation:notification_creation.py:64 Created overdue notification for invoice INV-1077 (76 days overdue)
Backend CI	Run tests	2026-03-17T02:41:37.6306340Z INFO     app.scheduler.services.notification_creation:notification_creation.py:64 Created overdue notification for invoice INV-3542 (77 days overdue)
Backend CI	Run tests	2026-03-17T02:41:37.6306762Z INFO     app.scheduler.services.notification_creation:notification_creation.py:64 Created overdue notification for invoice INV-6056 (2 days overdue)
Backend CI	Run tests	2026-03-17T02:41:37.6307248Z INFO     app.scheduler.services.notification_creation:notification_creation.py:64 Created overdue notification for invoice INV-9528 (334 days overdue)
Backend CI	Run tests	2026-03-17T02:41:37.6307677Z INFO     app.scheduler.services.notification_creation:notification_creation.py:64 Created overdue notification for invoice INV-1607 (194 days overdue)
Backend CI	Run tests	2026-03-17T02:41:37.6308105Z INFO     app.scheduler.services.notification_creation:notification_creation.py:64 Created overdue notification for invoice INV-4234 (288 days overdue)
Backend CI	Run tests	2026-03-17T02:41:37.6308538Z INFO     app.scheduler.services.notification_creation:notification_creation.py:64 Created overdue notification for invoice INV-7904 (306 days overdue)
Backend CI	Run tests	2026-03-17T02:41:37.6308961Z INFO     app.scheduler.services.notification_creation:notification_creation.py:64 Created overdue notification for invoice INV-1496 (365 days overdue)
Backend CI	Run tests	2026-03-17T02:41:37.6309395Z INFO     app.scheduler.services.notification_creation:notification_creation.py:64 Created overdue notification for invoice INV-3993 (159 days overdue)
Backend CI	Run tests	2026-03-17T02:41:37.6309820Z INFO     app.scheduler.services.notification_creation:notification_creation.py:64 Created overdue notification for invoice INV-7585 (314 days overdue)
Backend CI	Run tests	2026-03-17T02:41:37.6310302Z INFO     app.scheduler.services.notification_creation:notification_creation.py:64 Created overdue notification for invoice INV-9367 (2 days overdue)
Backend CI	Run tests	2026-03-17T02:41:37.6310728Z INFO     app.scheduler.services.notification_creation:notification_creation.py:64 Created overdue notification for invoice INV-1000 (207 days overdue)
Backend CI	Run tests	2026-03-17T02:41:37.6311154Z INFO     app.scheduler.services.notification_creation:notification_creation.py:64 Created overdue notification for invoice INV-8247 (282 days overdue)
Backend CI	Run tests	2026-03-17T02:41:37.6311598Z INFO     app.scheduler.services.notification_creation:notification_creation.py:64 Created overdue notification for invoice INV-3980 (118 days overdue)
Backend CI	Run tests	2026-03-17T02:41:37.6312025Z INFO     app.scheduler.services.notification_creation:notification_creation.py:64 Created overdue notification for invoice INV-4211 (141 days overdue)
Backend CI	Run tests	2026-03-17T02:41:37.6312455Z INFO     app.scheduler.services.notification_creation:notification_creation.py:64 Created overdue notification for invoice INV-9487 (195 days overdue)
Backend CI	Run tests	2026-03-17T02:41:37.6313010Z INFO     app.scheduler.services.notification_creation:notification_creation.py:64 Created overdue notification for invoice INV-7537 (96 days overdue)
Backend CI	Run tests	2026-03-17T02:41:37.6313443Z INFO     app.scheduler.services.notification_creation:notification_creation.py:64 Created overdue notification for invoice INV-2773 (127 days overdue)
Backend CI	Run tests	2026-03-17T02:41:37.6313935Z INFO     app.scheduler.services.notification_creation:notification_creation.py:64 Created overdue notification for invoice INV-6867 (318 days overdue)
Backend CI	Run tests	2026-03-17T02:41:37.6314415Z INFO     app.scheduler.services.notification_creation:notification_creation.py:64 Created overdue notification for invoice INV-2181 (168 days overdue)
Backend CI	Run tests	2026-03-17T02:41:37.6314853Z INFO     app.scheduler.services.notification_creation:notification_creation.py:64 Created overdue notification for invoice INV-6864 (306 days overdue)
Backend CI	Run tests	2026-03-17T02:41:37.6315275Z INFO     app.scheduler.services.notification_creation:notification_creation.py:64 Created overdue notification for invoice INV-8350 (84 days overdue)
Backend CI	Run tests	2026-03-17T02:41:37.6315704Z INFO     app.scheduler.services.notification_creation:notification_creation.py:64 Created overdue notification for invoice INV-1000 (137 days overdue)
Backend CI	Run tests	2026-03-17T02:41:37.6316124Z INFO     app.scheduler.services.notification_creation:notification_creation.py:64 Created overdue notification for invoice INV-6125 (11 days overdue)
Backend CI	Run tests	2026-03-17T02:41:37.6316549Z INFO     app.scheduler.services.notification_creation:notification_creation.py:64 Created overdue notification for invoice INV-5400 (330 days overdue)
Backend CI	Run tests	2026-03-17T02:41:37.6317033Z INFO     app.scheduler.services.notification_creation:notification_creation.py:64 Created overdue notification for invoice INV-9776 (339 days overdue)
Backend CI	Run tests	2026-03-17T02:41:37.6317459Z INFO     app.scheduler.services.notification_creation:notification_creation.py:64 Created overdue notification for invoice INV-1544 (341 days overdue)
Backend CI	Run tests	2026-03-17T02:41:37.6317889Z INFO     app.scheduler.services.notification_creation:notification_creation.py:64 Created overdue notification for invoice INV-6243 (326 days overdue)
Backend CI	Run tests	2026-03-17T02:41:37.6318310Z INFO     app.scheduler.services.notification_creation:notification_creation.py:64 Created overdue notification for invoice INV-9089 (31 days overdue)
Backend CI	Run tests	2026-03-17T02:41:37.6318737Z INFO     app.scheduler.services.notification_creation:notification_creation.py:64 Created overdue notification for invoice INV-9776 (87 days overdue)
Backend CI	Run tests	2026-03-17T02:41:37.6319162Z INFO     app.scheduler.services.notification_creation:notification_creation.py:64 Created overdue notification for invoice INV-9999 (179 days overdue)
Backend CI	Run tests	2026-03-17T02:41:37.6319592Z INFO     app.scheduler.services.notification_creation:notification_creation.py:64 Created overdue notification for invoice INV-3122 (249 days overdue)
Backend CI	Run tests	2026-03-17T02:41:37.6320017Z INFO     app.scheduler.services.notification_creation:notification_creation.py:64 Created overdue notification for invoice INV-8479 (69 days overdue)
Backend CI	Run tests	2026-03-17T02:41:37.6320500Z INFO     app.scheduler.services.notification_creation:notification_creation.py:64 Created overdue notification for invoice INV-4042 (258 days overdue)
Backend CI	Run tests	2026-03-17T02:41:37.6320931Z INFO     app.scheduler.services.notification_creation:notification_creation.py:64 Created overdue notification for invoice INV-4533 (143 days overdue)
Backend CI	Run tests	2026-03-17T02:41:37.6321358Z INFO     app.scheduler.services.notification_creation:notification_creation.py:64 Created overdue notification for invoice INV-1652 (246 days overdue)
Backend CI	Run tests	2026-03-17T02:41:37.6321787Z INFO     app.scheduler.services.notification_creation:notification_creation.py:64 Created overdue notification for invoice INV-2262 (239 days overdue)
Backend CI	Run tests	2026-03-17T02:41:37.6322219Z INFO     app.scheduler.services.notification_creation:notification_creation.py:64 Created overdue notification for invoice INV-5543 (279 days overdue)
Backend CI	Run tests	2026-03-17T02:41:37.6322644Z INFO     app.scheduler.services.notification_creation:notification_creation.py:64 Created overdue notification for invoice INV-4572 (101 days overdue)
Backend CI	Run tests	2026-03-17T02:41:37.6323271Z INFO     app.scheduler.services.notification_creation:notification_creation.py:64 Created overdue notification for invoice INV-4099 (183 days overdue)
Backend CI	Run tests	2026-03-17T02:41:37.6323770Z INFO     app.scheduler.services.notification_creation:notification_creation.py:64 Created overdue notification for invoice INV-9352 (296 days overdue)
Backend CI	Run tests	2026-03-17T02:41:37.6324204Z INFO     app.scheduler.services.notification_creation:notification_creation.py:64 Created overdue notification for invoice INV-1483 (277 days overdue)
Backend CI	Run tests	2026-03-17T02:41:37.6324679Z INFO     app.scheduler.services.notification_creation:notification_creation.py:64 Created overdue notification for invoice INV-1926 (67 days overdue)
Backend CI	Run tests	2026-03-17T02:41:37.6325104Z INFO     app.scheduler.services.notification_creation:notification_creation.py:64 Created overdue notification for invoice INV-1499 (47 days overdue)
Backend CI	Run tests	2026-03-17T02:41:37.6325540Z INFO     app.scheduler.services.notification_creation:notification_creation.py:64 Created overdue notification for invoice INV-8764 (296 days overdue)
Backend CI	Run tests	2026-03-17T02:41:37.6325964Z INFO     app.scheduler.services.notification_creation:notification_creation.py:64 Created overdue notification for invoice INV-9246 (23 days overdue)
Backend CI	Run tests	2026-03-17T02:41:37.6326394Z INFO     app.scheduler.services.notification_creation:notification_creation.py:64 Created overdue notification for invoice INV-5878 (54 days overdue)
Backend CI	Run tests	2026-03-17T02:41:37.6326817Z INFO     app.scheduler.services.notification_creation:notification_creation.py:64 Created overdue notification for invoice INV-9848 (347 days overdue)
Backend CI	Run tests	2026-03-17T02:41:37.6327306Z INFO     app.scheduler.services.notification_creation:notification_creation.py:64 Created overdue notification for invoice INV-1001 (142 days overdue)
Backend CI	Run tests	2026-03-17T02:41:37.6327740Z INFO     app.scheduler.services.notification_creation:notification_creation.py:64 Created overdue notification for invoice INV-8605 (264 days overdue)
Backend CI	Run tests	2026-03-17T02:41:37.6328166Z INFO     app.scheduler.services.notification_creation:notification_creation.py:64 Created overdue notification for invoice INV-3491 (239 days overdue)
Backend CI	Run tests	2026-03-17T02:41:37.6328602Z INFO     app.scheduler.services.notification_creation:notification_creation.py:64 Created overdue notification for invoice INV-9999 (261 days overdue)
Backend CI	Run tests	2026-03-17T02:41:37.6329025Z INFO     app.scheduler.services.notification_creation:notification_creation.py:64 Created overdue notification for invoice INV-7071 (1 days overdue)
Backend CI	Run tests	2026-03-17T02:41:37.6329450Z INFO     app.scheduler.services.notification_creation:notification_creation.py:64 Created overdue notification for invoice INV-6598 (1 days overdue)
Backend CI	Run tests	2026-03-17T02:41:37.6329878Z INFO     app.scheduler.services.notification_creation:notification_creation.py:64 Created overdue notification for invoice INV-7277 (365 days overdue)
Backend CI	Run tests	2026-03-17T02:41:37.6330304Z INFO     app.scheduler.services.notification_creation:notification_creation.py:64 Created overdue notification for invoice INV-1258 (194 days overdue)
Backend CI	Run tests	2026-03-17T02:41:37.6330796Z INFO     app.scheduler.services.notification_creation:notification_creation.py:64 Created overdue notification for invoice INV-8164 (262 days overdue)
Backend CI	Run tests	2026-03-17T02:41:37.6331217Z INFO     app.scheduler.services.notification_creation:notification_creation.py:64 Created overdue notification for invoice INV-3078 (8 days overdue)
Backend CI	Run tests	2026-03-17T02:41:37.6331647Z INFO     app.scheduler.services.notification_creation:notification_creation.py:64 Created overdue notification for invoice INV-3948 (240 days overdue)
Backend CI	Run tests	2026-03-17T02:41:37.6332076Z INFO     app.scheduler.services.notification_creation:notification_creation.py:64 Created overdue notification for invoice INV-2722 (247 days overdue)
Backend CI	Run tests	2026-03-17T02:41:37.6332511Z INFO     app.scheduler.services.notification_creation:notification_creation.py:64 Created overdue notification for invoice INV-5203 (327 days overdue)
Backend CI	Run tests	2026-03-17T02:41:37.6333039Z INFO     app.scheduler.services.notification_creation:notification_creation.py:64 Created overdue notification for invoice INV-2133 (330 days overdue)
Backend CI	Run tests	2026-03-17T02:41:37.6333467Z INFO     app.scheduler.services.notification_creation:notification_creation.py:64 Created overdue notification for invoice INV-8480 (172 days overdue)
Backend CI	Run tests	2026-03-17T02:41:37.6333958Z INFO     app.scheduler.services.notification_creation:notification_creation.py:64 Created overdue notification for invoice INV-9998 (265 days overdue)
Backend CI	Run tests	2026-03-17T02:41:37.6334386Z INFO     app.scheduler.services.notification_creation:notification_creation.py:64 Created overdue notification for invoice INV-2862 (270 days overdue)
Backend CI	Run tests	2026-03-17T02:41:37.6334868Z INFO     app.scheduler.services.notification_creation:notification_creation.py:64 Created overdue notification for invoice INV-9448 (151 days overdue)
Backend CI	Run tests	2026-03-17T02:41:37.6335295Z INFO     app.scheduler.services.notification_creation:notification_creation.py:64 Created overdue notification for invoice INV-6395 (193 days overdue)
Backend CI	Run tests	2026-03-17T02:41:37.6335754Z INFO     app.scheduler.services.notification_creation:notification_creation.py:64 Created overdue notification for invoice INV-9185 (232 days overdue)
Backend CI	Run tests	2026-03-17T02:41:37.6336188Z INFO     app.scheduler.services.notification_creation:notification_creation.py:64 Created overdue notification for invoice INV-7587 (210 days overdue)
Backend CI	Run tests	2026-03-17T02:41:37.6336616Z INFO     app.scheduler.services.notification_creation:notification_creation.py:64 Created overdue notification for invoice INV-8554 (161 days overdue)
Backend CI	Run tests	2026-03-17T02:41:37.6337046Z INFO     app.scheduler.services.notification_creation:notification_creation.py:64 Created overdue notification for invoice INV-6962 (248 days overdue)
Backend CI	Run tests	2026-03-17T02:41:37.6337536Z INFO     app.scheduler.services.notification_creation:notification_creation.py:64 Created overdue notification for invoice INV-9999 (76 days overdue)
Backend CI	Run tests	2026-03-17T02:41:37.6337963Z INFO     app.scheduler.services.notification_creation:notification_creation.py:64 Created overdue notification for invoice INV-7513 (43 days overdue)
Backend CI	Run tests	2026-03-17T02:41:37.6338392Z INFO     app.scheduler.services.notification_creation:notification_creation.py:64 Created overdue notification for invoice INV-2266 (251 days overdue)
Backend CI	Run tests	2026-03-17T02:41:37.6338818Z INFO     app.scheduler.services.notification_creation:notification_creation.py:64 Created overdue notification for invoice INV-7355 (132 days overdue)
Backend CI	Run tests	2026-03-17T02:41:37.6339262Z INFO     app.scheduler.services.notification_creation:notification_creation.py:64 Created overdue notification for invoice INV-1000 (303 days overdue)
Backend CI	Run tests	2026-03-17T02:41:37.6339704Z INFO     app.scheduler.services.notification_creation:notification_creation.py:64 Created overdue notification for invoice INV-5001 (119 days overdue)
Backend CI	Run tests	2026-03-17T02:41:37.6340134Z INFO     app.scheduler.services.notification_creation:notification_creation.py:64 Created overdue notification for invoice INV-6536 (18 days overdue)
Backend CI	Run tests	2026-03-17T02:41:37.6340619Z INFO     app.scheduler.services.notification_creation:notification_creation.py:64 Created overdue notification for invoice INV-2977 (236 days overdue)
Backend CI	Run tests	2026-03-17T02:41:37.6341052Z INFO     app.scheduler.services.notification_creation:notification_creation.py:64 Created overdue notification for invoice INV-6645 (188 days overdue)
Backend CI	Run tests	2026-03-17T02:41:37.6341478Z INFO     app.scheduler.services.notification_creation:notification_creation.py:64 Created overdue notification for invoice INV-3994 (328 days overdue)
Backend CI	Run tests	2026-03-17T02:41:37.6341903Z INFO     app.scheduler.services.notification_creation:notification_creation.py:64 Created overdue notification for invoice INV-3674 (168 days overdue)
Backend CI	Run tests	2026-03-17T02:41:37.6342334Z INFO     app.scheduler.services.notification_creation:notification_creation.py:64 Created overdue notification for invoice INV-6022 (13 days overdue)
Backend CI	Run tests	2026-03-17T02:41:37.6342882Z INFO     app.scheduler.services.notification_creation:notification_creation.py:64 Created overdue notification for invoice INV-3123 (198 days overdue)
Backend CI	Run tests	2026-03-17T02:41:37.6343322Z INFO     app.scheduler.services.notification_creation:notification_creation.py:64 Created overdue notification for invoice INV-4022 (191 days overdue)
Backend CI	Run tests	2026-03-17T02:41:37.6343747Z INFO     app.scheduler.services.notification_creation:notification_creation.py:64 Created overdue notification for invoice INV-3860 (37 days overdue)
Backend CI	Run tests	2026-03-17T02:41:37.6344236Z INFO     app.scheduler.services.notification_creation:notification_creation.py:64 Created overdue notification for invoice INV-2481 (365 days overdue)
Backend CI	Run tests	2026-03-17T02:41:37.6344667Z INFO     app.scheduler.services.notification_creation:notification_creation.py:64 Created overdue notification for invoice INV-2241 (294 days overdue)
Backend CI	Run tests	2026-03-17T02:41:37.6345144Z INFO     app.scheduler.services.notification_creation:notification_creation.py:64 Created overdue notification for invoice INV-4855 (15 days overdue)
Backend CI	Run tests	2026-03-17T02:41:37.6345576Z INFO     app.scheduler.services.notification_creation:notification_creation.py:64 Created overdue notification for invoice INV-8386 (162 days overdue)
Backend CI	Run tests	2026-03-17T02:41:37.6346006Z INFO     app.scheduler.services.notification_creation:notification_creation.py:64 Created overdue notification for invoice INV-8079 (142 days overdue)
Backend CI	Run tests	2026-03-17T02:41:37.6346433Z INFO     app.scheduler.services.notification_creation:notification_creation.py:64 Created overdue notification for invoice INV-9188 (10 days overdue)
Backend CI	Run tests	2026-03-17T02:41:37.6346857Z INFO     app.scheduler.services.notification_creation:notification_creation.py:64 Created overdue notification for invoice INV-1191 (88 days overdue)
Backend CI	Run tests	2026-03-17T02:41:37.6347282Z INFO     app.scheduler.services.notification_creation:notification_creation.py:64 Created overdue notification for invoice INV-9753 (180 days overdue)
Backend CI	Run tests	2026-03-17T02:41:37.6347768Z INFO     app.scheduler.services.notification_creation:notification_creation.py:64 Created overdue notification for invoice INV-6313 (281 days overdue)
Backend CI	Run tests	2026-03-17T02:41:37.6348190Z INFO     app.scheduler.services.notification_creation:notification_creation.py:64 Created overdue notification for invoice INV-4724 (1 days overdue)
Backend CI	Run tests	2026-03-17T02:41:37.6348623Z INFO     app.scheduler.services.notification_creation:notification_creation.py:64 Created overdue notification for invoice INV-9476 (254 days overdue)
Backend CI	Run tests	2026-03-17T02:41:37.6349051Z INFO     app.scheduler.services.notification_creation:notification_creation.py:64 Created overdue notification for invoice INV-6266 (200 days overdue)
Backend CI	Run tests	2026-03-17T02:41:37.6349476Z INFO     app.scheduler.services.notification_creation:notification_creation.py:64 Created overdue notification for invoice INV-3491 (105 days overdue)
Backend CI	Run tests	2026-03-17T02:41:37.6349909Z INFO     app.scheduler.services.notification_creation:notification_creation.py:64 Created overdue notification for invoice INV-7548 (309 days overdue)
Backend CI	Run tests	2026-03-17T02:41:37.6350329Z INFO     app.scheduler.services.notification_creation:notification_creation.py:64 Created overdue notification for invoice INV-2524 (9 days overdue)
Backend CI	Run tests	2026-03-17T02:41:37.6350808Z INFO     app.scheduler.services.notification_creation:notification_creation.py:64 Created overdue notification for invoice INV-9120 (6 days overdue)
Backend CI	Run tests	2026-03-17T02:41:37.6351229Z INFO     app.scheduler.services.notification_creation:notification_creation.py:64 Created overdue notification for invoice INV-4854 (10 days overdue)
Backend CI	Run tests	2026-03-17T02:41:37.6351652Z INFO     app.scheduler.services.notification_creation:notification_creation.py:64 Created overdue notification for invoice INV-4304 (2 days overdue)
Backend CI	Run tests	2026-03-17T02:41:37.6352078Z INFO     app.scheduler.services.notification_creation:notification_creation.py:64 Created overdue notification for invoice INV-6698 (124 days overdue)
Backend CI	Run tests	2026-03-17T02:41:37.6352502Z INFO     app.scheduler.services.notification_creation:notification_creation.py:64 Created overdue notification for invoice INV-2908 (13 days overdue)
Backend CI	Run tests	2026-03-17T02:41:37.6353033Z INFO     app.scheduler.services.notification_creation:notification_creation.py:64 Created overdue notification for invoice INV-7813 (211 days overdue)
Backend CI	Run tests	2026-03-17T02:41:37.6353462Z INFO     app.scheduler.services.notification_creation:notification_creation.py:64 Created overdue notification for invoice INV-5872 (261 days overdue)
Backend CI	Run tests	2026-03-17T02:41:37.6353888Z INFO     app.scheduler.services.notification_creation:notification_creation.py:64 Created overdue notification for invoice INV-3380 (64 days overdue)
Backend CI	Run tests	2026-03-17T02:41:37.6354374Z INFO     app.scheduler.services.notification_creation:notification_creation.py:64 Created overdue notification for invoice INV-8457 (304 days overdue)
Backend CI	Run tests	2026-03-17T02:41:37.6354861Z INFO     app.scheduler.services.notification_creation:notification_creation.py:64 Created overdue notification for invoice INV-7877 (209 days overdue)
Backend CI	Run tests	2026-03-17T02:41:37.6355289Z INFO     app.scheduler.services.notification_creation:notification_creation.py:64 Created overdue notification for invoice INV-4195 (131 days overdue)
Backend CI	Run tests	2026-03-17T02:41:37.6355716Z INFO     app.scheduler.services.notification_creation:notification_creation.py:64 Created overdue notification for invoice INV-6127 (291 days overdue)
Backend CI	Run tests	2026-03-17T02:41:37.6356146Z INFO     app.scheduler.services.notification_creation:notification_creation.py:64 Created overdue notification for invoice INV-3424 (59 days overdue)
Backend CI	Run tests	2026-03-17T02:41:37.6356571Z INFO     app.scheduler.services.notification_creation:notification_creation.py:64 Created overdue notification for invoice INV-2903 (365 days overdue)
Backend CI	Run tests	2026-03-17T02:41:37.6357006Z INFO     app.scheduler.services.notification_creation:notification_creation.py:64 Created overdue notification for invoice INV-9999 (220 days overdue)
Backend CI	Run tests	2026-03-17T02:41:37.6357434Z INFO     app.scheduler.services.notification_creation:notification_creation.py:64 Created overdue notification for invoice INV-9968 (129 days overdue)
Backend CI	Run tests	2026-03-17T02:41:37.6357915Z INFO     app.scheduler.services.notification_creation:notification_creation.py:64 Created overdue notification for invoice INV-9564 (184 days overdue)
Backend CI	Run tests	2026-03-17T02:41:37.6358350Z INFO     app.scheduler.services.notification_creation:notification_creation.py:64 Created overdue notification for invoice INV-1001 (246 days overdue)
Backend CI	Run tests	2026-03-17T02:41:37.6358776Z INFO     app.scheduler.services.notification_creation:notification_creation.py:64 Created overdue notification for invoice INV-9740 (160 days overdue)
Backend CI	Run tests	2026-03-17T02:41:37.6359210Z INFO     app.scheduler.services.notification_creation:notification_creation.py:64 Created overdue notification for invoice INV-4573 (115 days overdue)
Backend CI	Run tests	2026-03-17T02:41:37.6359637Z INFO     app.scheduler.services.notification_creation:notification_creation.py:64 Created overdue notification for invoice INV-9832 (337 days overdue)
Backend CI	Run tests	2026-03-17T02:41:37.6360070Z INFO     app.scheduler.services.notification_creation:notification_creation.py:64 Created overdue notification for invoice INV-1857 (110 days overdue)
Backend CI	Run tests	2026-03-17T02:41:37.6360492Z INFO     app.scheduler.services.notification_creation:notification_creation.py:64 Created overdue notification for invoice INV-6787 (37 days overdue)
Backend CI	Run tests	2026-03-17T02:41:37.6360969Z INFO     app.scheduler.services.notification_creation:notification_creation.py:64 Created overdue notification for invoice INV-7690 (71 days overdue)
Backend CI	Run tests	2026-03-17T02:41:37.6361400Z INFO     app.scheduler.services.notification_creation:notification_creation.py:64 Created overdue notification for invoice INV-9941 (256 days overdue)
Backend CI	Run tests	2026-03-17T02:41:37.6361829Z INFO     app.scheduler.services.notification_creation:notification_creation.py:64 Created overdue notification for invoice INV-2313 (224 days overdue)
Backend CI	Run tests	2026-03-17T02:41:37.6362259Z INFO     app.scheduler.services.notification_creation:notification_creation.py:64 Created overdue notification for invoice INV-1844 (171 days overdue)
Backend CI	Run tests	2026-03-17T02:41:37.6362778Z INFO     app.scheduler.services.notification_creation:notification_creation.py:64 Created overdue notification for invoice INV-4986 (364 days overdue)
Backend CI	Run tests	2026-03-17T02:41:37.6363218Z INFO     app.scheduler.services.notification_creation:notification_creation.py:64 Created overdue notification for invoice INV-2229 (146 days overdue)
Backend CI	Run tests	2026-03-17T02:41:37.6363652Z INFO     app.scheduler.services.notification_creation:notification_creation.py:64 Created overdue notification for invoice INV-9302 (173 days overdue)
Backend CI	Run tests	2026-03-17T02:41:37.6364074Z INFO     app.scheduler.services.notification_creation:notification_creation.py:64 Created overdue notification for invoice INV-1813 (88 days overdue)
Backend CI	Run tests	2026-03-17T02:41:37.6364558Z INFO     app.scheduler.services.notification_creation:notification_creation.py:64 Created overdue notification for invoice INV-7797 (99 days overdue)
Backend CI	Run tests	2026-03-17T02:41:37.6365038Z INFO     app.scheduler.services.notification_creation:notification_creation.py:64 Created overdue notification for invoice INV-8603 (258 days overdue)
Backend CI	Run tests	2026-03-17T02:41:37.6365473Z INFO     app.scheduler.services.notification_creation:notification_creation.py:64 Created overdue notification for invoice INV-6052 (312 days overdue)
Backend CI	Run tests	2026-03-17T02:41:37.6365902Z INFO     app.scheduler.services.notification_creation:notification_creation.py:64 Created overdue notification for invoice INV-3453 (103 days overdue)
Backend CI	Run tests	2026-03-17T02:41:37.6366322Z INFO     app.scheduler.services.notification_creation:notification_creation.py:64 Created overdue notification for invoice INV-9536 (98 days overdue)
Backend CI	Run tests	2026-03-17T02:41:37.6366754Z INFO     app.scheduler.services.notification_creation:notification_creation.py:64 Created overdue notification for invoice INV-3546 (365 days overdue)
Backend CI	Run tests	2026-03-17T02:41:37.6367179Z INFO     app.scheduler.services.notification_creation:notification_creation.py:64 Created overdue notification for invoice INV-6038 (267 days overdue)
Backend CI	Run tests	2026-03-17T02:41:37.6367668Z INFO     app.scheduler.services.notification_creation:notification_creation.py:64 Created overdue notification for invoice INV-4996 (78 days overdue)
Backend CI	Run tests	2026-03-17T02:41:37.6368091Z INFO     app.scheduler.services.notification_creation:notification_creation.py:64 Created overdue notification for invoice INV-5864 (138 days overdue)
Backend CI	Run tests	2026-03-17T02:41:37.6368527Z INFO     app.scheduler.services.notification_creation:notification_creation.py:64 Created overdue notification for invoice INV-4981 (290 days overdue)
Backend CI	Run tests	2026-03-17T02:41:37.6368952Z INFO     app.scheduler.services.notification_creation:notification_creation.py:64 Created overdue notification for invoice INV-1801 (162 days overdue)
Backend CI	Run tests	2026-03-17T02:41:37.6369380Z INFO     app.scheduler.services.notification_creation:notification_creation.py:64 Created overdue notification for invoice INV-7736 (137 days overdue)
Backend CI	Run tests	2026-03-17T02:41:37.6369808Z INFO     app.scheduler.services.notification_creation:notification_creation.py:64 Created overdue notification for invoice INV-8693 (356 days overdue)
Backend CI	Run tests	2026-03-17T02:41:37.6370241Z INFO     app.scheduler.services.notification_creation:notification_creation.py:64 Created overdue notification for invoice INV-7693 (310 days overdue)
Backend CI	Run tests	2026-03-17T02:41:37.6370668Z INFO     app.scheduler.services.notification_creation:notification_creation.py:64 Created overdue notification for invoice INV-3488 (63 days overdue)
Backend CI	Run tests	2026-03-17T02:41:37.6371146Z INFO     app.scheduler.services.notification_creation:notification_creation.py:64 Created overdue notification for invoice INV-7167 (5 days overdue)
Backend CI	Run tests	2026-03-17T02:41:37.6371568Z INFO     app.scheduler.services.notification_creation:notification_creation.py:64 Created overdue notification for invoice INV-5620 (29 days overdue)
Backend CI	Run tests	2026-03-17T02:41:37.6372001Z INFO     app.scheduler.services.notification_creation:notification_creation.py:64 Created overdue notification for invoice INV-9038 (95 days overdue)
Backend CI	Run tests	2026-03-17T02:41:37.6372432Z INFO     app.scheduler.services.notification_creation:notification_creation.py:64 Created overdue notification for invoice INV-6073 (119 days overdue)
Backend CI	Run tests	2026-03-17T02:41:37.6372993Z INFO     app.scheduler.services.notification_creation:notification_creation.py:64 Created overdue notification for invoice INV-6795 (1 days overdue)
Backend CI	Run tests	2026-03-17T02:41:37.6373425Z INFO     app.scheduler.services.notification_creation:notification_creation.py:64 Created overdue notification for invoice INV-5902 (297 days overdue)
Backend CI	Run tests	2026-03-17T02:41:37.6373861Z INFO     app.scheduler.services.notification_creation:notification_creation.py:64 Created overdue notification for invoice INV-8931 (195 days overdue)
Backend CI	Run tests	2026-03-17T02:41:37.6374399Z INFO     app.scheduler.services.notification_creation:notification_creation.py:64 Created overdue notification for invoice INV-5155 (341 days overdue)
Backend CI	Run tests	2026-03-17T02:41:37.6374825Z INFO     app.scheduler.services.notification_creation:notification_creation.py:64 Created overdue notification for invoice INV-8197 (190 days overdue)
Backend CI	Run tests	2026-03-17T02:41:37.6375312Z INFO     app.scheduler.services.notification_creation:notification_creation.py:64 Created overdue notification for invoice INV-8911 (360 days overdue)
Backend CI	Run tests	2026-03-17T02:41:37.6375742Z INFO     app.scheduler.services.notification_creation:notification_creation.py:64 Created overdue notification for invoice INV-6377 (115 days overdue)
Backend CI	Run tests	2026-03-17T02:41:37.6376174Z INFO     app.scheduler.services.notification_creation:notification_creation.py:64 Created overdue notification for invoice INV-3904 (226 days overdue)
Backend CI	Run tests	2026-03-17T02:41:37.6376602Z INFO     app.scheduler.services.notification_creation:notification_creation.py:64 Created overdue notification for invoice INV-2454 (185 days overdue)
Backend CI	Run tests	2026-03-17T02:41:37.6377027Z INFO     app.scheduler.services.notification_creation:notification_creation.py:64 Created overdue notification for invoice INV-2502 (99 days overdue)
Backend CI	Run tests	2026-03-17T02:41:37.6377457Z INFO     app.scheduler.services.notification_creation:notification_creation.py:64 Created overdue notification for invoice INV-6375 (228 days overdue)
Backend CI	Run tests	2026-03-17T02:41:37.6377940Z INFO     app.scheduler.services.notification_creation:notification_creation.py:64 Created overdue notification for invoice INV-1711 (349 days overdue)
Backend CI	Run tests	2026-03-17T02:41:37.6378372Z INFO     app.scheduler.services.notification_creation:notification_creation.py:64 Created overdue notification for invoice INV-3994 (328 days overdue)
Backend CI	Run tests	2026-03-17T02:41:37.6378801Z INFO     app.scheduler.services.notification_creation:notification_creation.py:64 Created overdue notification for invoice INV-3674 (168 days overdue)
Backend CI	Run tests	2026-03-17T02:41:37.6379227Z INFO     app.scheduler.services.notification_creation:notification_creation.py:64 Created overdue notification for invoice INV-6022 (13 days overdue)
Backend CI	Run tests	2026-03-17T02:41:37.6379656Z INFO     app.scheduler.services.notification_creation:notification_creation.py:64 Created overdue notification for invoice INV-8447 (152 days overdue)
Backend CI	Run tests	2026-03-17T02:41:37.6380087Z INFO     app.scheduler.services.notification_creation:notification_creation.py:64 Created overdue notification for invoice INV-6491 (212 days overdue)
Backend CI	Run tests	2026-03-17T02:41:37.6380520Z INFO     app.scheduler.services.notification_creation:notification_creation.py:64 Created overdue notification for invoice INV-7899 (295 days overdue)
Backend CI	Run tests	2026-03-17T02:41:37.6380942Z INFO     app.scheduler.services.notification_creation:notification_creation.py:64 Created overdue notification for invoice INV-9034 (235 days overdue)
Backend CI	Run tests	2026-03-17T02:41:37.6381479Z INFO     app.scheduler.services.notification_creation:notification_creation.py:64 Created overdue notification for invoice INV-5338 (278 days overdue)
Backend CI	Run tests	2026-03-17T02:41:37.6381915Z INFO     app.scheduler.services.notification_creation:notification_creation.py:64 Created overdue notification for invoice INV-9254 (9 days overdue)
Backend CI	Run tests	2026-03-17T02:41:37.6382337Z INFO     app.scheduler.services.notification_creation:notification_creation.py:64 Created overdue notification for invoice INV-1744 (90 days overdue)
Backend CI	Run tests	2026-03-17T02:41:37.6382892Z INFO     app.scheduler.services.notification_creation:notification_creation.py:64 Created overdue notification for invoice INV-4247 (249 days overdue)
Backend CI	Run tests	2026-03-17T02:41:37.6383322Z INFO     app.scheduler.services.notification_creation:notification_creation.py:64 Created overdue notification for invoice INV-1923 (106 days overdue)
Backend CI	Run tests	2026-03-17T02:41:37.6383757Z INFO     app.scheduler.services.notification_creation:notification_creation.py:64 Created overdue notification for invoice INV-8076 (180 days overdue)
Backend CI	Run tests	2026-03-17T02:41:37.6384184Z INFO     app.scheduler.services.notification_creation:notification_creation.py:64 Created overdue notification for invoice INV-3425 (329 days overdue)
Backend CI	Run tests	2026-03-17T02:41:37.6384679Z INFO     app.scheduler.services.notification_creation:notification_creation.py:64 Created overdue notification for invoice INV-4462 (298 days overdue)
Backend CI	Run tests	2026-03-17T02:41:37.6385105Z INFO     app.scheduler.services.notification_creation:notification_creation.py:64 Created overdue notification for invoice INV-3547 (189 days overdue)
Backend CI	Run tests	2026-03-17T02:41:37.6385589Z INFO     app.scheduler.services.notification_creation:notification_creation.py:64 Created overdue notification for invoice INV-3123 (198 days overdue)
Backend CI	Run tests	2026-03-17T02:41:37.6386022Z INFO     app.scheduler.services.notification_creation:notification_creation.py:64 Created overdue notification for invoice INV-4022 (191 days overdue)
Backend CI	Run tests	2026-03-17T02:41:37.6386446Z INFO     app.scheduler.services.notification_creation:notification_creation.py:64 Created overdue notification for invoice INV-3860 (37 days overdue)
Backend CI	Run tests	2026-03-17T02:41:37.6386873Z INFO     app.scheduler.services.notification_creation:notification_creation.py:64 Created overdue notification for invoice INV-4701 (91 days overdue)
Backend CI	Run tests	2026-03-17T02:41:37.6387296Z INFO     app.scheduler.services.notification_creation:notification_creation.py:64 Created overdue notification for invoice INV-9417 (47 days overdue)
Backend CI	Run tests	2026-03-17T02:41:37.6387720Z INFO     app.scheduler.services.notification_creation:notification_creation.py:64 Created overdue notification for invoice INV-3806 (87 days overdue)
Backend CI	Run tests	2026-03-17T02:41:37.6388207Z INFO     app.scheduler.services.notification_creation:notification_creation.py:64 Created overdue notification for invoice INV-9342 (189 days overdue)
Backend CI	Run tests	2026-03-17T02:41:37.6388627Z INFO     app.scheduler.services.notification_creation:notification_creation.py:64 Created overdue notification for invoice INV-3380 (64 days overdue)
Backend CI	Run tests	2026-03-17T02:41:37.6389063Z INFO     app.scheduler.services.notification_creation:notification_creation.py:64 Created overdue notification for invoice INV-8457 (304 days overdue)
Backend CI	Run tests	2026-03-17T02:41:37.6389489Z INFO     app.scheduler.services.notification_creation:notification_creation.py:64 Created overdue notification for invoice INV-7877 (209 days overdue)
Backend CI	Run tests	2026-03-17T02:41:37.6389921Z INFO     app.scheduler.services.notification_creation:notification_creation.py:64 Created overdue notification for invoice INV-4195 (131 days overdue)
Backend CI	Run tests	2026-03-17T02:41:37.6390349Z INFO     app.scheduler.services.notification_creation:notification_creation.py:64 Created overdue notification for invoice INV-6127 (291 days overdue)
Backend CI	Run tests	2026-03-17T02:41:37.6390780Z INFO     app.scheduler.services.notification_creation:notification_creation.py:64 Created overdue notification for invoice INV-3330 (120 days overdue)
Backend CI	Run tests	2026-03-17T02:41:37.6391267Z INFO     app.scheduler.services.notification_creation:notification_creation.py:64 Created overdue notification for invoice INV-8326 (281 days overdue)
Backend CI	Run tests	2026-03-17T02:41:37.6391689Z INFO     app.scheduler.services.notification_creation:notification_creation.py:64 Created overdue notification for invoice INV-4060 (68 days overdue)
Backend CI	Run tests	2026-03-17T02:41:37.6392122Z INFO     app.scheduler.services.notification_creation:notification_creation.py:64 Created overdue notification for invoice INV-4701 (91 days overdue)
Backend CI	Run tests	2026-03-17T02:41:37.6392543Z INFO     app.scheduler.services.notification_creation:notification_creation.py:64 Created overdue notification for invoice INV-9417 (47 days overdue)
Backend CI	Run tests	2026-03-17T02:41:37.6393092Z INFO     app.scheduler.services.notification_creation:notification_creation.py:64 Created overdue notification for invoice INV-1813 (88 days overdue)
Backend CI	Run tests	2026-03-17T02:41:37.6393515Z INFO     app.scheduler.services.notification_creation:notification_creation.py:64 Created overdue notification for invoice INV-7797 (99 days overdue)
Backend CI	Run tests	2026-03-17T02:41:37.6393947Z INFO     app.scheduler.services.notification_creation:notification_creation.py:64 Created overdue notification for invoice INV-8603 (258 days overdue)
Backend CI	Run tests	2026-03-17T02:41:37.6394378Z INFO     app.scheduler.services.notification_creation:notification_creation.py:64 Created overdue notification for invoice INV-6052 (312 days overdue)
Backend CI	Run tests	2026-03-17T02:41:37.6394869Z INFO     app.scheduler.services.notification_creation:notification_creation.py:64 Created overdue notification for invoice INV-3453 (103 days overdue)
Backend CI	Run tests	2026-03-17T02:41:37.6395300Z INFO     app.scheduler.services.notification_creation:notification_creation.py:64 Created overdue notification for invoice INV-8076 (180 days overdue)
Backend CI	Run tests	2026-03-17T02:41:37.6395780Z INFO     app.scheduler.services.notification_creation:notification_creation.py:64 Created overdue notification for invoice INV-3425 (329 days overdue)
Backend CI	Run tests	2026-03-17T02:41:37.6396214Z INFO     app.scheduler.services.notification_creation:notification_creation.py:64 Created overdue notification for invoice INV-4462 (298 days overdue)
Backend CI	Run tests	2026-03-17T02:41:37.6396642Z INFO     app.scheduler.services.notification_creation:notification_creation.py:64 Created overdue notification for invoice INV-3547 (189 days overdue)
Backend CI	Run tests	2026-03-17T02:41:37.6397073Z INFO     app.scheduler.services.notification_creation:notification_creation.py:64 Created overdue notification for invoice INV-6358 (348 days overdue)
Backend CI	Run tests	2026-03-17T02:41:37.6397507Z INFO     app.scheduler.services.notification_creation:notification_creation.py:64 Created overdue notification for invoice INV-5660 (116 days overdue)
Backend CI	Run tests	2026-03-17T02:41:37.6397933Z INFO     app.scheduler.services.notification_creation:notification_creation.py:64 Created overdue notification for invoice INV-8991 (241 days overdue)
Backend CI	Run tests	2026-03-17T02:41:37.6398421Z INFO     app.scheduler.services.notification_creation:notification_creation.py:64 Created overdue notification for invoice INV-3536 (282 days overdue)
Backend CI	Run tests	2026-03-17T02:41:37.6398846Z INFO     app.scheduler.services.notification_creation:notification_creation.py:64 Created overdue notification for invoice INV-5408 (196 days overdue)
Backend CI	Run tests	2026-03-17T02:41:37.6399271Z INFO     app.scheduler.services.notification_creation:notification_creation.py:64 Created overdue notification for invoice INV-7864 (37 days overdue)
Backend CI	Run tests	2026-03-17T02:41:37.6399706Z INFO     app.scheduler.services.notification_creation:notification_creation.py:64 Created overdue notification for invoice INV-1197 (364 days overdue)
Backend CI	Run tests	2026-03-17T02:41:37.6400126Z INFO     app.scheduler.services.notification_creation:notification_creation.py:64 Created overdue notification for invoice INV-6255 (36 days overdue)
Backend CI	Run tests	2026-03-17T02:41:37.6400562Z INFO     app.scheduler.services.notification_creation:notification_creation.py:64 Created overdue notification for invoice INV-9492 (275 days overdue)
Backend CI	Run tests	2026-03-17T02:41:37.6400987Z INFO     app.scheduler.services.notification_creation:notification_creation.py:64 Created overdue notification for invoice INV-2851 (72 days overdue)
Backend CI	Run tests	2026-03-17T02:41:37.6401472Z INFO     app.scheduler.services.notification_creation:notification_creation.py:64 Created overdue notification for invoice INV-1226 (115 days overdue)
Backend CI	Run tests	2026-03-17T02:41:37.6401902Z INFO     app.scheduler.services.notification_creation:notification_creation.py:64 Created overdue notification for invoice INV-3646 (101 days overdue)
Backend CI	Run tests	2026-03-17T02:41:37.6402330Z INFO     app.scheduler.services.notification_creation:notification_creation.py:64 Created overdue notification for invoice INV-8233 (247 days overdue)
Backend CI	Run tests	2026-03-17T02:41:37.6402863Z INFO     app.scheduler.services.notification_creation:notification_creation.py:64 Created overdue notification for invoice INV-9999 (188 days overdue)
Backend CI	Run tests	2026-03-17T02:41:37.6403297Z INFO     app.scheduler.services.notification_creation:notification_creation.py:64 Created overdue notification for invoice INV-7693 (310 days overdue)
Backend CI	Run tests	2026-03-17T02:41:37.6403724Z INFO     app.scheduler.services.notification_creation:notification_creation.py:64 Created overdue notification for invoice INV-3488 (63 days overdue)
Backend CI	Run tests	2026-03-17T02:41:37.6404147Z INFO     app.scheduler.services.notification_creation:notification_creation.py:64 Created overdue notification for invoice INV-7167 (5 days overdue)
Backend CI	Run tests	2026-03-17T02:41:37.6404568Z INFO     app.scheduler.services.notification_creation:notification_creation.py:64 Created overdue notification for invoice INV-5620 (29 days overdue)
Backend CI	Run tests	2026-03-17T02:41:37.6405083Z INFO     app.scheduler.services.notification_creation:notification_creation.py:64 Created overdue notification for invoice INV-9038 (95 days overdue)
Backend CI	Run tests	2026-03-17T02:41:37.6405563Z INFO     app.scheduler.services.notification_creation:notification_creation.py:64 Created overdue notification for invoice INV-9185 (232 days overdue)
Backend CI	Run tests	2026-03-17T02:41:37.6405996Z INFO     app.scheduler.services.notification_creation:notification_creation.py:64 Created overdue notification for invoice INV-7587 (210 days overdue)
Backend CI	Run tests	2026-03-17T02:41:37.6406420Z INFO     app.scheduler.services.notification_creation:notification_creation.py:64 Created overdue notification for invoice INV-8554 (161 days overdue)
Backend CI	Run tests	2026-03-17T02:41:37.6406857Z INFO     app.scheduler.services.notification_creation:notification_creation.py:64 Created overdue notification for invoice INV-6962 (248 days overdue)
Backend CI	Run tests	2026-03-17T02:41:37.6407282Z INFO     app.scheduler.services.notification_creation:notification_creation.py:64 Created overdue notification for invoice INV-9999 (76 days overdue)
Backend CI	Run tests	2026-03-17T02:41:37.6407705Z INFO     app.scheduler.services.notification_creation:notification_creation.py:64 Created overdue notification for invoice INV-1071 (34 days overdue)
Backend CI	Run tests	2026-03-17T02:41:37.6408134Z INFO     app.scheduler.services.notification_creation:notification_creation.py:64 Created overdue notification for invoice INV-1071 (34 days overdue)
Backend CI	Run tests	2026-03-17T02:41:37.6408615Z INFO     app.scheduler.services.notification_creation:notification_creation.py:64 Created overdue notification for invoice INV-7537 (96 days overdue)
Backend CI	Run tests	2026-03-17T02:41:37.6409048Z INFO     app.scheduler.services.notification_creation:notification_creation.py:64 Created overdue notification for invoice INV-5053 (307 days overdue)
Backend CI	Run tests	2026-03-17T02:41:37.6409473Z INFO     app.scheduler.services.notification_creation:notification_creation.py:64 Created overdue notification for invoice INV-9812 (104 days overdue)
Backend CI	Run tests	2026-03-17T02:41:37.6409902Z INFO     app.scheduler.services.notification_creation:notification_creation.py:64 Created overdue notification for invoice INV-3302 (223 days overdue)
Backend CI	Run tests	2026-03-17T02:41:37.6410329Z INFO     app.scheduler.services.notification_creation:notification_creation.py:64 Created overdue notification for invoice INV-9972 (174 days overdue)
Backend CI	Run tests	2026-03-17T02:41:37.6410760Z INFO     app.scheduler.services.notification_creation:notification_creation.py:64 Created overdue notification for invoice INV-6395 (193 days overdue)
Backend CI	Run tests	2026-03-17T02:41:37.6411207Z INFO     app.scheduler.services.notification_creation:notification_creation.py:64 Created overdue notification for invoice INV-9185 (232 days overdue)
Backend CI	Run tests	2026-03-17T02:41:37.6411713Z INFO     app.scheduler.services.notification_creation:notification_creation.py:64 Created overdue notification for invoice INV-7587 (210 days overdue)
Backend CI	Run tests	2026-03-17T02:41:37.6412162Z INFO     app.scheduler.services.notification_creation:notification_creation.py:64 Created overdue notification for invoice INV-8554 (161 days overdue)
Backend CI	Run tests	2026-03-17T02:41:37.6412593Z INFO     app.scheduler.services.notification_creation:notification_creation.py:64 Created overdue notification for invoice INV-6962 (248 days overdue)
Backend CI	Run tests	2026-03-17T02:41:37.6413113Z INFO     app.scheduler.services.notification_creation:notification_creation.py:64 Created overdue notification for invoice INV-9999 (76 days overdue)
Backend CI	Run tests	2026-03-17T02:41:37.6413551Z INFO     app.scheduler.services.notification_creation:notification_creation.py:64 Created overdue notification for invoice INV-1000 (303 days overdue)
Backend CI	Run tests	2026-03-17T02:41:37.6413975Z INFO     app.scheduler.services.notification_creation:notification_creation.py:64 Created overdue notification for invoice INV-5001 (119 days overdue)
Backend CI	Run tests	2026-03-17T02:41:37.6414405Z INFO     app.scheduler.services.notification_creation:notification_creation.py:64 Created overdue notification for invoice INV-6536 (18 days overdue)
Backend CI	Run tests	2026-03-17T02:41:37.6414832Z INFO     app.scheduler.services.notification_creation:notification_creation.py:64 Created overdue notification for invoice INV-2977 (236 days overdue)
Backend CI	Run tests	2026-03-17T02:41:37.6415325Z INFO     app.scheduler.services.notification_creation:notification_creation.py:64 Created overdue notification for invoice INV-6645 (188 days overdue)
Backend CI	Run tests	2026-03-17T02:41:37.6415812Z INFO     app.scheduler.services.notification_creation:notification_creation.py:64 Created overdue notification for invoice INV-1632 (225 days overdue)
Backend CI	Run tests	2026-03-17T02:41:37.6416242Z INFO     app.scheduler.services.notification_creation:notification_creation.py:64 Created overdue notification for invoice INV-4345 (181 days overdue)
Backend CI	Run tests	2026-03-17T02:41:37.6416674Z INFO     app.scheduler.services.notification_creation:notification_creation.py:64 Created overdue notification for invoice INV-6358 (348 days overdue)
Backend CI	Run tests	2026-03-17T02:41:37.6417100Z INFO     app.scheduler.services.notification_creation:notification_creation.py:64 Created overdue notification for invoice INV-5660 (116 days overdue)
Backend CI	Run tests	2026-03-17T02:41:37.6417529Z INFO     app.scheduler.services.notification_creation:notification_creation.py:64 Created overdue notification for invoice INV-8991 (241 days overdue)
Backend CI	Run tests	2026-03-17T02:41:37.6417951Z INFO     app.scheduler.services.notification_creation:notification_creation.py:64 Created overdue notification for invoice INV-1544 (341 days overdue)
Backend CI	Run tests	2026-03-17T02:41:37.6418430Z INFO     app.scheduler.services.notification_creation:notification_creation.py:64 Created overdue notification for invoice INV-4420 (24 days overdue)
Backend CI	Run tests	2026-03-17T02:41:37.6418859Z INFO     app.scheduler.services.notification_creation:notification_creation.py:64 Created overdue notification for invoice INV-1168 (160 days overdue)
Backend CI	Run tests	2026-03-17T02:41:37.6419283Z INFO     app.scheduler.services.notification_creation:notification_creation.py:64 Created overdue notification for invoice INV-1492 (4 days overdue)
Backend CI	Run tests	2026-03-17T02:41:37.6419712Z INFO     app.scheduler.services.notification_creation:notification_creation.py:64 Created overdue notification for invoice INV-9246 (23 days overdue)
Backend CI	Run tests	2026-03-17T02:41:37.6420136Z INFO     app.scheduler.services.notification_creation:notification_creation.py:64 Created overdue notification for invoice INV-5878 (54 days overdue)
Backend CI	Run tests	2026-03-17T02:41:37.6420566Z INFO     app.scheduler.services.notification_creation:notification_creation.py:64 Created overdue notification for invoice INV-9848 (347 days overdue)
Backend CI	Run tests	2026-03-17T02:41:37.6420997Z INFO     app.scheduler.services.notification_creation:notification_creation.py:64 Created overdue notification for invoice INV-1001 (142 days overdue)
Backend CI	Run tests	2026-03-17T02:41:37.6421423Z INFO     app.scheduler.services.notification_creation:notification_creation.py:64 Created overdue notification for invoice INV-8605 (264 days overdue)
Backend CI	Run tests	2026-03-17T02:41:37.6421910Z INFO     app.scheduler.services.notification_creation:notification_creation.py:64 Created overdue notification for invoice INV-5543 (279 days overdue)
Backend CI	Run tests	2026-03-17T02:41:37.6422337Z INFO     app.scheduler.services.notification_creation:notification_creation.py:64 Created overdue notification for invoice INV-4680 (219 days overdue)
Backend CI	Run tests	2026-03-17T02:41:37.6422895Z INFO     app.scheduler.services.notification_creation:notification_creation.py:64 Created overdue notification for invoice INV-1984 (365 days overdue)
Backend CI	Run tests	2026-03-17T02:41:37.6423465Z INFO     app.scheduler.services.notification_creation:notification_creation.py:64 Created overdue notification for invoice INV-7199 (155 days overdue)
Backend CI	Run tests	2026-03-17T02:41:37.6424139Z INFO     app.scheduler.services.notification_creation:notification_creation.py:64 Created overdue notification for invoice INV-2313 (224 days overdue)
Backend CI	Run tests	2026-03-17T02:41:37.6424579Z INFO     app.scheduler.services.notification_creation:notification_creation.py:64 Created overdue notification for invoice INV-1844 (171 days overdue)
Backend CI	Run tests	2026-03-17T02:41:37.6425015Z INFO     app.scheduler.services.notification_creation:notification_creation.py:64 Created overdue notification for invoice INV-4986 (364 days overdue)
Backend CI	Run tests	2026-03-17T02:41:37.6425534Z INFO     app.scheduler.services.notification_creation:notification_creation.py:64 Created overdue notification for invoice INV-2229 (146 days overdue)
Backend CI	Run tests	2026-03-17T02:41:37.6425962Z INFO     app.scheduler.services.notification_creation:notification_creation.py:64 Created overdue notification for invoice INV-9302 (173 days overdue)
Backend CI	Run tests	2026-03-17T02:41:37.6426448Z INFO     app.scheduler.services.notification_creation:notification_creation.py:64 Created overdue notification for invoice INV-2668 (37 days overdue)
Backend CI	Run tests	2026-03-17T02:41:37.6426874Z INFO     app.scheduler.services.notification_creation:notification_creation.py:64 Created overdue notification for invoice INV-2576 (316 days overdue)
Backend CI	Run tests	2026-03-17T02:41:37.6427301Z INFO     app.scheduler.services.notification_creation:notification_creation.py:64 Created overdue notification for invoice INV-1607 (194 days overdue)
Backend CI	Run tests	2026-03-17T02:41:37.6427731Z INFO     app.scheduler.services.notification_creation:notification_creation.py:64 Created overdue notification for invoice INV-1001 (325 days overdue)
Backend CI	Run tests	2026-03-17T02:41:37.6428160Z INFO     app.scheduler.services.notification_creation:notification_creation.py:64 Created overdue notification for invoice INV-8233 (247 days overdue)
Backend CI	Run tests	2026-03-17T02:41:37.6428588Z INFO     app.scheduler.services.notification_creation:notification_creation.py:64 Created overdue notification for invoice INV-9999 (188 days overdue)
Backend CI	Run tests	2026-03-17T02:41:37.6429071Z INFO     app.scheduler.services.notification_creation:notification_creation.py:64 Created overdue notification for invoice INV-9026 (299 days overdue)
Backend CI	Run tests	2026-03-17T02:41:37.6429499Z INFO     app.scheduler.services.notification_creation:notification_creation.py:64 Created overdue notification for invoice INV-9831 (120 days overdue)
Backend CI	Run tests	2026-03-17T02:41:37.6429928Z INFO     app.scheduler.services.notification_creation:notification_creation.py:64 Created overdue notification for invoice INV-5203 (327 days overdue)
Backend CI	Run tests	2026-03-17T02:41:37.6430352Z INFO     app.scheduler.services.notification_creation:notification_creation.py:64 Created overdue notification for invoice INV-2133 (330 days overdue)
Backend CI	Run tests	2026-03-17T02:41:37.6430784Z INFO     app.scheduler.services.notification_creation:notification_creation.py:64 Created overdue notification for invoice INV-8480 (172 days overdue)
Backend CI	Run tests	2026-03-17T02:41:37.6431229Z INFO     app.scheduler.services.notification_creation:notification_creation.py:64 Created overdue notification for invoice INV-9998 (265 days overdue)
Backend CI	Run tests	2026-03-17T02:41:37.6431667Z INFO     app.scheduler.services.notification_creation:notification_creation.py:64 Created overdue notification for invoice INV-2862 (270 days overdue)
Backend CI	Run tests	2026-03-17T02:41:37.6432090Z INFO     app.scheduler.services.notification_creation:notification_creation.py:64 Created overdue notification for invoice INV-9254 (9 days overdue)
Backend CI	Run tests	2026-03-17T02:41:37.6432569Z INFO     app.scheduler.services.notification_creation:notification_creation.py:64 Created overdue notification for invoice INV-1744 (90 days overdue)
Backend CI	Run tests	2026-03-17T02:41:37.6433126Z INFO     app.scheduler.services.notification_creation:notification_creation.py:64 Created overdue notification for invoice INV-4247 (249 days overdue)
Backend CI	Run tests	2026-03-17T02:41:37.6433554Z INFO     app.scheduler.services.notification_creation:notification_creation.py:64 Created overdue notification for invoice INV-1923 (106 days overdue)
Backend CI	Run tests	2026-03-17T02:41:37.6433987Z INFO     app.scheduler.services.notification_creation:notification_creation.py:64 Created overdue notification for invoice INV-2109 (331 days overdue)
Backend CI	Run tests	2026-03-17T02:41:37.6434411Z INFO     app.scheduler.services.notification_creation:notification_creation.py:64 Created overdue notification for invoice INV-2783 (58 days overdue)
Backend CI	Run tests	2026-03-17T02:41:37.6434843Z INFO     app.scheduler.services.notification_creation:notification_creation.py:64 Created overdue notification for invoice INV-3993 (159 days overdue)
Backend CI	Run tests	2026-03-17T02:41:37.6435268Z INFO     app.scheduler.services.notification_creation:notification_creation.py:64 Created overdue notification for invoice INV-7585 (314 days overdue)
Backend CI	Run tests	2026-03-17T02:41:37.6435784Z INFO     app.scheduler.services.notification_creation:notification_creation.py:64 Created overdue notification for invoice INV-9367 (2 days overdue)
Backend CI	Run tests	2026-03-17T02:41:37.6436220Z INFO     app.scheduler.services.notification_creation:notification_creation.py:64 Created overdue notification for invoice INV-1000 (207 days overdue)
Backend CI	Run tests	2026-03-17T02:41:37.6436707Z INFO     app.scheduler.services.notification_creation:notification_creation.py:64 Created overdue notification for invoice INV-8247 (282 days overdue)
Backend CI	Run tests	2026-03-17T02:41:37.6437140Z INFO     app.scheduler.services.notification_creation:notification_creation.py:64 Created overdue notification for invoice INV-4680 (219 days overdue)
Backend CI	Run tests	2026-03-17T02:41:37.6437566Z INFO     app.scheduler.services.notification_creation:notification_creation.py:64 Created overdue notification for invoice INV-1984 (365 days overdue)
Backend CI	Run tests	2026-03-17T02:41:37.6437995Z INFO     app.scheduler.services.notification_creation:notification_creation.py:64 Created overdue notification for invoice INV-7199 (155 days overdue)
Backend CI	Run tests	2026-03-17T02:41:37.6438418Z INFO     app.scheduler.services.notification_creation:notification_creation.py:64 Created overdue notification for invoice INV-2668 (37 days overdue)
Backend CI	Run tests	2026-03-17T02:41:37.6438841Z INFO     app.scheduler.services.notification_creation:notification_creation.py:64 Created overdue notification for invoice INV-2576 (316 days overdue)
Backend CI	Run tests	2026-03-17T02:41:37.6439329Z INFO     app.scheduler.services.notification_creation:notification_creation.py:64 Created overdue notification for invoice INV-6358 (348 days overdue)
Backend CI	Run tests	2026-03-17T02:41:37.6439751Z INFO     app.scheduler.services.notification_creation:notification_creation.py:64 Created overdue notification for invoice INV-5660 (116 days overdue)
Backend CI	Run tests	2026-03-17T02:41:37.6440183Z INFO     app.scheduler.services.notification_creation:notification_creation.py:64 Created overdue notification for invoice INV-8991 (241 days overdue)
Backend CI	Run tests	2026-03-17T02:41:37.6440610Z INFO     app.scheduler.services.notification_creation:notification_creation.py:64 Created overdue notification for invoice INV-6395 (193 days overdue)
Backend CI	Run tests	2026-03-17T02:41:37.6441032Z INFO     app.scheduler.services.notification_creation:notification_creation.py:64 Created overdue notification for invoice INV-9026 (299 days overdue)
Backend CI	Run tests	2026-03-17T02:41:37.6441459Z INFO     app.scheduler.services.notification_creation:notification_creation.py:64 Created overdue notification for invoice INV-9831 (120 days overdue)
Backend CI	Run tests	2026-03-17T02:41:37.6441884Z INFO     app.scheduler.services.notification_creation:notification_creation.py:64 Created overdue notification for invoice INV-6395 (193 days overdue)
Backend CI	Run tests	2026-03-17T02:41:37.6442370Z INFO     app.scheduler.services.notification_creation:notification_creation.py:64 Created overdue notification for invoice INV-3380 (64 days overdue)
Backend CI	Run tests	2026-03-17T02:41:37.6442895Z INFO     app.scheduler.services.notification_creation:notification_creation.py:64 Created overdue notification for invoice INV-8457 (304 days overdue)
Backend CI	Run tests	2026-03-17T02:41:37.6443332Z INFO     app.scheduler.services.notification_creation:notification_creation.py:64 Created overdue notification for invoice INV-7877 (209 days overdue)
Backend CI	Run tests	2026-03-17T02:41:37.6443758Z INFO     app.scheduler.services.notification_creation:notification_creation.py:64 Created overdue notification for invoice INV-4195 (131 days overdue)
Backend CI	Run tests	2026-03-17T02:41:37.6444189Z INFO     app.scheduler.services.notification_creation:notification_creation.py:64 Created overdue notification for invoice INV-6127 (291 days overdue)
Backend CI	Run tests	2026-03-17T02:41:37.6444616Z INFO     app.scheduler.services.notification_creation:notification_creation.py:64 Created overdue notification for invoice INV-1632 (225 days overdue)
Backend CI	Run tests	2026-03-17T02:41:37.6445042Z INFO     app.scheduler.services.notification_creation:notification_creation.py:64 Created overdue notification for invoice INV-4345 (181 days overdue)
Backend CI	Run tests	2026-03-17T02:41:37.6445468Z INFO     app.scheduler.services.notification_creation:notification_creation.py:64 Created overdue notification for invoice INV-1071 (34 days overdue)
Backend CI	Run tests	2026-03-17T02:41:37.6445955Z INFO     app.scheduler.services.notification_creation:notification_creation.py:64 Created overdue notification for invoice INV-5543 (279 days overdue)
Backend CI	Run tests	2026-03-17T02:41:37.6446381Z INFO     app.scheduler.services.notification_creation:notification_creation.py:64 Created overdue notification for invoice INV-8386 (162 days overdue)
Backend CI	Run tests	2026-03-17T02:41:37.6446868Z INFO     app.scheduler.services.notification_creation:notification_creation.py:64 Created overdue notification for invoice INV-8079 (142 days overdue)
Backend CI	Run tests	2026-03-17T02:41:37.6447289Z INFO     app.scheduler.services.notification_creation:notification_creation.py:64 Created overdue notification for invoice INV-9188 (10 days overdue)
Backend CI	Run tests	2026-03-17T02:41:37.6447718Z INFO     app.scheduler.services.notification_creation:notification_creation.py:64 Created overdue notification for invoice INV-1191 (88 days overdue)
Backend CI	Run tests	2026-03-17T02:41:37.6448138Z INFO     app.scheduler.services.notification_creation:notification_creation.py:64 Created overdue notification for invoice INV-9536 (98 days overdue)
Backend CI	Run tests	2026-03-17T02:41:37.6448571Z INFO     app.scheduler.services.notification_creation:notification_creation.py:64 Created overdue notification for invoice INV-3546 (365 days overdue)
Backend CI	Run tests	2026-03-17T02:41:37.6448999Z INFO     app.scheduler.services.notification_creation:notification_creation.py:64 Created overdue notification for invoice INV-6038 (267 days overdue)
Backend CI	Run tests	2026-03-17T02:41:37.6449473Z INFO     app.scheduler.services.notification_creation:notification_creation.py:64 Created overdue notification for invoice INV-4996 (78 days overdue)
Backend CI	Run tests	2026-03-17T02:41:37.6449905Z INFO     app.scheduler.services.notification_creation:notification_creation.py:64 Created overdue notification for invoice INV-5864 (138 days overdue)
Backend CI	Run tests	2026-03-17T02:41:37.6450332Z INFO     app.scheduler.services.notification_creation:notification_creation.py:64 Created overdue notification for invoice INV-1757 (211 days overdue)
Backend CI	Run tests	2026-03-17T02:41:37.6450757Z INFO     app.scheduler.services.notification_creation:notification_creation.py:64 Created overdue notification for invoice INV-5282 (7 days overdue)
Backend CI	Run tests	2026-03-17T02:41:37.6451182Z INFO     app.scheduler.services.notification_creation:notification_creation.py:64 Created overdue notification for invoice INV-1381 (136 days overdue)
Backend CI	Run tests	2026-03-17T02:41:37.6451613Z INFO     app.scheduler.services.notification_creation:notification_creation.py:64 Created overdue notification for invoice INV-9389 (307 days overdue)
Backend CI	Run tests	2026-03-17T02:41:37.6452031Z INFO     app.scheduler.services.notification_creation:notification_creation.py:64 Created overdue notification for invoice INV-9324 (11 days overdue)
Backend CI	Run tests	2026-03-17T02:41:37.6452549Z INFO     app.scheduler.services.notification_creation:notification_creation.py:64 Created overdue notification for invoice INV-9999 (210 days overdue)
Backend CI	Run tests	2026-03-17T02:41:37.6453102Z INFO     app.scheduler.services.notification_creation:notification_creation.py:64 Created overdue notification for invoice INV-1276 (16 days overdue)
Backend CI	Run tests	2026-03-17T02:41:37.6453534Z INFO     app.scheduler.services.notification_creation:notification_creation.py:64 Created overdue notification for invoice INV-1677 (260 days overdue)
Backend CI	Run tests	2026-03-17T02:41:37.6453965Z INFO     app.scheduler.services.notification_creation:notification_creation.py:64 Created overdue notification for invoice INV-2587 (288 days overdue)
Backend CI	Run tests	2026-03-17T02:41:37.6454394Z INFO     app.scheduler.services.notification_creation:notification_creation.py:64 Created overdue notification for invoice INV-4211 (141 days overdue)
Backend CI	Run tests	2026-03-17T02:41:37.6454814Z INFO     app.scheduler.services.notification_creation:notification_creation.py:64 Created overdue notification for invoice INV-7261 (35 days overdue)
Backend CI	Run tests	2026-03-17T02:41:37.6455247Z INFO     app.scheduler.services.notification_creation:notification_creation.py:64 Created overdue notification for invoice INV-7904 (306 days overdue)
Backend CI	Run tests	2026-03-17T02:41:37.6455671Z INFO     app.scheduler.services.notification_creation:notification_creation.py:64 Created overdue notification for invoice INV-1496 (365 days overdue)
Backend CI	Run tests	2026-03-17T02:41:37.6456166Z INFO     app.scheduler.services.notification_creation:notification_creation.py:64 Created overdue notification for invoice INV-1258 (194 days overdue)
Backend CI	Run tests	2026-03-17T02:41:37.6456644Z INFO     app.scheduler.services.notification_creation:notification_creation.py:64 Created overdue notification for invoice INV-8164 (262 days overdue)
Backend CI	Run tests	2026-03-17T02:41:37.6457070Z INFO     app.scheduler.services.notification_creation:notification_creation.py:64 Created overdue notification for invoice INV-3078 (8 days overdue)
Backend CI	Run tests	2026-03-17T02:41:37.6457495Z INFO     app.scheduler.services.notification_creation:notification_creation.py:64 Created overdue notification for invoice INV-3948 (240 days overdue)
Backend CI	Run tests	2026-03-17T02:41:37.6457921Z INFO     app.scheduler.services.notification_creation:notification_creation.py:64 Created overdue notification for invoice INV-2722 (247 days overdue)
Backend CI	Run tests	2026-03-17T02:41:37.6458349Z INFO     app.scheduler.services.notification_creation:notification_creation.py:64 Created overdue notification for invoice INV-7513 (43 days overdue)
Backend CI	Run tests	2026-03-17T02:41:37.6458774Z INFO     app.scheduler.services.notification_creation:notification_creation.py:64 Created overdue notification for invoice INV-2266 (251 days overdue)
Backend CI	Run tests	2026-03-17T02:41:37.6459208Z INFO     app.scheduler.services.notification_creation:notification_creation.py:64 Created overdue notification for invoice INV-7355 (132 days overdue)
Backend CI	Run tests	2026-03-17T02:41:37.6459686Z INFO     app.scheduler.services.notification_creation:notification_creation.py:64 Created overdue notification for invoice INV-9448 (151 days overdue)
Backend CI	Run tests	2026-03-17T02:41:37.6460113Z INFO     app.scheduler.services.notification_creation:notification_creation.py:64 Created overdue notification for invoice INV-3916 (74 days overdue)
Backend CI	Run tests	2026-03-17T02:41:37.6460542Z INFO     app.scheduler.services.notification_creation:notification_creation.py:64 Created overdue notification for invoice INV-3586 (23 days overdue)
Backend CI	Run tests	2026-03-17T02:41:37.6460973Z INFO     app.scheduler.services.notification_creation:notification_creation.py:64 Created overdue notification for invoice INV-9316 (190 days overdue)
Backend CI	Run tests	2026-03-17T02:41:37.6461401Z INFO     app.scheduler.services.notification_creation:notification_creation.py:64 Created overdue notification for invoice INV-8693 (356 days overdue)
Backend CI	Run tests	2026-03-17T02:41:37.6461828Z INFO     app.scheduler.services.notification_creation:notification_creation.py:64 Created overdue notification for invoice INV-3536 (282 days overdue)
Backend CI	Run tests	2026-03-17T02:41:37.6462257Z INFO     app.scheduler.services.notification_creation:notification_creation.py:64 Created overdue notification for invoice INV-5408 (196 days overdue)
Backend CI	Run tests	2026-03-17T02:41:37.6462852Z INFO     app.scheduler.services.notification_creation:notification_creation.py:64 Created overdue notification for invoice INV-7864 (37 days overdue)
Backend CI	Run tests	2026-03-17T02:41:37.6463281Z INFO     app.scheduler.services.notification_creation:notification_creation.py:64 Created overdue notification for invoice INV-1197 (364 days overdue)
Backend CI	Run tests	2026-03-17T02:41:37.6463709Z INFO     app.scheduler.services.notification_creation:notification_creation.py:64 Created overdue notification for invoice INV-6255 (36 days overdue)
Backend CI	Run tests	2026-03-17T02:41:37.6464136Z INFO     app.scheduler.services.notification_creation:notification_creation.py:64 Created overdue notification for invoice INV-2502 (99 days overdue)
Backend CI	Run tests	2026-03-17T02:41:37.6464570Z INFO     app.scheduler.services.notification_creation:notification_creation.py:64 Created overdue notification for invoice INV-6375 (228 days overdue)
Backend CI	Run tests	2026-03-17T02:41:37.6464991Z INFO     app.scheduler.services.notification_creation:notification_creation.py:64 Created overdue notification for invoice INV-9246 (23 days overdue)
Backend CI	Run tests	2026-03-17T02:41:37.6465421Z INFO     app.scheduler.services.notification_creation:notification_creation.py:64 Created overdue notification for invoice INV-5878 (54 days overdue)
Backend CI	Run tests	2026-03-17T02:41:37.6465910Z INFO     app.scheduler.services.notification_creation:notification_creation.py:64 Created overdue notification for invoice INV-9848 (347 days overdue)
Backend CI	Run tests	2026-03-17T02:41:37.6466335Z INFO     app.scheduler.services.notification_creation:notification_creation.py:64 Created overdue notification for invoice INV-1001 (142 days overdue)
Backend CI	Run tests	2026-03-17T02:41:37.6466815Z INFO     app.scheduler.services.notification_creation:notification_creation.py:64 Created overdue notification for invoice INV-8605 (264 days overdue)
Backend CI	Run tests	2026-03-17T02:41:37.6467237Z INFO     app.scheduler.services.notification_creation:notification_creation.py:64 Created overdue notification for invoice INV-1571 (44 days overdue)
Backend CI	Run tests	2026-03-17T02:41:37.6467668Z INFO     app.scheduler.services.notification_creation:notification_creation.py:64 Created overdue notification for invoice INV-8796 (258 days overdue)
Backend CI	Run tests	2026-03-17T02:41:37.6468087Z INFO     app.scheduler.services.notification_creation:notification_creation.py:64 Created overdue notification for invoice INV-3833 (35 days overdue)
Backend CI	Run tests	2026-03-17T02:41:37.6468512Z INFO     app.scheduler.services.notification_creation:notification_creation.py:64 Created overdue notification for invoice INV-3597 (255 days overdue)
Backend CI	Run tests	2026-03-17T02:41:37.6468937Z INFO     app.scheduler.services.notification_creation:notification_creation.py:64 Created overdue notification for invoice INV-7513 (43 days overdue)
Backend CI	Run tests	2026-03-17T02:41:37.6469416Z INFO     app.scheduler.services.notification_creation:notification_creation.py:64 Created overdue notification for invoice INV-2266 (251 days overdue)
Backend CI	Run tests	2026-03-17T02:41:37.6469845Z INFO     app.scheduler.services.notification_creation:notification_creation.py:64 Created overdue notification for invoice INV-7355 (132 days overdue)
Backend CI	Run tests	2026-03-17T02:41:37.6470272Z INFO     app.scheduler.services.notification_creation:notification_creation.py:64 Created overdue notification for invoice INV-1711 (349 days overdue)
Backend CI	Run tests	2026-03-17T02:41:37.6470701Z INFO     app.scheduler.services.notification_creation:notification_creation.py:64 Created overdue notification for invoice INV-4981 (290 days overdue)
Backend CI	Run tests	2026-03-17T02:41:37.6471128Z INFO     app.scheduler.services.notification_creation:notification_creation.py:64 Created overdue notification for invoice INV-1801 (162 days overdue)
Backend CI	Run tests	2026-03-17T02:41:37.6471553Z INFO     app.scheduler.services.notification_creation:notification_creation.py:64 Created overdue notification for invoice INV-7736 (137 days overdue)
Backend CI	Run tests	2026-03-17T02:41:37.6471986Z INFO     app.scheduler.services.notification_creation:notification_creation.py:64 Created overdue notification for invoice INV-3994 (328 days overdue)
Backend CI	Run tests	2026-03-17T02:41:37.6472410Z INFO     app.scheduler.services.notification_creation:notification_creation.py:64 Created overdue notification for invoice INV-3674 (168 days overdue)
Backend CI	Run tests	2026-03-17T02:41:37.6473011Z INFO     app.scheduler.services.notification_creation:notification_creation.py:64 Created overdue notification for invoice INV-6022 (13 days overdue)
Backend CI	Run tests	2026-03-17T02:41:37.6473441Z INFO     app.scheduler.services.notification_creation:notification_creation.py:64 Created overdue notification for invoice INV-9564 (184 days overdue)
Backend CI	Run tests	2026-03-17T02:41:37.6473870Z INFO     app.scheduler.services.notification_creation:notification_creation.py:64 Created overdue notification for invoice INV-6243 (326 days overdue)
Backend CI	Run tests	2026-03-17T02:41:37.6474300Z INFO     app.scheduler.services.notification_creation:notification_creation.py:64 Created overdue notification for invoice INV-9089 (31 days overdue)
Backend CI	Run tests	2026-03-17T02:41:37.6474726Z INFO     app.scheduler.services.notification_creation:notification_creation.py:64 Created overdue notification for invoice INV-4099 (183 days overdue)
Backend CI	Run tests	2026-03-17T02:41:37.6475156Z INFO     app.scheduler.services.notification_creation:notification_creation.py:64 Created overdue notification for invoice INV-8076 (180 days overdue)
Backend CI	Run tests	2026-03-17T02:41:37.6475587Z INFO     app.scheduler.services.notification_creation:notification_creation.py:64 Created overdue notification for invoice INV-3425 (329 days overdue)
Backend CI	Run tests	2026-03-17T02:41:37.6476076Z INFO     app.scheduler.services.notification_creation:notification_creation.py:64 Created overdue notification for invoice INV-4462 (298 days overdue)
Backend CI	Run tests	2026-03-17T02:41:37.6476501Z INFO     app.scheduler.services.notification_creation:notification_creation.py:64 Created overdue notification for invoice INV-3547 (189 days overdue)
Backend CI	Run tests	2026-03-17T02:41:37.6476981Z INFO     app.scheduler.services.notification_creation:notification_creation.py:64 Created overdue notification for invoice INV-8447 (152 days overdue)
Backend CI	Run tests	2026-03-17T02:41:37.6477411Z INFO     app.scheduler.services.notification_creation:notification_creation.py:64 Created overdue notification for invoice INV-6491 (212 days overdue)
Backend CI	Run tests	2026-03-17T02:41:37.6477838Z INFO     app.scheduler.services.notification_creation:notification_creation.py:64 Created overdue notification for invoice INV-7899 (295 days overdue)
Backend CI	Run tests	2026-03-17T02:41:37.6478268Z INFO     app.scheduler.services.notification_creation:notification_creation.py:64 Created overdue notification for invoice INV-9034 (235 days overdue)
Backend CI	Run tests	2026-03-17T02:41:37.6478697Z INFO     app.scheduler.services.notification_creation:notification_creation.py:64 Created overdue notification for invoice INV-5338 (278 days overdue)
Backend CI	Run tests	2026-03-17T02:41:37.6479126Z INFO     app.scheduler.services.notification_creation:notification_creation.py:64 Created overdue notification for invoice INV-8693 (356 days overdue)
Backend CI	Run tests	2026-03-17T02:41:37.6479604Z INFO     app.scheduler.services.notification_creation:notification_creation.py:64 Created overdue notification for invoice INV-5677 (365 days overdue)
Backend CI	Run tests	2026-03-17T02:41:37.6480030Z INFO     app.scheduler.services.notification_creation:notification_creation.py:64 Created overdue notification for invoice INV-6082 (331 days overdue)
Backend CI	Run tests	2026-03-17T02:41:37.6480462Z INFO     app.scheduler.services.notification_creation:notification_creation.py:64 Created overdue notification for invoice INV-4889 (365 days overdue)
Backend CI	Run tests	2026-03-17T02:41:37.6480885Z INFO     app.scheduler.services.notification_creation:notification_creation.py:64 Created overdue notification for invoice INV-5690 (19 days overdue)
Backend CI	Run tests	2026-03-17T02:41:37.6481318Z INFO     app.scheduler.services.notification_creation:notification_creation.py:64 Created overdue notification for invoice INV-5203 (327 days overdue)
Backend CI	Run tests	2026-03-17T02:41:37.6481744Z INFO     app.scheduler.services.notification_creation:notification_creation.py:64 Created overdue notification for invoice INV-2133 (330 days overdue)
Backend CI	Run tests	2026-03-17T02:41:37.6482170Z INFO     app.scheduler.services.notification_creation:notification_creation.py:64 Created overdue notification for invoice INV-8480 (172 days overdue)
Backend CI	Run tests	2026-03-17T02:41:37.6482599Z INFO     app.scheduler.services.notification_creation:notification_creation.py:64 Created overdue notification for invoice INV-9998 (265 days overdue)
Backend CI	Run tests	2026-03-17T02:41:37.6483182Z INFO     app.scheduler.services.notification_creation:notification_creation.py:64 Created overdue notification for invoice INV-2862 (270 days overdue)
Backend CI	Run tests	2026-03-17T02:41:37.6483611Z INFO     app.scheduler.services.notification_creation:notification_creation.py:64 Created overdue notification for invoice INV-3916 (74 days overdue)
Backend CI	Run tests	2026-03-17T02:41:37.6484037Z INFO     app.scheduler.services.notification_creation:notification_creation.py:64 Created overdue notification for invoice INV-5400 (330 days overdue)
Backend CI	Run tests	2026-03-17T02:41:37.6484471Z INFO     app.scheduler.services.notification_creation:notification_creation.py:64 Created overdue notification for invoice INV-9776 (339 days overdue)
Backend CI	Run tests	2026-03-17T02:41:37.6484899Z INFO     app.scheduler.services.notification_creation:notification_creation.py:64 Created overdue notification for invoice INV-3563 (273 days overdue)
Backend CI	Run tests	2026-03-17T02:41:37.6485320Z INFO     app.scheduler.services.notification_creation:notification_creation.py:64 Created overdue notification for invoice INV-6332 (89 days overdue)
Backend CI	Run tests	2026-03-17T02:41:37.6485752Z INFO     app.scheduler.services.notification_creation:notification_creation.py:64 Created overdue notification for invoice INV-4558 (200 days overdue)
Backend CI	Run tests	2026-03-17T02:41:37.6486234Z INFO     app.scheduler.services.notification_creation:notification_creation.py:64 Created overdue notification for invoice INV-7540 (35 days overdue)
Backend CI	Run tests	2026-03-17T02:41:37.6486665Z INFO     app.scheduler.services.notification_creation:notification_creation.py:64 Created overdue notification for invoice INV-1914 (118 days overdue)
Backend CI	Run tests	2026-03-17T02:41:37.6487140Z INFO     app.scheduler.services.notification_creation:notification_creation.py:64 Created overdue notification for invoice INV-3874 (79 days overdue)
Backend CI	Run tests	2026-03-17T02:41:37.6487570Z INFO     app.scheduler.services.notification_creation:notification_creation.py:64 Created overdue notification for invoice INV-5754 (89 days overdue)
Backend CI	Run tests	2026-03-17T02:41:37.6487996Z INFO     app.scheduler.services.notification_creation:notification_creation.py:64 Created overdue notification for invoice INV-7922 (201 days overdue)
Backend CI	Run tests	2026-03-17T02:41:37.6488417Z INFO     app.scheduler.services.notification_creation:notification_creation.py:64 Created overdue notification for invoice INV-3784 (42 days overdue)
Backend CI	Run tests	2026-03-17T02:41:37.6488847Z INFO     app.scheduler.services.notification_creation:notification_creation.py:64 Created overdue notification for invoice INV-2940 (59 days overdue)
Backend CI	Run tests	2026-03-17T02:41:37.6489275Z INFO     app.scheduler.services.notification_creation:notification_creation.py:64 Created overdue notification for invoice INV-8447 (152 days overdue)
Backend CI	Run tests	2026-03-17T02:41:37.6489759Z INFO     app.scheduler.services.notification_creation:notification_creation.py:64 Created overdue notification for invoice INV-6491 (212 days overdue)
Backend CI	Run tests	2026-03-17T02:41:37.6490184Z INFO     app.scheduler.services.notification_creation:notification_creation.py:64 Created overdue notification for invoice INV-7899 (295 days overdue)
Backend CI	Run tests	2026-03-17T02:41:37.6490609Z INFO     app.scheduler.services.notification_creation:notification_creation.py:64 Created overdue notification for invoice INV-9034 (235 days overdue)
Backend CI	Run tests	2026-03-17T02:41:37.6491044Z INFO     app.scheduler.services.notification_creation:notification_creation.py:64 Created overdue notification for invoice INV-5338 (278 days overdue)
Backend CI	Run tests	2026-03-17T02:41:37.6491465Z INFO     app.scheduler.services.notification_creation:notification_creation.py:64 Created overdue notification for invoice INV-7513 (43 days overdue)
Backend CI	Run tests	2026-03-17T02:41:37.6491900Z INFO     app.scheduler.services.notification_creation:notification_creation.py:64 Created overdue notification for invoice INV-2266 (251 days overdue)
Backend CI	Run tests	2026-03-17T02:41:37.6492331Z INFO     app.scheduler.services.notification_creation:notification_creation.py:64 Created overdue notification for invoice INV-7355 (132 days overdue)
Backend CI	Run tests	2026-03-17T02:41:37.6492917Z INFO     app.scheduler.services.notification_creation:notification_creation.py:64 Created overdue notification for invoice INV-8076 (180 days overdue)
Backend CI	Run tests	2026-03-17T02:41:37.6493341Z INFO     app.scheduler.services.notification_creation:notification_creation.py:64 Created overdue notification for invoice INV-3425 (329 days overdue)
Backend CI	Run tests	2026-03-17T02:41:37.6493769Z INFO     app.scheduler.services.notification_creation:notification_creation.py:64 Created overdue notification for invoice INV-4462 (298 days overdue)
Backend CI	Run tests	2026-03-17T02:41:37.6494199Z INFO     app.scheduler.services.notification_creation:notification_creation.py:64 Created overdue notification for invoice INV-3547 (189 days overdue)
Backend CI	Run tests	2026-03-17T02:41:37.6494627Z INFO     app.scheduler.services.notification_creation:notification_creation.py:64 Created overdue notification for invoice INV-9832 (337 days overdue)
Backend CI	Run tests	2026-03-17T02:41:37.6495065Z INFO     app.scheduler.services.notification_creation:notification_creation.py:64 Created overdue notification for invoice INV-1857 (110 days overdue)
Backend CI	Run tests	2026-03-17T02:41:37.6495491Z INFO     app.scheduler.services.notification_creation:notification_creation.py:64 Created overdue notification for invoice INV-6787 (37 days overdue)
Backend CI	Run tests	2026-03-17T02:41:37.6495913Z INFO     app.scheduler.services.notification_creation:notification_creation.py:64 Created overdue notification for invoice INV-7690 (71 days overdue)
Backend CI	Run tests	2026-03-17T02:41:37.6496403Z INFO     app.scheduler.services.notification_creation:notification_creation.py:64 Created overdue notification for invoice INV-9941 (256 days overdue)
Backend CI	Run tests	2026-03-17T02:41:37.6496826Z INFO     app.scheduler.services.notification_creation:notification_creation.py:64 Created overdue notification for invoice INV-7261 (35 days overdue)
Backend CI	Run tests	2026-03-17T02:41:37.6497307Z INFO     app.scheduler.services.notification_creation:notification_creation.py:64 Created overdue notification for invoice INV-4036 (69 days overdue)
Backend CI	Run tests	2026-03-17T02:41:37.6497730Z INFO     app.scheduler.services.notification_creation:notification_creation.py:64 Created overdue notification for invoice INV-7250 (63 days overdue)
Backend CI	Run tests	2026-03-17T02:41:37.6498158Z INFO     app.scheduler.services.notification_creation:notification_creation.py:64 Created overdue notification for invoice INV-2525 (7 days overdue)
Backend CI	Run tests	2026-03-17T02:41:37.6498585Z INFO     app.scheduler.services.notification_creation:notification_creation.py:64 Created overdue notification for invoice INV-8437 (153 days overdue)
Backend CI	Run tests	2026-03-17T02:41:37.6499007Z INFO     app.scheduler.services.notification_creation:notification_creation.py:64 Created overdue notification for invoice INV-3964 (10 days overdue)
Backend CI	Run tests	2026-03-17T02:41:37.6499439Z INFO     app.scheduler.services.notification_creation:notification_creation.py:64 Created overdue notification for invoice INV-3980 (118 days overdue)
Backend CI	Run tests	2026-03-17T02:41:37.6499916Z INFO     app.scheduler.services.notification_creation:notification_creation.py:64 Created overdue notification for invoice INV-9536 (98 days overdue)
Backend CI	Run tests	2026-03-17T02:41:37.6500346Z INFO     app.scheduler.services.notification_creation:notification_creation.py:64 Created overdue notification for invoice INV-3546 (365 days overdue)
Backend CI	Run tests	2026-03-17T02:41:37.6500775Z INFO     app.scheduler.services.notification_creation:notification_creation.py:64 Created overdue notification for invoice INV-6038 (267 days overdue)
Backend CI	Run tests	2026-03-17T02:41:37.6501203Z INFO     app.scheduler.services.notification_creation:notification_creation.py:64 Created overdue notification for invoice INV-4996 (78 days overdue)
Backend CI	Run tests	2026-03-17T02:41:37.6501629Z INFO     app.scheduler.services.notification_creation:notification_creation.py:64 Created overdue notification for invoice INV-5864 (138 days overdue)
Backend CI	Run tests	2026-03-17T02:41:37.6502053Z INFO     app.scheduler.services.notification_creation:notification_creation.py:64 Created overdue notification for invoice INV-2327 (36 days overdue)
Backend CI	Run tests	2026-03-17T02:41:37.6502485Z INFO     app.scheduler.services.notification_creation:notification_creation.py:64 Created overdue notification for invoice INV-8032 (119 days overdue)
Backend CI	Run tests	2026-03-17T02:41:37.6503114Z INFO     app.scheduler.services.notification_creation:notification_creation.py:64 Created overdue notification for invoice INV-1000 (199 days overdue)
Backend CI	Run tests	2026-03-17T02:41:37.6503551Z INFO     app.scheduler.services.notification_creation:notification_creation.py:64 Created overdue notification for invoice INV-5634 (181 days overdue)
Backend CI	Run tests	2026-03-17T02:41:37.6503984Z INFO     app.scheduler.services.notification_creation:notification_creation.py:64 Created overdue notification for invoice INV-4275 (147 days overdue)
Backend CI	Run tests	2026-03-17T02:41:37.6504410Z INFO     app.scheduler.services.notification_creation:notification_creation.py:64 Created overdue notification for invoice INV-1258 (194 days overdue)
Backend CI	Run tests	2026-03-17T02:41:37.6504845Z INFO     app.scheduler.services.notification_creation:notification_creation.py:64 Created overdue notification for invoice INV-8164 (262 days overdue)
Backend CI	Run tests	2026-03-17T02:41:37.6505266Z INFO     app.scheduler.services.notification_creation:notification_creation.py:64 Created overdue notification for invoice INV-3078 (8 days overdue)
Backend CI	Run tests	2026-03-17T02:41:37.6505699Z INFO     app.scheduler.services.notification_creation:notification_creation.py:64 Created overdue notification for invoice INV-3948 (240 days overdue)
Backend CI	Run tests	2026-03-17T02:41:37.6506125Z INFO     app.scheduler.services.notification_creation:notification_creation.py:64 Created overdue notification for invoice INV-2722 (247 days overdue)
Backend CI	Run tests	2026-03-17T02:41:37.6506621Z INFO     app.scheduler.services.notification_creation:notification_creation.py:64 Created overdue notification for invoice INV-7904 (306 days overdue)
Backend CI	Run tests	2026-03-17T02:41:37.6507101Z INFO     app.scheduler.services.notification_creation:notification_creation.py:64 Created overdue notification for invoice INV-1496 (365 days overdue)
Backend CI	Run tests	2026-03-17T02:41:37.6507529Z INFO     app.scheduler.services.notification_creation:notification_creation.py:64 Created overdue notification for invoice INV-6243 (326 days overdue)
Backend CI	Run tests	2026-03-17T02:41:37.6507954Z INFO     app.scheduler.services.notification_creation:notification_creation.py:64 Created overdue notification for invoice INV-9089 (31 days overdue)
Backend CI	Run tests	2026-03-17T02:41:37.6508381Z INFO     app.scheduler.services.notification_creation:notification_creation.py:64 Created overdue notification for invoice INV-9999 (230 days overdue)
Backend CI	Run tests	2026-03-17T02:41:37.6508808Z INFO     app.scheduler.services.notification_creation:notification_creation.py:64 Created overdue notification for invoice INV-1000 (1 days overdue)
Backend CI	Run tests	2026-03-17T02:41:37.6508987Z ____________________ TestAIAPI.test_ai_chat_endpoint_exists ____________________
Backend CI	Run tests	2026-03-17T02:41:37.6509124Z app/tests/test_ai.py:9: in test_ai_chat_endpoint_exists
Backend CI	Run tests	2026-03-17T02:41:37.6509276Z     assert response.status_code == 401
Backend CI	Run tests	2026-03-17T02:41:37.6509347Z E   assert 404 == 401
Backend CI	Run tests	2026-03-17T02:41:37.6509471Z E    +  where 404 = <Response [404 Not Found]>.status_code
Backend CI	Run tests	2026-03-17T02:41:37.6509640Z ----------------------------- Captured stderr call -----------------------------
Backend CI	Run tests	2026-03-17T02:41:37.6509885Z INFO:httpx:HTTP Request: POST http://testserver/api/v1/ai/chat "HTTP/1.1 404 Not Found"
Backend CI	Run tests	2026-03-17T02:41:37.6510049Z ------------------------------ Captured log call -------------------------------
Backend CI	Run tests	2026-03-17T02:41:37.6510324Z INFO     httpx:_client.py:1025 HTTP Request: POST http://testserver/api/v1/ai/chat "HTTP/1.1 404 Not Found"
Backend CI	Run tests	2026-03-17T02:41:37.6510499Z _________________ TestAIAPI.test_ai_conversations_list_exists __________________
Backend CI	Run tests	2026-03-17T02:41:37.6510653Z app/tests/test_ai.py:13: in test_ai_conversations_list_exists
Backend CI	Run tests	2026-03-17T02:41:37.6510739Z     assert response.status_code == 401
Backend CI	Run tests	2026-03-17T02:41:37.6510814Z E   assert 404 == 401
Backend CI	Run tests	2026-03-17T02:41:37.6510927Z E    +  where 404 = <Response [404 Not Found]>.status_code
Backend CI	Run tests	2026-03-17T02:41:37.6511081Z ----------------------------- Captured stderr call -----------------------------
Backend CI	Run tests	2026-03-17T02:41:37.6511338Z INFO:httpx:HTTP Request: GET http://testserver/api/v1/ai/conversations "HTTP/1.1 404 Not Found"
Backend CI	Run tests	2026-03-17T02:41:37.6511488Z ------------------------------ Captured log call -------------------------------
Backend CI	Run tests	2026-03-17T02:41:37.6511848Z INFO     httpx:_client.py:1025 HTTP Request: GET http://testserver/api/v1/ai/conversations "HTTP/1.1 404 Not Found"
Backend CI	Run tests	2026-03-17T02:41:37.6512023Z ________________ TestAIAPI.test_ai_conversations_create_exists _________________
Backend CI	Run tests	2026-03-17T02:41:37.6512176Z app/tests/test_ai.py:17: in test_ai_conversations_create_exists
Backend CI	Run tests	2026-03-17T02:41:37.6512264Z     assert response.status_code == 401
Backend CI	Run tests	2026-03-17T02:41:37.6512330Z E   assert 404 == 401
Backend CI	Run tests	2026-03-17T02:41:37.6512439Z E    +  where 404 = <Response [404 Not Found]>.status_code
Backend CI	Run tests	2026-03-17T02:41:37.6512595Z ----------------------------- Captured stderr call -----------------------------
Backend CI	Run tests	2026-03-17T02:41:37.6512952Z INFO:httpx:HTTP Request: POST http://testserver/api/v1/ai/conversations "HTTP/1.1 404 Not Found"
Backend CI	Run tests	2026-03-17T02:41:37.6513109Z ------------------------------ Captured log call -------------------------------
Backend CI	Run tests	2026-03-17T02:41:37.6513436Z INFO     httpx:_client.py:1025 HTTP Request: POST http://testserver/api/v1/ai/conversations "HTTP/1.1 404 Not Found"
Backend CI	Run tests	2026-03-17T02:41:37.6513610Z ____________________ TestAIAPI.test_ai_messages_list_exists ____________________
Backend CI	Run tests	2026-03-17T02:41:37.6513747Z app/tests/test_ai.py:21: in test_ai_messages_list_exists
Backend CI	Run tests	2026-03-17T02:41:37.6513896Z     assert response.status_code == 401
Backend CI	Run tests	2026-03-17T02:41:37.6513962Z E   assert 404 == 401
Backend CI	Run tests	2026-03-17T02:41:37.6514077Z E    +  where 404 = <Response [404 Not Found]>.status_code
Backend CI	Run tests	2026-03-17T02:41:37.6514229Z ----------------------------- Captured stderr call -----------------------------
Backend CI	Run tests	2026-03-17T02:41:37.6514695Z INFO:httpx:HTTP Request: GET http://testserver/api/v1/ai/conversations/00000000-0000-0000-0000-000000000000/messages "HTTP/1.1 404 Not Found"
Backend CI	Run tests	2026-03-17T02:41:37.6514847Z ------------------------------ Captured log call -------------------------------
Backend CI	Run tests	2026-03-17T02:41:37.6515298Z INFO     httpx:_client.py:1025 HTTP Request: GET http://testserver/api/v1/ai/conversations/00000000-0000-0000-0000-000000000000/messages "HTTP/1.1 404 Not Found"
Backend CI	Run tests	2026-03-17T02:41:37.6515464Z _______________________ TestAIAPI.test_ai_context_exists _______________________
Backend CI	Run tests	2026-03-17T02:41:37.6515575Z app/tests/test_ai.py:25: in test_ai_context_exists
Backend CI	Run tests	2026-03-17T02:41:37.6515663Z     assert response.status_code == 401
Backend CI	Run tests	2026-03-17T02:41:37.6515733Z E   assert 404 == 401
Backend CI	Run tests	2026-03-17T02:41:37.6515843Z E    +  where 404 = <Response [404 Not Found]>.status_code
Backend CI	Run tests	2026-03-17T02:41:37.6515999Z ----------------------------- Captured stderr call -----------------------------
Backend CI	Run tests	2026-03-17T02:41:37.6516217Z INFO:httpx:HTTP Request: GET http://testserver/api/v1/ai/context "HTTP/1.1 404 Not Found"
Backend CI	Run tests	2026-03-17T02:41:37.6516383Z ------------------------------ Captured log call -------------------------------
Backend CI	Run tests	2026-03-17T02:41:37.6516730Z INFO     httpx:_client.py:1025 HTTP Request: GET http://testserver/api/v1/ai/context "HTTP/1.1 404 Not Found"
Backend CI	Run tests	2026-03-17T02:41:37.6516920Z __________ TestAIAPI.test_ai_chat_returns_clear_4xx_when_unconfigured __________
Backend CI	Run tests	2026-03-17T02:41:37.6517103Z app/tests/test_ai.py:57: in test_ai_chat_returns_clear_4xx_when_unconfigured
Backend CI	Run tests	2026-03-17T02:41:37.6517185Z     assert resp.status_code == 400
Backend CI	Run tests	2026-03-17T02:41:37.6517252Z E   assert 404 == 400
Backend CI	Run tests	2026-03-17T02:41:37.6517367Z E    +  where 404 = <Response [404 Not Found]>.status_code
Backend CI	Run tests	2026-03-17T02:41:37.6517519Z ----------------------------- Captured stderr call -----------------------------
Backend CI	Run tests	2026-03-17T02:41:37.6517728Z INFO:httpx:HTTP Request: POST http://testserver/api/v1/ai/chat "HTTP/1.1 404 Not Found"
Backend CI	Run tests	2026-03-17T02:41:37.6517879Z ------------------------------ Captured log call -------------------------------
Backend CI	Run tests	2026-03-17T02:41:37.6518147Z INFO     httpx:_client.py:1025 HTTP Request: POST http://testserver/api/v1/ai/chat "HTTP/1.1 404 Not Found"
Backend CI	Run tests	2026-03-17T02:41:37.6518315Z _________________________ TestConversations.test_list __________________________
Backend CI	Run tests	2026-03-17T02:41:37.6518416Z app/tests/test_ai_service.py:72: in test_list
Backend CI	Run tests	2026-03-17T02:41:37.6518503Z     result = svc.list_conversations(USR)
Backend CI	Run tests	2026-03-17T02:41:37.6518642Z              ^^^^^^^^^^^^^^^^^^^^^^
Backend CI	Run tests	2026-03-17T02:41:37.6518830Z E   AttributeError: 'AIService' object has no attribute 'list_conversations'
Backend CI	Run tests	2026-03-17T02:41:37.6518991Z ________________________ TestConversations.test_create _________________________
Backend CI	Run tests	2026-03-17T02:41:37.6519102Z app/tests/test_ai_service.py:77: in test_create
Backend CI	Run tests	2026-03-17T02:41:37.6519202Z     svc.create_conversation(USR, title="Test")
Backend CI	Run tests	2026-03-17T02:41:37.6519275Z     ^^^^^^^^^^^^^^^^^^^^^^^
Backend CI	Run tests	2026-03-17T02:41:37.6519459Z E   AttributeError: 'AIService' object has no attribute 'create_conversation'
Backend CI	Run tests	2026-03-17T02:41:37.6519618Z ________________________ TestConversations.test_delete _________________________
Backend CI	Run tests	2026-03-17T02:41:37.6519727Z app/tests/test_ai_service.py:85: in test_delete
Backend CI	Run tests	2026-03-17T02:41:37.6519809Z     svc.delete_conversation(USR, CONV)
Backend CI	Run tests	2026-03-17T02:41:37.6519873Z     ^^^^^^^^^^^^^^^^^^^^^^^
Backend CI	Run tests	2026-03-17T02:41:37.6520060Z E   AttributeError: 'AIService' object has no attribute 'delete_conversation'
Backend CI	Run tests	2026-03-17T02:41:37.6520231Z ___________________ TestConversations.test_delete_not_found ____________________
Backend CI	Run tests	2026-03-17T02:41:37.6520364Z app/tests/test_ai_service.py:92: in test_delete_not_found
Backend CI	Run tests	2026-03-17T02:41:37.6520448Z     svc.delete_conversation(USR, CONV)
Backend CI	Run tests	2026-03-17T02:41:37.6520567Z     ^^^^^^^^^^^^^^^^^^^^^^^
Backend CI	Run tests	2026-03-17T02:41:37.6520755Z E   AttributeError: 'AIService' object has no attribute 'delete_conversation'
Backend CI	Run tests	2026-03-17T02:41:37.6520905Z ____________________________ TestMessages.test_list ____________________________
Backend CI	Run tests	2026-03-17T02:41:37.6521003Z app/tests/test_ai_service.py:112: in test_list
Backend CI	Run tests	2026-03-17T02:41:37.6521136Z     result = svc.list_messages(USR, CONV)
Backend CI	Run tests	2026-03-17T02:41:37.6521206Z              ^^^^^^^^^^^^^^^^^
Backend CI	Run tests	2026-03-17T02:41:37.6521378Z E   AttributeError: 'AIService' object has no attribute 'list_messages'
Backend CI	Run tests	2026-03-17T02:41:37.6521528Z ____________________________ TestMessages.test_add _____________________________
Backend CI	Run tests	2026-03-17T02:41:37.6521625Z app/tests/test_ai_service.py:120: in test_add
Backend CI	Run tests	2026-03-17T02:41:37.6521727Z     svc.add_message(USR, CONV, "Hello", True)
Backend CI	Run tests	2026-03-17T02:41:37.6521789Z     ^^^^^^^^^^^^^^^
Backend CI	Run tests	2026-03-17T02:41:37.6521950Z E   AttributeError: 'AIService' object has no attribute 'add_message'
Backend CI	Run tests	2026-03-17T02:41:37.6522125Z _____________________ TestBusinessContext.test_no_business _____________________
Backend CI	Run tests	2026-03-17T02:41:37.6522244Z app/tests/test_ai_service.py:133: in test_no_business
Backend CI	Run tests	2026-03-17T02:41:37.6522426Z     ctx = svc.build_business_context(user, AIDataSharingLevel.FULL_BUSINESS)
Backend CI	Run tests	2026-03-17T02:41:37.6522495Z           ^^^^^^^^^^^^^^^^^^^^^^^^^^
Backend CI	Run tests	2026-03-17T02:41:37.6522796Z E   AttributeError: 'AIService' object has no attribute 'build_business_context'
Backend CI	Run tests	2026-03-17T02:41:37.6523071Z _____________________ TestBusinessContext.test_none_level ______________________
Backend CI	Run tests	2026-03-17T02:41:37.6523188Z app/tests/test_ai_service.py:154: in test_none_level
Backend CI	Run tests	2026-03-17T02:41:37.6523344Z     ctx = svc.build_business_context(user, AIDataSharingLevel.NONE)
Backend CI	Run tests	2026-03-17T02:41:37.6523420Z           ^^^^^^^^^^^^^^^^^^^^^^^^^^
Backend CI	Run tests	2026-03-17T02:41:37.6523606Z E   AttributeError: 'AIService' object has no attribute 'build_business_context'
Backend CI	Run tests	2026-03-17T02:41:37.6523786Z ____________________ TestContextModeDetection.test_app_help ____________________
Backend CI	Run tests	2026-03-17T02:41:37.6523897Z app/tests/test_ai_service.py:165: in test_app_help
Backend CI	Run tests	2026-03-17T02:41:37.6524101Z     assert svc.detect_context_mode("How do I navigate to settings?") == "app_help"
Backend CI	Run tests	2026-03-17T02:41:37.6524177Z            ^^^^^^^^^^^^^^^^^^^^^^^
Backend CI	Run tests	2026-03-17T02:41:37.6524356Z E   AttributeError: 'AIService' object has no attribute 'detect_context_mode'
Backend CI	Run tests	2026-03-17T02:41:37.6524530Z ____________________ TestContextModeDetection.test_business ____________________
Backend CI	Run tests	2026-03-17T02:41:37.6524641Z app/tests/test_ai_service.py:169: in test_business
Backend CI	Run tests	2026-03-17T02:41:37.6524813Z     assert svc.detect_context_mode("What are my total sales?") == "business"
Backend CI	Run tests	2026-03-17T02:41:37.6524885Z            ^^^^^^^^^^^^^^^^^^^^^^^
Backend CI	Run tests	2026-03-17T02:41:37.6525125Z E   AttributeError: 'AIService' object has no attribute 'detect_context_mode'
Backend CI	Run tests	2026-03-17T02:41:37.6525296Z _____________________ TestContextModeDetection.test_mixed ______________________
Backend CI	Run tests	2026-03-17T02:41:37.6525399Z app/tests/test_ai_service.py:173: in test_mixed
Backend CI	Run tests	2026-03-17T02:41:37.6525569Z     assert svc.detect_context_mode("How do I check my revenue?") == "mixed"
Backend CI	Run tests	2026-03-17T02:41:37.6525636Z            ^^^^^^^^^^^^^^^^^^^^^^^
Backend CI	Run tests	2026-03-17T02:41:37.6525821Z E   AttributeError: 'AIService' object has no attribute 'detect_context_mode'
Backend CI	Run tests	2026-03-17T02:41:37.6525997Z _________________ TestContextModeDetection.test_default_mixed __________________
Backend CI	Run tests	2026-03-17T02:41:37.6526127Z app/tests/test_ai_service.py:177: in test_default_mixed
Backend CI	Run tests	2026-03-17T02:41:37.6526264Z     assert svc.detect_context_mode("Hello there") == "mixed"
Backend CI	Run tests	2026-03-17T02:41:37.6526331Z            ^^^^^^^^^^^^^^^^^^^^^^^
Backend CI	Run tests	2026-03-17T02:41:37.6526514Z E   AttributeError: 'AIService' object has no attribute 'detect_context_mode'
Backend CI	Run tests	2026-03-17T02:41:37.6526681Z _______________________ TestSystemPrompt.test_no_context _______________________
Backend CI	Run tests	2026-03-17T02:41:37.6526793Z app/tests/test_ai_service.py:186: in test_no_context
Backend CI	Run tests	2026-03-17T02:41:37.6526926Z     prompt = svc._build_grounded_system_prompt(None, None)
Backend CI	Run tests	2026-03-17T02:41:37.6527003Z              ^^^^^^^^^^^^^^^^^^^^^^^^^^^^^^^^^
Backend CI	Run tests	2026-03-17T02:41:37.6527282Z E   AttributeError: 'AIService' object has no attribute '_build_grounded_system_prompt'
Backend CI	Run tests	2026-03-17T02:41:37.6527452Z ____________________ TestSystemPrompt.test_with_app_context ____________________
Backend CI	Run tests	2026-03-17T02:41:37.6527583Z app/tests/test_ai_service.py:191: in test_with_app_context
Backend CI	Run tests	2026-03-17T02:41:37.6527814Z     prompt = svc._build_grounded_system_prompt({"appName": "BizPilot"}, None)
Backend CI	Run tests	2026-03-17T02:41:37.6527891Z              ^^^^^^^^^^^^^^^^^^^^^^^^^^^^^^^^^
Backend CI	Run tests	2026-03-17T02:41:37.6528103Z E   AttributeError: 'AIService' object has no attribute '_build_grounded_system_prompt'
Backend CI	Run tests	2026-03-17T02:41:37.6528279Z ____________________ TestSystemPrompt.test_with_biz_context ____________________
Backend CI	Run tests	2026-03-17T02:41:37.6528406Z app/tests/test_ai_service.py:196: in test_with_biz_context
Backend CI	Run tests	2026-03-17T02:41:37.6528587Z     prompt = svc._build_grounded_system_prompt(None, {"businessName": "Acme"})
Backend CI	Run tests	2026-03-17T02:41:37.6528659Z              ^^^^^^^^^^^^^^^^^^^^^^^^^^^^^^^^^
Backend CI	Run tests	2026-03-17T02:41:37.6528867Z E   AttributeError: 'AIService' object has no attribute '_build_grounded_system_prompt'
Backend CI	Run tests	2026-03-17T02:41:37.6529044Z _________________ TestAsyncMethods.test_generate_title_no_key __________________
Backend CI	Run tests	2026-03-17T02:41:37.6529193Z app/tests/test_ai_service.py:207: in test_generate_title_no_key
Backend CI	Run tests	2026-03-17T02:41:37.6529364Z     with patch("app.services.ai_service.settings") as mock_settings:
Backend CI	Run tests	2026-03-17T02:41:37.6529486Z          ^^^^^^^^^^^^^^^^^^^^^^^^^^^^^^^^^^^^^^^^^
Backend CI	Run tests	2026-03-17T02:41:37.6529718Z /opt/hostedtoolcache/Python/3.12.13/x64/lib/python3.12/unittest/mock.py:1467: in __enter__
Backend CI	Run tests	2026-03-17T02:41:37.6529810Z     original, local = self.get_original()
Backend CI	Run tests	2026-03-17T02:41:37.6529882Z                       ^^^^^^^^^^^^^^^^^^^
Backend CI	Run tests	2026-03-17T02:41:37.6530120Z /opt/hostedtoolcache/Python/3.12.13/x64/lib/python3.12/unittest/mock.py:1437: in get_original
Backend CI	Run tests	2026-03-17T02:41:37.6530203Z     raise AttributeError(
Backend CI	Run tests	2026-03-17T02:41:37.6530728Z E   AttributeError: <module 'app.services.ai_service' from '/home/runner/work/BizPilot2/BizPilot2/backend/app/services/ai_service.py'> does not have the attribute 'settings'
Backend CI	Run tests	2026-03-17T02:41:37.6530912Z _________________ TestAsyncMethods.test_generate_title_success _________________
Backend CI	Run tests	2026-03-17T02:41:37.6531070Z app/tests/test_ai_service.py:215: in test_generate_title_success
Backend CI	Run tests	2026-03-17T02:41:37.6531262Z     with patch.object(svc, "_call_groq", new_callable=AsyncMock) as mock_groq:
Backend CI	Run tests	2026-03-17T02:41:37.6531365Z          ^^^^^^^^^^^^^^^^^^^^^^^^^^^^^^^^^^^^^^^^^^^^^^^^^^^^^^^
Backend CI	Run tests	2026-03-17T02:41:37.6531592Z /opt/hostedtoolcache/Python/3.12.13/x64/lib/python3.12/unittest/mock.py:1467: in __enter__
Backend CI	Run tests	2026-03-17T02:41:37.6531678Z     original, local = self.get_original()
Backend CI	Run tests	2026-03-17T02:41:37.6531799Z                       ^^^^^^^^^^^^^^^^^^^
Backend CI	Run tests	2026-03-17T02:41:37.6532032Z /opt/hostedtoolcache/Python/3.12.13/x64/lib/python3.12/unittest/mock.py:1437: in get_original
Backend CI	Run tests	2026-03-17T02:41:37.6532115Z     raise AttributeError(
Backend CI	Run tests	2026-03-17T02:41:37.6532453Z E   AttributeError: <app.services.ai_service.AIService object at 0x7f35e4de93d0> does not have the attribute '_call_groq'
Backend CI	Run tests	2026-03-17T02:41:37.6532633Z __________________ TestAsyncMethods.test_generate_title_error __________________
Backend CI	Run tests	2026-03-17T02:41:37.6532913Z app/tests/test_ai_service.py:225: in test_generate_title_error
Backend CI	Run tests	2026-03-17T02:41:37.6533093Z     with patch.object(svc, "_call_groq", new_callable=AsyncMock) as mock_groq:
Backend CI	Run tests	2026-03-17T02:41:37.6533194Z          ^^^^^^^^^^^^^^^^^^^^^^^^^^^^^^^^^^^^^^^^^^^^^^^^^^^^^^^
Backend CI	Run tests	2026-03-17T02:41:37.6533418Z /opt/hostedtoolcache/Python/3.12.13/x64/lib/python3.12/unittest/mock.py:1467: in __enter__
Backend CI	Run tests	2026-03-17T02:41:37.6533502Z     original, local = self.get_original()
Backend CI	Run tests	2026-03-17T02:41:37.6533575Z                       ^^^^^^^^^^^^^^^^^^^
Backend CI	Run tests	2026-03-17T02:41:37.6533810Z /opt/hostedtoolcache/Python/3.12.13/x64/lib/python3.12/unittest/mock.py:1437: in get_original
Backend CI	Run tests	2026-03-17T02:41:37.6533886Z     raise AttributeError(
Backend CI	Run tests	2026-03-17T02:41:37.6534219Z E   AttributeError: <app.services.ai_service.AIService object at 0x7f35effe67b0> does not have the attribute '_call_groq'
Backend CI	Run tests	2026-03-17T02:41:37.6534459Z ____________________ TestAsyncMethods.test_call_groq_no_key ____________________
Backend CI	Run tests	2026-03-17T02:41:37.6534596Z app/tests/test_ai_service.py:235: in test_call_groq_no_key
Backend CI	Run tests	2026-03-17T02:41:37.6534756Z     with patch("app.services.ai_service.settings") as mock_settings:
Backend CI	Run tests	2026-03-17T02:41:37.6534893Z          ^^^^^^^^^^^^^^^^^^^^^^^^^^^^^^^^^^^^^^^^^
Backend CI	Run tests	2026-03-17T02:41:37.6535122Z /opt/hostedtoolcache/Python/3.12.13/x64/lib/python3.12/unittest/mock.py:1467: in __enter__
Backend CI	Run tests	2026-03-17T02:41:37.6535208Z     original, local = self.get_original()
Backend CI	Run tests	2026-03-17T02:41:37.6535273Z                       ^^^^^^^^^^^^^^^^^^^
Backend CI	Run tests	2026-03-17T02:41:37.6535545Z /opt/hostedtoolcache/Python/3.12.13/x64/lib/python3.12/unittest/mock.py:1437: in get_original
Backend CI	Run tests	2026-03-17T02:41:37.6535620Z     raise AttributeError(
Backend CI	Run tests	2026-03-17T02:41:37.6536149Z E   AttributeError: <module 'app.services.ai_service' from '/home/runner/work/BizPilot2/BizPilot2/backend/app/services/ai_service.py'> does not have the attribute 'settings'
Backend CI	Run tests	2026-03-17T02:41:37.6536334Z __________ test_generate_cashup_aggregates_all_shift_orders_correctly __________
Backend CI	Run tests	2026-03-17T02:41:37.6536582Z app/tests/test_cashup_service.py:65: in test_generate_cashup_aggregates_all_shift_orders_correctly
Backend CI	Run tests	2026-03-17T02:41:37.6536813Z     result = await CashupService.generate_waiter_cashup(SHIFT_ID, WAITER_ID, BIZ_ID, db)
Backend CI	Run tests	2026-03-17T02:41:37.6536985Z              ^^^^^^^^^^^^^^^^^^^^^^^^^^^^^^^^^^^^^^^^^^^^^^^^^^^^^^^^^^^^^^^^^^^^^^^^^^^
Backend CI	Run tests	2026-03-17T02:41:37.6537138Z app/services/cashup_service.py:85: in generate_waiter_cashup
Backend CI	Run tests	2026-03-17T02:41:37.6537216Z     Order.user_id == waiter_id,
Backend CI	Run tests	2026-03-17T02:41:37.6537278Z     ^^^^^^^^^^^^^
Backend CI	Run tests	2026-03-17T02:41:37.6537441Z E   AttributeError: type object 'Order' has no attribute 'user_id'
Backend CI	Run tests	2026-03-17T02:41:37.6537616Z ____________ test_generate_cashup_fails_when_shift_has_open_orders _____________
Backend CI	Run tests	2026-03-17T02:41:37.6537841Z app/tests/test_cashup_service.py:88: in test_generate_cashup_fails_when_shift_has_open_orders
Backend CI	Run tests	2026-03-17T02:41:37.6538045Z     await CashupService.generate_waiter_cashup(SHIFT_ID, WAITER_ID, BIZ_ID, db)
Backend CI	Run tests	2026-03-17T02:41:37.6538186Z app/services/cashup_service.py:47: in generate_waiter_cashup
Backend CI	Run tests	2026-03-17T02:41:37.6538264Z     Order.user_id == waiter_id,
Backend CI	Run tests	2026-03-17T02:41:37.6538329Z     ^^^^^^^^^^^^^
Backend CI	Run tests	2026-03-17T02:41:37.6538480Z E   AttributeError: type object 'Order' has no attribute 'user_id'
Backend CI	Run tests	2026-03-17T02:41:37.6538649Z ______________________ test_approve_cashup_changes_status ______________________
Backend CI	Run tests	2026-03-17T02:41:37.6538835Z app/tests/test_cashup_service.py:104: in test_approve_cashup_changes_status
Backend CI	Run tests	2026-03-17T02:41:37.6538944Z     result = await CashupService.approve_cashup(
Backend CI	Run tests	2026-03-17T02:41:37.6539132Z app/services/cashup_service.py:171: in approve_cashup
Backend CI	Run tests	2026-03-17T02:41:37.6539257Z     return WaiterCashupResponse.model_validate(cashup)
Backend CI	Run tests	2026-03-17T02:41:37.6539354Z            ^^^^^^^^^^^^^^^^^^^^^^^^^^^^^^^^^^^^^^^^^^^
Backend CI	Run tests	2026-03-17T02:41:37.6539607Z E   pydantic_core._pydantic_core.ValidationError: 8 validation errors for WaiterCashupResponse
Backend CI	Run tests	2026-03-17T02:41:37.6539677Z E   total_tips
Backend CI	Run tests	2026-03-17T02:41:37.6540043Z E     Decimal input should be an integer, float, string or Decimal object [type=decimal_type, input_value=None, input_type=NoneType]
Backend CI	Run tests	2026-03-17T02:41:37.6540255Z E       For further information visit https://errors.pydantic.dev/2.12/v/decimal_type
Backend CI	Run tests	2026-03-17T02:41:37.6540326Z E   cash_collected
Backend CI	Run tests	2026-03-17T02:41:37.6540682Z E     Decimal input should be an integer, float, string or Decimal object [type=decimal_type, input_value=None, input_type=NoneType]
Backend CI	Run tests	2026-03-17T02:41:37.6540892Z E       For further information visit https://errors.pydantic.dev/2.12/v/decimal_type
Backend CI	Run tests	2026-03-17T02:41:37.6540967Z E   card_collected
Backend CI	Run tests	2026-03-17T02:41:37.6541316Z E     Decimal input should be an integer, float, string or Decimal object [type=decimal_type, input_value=None, input_type=NoneType]
Backend CI	Run tests	2026-03-17T02:41:37.6541522Z E       For further information visit https://errors.pydantic.dev/2.12/v/decimal_type
Backend CI	Run tests	2026-03-17T02:41:37.6541640Z E   cover_count
Backend CI	Run tests	2026-03-17T02:41:37.6541862Z E     Input should be a valid integer [type=int_type, input_value=None, input_type=NoneType]
Backend CI	Run tests	2026-03-17T02:41:37.6542066Z E       For further information visit https://errors.pydantic.dev/2.12/v/int_type
Backend CI	Run tests	2026-03-17T02:41:37.6542175Z E   tables_served
Backend CI	Run tests	2026-03-17T02:41:37.6542390Z E     Input should be a valid integer [type=int_type, input_value=None, input_type=NoneType]
Backend CI	Run tests	2026-03-17T02:41:37.6542589Z E       For further information visit https://errors.pydantic.dev/2.12/v/int_type
Backend CI	Run tests	2026-03-17T02:41:37.6542778Z E   shift_id
Backend CI	Run tests	2026-03-17T02:41:37.6543067Z E     UUID input should be a string, bytes or UUID object [type=uuid_type, input_value=None, input_type=NoneType]
Backend CI	Run tests	2026-03-17T02:41:37.6543275Z E       For further information visit https://errors.pydantic.dev/2.12/v/uuid_type
Backend CI	Run tests	2026-03-17T02:41:37.6543341Z E   generated_at
Backend CI	Run tests	2026-03-17T02:41:37.6543584Z E     Input should be a valid datetime [type=datetime_type, input_value=None, input_type=NoneType]
Backend CI	Run tests	2026-03-17T02:41:37.6543792Z E       For further information visit https://errors.pydantic.dev/2.12/v/datetime_type
Backend CI	Run tests	2026-03-17T02:41:37.6543858Z E   updated_at
Backend CI	Run tests	2026-03-17T02:41:37.6544098Z E     Input should be a valid datetime [type=datetime_type, input_value=None, input_type=NoneType]
Backend CI	Run tests	2026-03-17T02:41:37.6544304Z E       For further information visit https://errors.pydantic.dev/2.12/v/datetime_type
Backend CI	Run tests	2026-03-17T02:41:37.6544537Z ______________________ test_reject_cashup_requires_reason ______________________
Backend CI	Run tests	2026-03-17T02:41:37.6544732Z app/tests/test_cashup_service.py:118: in test_reject_cashup_requires_reason
Backend CI	Run tests	2026-03-17T02:41:37.6544838Z     result = await CashupService.reject_cashup(
Backend CI	Run tests	2026-03-17T02:41:37.6544963Z app/services/cashup_service.py:200: in reject_cashup
Backend CI	Run tests	2026-03-17T02:41:37.6545087Z     return WaiterCashupResponse.model_validate(cashup)
Backend CI	Run tests	2026-03-17T02:41:37.6545165Z            ^^^^^^^^^^^^^^^^^^^^^^^^^^^^^^^^^^^^^^^^^^^
Backend CI	Run tests	2026-03-17T02:41:37.6545421Z E   pydantic_core._pydantic_core.ValidationError: 9 validation errors for WaiterCashupResponse
Backend CI	Run tests	2026-03-17T02:41:37.6545488Z E   total_sales
Backend CI	Run tests	2026-03-17T02:41:37.6545836Z E     Decimal input should be an integer, float, string or Decimal object [type=decimal_type, input_value=None, input_type=NoneType]
Backend CI	Run tests	2026-03-17T02:41:37.6546044Z E       For further information visit https://errors.pydantic.dev/2.12/v/decimal_type
Backend CI	Run tests	2026-03-17T02:41:37.6546112Z E   total_tips
Backend CI	Run tests	2026-03-17T02:41:37.6546461Z E     Decimal input should be an integer, float, string or Decimal object [type=decimal_type, input_value=None, input_type=NoneType]
Backend CI	Run tests	2026-03-17T02:41:37.6546663Z E       For further information visit https://errors.pydantic.dev/2.12/v/decimal_type
Backend CI	Run tests	2026-03-17T02:41:37.6546792Z E   cash_collected
Backend CI	Run tests	2026-03-17T02:41:37.6547138Z E     Decimal input should be an integer, float, string or Decimal object [type=decimal_type, input_value=None, input_type=NoneType]
Backend CI	Run tests	2026-03-17T02:41:37.6547337Z E       For further information visit https://errors.pydantic.dev/2.12/v/decimal_type
Backend CI	Run tests	2026-03-17T02:41:37.6547409Z E   card_collected
Backend CI	Run tests	2026-03-17T02:41:37.6547749Z E     Decimal input should be an integer, float, string or Decimal object [type=decimal_type, input_value=None, input_type=NoneType]
Backend CI	Run tests	2026-03-17T02:41:37.6547946Z E       For further information visit https://errors.pydantic.dev/2.12/v/decimal_type
Backend CI	Run tests	2026-03-17T02:41:37.6548017Z E   cover_count
Backend CI	Run tests	2026-03-17T02:41:37.6548235Z E     Input should be a valid integer [type=int_type, input_value=None, input_type=NoneType]
Backend CI	Run tests	2026-03-17T02:41:37.6548428Z E       For further information visit https://errors.pydantic.dev/2.12/v/int_type
Backend CI	Run tests	2026-03-17T02:41:37.6548502Z E   tables_served
Backend CI	Run tests	2026-03-17T02:41:37.6548713Z E     Input should be a valid integer [type=int_type, input_value=None, input_type=NoneType]
Backend CI	Run tests	2026-03-17T02:41:37.6548910Z E       For further information visit https://errors.pydantic.dev/2.12/v/int_type
Backend CI	Run tests	2026-03-17T02:41:37.6548971Z E   shift_id
Backend CI	Run tests	2026-03-17T02:41:37.6549571Z E     UUID input should be a string, bytes or UUID object [type=uuid_type, input_value=None, input_type=NoneType]
Backend CI	Run tests	2026-03-17T02:41:37.6549838Z E       For further information visit https://errors.pydantic.dev/2.12/v/uuid_type
Backend CI	Run tests	2026-03-17T02:41:37.6549904Z E   generated_at
Backend CI	Run tests	2026-03-17T02:41:37.6550140Z E     Input should be a valid datetime [type=datetime_type, input_value=None, input_type=NoneType]
Backend CI	Run tests	2026-03-17T02:41:37.6550403Z E       For further information visit https://errors.pydantic.dev/2.12/v/datetime_type
Backend CI	Run tests	2026-03-17T02:41:37.6550472Z E   updated_at
Backend CI	Run tests	2026-03-17T02:41:37.6550708Z E     Input should be a valid datetime [type=datetime_type, input_value=None, input_type=NoneType]
Backend CI	Run tests	2026-03-17T02:41:37.6550913Z E       For further information visit https://errors.pydantic.dev/2.12/v/datetime_type
Backend CI	Run tests	2026-03-17T02:41:37.6551088Z ______________ test_ai_chat_returns_fallback_when_not_configured _______________
Backend CI	Run tests	2026-03-17T02:41:37.6551330Z app/tests/test_coverage_services.py:364: in test_ai_chat_returns_fallback_when_not_configured
Backend CI	Run tests	2026-03-17T02:41:37.6551411Z     import app.api.ai as ai
Backend CI	Run tests	2026-03-17T02:41:37.6551544Z E   ModuleNotFoundError: No module named 'app.api.ai'
Backend CI	Run tests	2026-03-17T02:41:37.6551712Z __________________ test_ai_generate_ai_response_keyword_paths __________________
Backend CI	Run tests	2026-03-17T02:41:37.6551922Z app/tests/test_coverage_services.py:382: in test_ai_generate_ai_response_keyword_paths
Backend CI	Run tests	2026-03-17T02:41:37.6552009Z     import app.api.ai as ai
Backend CI	Run tests	2026-03-17T02:41:37.6552173Z E   ModuleNotFoundError: No module named 'app.api.ai'
Backend CI	Run tests	2026-03-17T02:41:37.6552335Z ___________________ test_get_current_business_id_returns_id ____________________
Backend CI	Run tests	2026-03-17T02:41:37.6552550Z app/tests/test_coverage_services.py:499: in test_get_current_business_id_returns_id
Backend CI	Run tests	2026-03-17T02:41:37.6552783Z     biz_id = await deps.get_current_business_id(
Backend CI	Run tests	2026-03-17T02:41:37.6552896Z app/api/deps.py:234: in get_current_business_id
Backend CI	Run tests	2026-03-17T02:41:37.6553050Z     await rate_limit_by_business(request, UUID(business_id), redis)
Backend CI	Run tests	2026-03-17T02:41:37.6553143Z                                           ^^^^^^^^^^^^^^^^^
Backend CI	Run tests	2026-03-17T02:41:37.6553352Z /opt/hostedtoolcache/Python/3.12.13/x64/lib/python3.12/uuid.py:178: in __init__
Backend CI	Run tests	2026-03-17T02:41:37.6553488Z     raise ValueError('badly formed hexadecimal UUID string')
Backend CI	Run tests	2026-03-17T02:41:37.6553604Z E   ValueError: badly formed hexadecimal UUID string
Backend CI	Run tests	2026-03-17T02:41:37.6553770Z _____________________ test_auth_login_sets_cookies_for_web _____________________
Backend CI	Run tests	2026-03-17T02:41:37.6553967Z app/tests/test_coverage_services.py:530: in test_auth_login_sets_cookies_for_web
Backend CI	Run tests	2026-03-17T02:41:37.6554202Z     token = await auth.login(credentials=creds, request=req, response=resp, db=MagicMock())
Backend CI	Run tests	2026-03-17T02:41:37.6554316Z             ^^^^^^^^^^^^^^^^^^^^^^^^^^^^^^^^^^^^^^^^^^^^^^^^^^^^^^^^^^^^^^^^^^^^^^^^^^^^^^^
Backend CI	Run tests	2026-03-17T02:41:37.6554695Z /opt/hostedtoolcache/Python/3.12.13/x64/lib/python3.12/site-packages/slowapi/extension.py:734: in async_wrapper
Backend CI	Run tests	2026-03-17T02:41:37.6554828Z     response = await func(*args, **kwargs)  # type: ignore
Backend CI	Run tests	2026-03-17T02:41:37.6554902Z                ^^^^^^^^^^^^^^^^^^^^^^^^^^^
Backend CI	Run tests	2026-03-17T02:41:37.6554990Z app/api/auth.py:190: in login
Backend CI	Run tests	2026-03-17T02:41:37.6555065Z     if user.totp_enabled:
Backend CI	Run tests	2026-03-17T02:41:37.6555133Z        ^^^^^^^^^^^^^^^^^
Backend CI	Run tests	2026-03-17T02:41:37.6555353Z E   AttributeError: 'types.SimpleNamespace' object has no attribute 'totp_enabled'
Backend CI	Run tests	2026-03-17T02:41:37.6555527Z _______________ test_auth_login_does_not_set_cookies_for_mobile ________________
Backend CI	Run tests	2026-03-17T02:41:37.6555754Z app/tests/test_coverage_services.py:558: in test_auth_login_does_not_set_cookies_for_mobile
Backend CI	Run tests	2026-03-17T02:41:37.6555970Z     _ = await auth.login(credentials=creds, request=req, response=resp, db=MagicMock())
Backend CI	Run tests	2026-03-17T02:41:37.6556080Z         ^^^^^^^^^^^^^^^^^^^^^^^^^^^^^^^^^^^^^^^^^^^^^^^^^^^^^^^^^^^^^^^^^^^^^^^^^^^^^^^
Backend CI	Run tests	2026-03-17T02:41:37.6556396Z /opt/hostedtoolcache/Python/3.12.13/x64/lib/python3.12/site-packages/slowapi/extension.py:734: in async_wrapper
Backend CI	Run tests	2026-03-17T02:41:37.6556519Z     response = await func(*args, **kwargs)  # type: ignore
Backend CI	Run tests	2026-03-17T02:41:37.6556653Z                ^^^^^^^^^^^^^^^^^^^^^^^^^^^
Backend CI	Run tests	2026-03-17T02:41:37.6556740Z app/api/auth.py:190: in login
Backend CI	Run tests	2026-03-17T02:41:37.6556813Z     if user.totp_enabled:
Backend CI	Run tests	2026-03-17T02:41:37.6556878Z        ^^^^^^^^^^^^^^^^^
Backend CI	Run tests	2026-03-17T02:41:37.6557091Z E   AttributeError: 'types.SimpleNamespace' object has no attribute 'totp_enabled'
Backend CI	Run tests	2026-03-17T02:41:37.6557349Z ________ TestFinalIntegration.test_pricing_consistency_across_endpoints ________
Backend CI	Run tests	2026-03-17T02:41:37.6557617Z app/tests/test_final_integration_validation.py:72: in test_pricing_consistency_across_endpoints
Backend CI	Run tests	2026-03-17T02:41:37.6557695Z     assert len(api_tiers) == 5
Backend CI	Run tests	2026-03-17T02:41:37.6557761Z E   assert 0 == 5
Backend CI	Run tests	2026-03-17T02:41:37.6557839Z E    +  where 0 = len([])
Backend CI	Run tests	2026-03-17T02:41:37.6558001Z ----------------------------- Captured stderr call -----------------------------
Backend CI	Run tests	2026-03-17T02:41:37.6558237Z INFO:httpx:HTTP Request: GET http://testserver/api/v1/subscriptions/tiers "HTTP/1.1 200 OK"
Backend CI	Run tests	2026-03-17T02:41:37.6558395Z ------------------------------ Captured log call -------------------------------
Backend CI	Run tests	2026-03-17T02:41:37.6558685Z INFO     httpx:_client.py:1025 HTTP Request: GET http://testserver/api/v1/subscriptions/tiers "HTTP/1.1 200 OK"
Backend CI	Run tests	2026-03-17T02:41:37.6558892Z ________ TestFinalIntegration.test_guest_ai_functionality_and_security _________
Backend CI	Run tests	2026-03-17T02:41:37.6559146Z app/tests/test_final_integration_validation.py:119: in test_guest_ai_functionality_and_security
Backend CI	Run tests	2026-03-17T02:41:37.6559336Z     assert response.status_code in [200, 400, 429, 500, 503]
Backend CI	Run tests	2026-03-17T02:41:37.6559425Z E   assert 404 in [200, 400, 429, 500, 503]
Backend CI	Run tests	2026-03-17T02:41:37.6559540Z E    +  where 404 = <Response [404 Not Found]>.status_code
Backend CI	Run tests	2026-03-17T02:41:37.6559692Z ----------------------------- Captured stderr call -----------------------------
Backend CI	Run tests	2026-03-17T02:41:37.6559938Z INFO:httpx:HTTP Request: POST http://testserver/api/v1/ai/guest-chat "HTTP/1.1 404 Not Found"
Backend CI	Run tests	2026-03-17T02:41:37.6560087Z ------------------------------ Captured log call -------------------------------
Backend CI	Run tests	2026-03-17T02:41:37.6560383Z INFO     httpx:_client.py:1025 HTTP Request: POST http://testserver/api/v1/ai/guest-chat "HTTP/1.1 404 Not Found"
Backend CI	Run tests	2026-03-17T02:41:37.6560578Z _________ TestFinalIntegration.test_authenticated_ai_context_switching _________
Backend CI	Run tests	2026-03-17T02:41:37.6560824Z app/tests/test_final_integration_validation.py:217: in test_authenticated_ai_context_switching
Backend CI	Run tests	2026-03-17T02:41:37.6560959Z     assert response.status_code in [200, 400, 429, 500, 503]
Backend CI	Run tests	2026-03-17T02:41:37.6561040Z E   assert 404 in [200, 400, 429, 500, 503]
Backend CI	Run tests	2026-03-17T02:41:37.6561158Z E    +  where 404 = <Response [404 Not Found]>.status_code
Backend CI	Run tests	2026-03-17T02:41:37.6561310Z ----------------------------- Captured stderr call -----------------------------
Backend CI	Run tests	2026-03-17T02:41:37.6561568Z INFO:httpx:HTTP Request: POST http://testserver/api/v1/ai/chat "HTTP/1.1 404 Not Found"
Backend CI	Run tests	2026-03-17T02:41:37.6561778Z INFO:httpx:HTTP Request: POST http://testserver/api/v1/ai/chat "HTTP/1.1 404 Not Found"
Backend CI	Run tests	2026-03-17T02:41:37.6562008Z INFO:httpx:HTTP Request: POST http://testserver/api/v1/ai/guest-chat "HTTP/1.1 404 Not Found"
Backend CI	Run tests	2026-03-17T02:41:37.6562161Z ------------------------------ Captured log call -------------------------------
Backend CI	Run tests	2026-03-17T02:41:37.6562435Z INFO     httpx:_client.py:1025 HTTP Request: POST http://testserver/api/v1/ai/chat "HTTP/1.1 404 Not Found"
Backend CI	Run tests	2026-03-17T02:41:37.6562798Z INFO     httpx:_client.py:1025 HTTP Request: POST http://testserver/api/v1/ai/chat "HTTP/1.1 404 Not Found"
Backend CI	Run tests	2026-03-17T02:41:37.6563090Z INFO     httpx:_client.py:1025 HTTP Request: POST http://testserver/api/v1/ai/guest-chat "HTTP/1.1 404 Not Found"
Backend CI	Run tests	2026-03-17T02:41:37.6563287Z __________ TestFinalIntegration.test_pricing_enterprise_tier_handling __________
Backend CI	Run tests	2026-03-17T02:41:37.6563529Z app/tests/test_final_integration_validation.py:228: in test_pricing_enterprise_tier_handling
Backend CI	Run tests	2026-03-17T02:41:37.6563620Z     assert enterprise_tier is not None
Backend CI	Run tests	2026-03-17T02:41:37.6563696Z E   assert None is not None
Backend CI	Run tests	2026-03-17T02:41:37.6563851Z ----------------------------- Captured stderr call -----------------------------
Backend CI	Run tests	2026-03-17T02:41:37.6564142Z INFO:httpx:HTTP Request: GET http://testserver/api/v1/subscriptions/tiers "HTTP/1.1 200 OK"
Backend CI	Run tests	2026-03-17T02:41:37.6564296Z ------------------------------ Captured log call -------------------------------
Backend CI	Run tests	2026-03-17T02:41:37.6564582Z INFO     httpx:_client.py:1025 HTTP Request: GET http://testserver/api/v1/subscriptions/tiers "HTTP/1.1 200 OK"
Backend CI	Run tests	2026-03-17T02:41:37.6564821Z _______________ TestFinalIntegration.test_performance_under_load _______________
Backend CI	Run tests	2026-03-17T02:41:37.6565027Z app/tests/test_final_integration_validation.py:295: in test_performance_under_load
Backend CI	Run tests	2026-03-17T02:41:37.6565202Z     assert all(r.status_code in [200, 400, 429, 500, 503] for r in ai_responses)
Backend CI	Run tests	2026-03-17T02:41:37.6565270Z E   assert False
Backend CI	Run tests	2026-03-17T02:41:37.6565654Z E    +  where False = all(<generator object TestFinalIntegration.test_performance_under_load.<locals>.<genexpr> at 0x7f35f88c9700>)
Backend CI	Run tests	2026-03-17T02:41:37.6565807Z ----------------------------- Captured stderr call -----------------------------
Backend CI	Run tests	2026-03-17T02:41:37.6566037Z INFO:httpx:HTTP Request: GET http://testserver/api/v1/subscriptions/tiers "HTTP/1.1 200 OK"
Backend CI	Run tests	2026-03-17T02:41:37.6566268Z INFO:httpx:HTTP Request: GET http://testserver/api/v1/subscriptions/tiers "HTTP/1.1 200 OK"
Backend CI	Run tests	2026-03-17T02:41:37.6566487Z INFO:httpx:HTTP Request: GET http://testserver/api/v1/subscriptions/tiers "HTTP/1.1 200 OK"
Backend CI	Run tests	2026-03-17T02:41:37.6566770Z INFO:httpx:HTTP Request: GET http://testserver/api/v1/subscriptions/tiers "HTTP/1.1 200 OK"
Backend CI	Run tests	2026-03-17T02:41:37.6566987Z INFO:httpx:HTTP Request: GET http://testserver/api/v1/subscriptions/tiers "HTTP/1.1 200 OK"
Backend CI	Run tests	2026-03-17T02:41:37.6567204Z INFO:httpx:HTTP Request: GET http://testserver/api/v1/subscriptions/tiers "HTTP/1.1 200 OK"
Backend CI	Run tests	2026-03-17T02:41:37.6567428Z INFO:httpx:HTTP Request: GET http://testserver/api/v1/subscriptions/tiers "HTTP/1.1 200 OK"
Backend CI	Run tests	2026-03-17T02:41:37.6567644Z INFO:httpx:HTTP Request: GET http://testserver/api/v1/subscriptions/tiers "HTTP/1.1 200 OK"
Backend CI	Run tests	2026-03-17T02:41:37.6567866Z INFO:httpx:HTTP Request: GET http://testserver/api/v1/subscriptions/tiers "HTTP/1.1 200 OK"
Backend CI	Run tests	2026-03-17T02:41:37.6568084Z INFO:httpx:HTTP Request: GET http://testserver/api/v1/subscriptions/tiers "HTTP/1.1 200 OK"
Backend CI	Run tests	2026-03-17T02:41:37.6568315Z INFO:httpx:HTTP Request: POST http://testserver/api/v1/ai/guest-chat "HTTP/1.1 404 Not Found"
Backend CI	Run tests	2026-03-17T02:41:37.6568552Z INFO:httpx:HTTP Request: POST http://testserver/api/v1/ai/guest-chat "HTTP/1.1 404 Not Found"
Backend CI	Run tests	2026-03-17T02:41:37.6568779Z INFO:httpx:HTTP Request: POST http://testserver/api/v1/ai/guest-chat "HTTP/1.1 404 Not Found"
Backend CI	Run tests	2026-03-17T02:41:37.6569005Z INFO:httpx:HTTP Request: POST http://testserver/api/v1/ai/guest-chat "HTTP/1.1 404 Not Found"
Backend CI	Run tests	2026-03-17T02:41:37.6569289Z INFO:httpx:HTTP Request: POST http://testserver/api/v1/ai/guest-chat "HTTP/1.1 404 Not Found"
Backend CI	Run tests	2026-03-17T02:41:37.6569441Z ------------------------------ Captured log call -------------------------------
Backend CI	Run tests	2026-03-17T02:41:37.6569727Z INFO     httpx:_client.py:1025 HTTP Request: GET http://testserver/api/v1/subscriptions/tiers "HTTP/1.1 200 OK"
Backend CI	Run tests	2026-03-17T02:41:37.6570007Z INFO     httpx:_client.py:1025 HTTP Request: GET http://testserver/api/v1/subscriptions/tiers "HTTP/1.1 200 OK"
Backend CI	Run tests	2026-03-17T02:41:37.6570282Z INFO     httpx:_client.py:1025 HTTP Request: GET http://testserver/api/v1/subscriptions/tiers "HTTP/1.1 200 OK"
Backend CI	Run tests	2026-03-17T02:41:37.6570565Z INFO     httpx:_client.py:1025 HTTP Request: GET http://testserver/api/v1/subscriptions/tiers "HTTP/1.1 200 OK"
Backend CI	Run tests	2026-03-17T02:41:37.6570839Z INFO     httpx:_client.py:1025 HTTP Request: GET http://testserver/api/v1/subscriptions/tiers "HTTP/1.1 200 OK"
Backend CI	Run tests	2026-03-17T02:41:37.6571114Z INFO     httpx:_client.py:1025 HTTP Request: GET http://testserver/api/v1/subscriptions/tiers "HTTP/1.1 200 OK"
Backend CI	Run tests	2026-03-17T02:41:37.6571390Z INFO     httpx:_client.py:1025 HTTP Request: GET http://testserver/api/v1/subscriptions/tiers "HTTP/1.1 200 OK"
Backend CI	Run tests	2026-03-17T02:41:37.6571668Z INFO     httpx:_client.py:1025 HTTP Request: GET http://testserver/api/v1/subscriptions/tiers "HTTP/1.1 200 OK"
Backend CI	Run tests	2026-03-17T02:41:37.6571991Z INFO     httpx:_client.py:1025 HTTP Request: GET http://testserver/api/v1/subscriptions/tiers "HTTP/1.1 200 OK"
Backend CI	Run tests	2026-03-17T02:41:37.6572264Z INFO     httpx:_client.py:1025 HTTP Request: GET http://testserver/api/v1/subscriptions/tiers "HTTP/1.1 200 OK"
Backend CI	Run tests	2026-03-17T02:41:37.6572591Z INFO     httpx:_client.py:1025 HTTP Request: POST http://testserver/api/v1/ai/guest-chat "HTTP/1.1 404 Not Found"
Backend CI	Run tests	2026-03-17T02:41:37.6572977Z INFO     httpx:_client.py:1025 HTTP Request: POST http://testserver/api/v1/ai/guest-chat "HTTP/1.1 404 Not Found"
Backend CI	Run tests	2026-03-17T02:41:37.6573259Z INFO     httpx:_client.py:1025 HTTP Request: POST http://testserver/api/v1/ai/guest-chat "HTTP/1.1 404 Not Found"
Backend CI	Run tests	2026-03-17T02:41:37.6573544Z INFO     httpx:_client.py:1025 HTTP Request: POST http://testserver/api/v1/ai/guest-chat "HTTP/1.1 404 Not Found"
Backend CI	Run tests	2026-03-17T02:41:37.6573834Z INFO     httpx:_client.py:1025 HTTP Request: POST http://testserver/api/v1/ai/guest-chat "HTTP/1.1 404 Not Found"
Backend CI	Run tests	2026-03-17T02:41:37.6574034Z ____________ TestFinalIntegration.test_error_handling_and_recovery _____________
Backend CI	Run tests	2026-03-17T02:41:37.6574258Z app/tests/test_final_integration_validation.py:318: in test_error_handling_and_recovery
Backend CI	Run tests	2026-03-17T02:41:37.6574458Z     assert response.status_code in [400, 422]  # Bad Request or Unprocessable Entity
Backend CI	Run tests	2026-03-17T02:41:37.6574548Z     ^^^^^^^^^^^^^^^^^^^^^^^^^^^^^^^^^^^^^^^^^
Backend CI	Run tests	2026-03-17T02:41:37.6574710Z E   assert 404 in [400, 422]
Backend CI	Run tests	2026-03-17T02:41:37.6574836Z E    +  where 404 = <Response [404 Not Found]>.status_code
Backend CI	Run tests	2026-03-17T02:41:37.6574992Z ----------------------------- Captured stderr call -----------------------------
Backend CI	Run tests	2026-03-17T02:41:37.6575344Z INFO:httpx:HTTP Request: GET http://testserver/api/v1/subscriptions/tiers/invalid-tier "HTTP/1.1 422 Unprocessable Entity"
Backend CI	Run tests	2026-03-17T02:41:37.6575586Z INFO:httpx:HTTP Request: POST http://testserver/api/v1/ai/guest-chat "HTTP/1.1 404 Not Found"
Backend CI	Run tests	2026-03-17T02:41:37.6575737Z ------------------------------ Captured log call -------------------------------
Backend CI	Run tests	2026-03-17T02:41:37.6576144Z INFO     httpx:_client.py:1025 HTTP Request: GET http://testserver/api/v1/subscriptions/tiers/invalid-tier "HTTP/1.1 422 Unprocessable Entity"
Backend CI	Run tests	2026-03-17T02:41:37.6576437Z INFO     httpx:_client.py:1025 HTTP Request: POST http://testserver/api/v1/ai/guest-chat "HTTP/1.1 404 Not Found"
Backend CI	Run tests	2026-03-17T02:41:37.6576633Z __________ TestFinalIntegration.test_marketing_ai_context_validation ___________
Backend CI	Run tests	2026-03-17T02:41:37.6576879Z app/tests/test_final_integration_validation.py:349: in test_marketing_ai_context_validation
Backend CI	Run tests	2026-03-17T02:41:37.6577012Z     assert response.status_code in [200, 400, 429, 500, 503]
Backend CI	Run tests	2026-03-17T02:41:37.6577093Z E   assert 404 in [200, 400, 429, 500, 503]
Backend CI	Run tests	2026-03-17T02:41:37.6577276Z E    +  where 404 = <Response [404 Not Found]>.status_code
Backend CI	Run tests	2026-03-17T02:41:37.6577430Z ----------------------------- Captured stderr call -----------------------------
Backend CI	Run tests	2026-03-17T02:41:37.6577669Z INFO:httpx:HTTP Request: POST http://testserver/api/v1/ai/guest-chat "HTTP/1.1 404 Not Found"
Backend CI	Run tests	2026-03-17T02:41:37.6577826Z ------------------------------ Captured log call -------------------------------
Backend CI	Run tests	2026-03-17T02:41:37.6578112Z INFO     httpx:_client.py:1025 HTTP Request: POST http://testserver/api/v1/ai/guest-chat "HTTP/1.1 404 Not Found"
Backend CI	Run tests	2026-03-17T02:41:37.6578316Z _________ TestFinalIntegration.test_session_management_and_persistence _________
Backend CI	Run tests	2026-03-17T02:41:37.6578567Z app/tests/test_final_integration_validation.py:390: in test_session_management_and_persistence
Backend CI	Run tests	2026-03-17T02:41:37.6578709Z     assert response1.status_code in [200, 400, 429, 500, 503]
Backend CI	Run tests	2026-03-17T02:41:37.6578787Z E   assert 404 in [200, 400, 429, 500, 503]
Backend CI	Run tests	2026-03-17T02:41:37.6578898Z E    +  where 404 = <Response [404 Not Found]>.status_code
Backend CI	Run tests	2026-03-17T02:41:37.6579061Z ----------------------------- Captured stderr call -----------------------------
Backend CI	Run tests	2026-03-17T02:41:37.6579295Z INFO:httpx:HTTP Request: POST http://testserver/api/v1/ai/guest-chat "HTTP/1.1 404 Not Found"
Backend CI	Run tests	2026-03-17T02:41:37.6579508Z ------------------------------ Captured log call -------------------------------
Backend CI	Run tests	2026-03-17T02:41:37.6579804Z INFO     httpx:_client.py:1025 HTTP Request: POST http://testserver/api/v1/ai/guest-chat "HTTP/1.1 404 Not Found"
Backend CI	Run tests	2026-03-17T02:41:37.6580003Z ________ TestFinalIntegration.test_analytics_and_monitoring_integration ________
Backend CI	Run tests	2026-03-17T02:41:37.6580358Z app/tests/test_final_integration_validation.py:415: in test_analytics_and_monitoring_integration
Backend CI	Run tests	2026-03-17T02:41:37.6580491Z     assert response.status_code in [200, 400, 429, 500, 503]
Backend CI	Run tests	2026-03-17T02:41:37.6580569Z E   assert 404 in [200, 400, 429, 500, 503]
Backend CI	Run tests	2026-03-17T02:41:37.6580684Z E    +  where 404 = <Response [404 Not Found]>.status_code
Backend CI	Run tests	2026-03-17T02:41:37.6580840Z ----------------------------- Captured stderr call -----------------------------
Backend CI	Run tests	2026-03-17T02:41:37.6581070Z INFO:httpx:HTTP Request: GET http://testserver/api/v1/subscriptions/tiers "HTTP/1.1 200 OK"
Backend CI	Run tests	2026-03-17T02:41:37.6581311Z INFO:httpx:HTTP Request: POST http://testserver/api/v1/ai/guest-chat "HTTP/1.1 404 Not Found"
Backend CI	Run tests	2026-03-17T02:41:37.6581464Z ------------------------------ Captured log call -------------------------------
Backend CI	Run tests	2026-03-17T02:41:37.6581751Z INFO     httpx:_client.py:1025 HTTP Request: GET http://testserver/api/v1/subscriptions/tiers "HTTP/1.1 200 OK"
Backend CI	Run tests	2026-03-17T02:41:37.6582035Z INFO     httpx:_client.py:1025 HTTP Request: POST http://testserver/api/v1/ai/guest-chat "HTTP/1.1 404 Not Found"
Backend CI	Run tests	2026-03-17T02:41:37.6582271Z ____________ TestFinalIntegration.test_security_and_data_protection ____________
Backend CI	Run tests	2026-03-17T02:41:37.6582505Z app/tests/test_final_integration_validation.py:460: in test_security_and_data_protection
Backend CI	Run tests	2026-03-17T02:41:37.6582632Z     assert response.status_code in [200, 400, 429, 500, 503]
Backend CI	Run tests	2026-03-17T02:41:37.6582849Z E   assert 404 in [200, 400, 429, 500, 503]
Backend CI	Run tests	2026-03-17T02:41:37.6582964Z E    +  where 404 = <Response [404 Not Found]>.status_code
Backend CI	Run tests	2026-03-17T02:41:37.6583119Z ----------------------------- Captured stderr call -----------------------------
Backend CI	Run tests	2026-03-17T02:41:37.6583340Z INFO:httpx:HTTP Request: POST http://testserver/api/v1/ai/chat "HTTP/1.1 404 Not Found"
Backend CI	Run tests	2026-03-17T02:41:37.6583546Z INFO:httpx:HTTP Request: POST http://testserver/api/v1/ai/chat "HTTP/1.1 404 Not Found"
Backend CI	Run tests	2026-03-17T02:41:37.6583775Z INFO:httpx:HTTP Request: POST http://testserver/api/v1/ai/guest-chat "HTTP/1.1 404 Not Found"
Backend CI	Run tests	2026-03-17T02:41:37.6583933Z ------------------------------ Captured log call -------------------------------
Backend CI	Run tests	2026-03-17T02:41:37.6584205Z INFO     httpx:_client.py:1025 HTTP Request: POST http://testserver/api/v1/ai/chat "HTTP/1.1 404 Not Found"
Backend CI	Run tests	2026-03-17T02:41:37.6584471Z INFO     httpx:_client.py:1025 HTTP Request: POST http://testserver/api/v1/ai/chat "HTTP/1.1 404 Not Found"
Backend CI	Run tests	2026-03-17T02:41:37.6584817Z INFO     httpx:_client.py:1025 HTTP Request: POST http://testserver/api/v1/ai/guest-chat "HTTP/1.1 404 Not Found"
Backend CI	Run tests	2026-03-17T02:41:37.6584995Z __________ test_get_active_floor_plan_returns_all_tables_with_status ___________
Backend CI	Run tests	2026-03-17T02:41:37.6585259Z app/tests/test_floor_plan_service.py:69: in test_get_active_floor_plan_returns_all_tables_with_status
Backend CI	Run tests	2026-03-17T02:41:37.6585424Z     result = await FloorPlanService.get_active_floor_plan(BIZ_ID, db)
Backend CI	Run tests	2026-03-17T02:41:37.6585525Z              ^^^^^^^^^^^^^^^^^^^^^^^^^^^^^^^^^^^^^^^^^^^^^^^^^^^^^^^^
Backend CI	Run tests	2026-03-17T02:41:37.6585682Z app/services/floor_plan_service.py:78: in get_active_floor_plan
Backend CI	Run tests	2026-03-17T02:41:37.6585775Z     response = FloorPlanResponse(
Backend CI	Run tests	2026-03-17T02:41:37.6586031Z E   pydantic_core._pydantic_core.ValidationError: 2 validation errors for FloorPlanResponse
Backend CI	Run tests	2026-03-17T02:41:37.6586098Z E   created_at
Backend CI	Run tests	2026-03-17T02:41:37.6586402Z E     Field required [type=missing, input_value={'id': UUID('487053ce-678...d=None, cover_count=0)]}, input_type=dict]
Backend CI	Run tests	2026-03-17T02:41:37.6586608Z E       For further information visit https://errors.pydantic.dev/2.12/v/missing
Backend CI	Run tests	2026-03-17T02:41:37.6586674Z E   updated_at
Backend CI	Run tests	2026-03-17T02:41:37.6586975Z E     Field required [type=missing, input_value={'id': UUID('487053ce-678...d=None, cover_count=0)]}, input_type=dict]
Backend CI	Run tests	2026-03-17T02:41:37.6587227Z E       For further information visit https://errors.pydantic.dev/2.12/v/missing
Backend CI	Run tests	2026-03-17T02:41:37.6587415Z ___ test_generate_pdf_from_valid_html_returns_bytes_starting_with_pdf_marker ___
Backend CI	Run tests	2026-03-17T02:41:37.6587558Z app/services/pdf_service.py:74: in generate_pdf_from_html
Backend CI	Run tests	2026-03-17T02:41:37.6587718Z     return HTML(string=html_content).write_pdf()
Backend CI	Run tests	2026-03-17T02:41:37.6587804Z            ^^^^^^^^^^^^^^^^^^^^^^^^^^^^^^^^^^^^^
Backend CI	Run tests	2026-03-17T02:41:37.6588107Z /opt/hostedtoolcache/Python/3.12.13/x64/lib/python3.12/site-packages/weasyprint/__init__.py:259: in write_pdf
Backend CI	Run tests	2026-03-17T02:41:37.6588232Z     self.render(font_config, counter_style, **options)
Backend CI	Run tests	2026-03-17T02:41:37.6588538Z /opt/hostedtoolcache/Python/3.12.13/x64/lib/python3.12/site-packages/weasyprint/document.py:390: in write_pdf
Backend CI	Run tests	2026-03-17T02:41:37.6588650Z     pdf = generate_pdf(self, target, zoom, **options)
Backend CI	Run tests	2026-03-17T02:41:37.6588730Z           ^^^^^^^^^^^^^^^^^^^^^^^^^^^^^^^^^^^^^^^^^^^
Backend CI	Run tests	2026-03-17T02:41:37.6589059Z /opt/hostedtoolcache/Python/3.12.13/x64/lib/python3.12/site-packages/weasyprint/pdf/__init__.py:127: in generate_pdf
Backend CI	Run tests	2026-03-17T02:41:37.6589166Z     pdf = pydyf.PDF((version or '1.7'), identifier)
Backend CI	Run tests	2026-03-17T02:41:37.6589250Z           ^^^^^^^^^^^^^^^^^^^^^^^^^^^^^^^^^^^^^^^^^
Backend CI	Run tests	2026-03-17T02:41:37.6589431Z E   TypeError: PDF.__init__() takes 1 positional argument but 3 were given
Backend CI	Run tests	2026-03-17T02:41:37.6589491Z 
Backend CI	Run tests	2026-03-17T02:41:37.6589665Z During handling of the above exception, another exception occurred:
Backend CI	Run tests	2026-03-17T02:41:37.6589930Z app/tests/test_pdf.py:60: in test_generate_pdf_from_valid_html_returns_bytes_starting_with_pdf_marker
Backend CI	Run tests	2026-03-17T02:41:37.6590030Z     pdf_bytes = generate_pdf_from_html(html)
Backend CI	Run tests	2026-03-17T02:41:37.6590110Z                 ^^^^^^^^^^^^^^^^^^^^^^^^^^^^
Backend CI	Run tests	2026-03-17T02:41:37.6590247Z app/services/pdf_service.py:77: in generate_pdf_from_html
Backend CI	Run tests	2026-03-17T02:41:37.6590327Z     raise HTTPException(
Backend CI	Run tests	2026-03-17T02:41:37.6590498Z E   fastapi.exceptions.HTTPException: 500: PDF generation failed
Backend CI	Run tests	2026-03-17T02:41:37.6590669Z ----------------------------- Captured stderr call -----------------------------
Backend CI	Run tests	2026-03-17T02:41:37.6590969Z ERROR:app.services.pdf_service:WeasyPrint error: PDF.__init__() takes 1 positional argument but 3 were given
Backend CI	Run tests	2026-03-17T02:41:37.6591134Z ------------------------------ Captured log call -------------------------------
Backend CI	Run tests	2026-03-17T02:41:37.6591495Z ERROR    app.services.pdf_service:pdf_service.py:76 WeasyPrint error: PDF.__init__() takes 1 positional argument but 3 were given
Backend CI	Run tests	2026-03-17T02:41:37.6591672Z ________________ test_invoice_pdf_service_returns_correct_data _________________
Backend CI	Run tests	2026-03-17T02:41:37.6591810Z app/services/pdf_service.py:74: in generate_pdf_from_html
Backend CI	Run tests	2026-03-17T02:41:37.6591961Z     return HTML(string=html_content).write_pdf()
Backend CI	Run tests	2026-03-17T02:41:37.6592044Z            ^^^^^^^^^^^^^^^^^^^^^^^^^^^^^^^^^^^^^
Backend CI	Run tests	2026-03-17T02:41:37.6592345Z /opt/hostedtoolcache/Python/3.12.13/x64/lib/python3.12/site-packages/weasyprint/__init__.py:259: in write_pdf
Backend CI	Run tests	2026-03-17T02:41:37.6592467Z     self.render(font_config, counter_style, **options)
Backend CI	Run tests	2026-03-17T02:41:37.6592874Z /opt/hostedtoolcache/Python/3.12.13/x64/lib/python3.12/site-packages/weasyprint/document.py:390: in write_pdf
Backend CI	Run tests	2026-03-17T02:41:37.6592989Z     pdf = generate_pdf(self, target, zoom, **options)
Backend CI	Run tests	2026-03-17T02:41:37.6593079Z           ^^^^^^^^^^^^^^^^^^^^^^^^^^^^^^^^^^^^^^^^^^^
Backend CI	Run tests	2026-03-17T02:41:37.6593399Z /opt/hostedtoolcache/Python/3.12.13/x64/lib/python3.12/site-packages/weasyprint/pdf/__init__.py:127: in generate_pdf
Backend CI	Run tests	2026-03-17T02:41:37.6593504Z     pdf = pydyf.PDF((version or '1.7'), identifier)
Backend CI	Run tests	2026-03-17T02:41:37.6593589Z           ^^^^^^^^^^^^^^^^^^^^^^^^^^^^^^^^^^^^^^^^^
Backend CI	Run tests	2026-03-17T02:41:37.6593765Z E   TypeError: PDF.__init__() takes 1 positional argument but 3 were given
Backend CI	Run tests	2026-03-17T02:41:37.6593771Z 
Backend CI	Run tests	2026-03-17T02:41:37.6593945Z During handling of the above exception, another exception occurred:
Backend CI	Run tests	2026-03-17T02:41:37.6594129Z app/tests/test_pdf.py:116: in test_invoice_pdf_service_returns_correct_data
Backend CI	Run tests	2026-03-17T02:41:37.6594455Z     pdf_bytes, filename = await generate_invoice_pdf(sample_invoice.id, sample_business.id, mock_db)
Backend CI	Run tests	2026-03-17T02:41:37.6594588Z                           ^^^^^^^^^^^^^^^^^^^^^^^^^^^^^^^^^^^^^^^^^^^^^^^^^^^^^^^^^^^^^^^^^^^^^^^^^^
Backend CI	Run tests	2026-03-17T02:41:37.6594779Z app/services/pdf_service.py:119: in generate_invoice_pdf
Backend CI	Run tests	2026-03-17T02:41:37.6594891Z     pdf_bytes = await _generate_pdf_async(html)
Backend CI	Run tests	2026-03-17T02:41:37.6594967Z                 ^^^^^^^^^^^^^^^^^^^^^^^^^^^^^^^
Backend CI	Run tests	2026-03-17T02:41:37.6595090Z app/services/pdf_service.py:84: in _generate_pdf_async
Backend CI	Run tests	2026-03-17T02:41:37.6595316Z     return await loop.run_in_executor(_pdf_executor, generate_pdf_from_html, html_content)
Backend CI	Run tests	2026-03-17T02:41:37.6595434Z            ^^^^^^^^^^^^^^^^^^^^^^^^^^^^^^^^^^^^^^^^^^^^^^^^^^^^^^^^^^^^^^^^^^^^^^^^^^^^^^^
Backend CI	Run tests	2026-03-17T02:41:37.6595678Z /opt/hostedtoolcache/Python/3.12.13/x64/lib/python3.12/concurrent/futures/thread.py:59: in run
Backend CI	Run tests	2026-03-17T02:41:37.6595781Z     result = self.fn(*self.args, **self.kwargs)
Backend CI	Run tests	2026-03-17T02:41:37.6595860Z              ^^^^^^^^^^^^^^^^^^^^^^^^^^^^^^^^^^
Backend CI	Run tests	2026-03-17T02:41:37.6595996Z app/services/pdf_service.py:77: in generate_pdf_from_html
Backend CI	Run tests	2026-03-17T02:41:37.6596076Z     raise HTTPException(
Backend CI	Run tests	2026-03-17T02:41:37.6596240Z E   fastapi.exceptions.HTTPException: 500: PDF generation failed
Backend CI	Run tests	2026-03-17T02:41:37.6596408Z ----------------------------- Captured stderr call -----------------------------
Backend CI	Run tests	2026-03-17T02:41:37.6596756Z ERROR:app.services.pdf_service:WeasyPrint error: PDF.__init__() takes 1 positional argument but 3 were given
Backend CI	Run tests	2026-03-17T02:41:37.6596957Z ------------------------------ Captured log call -------------------------------
Backend CI	Run tests	2026-03-17T02:41:37.6597576Z ERROR    app.services.pdf_service:pdf_service.py:76 WeasyPrint error: PDF.__init__() takes 1 positional argument but 3 were given
Backend CI	Run tests	2026-03-17T02:41:37.6597857Z ____________ test_cashup_pdf_contains_all_required_financial_fields ____________
Backend CI	Run tests	2026-03-17T02:41:37.6598071Z app/services/pdf_service.py:74: in generate_pdf_from_html
Backend CI	Run tests	2026-03-17T02:41:37.6598236Z     return HTML(string=html_content).write_pdf()
Backend CI	Run tests	2026-03-17T02:41:37.6598354Z            ^^^^^^^^^^^^^^^^^^^^^^^^^^^^^^^^^^^^^
Backend CI	Run tests	2026-03-17T02:41:37.6598885Z /opt/hostedtoolcache/Python/3.12.13/x64/lib/python3.12/site-packages/weasyprint/__init__.py:259: in write_pdf
Backend CI	Run tests	2026-03-17T02:41:37.6599101Z     self.render(font_config, counter_style, **options)
Backend CI	Run tests	2026-03-17T02:41:37.6599630Z /opt/hostedtoolcache/Python/3.12.13/x64/lib/python3.12/site-packages/weasyprint/document.py:390: in write_pdf
Backend CI	Run tests	2026-03-17T02:41:37.6599825Z     pdf = generate_pdf(self, target, zoom, **options)
Backend CI	Run tests	2026-03-17T02:41:37.6599976Z           ^^^^^^^^^^^^^^^^^^^^^^^^^^^^^^^^^^^^^^^^^^^
Backend CI	Run tests	2026-03-17T02:41:37.6600453Z /opt/hostedtoolcache/Python/3.12.13/x64/lib/python3.12/site-packages/weasyprint/pdf/__init__.py:127: in generate_pdf
Backend CI	Run tests	2026-03-17T02:41:37.6600564Z     pdf = pydyf.PDF((version or '1.7'), identifier)
Backend CI	Run tests	2026-03-17T02:41:37.6600644Z           ^^^^^^^^^^^^^^^^^^^^^^^^^^^^^^^^^^^^^^^^^
Backend CI	Run tests	2026-03-17T02:41:37.6600825Z E   TypeError: PDF.__init__() takes 1 positional argument but 3 were given
Backend CI	Run tests	2026-03-17T02:41:37.6600831Z 
Backend CI	Run tests	2026-03-17T02:41:37.6600998Z During handling of the above exception, another exception occurred:
Backend CI	Run tests	2026-03-17T02:41:37.6601213Z app/tests/test_pdf.py:176: in test_cashup_pdf_contains_all_required_financial_fields
Backend CI	Run tests	2026-03-17T02:41:37.6601443Z     pdf_bytes, filename = await generate_cashup_pdf(shift.id, sample_business.id, mock_db)
Backend CI	Run tests	2026-03-17T02:41:37.6601558Z                           ^^^^^^^^^^^^^^^^^^^^^^^^^^^^^^^^^^^^^^^^^^^^^^^^^^^^^^^^^^^^^^^^
Backend CI	Run tests	2026-03-17T02:41:37.6601692Z app/services/pdf_service.py:155: in generate_cashup_pdf
Backend CI	Run tests	2026-03-17T02:41:37.6601793Z     pdf_bytes = await _generate_pdf_async(html)
Backend CI	Run tests	2026-03-17T02:41:37.6601867Z                 ^^^^^^^^^^^^^^^^^^^^^^^^^^^^^^^
Backend CI	Run tests	2026-03-17T02:41:37.6601990Z app/services/pdf_service.py:84: in _generate_pdf_async
Backend CI	Run tests	2026-03-17T02:41:37.6602206Z     return await loop.run_in_executor(_pdf_executor, generate_pdf_from_html, html_content)
Backend CI	Run tests	2026-03-17T02:41:37.6602370Z            ^^^^^^^^^^^^^^^^^^^^^^^^^^^^^^^^^^^^^^^^^^^^^^^^^^^^^^^^^^^^^^^^^^^^^^^^^^^^^^^
Backend CI	Run tests	2026-03-17T02:41:37.6602618Z /opt/hostedtoolcache/Python/3.12.13/x64/lib/python3.12/concurrent/futures/thread.py:59: in run
Backend CI	Run tests	2026-03-17T02:41:37.6602901Z     result = self.fn(*self.args, **self.kwargs)
Backend CI	Run tests	2026-03-17T02:41:37.6603053Z              ^^^^^^^^^^^^^^^^^^^^^^^^^^^^^^^^^^
Backend CI	Run tests	2026-03-17T02:41:37.6603188Z app/services/pdf_service.py:77: in generate_pdf_from_html
Backend CI	Run tests	2026-03-17T02:41:37.6603273Z     raise HTTPException(
Backend CI	Run tests	2026-03-17T02:41:37.6603437Z E   fastapi.exceptions.HTTPException: 500: PDF generation failed
Backend CI	Run tests	2026-03-17T02:41:37.6603593Z ----------------------------- Captured stderr call -----------------------------
Backend CI	Run tests	2026-03-17T02:41:37.6603894Z ERROR:app.services.pdf_service:WeasyPrint error: PDF.__init__() takes 1 positional argument but 3 were given
Backend CI	Run tests	2026-03-17T02:41:37.6604047Z ------------------------------ Captured log call -------------------------------
Backend CI	Run tests	2026-03-17T02:41:37.6604399Z ERROR    app.services.pdf_service:pdf_service.py:76 WeasyPrint error: PDF.__init__() takes 1 positional argument but 3 were given
Backend CI	Run tests	2026-03-17T02:41:37.6604580Z _____________ test_purchase_order_pdf_service_returns_correct_data _____________
Backend CI	Run tests	2026-03-17T02:41:37.6604713Z app/services/pdf_service.py:74: in generate_pdf_from_html
Backend CI	Run tests	2026-03-17T02:41:37.6604823Z     return HTML(string=html_content).write_pdf()
Backend CI	Run tests	2026-03-17T02:41:37.6604964Z            ^^^^^^^^^^^^^^^^^^^^^^^^^^^^^^^^^^^^^
Backend CI	Run tests	2026-03-17T02:41:37.6605260Z /opt/hostedtoolcache/Python/3.12.13/x64/lib/python3.12/site-packages/weasyprint/__init__.py:259: in write_pdf
Backend CI	Run tests	2026-03-17T02:41:37.6605383Z     self.render(font_config, counter_style, **options)
Backend CI	Run tests	2026-03-17T02:41:37.6605676Z /opt/hostedtoolcache/Python/3.12.13/x64/lib/python3.12/site-packages/weasyprint/document.py:390: in write_pdf
Backend CI	Run tests	2026-03-17T02:41:37.6605787Z     pdf = generate_pdf(self, target, zoom, **options)
Backend CI	Run tests	2026-03-17T02:41:37.6605874Z           ^^^^^^^^^^^^^^^^^^^^^^^^^^^^^^^^^^^^^^^^^^^
Backend CI	Run tests	2026-03-17T02:41:37.6606193Z /opt/hostedtoolcache/Python/3.12.13/x64/lib/python3.12/site-packages/weasyprint/pdf/__init__.py:127: in generate_pdf
Backend CI	Run tests	2026-03-17T02:41:37.6606302Z     pdf = pydyf.PDF((version or '1.7'), identifier)
Backend CI	Run tests	2026-03-17T02:41:37.6606380Z           ^^^^^^^^^^^^^^^^^^^^^^^^^^^^^^^^^^^^^^^^^
Backend CI	Run tests	2026-03-17T02:41:37.6606553Z E   TypeError: PDF.__init__() takes 1 positional argument but 3 were given
Backend CI	Run tests	2026-03-17T02:41:37.6606560Z 
Backend CI	Run tests	2026-03-17T02:41:37.6606732Z During handling of the above exception, another exception occurred:
Backend CI	Run tests	2026-03-17T02:41:37.6606930Z app/tests/test_pdf.py:202: in test_purchase_order_pdf_service_returns_correct_data
Backend CI	Run tests	2026-03-17T02:41:37.6607191Z     pdf_bytes, filename = await generate_purchase_order_pdf(order.id, sample_business.id, mock_db)
Backend CI	Run tests	2026-03-17T02:41:37.6607378Z                           ^^^^^^^^^^^^^^^^^^^^^^^^^^^^^^^^^^^^^^^^^^^^^^^^^^^^^^^^^^^^^^^^^^^^^^^^
Backend CI	Run tests	2026-03-17T02:41:37.6607532Z app/services/pdf_service.py:186: in generate_purchase_order_pdf
Backend CI	Run tests	2026-03-17T02:41:37.6607647Z     pdf_bytes = await _generate_pdf_async(html)
Backend CI	Run tests	2026-03-17T02:41:37.6607721Z                 ^^^^^^^^^^^^^^^^^^^^^^^^^^^^^^^
Backend CI	Run tests	2026-03-17T02:41:37.6607841Z app/services/pdf_service.py:84: in _generate_pdf_async
Backend CI	Run tests	2026-03-17T02:41:37.6608065Z     return await loop.run_in_executor(_pdf_executor, generate_pdf_from_html, html_content)
Backend CI	Run tests	2026-03-17T02:41:37.6608178Z            ^^^^^^^^^^^^^^^^^^^^^^^^^^^^^^^^^^^^^^^^^^^^^^^^^^^^^^^^^^^^^^^^^^^^^^^^^^^^^^^
Backend CI	Run tests	2026-03-17T02:41:37.6608430Z /opt/hostedtoolcache/Python/3.12.13/x64/lib/python3.12/concurrent/futures/thread.py:59: in run
Backend CI	Run tests	2026-03-17T02:41:37.6608525Z     result = self.fn(*self.args, **self.kwargs)
Backend CI	Run tests	2026-03-17T02:41:37.6608598Z              ^^^^^^^^^^^^^^^^^^^^^^^^^^^^^^^^^^
Backend CI	Run tests	2026-03-17T02:41:37.6608734Z app/services/pdf_service.py:77: in generate_pdf_from_html
Backend CI	Run tests	2026-03-17T02:41:37.6608813Z     raise HTTPException(
Backend CI	Run tests	2026-03-17T02:41:37.6608975Z E   fastapi.exceptions.HTTPException: 500: PDF generation failed
Backend CI	Run tests	2026-03-17T02:41:37.6609136Z ----------------------------- Captured stderr call -----------------------------
Backend CI	Run tests	2026-03-17T02:41:37.6609499Z ERROR:app.services.pdf_service:WeasyPrint error: PDF.__init__() takes 1 positional argument but 3 were given
Backend CI	Run tests	2026-03-17T02:41:37.6609657Z ------------------------------ Captured log call -------------------------------
Backend CI	Run tests	2026-03-17T02:41:37.6610047Z ERROR    app.services.pdf_service:pdf_service.py:76 WeasyPrint error: PDF.__init__() takes 1 positional argument but 3 were given
Backend CI	Run tests	2026-03-17T02:41:37.6610231Z _________ test_invoice_pdf_endpoint_returns_200_with_pdf_content_type __________
Backend CI	Run tests	2026-03-17T02:41:37.6610453Z app/tests/test_pdf.py:251: in test_invoice_pdf_endpoint_returns_200_with_pdf_content_type
Backend CI	Run tests	2026-03-17T02:41:37.6610548Z     assert response.status_code == 200
Backend CI	Run tests	2026-03-17T02:41:37.6610626Z E   assert 500 == 200
Backend CI	Run tests	2026-03-17T02:41:37.6610781Z E    +  where 500 = <Response [500 Internal Server Error]>.status_code
Backend CI	Run tests	2026-03-17T02:41:37.6610932Z ----------------------------- Captured stderr call -----------------------------
Backend CI	Run tests	2026-03-17T02:41:37.6611228Z ERROR:app.services.pdf_service:WeasyPrint error: PDF.__init__() takes 1 positional argument but 3 were given
Backend CI	Run tests	2026-03-17T02:41:37.6611632Z INFO:httpx:HTTP Request: GET http://test/api/v1/pdf/invoice/4d8e65ec-8f68-4e44-ac38-78a5274f1ab3 "HTTP/1.1 500 Internal Server Error"
Backend CI	Run tests	2026-03-17T02:41:37.6611790Z ------------------------------ Captured log call -------------------------------
Backend CI	Run tests	2026-03-17T02:41:37.6612179Z ERROR    app.services.pdf_service:pdf_service.py:76 WeasyPrint error: PDF.__init__() takes 1 positional argument but 3 were given
Backend CI	Run tests	2026-03-17T02:41:37.6612620Z INFO     httpx:_client.py:1740 HTTP Request: GET http://test/api/v1/pdf/invoice/4d8e65ec-8f68-4e44-ac38-78a5274f1ab3 "HTTP/1.1 500 Internal Server Error"
Backend CI	Run tests	2026-03-17T02:41:37.6613064Z _ TestPricingConsistencyIntegration.test_marketing_page_pricing_matches_backend_tiers_exactly _
Backend CI	Run tests	2026-03-17T02:41:37.6613379Z app/tests/test_pricing_consistency_integration.py:121: in test_marketing_page_pricing_matches_backend_tiers_exactly
Backend CI	Run tests	2026-03-17T02:41:37.6613589Z     assert len(backend_tiers) == 5, "Should have exactly 5 tiers including Enterprise"
Backend CI	Run tests	2026-03-17T02:41:37.6613755Z E   AssertionError: Should have exactly 5 tiers including Enterprise
Backend CI	Run tests	2026-03-17T02:41:37.6613823Z E   assert 0 == 5
Backend CI	Run tests	2026-03-17T02:41:37.6613903Z E    +  where 0 = len([])
Backend CI	Run tests	2026-03-17T02:41:37.6614060Z ----------------------------- Captured stderr call -----------------------------
Backend CI	Run tests	2026-03-17T02:41:37.6614310Z INFO:httpx:HTTP Request: GET http://testserver/api/v1/subscriptions/tiers "HTTP/1.1 200 OK"
Backend CI	Run tests	2026-03-17T02:41:37.6614475Z ------------------------------ Captured log call -------------------------------
Backend CI	Run tests	2026-03-17T02:41:37.6614759Z INFO     httpx:_client.py:1025 HTTP Request: GET http://testserver/api/v1/subscriptions/tiers "HTTP/1.1 200 OK"
Backend CI	Run tests	2026-03-17T02:41:37.6615068Z _ TestPricingConsistencyIntegration.test_enterprise_tier_custom_pricing_display _
Backend CI	Run tests	2026-03-17T02:41:37.6615338Z app/tests/test_pricing_consistency_integration.py:173: in test_enterprise_tier_custom_pricing_display
Backend CI	Run tests	2026-03-17T02:41:37.6615527Z     assert enterprise_tier is not None, "Enterprise tier should exist in backend"
Backend CI	Run tests	2026-03-17T02:41:37.6615668Z E   AssertionError: Enterprise tier should exist in backend
Backend CI	Run tests	2026-03-17T02:41:37.6615744Z E   assert None is not None
Backend CI	Run tests	2026-03-17T02:41:37.6615898Z ----------------------------- Captured stderr call -----------------------------
Backend CI	Run tests	2026-03-17T02:41:37.6616135Z INFO:httpx:HTTP Request: GET http://testserver/api/v1/subscriptions/tiers "HTTP/1.1 200 OK"
Backend CI	Run tests	2026-03-17T02:41:37.6616283Z ------------------------------ Captured log call -------------------------------
Backend CI	Run tests	2026-03-17T02:41:37.6616571Z INFO     httpx:_client.py:1025 HTTP Request: GET http://testserver/api/v1/subscriptions/tiers "HTTP/1.1 200 OK"
Backend CI	Run tests	2026-03-17T02:41:37.6616847Z _ TestPricingConsistencyIntegration.test_enterprise_tier_displays_contact_sales_consistently _
Backend CI	Run tests	2026-03-17T02:41:37.6617157Z app/tests/test_pricing_consistency_integration.py:414: in test_enterprise_tier_displays_contact_sales_consistently
Backend CI	Run tests	2026-03-17T02:41:37.6617405Z     assert enterprise_tier is not None, "Enterprise tier should be available"
Backend CI	Run tests	2026-03-17T02:41:37.6617531Z E   AssertionError: Enterprise tier should be available
Backend CI	Run tests	2026-03-17T02:41:37.6617611Z E   assert None is not None
Backend CI	Run tests	2026-03-17T02:41:37.6617760Z ----------------------------- Captured stderr call -----------------------------
Backend CI	Run tests	2026-03-17T02:41:37.6618040Z INFO:httpx:HTTP Request: GET http://testserver/api/v1/subscriptions/tiers "HTTP/1.1 200 OK"
Backend CI	Run tests	2026-03-17T02:41:37.6618200Z ------------------------------ Captured log call -------------------------------
Backend CI	Run tests	2026-03-17T02:41:37.6624975Z INFO     httpx:_client.py:1025 HTTP Request: GET http://testserver/api/v1/subscriptions/tiers "HTTP/1.1 200 OK"
Backend CI	Run tests	2026-03-17T02:41:37.6625310Z _ TestPricingConsistencyIntegration.test_enterprise_contact_sales_flow_integration _
Backend CI	Run tests	2026-03-17T02:41:37.6625628Z app/tests/test_pricing_consistency_integration.py:548: in test_enterprise_contact_sales_flow_integration
Backend CI	Run tests	2026-03-17T02:41:37.6625839Z     assert enterprise_tier is not None, "Enterprise tier should be available"
Backend CI	Run tests	2026-03-17T02:41:37.6625976Z E   AssertionError: Enterprise tier should be available
Backend CI	Run tests	2026-03-17T02:41:37.6626057Z E   assert None is not None
Backend CI	Run tests	2026-03-17T02:41:37.6626233Z ----------------------------- Captured stderr call -----------------------------
Backend CI	Run tests	2026-03-17T02:41:37.6626489Z INFO:httpx:HTTP Request: GET http://testserver/api/v1/subscriptions/tiers "HTTP/1.1 200 OK"
Backend CI	Run tests	2026-03-17T02:41:37.6626774Z ------------------------------ Captured log call -------------------------------
Backend CI	Run tests	2026-03-17T02:41:37.6627084Z INFO     httpx:_client.py:1025 HTTP Request: GET http://testserver/api/v1/subscriptions/tiers "HTTP/1.1 200 OK"
Backend CI	Run tests	2026-03-17T02:41:37.6627282Z ____________ TestUpdateProduct.test_update_product_with_ingredients ____________
Backend CI	Run tests	2026-03-17T02:41:37.6627491Z app/tests/test_product_service.py:316: in test_update_product_with_ingredients
Backend CI	Run tests	2026-03-17T02:41:37.6627587Z     svc.update_product(product, data)
Backend CI	Run tests	2026-03-17T02:41:37.6627724Z app/services/product_service.py:146: in update_product
Backend CI	Run tests	2026-03-17T02:41:37.6627816Z     self.replace_product_ingredients(
Backend CI	Run tests	2026-03-17T02:41:37.6627989Z app/services/product_service.py:216: in replace_product_ingredients
Backend CI	Run tests	2026-03-17T02:41:37.6628080Z     ing_dict = ing.model_dump()
Backend CI	Run tests	2026-03-17T02:41:37.6628151Z                ^^^^^^^^^^^^^^
Backend CI	Run tests	2026-03-17T02:41:37.6628307Z E   AttributeError: 'dict' object has no attribute 'model_dump'
Backend CI	Run tests	2026-03-17T02:41:37.6628507Z ______________ TestCancelReservation.test_cancel_completed_raises ______________
Backend CI	Run tests	2026-03-17T02:41:37.6628706Z app/tests/test_reservation_service.py:265: in test_cancel_completed_raises
Backend CI	Run tests	2026-03-17T02:41:37.6628937Z     mock_r = _mock_reservation(res_id=RES_ID, status=ReservationStatus.COMPLETED.value)
Backend CI	Run tests	2026-03-17T02:41:37.6629122Z                                                      ^^^^^^^^^^^^^^^^^^^^^^^^^^^
Backend CI	Run tests	2026-03-17T02:41:37.6629327Z E   AttributeError: type object 'ReservationStatus' has no attribute 'COMPLETED'
Backend CI	Run tests	2026-03-17T02:41:37.6629520Z _____________ TestSeatReservation.test_seat_confirmed_reservation ______________
Backend CI	Run tests	2026-03-17T02:41:37.6629723Z app/tests/test_reservation_service.py:298: in test_seat_confirmed_reservation
Backend CI	Run tests	2026-03-17T02:41:37.6629822Z     service.seat_reservation(RES_ID, BIZ_ID)
Backend CI	Run tests	2026-03-17T02:41:37.6629978Z app/services/reservation_service.py:177: in seat_reservation
Backend CI	Run tests	2026-03-17T02:41:37.6630114Z     reservation.status = ReservationStatus.SEATED.value
Backend CI	Run tests	2026-03-17T02:41:37.6630206Z                          ^^^^^^^^^^^^^^^^^^^^^^^^
Backend CI	Run tests	2026-03-17T02:41:37.6630396Z E   AttributeError: type object 'ReservationStatus' has no attribute 'SEATED'
Backend CI	Run tests	2026-03-17T02:41:37.6630567Z _____________________ TestCheckConflicts.test_no_conflicts _____________________
Backend CI	Run tests	2026-03-17T02:41:37.6630727Z app/tests/test_reservation_service.py:369: in test_no_conflicts
Backend CI	Run tests	2026-03-17T02:41:37.6630818Z     conflicts = service.check_conflicts(
Backend CI	Run tests	2026-03-17T02:41:37.6630958Z app/services/reservation_service.py:226: in check_conflicts
Backend CI	Run tests	2026-03-17T02:41:37.6631059Z     ReservationStatus.SEATED.value,
Backend CI	Run tests	2026-03-17T02:41:37.6631189Z     ^^^^^^^^^^^^^^^^^^^^^^^^
Backend CI	Run tests	2026-03-17T02:41:37.6631385Z E   AttributeError: type object 'ReservationStatus' has no attribute 'SEATED'
Backend CI	Run tests	2026-03-17T02:41:37.6631559Z ___________________ TestCheckConflicts.test_detects_overlap ____________________
Backend CI	Run tests	2026-03-17T02:41:37.6631724Z app/tests/test_reservation_service.py:387: in test_detects_overlap
Backend CI	Run tests	2026-03-17T02:41:37.6631871Z     conflicts = service.check_conflicts(
Backend CI	Run tests	2026-03-17T02:41:37.6632013Z app/services/reservation_service.py:226: in check_conflicts
Backend CI	Run tests	2026-03-17T02:41:37.6632102Z     ReservationStatus.SEATED.value,
Backend CI	Run tests	2026-03-17T02:41:37.6632173Z     ^^^^^^^^^^^^^^^^^^^^^^^^
Backend CI	Run tests	2026-03-17T02:41:37.6632357Z E   AttributeError: type object 'ReservationStatus' has no attribute 'SEATED'
Backend CI	Run tests	2026-03-17T02:41:37.6632548Z ______________ TestCheckConflicts.test_no_overlap_adjacent_slots _______________
Backend CI	Run tests	2026-03-17T02:41:37.6632927Z app/tests/test_reservation_service.py:406: in test_no_overlap_adjacent_slots
Backend CI	Run tests	2026-03-17T02:41:37.6633018Z     conflicts = service.check_conflicts(
Backend CI	Run tests	2026-03-17T02:41:37.6633162Z app/services/reservation_service.py:226: in check_conflicts
Backend CI	Run tests	2026-03-17T02:41:37.6633250Z     ReservationStatus.SEATED.value,
Backend CI	Run tests	2026-03-17T02:41:37.6633318Z     ^^^^^^^^^^^^^^^^^^^^^^^^
Backend CI	Run tests	2026-03-17T02:41:37.6633506Z E   AttributeError: type object 'ReservationStatus' has no attribute 'SEATED'
Backend CI	Run tests	2026-03-17T02:41:37.6633690Z ________________ TestCheckConflicts.test_exclude_self_on_update ________________
Backend CI	Run tests	2026-03-17T02:41:37.6633946Z app/tests/test_reservation_service.py:420: in test_exclude_self_on_update
Backend CI	Run tests	2026-03-17T02:41:37.6634049Z     conflicts = service.check_conflicts(
Backend CI	Run tests	2026-03-17T02:41:37.6634197Z app/services/reservation_service.py:226: in check_conflicts
Backend CI	Run tests	2026-03-17T02:41:37.6634297Z     ReservationStatus.SEATED.value,
Backend CI	Run tests	2026-03-17T02:41:37.6634363Z     ^^^^^^^^^^^^^^^^^^^^^^^^
Backend CI	Run tests	2026-03-17T02:41:37.6634556Z E   AttributeError: type object 'ReservationStatus' has no attribute 'SEATED'
Backend CI	Run tests	2026-03-17T02:41:37.6634783Z _ TestSubscriptionAPIIntegration.test_subscription_tiers_endpoint_returns_data _
Backend CI	Run tests	2026-03-17T02:41:37.6635060Z app/tests/test_subscription_api_integration.py:39: in test_subscription_tiers_endpoint_returns_data
Backend CI	Run tests	2026-03-17T02:41:37.6635202Z     assert len(tiers) > 0, "Should return at least one tier"
Backend CI	Run tests	2026-03-17T02:41:37.6635318Z E   AssertionError: Should return at least one tier
Backend CI	Run tests	2026-03-17T02:41:37.6635389Z E   assert 0 > 0
Backend CI	Run tests	2026-03-17T02:41:37.6635515Z E    +  where 0 = len([])
Backend CI	Run tests	2026-03-17T02:41:37.6635679Z ----------------------------- Captured stderr call -----------------------------
Backend CI	Run tests	2026-03-17T02:41:37.6635920Z INFO:httpx:HTTP Request: GET http://testserver/api/v1/subscriptions/tiers "HTTP/1.1 200 OK"
Backend CI	Run tests	2026-03-17T02:41:37.6636081Z ------------------------------ Captured log call -------------------------------
Backend CI	Run tests	2026-03-17T02:41:37.6636442Z INFO     httpx:_client.py:1025 HTTP Request: GET http://testserver/api/v1/subscriptions/tiers "HTTP/1.1 200 OK"
Backend CI	Run tests	2026-03-17T02:41:37.6636700Z _ TestSubscriptionAPIIntegration.test_subscription_tiers_pricing_matches_shared_config _
Backend CI	Run tests	2026-03-17T02:41:37.6636999Z app/tests/test_subscription_api_integration.py:52: in test_subscription_tiers_pricing_matches_shared_config
Backend CI	Run tests	2026-03-17T02:41:37.6637201Z     assert api_tier is not None, f"Tier {shared_tier.name} not found in API response"
Backend CI	Run tests	2026-03-17T02:41:37.6637356Z E   AssertionError: Tier pilot_solo not found in API response
Backend CI	Run tests	2026-03-17T02:41:37.6637435Z E   assert None is not None
Backend CI	Run tests	2026-03-17T02:41:37.6637592Z ----------------------------- Captured stderr call -----------------------------
Backend CI	Run tests	2026-03-17T02:41:37.6637833Z INFO:httpx:HTTP Request: GET http://testserver/api/v1/subscriptions/tiers "HTTP/1.1 200 OK"
Backend CI	Run tests	2026-03-17T02:41:37.6637989Z ------------------------------ Captured log call -------------------------------
Backend CI	Run tests	2026-03-17T02:41:37.6638302Z INFO     httpx:_client.py:1025 HTTP Request: GET http://testserver/api/v1/subscriptions/tiers "HTTP/1.1 200 OK"
Backend CI	Run tests	2026-03-17T02:41:37.6638516Z _____ TestSubscriptionAPIIntegration.test_get_nonexistent_tier_returns_404 _____
Backend CI	Run tests	2026-03-17T02:41:37.6638763Z app/tests/test_subscription_api_integration.py:165: in test_get_nonexistent_tier_returns_404
Backend CI	Run tests	2026-03-17T02:41:37.6638923Z     assert response.status_code == 404
Backend CI	Run tests	2026-03-17T02:41:37.6638998Z E   assert 500 == 404
Backend CI	Run tests	2026-03-17T02:41:37.6639153Z E    +  where 500 = <Response [500 Internal Server Error]>.status_code
Backend CI	Run tests	2026-03-17T02:41:37.6639369Z ----------------------------- Captured stdout call -----------------------------
Backend CI	Run tests	2026-03-17T02:41:37.6639552Z Error processing request: 7 validation errors for TierPublicResponse
Backend CI	Run tests	2026-03-17T02:41:37.6639622Z id
Backend CI	Run tests	2026-03-17T02:41:37.6640067Z   UUID input should be a string, bytes or UUID object [type=uuid_type, input_value=<MagicMock name='mock.que...d' id='139869722155136'>, input_type=MagicMock]
Backend CI	Run tests	2026-03-17T02:41:37.6640276Z     For further information visit https://errors.pydantic.dev/2.12/v/uuid_type
Backend CI	Run tests	2026-03-17T02:41:37.6640341Z name
Backend CI	Run tests	2026-03-17T02:41:37.6640730Z   Input should be a valid string [type=string_type, input_value=<MagicMock name='mock.que...e' id='139869560119968'>, input_type=MagicMock]
Backend CI	Run tests	2026-03-17T02:41:37.6640942Z     For further information visit https://errors.pydantic.dev/2.12/v/string_type
Backend CI	Run tests	2026-03-17T02:41:37.6641010Z display_name
Backend CI	Run tests	2026-03-17T02:41:37.6641391Z   Input should be a valid string [type=string_type, input_value=<MagicMock name='mock.que...e' id='139869560113536'>, input_type=MagicMock]
Backend CI	Run tests	2026-03-17T02:41:37.6641596Z     For further information visit https://errors.pydantic.dev/2.12/v/string_type
Backend CI	Run tests	2026-03-17T02:41:37.6641717Z description
Backend CI	Run tests	2026-03-17T02:41:37.6642078Z   Input should be a valid string [type=string_type, input_value=<MagicMock name='mock.que...n' id='139869560117568'>, input_type=MagicMock]
Backend CI	Run tests	2026-03-17T02:41:37.6642278Z     For further information visit https://errors.pydantic.dev/2.12/v/string_type
Backend CI	Run tests	2026-03-17T02:41:37.6642344Z currency
Backend CI	Run tests	2026-03-17T02:41:37.6642856Z   Input should be a valid string [type=string_type, input_value=<MagicMock name='mock.que...y' id='139869719921536'>, input_type=MagicMock]
Backend CI	Run tests	2026-03-17T02:41:37.6643057Z     For further information visit https://errors.pydantic.dev/2.12/v/string_type
Backend CI	Run tests	2026-03-17T02:41:37.6643124Z features
Backend CI	Run tests	2026-03-17T02:41:37.6643502Z   Input should be a valid dictionary [type=dict_type, input_value=<MagicMock name='mock.que...s' id='139869560590400'>, input_type=MagicMock]
Backend CI	Run tests	2026-03-17T02:41:37.6643693Z     For further information visit https://errors.pydantic.dev/2.12/v/dict_type
Backend CI	Run tests	2026-03-17T02:41:37.6643768Z feature_flags
Backend CI	Run tests	2026-03-17T02:41:37.6644139Z   Input should be a valid dictionary [type=dict_type, input_value=<MagicMock name='mock.que...s' id='139869560596016'>, input_type=MagicMock]
Backend CI	Run tests	2026-03-17T02:41:37.6644325Z     For further information visit https://errors.pydantic.dev/2.12/v/dict_type
Backend CI	Run tests	2026-03-17T02:41:37.6644559Z ----------------------------- Captured stderr call -----------------------------
Backend CI	Run tests	2026-03-17T02:41:37.6645063Z ERROR:bizpilot.performance:Error processing request GET /api/v1/subscriptions/tiers/00000000-0000-0000-0000-000000000000: 7 validation errors for TierPublicResponse
Backend CI	Run tests	2026-03-17T02:41:37.6645129Z id
Backend CI	Run tests	2026-03-17T02:41:37.6645563Z   UUID input should be a string, bytes or UUID object [type=uuid_type, input_value=<MagicMock name='mock.que...d' id='139869722155136'>, input_type=MagicMock]
Backend CI	Run tests	2026-03-17T02:41:37.6645755Z     For further information visit https://errors.pydantic.dev/2.12/v/uuid_type
Backend CI	Run tests	2026-03-17T02:41:37.6645825Z name
Backend CI	Run tests	2026-03-17T02:41:37.6646189Z   Input should be a valid string [type=string_type, input_value=<MagicMock name='mock.que...e' id='139869560119968'>, input_type=MagicMock]
Backend CI	Run tests	2026-03-17T02:41:37.6646382Z     For further information visit https://errors.pydantic.dev/2.12/v/string_type
Backend CI	Run tests	2026-03-17T02:41:37.6646456Z display_name
Backend CI	Run tests	2026-03-17T02:41:37.6646812Z   Input should be a valid string [type=string_type, input_value=<MagicMock name='mock.que...e' id='139869560113536'>, input_type=MagicMock]
Backend CI	Run tests	2026-03-17T02:41:37.6647012Z     For further information visit https://errors.pydantic.dev/2.12/v/string_type
Backend CI	Run tests	2026-03-17T02:41:37.6647077Z description
Backend CI	Run tests	2026-03-17T02:41:37.6647434Z   Input should be a valid string [type=string_type, input_value=<MagicMock name='mock.que...n' id='139869560117568'>, input_type=MagicMock]
Backend CI	Run tests	2026-03-17T02:41:37.6647738Z     For further information visit https://errors.pydantic.dev/2.12/v/string_type
Backend CI	Run tests	2026-03-17T02:41:37.6647801Z currency
Backend CI	Run tests	2026-03-17T02:41:37.6648162Z   Input should be a valid string [type=string_type, input_value=<MagicMock name='mock.que...y' id='139869719921536'>, input_type=MagicMock]
Backend CI	Run tests	2026-03-17T02:41:37.6648414Z     For further information visit https://errors.pydantic.dev/2.12/v/string_type
Backend CI	Run tests	2026-03-17T02:41:37.6648476Z features
Backend CI	Run tests	2026-03-17T02:41:37.6648851Z   Input should be a valid dictionary [type=dict_type, input_value=<MagicMock name='mock.que...s' id='139869560590400'>, input_type=MagicMock]
Backend CI	Run tests	2026-03-17T02:41:37.6649040Z     For further information visit https://errors.pydantic.dev/2.12/v/dict_type
Backend CI	Run tests	2026-03-17T02:41:37.6649106Z feature_flags
Backend CI	Run tests	2026-03-17T02:41:37.6649481Z   Input should be a valid dictionary [type=dict_type, input_value=<MagicMock name='mock.que...s' id='139869560596016'>, input_type=MagicMock]
Backend CI	Run tests	2026-03-17T02:41:37.6649670Z     For further information visit https://errors.pydantic.dev/2.12/v/dict_type
Backend CI	Run tests	2026-03-17T02:41:37.6649763Z Traceback (most recent call last):
Backend CI	Run tests	2026-03-17T02:41:37.6655614Z   File "/opt/hostedtoolcache/Python/3.12.13/x64/lib/python3.12/site-packages/starlette/middleware/base.py", line 157, in call_next
Backend CI	Run tests	2026-03-17T02:41:37.6655930Z     message = await recv_stream.receive()
Backend CI	Run tests	2026-03-17T02:41:37.6656008Z               ^^^^^^^^^^^^^^^^^^^^^^^^^^^
Backend CI	Run tests	2026-03-17T02:41:37.6656437Z   File "/opt/hostedtoolcache/Python/3.12.13/x64/lib/python3.12/site-packages/anyio/streams/memory.py", line 132, in receive
Backend CI	Run tests	2026-03-17T02:41:37.6656552Z     raise EndOfStream from None
Backend CI	Run tests	2026-03-17T02:41:37.6656626Z anyio.EndOfStream
Backend CI	Run tests	2026-03-17T02:41:37.6656632Z 
Backend CI	Run tests	2026-03-17T02:41:37.6656819Z During handling of the above exception, another exception occurred:
Backend CI	Run tests	2026-03-17T02:41:37.6656825Z 
Backend CI	Run tests	2026-03-17T02:41:37.6656913Z Traceback (most recent call last):
Backend CI	Run tests	2026-03-17T02:41:37.6657198Z   File "/home/runner/work/BizPilot2/BizPilot2/backend/app/main.py", line 103, in dispatch
Backend CI	Run tests	2026-03-17T02:41:37.6657296Z     response = await call_next(request)
Backend CI	Run tests	2026-03-17T02:41:37.6657366Z                ^^^^^^^^^^^^^^^^^^^^^^^^
Backend CI	Run tests	2026-03-17T02:41:37.6657785Z   File "/opt/hostedtoolcache/Python/3.12.13/x64/lib/python3.12/site-packages/starlette/middleware/base.py", line 163, in call_next
Backend CI	Run tests	2026-03-17T02:41:37.6657871Z     raise app_exc
Backend CI	Run tests	2026-03-17T02:41:37.6658279Z   File "/opt/hostedtoolcache/Python/3.12.13/x64/lib/python3.12/site-packages/starlette/middleware/base.py", line 149, in coro
Backend CI	Run tests	2026-03-17T02:41:37.6658439Z     await self.app(scope, receive_or_disconnect, send_no_error)
Backend CI	Run tests	2026-03-17T02:41:37.6658921Z   File "/opt/hostedtoolcache/Python/3.12.13/x64/lib/python3.12/site-packages/starlette/middleware/base.py", line 185, in __call__
Backend CI	Run tests	2026-03-17T02:41:37.6659020Z     with collapse_excgroups():
Backend CI	Run tests	2026-03-17T02:41:37.6659088Z          ^^^^^^^^^^^^^^^^^^^^
Backend CI	Run tests	2026-03-17T02:41:37.6659394Z   File "/opt/hostedtoolcache/Python/3.12.13/x64/lib/python3.12/contextlib.py", line 158, in __exit__
Backend CI	Run tests	2026-03-17T02:41:37.6659479Z     self.gen.throw(value)
Backend CI	Run tests	2026-03-17T02:41:37.6659886Z   File "/opt/hostedtoolcache/Python/3.12.13/x64/lib/python3.12/site-packages/starlette/_utils.py", line 82, in collapse_excgroups
Backend CI	Run tests	2026-03-17T02:41:37.6659960Z     raise exc
Backend CI	Run tests	2026-03-17T02:41:37.6660338Z   File "/opt/hostedtoolcache/Python/3.12.13/x64/lib/python3.12/site-packages/starlette/middleware/base.py", line 187, in __call__
Backend CI	Run tests	2026-03-17T02:41:37.6660492Z     response = await self.dispatch_func(request, call_next)
Backend CI	Run tests	2026-03-17T02:41:37.6660580Z                ^^^^^^^^^^^^^^^^^^^^^^^^^^^^^^^^^^^^^^^^^^^^
Backend CI	Run tests	2026-03-17T02:41:37.6660836Z   File "/home/runner/work/BizPilot2/BizPilot2/backend/app/main.py", line 70, in dispatch
Backend CI	Run tests	2026-03-17T02:41:37.6660926Z     response = await call_next(request)
Backend CI	Run tests	2026-03-17T02:41:37.6660993Z                ^^^^^^^^^^^^^^^^^^^^^^^^
Backend CI	Run tests	2026-03-17T02:41:37.6661382Z   File "/opt/hostedtoolcache/Python/3.12.13/x64/lib/python3.12/site-packages/starlette/middleware/base.py", line 163, in call_next
Backend CI	Run tests	2026-03-17T02:41:37.6661531Z     raise app_exc
Backend CI	Run tests	2026-03-17T02:41:37.6661908Z   File "/opt/hostedtoolcache/Python/3.12.13/x64/lib/python3.12/site-packages/starlette/middleware/base.py", line 149, in coro
Backend CI	Run tests	2026-03-17T02:41:37.6662054Z     await self.app(scope, receive_or_disconnect, send_no_error)
Backend CI	Run tests	2026-03-17T02:41:37.6662555Z   File "/opt/hostedtoolcache/Python/3.12.13/x64/lib/python3.12/site-packages/starlette/middleware/base.py", line 185, in __call__
Backend CI	Run tests	2026-03-17T02:41:37.6662642Z     with collapse_excgroups():
Backend CI	Run tests	2026-03-17T02:41:37.6662936Z          ^^^^^^^^^^^^^^^^^^^^
Backend CI	Run tests	2026-03-17T02:41:37.6663217Z   File "/opt/hostedtoolcache/Python/3.12.13/x64/lib/python3.12/contextlib.py", line 158, in __exit__
Backend CI	Run tests	2026-03-17T02:41:37.6663301Z     self.gen.throw(value)
Backend CI	Run tests	2026-03-17T02:41:37.6663691Z   File "/opt/hostedtoolcache/Python/3.12.13/x64/lib/python3.12/site-packages/starlette/_utils.py", line 82, in collapse_excgroups
Backend CI	Run tests	2026-03-17T02:41:37.6663759Z     raise exc
Backend CI	Run tests	2026-03-17T02:41:37.6664136Z   File "/opt/hostedtoolcache/Python/3.12.13/x64/lib/python3.12/site-packages/starlette/middleware/base.py", line 187, in __call__
Backend CI	Run tests	2026-03-17T02:41:37.6664267Z     response = await self.dispatch_func(request, call_next)
Backend CI	Run tests	2026-03-17T02:41:37.6664361Z                ^^^^^^^^^^^^^^^^^^^^^^^^^^^^^^^^^^^^^^^^^^^^
Backend CI	Run tests	2026-03-17T02:41:37.6664608Z   File "/home/runner/work/BizPilot2/BizPilot2/backend/app/main.py", line 54, in dispatch
Backend CI	Run tests	2026-03-17T02:41:37.6664769Z     response = await call_next(request)
Backend CI	Run tests	2026-03-17T02:41:37.6664843Z                ^^^^^^^^^^^^^^^^^^^^^^^^
Backend CI	Run tests	2026-03-17T02:41:37.6665220Z   File "/opt/hostedtoolcache/Python/3.12.13/x64/lib/python3.12/site-packages/starlette/middleware/base.py", line 163, in call_next
Backend CI	Run tests	2026-03-17T02:41:37.6665302Z     raise app_exc
Backend CI	Run tests	2026-03-17T02:41:37.6665658Z   File "/opt/hostedtoolcache/Python/3.12.13/x64/lib/python3.12/site-packages/starlette/middleware/base.py", line 149, in coro
Backend CI	Run tests	2026-03-17T02:41:37.6665808Z     await self.app(scope, receive_or_disconnect, send_no_error)
Backend CI	Run tests	2026-03-17T02:41:37.6666206Z   File "/opt/hostedtoolcache/Python/3.12.13/x64/lib/python3.12/site-packages/starlette/middleware/sessions.py", line 85, in __call__
Backend CI	Run tests	2026-03-17T02:41:37.6666315Z     await self.app(scope, receive, send_wrapper)
Backend CI	Run tests	2026-03-17T02:41:37.6666696Z   File "/opt/hostedtoolcache/Python/3.12.13/x64/lib/python3.12/site-packages/starlette/middleware/base.py", line 185, in __call__
Backend CI	Run tests	2026-03-17T02:41:37.6666782Z     with collapse_excgroups():
Backend CI	Run tests	2026-03-17T02:41:37.6666854Z          ^^^^^^^^^^^^^^^^^^^^
Backend CI	Run tests	2026-03-17T02:41:37.6667124Z   File "/opt/hostedtoolcache/Python/3.12.13/x64/lib/python3.12/contextlib.py", line 158, in __exit__
Backend CI	Run tests	2026-03-17T02:41:37.6667208Z     self.gen.throw(value)
Backend CI	Run tests	2026-03-17T02:41:37.6667646Z   File "/opt/hostedtoolcache/Python/3.12.13/x64/lib/python3.12/site-packages/starlette/_utils.py", line 82, in collapse_excgroups
Backend CI	Run tests	2026-03-17T02:41:37.6667716Z     raise exc
Backend CI	Run tests	2026-03-17T02:41:37.6668090Z   File "/opt/hostedtoolcache/Python/3.12.13/x64/lib/python3.12/site-packages/starlette/middleware/base.py", line 187, in __call__
Backend CI	Run tests	2026-03-17T02:41:37.6668221Z     response = await self.dispatch_func(request, call_next)
Backend CI	Run tests	2026-03-17T02:41:37.6668311Z                ^^^^^^^^^^^^^^^^^^^^^^^^^^^^^^^^^^^^^^^^^^^^
Backend CI	Run tests	2026-03-17T02:41:37.6668558Z   File "/home/runner/work/BizPilot2/BizPilot2/backend/app/main.py", line 173, in dispatch
Backend CI	Run tests	2026-03-17T02:41:37.6668651Z     return await call_next(request)
Backend CI	Run tests	2026-03-17T02:41:37.6668721Z            ^^^^^^^^^^^^^^^^^^^^^^^^
Backend CI	Run tests	2026-03-17T02:41:37.6669095Z   File "/opt/hostedtoolcache/Python/3.12.13/x64/lib/python3.12/site-packages/starlette/middleware/base.py", line 163, in call_next
Backend CI	Run tests	2026-03-17T02:41:37.6669173Z     raise app_exc
Backend CI	Run tests	2026-03-17T02:41:37.6669529Z   File "/opt/hostedtoolcache/Python/3.12.13/x64/lib/python3.12/site-packages/starlette/middleware/base.py", line 149, in coro
Backend CI	Run tests	2026-03-17T02:41:37.6669682Z     await self.app(scope, receive_or_disconnect, send_no_error)
Backend CI	Run tests	2026-03-17T02:41:37.6670052Z   File "/opt/hostedtoolcache/Python/3.12.13/x64/lib/python3.12/site-packages/starlette/middleware/gzip.py", line 20, in __call__
Backend CI	Run tests	2026-03-17T02:41:37.6670210Z     await responder(scope, receive, send)
Backend CI	Run tests	2026-03-17T02:41:37.6670580Z   File "/opt/hostedtoolcache/Python/3.12.13/x64/lib/python3.12/site-packages/starlette/middleware/gzip.py", line 39, in __call__
Backend CI	Run tests	2026-03-17T02:41:37.6670757Z     await self.app(scope, receive, self.send_with_gzip)
Backend CI	Run tests	2026-03-17T02:41:37.6671169Z   File "/opt/hostedtoolcache/Python/3.12.13/x64/lib/python3.12/site-packages/starlette/middleware/exceptions.py", line 62, in __call__
Backend CI	Run tests	2026-03-17T02:41:37.6671354Z     await wrap_app_handling_exceptions(self.app, conn)(scope, receive, send)
Backend CI	Run tests	2026-03-17T02:41:37.6671762Z   File "/opt/hostedtoolcache/Python/3.12.13/x64/lib/python3.12/site-packages/starlette/_exception_handler.py", line 53, in wrapped_app
Backend CI	Run tests	2026-03-17T02:41:37.6671833Z     raise exc
Backend CI	Run tests	2026-03-17T02:41:37.6672229Z   File "/opt/hostedtoolcache/Python/3.12.13/x64/lib/python3.12/site-packages/starlette/_exception_handler.py", line 42, in wrapped_app
Backend CI	Run tests	2026-03-17T02:41:37.6672322Z     await app(scope, receive, sender)
Backend CI	Run tests	2026-03-17T02:41:37.6672856Z   File "/opt/hostedtoolcache/Python/3.12.13/x64/lib/python3.12/site-packages/fastapi/middleware/asyncexitstack.py", line 18, in __call__
Backend CI	Run tests	2026-03-17T02:41:37.6672947Z     await self.app(scope, receive, send)
Backend CI	Run tests	2026-03-17T02:41:37.6673301Z   File "/opt/hostedtoolcache/Python/3.12.13/x64/lib/python3.12/site-packages/starlette/routing.py", line 715, in __call__
Backend CI	Run tests	2026-03-17T02:41:37.6673489Z     await self.middleware_stack(scope, receive, send)
Backend CI	Run tests	2026-03-17T02:41:37.6673825Z   File "/opt/hostedtoolcache/Python/3.12.13/x64/lib/python3.12/site-packages/starlette/routing.py", line 735, in app
Backend CI	Run tests	2026-03-17T02:41:37.6673926Z     await route.handle(scope, receive, send)
Backend CI	Run tests	2026-03-17T02:41:37.6674266Z   File "/opt/hostedtoolcache/Python/3.12.13/x64/lib/python3.12/site-packages/starlette/routing.py", line 288, in handle
Backend CI	Run tests	2026-03-17T02:41:37.6674359Z     await self.app(scope, receive, send)
Backend CI	Run tests	2026-03-17T02:41:37.6674688Z   File "/opt/hostedtoolcache/Python/3.12.13/x64/lib/python3.12/site-packages/fastapi/routing.py", line 115, in app
Backend CI	Run tests	2026-03-17T02:41:37.6674871Z     await wrap_app_handling_exceptions(app, request)(scope, receive, send)
Backend CI	Run tests	2026-03-17T02:41:37.6675272Z   File "/opt/hostedtoolcache/Python/3.12.13/x64/lib/python3.12/site-packages/starlette/_exception_handler.py", line 53, in wrapped_app
Backend CI	Run tests	2026-03-17T02:41:37.6675345Z     raise exc
Backend CI	Run tests	2026-03-17T02:41:37.6675735Z   File "/opt/hostedtoolcache/Python/3.12.13/x64/lib/python3.12/site-packages/starlette/_exception_handler.py", line 42, in wrapped_app
Backend CI	Run tests	2026-03-17T02:41:37.6675827Z     await app(scope, receive, sender)
Backend CI	Run tests	2026-03-17T02:41:37.6676144Z   File "/opt/hostedtoolcache/Python/3.12.13/x64/lib/python3.12/site-packages/fastapi/routing.py", line 101, in app
Backend CI	Run tests	2026-03-17T02:41:37.6676293Z     response = await f(request)
Backend CI	Run tests	2026-03-17T02:41:37.6676360Z                ^^^^^^^^^^^^^^^^
Backend CI	Run tests	2026-03-17T02:41:37.6676708Z   File "/opt/hostedtoolcache/Python/3.12.13/x64/lib/python3.12/site-packages/fastapi/routing.py", line 355, in app
Backend CI	Run tests	2026-03-17T02:41:37.6676819Z     raw_response = await run_endpoint_function(
Backend CI	Run tests	2026-03-17T02:41:37.6676896Z                    ^^^^^^^^^^^^^^^^^^^^^^^^^^^^
Backend CI	Run tests	2026-03-17T02:41:37.6677312Z   File "/opt/hostedtoolcache/Python/3.12.13/x64/lib/python3.12/site-packages/fastapi/routing.py", line 243, in run_endpoint_function
Backend CI	Run tests	2026-03-17T02:41:37.6677406Z     return await dependant.call(**values)
Backend CI	Run tests	2026-03-17T02:41:37.6677483Z            ^^^^^^^^^^^^^^^^^^^^^^^^^^^^^^
Backend CI	Run tests	2026-03-17T02:41:37.6677791Z   File "/home/runner/work/BizPilot2/BizPilot2/backend/app/api/subscriptions.py", line 87, in get_tier
Backend CI	Run tests	2026-03-17T02:41:37.6677915Z     return TierPublicResponse.model_validate(tier)
Backend CI	Run tests	2026-03-17T02:41:37.6677996Z            ^^^^^^^^^^^^^^^^^^^^^^^^^^^^^^^^^^^^^^^
Backend CI	Run tests	2026-03-17T02:41:37.6678359Z   File "/opt/hostedtoolcache/Python/3.12.13/x64/lib/python3.12/site-packages/pydantic/main.py", line 716, in model_validate
Backend CI	Run tests	2026-03-17T02:41:37.6678487Z     return cls.__pydantic_validator__.validate_python(
Backend CI	Run tests	2026-03-17T02:41:37.6678628Z            ^^^^^^^^^^^^^^^^^^^^^^^^^^^^^^^^^^^^^^^^^^^
Backend CI	Run tests	2026-03-17T02:41:37.6678874Z pydantic_core._pydantic_core.ValidationError: 7 validation errors for TierPublicResponse
Backend CI	Run tests	2026-03-17T02:41:37.6678937Z id
Backend CI	Run tests	2026-03-17T02:41:37.6679380Z   UUID input should be a string, bytes or UUID object [type=uuid_type, input_value=<MagicMock name='mock.que...d' id='139869722155136'>, input_type=MagicMock]
Backend CI	Run tests	2026-03-17T02:41:37.6679650Z     For further information visit https://errors.pydantic.dev/2.12/v/uuid_type
Backend CI	Run tests	2026-03-17T02:41:37.6679711Z name
Backend CI	Run tests	2026-03-17T02:41:37.6680096Z   Input should be a valid string [type=string_type, input_value=<MagicMock name='mock.que...e' id='139869560119968'>, input_type=MagicMock]
Backend CI	Run tests	2026-03-17T02:41:37.6680319Z     For further information visit https://errors.pydantic.dev/2.12/v/string_type
Backend CI	Run tests	2026-03-17T02:41:37.6680387Z display_name
Backend CI	Run tests	2026-03-17T02:41:37.6680779Z   Input should be a valid string [type=string_type, input_value=<MagicMock name='mock.que...e' id='139869560113536'>, input_type=MagicMock]
Backend CI	Run tests	2026-03-17T02:41:37.6680984Z     For further information visit https://errors.pydantic.dev/2.12/v/string_type
Backend CI	Run tests	2026-03-17T02:41:37.6681050Z description
Backend CI	Run tests	2026-03-17T02:41:37.6681424Z   Input should be a valid string [type=string_type, input_value=<MagicMock name='mock.que...n' id='139869560117568'>, input_type=MagicMock]
Backend CI	Run tests	2026-03-17T02:41:37.6681623Z     For further information visit https://errors.pydantic.dev/2.12/v/string_type
Backend CI	Run tests	2026-03-17T02:41:37.6681742Z currency
Backend CI	Run tests	2026-03-17T02:41:37.6682106Z   Input should be a valid string [type=string_type, input_value=<MagicMock name='mock.que...y' id='139869719921536'>, input_type=MagicMock]
Backend CI	Run tests	2026-03-17T02:41:37.6682302Z     For further information visit https://errors.pydantic.dev/2.12/v/string_type
Backend CI	Run tests	2026-03-17T02:41:37.6682369Z features
Backend CI	Run tests	2026-03-17T02:41:37.6682907Z   Input should be a valid dictionary [type=dict_type, input_value=<MagicMock name='mock.que...s' id='139869560590400'>, input_type=MagicMock]
Backend CI	Run tests	2026-03-17T02:41:37.6683100Z     For further information visit https://errors.pydantic.dev/2.12/v/dict_type
Backend CI	Run tests	2026-03-17T02:41:37.6683175Z feature_flags
Backend CI	Run tests	2026-03-17T02:41:37.6683548Z   Input should be a valid dictionary [type=dict_type, input_value=<MagicMock name='mock.que...s' id='139869560596016'>, input_type=MagicMock]
Backend CI	Run tests	2026-03-17T02:41:37.6683743Z     For further information visit https://errors.pydantic.dev/2.12/v/dict_type
Backend CI	Run tests	2026-03-17T02:41:37.6683833Z Traceback (most recent call last):
Backend CI	Run tests	2026-03-17T02:41:37.6684238Z   File "/opt/hostedtoolcache/Python/3.12.13/x64/lib/python3.12/site-packages/starlette/middleware/base.py", line 157, in call_next
Backend CI	Run tests	2026-03-17T02:41:37.6684338Z     message = await recv_stream.receive()
Backend CI	Run tests	2026-03-17T02:41:37.6684475Z               ^^^^^^^^^^^^^^^^^^^^^^^^^^^
Backend CI	Run tests	2026-03-17T02:41:37.6684841Z   File "/opt/hostedtoolcache/Python/3.12.13/x64/lib/python3.12/site-packages/anyio/streams/memory.py", line 132, in receive
Backend CI	Run tests	2026-03-17T02:41:37.6684938Z     raise EndOfStream from None
Backend CI	Run tests	2026-03-17T02:41:37.6685007Z anyio.EndOfStream
Backend CI	Run tests	2026-03-17T02:41:37.6685020Z 
Backend CI	Run tests	2026-03-17T02:41:37.6685191Z During handling of the above exception, another exception occurred:
Backend CI	Run tests	2026-03-17T02:41:37.6685197Z 
Backend CI	Run tests	2026-03-17T02:41:37.6685280Z Traceback (most recent call last):
Backend CI	Run tests	2026-03-17T02:41:37.6685537Z   File "/home/runner/work/BizPilot2/BizPilot2/backend/app/main.py", line 103, in dispatch
Backend CI	Run tests	2026-03-17T02:41:37.6685627Z     response = await call_next(request)
Backend CI	Run tests	2026-03-17T02:41:37.6685701Z                ^^^^^^^^^^^^^^^^^^^^^^^^
Backend CI	Run tests	2026-03-17T02:41:37.6686086Z   File "/opt/hostedtoolcache/Python/3.12.13/x64/lib/python3.12/site-packages/starlette/middleware/base.py", line 163, in call_next
Backend CI	Run tests	2026-03-17T02:41:37.6686162Z     raise app_exc
Backend CI	Run tests	2026-03-17T02:41:37.6686532Z   File "/opt/hostedtoolcache/Python/3.12.13/x64/lib/python3.12/site-packages/starlette/middleware/base.py", line 149, in coro
Backend CI	Run tests	2026-03-17T02:41:37.6686685Z     await self.app(scope, receive_or_disconnect, send_no_error)
Backend CI	Run tests	2026-03-17T02:41:37.6687067Z   File "/opt/hostedtoolcache/Python/3.12.13/x64/lib/python3.12/site-packages/starlette/middleware/base.py", line 185, in __call__
Backend CI	Run tests	2026-03-17T02:41:37.6687212Z     with collapse_excgroups():
Backend CI	Run tests	2026-03-17T02:41:37.6687285Z          ^^^^^^^^^^^^^^^^^^^^
Backend CI	Run tests	2026-03-17T02:41:37.6687562Z   File "/opt/hostedtoolcache/Python/3.12.13/x64/lib/python3.12/contextlib.py", line 158, in __exit__
Backend CI	Run tests	2026-03-17T02:41:37.6687695Z     self.gen.throw(value)
Backend CI	Run tests	2026-03-17T02:41:37.6688083Z   File "/opt/hostedtoolcache/Python/3.12.13/x64/lib/python3.12/site-packages/starlette/_utils.py", line 82, in collapse_excgroups
Backend CI	Run tests	2026-03-17T02:41:37.6688155Z     raise exc
Backend CI	Run tests	2026-03-17T02:41:37.6688533Z   File "/opt/hostedtoolcache/Python/3.12.13/x64/lib/python3.12/site-packages/starlette/middleware/base.py", line 187, in __call__
Backend CI	Run tests	2026-03-17T02:41:37.6688670Z     response = await self.dispatch_func(request, call_next)
Backend CI	Run tests	2026-03-17T02:41:37.6688761Z                ^^^^^^^^^^^^^^^^^^^^^^^^^^^^^^^^^^^^^^^^^^^^
Backend CI	Run tests	2026-03-17T02:41:37.6689006Z   File "/home/runner/work/BizPilot2/BizPilot2/backend/app/main.py", line 70, in dispatch
Backend CI	Run tests	2026-03-17T02:41:37.6689093Z     response = await call_next(request)
Backend CI	Run tests	2026-03-17T02:41:37.6689165Z                ^^^^^^^^^^^^^^^^^^^^^^^^
Backend CI	Run tests	2026-03-17T02:41:37.6689545Z   File "/opt/hostedtoolcache/Python/3.12.13/x64/lib/python3.12/site-packages/starlette/middleware/base.py", line 163, in call_next
Backend CI	Run tests	2026-03-17T02:41:37.6689625Z     raise app_exc
Backend CI	Run tests	2026-03-17T02:41:37.6689988Z   File "/opt/hostedtoolcache/Python/3.12.13/x64/lib/python3.12/site-packages/starlette/middleware/base.py", line 149, in coro
Backend CI	Run tests	2026-03-17T02:41:37.6690201Z     await self.app(scope, receive_or_disconnect, send_no_error)
Backend CI	Run tests	2026-03-17T02:41:37.6690579Z   File "/opt/hostedtoolcache/Python/3.12.13/x64/lib/python3.12/site-packages/starlette/middleware/base.py", line 185, in __call__
Backend CI	Run tests	2026-03-17T02:41:37.6690666Z     with collapse_excgroups():
Backend CI	Run tests	2026-03-17T02:41:37.6690740Z          ^^^^^^^^^^^^^^^^^^^^
Backend CI	Run tests	2026-03-17T02:41:37.6691015Z   File "/opt/hostedtoolcache/Python/3.12.13/x64/lib/python3.12/contextlib.py", line 158, in __exit__
Backend CI	Run tests	2026-03-17T02:41:37.6691099Z     self.gen.throw(value)
Backend CI	Run tests	2026-03-17T02:41:37.6691478Z   File "/opt/hostedtoolcache/Python/3.12.13/x64/lib/python3.12/site-packages/starlette/_utils.py", line 82, in collapse_excgroups
Backend CI	Run tests	2026-03-17T02:41:37.6691550Z     raise exc
Backend CI	Run tests	2026-03-17T02:41:37.6691921Z   File "/opt/hostedtoolcache/Python/3.12.13/x64/lib/python3.12/site-packages/starlette/middleware/base.py", line 187, in __call__
Backend CI	Run tests	2026-03-17T02:41:37.6692054Z     response = await self.dispatch_func(request, call_next)
Backend CI	Run tests	2026-03-17T02:41:37.6692142Z                ^^^^^^^^^^^^^^^^^^^^^^^^^^^^^^^^^^^^^^^^^^^^
Backend CI	Run tests	2026-03-17T02:41:37.6692386Z   File "/home/runner/work/BizPilot2/BizPilot2/backend/app/main.py", line 54, in dispatch
Backend CI	Run tests	2026-03-17T02:41:37.6692523Z     response = await call_next(request)
Backend CI	Run tests	2026-03-17T02:41:37.6692589Z                ^^^^^^^^^^^^^^^^^^^^^^^^
Backend CI	Run tests	2026-03-17T02:41:37.6693109Z   File "/opt/hostedtoolcache/Python/3.12.13/x64/lib/python3.12/site-packages/starlette/middleware/base.py", line 163, in call_next
Backend CI	Run tests	2026-03-17T02:41:37.6693190Z     raise app_exc
Backend CI	Run tests	2026-03-17T02:41:37.6693550Z   File "/opt/hostedtoolcache/Python/3.12.13/x64/lib/python3.12/site-packages/starlette/middleware/base.py", line 149, in coro
Backend CI	Run tests	2026-03-17T02:41:37.6693700Z     await self.app(scope, receive_or_disconnect, send_no_error)
Backend CI	Run tests	2026-03-17T02:41:37.6694088Z   File "/opt/hostedtoolcache/Python/3.12.13/x64/lib/python3.12/site-packages/starlette/middleware/sessions.py", line 85, in __call__
Backend CI	Run tests	2026-03-17T02:41:37.6694208Z     await self.app(scope, receive, send_wrapper)
Backend CI	Run tests	2026-03-17T02:41:37.6694579Z   File "/opt/hostedtoolcache/Python/3.12.13/x64/lib/python3.12/site-packages/starlette/middleware/base.py", line 185, in __call__
Backend CI	Run tests	2026-03-17T02:41:37.6694664Z     with collapse_excgroups():
Backend CI	Run tests	2026-03-17T02:41:37.6694733Z          ^^^^^^^^^^^^^^^^^^^^
Backend CI	Run tests	2026-03-17T02:41:37.6695004Z   File "/opt/hostedtoolcache/Python/3.12.13/x64/lib/python3.12/contextlib.py", line 158, in __exit__
Backend CI	Run tests	2026-03-17T02:41:37.6695086Z     self.gen.throw(value)
Backend CI	Run tests	2026-03-17T02:41:37.6695461Z   File "/opt/hostedtoolcache/Python/3.12.13/x64/lib/python3.12/site-packages/starlette/_utils.py", line 82, in collapse_excgroups
Backend CI	Run tests	2026-03-17T02:41:37.6695603Z     raise exc
Backend CI	Run tests	2026-03-17T02:41:37.6695975Z   File "/opt/hostedtoolcache/Python/3.12.13/x64/lib/python3.12/site-packages/starlette/middleware/base.py", line 187, in __call__
Backend CI	Run tests	2026-03-17T02:41:37.6696171Z     response = await self.dispatch_func(request, call_next)
Backend CI	Run tests	2026-03-17T02:41:37.6696258Z                ^^^^^^^^^^^^^^^^^^^^^^^^^^^^^^^^^^^^^^^^^^^^
Backend CI	Run tests	2026-03-17T02:41:37.6696512Z   File "/home/runner/work/BizPilot2/BizPilot2/backend/app/main.py", line 173, in dispatch
Backend CI	Run tests	2026-03-17T02:41:37.6696598Z     return await call_next(request)
Backend CI	Run tests	2026-03-17T02:41:37.6696665Z            ^^^^^^^^^^^^^^^^^^^^^^^^
Backend CI	Run tests	2026-03-17T02:41:37.6697049Z   File "/opt/hostedtoolcache/Python/3.12.13/x64/lib/python3.12/site-packages/starlette/middleware/base.py", line 163, in call_next
Backend CI	Run tests	2026-03-17T02:41:37.6697123Z     raise app_exc
Backend CI	Run tests	2026-03-17T02:41:37.6697486Z   File "/opt/hostedtoolcache/Python/3.12.13/x64/lib/python3.12/site-packages/starlette/middleware/base.py", line 149, in coro
Backend CI	Run tests	2026-03-17T02:41:37.6697633Z     await self.app(scope, receive_or_disconnect, send_no_error)
Backend CI	Run tests	2026-03-17T02:41:37.6698010Z   File "/opt/hostedtoolcache/Python/3.12.13/x64/lib/python3.12/site-packages/starlette/middleware/gzip.py", line 20, in __call__
Backend CI	Run tests	2026-03-17T02:41:37.6698103Z     await responder(scope, receive, send)
Backend CI	Run tests	2026-03-17T02:41:37.6698535Z   File "/opt/hostedtoolcache/Python/3.12.13/x64/lib/python3.12/site-packages/starlette/middleware/gzip.py", line 39, in __call__
Backend CI	Run tests	2026-03-17T02:41:37.6698660Z     await self.app(scope, receive, self.send_with_gzip)
Backend CI	Run tests	2026-03-17T02:41:37.6699058Z   File "/opt/hostedtoolcache/Python/3.12.13/x64/lib/python3.12/site-packages/starlette/middleware/exceptions.py", line 62, in __call__
Backend CI	Run tests	2026-03-17T02:41:37.6699252Z     await wrap_app_handling_exceptions(self.app, conn)(scope, receive, send)
Backend CI	Run tests	2026-03-17T02:41:37.6699647Z   File "/opt/hostedtoolcache/Python/3.12.13/x64/lib/python3.12/site-packages/starlette/_exception_handler.py", line 53, in wrapped_app
Backend CI	Run tests	2026-03-17T02:41:37.6699723Z     raise exc
Backend CI	Run tests	2026-03-17T02:41:37.6700117Z   File "/opt/hostedtoolcache/Python/3.12.13/x64/lib/python3.12/site-packages/starlette/_exception_handler.py", line 42, in wrapped_app
Backend CI	Run tests	2026-03-17T02:41:37.6700211Z     await app(scope, receive, sender)
Backend CI	Run tests	2026-03-17T02:41:37.6700615Z   File "/opt/hostedtoolcache/Python/3.12.13/x64/lib/python3.12/site-packages/fastapi/middleware/asyncexitstack.py", line 18, in __call__
Backend CI	Run tests	2026-03-17T02:41:37.6700715Z     await self.app(scope, receive, send)
Backend CI	Run tests	2026-03-17T02:41:37.6701059Z   File "/opt/hostedtoolcache/Python/3.12.13/x64/lib/python3.12/site-packages/starlette/routing.py", line 715, in __call__
Backend CI	Run tests	2026-03-17T02:41:37.6701242Z     await self.middleware_stack(scope, receive, send)
Backend CI	Run tests	2026-03-17T02:41:37.6701575Z   File "/opt/hostedtoolcache/Python/3.12.13/x64/lib/python3.12/site-packages/starlette/routing.py", line 735, in app
Backend CI	Run tests	2026-03-17T02:41:37.6701673Z     await route.handle(scope, receive, send)
Backend CI	Run tests	2026-03-17T02:41:37.6702020Z   File "/opt/hostedtoolcache/Python/3.12.13/x64/lib/python3.12/site-packages/starlette/routing.py", line 288, in handle
Backend CI	Run tests	2026-03-17T02:41:37.6702108Z     await self.app(scope, receive, send)
Backend CI	Run tests	2026-03-17T02:41:37.6702438Z   File "/opt/hostedtoolcache/Python/3.12.13/x64/lib/python3.12/site-packages/fastapi/routing.py", line 115, in app
Backend CI	Run tests	2026-03-17T02:41:37.6702619Z     await wrap_app_handling_exceptions(app, request)(scope, receive, send)
Backend CI	Run tests	2026-03-17T02:41:37.6703153Z   File "/opt/hostedtoolcache/Python/3.12.13/x64/lib/python3.12/site-packages/starlette/_exception_handler.py", line 53, in wrapped_app
Backend CI	Run tests	2026-03-17T02:41:37.6703223Z     raise exc
Backend CI	Run tests	2026-03-17T02:41:37.6703615Z   File "/opt/hostedtoolcache/Python/3.12.13/x64/lib/python3.12/site-packages/starlette/_exception_handler.py", line 42, in wrapped_app
Backend CI	Run tests	2026-03-17T02:41:37.6703711Z     await app(scope, receive, sender)
Backend CI	Run tests	2026-03-17T02:41:37.6704030Z   File "/opt/hostedtoolcache/Python/3.12.13/x64/lib/python3.12/site-packages/fastapi/routing.py", line 101, in app
Backend CI	Run tests	2026-03-17T02:41:37.6704185Z     response = await f(request)
Backend CI	Run tests	2026-03-17T02:41:37.6704253Z                ^^^^^^^^^^^^^^^^
Backend CI	Run tests	2026-03-17T02:41:37.6704578Z   File "/opt/hostedtoolcache/Python/3.12.13/x64/lib/python3.12/site-packages/fastapi/routing.py", line 355, in app
Backend CI	Run tests	2026-03-17T02:41:37.6704684Z     raw_response = await run_endpoint_function(
Backend CI	Run tests	2026-03-17T02:41:37.6704815Z                    ^^^^^^^^^^^^^^^^^^^^^^^^^^^^
Backend CI	Run tests	2026-03-17T02:41:37.6705220Z   File "/opt/hostedtoolcache/Python/3.12.13/x64/lib/python3.12/site-packages/fastapi/routing.py", line 243, in run_endpoint_function
Backend CI	Run tests	2026-03-17T02:41:37.6705313Z     return await dependant.call(**values)
Backend CI	Run tests	2026-03-17T02:41:37.6705390Z            ^^^^^^^^^^^^^^^^^^^^^^^^^^^^^^
Backend CI	Run tests	2026-03-17T02:41:37.6705690Z   File "/home/runner/work/BizPilot2/BizPilot2/backend/app/api/subscriptions.py", line 87, in get_tier
Backend CI	Run tests	2026-03-17T02:41:37.6705815Z     return TierPublicResponse.model_validate(tier)
Backend CI	Run tests	2026-03-17T02:41:37.6705894Z            ^^^^^^^^^^^^^^^^^^^^^^^^^^^^^^^^^^^^^^^
Backend CI	Run tests	2026-03-17T02:41:37.6706254Z   File "/opt/hostedtoolcache/Python/3.12.13/x64/lib/python3.12/site-packages/pydantic/main.py", line 716, in model_validate
Backend CI	Run tests	2026-03-17T02:41:37.6706381Z     return cls.__pydantic_validator__.validate_python(
Backend CI	Run tests	2026-03-17T02:41:37.6706464Z            ^^^^^^^^^^^^^^^^^^^^^^^^^^^^^^^^^^^^^^^^^^^
Backend CI	Run tests	2026-03-17T02:41:37.6706712Z pydantic_core._pydantic_core.ValidationError: 7 validation errors for TierPublicResponse
Backend CI	Run tests	2026-03-17T02:41:37.6706831Z id
Backend CI	Run tests	2026-03-17T02:41:37.6707272Z   UUID input should be a string, bytes or UUID object [type=uuid_type, input_value=<MagicMock name='mock.que...d' id='139869722155136'>, input_type=MagicMock]
Backend CI	Run tests	2026-03-17T02:41:37.6707477Z     For further information visit https://errors.pydantic.dev/2.12/v/uuid_type
Backend CI	Run tests	2026-03-17T02:41:37.6707539Z name
Backend CI	Run tests	2026-03-17T02:41:37.6707907Z   Input should be a valid string [type=string_type, input_value=<MagicMock name='mock.que...e' id='139869560119968'>, input_type=MagicMock]
Backend CI	Run tests	2026-03-17T02:41:37.6708111Z     For further information visit https://errors.pydantic.dev/2.12/v/string_type
Backend CI	Run tests	2026-03-17T02:41:37.6708182Z display_name
Backend CI	Run tests	2026-03-17T02:41:37.6708550Z   Input should be a valid string [type=string_type, input_value=<MagicMock name='mock.que...e' id='139869560113536'>, input_type=MagicMock]
Backend CI	Run tests	2026-03-17T02:41:37.6708748Z     For further information visit https://errors.pydantic.dev/2.12/v/string_type
Backend CI	Run tests	2026-03-17T02:41:37.6708817Z description
Backend CI	Run tests	2026-03-17T02:41:37.6709181Z   Input should be a valid string [type=string_type, input_value=<MagicMock name='mock.que...n' id='139869560117568'>, input_type=MagicMock]
Backend CI	Run tests	2026-03-17T02:41:37.6709374Z     For further information visit https://errors.pydantic.dev/2.12/v/string_type
Backend CI	Run tests	2026-03-17T02:41:37.6709492Z currency
Backend CI	Run tests	2026-03-17T02:41:37.6709856Z   Input should be a valid string [type=string_type, input_value=<MagicMock name='mock.que...y' id='139869719921536'>, input_type=MagicMock]
Backend CI	Run tests	2026-03-17T02:41:37.6710048Z     For further information visit https://errors.pydantic.dev/2.12/v/string_type
Backend CI	Run tests	2026-03-17T02:41:37.6710119Z features
Backend CI	Run tests	2026-03-17T02:41:37.6710490Z   Input should be a valid dictionary [type=dict_type, input_value=<MagicMock name='mock.que...s' id='139869560590400'>, input_type=MagicMock]
Backend CI	Run tests	2026-03-17T02:41:37.6710680Z     For further information visit https://errors.pydantic.dev/2.12/v/dict_type
Backend CI	Run tests	2026-03-17T02:41:37.6710755Z feature_flags
Backend CI	Run tests	2026-03-17T02:41:37.6711126Z   Input should be a valid dictionary [type=dict_type, input_value=<MagicMock name='mock.que...s' id='139869560596016'>, input_type=MagicMock]
Backend CI	Run tests	2026-03-17T02:41:37.6711323Z     For further information visit https://errors.pydantic.dev/2.12/v/dict_type
Backend CI	Run tests	2026-03-17T02:41:37.6711751Z INFO:httpx:HTTP Request: GET http://testserver/api/v1/subscriptions/tiers/00000000-0000-0000-0000-000000000000 "HTTP/1.1 500 Internal Server Error"
Backend CI	Run tests	2026-03-17T02:41:37.6711912Z ------------------------------ Captured log call -------------------------------
Backend CI	Run tests	2026-03-17T02:41:37.6712459Z ERROR    bizpilot.performance:main.py:106 Error processing request GET /api/v1/subscriptions/tiers/00000000-0000-0000-0000-000000000000: 7 validation errors for TierPublicResponse
Backend CI	Run tests	2026-03-17T02:41:37.6712563Z id
Backend CI	Run tests	2026-03-17T02:41:37.6713105Z   UUID input should be a string, bytes or UUID object [type=uuid_type, input_value=<MagicMock name='mock.que...d' id='139869722155136'>, input_type=MagicMock]
Backend CI	Run tests	2026-03-17T02:41:37.6713359Z     For further information visit https://errors.pydantic.dev/2.12/v/uuid_type
Backend CI	Run tests	2026-03-17T02:41:37.6713421Z name
Backend CI	Run tests	2026-03-17T02:41:37.6713794Z   Input should be a valid string [type=string_type, input_value=<MagicMock name='mock.que...e' id='139869560119968'>, input_type=MagicMock]
Backend CI	Run tests	2026-03-17T02:41:37.6713990Z     For further information visit https://errors.pydantic.dev/2.12/v/string_type
Backend CI	Run tests	2026-03-17T02:41:37.6714058Z display_name
Backend CI	Run tests	2026-03-17T02:41:37.6714428Z   Input should be a valid string [type=string_type, input_value=<MagicMock name='mock.que...e' id='139869560113536'>, input_type=MagicMock]
Backend CI	Run tests	2026-03-17T02:41:37.6714623Z     For further information visit https://errors.pydantic.dev/2.12/v/string_type
Backend CI	Run tests	2026-03-17T02:41:37.6714696Z description
Backend CI	Run tests	2026-03-17T02:41:37.6715055Z   Input should be a valid string [type=string_type, input_value=<MagicMock name='mock.que...n' id='139869560117568'>, input_type=MagicMock]
Backend CI	Run tests	2026-03-17T02:41:37.6715248Z     For further information visit https://errors.pydantic.dev/2.12/v/string_type
Backend CI	Run tests	2026-03-17T02:41:37.6715317Z currency
Backend CI	Run tests	2026-03-17T02:41:37.6715743Z   Input should be a valid string [type=string_type, input_value=<MagicMock name='mock.que...y' id='139869719921536'>, input_type=MagicMock]
Backend CI	Run tests	2026-03-17T02:41:37.6715969Z     For further information visit https://errors.pydantic.dev/2.12/v/string_type
Backend CI	Run tests	2026-03-17T02:41:37.6716029Z features
Backend CI	Run tests	2026-03-17T02:41:37.6716407Z   Input should be a valid dictionary [type=dict_type, input_value=<MagicMock name='mock.que...s' id='139869560590400'>, input_type=MagicMock]
Backend CI	Run tests	2026-03-17T02:41:37.6716602Z     For further information visit https://errors.pydantic.dev/2.12/v/dict_type
Backend CI	Run tests	2026-03-17T02:41:37.6716667Z feature_flags
Backend CI	Run tests	2026-03-17T02:41:37.6717040Z   Input should be a valid dictionary [type=dict_type, input_value=<MagicMock name='mock.que...s' id='139869560596016'>, input_type=MagicMock]
Backend CI	Run tests	2026-03-17T02:41:37.6717239Z     For further information visit https://errors.pydantic.dev/2.12/v/dict_type
Backend CI	Run tests	2026-03-17T02:41:37.6717329Z Traceback (most recent call last):
Backend CI	Run tests	2026-03-17T02:41:37.6717734Z   File "/opt/hostedtoolcache/Python/3.12.13/x64/lib/python3.12/site-packages/starlette/middleware/base.py", line 157, in call_next
Backend CI	Run tests	2026-03-17T02:41:37.6717832Z     message = await recv_stream.receive()
Backend CI	Run tests	2026-03-17T02:41:37.6717902Z               ^^^^^^^^^^^^^^^^^^^^^^^^^^^
Backend CI	Run tests	2026-03-17T02:41:37.6718268Z   File "/opt/hostedtoolcache/Python/3.12.13/x64/lib/python3.12/site-packages/anyio/streams/memory.py", line 132, in receive
Backend CI	Run tests	2026-03-17T02:41:37.6718466Z     raise EndOfStream from None
Backend CI	Run tests	2026-03-17T02:41:37.6718544Z anyio.EndOfStream
Backend CI	Run tests	2026-03-17T02:41:37.6718549Z 
Backend CI	Run tests	2026-03-17T02:41:37.6718722Z During handling of the above exception, another exception occurred:
Backend CI	Run tests	2026-03-17T02:41:37.6718730Z 
Backend CI	Run tests	2026-03-17T02:41:37.6718819Z Traceback (most recent call last):
Backend CI	Run tests	2026-03-17T02:41:37.6719070Z   File "/home/runner/work/BizPilot2/BizPilot2/backend/app/main.py", line 103, in dispatch
Backend CI	Run tests	2026-03-17T02:41:37.6719156Z     response = await call_next(request)
Backend CI	Run tests	2026-03-17T02:41:37.6719236Z                ^^^^^^^^^^^^^^^^^^^^^^^^
Backend CI	Run tests	2026-03-17T02:41:37.6719623Z   File "/opt/hostedtoolcache/Python/3.12.13/x64/lib/python3.12/site-packages/starlette/middleware/base.py", line 163, in call_next
Backend CI	Run tests	2026-03-17T02:41:37.6719705Z     raise app_exc
Backend CI	Run tests	2026-03-17T02:41:37.6720070Z   File "/opt/hostedtoolcache/Python/3.12.13/x64/lib/python3.12/site-packages/starlette/middleware/base.py", line 149, in coro
Backend CI	Run tests	2026-03-17T02:41:37.6720229Z     await self.app(scope, receive_or_disconnect, send_no_error)
Backend CI	Run tests	2026-03-17T02:41:37.6720604Z   File "/opt/hostedtoolcache/Python/3.12.13/x64/lib/python3.12/site-packages/starlette/middleware/base.py", line 185, in __call__
Backend CI	Run tests	2026-03-17T02:41:37.6720687Z     with collapse_excgroups():
Backend CI	Run tests	2026-03-17T02:41:37.6720823Z          ^^^^^^^^^^^^^^^^^^^^
Backend CI	Run tests	2026-03-17T02:41:37.6721103Z   File "/opt/hostedtoolcache/Python/3.12.13/x64/lib/python3.12/contextlib.py", line 158, in __exit__
Backend CI	Run tests	2026-03-17T02:41:37.6721187Z     self.gen.throw(value)
Backend CI	Run tests	2026-03-17T02:41:37.6721568Z   File "/opt/hostedtoolcache/Python/3.12.13/x64/lib/python3.12/site-packages/starlette/_utils.py", line 82, in collapse_excgroups
Backend CI	Run tests	2026-03-17T02:41:37.6721690Z     raise exc
Backend CI	Run tests	2026-03-17T02:41:37.6722066Z   File "/opt/hostedtoolcache/Python/3.12.13/x64/lib/python3.12/site-packages/starlette/middleware/base.py", line 187, in __call__
Backend CI	Run tests	2026-03-17T02:41:37.6722201Z     response = await self.dispatch_func(request, call_next)
Backend CI	Run tests	2026-03-17T02:41:37.6722298Z                ^^^^^^^^^^^^^^^^^^^^^^^^^^^^^^^^^^^^^^^^^^^^
Backend CI	Run tests	2026-03-17T02:41:37.6722543Z   File "/home/runner/work/BizPilot2/BizPilot2/backend/app/main.py", line 70, in dispatch
Backend CI	Run tests	2026-03-17T02:41:37.6722634Z     response = await call_next(request)
Backend CI	Run tests	2026-03-17T02:41:37.6722828Z                ^^^^^^^^^^^^^^^^^^^^^^^^
Backend CI	Run tests	2026-03-17T02:41:37.6723221Z   File "/opt/hostedtoolcache/Python/3.12.13/x64/lib/python3.12/site-packages/starlette/middleware/base.py", line 163, in call_next
Backend CI	Run tests	2026-03-17T02:41:37.6723302Z     raise app_exc
Backend CI	Run tests	2026-03-17T02:41:37.6723662Z   File "/opt/hostedtoolcache/Python/3.12.13/x64/lib/python3.12/site-packages/starlette/middleware/base.py", line 149, in coro
Backend CI	Run tests	2026-03-17T02:41:37.6723886Z     await self.app(scope, receive_or_disconnect, send_no_error)
Backend CI	Run tests	2026-03-17T02:41:37.6724262Z   File "/opt/hostedtoolcache/Python/3.12.13/x64/lib/python3.12/site-packages/starlette/middleware/base.py", line 185, in __call__
Backend CI	Run tests	2026-03-17T02:41:37.6724349Z     with collapse_excgroups():
Backend CI	Run tests	2026-03-17T02:41:37.6724420Z          ^^^^^^^^^^^^^^^^^^^^
Backend CI	Run tests	2026-03-17T02:41:37.6724702Z   File "/opt/hostedtoolcache/Python/3.12.13/x64/lib/python3.12/contextlib.py", line 158, in __exit__
Backend CI	Run tests	2026-03-17T02:41:37.6724779Z     self.gen.throw(value)
Backend CI	Run tests	2026-03-17T02:41:37.6725157Z   File "/opt/hostedtoolcache/Python/3.12.13/x64/lib/python3.12/site-packages/starlette/_utils.py", line 82, in collapse_excgroups
Backend CI	Run tests	2026-03-17T02:41:37.6725233Z     raise exc
Backend CI	Run tests	2026-03-17T02:41:37.6725603Z   File "/opt/hostedtoolcache/Python/3.12.13/x64/lib/python3.12/site-packages/starlette/middleware/base.py", line 187, in __call__
Backend CI	Run tests	2026-03-17T02:41:37.6725740Z     response = await self.dispatch_func(request, call_next)
Backend CI	Run tests	2026-03-17T02:41:37.6725825Z                ^^^^^^^^^^^^^^^^^^^^^^^^^^^^^^^^^^^^^^^^^^^^
Backend CI	Run tests	2026-03-17T02:41:37.6726071Z   File "/home/runner/work/BizPilot2/BizPilot2/backend/app/main.py", line 54, in dispatch
Backend CI	Run tests	2026-03-17T02:41:37.6726155Z     response = await call_next(request)
Backend CI	Run tests	2026-03-17T02:41:37.6726222Z                ^^^^^^^^^^^^^^^^^^^^^^^^
Backend CI	Run tests	2026-03-17T02:41:37.6726666Z   File "/opt/hostedtoolcache/Python/3.12.13/x64/lib/python3.12/site-packages/starlette/middleware/base.py", line 163, in call_next
Backend CI	Run tests	2026-03-17T02:41:37.6726738Z     raise app_exc
Backend CI	Run tests	2026-03-17T02:41:37.6727099Z   File "/opt/hostedtoolcache/Python/3.12.13/x64/lib/python3.12/site-packages/starlette/middleware/base.py", line 149, in coro
Backend CI	Run tests	2026-03-17T02:41:37.6727244Z     await self.app(scope, receive_or_disconnect, send_no_error)
Backend CI	Run tests	2026-03-17T02:41:37.6727634Z   File "/opt/hostedtoolcache/Python/3.12.13/x64/lib/python3.12/site-packages/starlette/middleware/sessions.py", line 85, in __call__
Backend CI	Run tests	2026-03-17T02:41:37.6727744Z     await self.app(scope, receive, send_wrapper)
Backend CI	Run tests	2026-03-17T02:41:37.6728118Z   File "/opt/hostedtoolcache/Python/3.12.13/x64/lib/python3.12/site-packages/starlette/middleware/base.py", line 185, in __call__
Backend CI	Run tests	2026-03-17T02:41:37.6728205Z     with collapse_excgroups():
Backend CI	Run tests	2026-03-17T02:41:37.6728270Z          ^^^^^^^^^^^^^^^^^^^^
Backend CI	Run tests	2026-03-17T02:41:37.6728545Z   File "/opt/hostedtoolcache/Python/3.12.13/x64/lib/python3.12/contextlib.py", line 158, in __exit__
Backend CI	Run tests	2026-03-17T02:41:37.6728625Z     self.gen.throw(value)
Backend CI	Run tests	2026-03-17T02:41:37.6729005Z   File "/opt/hostedtoolcache/Python/3.12.13/x64/lib/python3.12/site-packages/starlette/_utils.py", line 82, in collapse_excgroups
Backend CI	Run tests	2026-03-17T02:41:37.6729132Z     raise exc
Backend CI	Run tests	2026-03-17T02:41:37.6729503Z   File "/opt/hostedtoolcache/Python/3.12.13/x64/lib/python3.12/site-packages/starlette/middleware/base.py", line 187, in __call__
Backend CI	Run tests	2026-03-17T02:41:37.6729636Z     response = await self.dispatch_func(request, call_next)
Backend CI	Run tests	2026-03-17T02:41:37.6729774Z                ^^^^^^^^^^^^^^^^^^^^^^^^^^^^^^^^^^^^^^^^^^^^
Backend CI	Run tests	2026-03-17T02:41:37.6730027Z   File "/home/runner/work/BizPilot2/BizPilot2/backend/app/main.py", line 173, in dispatch
Backend CI	Run tests	2026-03-17T02:41:37.6730111Z     return await call_next(request)
Backend CI	Run tests	2026-03-17T02:41:37.6730178Z            ^^^^^^^^^^^^^^^^^^^^^^^^
Backend CI	Run tests	2026-03-17T02:41:37.6730562Z   File "/opt/hostedtoolcache/Python/3.12.13/x64/lib/python3.12/site-packages/starlette/middleware/base.py", line 163, in call_next
Backend CI	Run tests	2026-03-17T02:41:37.6730639Z     raise app_exc
Backend CI	Run tests	2026-03-17T02:41:37.6730999Z   File "/opt/hostedtoolcache/Python/3.12.13/x64/lib/python3.12/site-packages/starlette/middleware/base.py", line 149, in coro
Backend CI	Run tests	2026-03-17T02:41:37.6731146Z     await self.app(scope, receive_or_disconnect, send_no_error)
Backend CI	Run tests	2026-03-17T02:41:37.6731527Z   File "/opt/hostedtoolcache/Python/3.12.13/x64/lib/python3.12/site-packages/starlette/middleware/gzip.py", line 20, in __call__
Backend CI	Run tests	2026-03-17T02:41:37.6731619Z     await responder(scope, receive, send)
Backend CI	Run tests	2026-03-17T02:41:37.6731993Z   File "/opt/hostedtoolcache/Python/3.12.13/x64/lib/python3.12/site-packages/starlette/middleware/gzip.py", line 39, in __call__
Backend CI	Run tests	2026-03-17T02:41:37.6732163Z     await self.app(scope, receive, self.send_with_gzip)
Backend CI	Run tests	2026-03-17T02:41:37.6732558Z   File "/opt/hostedtoolcache/Python/3.12.13/x64/lib/python3.12/site-packages/starlette/middleware/exceptions.py", line 62, in __call__
Backend CI	Run tests	2026-03-17T02:41:37.6732860Z     await wrap_app_handling_exceptions(self.app, conn)(scope, receive, send)
Backend CI	Run tests	2026-03-17T02:41:37.6733259Z   File "/opt/hostedtoolcache/Python/3.12.13/x64/lib/python3.12/site-packages/starlette/_exception_handler.py", line 53, in wrapped_app
Backend CI	Run tests	2026-03-17T02:41:37.6733335Z     raise exc
Backend CI	Run tests	2026-03-17T02:41:37.6733733Z   File "/opt/hostedtoolcache/Python/3.12.13/x64/lib/python3.12/site-packages/starlette/_exception_handler.py", line 42, in wrapped_app
Backend CI	Run tests	2026-03-17T02:41:37.6733826Z     await app(scope, receive, sender)
Backend CI	Run tests	2026-03-17T02:41:37.6734233Z   File "/opt/hostedtoolcache/Python/3.12.13/x64/lib/python3.12/site-packages/fastapi/middleware/asyncexitstack.py", line 18, in __call__
Backend CI	Run tests	2026-03-17T02:41:37.6734334Z     await self.app(scope, receive, send)
Backend CI	Run tests	2026-03-17T02:41:37.6734679Z   File "/opt/hostedtoolcache/Python/3.12.13/x64/lib/python3.12/site-packages/starlette/routing.py", line 715, in __call__
Backend CI	Run tests	2026-03-17T02:41:37.6734800Z     await self.middleware_stack(scope, receive, send)
Backend CI	Run tests	2026-03-17T02:41:37.6735137Z   File "/opt/hostedtoolcache/Python/3.12.13/x64/lib/python3.12/site-packages/starlette/routing.py", line 735, in app
Backend CI	Run tests	2026-03-17T02:41:37.6735303Z     await route.handle(scope, receive, send)
Backend CI	Run tests	2026-03-17T02:41:37.6735691Z   File "/opt/hostedtoolcache/Python/3.12.13/x64/lib/python3.12/site-packages/starlette/routing.py", line 288, in handle
Backend CI	Run tests	2026-03-17T02:41:37.6735786Z     await self.app(scope, receive, send)
Backend CI	Run tests	2026-03-17T02:41:37.6736118Z   File "/opt/hostedtoolcache/Python/3.12.13/x64/lib/python3.12/site-packages/fastapi/routing.py", line 115, in app
Backend CI	Run tests	2026-03-17T02:41:37.6736297Z     await wrap_app_handling_exceptions(app, request)(scope, receive, send)
Backend CI	Run tests	2026-03-17T02:41:37.6736698Z   File "/opt/hostedtoolcache/Python/3.12.13/x64/lib/python3.12/site-packages/starlette/_exception_handler.py", line 53, in wrapped_app
Backend CI	Run tests	2026-03-17T02:41:37.6736768Z     raise exc
Backend CI	Run tests	2026-03-17T02:41:37.6737161Z   File "/opt/hostedtoolcache/Python/3.12.13/x64/lib/python3.12/site-packages/starlette/_exception_handler.py", line 42, in wrapped_app
Backend CI	Run tests	2026-03-17T02:41:37.6737257Z     await app(scope, receive, sender)
Backend CI	Run tests	2026-03-17T02:41:37.6737576Z   File "/opt/hostedtoolcache/Python/3.12.13/x64/lib/python3.12/site-packages/fastapi/routing.py", line 101, in app
Backend CI	Run tests	2026-03-17T02:41:37.6737666Z     response = await f(request)
Backend CI	Run tests	2026-03-17T02:41:37.6737732Z                ^^^^^^^^^^^^^^^^
Backend CI	Run tests	2026-03-17T02:41:37.6738124Z   File "/opt/hostedtoolcache/Python/3.12.13/x64/lib/python3.12/site-packages/fastapi/routing.py", line 355, in app
Backend CI	Run tests	2026-03-17T02:41:37.6738230Z     raw_response = await run_endpoint_function(
Backend CI	Run tests	2026-03-17T02:41:37.6738308Z                    ^^^^^^^^^^^^^^^^^^^^^^^^^^^^
Backend CI	Run tests	2026-03-17T02:41:37.6738762Z   File "/opt/hostedtoolcache/Python/3.12.13/x64/lib/python3.12/site-packages/fastapi/routing.py", line 243, in run_endpoint_function
Backend CI	Run tests	2026-03-17T02:41:37.6738856Z     return await dependant.call(**values)
Backend CI	Run tests	2026-03-17T02:41:37.6738933Z            ^^^^^^^^^^^^^^^^^^^^^^^^^^^^^^
Backend CI	Run tests	2026-03-17T02:41:37.6739228Z   File "/home/runner/work/BizPilot2/BizPilot2/backend/app/api/subscriptions.py", line 87, in get_tier
Backend CI	Run tests	2026-03-17T02:41:37.6739356Z     return TierPublicResponse.model_validate(tier)
Backend CI	Run tests	2026-03-17T02:41:37.6739437Z            ^^^^^^^^^^^^^^^^^^^^^^^^^^^^^^^^^^^^^^^
Backend CI	Run tests	2026-03-17T02:41:37.6739797Z   File "/opt/hostedtoolcache/Python/3.12.13/x64/lib/python3.12/site-packages/pydantic/main.py", line 716, in model_validate
Backend CI	Run tests	2026-03-17T02:41:37.6739927Z     return cls.__pydantic_validator__.validate_python(
Backend CI	Run tests	2026-03-17T02:41:37.6740009Z            ^^^^^^^^^^^^^^^^^^^^^^^^^^^^^^^^^^^^^^^^^^^
Backend CI	Run tests	2026-03-17T02:41:37.6740255Z pydantic_core._pydantic_core.ValidationError: 7 validation errors for TierPublicResponse
Backend CI	Run tests	2026-03-17T02:41:37.6740317Z id
Backend CI	Run tests	2026-03-17T02:41:37.6740749Z   UUID input should be a string, bytes or UUID object [type=uuid_type, input_value=<MagicMock name='mock.que...d' id='139869722155136'>, input_type=MagicMock]
Backend CI	Run tests	2026-03-17T02:41:37.6741010Z     For further information visit https://errors.pydantic.dev/2.12/v/uuid_type
Backend CI	Run tests	2026-03-17T02:41:37.6741069Z name
Backend CI	Run tests	2026-03-17T02:41:37.6741442Z   Input should be a valid string [type=string_type, input_value=<MagicMock name='mock.que...e' id='139869560119968'>, input_type=MagicMock]
Backend CI	Run tests	2026-03-17T02:41:37.6741651Z     For further information visit https://errors.pydantic.dev/2.12/v/string_type
Backend CI	Run tests	2026-03-17T02:41:37.6741716Z display_name
Backend CI	Run tests	2026-03-17T02:41:37.6742088Z   Input should be a valid string [type=string_type, input_value=<MagicMock name='mock.que...e' id='139869560113536'>, input_type=MagicMock]
Backend CI	Run tests	2026-03-17T02:41:37.6742280Z     For further information visit https://errors.pydantic.dev/2.12/v/string_type
Backend CI	Run tests	2026-03-17T02:41:37.6742345Z description
Backend CI	Run tests	2026-03-17T02:41:37.6742843Z   Input should be a valid string [type=string_type, input_value=<MagicMock name='mock.que...n' id='139869560117568'>, input_type=MagicMock]
Backend CI	Run tests	2026-03-17T02:41:37.6743041Z     For further information visit https://errors.pydantic.dev/2.12/v/string_type
Backend CI	Run tests	2026-03-17T02:41:37.6743102Z currency
Backend CI	Run tests	2026-03-17T02:41:37.6743467Z   Input should be a valid string [type=string_type, input_value=<MagicMock name='mock.que...y' id='139869719921536'>, input_type=MagicMock]
Backend CI	Run tests	2026-03-17T02:41:37.6743726Z     For further information visit https://errors.pydantic.dev/2.12/v/string_type
Backend CI	Run tests	2026-03-17T02:41:37.6743792Z features
Backend CI	Run tests	2026-03-17T02:41:37.6744168Z   Input should be a valid dictionary [type=dict_type, input_value=<MagicMock name='mock.que...s' id='139869560590400'>, input_type=MagicMock]
Backend CI	Run tests	2026-03-17T02:41:37.6744358Z     For further information visit https://errors.pydantic.dev/2.12/v/dict_type
Backend CI	Run tests	2026-03-17T02:41:37.6744430Z feature_flags
Backend CI	Run tests	2026-03-17T02:41:37.6744800Z   Input should be a valid dictionary [type=dict_type, input_value=<MagicMock name='mock.que...s' id='139869560596016'>, input_type=MagicMock]
Backend CI	Run tests	2026-03-17T02:41:37.6745000Z     For further information visit https://errors.pydantic.dev/2.12/v/dict_type
Backend CI	Run tests	2026-03-17T02:41:37.6745483Z INFO     httpx:_client.py:1025 HTTP Request: GET http://testserver/api/v1/subscriptions/tiers/00000000-0000-0000-0000-000000000000 "HTTP/1.1 500 Internal Server Error"
Backend CI	Run tests	2026-03-17T02:41:37.6745772Z _ TestSubscriptionPricingConsistency.test_subscription_tiers_endpoint_returns_correct_pricing _
Backend CI	Run tests	2026-03-17T02:41:37.6746058Z app/tests/test_subscription_pricing.py:103: in test_subscription_tiers_endpoint_returns_correct_pricing
Backend CI	Run tests	2026-03-17T02:41:37.6746174Z     assert len(api_tiers) == len(SUBSCRIPTION_TIERS)
Backend CI	Run tests	2026-03-17T02:41:37.6746351Z E   AssertionError: assert 0 == 5
Backend CI	Run tests	2026-03-17T02:41:37.6746424Z E    +  where 0 = len([])
Backend CI	Run tests	2026-03-17T02:41:37.6754037Z E    +  and   5 = len([SubscriptionTier(id='pilot_solo', name='pilot_solo', display_name='Pilot Solo', description='Free starter tier for getting started with BizPilot', price_monthly_cents=0, price_yearly_cents=0, currency='ZAR', sort_order=0, is_default=True, is_active=True, is_custom_pricing=False, features={'max_users': 1, 'max_orders_per_month': 5, 'max_terminals': 0}, feature_flags={'basic_reports': False, 'inventory_tracking': True, 'cost_calculations': False, 'email_support': False, 'export_reports': False, 'ai_insights': False, 'custom_categories': False, 'priority_support': False, 'multi_location': False, 'api_access': False, 'team_collaboration': False, 'pos_system': False, 'customer_management': False}, paystack_plan_code_monthly=None, paystack_plan_code_yearly=None), SubscriptionTier(id='pilot_lite', name='pilot_lite', display_name='Pilot Lite', description='Coffee stalls and trucks: cash/card tracking with basic sales reports', price_monthly_cents=19900, price_yearly_cents=191040, currency='ZAR', sort_order=1, is_default=False, is_active=True, is_custom_pricing=False, features={'max_users': 3, 'max_orders_per_month': -1, 'max_terminals': 1}, feature_flags={'basic_reports': True, 'invento...ti_location': True, 'api_access': True, 'team_collaboration': True, 'pos_system': True, 'customer_management': True}, paystack_plan_code_monthly=None, paystack_plan_code_yearly=None), SubscriptionTier(id='enterprise', name='enterprise', display_name='Enterprise', description='Custom enterprise solution with tailored features and dedicated support', price_monthly_cents=-1, price_yearly_cents=-1, currency='ZAR', sort_order=4, is_default=False, is_active=True, is_custom_pricing=True, features={'max_users': -1, 'max_orders_per_month': -1, 'max_terminals': -1, 'max_locations': -1, 'custom_integrations': -1, 'dedicated_support': 1}, feature_flags={'basic_reports': True, 'inventory_tracking': True, 'cost_calculations': True, 'email_support': True, 'export_reports': True, 'ai_insights': True, 'custom_categories': True, 'priority_support': True, 'multi_location': True, 'api_access': True, 'team_collaboration': True, 'white_labeling': True, 'custom_development': True, 'dedicated_account_manager': True, 'sla_guarantee': True, 'advanced_security': True, 'custom_workflows': True, 'pos_system': True, 'customer_management': True}, paystack_plan_code_monthly=None, paystack_plan_code_yearly=None)])
Backend CI	Run tests	2026-03-17T02:41:37.6754583Z ----------------------------- Captured stderr call -----------------------------
Backend CI	Run tests	2026-03-17T02:41:37.6754934Z INFO:httpx:HTTP Request: GET http://testserver/api/v1/subscriptions/tiers "HTTP/1.1 200 OK"
Backend CI	Run tests	2026-03-17T02:41:37.6755181Z ------------------------------ Captured log call -------------------------------
Backend CI	Run tests	2026-03-17T02:41:37.6755501Z INFO     httpx:_client.py:1025 HTTP Request: GET http://testserver/api/v1/subscriptions/tiers "HTTP/1.1 200 OK"
Backend CI	Run tests	2026-03-17T02:41:37.6755729Z ____ TestSubscriptionPricingConsistency.test_specific_tier_pricing_accuracy ____
Backend CI	Run tests	2026-03-17T02:41:37.6755953Z app/tests/test_subscription_pricing.py:130: in test_specific_tier_pricing_accuracy
Backend CI	Run tests	2026-03-17T02:41:37.6756037Z     assert pilot_solo is not None
Backend CI	Run tests	2026-03-17T02:41:37.6756119Z E   assert None is not None
Backend CI	Run tests	2026-03-17T02:41:37.6756281Z ----------------------------- Captured stderr call -----------------------------
Backend CI	Run tests	2026-03-17T02:41:37.6756520Z INFO:httpx:HTTP Request: GET http://testserver/api/v1/subscriptions/tiers "HTTP/1.1 200 OK"
Backend CI	Run tests	2026-03-17T02:41:37.6756677Z ------------------------------ Captured log call -------------------------------
Backend CI	Run tests	2026-03-17T02:41:37.6756968Z INFO     httpx:_client.py:1025 HTTP Request: GET http://testserver/api/v1/subscriptions/tiers "HTTP/1.1 200 OK"
Backend CI	Run tests	2026-03-17T02:41:37.6757210Z _ TestSubscriptionPricingConsistency.test_payment_processing_uses_correct_amounts _
Backend CI	Run tests	2026-03-17T02:41:37.6757453Z app/tests/test_subscription_pricing.py:216: in test_payment_processing_uses_correct_amounts
Backend CI	Run tests	2026-03-17T02:41:37.6757655Z     assert call_args[1]["amount_cents"] == 79900  # R799 in cents
Backend CI	Run tests	2026-03-17T02:41:37.6757742Z     ^^^^^^^^^^^^^^^^^^^^^^^^^^^^^^^^^^^^^^^^^^^^
Backend CI	Run tests	2026-03-17T02:41:37.6758053Z E   AssertionError: assert <MagicMock name='mock.query().first().price_monthly_cents' id='139869719535664'> == 79900
Backend CI	Run tests	2026-03-17T02:41:37.6758249Z ----------------------------- Captured stderr call -----------------------------
Backend CI	Run tests	2026-03-17T02:41:37.6758523Z INFO:httpx:HTTP Request: POST http://testserver/api/v1/payments/checkout/initiate "HTTP/1.1 200 OK"
Backend CI	Run tests	2026-03-17T02:41:37.6758677Z ------------------------------ Captured log call -------------------------------
Backend CI	Run tests	2026-03-17T02:41:37.6758995Z INFO     httpx:_client.py:1025 HTTP Request: POST http://testserver/api/v1/payments/checkout/initiate "HTTP/1.1 200 OK"
Backend CI	Run tests	2026-03-17T02:41:37.6759227Z _ TestSubscriptionPricingConsistency.test_tier_upgrade_downgrade_functionality _
Backend CI	Run tests	2026-03-17T02:41:37.6759457Z app/tests/test_subscription_pricing.py:261: in test_tier_upgrade_downgrade_functionality
Backend CI	Run tests	2026-03-17T02:41:37.6759566Z     assert result["requires_payment"] is False
Backend CI	Run tests	2026-03-17T02:41:37.6759642Z E   assert True is False
Backend CI	Run tests	2026-03-17T02:41:37.6759793Z ----------------------------- Captured stderr call -----------------------------
Backend CI	Run tests	2026-03-17T02:41:37.6760204Z WARNING:bizpilot.performance:[e7852aa5-cdc2-4a5f-b489-39132403c102] SLOW REQUEST: POST /api/v1/subscriptions/select-tier took 727.59ms
Backend CI	Run tests	2026-03-17T02:41:37.6760513Z INFO:httpx:HTTP Request: POST http://testserver/api/v1/subscriptions/select-tier "HTTP/1.1 200 OK"
Backend CI	Run tests	2026-03-17T02:41:37.6760669Z ------------------------------ Captured log call -------------------------------
Backend CI	Run tests	2026-03-17T02:41:37.6761096Z WARNING  bizpilot.performance:main.py:81 [e7852aa5-cdc2-4a5f-b489-39132403c102] SLOW REQUEST: POST /api/v1/subscriptions/select-tier took 727.59ms
Backend CI	Run tests	2026-03-17T02:41:37.6761407Z INFO     httpx:_client.py:1025 HTTP Request: POST http://testserver/api/v1/subscriptions/select-tier "HTTP/1.1 200 OK"
Backend CI	Run tests	2026-03-17T02:41:37.6761656Z _ TestSubscriptionPricingConsistency.test_enterprise_tier_custom_pricing_handling _
Backend CI	Run tests	2026-03-17T02:41:37.6761899Z app/tests/test_subscription_pricing.py:297: in test_enterprise_tier_custom_pricing_handling
Backend CI	Run tests	2026-03-17T02:41:37.6761991Z     assert enterprise is not None
Backend CI	Run tests	2026-03-17T02:41:37.6762068Z E   assert None is not None
Backend CI	Run tests	2026-03-17T02:41:37.6762222Z ----------------------------- Captured stderr call -----------------------------
Backend CI	Run tests	2026-03-17T02:41:37.6762455Z INFO:httpx:HTTP Request: GET http://testserver/api/v1/subscriptions/tiers "HTTP/1.1 200 OK"
Backend CI	Run tests	2026-03-17T02:41:37.6762604Z ------------------------------ Captured log call -------------------------------
Backend CI	Run tests	2026-03-17T02:41:37.6763074Z INFO     httpx:_client.py:1025 HTTP Request: GET http://testserver/api/v1/subscriptions/tiers "HTTP/1.1 200 OK"
Backend CI	Run tests	2026-03-17T02:41:37.6763298Z _____ TestSubscriptionAPIIntegration.test_subscription_api_error_handling ______
Backend CI	Run tests	2026-03-17T02:41:37.6763511Z app/tests/test_subscription_pricing.py:465: in test_subscription_api_error_handling
Backend CI	Run tests	2026-03-17T02:41:37.6763611Z     assert response.status_code == 404
Backend CI	Run tests	2026-03-17T02:41:37.6763682Z E   assert 500 == 404
Backend CI	Run tests	2026-03-17T02:41:37.6763834Z E    +  where 500 = <Response [500 Internal Server Error]>.status_code
Backend CI	Run tests	2026-03-17T02:41:37.6763995Z ----------------------------- Captured stdout call -----------------------------
Backend CI	Run tests	2026-03-17T02:41:37.6764174Z Error processing request: 7 validation errors for TierPublicResponse
Backend CI	Run tests	2026-03-17T02:41:37.6764234Z id
Backend CI	Run tests	2026-03-17T02:41:37.6764685Z   UUID input should be a string, bytes or UUID object [type=uuid_type, input_value=<MagicMock name='mock.que...d' id='139869578228320'>, input_type=MagicMock]
Backend CI	Run tests	2026-03-17T02:41:37.6764887Z     For further information visit https://errors.pydantic.dev/2.12/v/uuid_type
Backend CI	Run tests	2026-03-17T02:41:37.6764953Z name
Backend CI	Run tests	2026-03-17T02:41:37.6765324Z   Input should be a valid string [type=string_type, input_value=<MagicMock name='mock.que...e' id='139869560548832'>, input_type=MagicMock]
Backend CI	Run tests	2026-03-17T02:41:37.6765594Z     For further information visit https://errors.pydantic.dev/2.12/v/string_type
Backend CI	Run tests	2026-03-17T02:41:37.6765671Z display_name
Backend CI	Run tests	2026-03-17T02:41:37.6766034Z   Input should be a valid string [type=string_type, input_value=<MagicMock name='mock.que...e' id='139869560542688'>, input_type=MagicMock]
Backend CI	Run tests	2026-03-17T02:41:37.6766290Z     For further information visit https://errors.pydantic.dev/2.12/v/string_type
Backend CI	Run tests	2026-03-17T02:41:37.6766360Z description
Backend CI	Run tests	2026-03-17T02:41:37.6766720Z   Input should be a valid string [type=string_type, input_value=<MagicMock name='mock.que...n' id='139869560537888'>, input_type=MagicMock]
Backend CI	Run tests	2026-03-17T02:41:37.6766921Z     For further information visit https://errors.pydantic.dev/2.12/v/string_type
Backend CI	Run tests	2026-03-17T02:41:37.6766988Z currency
Backend CI	Run tests	2026-03-17T02:41:37.6767346Z   Input should be a valid string [type=string_type, input_value=<MagicMock name='mock.que...y' id='139869561006576'>, input_type=MagicMock]
Backend CI	Run tests	2026-03-17T02:41:37.6767548Z     For further information visit https://errors.pydantic.dev/2.12/v/string_type
Backend CI	Run tests	2026-03-17T02:41:37.6767612Z features
Backend CI	Run tests	2026-03-17T02:41:37.6767989Z   Input should be a valid dictionary [type=dict_type, input_value=<MagicMock name='mock.que...s' id='139869484118672'>, input_type=MagicMock]
Backend CI	Run tests	2026-03-17T02:41:37.6768180Z     For further information visit https://errors.pydantic.dev/2.12/v/dict_type
Backend CI	Run tests	2026-03-17T02:41:37.6768247Z feature_flags
Backend CI	Run tests	2026-03-17T02:41:37.6768681Z   Input should be a valid dictionary [type=dict_type, input_value=<MagicMock name='mock.que...s' id='139869484113152'>, input_type=MagicMock]
Backend CI	Run tests	2026-03-17T02:41:37.6768868Z     For further information visit https://errors.pydantic.dev/2.12/v/dict_type
Backend CI	Run tests	2026-03-17T02:41:37.6769025Z ----------------------------- Captured stderr call -----------------------------
Backend CI	Run tests	2026-03-17T02:41:37.6769384Z INFO:httpx:HTTP Request: GET http://testserver/api/v1/subscriptions/tiers/invalid-uuid "HTTP/1.1 422 Unprocessable Entity"
Backend CI	Run tests	2026-03-17T02:41:37.6769883Z ERROR:bizpilot.performance:Error processing request GET /api/v1/subscriptions/tiers/00000000-0000-0000-0000-000000000000: 7 validation errors for TierPublicResponse
Backend CI	Run tests	2026-03-17T02:41:37.6769951Z id
Backend CI	Run tests	2026-03-17T02:41:37.6770374Z   UUID input should be a string, bytes or UUID object [type=uuid_type, input_value=<MagicMock name='mock.que...d' id='139869578228320'>, input_type=MagicMock]
Backend CI	Run tests	2026-03-17T02:41:37.6770574Z     For further information visit https://errors.pydantic.dev/2.12/v/uuid_type
Backend CI	Run tests	2026-03-17T02:41:37.6770635Z name
Backend CI	Run tests	2026-03-17T02:41:37.6770995Z   Input should be a valid string [type=string_type, input_value=<MagicMock name='mock.que...e' id='139869560548832'>, input_type=MagicMock]
Backend CI	Run tests	2026-03-17T02:41:37.6771195Z     For further information visit https://errors.pydantic.dev/2.12/v/string_type
Backend CI	Run tests	2026-03-17T02:41:37.6771321Z display_name
Backend CI	Run tests	2026-03-17T02:41:37.6771683Z   Input should be a valid string [type=string_type, input_value=<MagicMock name='mock.que...e' id='139869560542688'>, input_type=MagicMock]
Backend CI	Run tests	2026-03-17T02:41:37.6771881Z     For further information visit https://errors.pydantic.dev/2.12/v/string_type
Backend CI	Run tests	2026-03-17T02:41:37.6771947Z description
Backend CI	Run tests	2026-03-17T02:41:37.6772306Z   Input should be a valid string [type=string_type, input_value=<MagicMock name='mock.que...n' id='139869560537888'>, input_type=MagicMock]
Backend CI	Run tests	2026-03-17T02:41:37.6772497Z     For further information visit https://errors.pydantic.dev/2.12/v/string_type
Backend CI	Run tests	2026-03-17T02:41:37.6772562Z currency
Backend CI	Run tests	2026-03-17T02:41:37.6773077Z   Input should be a valid string [type=string_type, input_value=<MagicMock name='mock.que...y' id='139869561006576'>, input_type=MagicMock]
Backend CI	Run tests	2026-03-17T02:41:37.6773271Z     For further information visit https://errors.pydantic.dev/2.12/v/string_type
Backend CI	Run tests	2026-03-17T02:41:37.6773332Z features
Backend CI	Run tests	2026-03-17T02:41:37.6773709Z   Input should be a valid dictionary [type=dict_type, input_value=<MagicMock name='mock.que...s' id='139869484118672'>, input_type=MagicMock]
Backend CI	Run tests	2026-03-17T02:41:37.6773894Z     For further information visit https://errors.pydantic.dev/2.12/v/dict_type
Backend CI	Run tests	2026-03-17T02:41:37.6773963Z feature_flags
Backend CI	Run tests	2026-03-17T02:41:37.6774395Z   Input should be a valid dictionary [type=dict_type, input_value=<MagicMock name='mock.que...s' id='139869484113152'>, input_type=MagicMock]
Backend CI	Run tests	2026-03-17T02:41:37.6774579Z     For further information visit https://errors.pydantic.dev/2.12/v/dict_type
Backend CI	Run tests	2026-03-17T02:41:37.6774721Z Traceback (most recent call last):
Backend CI	Run tests	2026-03-17T02:41:37.6775138Z   File "/opt/hostedtoolcache/Python/3.12.13/x64/lib/python3.12/site-packages/starlette/middleware/base.py", line 157, in call_next
Backend CI	Run tests	2026-03-17T02:41:37.6775245Z     message = await recv_stream.receive()
Backend CI	Run tests	2026-03-17T02:41:37.6775314Z               ^^^^^^^^^^^^^^^^^^^^^^^^^^^
Backend CI	Run tests	2026-03-17T02:41:37.6775675Z   File "/opt/hostedtoolcache/Python/3.12.13/x64/lib/python3.12/site-packages/anyio/streams/memory.py", line 132, in receive
Backend CI	Run tests	2026-03-17T02:41:37.6775783Z     raise EndOfStream from None
Backend CI	Run tests	2026-03-17T02:41:37.6775853Z anyio.EndOfStream
Backend CI	Run tests	2026-03-17T02:41:37.6775859Z 
Backend CI	Run tests	2026-03-17T02:41:37.6776035Z During handling of the above exception, another exception occurred:
Backend CI	Run tests	2026-03-17T02:41:37.6776043Z 
Backend CI	Run tests	2026-03-17T02:41:37.6776127Z Traceback (most recent call last):
Backend CI	Run tests	2026-03-17T02:41:37.6776388Z   File "/home/runner/work/BizPilot2/BizPilot2/backend/app/main.py", line 103, in dispatch
Backend CI	Run tests	2026-03-17T02:41:37.6776477Z     response = await call_next(request)
Backend CI	Run tests	2026-03-17T02:41:37.6776548Z                ^^^^^^^^^^^^^^^^^^^^^^^^
Backend CI	Run tests	2026-03-17T02:41:37.6776937Z   File "/opt/hostedtoolcache/Python/3.12.13/x64/lib/python3.12/site-packages/starlette/middleware/base.py", line 163, in call_next
Backend CI	Run tests	2026-03-17T02:41:37.6777076Z     raise app_exc
Backend CI	Run tests	2026-03-17T02:41:37.6777445Z   File "/opt/hostedtoolcache/Python/3.12.13/x64/lib/python3.12/site-packages/starlette/middleware/base.py", line 149, in coro
Backend CI	Run tests	2026-03-17T02:41:37.6777598Z     await self.app(scope, receive_or_disconnect, send_no_error)
Backend CI	Run tests	2026-03-17T02:41:37.6778001Z   File "/opt/hostedtoolcache/Python/3.12.13/x64/lib/python3.12/site-packages/starlette/middleware/base.py", line 185, in __call__
Backend CI	Run tests	2026-03-17T02:41:37.6778088Z     with collapse_excgroups():
Backend CI	Run tests	2026-03-17T02:41:37.6778160Z          ^^^^^^^^^^^^^^^^^^^^
Backend CI	Run tests	2026-03-17T02:41:37.6778465Z   File "/opt/hostedtoolcache/Python/3.12.13/x64/lib/python3.12/contextlib.py", line 158, in __exit__
Backend CI	Run tests	2026-03-17T02:41:37.6778547Z     self.gen.throw(value)
Backend CI	Run tests	2026-03-17T02:41:37.6778950Z   File "/opt/hostedtoolcache/Python/3.12.13/x64/lib/python3.12/site-packages/starlette/_utils.py", line 82, in collapse_excgroups
Backend CI	Run tests	2026-03-17T02:41:37.6779026Z     raise exc
Backend CI	Run tests	2026-03-17T02:41:37.6779411Z   File "/opt/hostedtoolcache/Python/3.12.13/x64/lib/python3.12/site-packages/starlette/middleware/base.py", line 187, in __call__
Backend CI	Run tests	2026-03-17T02:41:37.6779553Z     response = await self.dispatch_func(request, call_next)
Backend CI	Run tests	2026-03-17T02:41:37.6779706Z                ^^^^^^^^^^^^^^^^^^^^^^^^^^^^^^^^^^^^^^^^^^^^
Backend CI	Run tests	2026-03-17T02:41:37.6779965Z   File "/home/runner/work/BizPilot2/BizPilot2/backend/app/main.py", line 70, in dispatch
Backend CI	Run tests	2026-03-17T02:41:37.6780054Z     response = await call_next(request)
Backend CI	Run tests	2026-03-17T02:41:37.6780130Z                ^^^^^^^^^^^^^^^^^^^^^^^^
Backend CI	Run tests	2026-03-17T02:41:37.6780513Z   File "/opt/hostedtoolcache/Python/3.12.13/x64/lib/python3.12/site-packages/starlette/middleware/base.py", line 163, in call_next
Backend CI	Run tests	2026-03-17T02:41:37.6780589Z     raise app_exc
Backend CI	Run tests	2026-03-17T02:41:37.6780960Z   File "/opt/hostedtoolcache/Python/3.12.13/x64/lib/python3.12/site-packages/starlette/middleware/base.py", line 149, in coro
Backend CI	Run tests	2026-03-17T02:41:37.6781113Z     await self.app(scope, receive_or_disconnect, send_no_error)
Backend CI	Run tests	2026-03-17T02:41:37.6781493Z   File "/opt/hostedtoolcache/Python/3.12.13/x64/lib/python3.12/site-packages/starlette/middleware/base.py", line 185, in __call__
Backend CI	Run tests	2026-03-17T02:41:37.6781575Z     with collapse_excgroups():
Backend CI	Run tests	2026-03-17T02:41:37.6781659Z          ^^^^^^^^^^^^^^^^^^^^
Backend CI	Run tests	2026-03-17T02:41:37.6781931Z   File "/opt/hostedtoolcache/Python/3.12.13/x64/lib/python3.12/contextlib.py", line 158, in __exit__
Backend CI	Run tests	2026-03-17T02:41:37.6782009Z     self.gen.throw(value)
Backend CI	Run tests	2026-03-17T02:41:37.6782388Z   File "/opt/hostedtoolcache/Python/3.12.13/x64/lib/python3.12/site-packages/starlette/_utils.py", line 82, in collapse_excgroups
Backend CI	Run tests	2026-03-17T02:41:37.6782513Z     raise exc
Backend CI	Run tests	2026-03-17T02:41:37.6783022Z   File "/opt/hostedtoolcache/Python/3.12.13/x64/lib/python3.12/site-packages/starlette/middleware/base.py", line 187, in __call__
Backend CI	Run tests	2026-03-17T02:41:37.6783229Z     response = await self.dispatch_func(request, call_next)
Backend CI	Run tests	2026-03-17T02:41:37.6783322Z                ^^^^^^^^^^^^^^^^^^^^^^^^^^^^^^^^^^^^^^^^^^^^
Backend CI	Run tests	2026-03-17T02:41:37.6783570Z   File "/home/runner/work/BizPilot2/BizPilot2/backend/app/main.py", line 54, in dispatch
Backend CI	Run tests	2026-03-17T02:41:37.6783654Z     response = await call_next(request)
Backend CI	Run tests	2026-03-17T02:41:37.6783726Z                ^^^^^^^^^^^^^^^^^^^^^^^^
Backend CI	Run tests	2026-03-17T02:41:37.6784106Z   File "/opt/hostedtoolcache/Python/3.12.13/x64/lib/python3.12/site-packages/starlette/middleware/base.py", line 163, in call_next
Backend CI	Run tests	2026-03-17T02:41:37.6784185Z     raise app_exc
Backend CI	Run tests	2026-03-17T02:41:37.6784546Z   File "/opt/hostedtoolcache/Python/3.12.13/x64/lib/python3.12/site-packages/starlette/middleware/base.py", line 149, in coro
Backend CI	Run tests	2026-03-17T02:41:37.6784699Z     await self.app(scope, receive_or_disconnect, send_no_error)
Backend CI	Run tests	2026-03-17T02:41:37.6785090Z   File "/opt/hostedtoolcache/Python/3.12.13/x64/lib/python3.12/site-packages/starlette/middleware/sessions.py", line 85, in __call__
Backend CI	Run tests	2026-03-17T02:41:37.6785203Z     await self.app(scope, receive, send_wrapper)
Backend CI	Run tests	2026-03-17T02:41:37.6785676Z   File "/opt/hostedtoolcache/Python/3.12.13/x64/lib/python3.12/site-packages/starlette/middleware/base.py", line 185, in __call__
Backend CI	Run tests	2026-03-17T02:41:37.6785760Z     with collapse_excgroups():
Backend CI	Run tests	2026-03-17T02:41:37.6785832Z          ^^^^^^^^^^^^^^^^^^^^
Backend CI	Run tests	2026-03-17T02:41:37.6786108Z   File "/opt/hostedtoolcache/Python/3.12.13/x64/lib/python3.12/contextlib.py", line 158, in __exit__
Backend CI	Run tests	2026-03-17T02:41:37.6786193Z     self.gen.throw(value)
Backend CI	Run tests	2026-03-17T02:41:37.6786568Z   File "/opt/hostedtoolcache/Python/3.12.13/x64/lib/python3.12/site-packages/starlette/_utils.py", line 82, in collapse_excgroups
Backend CI	Run tests	2026-03-17T02:41:37.6786642Z     raise exc
Backend CI	Run tests	2026-03-17T02:41:37.6787014Z   File "/opt/hostedtoolcache/Python/3.12.13/x64/lib/python3.12/site-packages/starlette/middleware/base.py", line 187, in __call__
Backend CI	Run tests	2026-03-17T02:41:37.6787143Z     response = await self.dispatch_func(request, call_next)
Backend CI	Run tests	2026-03-17T02:41:37.6787233Z                ^^^^^^^^^^^^^^^^^^^^^^^^^^^^^^^^^^^^^^^^^^^^
Backend CI	Run tests	2026-03-17T02:41:37.6787487Z   File "/home/runner/work/BizPilot2/BizPilot2/backend/app/main.py", line 173, in dispatch
Backend CI	Run tests	2026-03-17T02:41:37.6787576Z     return await call_next(request)
Backend CI	Run tests	2026-03-17T02:41:37.6787644Z            ^^^^^^^^^^^^^^^^^^^^^^^^
Backend CI	Run tests	2026-03-17T02:41:37.6788028Z   File "/opt/hostedtoolcache/Python/3.12.13/x64/lib/python3.12/site-packages/starlette/middleware/base.py", line 163, in call_next
Backend CI	Run tests	2026-03-17T02:41:37.6788167Z     raise app_exc
Backend CI	Run tests	2026-03-17T02:41:37.6788530Z   File "/opt/hostedtoolcache/Python/3.12.13/x64/lib/python3.12/site-packages/starlette/middleware/base.py", line 149, in coro
Backend CI	Run tests	2026-03-17T02:41:37.6788682Z     await self.app(scope, receive_or_disconnect, send_no_error)
Backend CI	Run tests	2026-03-17T02:41:37.6789071Z   File "/opt/hostedtoolcache/Python/3.12.13/x64/lib/python3.12/site-packages/starlette/middleware/gzip.py", line 20, in __call__
Backend CI	Run tests	2026-03-17T02:41:37.6789176Z     await responder(scope, receive, send)
Backend CI	Run tests	2026-03-17T02:41:37.6789567Z   File "/opt/hostedtoolcache/Python/3.12.13/x64/lib/python3.12/site-packages/starlette/middleware/gzip.py", line 39, in __call__
Backend CI	Run tests	2026-03-17T02:41:37.6789705Z     await self.app(scope, receive, self.send_with_gzip)
Backend CI	Run tests	2026-03-17T02:41:37.6790113Z   File "/opt/hostedtoolcache/Python/3.12.13/x64/lib/python3.12/site-packages/starlette/middleware/exceptions.py", line 62, in __call__
Backend CI	Run tests	2026-03-17T02:41:37.6790307Z     await wrap_app_handling_exceptions(self.app, conn)(scope, receive, send)
Backend CI	Run tests	2026-03-17T02:41:37.6790709Z   File "/opt/hostedtoolcache/Python/3.12.13/x64/lib/python3.12/site-packages/starlette/_exception_handler.py", line 53, in wrapped_app
Backend CI	Run tests	2026-03-17T02:41:37.6790778Z     raise exc
Backend CI	Run tests	2026-03-17T02:41:37.6791235Z   File "/opt/hostedtoolcache/Python/3.12.13/x64/lib/python3.12/site-packages/starlette/_exception_handler.py", line 42, in wrapped_app
Backend CI	Run tests	2026-03-17T02:41:37.6791323Z     await app(scope, receive, sender)
Backend CI	Run tests	2026-03-17T02:41:37.6791730Z   File "/opt/hostedtoolcache/Python/3.12.13/x64/lib/python3.12/site-packages/fastapi/middleware/asyncexitstack.py", line 18, in __call__
Backend CI	Run tests	2026-03-17T02:41:37.6791864Z     await self.app(scope, receive, send)
Backend CI	Run tests	2026-03-17T02:41:37.6792217Z   File "/opt/hostedtoolcache/Python/3.12.13/x64/lib/python3.12/site-packages/starlette/routing.py", line 715, in __call__
Backend CI	Run tests	2026-03-17T02:41:37.6792339Z     await self.middleware_stack(scope, receive, send)
Backend CI	Run tests	2026-03-17T02:41:37.6792774Z   File "/opt/hostedtoolcache/Python/3.12.13/x64/lib/python3.12/site-packages/starlette/routing.py", line 735, in app
Backend CI	Run tests	2026-03-17T02:41:37.6792885Z     await route.handle(scope, receive, send)
Backend CI	Run tests	2026-03-17T02:41:37.6793224Z   File "/opt/hostedtoolcache/Python/3.12.13/x64/lib/python3.12/site-packages/starlette/routing.py", line 288, in handle
Backend CI	Run tests	2026-03-17T02:41:37.6793319Z     await self.app(scope, receive, send)
Backend CI	Run tests	2026-03-17T02:41:37.6793638Z   File "/opt/hostedtoolcache/Python/3.12.13/x64/lib/python3.12/site-packages/fastapi/routing.py", line 115, in app
Backend CI	Run tests	2026-03-17T02:41:37.6793821Z     await wrap_app_handling_exceptions(app, request)(scope, receive, send)
Backend CI	Run tests	2026-03-17T02:41:37.6794216Z   File "/opt/hostedtoolcache/Python/3.12.13/x64/lib/python3.12/site-packages/starlette/_exception_handler.py", line 53, in wrapped_app
Backend CI	Run tests	2026-03-17T02:41:37.6794354Z     raise exc
Backend CI	Run tests	2026-03-17T02:41:37.6794748Z   File "/opt/hostedtoolcache/Python/3.12.13/x64/lib/python3.12/site-packages/starlette/_exception_handler.py", line 42, in wrapped_app
Backend CI	Run tests	2026-03-17T02:41:37.6794836Z     await app(scope, receive, sender)
Backend CI	Run tests	2026-03-17T02:41:37.6795162Z   File "/opt/hostedtoolcache/Python/3.12.13/x64/lib/python3.12/site-packages/fastapi/routing.py", line 101, in app
Backend CI	Run tests	2026-03-17T02:41:37.6795243Z     response = await f(request)
Backend CI	Run tests	2026-03-17T02:41:37.6795315Z                ^^^^^^^^^^^^^^^^
Backend CI	Run tests	2026-03-17T02:41:37.6795638Z   File "/opt/hostedtoolcache/Python/3.12.13/x64/lib/python3.12/site-packages/fastapi/routing.py", line 355, in app
Backend CI	Run tests	2026-03-17T02:41:37.6795748Z     raw_response = await run_endpoint_function(
Backend CI	Run tests	2026-03-17T02:41:37.6795825Z                    ^^^^^^^^^^^^^^^^^^^^^^^^^^^^
Backend CI	Run tests	2026-03-17T02:41:37.6796224Z   File "/opt/hostedtoolcache/Python/3.12.13/x64/lib/python3.12/site-packages/fastapi/routing.py", line 243, in run_endpoint_function
Backend CI	Run tests	2026-03-17T02:41:37.6796323Z     return await dependant.call(**values)
Backend CI	Run tests	2026-03-17T02:41:37.6796392Z            ^^^^^^^^^^^^^^^^^^^^^^^^^^^^^^
Backend CI	Run tests	2026-03-17T02:41:37.6796694Z   File "/home/runner/work/BizPilot2/BizPilot2/backend/app/api/subscriptions.py", line 87, in get_tier
Backend CI	Run tests	2026-03-17T02:41:37.6796872Z     return TierPublicResponse.model_validate(tier)
Backend CI	Run tests	2026-03-17T02:41:37.6796951Z            ^^^^^^^^^^^^^^^^^^^^^^^^^^^^^^^^^^^^^^^
Backend CI	Run tests	2026-03-17T02:41:37.6797314Z   File "/opt/hostedtoolcache/Python/3.12.13/x64/lib/python3.12/site-packages/pydantic/main.py", line 716, in model_validate
Backend CI	Run tests	2026-03-17T02:41:37.6797437Z     return cls.__pydantic_validator__.validate_python(
Backend CI	Run tests	2026-03-17T02:41:37.6797523Z            ^^^^^^^^^^^^^^^^^^^^^^^^^^^^^^^^^^^^^^^^^^^
Backend CI	Run tests	2026-03-17T02:41:37.6797765Z pydantic_core._pydantic_core.ValidationError: 7 validation errors for TierPublicResponse
Backend CI	Run tests	2026-03-17T02:41:37.6797829Z id
Backend CI	Run tests	2026-03-17T02:41:37.6798272Z   UUID input should be a string, bytes or UUID object [type=uuid_type, input_value=<MagicMock name='mock.que...d' id='139869578228320'>, input_type=MagicMock]
Backend CI	Run tests	2026-03-17T02:41:37.6798475Z     For further information visit https://errors.pydantic.dev/2.12/v/uuid_type
Backend CI	Run tests	2026-03-17T02:41:37.6798539Z name
Backend CI	Run tests	2026-03-17T02:41:37.6798917Z   Input should be a valid string [type=string_type, input_value=<MagicMock name='mock.que...e' id='139869560548832'>, input_type=MagicMock]
Backend CI	Run tests	2026-03-17T02:41:37.6799119Z     For further information visit https://errors.pydantic.dev/2.12/v/string_type
Backend CI	Run tests	2026-03-17T02:41:37.6799189Z display_name
Backend CI	Run tests	2026-03-17T02:41:37.6799615Z   Input should be a valid string [type=string_type, input_value=<MagicMock name='mock.que...e' id='139869560542688'>, input_type=MagicMock]
Backend CI	Run tests	2026-03-17T02:41:37.6799818Z     For further information visit https://errors.pydantic.dev/2.12/v/string_type
Backend CI	Run tests	2026-03-17T02:41:37.6799882Z description
Backend CI	Run tests	2026-03-17T02:41:37.6800300Z   Input should be a valid string [type=string_type, input_value=<MagicMock name='mock.que...n' id='139869560537888'>, input_type=MagicMock]
Backend CI	Run tests	2026-03-17T02:41:37.6800501Z     For further information visit https://errors.pydantic.dev/2.12/v/string_type
Backend CI	Run tests	2026-03-17T02:41:37.6800562Z currency
Backend CI	Run tests	2026-03-17T02:41:37.6800920Z   Input should be a valid string [type=string_type, input_value=<MagicMock name='mock.que...y' id='139869561006576'>, input_type=MagicMock]
Backend CI	Run tests	2026-03-17T02:41:37.6801118Z     For further information visit https://errors.pydantic.dev/2.12/v/string_type
Backend CI	Run tests	2026-03-17T02:41:37.6801178Z features
Backend CI	Run tests	2026-03-17T02:41:37.6801555Z   Input should be a valid dictionary [type=dict_type, input_value=<MagicMock name='mock.que...s' id='139869484118672'>, input_type=MagicMock]
Backend CI	Run tests	2026-03-17T02:41:37.6801747Z     For further information visit https://errors.pydantic.dev/2.12/v/dict_type
Backend CI	Run tests	2026-03-17T02:41:37.6801818Z feature_flags
Backend CI	Run tests	2026-03-17T02:41:37.6802194Z   Input should be a valid dictionary [type=dict_type, input_value=<MagicMock name='mock.que...s' id='139869484113152'>, input_type=MagicMock]
Backend CI	Run tests	2026-03-17T02:41:37.6802427Z     For further information visit https://errors.pydantic.dev/2.12/v/dict_type
Backend CI	Run tests	2026-03-17T02:41:37.6802518Z Traceback (most recent call last):
Backend CI	Run tests	2026-03-17T02:41:37.6803039Z   File "/opt/hostedtoolcache/Python/3.12.13/x64/lib/python3.12/site-packages/starlette/middleware/base.py", line 157, in call_next
Backend CI	Run tests	2026-03-17T02:41:37.6803136Z     message = await recv_stream.receive()
Backend CI	Run tests	2026-03-17T02:41:37.6803211Z               ^^^^^^^^^^^^^^^^^^^^^^^^^^^
Backend CI	Run tests	2026-03-17T02:41:37.6803569Z   File "/opt/hostedtoolcache/Python/3.12.13/x64/lib/python3.12/site-packages/anyio/streams/memory.py", line 132, in receive
Backend CI	Run tests	2026-03-17T02:41:37.6803670Z     raise EndOfStream from None
Backend CI	Run tests	2026-03-17T02:41:37.6803739Z anyio.EndOfStream
Backend CI	Run tests	2026-03-17T02:41:37.6803744Z 
Backend CI	Run tests	2026-03-17T02:41:37.6803917Z During handling of the above exception, another exception occurred:
Backend CI	Run tests	2026-03-17T02:41:37.6803923Z 
Backend CI	Run tests	2026-03-17T02:41:37.6804010Z Traceback (most recent call last):
Backend CI	Run tests	2026-03-17T02:41:37.6804262Z   File "/home/runner/work/BizPilot2/BizPilot2/backend/app/main.py", line 103, in dispatch
Backend CI	Run tests	2026-03-17T02:41:37.6804357Z     response = await call_next(request)
Backend CI	Run tests	2026-03-17T02:41:37.6804424Z                ^^^^^^^^^^^^^^^^^^^^^^^^
Backend CI	Run tests	2026-03-17T02:41:37.6804815Z   File "/opt/hostedtoolcache/Python/3.12.13/x64/lib/python3.12/site-packages/starlette/middleware/base.py", line 163, in call_next
Backend CI	Run tests	2026-03-17T02:41:37.6804960Z     raise app_exc
Backend CI	Run tests	2026-03-17T02:41:37.6805325Z   File "/opt/hostedtoolcache/Python/3.12.13/x64/lib/python3.12/site-packages/starlette/middleware/base.py", line 149, in coro
Backend CI	Run tests	2026-03-17T02:41:37.6805477Z     await self.app(scope, receive_or_disconnect, send_no_error)
Backend CI	Run tests	2026-03-17T02:41:37.6805853Z   File "/opt/hostedtoolcache/Python/3.12.13/x64/lib/python3.12/site-packages/starlette/middleware/base.py", line 185, in __call__
Backend CI	Run tests	2026-03-17T02:41:37.6805941Z     with collapse_excgroups():
Backend CI	Run tests	2026-03-17T02:41:37.6806007Z          ^^^^^^^^^^^^^^^^^^^^
Backend CI	Run tests	2026-03-17T02:41:37.6806290Z   File "/opt/hostedtoolcache/Python/3.12.13/x64/lib/python3.12/contextlib.py", line 158, in __exit__
Backend CI	Run tests	2026-03-17T02:41:37.6806369Z     self.gen.throw(value)
Backend CI	Run tests	2026-03-17T02:41:37.6806748Z   File "/opt/hostedtoolcache/Python/3.12.13/x64/lib/python3.12/site-packages/starlette/_utils.py", line 82, in collapse_excgroups
Backend CI	Run tests	2026-03-17T02:41:37.6806822Z     raise exc
Backend CI	Run tests	2026-03-17T02:41:37.6807194Z   File "/opt/hostedtoolcache/Python/3.12.13/x64/lib/python3.12/site-packages/starlette/middleware/base.py", line 187, in __call__
Backend CI	Run tests	2026-03-17T02:41:37.6807331Z     response = await self.dispatch_func(request, call_next)
Backend CI	Run tests	2026-03-17T02:41:37.6807418Z                ^^^^^^^^^^^^^^^^^^^^^^^^^^^^^^^^^^^^^^^^^^^^
Backend CI	Run tests	2026-03-17T02:41:37.6807729Z   File "/home/runner/work/BizPilot2/BizPilot2/backend/app/main.py", line 70, in dispatch
Backend CI	Run tests	2026-03-17T02:41:37.6807813Z     response = await call_next(request)
Backend CI	Run tests	2026-03-17T02:41:37.6807880Z                ^^^^^^^^^^^^^^^^^^^^^^^^
Backend CI	Run tests	2026-03-17T02:41:37.6808258Z   File "/opt/hostedtoolcache/Python/3.12.13/x64/lib/python3.12/site-packages/starlette/middleware/base.py", line 163, in call_next
Backend CI	Run tests	2026-03-17T02:41:37.6808387Z     raise app_exc
Backend CI	Run tests	2026-03-17T02:41:37.6808749Z   File "/opt/hostedtoolcache/Python/3.12.13/x64/lib/python3.12/site-packages/starlette/middleware/base.py", line 149, in coro
Backend CI	Run tests	2026-03-17T02:41:37.6808893Z     await self.app(scope, receive_or_disconnect, send_no_error)
Backend CI	Run tests	2026-03-17T02:41:37.6809271Z   File "/opt/hostedtoolcache/Python/3.12.13/x64/lib/python3.12/site-packages/starlette/middleware/base.py", line 185, in __call__
Backend CI	Run tests	2026-03-17T02:41:37.6809352Z     with collapse_excgroups():
Backend CI	Run tests	2026-03-17T02:41:37.6809420Z          ^^^^^^^^^^^^^^^^^^^^
Backend CI	Run tests	2026-03-17T02:41:37.6809695Z   File "/opt/hostedtoolcache/Python/3.12.13/x64/lib/python3.12/contextlib.py", line 158, in __exit__
Backend CI	Run tests	2026-03-17T02:41:37.6809775Z     self.gen.throw(value)
Backend CI	Run tests	2026-03-17T02:41:37.6810154Z   File "/opt/hostedtoolcache/Python/3.12.13/x64/lib/python3.12/site-packages/starlette/_utils.py", line 82, in collapse_excgroups
Backend CI	Run tests	2026-03-17T02:41:37.6810225Z     raise exc
Backend CI	Run tests	2026-03-17T02:41:37.6810600Z   File "/opt/hostedtoolcache/Python/3.12.13/x64/lib/python3.12/site-packages/starlette/middleware/base.py", line 187, in __call__
Backend CI	Run tests	2026-03-17T02:41:37.6810788Z     response = await self.dispatch_func(request, call_next)
Backend CI	Run tests	2026-03-17T02:41:37.6810871Z                ^^^^^^^^^^^^^^^^^^^^^^^^^^^^^^^^^^^^^^^^^^^^
Backend CI	Run tests	2026-03-17T02:41:37.6811120Z   File "/home/runner/work/BizPilot2/BizPilot2/backend/app/main.py", line 54, in dispatch
Backend CI	Run tests	2026-03-17T02:41:37.6811203Z     response = await call_next(request)
Backend CI	Run tests	2026-03-17T02:41:37.6811274Z                ^^^^^^^^^^^^^^^^^^^^^^^^
Backend CI	Run tests	2026-03-17T02:41:37.6811671Z   File "/opt/hostedtoolcache/Python/3.12.13/x64/lib/python3.12/site-packages/starlette/middleware/base.py", line 163, in call_next
Backend CI	Run tests	2026-03-17T02:41:37.6811748Z     raise app_exc
Backend CI	Run tests	2026-03-17T02:41:37.6812125Z   File "/opt/hostedtoolcache/Python/3.12.13/x64/lib/python3.12/site-packages/starlette/middleware/base.py", line 149, in coro
Backend CI	Run tests	2026-03-17T02:41:37.6812272Z     await self.app(scope, receive_or_disconnect, send_no_error)
Backend CI	Run tests	2026-03-17T02:41:37.6812780Z   File "/opt/hostedtoolcache/Python/3.12.13/x64/lib/python3.12/site-packages/starlette/middleware/sessions.py", line 85, in __call__
Backend CI	Run tests	2026-03-17T02:41:37.6812892Z     await self.app(scope, receive, send_wrapper)
Backend CI	Run tests	2026-03-17T02:41:37.6813272Z   File "/opt/hostedtoolcache/Python/3.12.13/x64/lib/python3.12/site-packages/starlette/middleware/base.py", line 185, in __call__
Backend CI	Run tests	2026-03-17T02:41:37.6813443Z     with collapse_excgroups():
Backend CI	Run tests	2026-03-17T02:41:37.6813510Z          ^^^^^^^^^^^^^^^^^^^^
Backend CI	Run tests	2026-03-17T02:41:37.6813788Z   File "/opt/hostedtoolcache/Python/3.12.13/x64/lib/python3.12/contextlib.py", line 158, in __exit__
Backend CI	Run tests	2026-03-17T02:41:37.6813868Z     self.gen.throw(value)
Backend CI	Run tests	2026-03-17T02:41:37.6814250Z   File "/opt/hostedtoolcache/Python/3.12.13/x64/lib/python3.12/site-packages/starlette/_utils.py", line 82, in collapse_excgroups
Backend CI	Run tests	2026-03-17T02:41:37.6814316Z     raise exc
Backend CI	Run tests	2026-03-17T02:41:37.6814689Z   File "/opt/hostedtoolcache/Python/3.12.13/x64/lib/python3.12/site-packages/starlette/middleware/base.py", line 187, in __call__
Backend CI	Run tests	2026-03-17T02:41:37.6814823Z     response = await self.dispatch_func(request, call_next)
Backend CI	Run tests	2026-03-17T02:41:37.6814907Z                ^^^^^^^^^^^^^^^^^^^^^^^^^^^^^^^^^^^^^^^^^^^^
Backend CI	Run tests	2026-03-17T02:41:37.6815160Z   File "/home/runner/work/BizPilot2/BizPilot2/backend/app/main.py", line 173, in dispatch
Backend CI	Run tests	2026-03-17T02:41:37.6815246Z     return await call_next(request)
Backend CI	Run tests	2026-03-17T02:41:37.6815318Z            ^^^^^^^^^^^^^^^^^^^^^^^^
Backend CI	Run tests	2026-03-17T02:41:37.6815699Z   File "/opt/hostedtoolcache/Python/3.12.13/x64/lib/python3.12/site-packages/starlette/middleware/base.py", line 163, in call_next
Backend CI	Run tests	2026-03-17T02:41:37.6815839Z     raise app_exc
Backend CI	Run tests	2026-03-17T02:41:37.6816201Z   File "/opt/hostedtoolcache/Python/3.12.13/x64/lib/python3.12/site-packages/starlette/middleware/base.py", line 149, in coro
Backend CI	Run tests	2026-03-17T02:41:37.6816343Z     await self.app(scope, receive_or_disconnect, send_no_error)
Backend CI	Run tests	2026-03-17T02:41:37.6816720Z   File "/opt/hostedtoolcache/Python/3.12.13/x64/lib/python3.12/site-packages/starlette/middleware/gzip.py", line 20, in __call__
Backend CI	Run tests	2026-03-17T02:41:37.6816868Z     await responder(scope, receive, send)
Backend CI	Run tests	2026-03-17T02:41:37.6817240Z   File "/opt/hostedtoolcache/Python/3.12.13/x64/lib/python3.12/site-packages/starlette/middleware/gzip.py", line 39, in __call__
Backend CI	Run tests	2026-03-17T02:41:37.6817383Z     await self.app(scope, receive, self.send_with_gzip)
Backend CI	Run tests	2026-03-17T02:41:37.6817799Z   File "/opt/hostedtoolcache/Python/3.12.13/x64/lib/python3.12/site-packages/starlette/middleware/exceptions.py", line 62, in __call__
Backend CI	Run tests	2026-03-17T02:41:37.6817985Z     await wrap_app_handling_exceptions(self.app, conn)(scope, receive, send)
Backend CI	Run tests	2026-03-17T02:41:37.6818386Z   File "/opt/hostedtoolcache/Python/3.12.13/x64/lib/python3.12/site-packages/starlette/_exception_handler.py", line 53, in wrapped_app
Backend CI	Run tests	2026-03-17T02:41:37.6818454Z     raise exc
Backend CI	Run tests	2026-03-17T02:41:37.6818856Z   File "/opt/hostedtoolcache/Python/3.12.13/x64/lib/python3.12/site-packages/starlette/_exception_handler.py", line 42, in wrapped_app
Backend CI	Run tests	2026-03-17T02:41:37.6818943Z     await app(scope, receive, sender)
Backend CI	Run tests	2026-03-17T02:41:37.6819407Z   File "/opt/hostedtoolcache/Python/3.12.13/x64/lib/python3.12/site-packages/fastapi/middleware/asyncexitstack.py", line 18, in __call__
Backend CI	Run tests	2026-03-17T02:41:37.6819501Z     await self.app(scope, receive, send)
Backend CI	Run tests	2026-03-17T02:41:37.6819845Z   File "/opt/hostedtoolcache/Python/3.12.13/x64/lib/python3.12/site-packages/starlette/routing.py", line 715, in __call__
Backend CI	Run tests	2026-03-17T02:41:37.6819974Z     await self.middleware_stack(scope, receive, send)
Backend CI	Run tests	2026-03-17T02:41:37.6820302Z   File "/opt/hostedtoolcache/Python/3.12.13/x64/lib/python3.12/site-packages/starlette/routing.py", line 735, in app
Backend CI	Run tests	2026-03-17T02:41:37.6820407Z     await route.handle(scope, receive, send)
Backend CI	Run tests	2026-03-17T02:41:37.6820739Z   File "/opt/hostedtoolcache/Python/3.12.13/x64/lib/python3.12/site-packages/starlette/routing.py", line 288, in handle
Backend CI	Run tests	2026-03-17T02:41:37.6820828Z     await self.app(scope, receive, send)
Backend CI	Run tests	2026-03-17T02:41:37.6821160Z   File "/opt/hostedtoolcache/Python/3.12.13/x64/lib/python3.12/site-packages/fastapi/routing.py", line 115, in app
Backend CI	Run tests	2026-03-17T02:41:37.6821340Z     await wrap_app_handling_exceptions(app, request)(scope, receive, send)
Backend CI	Run tests	2026-03-17T02:41:37.6821740Z   File "/opt/hostedtoolcache/Python/3.12.13/x64/lib/python3.12/site-packages/starlette/_exception_handler.py", line 53, in wrapped_app
Backend CI	Run tests	2026-03-17T02:41:37.6821856Z     raise exc
Backend CI	Run tests	2026-03-17T02:41:37.6822260Z   File "/opt/hostedtoolcache/Python/3.12.13/x64/lib/python3.12/site-packages/starlette/_exception_handler.py", line 42, in wrapped_app
Backend CI	Run tests	2026-03-17T02:41:37.6822344Z     await app(scope, receive, sender)
Backend CI	Run tests	2026-03-17T02:41:37.6822798Z   File "/opt/hostedtoolcache/Python/3.12.13/x64/lib/python3.12/site-packages/fastapi/routing.py", line 101, in app
Backend CI	Run tests	2026-03-17T02:41:37.6822888Z     response = await f(request)
Backend CI	Run tests	2026-03-17T02:41:37.6822956Z                ^^^^^^^^^^^^^^^^
Backend CI	Run tests	2026-03-17T02:41:37.6823278Z   File "/opt/hostedtoolcache/Python/3.12.13/x64/lib/python3.12/site-packages/fastapi/routing.py", line 355, in app
Backend CI	Run tests	2026-03-17T02:41:37.6823388Z     raw_response = await run_endpoint_function(
Backend CI	Run tests	2026-03-17T02:41:37.6823469Z                    ^^^^^^^^^^^^^^^^^^^^^^^^^^^^
Backend CI	Run tests	2026-03-17T02:41:37.6823860Z   File "/opt/hostedtoolcache/Python/3.12.13/x64/lib/python3.12/site-packages/fastapi/routing.py", line 243, in run_endpoint_function
Backend CI	Run tests	2026-03-17T02:41:37.6823956Z     return await dependant.call(**values)
Backend CI	Run tests	2026-03-17T02:41:37.6824023Z            ^^^^^^^^^^^^^^^^^^^^^^^^^^^^^^
Backend CI	Run tests	2026-03-17T02:41:37.6824319Z   File "/home/runner/work/BizPilot2/BizPilot2/backend/app/api/subscriptions.py", line 87, in get_tier
Backend CI	Run tests	2026-03-17T02:41:37.6824441Z     return TierPublicResponse.model_validate(tier)
Backend CI	Run tests	2026-03-17T02:41:37.6824591Z            ^^^^^^^^^^^^^^^^^^^^^^^^^^^^^^^^^^^^^^^
Backend CI	Run tests	2026-03-17T02:41:37.6824956Z   File "/opt/hostedtoolcache/Python/3.12.13/x64/lib/python3.12/site-packages/pydantic/main.py", line 716, in model_validate
Backend CI	Run tests	2026-03-17T02:41:37.6825074Z     return cls.__pydantic_validator__.validate_python(
Backend CI	Run tests	2026-03-17T02:41:37.6825209Z            ^^^^^^^^^^^^^^^^^^^^^^^^^^^^^^^^^^^^^^^^^^^
Backend CI	Run tests	2026-03-17T02:41:37.6825462Z pydantic_core._pydantic_core.ValidationError: 7 validation errors for TierPublicResponse
Backend CI	Run tests	2026-03-17T02:41:37.6825521Z id
Backend CI	Run tests	2026-03-17T02:41:37.6825964Z   UUID input should be a string, bytes or UUID object [type=uuid_type, input_value=<MagicMock name='mock.que...d' id='139869578228320'>, input_type=MagicMock]
Backend CI	Run tests	2026-03-17T02:41:37.6826167Z     For further information visit https://errors.pydantic.dev/2.12/v/uuid_type
Backend CI	Run tests	2026-03-17T02:41:37.6826226Z name
Backend CI	Run tests	2026-03-17T02:41:37.6826600Z   Input should be a valid string [type=string_type, input_value=<MagicMock name='mock.que...e' id='139869560548832'>, input_type=MagicMock]
Backend CI	Run tests	2026-03-17T02:41:37.6826804Z     For further information visit https://errors.pydantic.dev/2.12/v/string_type
Backend CI	Run tests	2026-03-17T02:41:37.6826869Z display_name
Backend CI	Run tests	2026-03-17T02:41:37.6827237Z   Input should be a valid string [type=string_type, input_value=<MagicMock name='mock.que...e' id='139869560542688'>, input_type=MagicMock]
Backend CI	Run tests	2026-03-17T02:41:37.6827489Z     For further information visit https://errors.pydantic.dev/2.12/v/string_type
Backend CI	Run tests	2026-03-17T02:41:37.6827558Z description
Backend CI	Run tests	2026-03-17T02:41:37.6827918Z   Input should be a valid string [type=string_type, input_value=<MagicMock name='mock.que...n' id='139869560537888'>, input_type=MagicMock]
Backend CI	Run tests	2026-03-17T02:41:37.6828114Z     For further information visit https://errors.pydantic.dev/2.12/v/string_type
Backend CI	Run tests	2026-03-17T02:41:37.6828181Z currency
Backend CI	Run tests	2026-03-17T02:41:37.6828542Z   Input should be a valid string [type=string_type, input_value=<MagicMock name='mock.que...y' id='139869561006576'>, input_type=MagicMock]
Backend CI	Run tests	2026-03-17T02:41:37.6828742Z     For further information visit https://errors.pydantic.dev/2.12/v/string_type
Backend CI	Run tests	2026-03-17T02:41:37.6828801Z features
Backend CI	Run tests	2026-03-17T02:41:37.6829178Z   Input should be a valid dictionary [type=dict_type, input_value=<MagicMock name='mock.que...s' id='139869484118672'>, input_type=MagicMock]
Backend CI	Run tests	2026-03-17T02:41:37.6829373Z     For further information visit https://errors.pydantic.dev/2.12/v/dict_type
Backend CI	Run tests	2026-03-17T02:41:37.6829440Z feature_flags
Backend CI	Run tests	2026-03-17T02:41:37.6829813Z   Input should be a valid dictionary [type=dict_type, input_value=<MagicMock name='mock.que...s' id='139869484113152'>, input_type=MagicMock]
Backend CI	Run tests	2026-03-17T02:41:37.6830004Z     For further information visit https://errors.pydantic.dev/2.12/v/dict_type
Backend CI	Run tests	2026-03-17T02:41:37.6830520Z INFO:httpx:HTTP Request: GET http://testserver/api/v1/subscriptions/tiers/00000000-0000-0000-0000-000000000000 "HTTP/1.1 500 Internal Server Error"
Backend CI	Run tests	2026-03-17T02:41:37.6830682Z ------------------------------ Captured log call -------------------------------
Backend CI	Run tests	2026-03-17T02:41:37.6831090Z INFO     httpx:_client.py:1025 HTTP Request: GET http://testserver/api/v1/subscriptions/tiers/invalid-uuid "HTTP/1.1 422 Unprocessable Entity"
Backend CI	Run tests	2026-03-17T02:41:37.6831630Z ERROR    bizpilot.performance:main.py:106 Error processing request GET /api/v1/subscriptions/tiers/00000000-0000-0000-0000-000000000000: 7 validation errors for TierPublicResponse
Backend CI	Run tests	2026-03-17T02:41:37.6831702Z id
Backend CI	Run tests	2026-03-17T02:41:37.6832133Z   UUID input should be a string, bytes or UUID object [type=uuid_type, input_value=<MagicMock name='mock.que...d' id='139869578228320'>, input_type=MagicMock]
Backend CI	Run tests	2026-03-17T02:41:37.6832328Z     For further information visit https://errors.pydantic.dev/2.12/v/uuid_type
Backend CI	Run tests	2026-03-17T02:41:37.6832389Z name
Backend CI	Run tests	2026-03-17T02:41:37.6833060Z   Input should be a valid string [type=string_type, input_value=<MagicMock name='mock.que...e' id='139869560548832'>, input_type=MagicMock]
Backend CI	Run tests	2026-03-17T02:41:37.6833393Z     For further information visit https://errors.pydantic.dev/2.12/v/string_type
Backend CI	Run tests	2026-03-17T02:41:37.6833616Z display_name
Backend CI	Run tests	2026-03-17T02:41:37.6834176Z   Input should be a valid string [type=string_type, input_value=<MagicMock name='mock.que...e' id='139869560542688'>, input_type=MagicMock]
Backend CI	Run tests	2026-03-17T02:41:37.6834387Z     For further information visit https://errors.pydantic.dev/2.12/v/string_type
Backend CI	Run tests	2026-03-17T02:41:37.6834531Z description
Backend CI	Run tests	2026-03-17T02:41:37.6834909Z   Input should be a valid string [type=string_type, input_value=<MagicMock name='mock.que...n' id='139869560537888'>, input_type=MagicMock]
Backend CI	Run tests	2026-03-17T02:41:37.6835104Z     For further information visit https://errors.pydantic.dev/2.12/v/string_type
Backend CI	Run tests	2026-03-17T02:41:37.6835164Z currency
Backend CI	Run tests	2026-03-17T02:41:37.6835576Z   Input should be a valid string [type=string_type, input_value=<MagicMock name='mock.que...y' id='139869561006576'>, input_type=MagicMock]
Backend CI	Run tests	2026-03-17T02:41:37.6835771Z     For further information visit https://errors.pydantic.dev/2.12/v/string_type
Backend CI	Run tests	2026-03-17T02:41:37.6835835Z features
Backend CI	Run tests	2026-03-17T02:41:37.6836210Z   Input should be a valid dictionary [type=dict_type, input_value=<MagicMock name='mock.que...s' id='139869484118672'>, input_type=MagicMock]
Backend CI	Run tests	2026-03-17T02:41:37.6836398Z     For further information visit https://errors.pydantic.dev/2.12/v/dict_type
Backend CI	Run tests	2026-03-17T02:41:37.6836469Z feature_flags
Backend CI	Run tests	2026-03-17T02:41:37.6836838Z   Input should be a valid dictionary [type=dict_type, input_value=<MagicMock name='mock.que...s' id='139869484113152'>, input_type=MagicMock]
Backend CI	Run tests	2026-03-17T02:41:37.6837098Z     For further information visit https://errors.pydantic.dev/2.12/v/dict_type
Backend CI	Run tests	2026-03-17T02:41:37.6837184Z Traceback (most recent call last):
Backend CI	Run tests	2026-03-17T02:41:37.6837603Z   File "/opt/hostedtoolcache/Python/3.12.13/x64/lib/python3.12/site-packages/starlette/middleware/base.py", line 157, in call_next
Backend CI	Run tests	2026-03-17T02:41:37.6837709Z     message = await recv_stream.receive()
Backend CI	Run tests	2026-03-17T02:41:37.6837779Z               ^^^^^^^^^^^^^^^^^^^^^^^^^^^
Backend CI	Run tests	2026-03-17T02:41:37.6838145Z   File "/opt/hostedtoolcache/Python/3.12.13/x64/lib/python3.12/site-packages/anyio/streams/memory.py", line 132, in receive
Backend CI	Run tests	2026-03-17T02:41:37.6838245Z     raise EndOfStream from None
Backend CI	Run tests	2026-03-17T02:41:37.6838313Z anyio.EndOfStream
Backend CI	Run tests	2026-03-17T02:41:37.6838318Z 
Backend CI	Run tests	2026-03-17T02:41:37.6838492Z During handling of the above exception, another exception occurred:
Backend CI	Run tests	2026-03-17T02:41:37.6838500Z 
Backend CI	Run tests	2026-03-17T02:41:37.6838582Z Traceback (most recent call last):
Backend CI	Run tests	2026-03-17T02:41:37.6838843Z   File "/home/runner/work/BizPilot2/BizPilot2/backend/app/main.py", line 103, in dispatch
Backend CI	Run tests	2026-03-17T02:41:37.6838931Z     response = await call_next(request)
Backend CI	Run tests	2026-03-17T02:41:37.6839000Z                ^^^^^^^^^^^^^^^^^^^^^^^^
Backend CI	Run tests	2026-03-17T02:41:37.6839385Z   File "/opt/hostedtoolcache/Python/3.12.13/x64/lib/python3.12/site-packages/starlette/middleware/base.py", line 163, in call_next
Backend CI	Run tests	2026-03-17T02:41:37.6839528Z     raise app_exc
Backend CI	Run tests	2026-03-17T02:41:37.6839893Z   File "/opt/hostedtoolcache/Python/3.12.13/x64/lib/python3.12/site-packages/starlette/middleware/base.py", line 149, in coro
Backend CI	Run tests	2026-03-17T02:41:37.6840045Z     await self.app(scope, receive_or_disconnect, send_no_error)
Backend CI	Run tests	2026-03-17T02:41:37.6840426Z   File "/opt/hostedtoolcache/Python/3.12.13/x64/lib/python3.12/site-packages/starlette/middleware/base.py", line 185, in __call__
Backend CI	Run tests	2026-03-17T02:41:37.6840510Z     with collapse_excgroups():
Backend CI	Run tests	2026-03-17T02:41:37.6840584Z          ^^^^^^^^^^^^^^^^^^^^
Backend CI	Run tests	2026-03-17T02:41:37.6840867Z   File "/opt/hostedtoolcache/Python/3.12.13/x64/lib/python3.12/contextlib.py", line 158, in __exit__
Backend CI	Run tests	2026-03-17T02:41:37.6840945Z     self.gen.throw(value)
Backend CI	Run tests	2026-03-17T02:41:37.6841329Z   File "/opt/hostedtoolcache/Python/3.12.13/x64/lib/python3.12/site-packages/starlette/_utils.py", line 82, in collapse_excgroups
Backend CI	Run tests	2026-03-17T02:41:37.6841398Z     raise exc
Backend CI	Run tests	2026-03-17T02:41:37.6841774Z   File "/opt/hostedtoolcache/Python/3.12.13/x64/lib/python3.12/site-packages/starlette/middleware/base.py", line 187, in __call__
Backend CI	Run tests	2026-03-17T02:41:37.6841910Z     response = await self.dispatch_func(request, call_next)
Backend CI	Run tests	2026-03-17T02:41:37.6842053Z                ^^^^^^^^^^^^^^^^^^^^^^^^^^^^^^^^^^^^^^^^^^^^
Backend CI	Run tests	2026-03-17T02:41:37.6842304Z   File "/home/runner/work/BizPilot2/BizPilot2/backend/app/main.py", line 70, in dispatch
Backend CI	Run tests	2026-03-17T02:41:37.6842389Z     response = await call_next(request)
Backend CI	Run tests	2026-03-17T02:41:37.6842460Z                ^^^^^^^^^^^^^^^^^^^^^^^^
Backend CI	Run tests	2026-03-17T02:41:37.6843031Z   File "/opt/hostedtoolcache/Python/3.12.13/x64/lib/python3.12/site-packages/starlette/middleware/base.py", line 163, in call_next
Backend CI	Run tests	2026-03-17T02:41:37.6843118Z     raise app_exc
Backend CI	Run tests	2026-03-17T02:41:37.6843476Z   File "/opt/hostedtoolcache/Python/3.12.13/x64/lib/python3.12/site-packages/starlette/middleware/base.py", line 149, in coro
Backend CI	Run tests	2026-03-17T02:41:37.6843624Z     await self.app(scope, receive_or_disconnect, send_no_error)
Backend CI	Run tests	2026-03-17T02:41:37.6844002Z   File "/opt/hostedtoolcache/Python/3.12.13/x64/lib/python3.12/site-packages/starlette/middleware/base.py", line 185, in __call__
Backend CI	Run tests	2026-03-17T02:41:37.6844084Z     with collapse_excgroups():
Backend CI	Run tests	2026-03-17T02:41:37.6844159Z          ^^^^^^^^^^^^^^^^^^^^
Backend CI	Run tests	2026-03-17T02:41:37.6844431Z   File "/opt/hostedtoolcache/Python/3.12.13/x64/lib/python3.12/contextlib.py", line 158, in __exit__
Backend CI	Run tests	2026-03-17T02:41:37.6844512Z     self.gen.throw(value)
Backend CI	Run tests	2026-03-17T02:41:37.6844889Z   File "/opt/hostedtoolcache/Python/3.12.13/x64/lib/python3.12/site-packages/starlette/_utils.py", line 82, in collapse_excgroups
Backend CI	Run tests	2026-03-17T02:41:37.6845028Z     raise exc
Backend CI	Run tests	2026-03-17T02:41:37.6845405Z   File "/opt/hostedtoolcache/Python/3.12.13/x64/lib/python3.12/site-packages/starlette/middleware/base.py", line 187, in __call__
Backend CI	Run tests	2026-03-17T02:41:37.6845535Z     response = await self.dispatch_func(request, call_next)
Backend CI	Run tests	2026-03-17T02:41:37.6845625Z                ^^^^^^^^^^^^^^^^^^^^^^^^^^^^^^^^^^^^^^^^^^^^
Backend CI	Run tests	2026-03-17T02:41:37.6845877Z   File "/home/runner/work/BizPilot2/BizPilot2/backend/app/main.py", line 54, in dispatch
Backend CI	Run tests	2026-03-17T02:41:37.6845967Z     response = await call_next(request)
Backend CI	Run tests	2026-03-17T02:41:37.6846033Z                ^^^^^^^^^^^^^^^^^^^^^^^^
Backend CI	Run tests	2026-03-17T02:41:37.6846411Z   File "/opt/hostedtoolcache/Python/3.12.13/x64/lib/python3.12/site-packages/starlette/middleware/base.py", line 163, in call_next
Backend CI	Run tests	2026-03-17T02:41:37.6846489Z     raise app_exc
Backend CI	Run tests	2026-03-17T02:41:37.6846841Z   File "/opt/hostedtoolcache/Python/3.12.13/x64/lib/python3.12/site-packages/starlette/middleware/base.py", line 149, in coro
Backend CI	Run tests	2026-03-17T02:41:37.6846991Z     await self.app(scope, receive_or_disconnect, send_no_error)
Backend CI	Run tests	2026-03-17T02:41:37.6847382Z   File "/opt/hostedtoolcache/Python/3.12.13/x64/lib/python3.12/site-packages/starlette/middleware/sessions.py", line 85, in __call__
Backend CI	Run tests	2026-03-17T02:41:37.6847494Z     await self.app(scope, receive, send_wrapper)
Backend CI	Run tests	2026-03-17T02:41:37.6847931Z   File "/opt/hostedtoolcache/Python/3.12.13/x64/lib/python3.12/site-packages/starlette/middleware/base.py", line 185, in __call__
Backend CI	Run tests	2026-03-17T02:41:37.6848018Z     with collapse_excgroups():
Backend CI	Run tests	2026-03-17T02:41:37.6848084Z          ^^^^^^^^^^^^^^^^^^^^
Backend CI	Run tests	2026-03-17T02:41:37.6848353Z   File "/opt/hostedtoolcache/Python/3.12.13/x64/lib/python3.12/contextlib.py", line 158, in __exit__
Backend CI	Run tests	2026-03-17T02:41:37.6848436Z     self.gen.throw(value)
Backend CI	Run tests	2026-03-17T02:41:37.6848812Z   File "/opt/hostedtoolcache/Python/3.12.13/x64/lib/python3.12/site-packages/starlette/_utils.py", line 82, in collapse_excgroups
Backend CI	Run tests	2026-03-17T02:41:37.6848886Z     raise exc
Backend CI	Run tests	2026-03-17T02:41:37.6849256Z   File "/opt/hostedtoolcache/Python/3.12.13/x64/lib/python3.12/site-packages/starlette/middleware/base.py", line 187, in __call__
Backend CI	Run tests	2026-03-17T02:41:37.6849390Z     response = await self.dispatch_func(request, call_next)
Backend CI	Run tests	2026-03-17T02:41:37.6849472Z                ^^^^^^^^^^^^^^^^^^^^^^^^^^^^^^^^^^^^^^^^^^^^
Backend CI	Run tests	2026-03-17T02:41:37.6849718Z   File "/home/runner/work/BizPilot2/BizPilot2/backend/app/main.py", line 173, in dispatch
Backend CI	Run tests	2026-03-17T02:41:37.6849810Z     return await call_next(request)
Backend CI	Run tests	2026-03-17T02:41:37.6849876Z            ^^^^^^^^^^^^^^^^^^^^^^^^
Backend CI	Run tests	2026-03-17T02:41:37.6850259Z   File "/opt/hostedtoolcache/Python/3.12.13/x64/lib/python3.12/site-packages/starlette/middleware/base.py", line 163, in call_next
Backend CI	Run tests	2026-03-17T02:41:37.6850395Z     raise app_exc
Backend CI	Run tests	2026-03-17T02:41:37.6850753Z   File "/opt/hostedtoolcache/Python/3.12.13/x64/lib/python3.12/site-packages/starlette/middleware/base.py", line 149, in coro
Backend CI	Run tests	2026-03-17T02:41:37.6850901Z     await self.app(scope, receive_or_disconnect, send_no_error)
Backend CI	Run tests	2026-03-17T02:41:37.6851366Z   File "/opt/hostedtoolcache/Python/3.12.13/x64/lib/python3.12/site-packages/starlette/middleware/gzip.py", line 20, in __call__
Backend CI	Run tests	2026-03-17T02:41:37.6851464Z     await responder(scope, receive, send)
Backend CI	Run tests	2026-03-17T02:41:37.6851830Z   File "/opt/hostedtoolcache/Python/3.12.13/x64/lib/python3.12/site-packages/starlette/middleware/gzip.py", line 39, in __call__
Backend CI	Run tests	2026-03-17T02:41:37.6851961Z     await self.app(scope, receive, self.send_with_gzip)
Backend CI	Run tests	2026-03-17T02:41:37.6852354Z   File "/opt/hostedtoolcache/Python/3.12.13/x64/lib/python3.12/site-packages/starlette/middleware/exceptions.py", line 62, in __call__
Backend CI	Run tests	2026-03-17T02:41:37.6852548Z     await wrap_app_handling_exceptions(self.app, conn)(scope, receive, send)
Backend CI	Run tests	2026-03-17T02:41:37.6853084Z   File "/opt/hostedtoolcache/Python/3.12.13/x64/lib/python3.12/site-packages/starlette/_exception_handler.py", line 53, in wrapped_app
Backend CI	Run tests	2026-03-17T02:41:37.6853154Z     raise exc
Backend CI	Run tests	2026-03-17T02:41:37.6853553Z   File "/opt/hostedtoolcache/Python/3.12.13/x64/lib/python3.12/site-packages/starlette/_exception_handler.py", line 42, in wrapped_app
Backend CI	Run tests	2026-03-17T02:41:37.6853710Z     await app(scope, receive, sender)
Backend CI	Run tests	2026-03-17T02:41:37.6854123Z   File "/opt/hostedtoolcache/Python/3.12.13/x64/lib/python3.12/site-packages/fastapi/middleware/asyncexitstack.py", line 18, in __call__
Backend CI	Run tests	2026-03-17T02:41:37.6854212Z     await self.app(scope, receive, send)
Backend CI	Run tests	2026-03-17T02:41:37.6854568Z   File "/opt/hostedtoolcache/Python/3.12.13/x64/lib/python3.12/site-packages/starlette/routing.py", line 715, in __call__
Backend CI	Run tests	2026-03-17T02:41:37.6854687Z     await self.middleware_stack(scope, receive, send)
Backend CI	Run tests	2026-03-17T02:41:37.6855023Z   File "/opt/hostedtoolcache/Python/3.12.13/x64/lib/python3.12/site-packages/starlette/routing.py", line 735, in app
Backend CI	Run tests	2026-03-17T02:41:37.6855124Z     await route.handle(scope, receive, send)
Backend CI	Run tests	2026-03-17T02:41:37.6855456Z   File "/opt/hostedtoolcache/Python/3.12.13/x64/lib/python3.12/site-packages/starlette/routing.py", line 288, in handle
Backend CI	Run tests	2026-03-17T02:41:37.6855551Z     await self.app(scope, receive, send)
Backend CI	Run tests	2026-03-17T02:41:37.6855872Z   File "/opt/hostedtoolcache/Python/3.12.13/x64/lib/python3.12/site-packages/fastapi/routing.py", line 115, in app
Backend CI	Run tests	2026-03-17T02:41:37.6856054Z     await wrap_app_handling_exceptions(app, request)(scope, receive, send)
Backend CI	Run tests	2026-03-17T02:41:37.6856448Z   File "/opt/hostedtoolcache/Python/3.12.13/x64/lib/python3.12/site-packages/starlette/_exception_handler.py", line 53, in wrapped_app
Backend CI	Run tests	2026-03-17T02:41:37.6856585Z     raise exc
Backend CI	Run tests	2026-03-17T02:41:37.6856978Z   File "/opt/hostedtoolcache/Python/3.12.13/x64/lib/python3.12/site-packages/starlette/_exception_handler.py", line 42, in wrapped_app
Backend CI	Run tests	2026-03-17T02:41:37.6857069Z     await app(scope, receive, sender)
Backend CI	Run tests	2026-03-17T02:41:37.6857387Z   File "/opt/hostedtoolcache/Python/3.12.13/x64/lib/python3.12/site-packages/fastapi/routing.py", line 101, in app
Backend CI	Run tests	2026-03-17T02:41:37.6857469Z     response = await f(request)
Backend CI	Run tests	2026-03-17T02:41:37.6857540Z                ^^^^^^^^^^^^^^^^
Backend CI	Run tests	2026-03-17T02:41:37.6857855Z   File "/opt/hostedtoolcache/Python/3.12.13/x64/lib/python3.12/site-packages/fastapi/routing.py", line 355, in app
Backend CI	Run tests	2026-03-17T02:41:37.6857967Z     raw_response = await run_endpoint_function(
Backend CI	Run tests	2026-03-17T02:41:37.6858042Z                    ^^^^^^^^^^^^^^^^^^^^^^^^^^^^
Backend CI	Run tests	2026-03-17T02:41:37.6858438Z   File "/opt/hostedtoolcache/Python/3.12.13/x64/lib/python3.12/site-packages/fastapi/routing.py", line 243, in run_endpoint_function
Backend CI	Run tests	2026-03-17T02:41:37.6858530Z     return await dependant.call(**values)
Backend CI	Run tests	2026-03-17T02:41:37.6858599Z            ^^^^^^^^^^^^^^^^^^^^^^^^^^^^^^
Backend CI	Run tests	2026-03-17T02:41:37.6858899Z   File "/home/runner/work/BizPilot2/BizPilot2/backend/app/api/subscriptions.py", line 87, in get_tier
Backend CI	Run tests	2026-03-17T02:41:37.6859080Z     return TierPublicResponse.model_validate(tier)
Backend CI	Run tests	2026-03-17T02:41:37.6859163Z            ^^^^^^^^^^^^^^^^^^^^^^^^^^^^^^^^^^^^^^^
Backend CI	Run tests	2026-03-17T02:41:37.6859520Z   File "/opt/hostedtoolcache/Python/3.12.13/x64/lib/python3.12/site-packages/pydantic/main.py", line 716, in model_validate
Backend CI	Run tests	2026-03-17T02:41:37.6859693Z     return cls.__pydantic_validator__.validate_python(
Backend CI	Run tests	2026-03-17T02:41:37.6859782Z            ^^^^^^^^^^^^^^^^^^^^^^^^^^^^^^^^^^^^^^^^^^^
Backend CI	Run tests	2026-03-17T02:41:37.6860021Z pydantic_core._pydantic_core.ValidationError: 7 validation errors for TierPublicResponse
Backend CI	Run tests	2026-03-17T02:41:37.6860084Z id
Backend CI	Run tests	2026-03-17T02:41:37.6860514Z   UUID input should be a string, bytes or UUID object [type=uuid_type, input_value=<MagicMock name='mock.que...d' id='139869578228320'>, input_type=MagicMock]
Backend CI	Run tests	2026-03-17T02:41:37.6860717Z     For further information visit https://errors.pydantic.dev/2.12/v/uuid_type
Backend CI	Run tests	2026-03-17T02:41:37.6860780Z name
Backend CI	Run tests	2026-03-17T02:41:37.6861160Z   Input should be a valid string [type=string_type, input_value=<MagicMock name='mock.que...e' id='139869560548832'>, input_type=MagicMock]
Backend CI	Run tests	2026-03-17T02:41:37.6861368Z     For further information visit https://errors.pydantic.dev/2.12/v/string_type
Backend CI	Run tests	2026-03-17T02:41:37.6861432Z display_name
Backend CI	Run tests	2026-03-17T02:41:37.6861794Z   Input should be a valid string [type=string_type, input_value=<MagicMock name='mock.que...e' id='139869560542688'>, input_type=MagicMock]
Backend CI	Run tests	2026-03-17T02:41:37.6862039Z     For further information visit https://errors.pydantic.dev/2.12/v/string_type
Backend CI	Run tests	2026-03-17T02:41:37.6862104Z description
Backend CI	Run tests	2026-03-17T02:41:37.6862468Z   Input should be a valid string [type=string_type, input_value=<MagicMock name='mock.que...n' id='139869560537888'>, input_type=MagicMock]
Backend CI	Run tests	2026-03-17T02:41:37.6862801Z     For further information visit https://errors.pydantic.dev/2.12/v/string_type
Backend CI	Run tests	2026-03-17T02:41:37.6862866Z currency
Backend CI	Run tests	2026-03-17T02:41:37.6863232Z   Input should be a valid string [type=string_type, input_value=<MagicMock name='mock.que...y' id='139869561006576'>, input_type=MagicMock]
Backend CI	Run tests	2026-03-17T02:41:37.6863427Z     For further information visit https://errors.pydantic.dev/2.12/v/string_type
Backend CI	Run tests	2026-03-17T02:41:37.6863488Z features
Backend CI	Run tests	2026-03-17T02:41:37.6863864Z   Input should be a valid dictionary [type=dict_type, input_value=<MagicMock name='mock.que...s' id='139869484118672'>, input_type=MagicMock]
Backend CI	Run tests	2026-03-17T02:41:37.6864056Z     For further information visit https://errors.pydantic.dev/2.12/v/dict_type
Backend CI	Run tests	2026-03-17T02:41:37.6864119Z feature_flags
Backend CI	Run tests	2026-03-17T02:41:37.6864495Z   Input should be a valid dictionary [type=dict_type, input_value=<MagicMock name='mock.que...s' id='139869484113152'>, input_type=MagicMock]
Backend CI	Run tests	2026-03-17T02:41:37.6864751Z     For further information visit https://errors.pydantic.dev/2.12/v/dict_type
Backend CI	Run tests	2026-03-17T02:41:37.6865241Z INFO     httpx:_client.py:1025 HTTP Request: GET http://testserver/api/v1/subscriptions/tiers/00000000-0000-0000-0000-000000000000 "HTTP/1.1 500 Internal Server Error"
Backend CI	Run tests	2026-03-17T02:41:37.6865363Z =============================== warnings summary ===============================
Backend CI	Run tests	2026-03-17T02:41:37.6865436Z app/api/admin.py:33
Backend CI	Run tests	2026-03-17T02:41:37.6866423Z   /home/runner/work/BizPilot2/BizPilot2/backend/app/api/admin.py:33: PydanticDeprecatedSince20: Support for class-based `config` is deprecated, use ConfigDict instead. Deprecated in Pydantic V2.0 to be removed in V3.0. See Pydantic V2 Migration Guide at https://errors.pydantic.dev/2.12/migration/
Backend CI	Run tests	2026-03-17T02:41:37.6866519Z     class TierResponse(BaseModel):
Backend CI	Run tests	2026-03-17T02:41:37.6866524Z 
Backend CI	Run tests	2026-03-17T02:41:37.6866602Z app/api/admin.py:51
Backend CI	Run tests	2026-03-17T02:41:37.6867542Z   /home/runner/work/BizPilot2/BizPilot2/backend/app/api/admin.py:51: PydanticDeprecatedSince20: Support for class-based `config` is deprecated, use ConfigDict instead. Deprecated in Pydantic V2.0 to be removed in V3.0. See Pydantic V2 Migration Guide at https://errors.pydantic.dev/2.12/migration/
Backend CI	Run tests	2026-03-17T02:41:37.6867657Z     class BusinessSummaryResponse(BaseModel):
Backend CI	Run tests	2026-03-17T02:41:37.6867719Z 
Backend CI	Run tests	2026-03-17T02:41:37.6867791Z app/api/admin.py:60
Backend CI	Run tests	2026-03-17T02:41:37.6868720Z   /home/runner/work/BizPilot2/BizPilot2/backend/app/api/admin.py:60: PydanticDeprecatedSince20: Support for class-based `config` is deprecated, use ConfigDict instead. Deprecated in Pydantic V2.0 to be removed in V3.0. See Pydantic V2 Migration Guide at https://errors.pydantic.dev/2.12/migration/
Backend CI	Run tests	2026-03-17T02:41:37.6868875Z     class UserBusinessResponse(BaseModel):
Backend CI	Run tests	2026-03-17T02:41:37.6868880Z 
Backend CI	Run tests	2026-03-17T02:41:37.6868948Z app/api/admin.py:69
Backend CI	Run tests	2026-03-17T02:41:37.6869879Z   /home/runner/work/BizPilot2/BizPilot2/backend/app/api/admin.py:69: PydanticDeprecatedSince20: Support for class-based `config` is deprecated, use ConfigDict instead. Deprecated in Pydantic V2.0 to be removed in V3.0. See Pydantic V2 Migration Guide at https://errors.pydantic.dev/2.12/migration/
Backend CI	Run tests	2026-03-17T02:41:37.6869972Z     class UserAdminResponse(BaseModel):
Backend CI	Run tests	2026-03-17T02:41:37.6869978Z 
Backend CI	Run tests	2026-03-17T02:41:37.6870049Z app/api/admin.py:151
Backend CI	Run tests	2026-03-17T02:41:37.6870989Z   /home/runner/work/BizPilot2/BizPilot2/backend/app/api/admin.py:151: PydanticDeprecatedSince20: Support for class-based `config` is deprecated, use ConfigDict instead. Deprecated in Pydantic V2.0 to be removed in V3.0. See Pydantic V2 Migration Guide at https://errors.pydantic.dev/2.12/migration/
Backend CI	Run tests	2026-03-17T02:41:37.6871142Z     class SubscriptionFeatureDefinitionResponse(BaseModel):
Backend CI	Run tests	2026-03-17T02:41:37.6871199Z 
Backend CI	Run tests	2026-03-17T02:41:37.6871289Z app/api/subscriptions.py:21
Backend CI	Run tests	2026-03-17T02:41:37.6872251Z   /home/runner/work/BizPilot2/BizPilot2/backend/app/api/subscriptions.py:21: PydanticDeprecatedSince20: Support for class-based `config` is deprecated, use ConfigDict instead. Deprecated in Pydantic V2.0 to be removed in V3.0. See Pydantic V2 Migration Guide at https://errors.pydantic.dev/2.12/migration/
Backend CI	Run tests	2026-03-17T02:41:37.6872353Z     class TierPublicResponse(BaseModel):
Backend CI	Run tests	2026-03-17T02:41:37.6872358Z 
Backend CI	Run tests	2026-03-17T02:41:37.6872433Z app/api/sessions.py:17
Backend CI	Run tests	2026-03-17T02:41:37.6873474Z   /home/runner/work/BizPilot2/BizPilot2/backend/app/api/sessions.py:17: PydanticDeprecatedSince20: Support for class-based `config` is deprecated, use ConfigDict instead. Deprecated in Pydantic V2.0 to be removed in V3.0. See Pydantic V2 Migration Guide at https://errors.pydantic.dev/2.12/migration/
Backend CI	Run tests	2026-03-17T02:41:37.6873574Z     class SessionResponse(BaseModel):
Backend CI	Run tests	2026-03-17T02:41:37.6873579Z 
Backend CI	Run tests	2026-03-17T02:41:37.6873663Z app/schemas/favorite.py:34
Backend CI	Run tests	2026-03-17T02:41:37.6874624Z   /home/runner/work/BizPilot2/BizPilot2/backend/app/schemas/favorite.py:34: PydanticDeprecatedSince20: Support for class-based `config` is deprecated, use ConfigDict instead. Deprecated in Pydantic V2.0 to be removed in V3.0. See Pydantic V2 Migration Guide at https://errors.pydantic.dev/2.12/migration/
Backend CI	Run tests	2026-03-17T02:41:37.6874829Z     class FavoriteProductResponse(FavoriteProductBase):
Backend CI	Run tests	2026-03-17T02:41:37.6874834Z 
Backend CI	Run tests	2026-03-17T02:41:37.6874917Z app/api/webhooks.py:25
Backend CI	Run tests	2026-03-17T02:41:37.6875855Z   /home/runner/work/BizPilot2/BizPilot2/backend/app/api/webhooks.py:25: PydanticDeprecatedSince20: Support for class-based `config` is deprecated, use ConfigDict instead. Deprecated in Pydantic V2.0 to be removed in V3.0. See Pydantic V2 Migration Guide at https://errors.pydantic.dev/2.12/migration/
Backend CI	Run tests	2026-03-17T02:41:37.6875986Z     class WebhookSubscriptionListResponse(BaseModel):
Backend CI	Run tests	2026-03-17T02:41:37.6875994Z 
Backend CI	Run tests	2026-03-17T02:41:37.6876074Z app/main.py:343
Backend CI	Run tests	2026-03-17T02:41:37.6876299Z   /home/runner/work/BizPilot2/BizPilot2/backend/app/main.py:343: DeprecationWarning: 
Backend CI	Run tests	2026-03-17T02:41:37.6876457Z           on_event is deprecated, use lifespan event handlers instead.
Backend CI	Run tests	2026-03-17T02:41:37.6876516Z   
Backend CI	Run tests	2026-03-17T02:41:37.6876595Z           Read more about it in the
Backend CI	Run tests	2026-03-17T02:41:37.6876830Z           [FastAPI docs for Lifespan Events](https://fastapi.tiangolo.com/advanced/events/).
Backend CI	Run tests	2026-03-17T02:41:37.6876892Z           
Backend CI	Run tests	2026-03-17T02:41:37.6876970Z     @app.on_event("startup")
Backend CI	Run tests	2026-03-17T02:41:37.6876976Z 
Backend CI	Run tests	2026-03-17T02:41:37.6877279Z ../../../../../../opt/hostedtoolcache/Python/3.12.13/x64/lib/python3.12/site-packages/fastapi/applications.py:4576
Backend CI	Run tests	2026-03-17T02:41:37.6877630Z ../../../../../../opt/hostedtoolcache/Python/3.12.13/x64/lib/python3.12/site-packages/fastapi/applications.py:4576
Backend CI	Run tests	2026-03-17T02:41:37.6877980Z   /opt/hostedtoolcache/Python/3.12.13/x64/lib/python3.12/site-packages/fastapi/applications.py:4576: DeprecationWarning: 
Backend CI	Run tests	2026-03-17T02:41:37.6878185Z           on_event is deprecated, use lifespan event handlers instead.
Backend CI	Run tests	2026-03-17T02:41:37.6878244Z   
Backend CI	Run tests	2026-03-17T02:41:37.6878323Z           Read more about it in the
Backend CI	Run tests	2026-03-17T02:41:37.6878544Z           [FastAPI docs for Lifespan Events](https://fastapi.tiangolo.com/advanced/events/).
Backend CI	Run tests	2026-03-17T02:41:37.6878606Z           
Backend CI	Run tests	2026-03-17T02:41:37.6878704Z     return self.router.on_event(event_type)
Backend CI	Run tests	2026-03-17T02:41:37.6878709Z 
Backend CI	Run tests	2026-03-17T02:41:37.6878777Z app/main.py:451
Backend CI	Run tests	2026-03-17T02:41:37.6879007Z   /home/runner/work/BizPilot2/BizPilot2/backend/app/main.py:451: DeprecationWarning: 
Backend CI	Run tests	2026-03-17T02:41:37.6879153Z           on_event is deprecated, use lifespan event handlers instead.
Backend CI	Run tests	2026-03-17T02:41:37.6879211Z   
Backend CI	Run tests	2026-03-17T02:41:37.6879290Z           Read more about it in the
Backend CI	Run tests	2026-03-17T02:41:37.6879508Z           [FastAPI docs for Lifespan Events](https://fastapi.tiangolo.com/advanced/events/).
Backend CI	Run tests	2026-03-17T02:41:37.6879569Z           
Backend CI	Run tests	2026-03-17T02:41:37.6879651Z     @app.on_event("shutdown")
Backend CI	Run tests	2026-03-17T02:41:37.6879716Z 
Backend CI	Run tests	2026-03-17T02:41:37.6879820Z app/tests/e2e/test_report_flow.py: 6 warnings
Backend CI	Run tests	2026-03-17T02:41:37.6879996Z app/tests/property/test_report_scheduler_properties.py: 162 warnings
Backend CI	Run tests	2026-03-17T02:41:37.6880951Z   /home/runner/work/BizPilot2/BizPilot2/backend/app/scheduler/jobs/report_scheduler_job.py:39: DeprecationWarning: datetime.datetime.utcnow() is deprecated and scheduled for removal in a future version. Use timezone-aware objects to represent datetimes in UTC: datetime.datetime.now(datetime.UTC).
Backend CI	Run tests	2026-03-17T02:41:37.6881037Z     start_time = datetime.utcnow()
Backend CI	Run tests	2026-03-17T02:41:37.6881049Z 
Backend CI	Run tests	2026-03-17T02:41:37.6881147Z app/tests/e2e/test_report_flow.py: 6 warnings
Backend CI	Run tests	2026-03-17T02:41:37.6881313Z app/tests/property/test_report_scheduler_properties.py: 152 warnings
Backend CI	Run tests	2026-03-17T02:41:37.6882271Z   /home/runner/work/BizPilot2/BizPilot2/backend/app/scheduler/jobs/report_scheduler_job.py:77: DeprecationWarning: datetime.datetime.utcnow() is deprecated and scheduled for removal in a future version. Use timezone-aware objects to represent datetimes in UTC: datetime.datetime.now(datetime.UTC).
Backend CI	Run tests	2026-03-17T02:41:37.6882357Z     current_time = datetime.utcnow()
Backend CI	Run tests	2026-03-17T02:41:37.6882363Z 
Backend CI	Run tests	2026-03-17T02:41:37.6882463Z app/tests/e2e/test_report_flow.py: 3 warnings
Backend CI	Run tests	2026-03-17T02:41:37.6882625Z app/tests/property/test_report_scheduler_properties.py: 230 warnings
Backend CI	Run tests	2026-03-17T02:41:37.6883751Z   /home/runner/work/BizPilot2/BizPilot2/backend/app/scheduler/jobs/report_scheduler_job.py:143: DeprecationWarning: datetime.datetime.utcnow() is deprecated and scheduled for removal in a future version. Use timezone-aware objects to represent datetimes in UTC: datetime.datetime.now(datetime.UTC).
Backend CI	Run tests	2026-03-17T02:41:37.6883849Z     delivered_at=datetime.utcnow()
Backend CI	Run tests	2026-03-17T02:41:37.6883854Z 
Backend CI	Run tests	2026-03-17T02:41:37.6883949Z app/tests/e2e/test_report_flow.py: 3 warnings
Backend CI	Run tests	2026-03-17T02:41:37.6884119Z app/tests/property/test_report_scheduler_properties.py: 230 warnings
Backend CI	Run tests	2026-03-17T02:41:37.6885072Z   /home/runner/work/BizPilot2/BizPilot2/backend/app/scheduler/jobs/report_scheduler_job.py:147: DeprecationWarning: datetime.datetime.utcnow() is deprecated and scheduled for removal in a future version. Use timezone-aware objects to represent datetimes in UTC: datetime.datetime.now(datetime.UTC).
Backend CI	Run tests	2026-03-17T02:41:37.6885238Z     subscription_service.update_last_sent(sub.id, datetime.utcnow())
Backend CI	Run tests	2026-03-17T02:41:37.6885245Z 
Backend CI	Run tests	2026-03-17T02:41:37.6885344Z app/tests/e2e/test_report_flow.py: 5 warnings
Backend CI	Run tests	2026-03-17T02:41:37.6885506Z app/tests/property/test_report_scheduler_properties.py: 152 warnings
Backend CI	Run tests	2026-03-17T02:41:37.6886456Z   /home/runner/work/BizPilot2/BizPilot2/backend/app/scheduler/jobs/report_scheduler_job.py:165: DeprecationWarning: datetime.datetime.utcnow() is deprecated and scheduled for removal in a future version. Use timezone-aware objects to represent datetimes in UTC: datetime.datetime.now(datetime.UTC).
Backend CI	Run tests	2026-03-17T02:41:37.6886604Z     end_time = datetime.utcnow()
Backend CI	Run tests	2026-03-17T02:41:37.6886661Z 
Backend CI	Run tests	2026-03-17T02:41:37.6886931Z app/tests/e2e/test_report_flow.py::TestReportFlowE2E::test_no_subscriptions_produces_zero_work
Backend CI	Run tests	2026-03-17T02:41:37.6887880Z   /home/runner/work/BizPilot2/BizPilot2/backend/app/scheduler/jobs/report_scheduler_job.py:184: DeprecationWarning: datetime.datetime.utcnow() is deprecated and scheduled for removal in a future version. Use timezone-aware objects to represent datetimes in UTC: datetime.datetime.now(datetime.UTC).
Backend CI	Run tests	2026-03-17T02:41:37.6887964Z     end_time = datetime.utcnow()
Backend CI	Run tests	2026-03-17T02:41:37.6887970Z 
Backend CI	Run tests	2026-03-17T02:41:37.6888203Z app/tests/property/test_properties_permissions.py::test_demo_mode_grants_all_features
Backend CI	Run tests	2026-03-17T02:41:37.6888671Z   /home/runner/work/BizPilot2/BizPilot2/backend/app/tests/property/test_properties_permissions.py:167: DeprecationWarning: There is no current event loop
Backend CI	Run tests	2026-03-17T02:41:37.6888805Z     result = asyncio.get_event_loop().run_until_complete(
Backend CI	Run tests	2026-03-17T02:41:37.6888811Z 
Backend CI	Run tests	2026-03-17T02:41:37.6888983Z app/tests/property/test_report_scheduler_properties.py: 10 warnings
Backend CI	Run tests	2026-03-17T02:41:37.6889980Z   /home/runner/work/BizPilot2/BizPilot2/backend/app/scheduler/jobs/report_scheduler_job.py:50: DeprecationWarning: datetime.datetime.utcnow() is deprecated and scheduled for removal in a future version. Use timezone-aware objects to represent datetimes in UTC: datetime.datetime.now(datetime.UTC).
Backend CI	Run tests	2026-03-17T02:41:37.6890255Z     return ReportJobResult(start_time, datetime.utcnow(), 0, 0, [f"Invalid frequency: {frequency}"])
Backend CI	Run tests	2026-03-17T02:41:37.6890261Z 
Backend CI	Run tests	2026-03-17T02:41:37.6890411Z app/tests/test_customer_account_service.py: 68 warnings
Backend CI	Run tests	2026-03-17T02:41:37.6891362Z   /home/runner/work/BizPilot2/BizPilot2/backend/app/tests/test_customer_account_service.py:201: DeprecationWarning: datetime.datetime.utcnow() is deprecated and scheduled for removal in a future version. Use timezone-aware objects to represent datetimes in UTC: datetime.datetime.now(datetime.UTC).
Backend CI	Run tests	2026-03-17T02:41:37.6891548Z     opened_at=datetime.utcnow() if status == AccountStatus.ACTIVE else None,
Backend CI	Run tests	2026-03-17T02:41:37.6891557Z 
Backend CI	Run tests	2026-03-17T02:41:37.6891684Z app/tests/test_customer_account_service.py: 2 warnings
Backend CI	Run tests	2026-03-17T02:41:37.6891826Z app/tests/unit/test_customer_account_service.py: 23 warnings
Backend CI	Run tests	2026-03-17T02:41:37.6891945Z app/tests/unit/test_payment_allocation.py: 13 warnings
Backend CI	Run tests	2026-03-17T02:41:37.6892079Z app/tests/unit/test_statement_generation.py: 16 warnings
Backend CI	Run tests	2026-03-17T02:41:37.6893195Z   /home/runner/work/BizPilot2/BizPilot2/backend/app/services/customer_account_service.py:251: DeprecationWarning: datetime.datetime.utcnow() is deprecated and scheduled for removal in a future version. Use timezone-aware objects to represent datetimes in UTC: datetime.datetime.now(datetime.UTC).
Backend CI	Run tests	2026-03-17T02:41:37.6893300Z     account.opened_at = datetime.utcnow()
Backend CI	Run tests	2026-03-17T02:41:37.6893305Z 
Backend CI	Run tests	2026-03-17T02:41:37.6893561Z app/tests/test_customer_account_service.py::test_suspend_account_sets_status_and_suspended_date
Backend CI	Run tests	2026-03-17T02:41:37.6893767Z app/tests/test_customer_account_service.py::test_suspend_account_without_reason
Backend CI	Run tests	2026-03-17T02:41:37.6894033Z app/tests/test_customer_account_service.py::test_suspend_account_appends_reason_to_existing_notes
Backend CI	Run tests	2026-03-17T02:41:37.6894295Z app/tests/unit/test_customer_account_service.py::TestCustomerAccountService::test_suspend_account
Backend CI	Run tests	2026-03-17T02:41:37.6894635Z app/tests/unit/test_customer_account_service.py::TestPaymentRecording::test_record_payment_suspended_account_allowed
Backend CI	Run tests	2026-03-17T02:41:37.6895586Z   /home/runner/work/BizPilot2/BizPilot2/backend/app/services/customer_account_service.py:280: DeprecationWarning: datetime.datetime.utcnow() is deprecated and scheduled for removal in a future version. Use timezone-aware objects to represent datetimes in UTC: datetime.datetime.now(datetime.UTC).
Backend CI	Run tests	2026-03-17T02:41:37.6895750Z     account.suspended_at = datetime.utcnow()
Backend CI	Run tests	2026-03-17T02:41:37.6895760Z 
Backend CI	Run tests	2026-03-17T02:41:37.6895992Z app/tests/test_customer_account_service.py::test_close_account_succeeds_with_zero_balance
Backend CI	Run tests	2026-03-17T02:41:37.6896238Z app/tests/test_customer_account_service.py::test_close_account_without_reason
Backend CI	Run tests	2026-03-17T02:41:37.6896495Z app/tests/test_customer_account_service.py::test_close_account_appends_reason_to_existing_notes
Backend CI	Run tests	2026-03-17T02:41:37.6896727Z app/tests/test_customer_account_service.py::test_close_account_can_close_suspended_account
Backend CI	Run tests	2026-03-17T02:41:37.6896983Z app/tests/unit/test_customer_account_service.py::TestCustomerAccountService::test_close_account
Backend CI	Run tests	2026-03-17T02:41:37.6897306Z app/tests/unit/test_customer_account_service.py::TestPaymentRecording::test_record_payment_closed_account_fails
Backend CI	Run tests	2026-03-17T02:41:37.6897612Z app/tests/unit/test_payment_allocation.py::TestPaymentAllocation::test_allocate_payment_closed_account_fails
Backend CI	Run tests	2026-03-17T02:41:37.6898569Z   /home/runner/work/BizPilot2/BizPilot2/backend/app/services/customer_account_service.py:313: DeprecationWarning: datetime.datetime.utcnow() is deprecated and scheduled for removal in a future version. Use timezone-aware objects to represent datetimes in UTC: datetime.datetime.now(datetime.UTC).
Backend CI	Run tests	2026-03-17T02:41:37.6898717Z     account.closed_at = datetime.utcnow()
Backend CI	Run tests	2026-03-17T02:41:37.6898722Z 
Backend CI	Run tests	2026-03-17T02:41:37.6898937Z app/tests/test_customer_account_service.py::test_activate_account_raises_if_closed
Backend CI	Run tests	2026-03-17T02:41:37.6899879Z   /home/runner/work/BizPilot2/BizPilot2/backend/app/tests/test_customer_account_service.py:640: DeprecationWarning: datetime.datetime.utcnow() is deprecated and scheduled for removal in a future version. Use timezone-aware objects to represent datetimes in UTC: datetime.datetime.now(datetime.UTC).
Backend CI	Run tests	2026-03-17T02:41:37.6899970Z     account.closed_at = datetime.utcnow()
Backend CI	Run tests	2026-03-17T02:41:37.6899975Z 
Backend CI	Run tests	2026-03-17T02:41:37.6900208Z app/tests/test_customer_account_service.py::test_activate_account_clears_suspended_date
Backend CI	Run tests	2026-03-17T02:41:37.6901149Z   /home/runner/work/BizPilot2/BizPilot2/backend/app/tests/test_customer_account_service.py:655: DeprecationWarning: datetime.datetime.utcnow() is deprecated and scheduled for removal in a future version. Use timezone-aware objects to represent datetimes in UTC: datetime.datetime.now(datetime.UTC).
Backend CI	Run tests	2026-03-17T02:41:37.6901257Z     account.suspended_at = datetime.utcnow()
Backend CI	Run tests	2026-03-17T02:41:37.6901262Z 
Backend CI	Run tests	2026-03-17T02:41:37.6901468Z app/tests/test_customer_account_service.py::test_generate_charge_slip_creates_pdf
Backend CI	Run tests	2026-03-17T02:41:37.6902409Z   /home/runner/work/BizPilot2/BizPilot2/backend/app/tests/test_customer_account_service.py:842: DeprecationWarning: datetime.datetime.utcnow() is deprecated and scheduled for removal in a future version. Use timezone-aware objects to represent datetimes in UTC: datetime.datetime.now(datetime.UTC).
Backend CI	Run tests	2026-03-17T02:41:37.6902556Z     created_at=datetime.utcnow(),
Backend CI	Run tests	2026-03-17T02:41:37.6902563Z 
Backend CI	Run tests	2026-03-17T02:41:37.6902968Z app/tests/test_customer_account_service.py::test_generate_charge_slip_raises_for_non_charge_transaction
Backend CI	Run tests	2026-03-17T02:41:37.6903917Z   /home/runner/work/BizPilot2/BizPilot2/backend/app/tests/test_customer_account_service.py:889: DeprecationWarning: datetime.datetime.utcnow() is deprecated and scheduled for removal in a future version. Use timezone-aware objects to represent datetimes in UTC: datetime.datetime.now(datetime.UTC).
Backend CI	Run tests	2026-03-17T02:41:37.6904005Z     created_at=datetime.utcnow(),
Backend CI	Run tests	2026-03-17T02:41:37.6904010Z 
Backend CI	Run tests	2026-03-17T02:41:37.6904260Z app/tests/test_customer_account_service.py::test_generate_charge_slip_includes_account_details
Backend CI	Run tests	2026-03-17T02:41:37.6905208Z   /home/runner/work/BizPilot2/BizPilot2/backend/app/tests/test_customer_account_service.py:929: DeprecationWarning: datetime.datetime.utcnow() is deprecated and scheduled for removal in a future version. Use timezone-aware objects to represent datetimes in UTC: datetime.datetime.now(datetime.UTC).
Backend CI	Run tests	2026-03-17T02:41:37.6905358Z     created_at=datetime.utcnow(),
Backend CI	Run tests	2026-03-17T02:41:37.6905363Z 
Backend CI	Run tests	2026-03-17T02:41:37.6905623Z app/tests/test_customer_account_service.py::test_generate_charge_slip_calculates_balances_correctly
Backend CI	Run tests	2026-03-17T02:41:37.6906565Z   /home/runner/work/BizPilot2/BizPilot2/backend/app/tests/test_customer_account_service.py:983: DeprecationWarning: datetime.datetime.utcnow() is deprecated and scheduled for removal in a future version. Use timezone-aware objects to represent datetimes in UTC: datetime.datetime.now(datetime.UTC).
Backend CI	Run tests	2026-03-17T02:41:37.6906704Z     created_at=datetime.utcnow(),
Backend CI	Run tests	2026-03-17T02:41:37.6906709Z 
Backend CI	Run tests	2026-03-17T02:41:37.6906936Z app/tests/test_customer_account_service.py::test_generate_charge_slip_with_minimal_info
Backend CI	Run tests	2026-03-17T02:41:37.6907894Z   /home/runner/work/BizPilot2/BizPilot2/backend/app/tests/test_customer_account_service.py:1031: DeprecationWarning: datetime.datetime.utcnow() is deprecated and scheduled for removal in a future version. Use timezone-aware objects to represent datetimes in UTC: datetime.datetime.now(datetime.UTC).
Backend CI	Run tests	2026-03-17T02:41:37.6907976Z     created_at=datetime.utcnow(),
Backend CI	Run tests	2026-03-17T02:41:37.6907980Z 
Backend CI	Run tests	2026-03-17T02:41:37.6908196Z app/tests/test_customer_account_service.py::test_generate_charge_slip_with_due_date
Backend CI	Run tests	2026-03-17T02:41:37.6909148Z   /home/runner/work/BizPilot2/BizPilot2/backend/app/tests/test_customer_account_service.py:1078: DeprecationWarning: datetime.datetime.utcnow() is deprecated and scheduled for removal in a future version. Use timezone-aware objects to represent datetimes in UTC: datetime.datetime.now(datetime.UTC).
Backend CI	Run tests	2026-03-17T02:41:37.6909283Z     created_at=datetime.utcnow(),
Backend CI	Run tests	2026-03-17T02:41:37.6909296Z 
Backend CI	Run tests	2026-03-17T02:41:37.6909550Z app/tests/test_customer_account_service.py::test_generate_payment_receipt_returns_structured_data
Backend CI	Run tests	2026-03-17T02:41:37.6910494Z   /home/runner/work/BizPilot2/BizPilot2/backend/app/tests/test_customer_account_service.py:2075: DeprecationWarning: datetime.datetime.utcnow() is deprecated and scheduled for removal in a future version. Use timezone-aware objects to represent datetimes in UTC: datetime.datetime.now(datetime.UTC).
Backend CI	Run tests	2026-03-17T02:41:37.6910583Z     created_at=datetime.utcnow(),
Backend CI	Run tests	2026-03-17T02:41:37.6910588Z 
Backend CI	Run tests	2026-03-17T02:41:37.6910841Z app/tests/test_customer_account_service.py::test_generate_payment_receipt_returns_structured_data
Backend CI	Run tests	2026-03-17T02:41:37.6911793Z   /home/runner/work/BizPilot2/BizPilot2/backend/app/tests/test_customer_account_service.py:2087: DeprecationWarning: datetime.datetime.utcnow() is deprecated and scheduled for removal in a future version. Use timezone-aware objects to represent datetimes in UTC: datetime.datetime.now(datetime.UTC).
Backend CI	Run tests	2026-03-17T02:41:37.6911928Z     created_at=datetime.utcnow(),
Backend CI	Run tests	2026-03-17T02:41:37.6911933Z 
Backend CI	Run tests	2026-03-17T02:41:37.6912191Z app/tests/test_customer_account_service.py::test_generate_payment_receipt_returns_structured_data
Backend CI	Run tests	2026-03-17T02:41:37.6913252Z   /home/runner/work/BizPilot2/BizPilot2/backend/app/tests/test_customer_account_service.py:2096: DeprecationWarning: datetime.datetime.utcnow() is deprecated and scheduled for removal in a future version. Use timezone-aware objects to represent datetimes in UTC: datetime.datetime.now(datetime.UTC).
Backend CI	Run tests	2026-03-17T02:41:37.6913338Z     created_at=datetime.utcnow(),
Backend CI	Run tests	2026-03-17T02:41:37.6913345Z 
Backend CI	Run tests	2026-03-17T02:41:37.6913610Z app/tests/test_customer_account_service.py::test_generate_payment_receipt_includes_payment_details
Backend CI	Run tests	2026-03-17T02:41:37.6914564Z   /home/runner/work/BizPilot2/BizPilot2/backend/app/tests/test_customer_account_service.py:2166: DeprecationWarning: datetime.datetime.utcnow() is deprecated and scheduled for removal in a future version. Use timezone-aware objects to represent datetimes in UTC: datetime.datetime.now(datetime.UTC).
Backend CI	Run tests	2026-03-17T02:41:37.6914648Z     created_at=datetime.utcnow(),
Backend CI	Run tests	2026-03-17T02:41:37.6914653Z 
Backend CI	Run tests	2026-03-17T02:41:37.6914900Z app/tests/test_customer_account_service.py::test_generate_payment_receipt_includes_account_info
Backend CI	Run tests	2026-03-17T02:41:37.6915912Z   /home/runner/work/BizPilot2/BizPilot2/backend/app/tests/test_customer_account_service.py:2214: DeprecationWarning: datetime.datetime.utcnow() is deprecated and scheduled for removal in a future version. Use timezone-aware objects to represent datetimes in UTC: datetime.datetime.now(datetime.UTC).
Backend CI	Run tests	2026-03-17T02:41:37.6916048Z     created_at=datetime.utcnow(),
Backend CI	Run tests	2026-03-17T02:41:37.6916055Z 
Backend CI	Run tests	2026-03-17T02:41:37.6916327Z app/tests/test_customer_account_service.py::test_generate_payment_receipt_calculates_balance_correctly
Backend CI	Run tests	2026-03-17T02:41:37.6917282Z   /home/runner/work/BizPilot2/BizPilot2/backend/app/tests/test_customer_account_service.py:2266: DeprecationWarning: datetime.datetime.utcnow() is deprecated and scheduled for removal in a future version. Use timezone-aware objects to represent datetimes in UTC: datetime.datetime.now(datetime.UTC).
Backend CI	Run tests	2026-03-17T02:41:37.6917361Z     created_at=datetime.utcnow(),
Backend CI	Run tests	2026-03-17T02:41:37.6917365Z 
Backend CI	Run tests	2026-03-17T02:41:37.6917631Z app/tests/test_customer_account_service.py::test_format_payment_receipt_text_creates_readable_output
Backend CI	Run tests	2026-03-17T02:41:37.6918580Z   /home/runner/work/BizPilot2/BizPilot2/backend/app/tests/test_customer_account_service.py:2320: DeprecationWarning: datetime.datetime.utcnow() is deprecated and scheduled for removal in a future version. Use timezone-aware objects to represent datetimes in UTC: datetime.datetime.now(datetime.UTC).
Backend CI	Run tests	2026-03-17T02:41:37.6918748Z     created_at=datetime.utcnow(),
Backend CI	Run tests	2026-03-17T02:41:37.6918754Z 
Backend CI	Run tests	2026-03-17T02:41:37.6918999Z app/tests/test_customer_account_service.py::test_format_payment_receipt_html_creates_valid_html
Backend CI	Run tests	2026-03-17T02:41:37.6919941Z   /home/runner/work/BizPilot2/BizPilot2/backend/app/tests/test_customer_account_service.py:2379: DeprecationWarning: datetime.datetime.utcnow() is deprecated and scheduled for removal in a future version. Use timezone-aware objects to represent datetimes in UTC: datetime.datetime.now(datetime.UTC).
Backend CI	Run tests	2026-03-17T02:41:37.6920027Z     created_at=datetime.utcnow(),
Backend CI	Run tests	2026-03-17T02:41:37.6920034Z 
Backend CI	Run tests	2026-03-17T02:41:37.6920267Z app/tests/test_customer_account_service.py::test_generate_payment_receipt_with_allocations
Backend CI	Run tests	2026-03-17T02:41:37.6921221Z   /home/runner/work/BizPilot2/BizPilot2/backend/app/tests/test_customer_account_service.py:2450: DeprecationWarning: datetime.datetime.utcnow() is deprecated and scheduled for removal in a future version. Use timezone-aware objects to represent datetimes in UTC: datetime.datetime.now(datetime.UTC).
Backend CI	Run tests	2026-03-17T02:41:37.6921304Z     created_at=datetime.utcnow(),
Backend CI	Run tests	2026-03-17T02:41:37.6921309Z 
Backend CI	Run tests	2026-03-17T02:41:37.6921539Z app/tests/test_customer_account_service.py::test_generate_payment_receipt_with_allocations
Backend CI	Run tests	2026-03-17T02:41:37.6922492Z   /home/runner/work/BizPilot2/BizPilot2/backend/app/tests/test_customer_account_service.py:2483: DeprecationWarning: datetime.datetime.utcnow() is deprecated and scheduled for removal in a future version. Use timezone-aware objects to represent datetimes in UTC: datetime.datetime.now(datetime.UTC).
Backend CI	Run tests	2026-03-17T02:41:37.6922642Z     created_at=datetime.utcnow(),
Backend CI	Run tests	2026-03-17T02:41:37.6922646Z 
Backend CI	Run tests	2026-03-17T02:41:37.6922985Z app/tests/test_customer_account_service.py::test_generate_payment_receipt_with_allocations
Backend CI	Run tests	2026-03-17T02:41:37.6923936Z   /home/runner/work/BizPilot2/BizPilot2/backend/app/tests/test_customer_account_service.py:2492: DeprecationWarning: datetime.datetime.utcnow() is deprecated and scheduled for removal in a future version. Use timezone-aware objects to represent datetimes in UTC: datetime.datetime.now(datetime.UTC).
Backend CI	Run tests	2026-03-17T02:41:37.6924027Z     created_at=datetime.utcnow(),
Backend CI	Run tests	2026-03-17T02:41:37.6924032Z 
Backend CI	Run tests	2026-03-17T02:41:37.6924283Z app/tests/test_customer_account_service.py::test_generate_payment_receipt_formats_receipt_number
Backend CI	Run tests	2026-03-17T02:41:37.6925241Z   /home/runner/work/BizPilot2/BizPilot2/backend/app/tests/test_customer_account_service.py:2582: DeprecationWarning: datetime.datetime.utcnow() is deprecated and scheduled for removal in a future version. Use timezone-aware objects to represent datetimes in UTC: datetime.datetime.now(datetime.UTC).
Backend CI	Run tests	2026-03-17T02:41:37.6925430Z     created_at=datetime.utcnow(),
Backend CI	Run tests	2026-03-17T02:41:37.6925436Z 
Backend CI	Run tests	2026-03-17T02:41:37.6925655Z app/tests/test_delivery_service.py::TestUpdateStatus::test_delivered_sets_actual_time
Backend CI	Run tests	2026-03-17T02:41:37.6925837Z app/tests/test_delivery_service.py::TestUpdateStatus::test_with_proof
Backend CI	Run tests	2026-03-17T02:41:37.6926809Z   /home/runner/work/BizPilot2/BizPilot2/backend/app/services/delivery_service.py:209: DeprecationWarning: datetime.datetime.utcnow() is deprecated and scheduled for removal in a future version. Use timezone-aware objects to represent datetimes in UTC: datetime.datetime.now(datetime.UTC).
Backend CI	Run tests	2026-03-17T02:41:37.6926941Z     delivery.actual_delivery_time = datetime.utcnow()
Backend CI	Run tests	2026-03-17T02:41:37.6926949Z 
Backend CI	Run tests	2026-03-17T02:41:37.6927180Z app/tests/test_floor_plan_service.py::test_floor_plan_cache_invalidated_after_table_created
Backend CI	Run tests	2026-03-17T02:41:37.6927688Z   /home/runner/work/BizPilot2/BizPilot2/backend/app/services/floor_plan_service.py:211: RuntimeWarning: coroutine 'AsyncMockMixin._execute_mock_call' was never awaited
Backend CI	Run tests	2026-03-17T02:41:37.6927766Z     db.add(new_table)
Backend CI	Run tests	2026-03-17T02:41:37.6927934Z   Enable tracemalloc to get traceback where the object was allocated.
Backend CI	Run tests	2026-03-17T02:41:37.6928223Z   See https://docs.pytest.org/en/stable/how-to/capture-warnings.html#resource-warnings for more info.
Backend CI	Run tests	2026-03-17T02:41:37.6928231Z 
Backend CI	Run tests	2026-03-17T02:41:37.6928534Z app/tests/test_floor_plan_service.py::test_assign_waiter_to_section_replaces_existing_assignment
Backend CI	Run tests	2026-03-17T02:41:37.6929038Z   /home/runner/work/BizPilot2/BizPilot2/backend/app/services/floor_plan_service.py:306: RuntimeWarning: coroutine 'AsyncMockMixin._execute_mock_call' was never awaited
Backend CI	Run tests	2026-03-17T02:41:37.6929124Z     db.add(new_assignment)
Backend CI	Run tests	2026-03-17T02:41:37.6929285Z   Enable tracemalloc to get traceback where the object was allocated.
Backend CI	Run tests	2026-03-17T02:41:37.6929566Z   See https://docs.pytest.org/en/stable/how-to/capture-warnings.html#resource-warnings for more info.
Backend CI	Run tests	2026-03-17T02:41:37.6929571Z 
Backend CI	Run tests	2026-03-17T02:41:37.6929666Z app/tests/test_grn_service.py: 62 warnings
Backend CI	Run tests	2026-03-17T02:41:37.6930559Z   /home/runner/work/BizPilot2/BizPilot2/backend/app/services/grn_service.py:50: DeprecationWarning: datetime.datetime.utcnow() is deprecated and scheduled for removal in a future version. Use timezone-aware objects to represent datetimes in UTC: datetime.datetime.now(datetime.UTC).
Backend CI	Run tests	2026-03-17T02:41:37.6930675Z     ts = datetime.utcnow().strftime("%Y%m%d%H%M%S")
Backend CI	Run tests	2026-03-17T02:41:37.6930680Z 
Backend CI	Run tests	2026-03-17T02:41:37.6930870Z app/tests/test_grn_service.py::TestCreateGRN::test_po_item_not_found_raises
Backend CI	Run tests	2026-03-17T02:41:37.6931088Z app/tests/test_grn_service.py::TestCreateGRN::test_success_single_item_fully_received
Backend CI	Run tests	2026-03-17T02:41:37.6931331Z app/tests/test_grn_service.py::TestCreateGRN::test_success_partial_receive
Backend CI	Run tests	2026-03-17T02:41:37.6931509Z app/tests/test_grn_service.py::TestCreateGRN::test_success_multiple_items
Backend CI	Run tests	2026-03-17T02:41:37.6931731Z app/tests/test_grn_service.py::TestCreateGRN::test_product_not_found_skips_stock_update
Backend CI	Run tests	2026-03-17T02:41:37.6931929Z app/tests/test_grn_service.py::TestCreateGRN::test_adds_grn_header_and_items
Backend CI	Run tests	2026-03-17T02:41:37.6932101Z app/tests/test_grn_service.py::TestCreateGRN::test_audit_log_details
Backend CI	Run tests	2026-03-17T02:41:37.6932299Z app/tests/test_grn_service.py::TestCreateGRN::test_cumulative_received_quantity
Backend CI	Run tests	2026-03-17T02:41:37.6932526Z app/tests/test_grn_service.py::TestCreateGRN::test_none_received_quantity_treated_as_zero
Backend CI	Run tests	2026-03-17T02:41:37.6933565Z   /home/runner/work/BizPilot2/BizPilot2/backend/app/services/grn_service.py:107: DeprecationWarning: datetime.datetime.utcnow() is deprecated and scheduled for removal in a future version. Use timezone-aware objects to represent datetimes in UTC: datetime.datetime.now(datetime.UTC).
Backend CI	Run tests	2026-03-17T02:41:37.6933657Z     received_at=datetime.utcnow(),
Backend CI	Run tests	2026-03-17T02:41:37.6933661Z 
Backend CI	Run tests	2026-03-17T02:41:37.6933842Z app/tests/test_grn_service.py::TestListGRNs::test_returns_items_and_total
Backend CI	Run tests	2026-03-17T02:41:37.6934012Z app/tests/test_grn_service.py::TestListGRNs::test_returns_items_and_total
Backend CI	Run tests	2026-03-17T02:41:37.6934247Z app/tests/test_grn_service.py::TestGetGRN::test_returns_grn_when_found
Backend CI	Run tests	2026-03-17T02:41:37.6935150Z   /home/runner/work/BizPilot2/BizPilot2/backend/app/tests/test_grn_service.py:95: DeprecationWarning: datetime.datetime.utcnow() is deprecated and scheduled for removal in a future version. Use timezone-aware objects to represent datetimes in UTC: datetime.datetime.now(datetime.UTC).
Backend CI	Run tests	2026-03-17T02:41:37.6935296Z     grn.received_at = datetime.utcnow()
Backend CI	Run tests	2026-03-17T02:41:37.6935301Z 
Backend CI	Run tests	2026-03-17T02:41:37.6935507Z app/tests/test_petty_cash_service.py::TestDisbursement::test_create_disbursement
Backend CI	Run tests	2026-03-17T02:41:37.6936474Z   /home/runner/work/BizPilot2/BizPilot2/backend/app/services/petty_cash_service.py:380: DeprecationWarning: datetime.datetime.utcnow() is deprecated and scheduled for removal in a future version. Use timezone-aware objects to represent datetimes in UTC: datetime.datetime.now(datetime.UTC).
Backend CI	Run tests	2026-03-17T02:41:37.6936567Z     disbursed_at=datetime.utcnow(),
Backend CI	Run tests	2026-03-17T02:41:37.6936575Z 
Backend CI	Run tests	2026-03-17T02:41:37.6936783Z app/tests/test_petty_cash_service.py::TestDisbursement::test_complete_disbursement
Backend CI	Run tests	2026-03-17T02:41:37.6938081Z   /home/runner/work/BizPilot2/BizPilot2/backend/app/services/petty_cash_service.py:422: DeprecationWarning: datetime.datetime.utcnow() is deprecated and scheduled for removal in a future version. Use timezone-aware objects to represent datetimes in UTC: datetime.datetime.now(datetime.UTC).
Backend CI	Run tests	2026-03-17T02:41:37.6938290Z     disb.completed_at = datetime.utcnow()
Backend CI	Run tests	2026-03-17T02:41:37.6938298Z 
Backend CI	Run tests	2026-03-17T02:41:37.6938520Z app/tests/test_petty_cash_service.py::TestReceiptManagement::test_validate_receipt
Backend CI	Run tests	2026-03-17T02:41:37.6939446Z   /home/runner/work/BizPilot2/BizPilot2/backend/app/services/petty_cash_service.py:473: DeprecationWarning: datetime.datetime.utcnow() is deprecated and scheduled for removal in a future version. Use timezone-aware objects to represent datetimes in UTC: datetime.datetime.now(datetime.UTC).
Backend CI	Run tests	2026-03-17T02:41:37.6939551Z     receipt.validated_at = datetime.utcnow()
Backend CI	Run tests	2026-03-17T02:41:37.6939556Z 
Backend CI	Run tests	2026-03-17T02:41:37.6939848Z app/tests/test_petty_cash_service.py::TestReconciliation::test_create_reconciliation_calculates_variance
Backend CI	Run tests	2026-03-17T02:41:37.6940763Z   /home/runner/work/BizPilot2/BizPilot2/backend/app/services/petty_cash_service.py:530: DeprecationWarning: datetime.datetime.utcnow() is deprecated and scheduled for removal in a future version. Use timezone-aware objects to represent datetimes in UTC: datetime.datetime.now(datetime.UTC).
Backend CI	Run tests	2026-03-17T02:41:37.6940876Z     reconciliation_date=datetime.utcnow().date(),
Backend CI	Run tests	2026-03-17T02:41:37.6940887Z 
Backend CI	Run tests	2026-03-17T02:41:37.6941139Z app/tests/test_petty_cash_service.py::TestReconciliation::test_approve_reconciliation_variance
Backend CI	Run tests	2026-03-17T02:41:37.6942122Z   /home/runner/work/BizPilot2/BizPilot2/backend/app/services/petty_cash_service.py:578: DeprecationWarning: datetime.datetime.utcnow() is deprecated and scheduled for removal in a future version. Use timezone-aware objects to represent datetimes in UTC: datetime.datetime.now(datetime.UTC).
Backend CI	Run tests	2026-03-17T02:41:37.6942245Z     recon.variance_approved_at = datetime.utcnow()
Backend CI	Run tests	2026-03-17T02:41:37.6942251Z 
Backend CI	Run tests	2026-03-17T02:41:37.6942453Z app/tests/test_production_service.py::TestStartProduction::test_start_from_draft
Backend CI	Run tests	2026-03-17T02:41:37.6942827Z app/tests/test_production_service.py::TestStartProduction::test_start_from_pending
Backend CI	Run tests	2026-03-17T02:41:37.6943751Z   /home/runner/work/BizPilot2/BizPilot2/backend/app/services/production_service.py:177: DeprecationWarning: datetime.datetime.utcnow() is deprecated and scheduled for removal in a future version. Use timezone-aware objects to represent datetimes in UTC: datetime.datetime.now(datetime.UTC).
Backend CI	Run tests	2026-03-17T02:41:37.6943845Z     order.started_at = datetime.utcnow()
Backend CI	Run tests	2026-03-17T02:41:37.6943850Z 
Backend CI	Run tests	2026-03-17T02:41:37.6944135Z app/tests/test_production_service.py::TestCompleteProduction::test_complete_sets_status_and_quantity
Backend CI	Run tests	2026-03-17T02:41:37.6944414Z app/tests/test_production_service.py::TestCompleteProduction::test_complete_with_explicit_actual_cost
Backend CI	Run tests	2026-03-17T02:41:37.6944804Z app/tests/test_production_service.py::TestCompleteProduction::test_complete_calculates_actual_cost_from_items
Backend CI	Run tests	2026-03-17T02:41:37.6945105Z app/tests/test_production_service.py::TestCompleteProduction::test_complete_item_none_unit_cost_defaults_zero
Backend CI	Run tests	2026-03-17T02:41:37.6945445Z app/tests/test_production_service.py::TestCompleteProduction::test_complete_deducts_ingredient_inventory
Backend CI	Run tests	2026-03-17T02:41:37.6946380Z   /home/runner/work/BizPilot2/BizPilot2/backend/app/services/production_service.py:194: DeprecationWarning: datetime.datetime.utcnow() is deprecated and scheduled for removal in a future version. Use timezone-aware objects to represent datetimes in UTC: datetime.datetime.now(datetime.UTC).
Backend CI	Run tests	2026-03-17T02:41:37.6946476Z     order.completed_at = datetime.utcnow()
Backend CI	Run tests	2026-03-17T02:41:37.6946481Z 
Backend CI	Run tests	2026-03-17T02:41:37.6946657Z app/tests/test_shift_service.py::TestDeleteShift::test_delete_success
Backend CI	Run tests	2026-03-17T02:41:37.6947559Z   /home/runner/work/BizPilot2/BizPilot2/backend/app/services/shift_service.py:105: DeprecationWarning: datetime.datetime.utcnow() is deprecated and scheduled for removal in a future version. Use timezone-aware objects to represent datetimes in UTC: datetime.datetime.now(datetime.UTC).
Backend CI	Run tests	2026-03-17T02:41:37.6947652Z     shift.deleted_at = datetime.utcnow()
Backend CI	Run tests	2026-03-17T02:41:37.6947657Z 
Backend CI	Run tests	2026-03-17T02:41:37.6947872Z app/tests/test_shift_service.py::TestClockIn::test_clock_in_success
Backend CI	Run tests	2026-03-17T02:41:37.6948768Z   /home/runner/work/BizPilot2/BizPilot2/backend/app/services/shift_service.py:119: DeprecationWarning: datetime.datetime.utcnow() is deprecated and scheduled for removal in a future version. Use timezone-aware objects to represent datetimes in UTC: datetime.datetime.now(datetime.UTC).
Backend CI	Run tests	2026-03-17T02:41:37.6948865Z     shift.actual_start = datetime.utcnow()
Backend CI	Run tests	2026-03-17T02:41:37.6948870Z 
Backend CI	Run tests	2026-03-17T02:41:37.6949036Z app/tests/test_shift_service.py::TestClockOut::test_clock_out_success
Backend CI	Run tests	2026-03-17T02:41:37.6949934Z   /home/runner/work/BizPilot2/BizPilot2/backend/app/services/shift_service.py:135: DeprecationWarning: datetime.datetime.utcnow() is deprecated and scheduled for removal in a future version. Use timezone-aware objects to represent datetimes in UTC: datetime.datetime.now(datetime.UTC).
Backend CI	Run tests	2026-03-17T02:41:37.6950021Z     shift.actual_end = datetime.utcnow()
Backend CI	Run tests	2026-03-17T02:41:37.6950025Z 
Backend CI	Run tests	2026-03-17T02:41:37.6950268Z app/tests/test_stock_monitor_service.py::TestCalculateSalesVelocity::test_normal_velocity
Backend CI	Run tests	2026-03-17T02:41:37.6950486Z app/tests/test_stock_monitor_service.py::TestCalculateSalesVelocity::test_zero_sales
Backend CI	Run tests	2026-03-17T02:41:37.6950728Z app/tests/test_stock_monitor_service.py::TestCalculateSalesVelocity::test_lookback_days_zero
Backend CI	Run tests	2026-03-17T02:41:37.6951046Z app/tests/test_stock_monitor_service.py::TestCalculateSalesVelocity::test_lookback_days_negative
Backend CI	Run tests	2026-03-17T02:41:37.6951291Z app/tests/test_stock_monitor_service.py::TestCalculateSalesVelocity::test_fractional_velocity
Backend CI	Run tests	2026-03-17T02:41:37.6951531Z app/tests/test_stock_monitor_service.py::TestCalculateSalesVelocity::test_decimal_total_sold
Backend CI	Run tests	2026-03-17T02:41:37.6951782Z app/tests/test_stock_monitor_service.py::TestCalculateSalesVelocity::test_custom_lookback_days
Backend CI	Run tests	2026-03-17T02:41:37.6952020Z app/tests/test_stock_monitor_service.py::TestCalculateSalesVelocity::test_query_chain_calls
Backend CI	Run tests	2026-03-17T02:41:37.6953109Z   /home/runner/work/BizPilot2/BizPilot2/backend/app/services/stock_monitor_service.py:107: DeprecationWarning: datetime.datetime.utcnow() is deprecated and scheduled for removal in a future version. Use timezone-aware objects to represent datetimes in UTC: datetime.datetime.now(datetime.UTC).
Backend CI	Run tests	2026-03-17T02:41:37.6953266Z     cutoff = datetime.utcnow() - timedelta(days=lookback_days)
Backend CI	Run tests	2026-03-17T02:41:37.6953274Z 
Backend CI	Run tests	2026-03-17T02:41:37.6953542Z app/tests/test_subscription_schema.py::TestBusinessSubscriptionTable::test_valid_until_nullable
Backend CI	Run tests	2026-03-17T02:41:37.6954469Z   /home/runner/work/BizPilot2/BizPilot2/backend/app/tests/test_subscription_schema.py:309: DeprecationWarning: datetime.datetime.utcnow() is deprecated and scheduled for removal in a future version. Use timezone-aware objects to represent datetimes in UTC: datetime.datetime.now(datetime.UTC).
Backend CI	Run tests	2026-03-17T02:41:37.6954695Z     future_date = (datetime.utcnow() + timedelta(days=14)).isoformat()
Backend CI	Run tests	2026-03-17T02:41:37.6954758Z 
Backend CI	Run tests	2026-03-17T02:41:37.6954938Z app/tests/test_time_entry_service.py::TestClockIn::test_clock_in_success
Backend CI	Run tests	2026-03-17T02:41:37.6955176Z app/tests/test_time_entry_service.py::TestClockIn::test_clock_in_optional_fields_default_none
Backend CI	Run tests	2026-03-17T02:41:37.6956097Z   /home/runner/work/BizPilot2/BizPilot2/backend/app/services/time_entry_service.py:48: DeprecationWarning: datetime.datetime.utcnow() is deprecated and scheduled for removal in a future version. Use timezone-aware objects to represent datetimes in UTC: datetime.datetime.now(datetime.UTC).
Backend CI	Run tests	2026-03-17T02:41:37.6956181Z     clock_in=datetime.utcnow(),
Backend CI	Run tests	2026-03-17T02:41:37.6956186Z 
Backend CI	Run tests	2026-03-17T02:41:37.6956374Z app/tests/test_time_entry_service.py::TestClockOut::test_clock_out_success
Backend CI	Run tests	2026-03-17T02:41:37.6956577Z app/tests/test_time_entry_service.py::TestClockOut::test_clock_out_appends_notes
Backend CI	Run tests	2026-03-17T02:41:37.6956802Z app/tests/test_time_entry_service.py::TestClockOut::test_clock_out_notes_on_empty_existing
Backend CI	Run tests	2026-03-17T02:41:37.6957723Z   /home/runner/work/BizPilot2/BizPilot2/backend/app/services/time_entry_service.py:71: DeprecationWarning: datetime.datetime.utcnow() is deprecated and scheduled for removal in a future version. Use timezone-aware objects to represent datetimes in UTC: datetime.datetime.now(datetime.UTC).
Backend CI	Run tests	2026-03-17T02:41:37.6957869Z     clock_out_time = datetime.utcnow()
Backend CI	Run tests	2026-03-17T02:41:37.6957874Z 
Backend CI	Run tests	2026-03-17T02:41:37.6958073Z app/tests/test_time_entry_service.py::TestStartBreak::test_start_break_success
Backend CI	Run tests	2026-03-17T02:41:37.6959253Z   /home/runner/work/BizPilot2/BizPilot2/backend/app/services/time_entry_service.py:93: DeprecationWarning: datetime.datetime.utcnow() is deprecated and scheduled for removal in a future version. Use timezone-aware objects to represent datetimes in UTC: datetime.datetime.now(datetime.UTC).
Backend CI	Run tests	2026-03-17T02:41:37.6961146Z     entry.break_start = datetime.utcnow()
Backend CI	Run tests	2026-03-17T02:41:37.6961425Z 
Backend CI	Run tests	2026-03-17T02:41:37.6961790Z app/tests/test_time_entry_service.py::TestEndBreak::test_end_break_success
Backend CI	Run tests	2026-03-17T02:41:37.6963073Z app/tests/test_time_entry_service.py::TestEndBreak::test_end_break_accumulates_duration
Backend CI	Run tests	2026-03-17T02:41:37.6965577Z   /home/runner/work/BizPilot2/BizPilot2/backend/app/services/time_entry_service.py:111: DeprecationWarning: datetime.datetime.utcnow() is deprecated and scheduled for removal in a future version. Use timezone-aware objects to represent datetimes in UTC: datetime.datetime.now(datetime.UTC).
Backend CI	Run tests	2026-03-17T02:41:37.6967814Z     entry.break_end = datetime.utcnow()
Backend CI	Run tests	2026-03-17T02:41:37.6968123Z 
Backend CI	Run tests	2026-03-17T02:41:37.6968503Z app/tests/test_time_entry_service.py::TestApproveEntry::test_approve_success
Backend CI	Run tests	2026-03-17T02:41:37.6970763Z   /home/runner/work/BizPilot2/BizPilot2/backend/app/services/time_entry_service.py:242: DeprecationWarning: datetime.datetime.utcnow() is deprecated and scheduled for removal in a future version. Use timezone-aware objects to represent datetimes in UTC: datetime.datetime.now(datetime.UTC).
Backend CI	Run tests	2026-03-17T02:41:37.6972971Z     entry.approved_at = datetime.utcnow()
Backend CI	Run tests	2026-03-17T02:41:37.6973313Z 
Backend CI	Run tests	2026-03-17T02:41:37.6973710Z app/tests/test_webhooks.py::test_trigger_webhook_event_creates_delivery_records_for_matching_subscriptions
Backend CI	Run tests	2026-03-17T02:41:37.6974614Z   /home/runner/work/BizPilot2/BizPilot2/backend/app/services/webhook_service.py:50: RuntimeWarning: coroutine 'AsyncMockMixin._execute_mock_call' was never awaited
Backend CI	Run tests	2026-03-17T02:41:37.6975282Z     db.add(delivery)
Backend CI	Run tests	2026-03-17T02:41:37.6975570Z   Enable tracemalloc to get traceback where the object was allocated.
Backend CI	Run tests	2026-03-17T02:41:37.6976117Z   See https://docs.pytest.org/en/stable/how-to/capture-warnings.html#resource-warnings for more info.
Backend CI	Run tests	2026-03-17T02:41:37.6976513Z 
Backend CI	Run tests	2026-03-17T02:41:37.6976727Z app/tests/test_webhooks.py::test_create_subscription_validates_url_is_reachable
Backend CI	Run tests	2026-03-17T02:41:37.6977630Z   /home/runner/work/BizPilot2/BizPilot2/backend/app/services/webhook_service.py:157: RuntimeWarning: coroutine 'AsyncMockMixin._execute_mock_call' was never awaited
Backend CI	Run tests	2026-03-17T02:41:37.6978282Z     db.add(sub)
Backend CI	Run tests	2026-03-17T02:41:37.6978614Z   Enable tracemalloc to get traceback where the object was allocated.
Backend CI	Run tests	2026-03-17T02:41:37.6979151Z   See https://docs.pytest.org/en/stable/how-to/capture-warnings.html#resource-warnings for more info.
Backend CI	Run tests	2026-03-17T02:41:37.6979528Z 
Backend CI	Run tests	2026-03-17T02:41:37.6979730Z app/tests/unit/test_aging_calculation.py::test_calculate_aging_current_not_due
Backend CI	Run tests	2026-03-17T02:41:37.6980981Z   /home/runner/work/BizPilot2/BizPilot2/backend/app/tests/unit/test_aging_calculation.py:151: DeprecationWarning: datetime.datetime.utcnow() is deprecated and scheduled for removal in a future version. Use timezone-aware objects to represent datetimes in UTC: datetime.datetime.now(datetime.UTC).
Backend CI	Run tests	2026-03-17T02:41:37.6982111Z     today = datetime.utcnow()
Backend CI	Run tests	2026-03-17T02:41:37.6982257Z 
Backend CI	Run tests	2026-03-17T02:41:37.6982460Z app/tests/unit/test_aging_calculation.py::test_calculate_aging_30_days_overdue
Backend CI	Run tests	2026-03-17T02:41:37.6983821Z   /home/runner/work/BizPilot2/BizPilot2/backend/app/tests/unit/test_aging_calculation.py:181: DeprecationWarning: datetime.datetime.utcnow() is deprecated and scheduled for removal in a future version. Use timezone-aware objects to represent datetimes in UTC: datetime.datetime.now(datetime.UTC).
Backend CI	Run tests	2026-03-17T02:41:37.6985023Z     today = datetime.utcnow()
Backend CI	Run tests	2026-03-17T02:41:37.6985164Z 
Backend CI	Run tests	2026-03-17T02:41:37.6985363Z app/tests/unit/test_aging_calculation.py::test_calculate_aging_60_days_overdue
Backend CI	Run tests	2026-03-17T02:41:37.6986588Z   /home/runner/work/BizPilot2/BizPilot2/backend/app/tests/unit/test_aging_calculation.py:210: DeprecationWarning: datetime.datetime.utcnow() is deprecated and scheduled for removal in a future version. Use timezone-aware objects to represent datetimes in UTC: datetime.datetime.now(datetime.UTC).
Backend CI	Run tests	2026-03-17T02:41:37.6987701Z     today = datetime.utcnow()
Backend CI	Run tests	2026-03-17T02:41:37.6987847Z 
Backend CI	Run tests	2026-03-17T02:41:37.6988059Z app/tests/unit/test_aging_calculation.py::test_calculate_aging_90_plus_days_overdue
Backend CI	Run tests	2026-03-17T02:41:37.6989311Z   /home/runner/work/BizPilot2/BizPilot2/backend/app/tests/unit/test_aging_calculation.py:240: DeprecationWarning: datetime.datetime.utcnow() is deprecated and scheduled for removal in a future version. Use timezone-aware objects to represent datetimes in UTC: datetime.datetime.now(datetime.UTC).
Backend CI	Run tests	2026-03-17T02:41:37.6990414Z     today = datetime.utcnow()
Backend CI	Run tests	2026-03-17T02:41:37.6990558Z 
Backend CI	Run tests	2026-03-17T02:41:37.6990751Z app/tests/unit/test_aging_calculation.py::test_calculate_aging_mixed_buckets
Backend CI	Run tests	2026-03-17T02:41:37.6992041Z   /home/runner/work/BizPilot2/BizPilot2/backend/app/tests/unit/test_aging_calculation.py:277: DeprecationWarning: datetime.datetime.utcnow() is deprecated and scheduled for removal in a future version. Use timezone-aware objects to represent datetimes in UTC: datetime.datetime.now(datetime.UTC).
Backend CI	Run tests	2026-03-17T02:41:37.6993257Z     today = datetime.utcnow()
Backend CI	Run tests	2026-03-17T02:41:37.6993395Z 
Backend CI	Run tests	2026-03-17T02:41:37.6993525Z app/tests/unit/test_aging_calculation.py: 13 warnings
Backend CI	Run tests	2026-03-17T02:41:37.6994666Z   /home/runner/work/BizPilot2/BizPilot2/backend/app/tests/unit/test_aging_calculation.py:121: DeprecationWarning: datetime.datetime.utcnow() is deprecated and scheduled for removal in a future version. Use timezone-aware objects to represent datetimes in UTC: datetime.datetime.now(datetime.UTC).
Backend CI	Run tests	2026-03-17T02:41:37.6995806Z     created_at=created_at or datetime.utcnow(),
Backend CI	Run tests	2026-03-17T02:41:37.6995997Z 
Backend CI	Run tests	2026-03-17T02:41:37.6996222Z app/tests/unit/test_aging_calculation.py::test_calculate_aging_boundary_exactly_30_days
Backend CI	Run tests	2026-03-17T02:41:37.6997489Z   /home/runner/work/BizPilot2/BizPilot2/backend/app/tests/unit/test_aging_calculation.py:327: DeprecationWarning: datetime.datetime.utcnow() is deprecated and scheduled for removal in a future version. Use timezone-aware objects to represent datetimes in UTC: datetime.datetime.now(datetime.UTC).
Backend CI	Run tests	2026-03-17T02:41:37.6998661Z     today = datetime.utcnow()
Backend CI	Run tests	2026-03-17T02:41:37.6998805Z 
Backend CI	Run tests	2026-03-17T02:41:37.6999028Z app/tests/unit/test_aging_calculation.py::test_calculate_aging_boundary_exactly_60_days
Backend CI	Run tests	2026-03-17T02:41:37.7000282Z   /home/runner/work/BizPilot2/BizPilot2/backend/app/tests/unit/test_aging_calculation.py:350: DeprecationWarning: datetime.datetime.utcnow() is deprecated and scheduled for removal in a future version. Use timezone-aware objects to represent datetimes in UTC: datetime.datetime.now(datetime.UTC).
Backend CI	Run tests	2026-03-17T02:41:37.7001444Z     today = datetime.utcnow()
Backend CI	Run tests	2026-03-17T02:41:37.7001581Z 
Backend CI	Run tests	2026-03-17T02:41:37.7001807Z app/tests/unit/test_aging_calculation.py::test_calculate_aging_boundary_exactly_61_days
Backend CI	Run tests	2026-03-17T02:41:37.7003232Z   /home/runner/work/BizPilot2/BizPilot2/backend/app/tests/unit/test_aging_calculation.py:373: DeprecationWarning: datetime.datetime.utcnow() is deprecated and scheduled for removal in a future version. Use timezone-aware objects to represent datetimes in UTC: datetime.datetime.now(datetime.UTC).
Backend CI	Run tests	2026-03-17T02:41:37.7004468Z     today = datetime.utcnow()
Backend CI	Run tests	2026-03-17T02:41:37.7004725Z 
Backend CI	Run tests	2026-03-17T02:41:37.7011550Z app/tests/unit/test_aging_calculation.py::test_calculate_aging_no_due_date_uses_payment_terms
Backend CI	Run tests	2026-03-17T02:41:37.7013224Z   /home/runner/work/BizPilot2/BizPilot2/backend/app/tests/unit/test_aging_calculation.py:401: DeprecationWarning: datetime.datetime.utcnow() is deprecated and scheduled for removal in a future version. Use timezone-aware objects to represent datetimes in UTC: datetime.datetime.now(datetime.UTC).
Backend CI	Run tests	2026-03-17T02:41:37.7014499Z     today = datetime.utcnow()
Backend CI	Run tests	2026-03-17T02:41:37.7014655Z 
Backend CI	Run tests	2026-03-17T02:41:37.7014908Z app/tests/unit/test_aging_calculation.py::test_calculate_aging_excludes_fully_paid_charges
Backend CI	Run tests	2026-03-17T02:41:37.7016187Z   /home/runner/work/BizPilot2/BizPilot2/backend/app/tests/unit/test_aging_calculation.py:461: DeprecationWarning: datetime.datetime.utcnow() is deprecated and scheduled for removal in a future version. Use timezone-aware objects to represent datetimes in UTC: datetime.datetime.now(datetime.UTC).
Backend CI	Run tests	2026-03-17T02:41:37.7017303Z     today = datetime.utcnow()
Backend CI	Run tests	2026-03-17T02:41:37.7017449Z 
Backend CI	Run tests	2026-03-17T02:41:37.7017687Z app/tests/unit/test_aging_calculation.py::test_calculate_aging_partially_paid_charges
Backend CI	Run tests	2026-03-17T02:41:37.7018982Z   /home/runner/work/BizPilot2/BizPilot2/backend/app/tests/unit/test_aging_calculation.py:501: DeprecationWarning: datetime.datetime.utcnow() is deprecated and scheduled for removal in a future version. Use timezone-aware objects to represent datetimes in UTC: datetime.datetime.now(datetime.UTC).
Backend CI	Run tests	2026-03-17T02:41:37.7020101Z     today = datetime.utcnow()
Backend CI	Run tests	2026-03-17T02:41:37.7020323Z 
Backend CI	Run tests	2026-03-17T02:41:37.7020546Z app/tests/unit/test_aging_calculation.py::test_calculate_aging_mixed_payment_status
Backend CI	Run tests	2026-03-17T02:41:37.7021805Z   /home/runner/work/BizPilot2/BizPilot2/backend/app/tests/unit/test_aging_calculation.py:540: DeprecationWarning: datetime.datetime.utcnow() is deprecated and scheduled for removal in a future version. Use timezone-aware objects to represent datetimes in UTC: datetime.datetime.now(datetime.UTC).
Backend CI	Run tests	2026-03-17T02:41:37.7023068Z     today = datetime.utcnow()
Backend CI	Run tests	2026-03-17T02:41:37.7023207Z 
Backend CI	Run tests	2026-03-17T02:41:37.7023340Z app/tests/unit/test_balance_calculation.py: 13 warnings
Backend CI	Run tests	2026-03-17T02:41:37.7024516Z   /home/runner/work/BizPilot2/BizPilot2/backend/app/tests/unit/test_balance_calculation.py:113: DeprecationWarning: datetime.datetime.utcnow() is deprecated and scheduled for removal in a future version. Use timezone-aware objects to represent datetimes in UTC: datetime.datetime.now(datetime.UTC).
Backend CI	Run tests	2026-03-17T02:41:37.7025641Z     created_at=datetime.utcnow(),
Backend CI	Run tests	2026-03-17T02:41:37.7025797Z 
Backend CI	Run tests	2026-03-17T02:41:37.7025925Z app/tests/unit/test_balance_management.py: 32 warnings
Backend CI	Run tests	2026-03-17T02:41:37.7027059Z   /home/runner/work/BizPilot2/BizPilot2/backend/app/tests/unit/test_balance_management.py:140: DeprecationWarning: datetime.datetime.utcnow() is deprecated and scheduled for removal in a future version. Use timezone-aware objects to represent datetimes in UTC: datetime.datetime.now(datetime.UTC).
Backend CI	Run tests	2026-03-17T02:41:37.7028269Z     created_at=created_at or datetime.utcnow(),
Backend CI	Run tests	2026-03-17T02:41:37.7028467Z 
Backend CI	Run tests	2026-03-17T02:41:37.7028671Z app/tests/unit/test_balance_management.py::test_get_balance_with_aging_breakdown
Backend CI	Run tests	2026-03-17T02:41:37.7029970Z   /home/runner/work/BizPilot2/BizPilot2/backend/app/tests/unit/test_balance_management.py:408: DeprecationWarning: datetime.datetime.utcnow() is deprecated and scheduled for removal in a future version. Use timezone-aware objects to represent datetimes in UTC: datetime.datetime.now(datetime.UTC).
Backend CI	Run tests	2026-03-17T02:41:37.7031086Z     now = datetime.utcnow()
Backend CI	Run tests	2026-03-17T02:41:37.7031226Z 
Backend CI	Run tests	2026-03-17T02:41:37.7031548Z app/tests/unit/test_edge_cases.py::TestEmptyInvoiceList::test_job_completes_successfully_with_no_overdue_invoices
Backend CI	Run tests	2026-03-17T02:41:37.7032305Z app/tests/unit/test_edge_cases.py::TestNotificationServiceFailure::test_job_continues_when_notification_service_fails
Backend CI	Run tests	2026-03-17T02:41:37.7033151Z app/tests/unit/test_edge_cases.py::TestNotificationServiceFailure::test_error_logged_with_invoice_details
Backend CI	Run tests	2026-03-17T02:41:37.7034484Z   /home/runner/work/BizPilot2/BizPilot2/backend/app/scheduler/jobs/overdue_invoice_job.py:41: DeprecationWarning: datetime.datetime.utcnow() is deprecated and scheduled for removal in a future version. Use timezone-aware objects to represent datetimes in UTC: datetime.datetime.now(datetime.UTC).
Backend CI	Run tests	2026-03-17T02:41:37.7035711Z     start_time = datetime.utcnow()
Backend CI	Run tests	2026-03-17T02:41:37.7035870Z 
Backend CI	Run tests	2026-03-17T02:41:37.7036184Z app/tests/unit/test_edge_cases.py::TestEmptyInvoiceList::test_job_completes_successfully_with_no_overdue_invoices
Backend CI	Run tests	2026-03-17T02:41:37.7036930Z app/tests/unit/test_edge_cases.py::TestNotificationServiceFailure::test_job_continues_when_notification_service_fails
Backend CI	Run tests	2026-03-17T02:41:37.7037645Z app/tests/unit/test_edge_cases.py::TestNotificationServiceFailure::test_error_logged_with_invoice_details
Backend CI	Run tests	2026-03-17T02:41:37.7038974Z   /home/runner/work/BizPilot2/BizPilot2/backend/app/scheduler/jobs/overdue_invoice_job.py:140: DeprecationWarning: datetime.datetime.utcnow() is deprecated and scheduled for removal in a future version. Use timezone-aware objects to represent datetimes in UTC: datetime.datetime.now(datetime.UTC).
Backend CI	Run tests	2026-03-17T02:41:37.7040081Z     end_time = datetime.utcnow()
Backend CI	Run tests	2026-03-17T02:41:37.7040239Z 
Backend CI	Run tests	2026-03-17T02:41:37.7040422Z app/tests/unit/test_job_execution_log.py::test_job_execution_log_creation
Backend CI	Run tests	2026-03-17T02:41:37.7041610Z   /home/runner/work/BizPilot2/BizPilot2/backend/app/tests/unit/test_job_execution_log.py:11: DeprecationWarning: datetime.datetime.utcnow() is deprecated and scheduled for removal in a future version. Use timezone-aware objects to represent datetimes in UTC: datetime.datetime.now(datetime.UTC).
Backend CI	Run tests	2026-03-17T02:41:37.7042912Z     start_time=datetime.utcnow(),
Backend CI	Run tests	2026-03-17T02:41:37.7043064Z 
Backend CI	Run tests	2026-03-17T02:41:37.7043247Z app/tests/unit/test_job_execution_log.py::test_job_execution_log_duration
Backend CI	Run tests	2026-03-17T02:41:37.7044429Z   /home/runner/work/BizPilot2/BizPilot2/backend/app/tests/unit/test_job_execution_log.py:27: DeprecationWarning: datetime.datetime.utcnow() is deprecated and scheduled for removal in a future version. Use timezone-aware objects to represent datetimes in UTC: datetime.datetime.now(datetime.UTC).
Backend CI	Run tests	2026-03-17T02:41:37.7045519Z     start = datetime.utcnow()
Backend CI	Run tests	2026-03-17T02:41:37.7045666Z 
Backend CI	Run tests	2026-03-17T02:41:37.7045864Z app/tests/unit/test_job_execution_log.py::test_job_execution_log_duration_no_end
Backend CI	Run tests	2026-03-17T02:41:37.7047077Z   /home/runner/work/BizPilot2/BizPilot2/backend/app/tests/unit/test_job_execution_log.py:44: DeprecationWarning: datetime.datetime.utcnow() is deprecated and scheduled for removal in a future version. Use timezone-aware objects to represent datetimes in UTC: datetime.datetime.now(datetime.UTC).
Backend CI	Run tests	2026-03-17T02:41:37.7048199Z     start_time=datetime.utcnow(),
Backend CI	Run tests	2026-03-17T02:41:37.7048357Z 
Backend CI	Run tests	2026-03-17T02:41:37.7048552Z app/tests/unit/test_job_execution_log.py::test_job_execution_log_with_errors
Backend CI	Run tests	2026-03-17T02:41:37.7049836Z   /home/runner/work/BizPilot2/BizPilot2/backend/app/tests/unit/test_job_execution_log.py:55: DeprecationWarning: datetime.datetime.utcnow() is deprecated and scheduled for removal in a future version. Use timezone-aware objects to represent datetimes in UTC: datetime.datetime.now(datetime.UTC).
Backend CI	Run tests	2026-03-17T02:41:37.7050994Z     start_time=datetime.utcnow(),
Backend CI	Run tests	2026-03-17T02:41:37.7051139Z 
Backend CI	Run tests	2026-03-17T02:41:37.7051314Z app/tests/unit/test_job_execution_log.py::test_job_execution_log_repr
Backend CI	Run tests	2026-03-17T02:41:37.7052489Z   /home/runner/work/BizPilot2/BizPilot2/backend/app/tests/unit/test_job_execution_log.py:70: DeprecationWarning: datetime.datetime.utcnow() is deprecated and scheduled for removal in a future version. Use timezone-aware objects to represent datetimes in UTC: datetime.datetime.now(datetime.UTC).
Backend CI	Run tests	2026-03-17T02:41:37.7053703Z     start_time=datetime.utcnow(),
Backend CI	Run tests	2026-03-17T02:41:37.7053858Z 
Backend CI	Run tests	2026-03-17T02:41:37.7054186Z app/tests/unit/test_statement_generation.py::TestStatementGeneration::test_generate_statement_with_opening_balance
Backend CI	Run tests	2026-03-17T02:41:37.7055558Z   /home/runner/work/BizPilot2/BizPilot2/backend/app/tests/unit/test_statement_generation.py:206: DeprecationWarning: datetime.datetime.utcnow() is deprecated and scheduled for removal in a future version. Use timezone-aware objects to represent datetimes in UTC: datetime.datetime.now(datetime.UTC).
Backend CI	Run tests	2026-03-17T02:41:37.7056788Z     past_date = datetime.utcnow() - timedelta(days=60)
Backend CI	Run tests	2026-03-17T02:41:37.7056996Z 
Backend CI	Run tests	2026-03-17T02:41:37.7057184Z -- Docs: https://docs.pytest.org/en/stable/how-to/capture-warnings.html
Backend CI	Run tests	2026-03-17T02:41:37.7057584Z ================================ tests coverage ================================
Backend CI	Run tests	2026-03-17T02:41:37.7057982Z _______________ coverage: platform linux, python 3.12.13-final-0 _______________
Backend CI	Run tests	2026-03-17T02:41:37.7058246Z 
Backend CI	Run tests	2026-03-17T02:41:37.7058399Z Name                                              Stmts   Miss Branch BrPart  Cover   Missing
Backend CI	Run tests	2026-03-17T02:41:37.7058829Z ---------------------------------------------------------------------------------------------
Backend CI	Run tests	2026-03-17T02:41:37.7059307Z app/agents/agent_registry.py                         31      2      2      1    91%   47->50, 56, 59
Backend CI	Run tests	2026-03-17T02:41:37.7059843Z app/agents/lib/agent_logger.py                       31     13      2      0    55%   22, 27, 34-37, 43-51, 63-64, 74, 83
Backend CI	Run tests	2026-03-17T02:41:37.7060429Z app/agents/lib/cache_manager.py                      50     34     10      0    27%   21, 30, 35, 40, 45, 53-60, 70-85, 90, 97-104, 109
Backend CI	Run tests	2026-03-17T02:41:37.7060997Z app/agents/lib/hitl_manager.py                       22     13      2      0    38%   34, 58-69, 83, 91-102
Backend CI	Run tests	2026-03-17T02:41:37.7061542Z app/agents/lib/logger.py                             23     23      2      0     0%   8-49
Backend CI	Run tests	2026-03-17T02:41:37.7062034Z app/agents/lib/observability_logger.py               32     24      4      0    22%   40-85, 90-94
Backend CI	Run tests	2026-03-17T02:41:37.7062560Z app/agents/lib/plan_generator.py                     23     14      0      0    39%   35-36, 60-68, 73-74, 88
Backend CI	Run tests	2026-03-17T02:41:37.7063299Z app/agents/lib/prompt_builder.py                     46     29     10      0    30%   30-39, 44-46, 64-95, 102, 106-114, 122-129
Backend CI	Run tests	2026-03-17T02:41:37.7063838Z app/agents/lib/runaway_guard.py                      34     12      4      0    58%   54-79, 87-93
Backend CI	Run tests	2026-03-17T02:41:37.7064377Z app/agents/orchestrator.py                           79     55     10      0    27%   38-39, 51-60, 76-130, 146-186, 192-206, 215-218
Backend CI	Run tests	2026-03-17T02:41:37.7064937Z app/agents/tasks/chat_agent.py                       42     28     12      0    26%   27-54, 59-68, 78-79, 96-100
Backend CI	Run tests	2026-03-17T02:41:37.7065465Z app/agents/tool_registry.py                          65     10      8      2    78%   66, 82->85, 90, 95, 99-104, 108
Backend CI	Run tests	2026-03-17T02:41:37.7065960Z app/agents/tools/common.py                            8      3      0      0    62%   18-20
Backend CI	Run tests	2026-03-17T02:41:37.7066439Z app/agents/tools/customer_tools.py                   20     12      4      0    33%   21-28, 47-54
Backend CI	Run tests	2026-03-17T02:41:37.7067009Z app/agents/tools/inventory_tools.py                  20     12      4      0    33%   21-27, 34-41
Backend CI	Run tests	2026-03-17T02:41:37.7067510Z app/agents/tools/invoice_tools.py                    23     15      6      0    28%   19-25, 35-47
Backend CI	Run tests	2026-03-17T02:41:37.7068098Z app/agents/tools/metrics_tools.py                    44     31     10      0    24%   21-26, 33-39, 46-51, 62-69, 74-82
Backend CI	Run tests	2026-03-17T02:41:37.7068668Z app/agents/tools/order_tools.py                      70     59     22      0    12%   22-29, 47-57, 78-119, 137-149, 162-179
Backend CI	Run tests	2026-03-17T02:41:37.7069187Z app/agents/tools/report_tools.py                     35     27      6      0    20%   31-74, 85-94
Backend CI	Run tests	2026-03-17T02:41:37.7069668Z app/agents/tools/sales_tools.py                      20     12      4      0    33%   17-33
Backend CI	Run tests	2026-03-17T02:41:37.7070167Z app/agents/tools/staff_tools.py                      43     30     10      0    25%   24-30, 40-62, 73-88
Backend CI	Run tests	2026-03-17T02:41:37.7070664Z app/agents/tools/supplier_tools.py                   13      6      2      0    47%   21-28
Backend CI	Run tests	2026-03-17T02:41:37.7071280Z app/api/addons.py                                    76     45     12      0    35%   41-51, 61-62, 73-80, 92-100, 111-114, 136-149, 160-168, 178-181, 203-209, 223-226, 242-243
Backend CI	Run tests	2026-03-17T02:41:37.7072538Z app/api/admin.py                                    520    318    124      0    31%   199-256, 272-291, 302-319, 329-341, 351-361, 371-381, 394-413, 423-430, 440-450, 463-474, 485-496, 508-513, 524-535, 546-559, 569-588, 597-608, 620-627, 640-651, 660-670, 679-704, 716-740, 752-797, 812-855, 876-888, 911-943, 960-983, 1009-1036, 1051-1081, 1098-1123, 1143-1157, 1172-1186
Backend CI	Run tests	2026-03-17T02:41:37.7073847Z app/api/admin_audit_logs.py                          53     37     16      0    23%   72-113, 141-147, 174-186
Backend CI	Run tests	2026-03-17T02:41:37.7074399Z app/api/admin_subscriptions.py                       57     39      6      0    29%   64-78, 116-131, 165-176, 213-241, 277-306
Backend CI	Run tests	2026-03-17T02:41:37.7074956Z app/api/agents.py                                    71     27      4      0    59%   71-73, 78, 114-145, 165-178, 198-219, 236-237
Backend CI	Run tests	2026-03-17T02:41:37.7075460Z app/api/audit.py                                     62     10      0      0    84%   80-91, 110-117, 135-136, 152-153
Backend CI	Run tests	2026-03-17T02:41:37.7076166Z app/api/auth.py                                     202    123     64      6    32%   103-150, 183, 191-212, 233-236, 260, 270-295, 304-319, 331-367, 377-392, 403-424, 448-463, 487-511, 529-570, 583-586, 594
Backend CI	Run tests	2026-03-17T02:41:37.7077365Z app/api/bulk_operations.py                          149     85     12      0    40%   51-55, 66-69, 80-84, 95-100, 111-113, 123-125, 136-138, 148-150, 161-163, 182-187, 200-204, 214-218, 243-247, 259-262, 272-274, 290-291, 304-306, 319-320, 337-339, 354-355, 371-372, 393-397, 408-409, 426-430, 441-450, 460-463
Backend CI	Run tests	2026-03-17T02:41:37.7078626Z app/api/business.py                                 342    182    102      5    37%   102, 124-141, 187, 197-198, 204-205, 268->271, 293-295, 307-326, 354-412, 479-544, 561-683, 707-734, 759-835, 859-879
Backend CI	Run tests	2026-03-17T02:41:37.7079496Z app/api/cash_registers.py                            93     58      6      0    35%   42-48, 58-59, 71-79, 90-94, 109-119, 130-134, 146-157, 168-172, 186-194, 212-224, 236-245, 258-259
Backend CI	Run tests	2026-03-17T02:41:37.7080191Z app/api/categories.py                                60     37     10      0    33%   33-40, 49-59, 69-74, 87-94, 105-115, 128-130, 147-153
Backend CI	Run tests	2026-03-17T02:41:37.7080867Z app/api/collections.py                               88     43     12      0    45%   72-80, 111-122, 132-136, 158-170, 180-184, 194-198, 215-217, 237-243, 254-258, 269-273
Backend CI	Run tests	2026-03-17T02:41:37.7081625Z app/api/combos.py                                    79     47     12      0    35%   51-73, 89-96, 119-120, 137-144, 159-167, 181-184, 206-224, 238-239, 254-262, 276-279, 306-311
Backend CI	Run tests	2026-03-17T02:41:37.7082277Z app/api/commissions.py                               60     15      0      0    75%   91-99, 115-121, 135-137, 151-156, 171-177
Backend CI	Run tests	2026-03-17T02:41:37.7082913Z app/api/contact.py                                   31     13      4      0    51%   36-66
Backend CI	Run tests	2026-03-17T02:41:37.7083713Z app/api/crm.py                                      223     83     22      0    57%   134-150, 168-175, 185-187, 209-211, 226-229, 245-249, 273-283, 299-303, 320-322, 336-340, 356-360, 374-376, 387-389, 410-414, 433-434, 453-457, 468-472, 484-492, 503-504, 529-549
Backend CI	Run tests	2026-03-17T02:41:37.7084995Z app/api/customer_accounts.py                        222    168     26      0    22%   51-57, 71-76, 93-118, 134-157, 168-169, 181-183, 195-211, 229-231, 246-261, 279-290, 309-325, 347-395, 415-482, 504-571, 581-597, 618-646, 665-668, 683-705, 726-755
Backend CI	Run tests	2026-03-17T02:41:37.7085938Z app/api/customer_displays.py                         62     35     12      0    36%   42-44, 61-62, 77-81, 92-96, 106-108, 121-125, 141-142, 159-163, 174-178
Backend CI	Run tests	2026-03-17T02:41:37.7086690Z app/api/customers.py                                126     82     34      2    29%   75-87, 104-106, 117-126, 137-146, 174-175, 187-206, 217-226, 237-239, 250-252, 269-288, 308-359
Backend CI	Run tests	2026-03-17T02:41:37.7087410Z app/api/dashboard.py                                143     71     20      0    44%   96-185, 201-227, 243-258, 273-306, 320-352, 369-395, 407-414
Backend CI	Run tests	2026-03-17T02:41:37.7088375Z app/api/dashboards.py                               119     66      0      0    45%   41, 74, 97-104, 114-116, 130-132, 144-150, 161-163, 177-190, 201-203, 213-215, 226-228, 242-244, 256-258, 287-289, 313-315, 326-328, 342-346, 362-364, 386-388, 402-406, 428-430, 459-461, 483-485
Backend CI	Run tests	2026-03-17T02:41:37.7089774Z app/api/deliveries.py                               298    105     34      0    58%   225-232, 247-265, 275-277, 289-294, 305-310, 321-342, 357-370, 381-383, 394-398, 408, 421-423, 438-455, 469-473, 489-491, 502-506, 518-522, 535-543, 555-562, 574-580, 596-597, 609-610, 622-623, 635-636
Backend CI	Run tests	2026-03-17T02:41:37.7090806Z app/api/delivery_tracking.py                         66     37      8      0    39%   42-51, 65-69, 85-89, 99-103, 118-119, 135-136, 146-150, 165-175, 185-189
Backend CI	Run tests	2026-03-17T02:41:37.7091519Z app/api/deps.py                                     135     57     56     12    52%   71, 75, 81, 95, 107, 123, 140, 144, 176-212, 221, 225, 236, 265, 304-321, 367-422, 456-462
Backend CI	Run tests	2026-03-17T02:41:37.7092144Z app/api/entity_sync.py                              151     41     40      3    68%   169, 282-283, 287-299, 313-322, 340-374
Backend CI	Run tests	2026-03-17T02:41:37.7092978Z app/api/expenses.py                                 139     51     16      0    57%   98-105, 115-116, 128-133, 144-146, 160-173, 189-199, 216-217, 232-236, 248-253, 264-268, 279-283, 294-298, 309-311
Backend CI	Run tests	2026-03-17T02:41:37.7093703Z app/api/extended_reports.py                          51     37     12      0    22%   50-60, 94-105, 139-200
Backend CI	Run tests	2026-03-17T02:41:37.7094311Z app/api/favorites.py                                 96     75     30      0    17%   30-74, 86-163, 174-216, 228-278, 289-311, 321-352
Backend CI	Run tests	2026-03-17T02:41:37.7094807Z app/api/floor_plan.py                                43     43      4      0     0%   1-155
Backend CI	Run tests	2026-03-17T02:41:37.7095623Z app/api/general_ledger.py                           125     77     10      0    36%   39, 55-66, 94-104, 115-117, 131-135, 147-152, 165-178, 193-202, 219-224, 235-240, 253-254, 266-267, 278-279, 291-293, 310-313, 327-329, 341-345, 356-359, 375-381, 401-407
Backend CI	Run tests	2026-03-17T02:41:37.7096574Z app/api/gift_cards.py                                75     46      6      0    36%   29, 68-84, 97-104, 120-122, 133-140, 151-158, 170-184, 206-219, 240-247, 263-271
Backend CI	Run tests	2026-03-17T02:41:37.7097437Z app/api/inventory.py                                170    119     34      1    25%   33-42, 70, 104-116, 132-134, 144-146, 160-168, 190-195, 218-271, 291-294, 328-379, 399-408, 419-428, 439-468, 480-490, 506, 513, 519-520
Backend CI	Run tests	2026-03-17T02:41:37.7098282Z app/api/inventory_periods.py                        114     28      4      0    73%   118-121, 136-138, 150-159, 170-174, 189-192, 210-215, 231-233
Backend CI	Run tests	2026-03-17T02:41:37.7098972Z app/api/inventory_reports.py                         71     42      0      0    41%   49-57, 75-84, 98-103, 117-122, 138-145, 159-165, 178-182, 194-212, 228-250
Backend CI	Run tests	2026-03-17T02:41:37.7099934Z app/api/invoices.py                                 203    129     68      7    30%   39, 80, 115-156, 172-174, 191-237, 264-278, 295, 308->316, 310->316, 313, 366-369, 381-392, 403-414, 430, 441-443, 454-463, 474-484, 507-544, 566-579, 601-605
Backend CI	Run tests	2026-03-17T02:41:37.7101057Z app/api/laybys.py                                   222    173     22      0    20%   50-54, 67-71, 84-88, 106-120, 139-203, 219-231, 245-254, 271-282, 300-315, 329-342, 360-374, 388-395, 409-416, 438-454, 472-487, 501-514, 529-544
Backend CI	Run tests	2026-03-17T02:41:37.7102071Z app/api/locations.py                                207     66     22      0    62%   154-160, 173-175, 186-188, 198-200, 211-213, 226-229, 246-255, 266-270, 282-288, 299-303, 314-318, 330-336, 347-349, 361-373, 386-391
Backend CI	Run tests	2026-03-17T02:41:37.7103065Z app/api/loyalty.py                                   82     42      4      0    47%   30, 52-57, 73, 94-96, 107-110, 123-130, 147-154, 165-178, 189-202, 219-226, 242-244, 255-257
Backend CI	Run tests	2026-03-17T02:41:37.7104061Z app/api/menu.py                                     271     98     18      0    60%   193-217, 231-239, 256-260, 272-280, 291-295, 313-321, 331-332, 348-355, 371-380, 394-402, 418-429, 440-445, 455-456, 467-471, 483-491, 502-506, 517-521, 534-535, 549-550, 561-562, 572-573
Backend CI	Run tests	2026-03-17T02:41:37.7104899Z app/api/mobile_sync.py                               27      2      0      0    93%   126-127
Backend CI	Run tests	2026-03-17T02:41:37.7105480Z app/api/modifiers.py                                 47     24      4      0    45%   54-65, 79-80, 95-103, 117-120, 144-149, 169-174, 193-198
Backend CI	Run tests	2026-03-17T02:41:37.7106121Z app/api/notifications.py                             97     30      6      0    65%   75, 104-112, 127-129, 139-143, 152-154, 164-168, 177-178, 188-189, 200-217
Backend CI	Run tests	2026-03-17T02:41:37.7106716Z app/api/oauth.py                                     31     16      6      0    41%   20-21, 29-41, 70-88, 104-110
Backend CI	Run tests	2026-03-17T02:41:37.7107382Z app/api/online_orders.py                            195     61     24      0    61%   150-161, 166-168, 181-183, 194-201, 210-212, 222-241, 254-257, 273-275, 286-290, 302-306, 318-323, 333-335
Backend CI	Run tests	2026-03-17T02:41:37.7108285Z app/api/order_management.py                         115     38      0      0    67%   88-96, 108-110, 122-124, 135-137, 149-151, 162-164, 175-177, 187-189, 211-221, 233-235, 246-247, 259-269, 286-297
Backend CI	Run tests	2026-03-17T02:41:37.7109219Z app/api/orders.py                                   236    181     80      2    18%   42, 88-108, 151-181, 197-199, 210-220, 245-303, 336-449, 461-472, 484-495, 507-524, 535-544, 556-566, 578-588, 600-609, 630-738
Backend CI	Run tests	2026-03-17T02:41:37.7110157Z app/api/partners.py                                 100     60     20      0    33%   50-53, 65-66, 76-80, 90-94, 105-111, 121-123, 141-145, 159-165, 183-187, 202-203, 217-223, 243-246, 263-264, 284-290, 300-302
Backend CI	Run tests	2026-03-17T02:41:37.7111106Z app/api/payments.py                                  90     51     12      0    38%   49-53, 70-71, 89-93, 104-108, 118-120, 138-142, 159-160, 177-181, 192-201, 221-222, 236-237, 254-270, 287-288
Backend CI	Run tests	2026-03-17T02:41:37.7111970Z app/api/payments_subscription.py                    192    124     64      6    29%   65, 69-70, 76, 82->94, 89->94, 127-130, 153-229, 248-278, 283-322, 327-341, 346-359, 364-378, 408-435
Backend CI	Run tests	2026-03-17T02:41:37.7112620Z app/api/pdf.py                                       19      5      0      0    74%   22, 36-37, 51-52
Backend CI	Run tests	2026-03-17T02:41:37.7113160Z app/api/permissions.py                               10      2      0      0    80%   58-61
Backend CI	Run tests	2026-03-17T02:41:37.7113989Z app/api/petty_cash.py                               141     88      8      0    36%   44-51, 63-65, 82-86, 100-107, 117-118, 137-151, 165-167, 184-189, 201-208, 227-238, 252-257, 269-271, 290-300, 313-315, 325-329, 348-358, 368-370, 382-386, 402-410, 429-431, 442-446
Backend CI	Run tests	2026-03-17T02:41:37.7115035Z app/api/pms.py                                       92     54     14      0    36%   52-55, 68-69, 86-90, 102-110, 121-123, 142-147, 160-161, 183-187, 203-215, 233-235, 255-256, 275-279, 293-301, 319-324
Backend CI	Run tests	2026-03-17T02:41:37.7115724Z app/api/pos.py                                       24     24      0      0     0%   1-30
Backend CI	Run tests	2026-03-17T02:41:37.7116307Z app/api/pos_connections.py                          158     55     16      0    59%   126, 152-253, 263-268, 282-291, 303-332, 344-361, 372-382, 393-407, 423-461, 478-492
Backend CI	Run tests	2026-03-17T02:41:37.7117116Z app/api/production.py                                95     63     12      0    30%   30-49, 83-93, 112-119, 130-139, 150-159, 174-184, 195-208, 223-246, 260-273, 287-299
Backend CI	Run tests	2026-03-17T02:41:37.7118762Z app/api/products.py                                 177    124     44      0    24%   36-59, 95-101, 126-132, 155-172, 194-210, 232-247, 264-273, 284-287, 299-310, 321-330, 341-344, 376-379, 400-403, 437-482, 495-523, 543-589, 605-632
Backend CI	Run tests	2026-03-17T02:41:37.7119975Z app/api/quotes.py                                   184    126     30      0    27%   46-47, 59-60, 70-71, 83-84, 96-104, 115-130, 141-154, 167-169, 183-195, 210-215, 232-236, 248-260, 271-276, 290-297, 309-319, 331-340, 352-359, 371-375, 387-395, 408-410, 437-487, 503-511, 529-546
Backend CI	Run tests	2026-03-17T02:41:37.7121383Z app/api/reorder.py                                  171    116     20      0    29%   42, 63, 105-116, 127-129, 144-149, 160-164, 177-179, 195-198, 215-217, 234-250, 263-265, 282-286, 297-301, 313-318, 333-337, 364-373, 400-404, 436-444, 476-486, 525-532, 568-582, 611-649, 671-714
Backend CI	Run tests	2026-03-17T02:41:37.7124502Z app/api/reports.py                                  939    795    248      0    12%   76-86, 99-171, 193-226, 248-300, 313-388, 401-464, 475-527, 545-610, 627-670, 686-735, 753-836, 855-954, 976-990, 1001-1016, 1028-1035, 1048-1060, 1072-1084, 1096-1111, 1126-1138, 1150-1162, 1174-1186, 1202-1267, 1287-1386, 1405-1417, 1430-1442, 1454-1466, 1478-1490, 1503-1515, 1532-1544, 1565-1577, 1604-1651, 1669-1742, 1760-1800, 1820-1832, 1845-1857, 1871-1886, 1902-1908, 1922-1932, 1944-1950, 1964-1965, 1979-1991, 2012-2016, 2027-2034, 2055-2064, 2084-2091, 2099-2100, 2116-2117, 2135-2147, 2158-2159, 2171-2183, 2195-2207, 2219-2231, 2241-2242, 2258-2259, 2273-2279, 2292-2296, 2310-2316, 2329-2330
Backend CI	Run tests	2026-03-17T02:41:37.7126628Z app/api/reservations.py                              74     47     10      0    32%   30, 57-74, 90-100, 117-121, 133-141, 152-159, 170-177, 188-195, 206-208
Backend CI	Run tests	2026-03-17T02:41:37.7127301Z app/api/rewards.py                                  102     24      6      0    72%   104-107, 121-123, 135-139, 150-152, 165-167, 178-180, 191-193
Backend CI	Run tests	2026-03-17T02:41:37.7127980Z app/api/roles.py                                    124     65     32      0    38%   73-74, 90-106, 112-113, 123-126, 138-141, 154-160, 171-189, 201-238, 249-269, 283-309
Backend CI	Run tests	2026-03-17T02:41:37.7128798Z app/api/sage.py                                      94     44     12      0    47%   82-92, 116-132, 146-150, 161-165, 182-184, 205-219, 239-247, 274-275, 285-287, 311-315
Backend CI	Run tests	2026-03-17T02:41:37.7129406Z app/api/scheduler.py                                 61     45     24      0    19%   18-19, 38-75, 102-146, 166-178
Backend CI	Run tests	2026-03-17T02:41:37.7129922Z app/api/sessions.py                                  66     25     12      0    53%   54, 78-81, 98-109, 124-133, 152-173
Backend CI	Run tests	2026-03-17T02:41:37.7130767Z app/api/shifts.py                                   141     82     28      0    35%   31-34, 56-59, 86-98, 112-120, 137-143, 159-169, 186-190, 202-207, 218-221, 232-236, 247-251, 265-274, 285-289, 300-304, 331-334, 344-348, 357-361, 371-373, 383-384, 394-397
Backend CI	Run tests	2026-03-17T02:41:37.7131982Z app/api/signage.py                                  145     91     28      0    31%   56-59, 72-73, 88-92, 104-112, 123-125, 143-146, 159-160, 175-179, 191-200, 211-215, 234-239, 252-253, 271-275, 287-298, 309-313, 330-333, 346-347, 364-368, 380-390, 409-415, 431-435, 451-453
Backend CI	Run tests	2026-03-17T02:41:37.7133336Z app/api/staff_targets.py                            206     62     10      0    67%   146-157, 171-180, 191-195, 207-215, 226-228, 239-243, 257-266, 276-277, 291-303, 313-314, 326-330, 342-344, 356-357, 371-380, 394-408, 419-420, 432-433, 450-451, 473-474, 487-488
Backend CI	Run tests	2026-03-17T02:41:37.7134395Z app/api/stock_takes.py                              124     46      4      0    61%   96-102, 115-117, 134-138, 149-154, 166-170, 182-194, 205-210, 221-226, 237-242
Backend CI	Run tests	2026-03-17T02:41:37.7135064Z app/api/subscriptions.py                            101     35     16      3    59%   85, 117, 127-133, 158, 165-170, 199-224, 237-257
Backend CI	Run tests	2026-03-17T02:41:37.7135765Z app/api/suppliers.py                                 84     59     24      0    23%   19, 55-66, 82-86, 96-107, 118-132, 142-146, 157-181, 203-245
Backend CI	Run tests	2026-03-17T02:41:37.7136376Z app/api/sync.py                                      88     29      6      0    63%   82-91, 104-107, 121-125, 137-141, 151-153, 163-165, 177-181, 199
Backend CI	Run tests	2026-03-17T02:41:37.7136973Z app/api/tables.py                                    82     22      2      0    71%   75-76, 97-105, 120-139, 150-151, 163-164, 176-177, 188-190
Backend CI	Run tests	2026-03-17T02:41:37.7137672Z app/api/tags.py                                      80     44     14      0    38%   48-50, 67-68, 86-90, 101-105, 115-117, 136-140, 157-158, 178-182, 193-197, 207-209, 224-225, 241-243, 253-255
Backend CI	Run tests	2026-03-17T02:41:37.7138475Z app/api/tax.py                                      112     37     14      0    60%   89-100, 111-112, 123-127, 139-144, 155-157, 172-175, 187-189, 204-207, 219-221, 234-235, 249-250
Backend CI	Run tests	2026-03-17T02:41:37.7139459Z app/api/time_entries.py                             378    214     66      0    37%   187, 221-234, 245-260, 271-284, 294-300, 310-316, 332-372, 390-406, 428-444, 465-477, 506-585, 600-625, 637-665, 679-693, 705-721, 731-734, 744-747, 757-760, 780-813
Backend CI	Run tests	2026-03-17T02:41:37.7140350Z app/api/two_factor.py                                33      9      4      0    65%   30, 42-50, 62-70
Backend CI	Run tests	2026-03-17T02:41:37.7140821Z app/api/users.py                                     52     17      2      0    65%   54, 72-93, 105-107, 117-119
Backend CI	Run tests	2026-03-17T02:41:37.7141268Z app/api/webhooks.py                                  37      2      0      0    95%   43-49
Backend CI	Run tests	2026-03-17T02:41:37.7141753Z app/api/woocommerce.py                               39     19      6      0    44%   30-34, 45-46, 61-67, 77-79, 93-98
Backend CI	Run tests	2026-03-17T02:41:37.7142249Z app/api/xero.py                                      39     19      6      0    44%   30-34, 45-46, 61-67, 77-79, 93-98
Backend CI	Run tests	2026-03-17T02:41:37.7142811Z app/core/admin.py                                     7      3      2      0    44%   22-27
Backend CI	Run tests	2026-03-17T02:41:37.7143279Z app/core/ai_models.py                               104     11     24      2    90%   195, 197, 265->298, 277-295
Backend CI	Run tests	2026-03-17T02:41:37.7143760Z app/core/config.py                                   76      9     16      4    82%   26-27, 71->79, 74, 85, 89-93
Backend CI	Run tests	2026-03-17T02:41:37.7144354Z app/core/database.py                                 78     22      8      3    71%   44, 90-95, 143, 168-205
Backend CI	Run tests	2026-03-17T02:41:37.7144812Z app/core/encryption.py                               54     54     10      0     0%   14-131
Backend CI	Run tests	2026-03-17T02:41:37.7145447Z app/core/pdf.py                                     397    177     96     13    51%   19, 56, 60, 67, 82->89, 210-214, 241-243, 250-259, 262-269, 417->419, 420-421, 423, 440-461, 483-526, 567-716
Backend CI	Run tests	2026-03-17T02:41:37.7146070Z app/core/rate_limit.py                               20      4      4      1    71%   35-39
Backend CI	Run tests	2026-03-17T02:41:37.7146567Z app/core/rbac.py                                     95     70     50      0    17%   17-25, 30-46, 66-88, 101-127, 140-164, 193-206, 221-230
Backend CI	Run tests	2026-03-17T02:41:37.7147202Z app/core/redis.py                                   107     81     24      0    20%   28-50, 82-132, 136-140, 158-165, 184-195, 207-215, 227-240, 249, 272, 281, 290
Backend CI	Run tests	2026-03-17T02:41:37.7147816Z app/core/security.py                                 71     20     14      4    65%   18-19, 35, 47, 83, 91, 96-104, 109-117
Backend CI	Run tests	2026-03-17T02:41:37.7148415Z app/core/subscription.py                             74     50     34      3    25%   23-27, 31, 38-40, 58-77, 84-101, 108-122, 142-167, 183, 190-201, 208
Backend CI	Run tests	2026-03-17T02:41:37.7149026Z app/core/sync_database.py                            18     18      4      0     0%   7-50
Backend CI	Run tests	2026-03-17T02:41:37.7149639Z app/main.py                                         197     83     34      7    55%   85, 100, 117-120, 182, 191-200, 250-254, 266, 295-298, 304, 308-310, 315-318, 321-323, 349-448, 457-489
Backend CI	Run tests	2026-03-17T02:41:37.7150402Z app/middleware/rate_limiting.py                      51     20     14      2    54%   22, 40-42, 56->exit, 72-76, 88-91, 103-106, 119-122
Backend CI	Run tests	2026-03-17T02:41:37.7150945Z app/models/ai_conversation.py                        12      1      0      0    92%   22
Backend CI	Run tests	2026-03-17T02:41:37.7151379Z app/models/ai_message.py                             12      1      0      0    92%   22
Backend CI	Run tests	2026-03-17T02:41:37.7151798Z app/models/base.py                                   22      2      0      0    91%   34, 38
Backend CI	Run tests	2026-03-17T02:41:37.7152207Z app/models/business.py                               37      1      0      0    97%   60
Backend CI	Run tests	2026-03-17T02:41:37.7152777Z app/models/business_time_settings.py                 26      5      2      0    75%   36, 41, 45-47
Backend CI	Run tests	2026-03-17T02:41:37.7153259Z app/models/business_user.py                          24      1      0      0    96%   42
Backend CI	Run tests	2026-03-17T02:41:37.7153688Z app/models/combo.py                                  40      2      0      0    95%   83, 130
Backend CI	Run tests	2026-03-17T02:41:37.7154118Z app/models/customer.py                               45      3      4      0    90%   63-65
Backend CI	Run tests	2026-03-17T02:41:37.7154670Z app/models/customer_account.py                      168      7      4      0    96%   115, 182, 221, 253, 288, 335, 361
Backend CI	Run tests	2026-03-17T02:41:37.7155161Z app/models/department.py                             15      1      0      0    93%   26
Backend CI	Run tests	2026-03-17T02:41:37.7155633Z app/models/favorite_product.py                       29     10      6      0    54%   31, 36-38, 43-49
Backend CI	Run tests	2026-03-17T02:41:37.7156109Z app/models/inventory.py                              62      2      0      0    97%   57, 112
Backend CI	Run tests	2026-03-17T02:41:37.7156563Z app/models/invoice.py                                82      6      2      0    93%   87, 111, 116-118, 146
Backend CI	Run tests	2026-03-17T02:41:37.7157105Z app/models/layby.py                                  94     14      2      0    83%   330, 339, 348, 357, 366, 375, 384, 389, 394, 399, 404, 409-411
Backend CI	Run tests	2026-03-17T02:41:37.7157624Z app/models/layby_audit.py                            18      1      0      0    94%   29
Backend CI	Run tests	2026-03-17T02:41:37.7158082Z app/models/layby_config.py                           30      4      0      0    87%   119-120, 125, 130
Backend CI	Run tests	2026-03-17T02:41:37.7158592Z app/models/layby_item.py                             42      9      0      0    79%   116, 121, 126, 131, 136, 141, 146, 156-157
Backend CI	Run tests	2026-03-17T02:41:37.7159092Z app/models/layby_notification.py                     29      1      0      0    97%   54
Backend CI	Run tests	2026-03-17T02:41:37.7159657Z app/models/layby_payment.py                          62      9      2      0    83%   228, 233, 238, 243, 248, 253, 258-260
Backend CI	Run tests	2026-03-17T02:41:37.7160194Z app/models/layby_schedule.py                         46      7      0      0    85%   150, 155, 160, 165, 170, 175, 180
Backend CI	Run tests	2026-03-17T02:41:37.7160705Z app/models/modifier_availability.py                  18      2      0      0    89%   59-60
Backend CI	Run tests	2026-03-17T02:41:37.7161178Z app/models/order.py                                 104      5      2      0    93%   130, 145-147, 192
Backend CI	Run tests	2026-03-17T02:41:37.7161636Z app/models/order_item_modifier.py                    18      1      0      0    94%   67
Backend CI	Run tests	2026-03-17T02:41:37.7162104Z app/models/order_status_history.py                   16      1      0      0    94%   26
Backend CI	Run tests	2026-03-17T02:41:37.7162557Z app/models/organization.py                           13      1      0      0    92%   24
Backend CI	Run tests	2026-03-17T02:41:37.7163160Z app/models/pos_connection.py                         87     14      6      0    78%   60-63, 68-72, 104, 109, 114-116, 149
Backend CI	Run tests	2026-03-17T02:41:37.7163681Z app/models/product.py                                68      6      6      3    88%   76, 81, 88, 94, 110, 132
Backend CI	Run tests	2026-03-17T02:41:37.7164155Z app/models/product_ingredient.py                     19      1      0      0    95%   28
Backend CI	Run tests	2026-03-17T02:41:37.7164675Z app/models/product_supplier.py                       11      1      0      0    91%   23
Backend CI	Run tests	2026-03-17T02:41:37.7165151Z app/models/production.py                             56      7      2      0    84%   62, 66, 70-72, 98, 102
Backend CI	Run tests	2026-03-17T02:41:37.7165681Z app/models/report_subscription.py                    41      1      0      0    98%   56
Backend CI	Run tests	2026-03-17T02:41:37.7166147Z app/models/role.py                                   71      6      2      0    89%   110, 114, 118, 126-128
Backend CI	Run tests	2026-03-17T02:41:37.7166601Z app/models/stock_reservation.py                      22      1      0      0    95%   101
Backend CI	Run tests	2026-03-17T02:41:37.7167060Z app/models/stock_take.py                            109      3      0      0    97%   40, 60, 78
Backend CI	Run tests	2026-03-17T02:41:37.7167536Z app/models/subscription.py                           83      5      0      0    94%   96, 151, 205, 258, 304
Backend CI	Run tests	2026-03-17T02:41:37.7168037Z app/models/subscription_feature_definition.py        11      1      0      0    91%   21
Backend CI	Run tests	2026-03-17T02:41:37.7168608Z app/models/subscription_tier.py                      61     20      8      2    62%   22->28, 23->22, 30-35, 81, 86, 91, 95, 99, 103, 107-118
Backend CI	Run tests	2026-03-17T02:41:37.7169179Z app/models/subscription_tier_improved.py             74     74     14      0     0%   7-229
Backend CI	Run tests	2026-03-17T02:41:37.7169695Z app/models/subscription_transaction.py               45      2      0      0    96%   85, 90
Backend CI	Run tests	2026-03-17T02:41:37.7170220Z app/models/supplier.py                               29      1      0      0    97%   35
Backend CI	Run tests	2026-03-17T02:41:37.7170661Z app/models/time_entry.py                             67     16      8      0    68%   90, 99-119, 124
Backend CI	Run tests	2026-03-17T02:41:37.7171096Z app/models/user.py                                   57      2      0      0    96%   91, 94
Backend CI	Run tests	2026-03-17T02:41:37.7171516Z app/models/user_settings.py                          18      1      0      0    94%   43
Backend CI	Run tests	2026-03-17T02:41:37.7171967Z app/scheduler/config.py                              65      1     24      3    96%   55->62, 91, 94->99
Backend CI	Run tests	2026-03-17T02:41:37.7172458Z app/scheduler/jobs/auto_clockout_job.py              73     56      6      0    22%   39-142
Backend CI	Run tests	2026-03-17T02:41:37.7173094Z app/scheduler/jobs/demo_expiry_job.py                30     24      2      0    19%   23-70
Backend CI	Run tests	2026-03-17T02:41:37.7173593Z app/scheduler/jobs/device_cleanup_job.py             30     24      2      0    19%   23-67
Backend CI	Run tests	2026-03-17T02:41:37.7174105Z app/scheduler/jobs/layby_jobs.py                     93     82     20      0    10%   28-85, 95-170, 179-220
Backend CI	Run tests	2026-03-17T02:41:37.7174661Z app/scheduler/jobs/overdue_invoice_job.py            98     25     12      2    74%   91, 106-107, 132-137, 165-186
Backend CI	Run tests	2026-03-17T02:41:37.7175330Z app/scheduler/jobs/report_scheduler_job.py           94      7     10      3    90%   104-105, 119-129, 189->199, 196-197
Backend CI	Run tests	2026-03-17T02:41:37.7175898Z app/scheduler/manager.py                             69     11     16      3    84%   62-64, 80-82, 101-102, 119-120, 166
Backend CI	Run tests	2026-03-17T02:41:37.7176428Z app/scheduler/services/invoice_query.py              41      9     10      0    78%   76-86, 101-117
Backend CI	Run tests	2026-03-17T02:41:37.7177008Z app/scheduler/services/notification_creation.py      23      3      4      2    81%   48->57, 53->57, 70-75
Backend CI	Run tests	2026-03-17T02:41:37.7177588Z app/schemas/combo.py                                120     22     14      0    73%   56-59, 69-81, 99-101, 158-163, 168-170, 214
Backend CI	Run tests	2026-03-17T02:41:37.7178127Z app/schemas/customer_account.py                     396     11     18      1    95%   52, 245-247, 264-270
Backend CI	Run tests	2026-03-17T02:41:37.7178610Z app/schemas/department.py                            37      2      4      2    90%   22, 44
Backend CI	Run tests	2026-03-17T02:41:37.7179097Z app/schemas/modifier.py                             124     14      8      0    83%   47-50, 70-72, 149-152, 168-170
Backend CI	Run tests	2026-03-17T02:41:37.7179591Z app/schemas/notification.py                          39     39      0      0     0%   3-60
Backend CI	Run tests	2026-03-17T02:41:37.7180065Z app/schemas/test_statement_schemas.py               117    117      0      0     0%   3-339
Backend CI	Run tests	2026-03-17T02:41:37.7180640Z app/services/addon_service.py                       112      1     36      3    97%   145->144, 339->360, 347
Backend CI	Run tests	2026-03-17T02:41:37.7181170Z app/services/ai_context_service.py                   64     44     10      0    27%   25, 29-36, 40-349, 353-357
Backend CI	Run tests	2026-03-17T02:41:37.7181733Z app/services/app_help_kb.py                          49      1     14      2    95%   178, 202->205
Backend CI	Run tests	2026-03-17T02:41:37.7182206Z app/services/auth_service.py                         72      3     18      3    93%   24, 31, 38
Backend CI	Run tests	2026-03-17T02:41:37.7182823Z app/services/bulk_operations_service.py              71      0     16      1    99%   57->61
Backend CI	Run tests	2026-03-17T02:41:37.7183334Z app/services/bulk_template_service.py                45      0     12      1    98%   108->110
Backend CI	Run tests	2026-03-17T02:41:37.7183909Z app/services/cache_service.py                        55     17     20      6    64%   17-19, 33, 41, 43-45, 54-57, 60-61, 75, 82->86, 87-88, 100
Backend CI	Run tests	2026-03-17T02:41:37.7184476Z app/services/cash_register_service.py               113      0     32      1    99%   72->71
Backend CI	Run tests	2026-03-17T02:41:37.7185038Z app/services/cashup_service.py                       66     23     22      7    57%   39, 43->57, 53, 66, 92-137, 156, 160, 194, 206, 226-242
Backend CI	Run tests	2026-03-17T02:41:37.7185610Z app/services/category_service.py                    110      0     46      2    99%   169->177, 174->177
Backend CI	Run tests	2026-03-17T02:41:37.7186240Z app/services/combo_service.py                       120      0     54      5    97%   144->143, 254->253, 346->330, 376->380, 377->380
Backend CI	Run tests	2026-03-17T02:41:37.7186869Z app/services/crm_service.py                         216    110     56      2    48%   214, 243-306, 331-400, 422-423, 467-489, 527-565, 573-604
Backend CI	Run tests	2026-03-17T02:41:37.7187485Z app/services/custom_dashboard_service.py            121      0     34      3    98%   214->216, 216->218, 218->221
Backend CI	Run tests	2026-03-17T02:41:37.7188493Z app/services/customer_account_service.py            592     48    194     20    89%   64-66, 452->442, 901, 958, 1454-1455, 1457, 1479->1481, 1482, 1487-1496, 1653->1655, 1655->1658, 1689->1695, 1695->1701, 1708-1735, 1819, 1837, 1858-1863, 1887->1876, 1903-1905, 2054-2067, 2127-2134
Backend CI	Run tests	2026-03-17T02:41:37.7189444Z app/services/customer_service.py                     69      0     16      1    99%   175->177
Backend CI	Run tests	2026-03-17T02:41:37.7189984Z app/services/dashboard_service.py                   206      3     40      5    97%   89->88, 145->144, 366, 471-472, 557->556
Backend CI	Run tests	2026-03-17T02:41:37.7190525Z app/services/delivery_service.py                    101      0     28      1    99%   71->70
Backend CI	Run tests	2026-03-17T02:41:37.7191010Z app/services/department_service.py                   92      0     34      1    99%   252->257
Backend CI	Run tests	2026-03-17T02:41:37.7191569Z app/services/device_service.py                       72     54     12      0    21%   48, 83-145, 172-199, 218-228, 249-266, 284-302, 317-323
Backend CI	Run tests	2026-03-17T02:41:37.7192210Z app/services/email_service.py                        39      8     14      4    74%   40, 44, 47-53, 56->61
Backend CI	Run tests	2026-03-17T02:41:37.7192897Z app/services/email_template_service.py               96     38     12      3    56%   30-32, 47->49, 50-55, 66, 73-76, 98-100, 104-139, 168-170
Backend CI	Run tests	2026-03-17T02:41:37.7193499Z app/services/expense_service.py                     112      0     34      2    99%   73->72, 189->188
Backend CI	Run tests	2026-03-17T02:41:37.7194048Z app/services/extended_report_service.py              62      7     30      7    85%   66, 68, 70, 122, 124, 126, 191
Backend CI	Run tests	2026-03-17T02:41:37.7194727Z app/services/floor_plan_service.py                  104     40     32      5    54%   35->37, 88-90, 98-100, 142, 153-157, 163-183, 205, 214->217, 228-252, 262-283
Backend CI	Run tests	2026-03-17T02:41:37.7195602Z app/services/general_ledger_service.py              233     72     72      9    66%   66, 84-115, 201, 244, 246, 248, 284, 434->413, 495, 507->512, 525-535, 539-546, 552-571, 575-589, 605-625, 640-655, 674-688
Backend CI	Run tests	2026-03-17T02:41:37.7196567Z app/services/inventory_excel_service.py             203     27     64     12    85%   54->56, 205-207, 219-221, 226->225, 305-307, 314, 318, 322, 326, 340, 344, 360-362, 368-370, 375-379, 384
Backend CI	Run tests	2026-03-17T02:41:37.7197512Z app/services/inventory_report_service.py            179     65     42     14    61%   50, 53, 55, 152, 166-172, 199, 210, 257-283, 295, 345-346, 375-416, 480-484, 547-553, 596
Backend CI	Run tests	2026-03-17T02:41:37.7198293Z app/services/inventory_service.py                   117     34     26      7    67%   23, 25, 28-29, 49-50, 57, 62, 70, 79, 115-120, 206, 245-262, 266, 274-296
Backend CI	Run tests	2026-03-17T02:41:37.7198963Z app/services/invoice_payment_service.py              77      0     20      1    99%   150->153
Backend CI	Run tests	2026-03-17T02:41:37.7199454Z app/services/invoice_service.py                     107      0     24      1    99%   197->200
Backend CI	Run tests	2026-03-17T02:41:37.7200142Z app/services/layby_service.py                       324    112    116     13    64%   38-40, 63-64, 148-310, 395, 414, 417, 422->425, 429, 460-461, 468, 534, 598-605, 611->628, 730-803, 824, 852
Backend CI	Run tests	2026-03-17T02:41:37.7200883Z app/services/layby_stock_service.py                  85      9     24      2    86%   166->180, 221->240, 260-272, 285-291
Backend CI	Run tests	2026-03-17T02:41:37.7201419Z app/services/location_service.py                    106      0     26      1    99%   279->283
Backend CI	Run tests	2026-03-17T02:41:37.7201932Z app/services/loyalty_service.py                     163     21     46      3    85%   62-71, 108->111, 187, 234-270
Backend CI	Run tests	2026-03-17T02:41:37.7202846Z app/services/menu_service.py                        188     70     54      7    58%   69-85, 89-97, 103, 120-130, 140-149, 153, 168-191, 225-246, 260, 278->272, 284, 293-304, 315-324, 328-331, 344->353, 350->353, 424, 428
Backend CI	Run tests	2026-03-17T02:41:37.7203698Z app/services/modifier_availability_service.py       109      0     54      1    99%   246->245
Backend CI	Run tests	2026-03-17T02:41:37.7204500Z app/services/order_management_service.py            200     18     82     21    85%   73->76, 88, 113, 123, 126->134, 130->134, 154, 160, 161->165, 176-180, 197, 253->256, 297, 327, 335, 378, 400->402, 403, 405, 407, 409-410
Backend CI	Run tests	2026-03-17T02:41:37.7205296Z app/services/order_service.py                       152      4     46      4    95%   226-227, 242, 244, 283->286
Backend CI	Run tests	2026-03-17T02:41:37.7205837Z app/services/partner_service.py                     109      0     30      3    98%   157->156, 196->195, 263->262
Backend CI	Run tests	2026-03-17T02:41:37.7206417Z app/services/payment_service.py                     130     20     34      6    79%   76->79, 98-106, 112, 149, 172, 201-214, 379, 381
Backend CI	Run tests	2026-03-17T02:41:37.7207075Z app/services/pdf_service.py                         110     28     16      4    70%   28, 36-38, 41-48, 65-67, 107-108, 121-122, 131, 157-160, 169, 188-190
Backend CI	Run tests	2026-03-17T02:41:37.7207924Z app/services/permission_service.py                  159    113     70      5    24%   87-102, 128-146, 167-193, 219-242, 264, 267, 283, 310-341, 358-364, 397, 402->391, 428-459, 475, 489-500, 518-541, 555-564
Backend CI	Run tests	2026-03-17T02:41:37.7208906Z app/services/petty_cash_service.py                  180     34     34      9    77%   151, 157, 179, 205->207, 225, 245-292, 307-340, 397-411, 420, 470, 482, 550-561, 575, 579->581
Backend CI	Run tests	2026-03-17T02:41:37.7209552Z app/services/pms_service.py                         116      0     22      1    99%   153->152
Backend CI	Run tests	2026-03-17T02:41:37.7210100Z app/services/product_excel_service.py               229    208     72      0     7%   41, 45-48, 57-60, 69-108, 112-169, 189-407
Backend CI	Run tests	2026-03-17T02:41:37.7210697Z app/services/product_service.py                     156     10     54      5    92%   95, 189-194, 213, 218, 240->242, 248
Backend CI	Run tests	2026-03-17T02:41:37.7211253Z app/services/production_service.py                  141      0     58      2    99%   206->205, 208->216
Backend CI	Run tests	2026-03-17T02:41:37.7212063Z app/services/proforma_service.py                    264     47     78     17    77%   141-147, 152-155, 208, 240, 249->248, 258-262, 266, 292, 324-336, 342, 357, 374, 399, 400->405, 402->405, 465-470, 488, 518-523, 559-561, 621->623
Backend CI	Run tests	2026-03-17T02:41:37.7213050Z app/services/reorder_service.py                     164      5     62      9    94%   86->85, 103->105, 135, 218, 227->230, 241, 320, 327->356, 368
Backend CI	Run tests	2026-03-17T02:41:37.7213660Z app/services/reservation_service.py                  94     17     40      1    79%   122, 180-187, 236-249
Backend CI	Run tests	2026-03-17T02:41:37.7214350Z app/services/sales_report_service.py                201     30     30      7    82%   32-68, 109, 173-184, 243, 483->467, 589-591, 629-631, 722-723
Backend CI	Run tests	2026-03-17T02:41:37.7214941Z app/services/session_service.py                      93      7     28      1    90%   46-51, 54-55
Backend CI	Run tests	2026-03-17T02:41:37.7215550Z app/services/signage_service.py                     161      2     38      6    96%   116->115, 203, 205->204, 323, 325->324, 402->401
Backend CI	Run tests	2026-03-17T02:41:37.7216117Z app/services/smart_collection_service.py             88      0     26      1    99%   113->115
Backend CI	Run tests	2026-03-17T02:41:37.7216787Z app/services/staff_report_service.py                214     11     56     12    91%   604, 606-610, 612, 712, 714, 724->726, 726->723, 730->740, 750->753, 839, 867->869, 918
Backend CI	Run tests	2026-03-17T02:41:37.7217556Z app/services/staff_target_service.py                162     13     58     11    89%   95->94, 231->230, 261, 270, 285, 306, 308, 388->390, 415-435, 469, 471
Backend CI	Run tests	2026-03-17T02:41:37.7218282Z app/services/subscription_service.py                120    104     44      1    10%   23, 57-59, 95-137, 176-249, 287-363, 393-429, 461-506, 526-535
Backend CI	Run tests	2026-03-17T02:41:37.7218865Z app/services/tag_service.py                         108      0     32      1    99%   209->208
Backend CI	Run tests	2026-03-17T02:41:37.7219407Z app/services/time_tracking_service.py               195      8     74      7    94%   18, 20, 98, 152, 154, 253->257, 275-276, 345
Backend CI	Run tests	2026-03-17T02:41:37.7220217Z app/services/tracked_bulk_service.py                284     45     76      7    83%   199, 344->349, 354-359, 439-444, 493-499, 508-512, 591-596, 641-644, 654, 660->exit, 663-675, 708
Backend CI	Run tests	2026-03-17T02:41:37.7220933Z app/services/two_factor_service.py                   96      5     24      5    92%   44, 90, 111, 128, 144
Backend CI	Run tests	2026-03-17T02:41:37.7221483Z app/services/webhook_service.py                      76      6     12      4    89%   55, 73, 107-108, 123->126, 142-144
Backend CI	Run tests	2026-03-17T02:41:37.7222012Z app/services/woocommerce_service.py                  75      1     16      0    99%   22
Backend CI	Run tests	2026-03-17T02:41:37.7222484Z app/services/xero_service.py                         75      1     16      0    99%   22
Backend CI	Run tests	2026-03-17T02:41:37.7223030Z app/shared_config.py                                 16     16      2      0     0%   8-40
Backend CI	Run tests	2026-03-17T02:41:37.7223464Z ---------------------------------------------------------------------------------------------
Backend CI	Run tests	2026-03-17T02:41:37.7223865Z TOTAL                                             34340   9278   5962    416    69%
Backend CI	Run tests	2026-03-17T02:41:37.7224084Z 
Backend CI	Run tests	2026-03-17T02:41:37.7224194Z 140 files skipped due to complete coverage.
Backend CI	Run tests	2026-03-17T02:41:37.7224474Z Coverage XML written to file coverage.xml
Backend CI	Run tests	2026-03-17T02:41:37.7224869Z Required test coverage of 50% reached. Total coverage: 69.50%
Backend CI	Run tests	2026-03-17T02:41:37.7225231Z =========================== short test summary info ============================
Backend CI	Run tests	2026-03-17T02:41:37.7225734Z FAILED app/tests/property/test_properties_error_handling.py::test_error_isolation - assert 0 == 4
Backend CI	Run tests	2026-03-17T02:41:37.7226177Z  +  where 0 = len([])
Backend CI	Run tests	2026-03-17T02:41:37.7226389Z Falsifying example: test_error_isolation(
Backend CI	Run tests	2026-03-17T02:41:37.7226717Z     # The test always failed when commented parts were varied together.
Backend CI	Run tests	2026-03-17T02:41:37.7227118Z     invoices=[{'id': UUID('2189d8e6-12fb-4f0d-b8d6-38d185532e20'),
Backend CI	Run tests	2026-03-17T02:41:37.7227492Z       'business_id': UUID('bd649244-25e7-487c-a5cb-e1b3eeddff58'),
Backend CI	Run tests	2026-03-17T02:41:37.7227799Z       'invoice_number': 'INV-1000',
Backend CI	Run tests	2026-03-17T02:41:37.7228038Z       'due_date': datetime.date(2026, 3, 16),
Backend CI	Run tests	2026-03-17T02:41:37.7228309Z       'status': <InvoiceStatus.DRAFT: 'draft'>,
Backend CI	Run tests	2026-03-17T02:41:37.7228584Z       'issue_date': datetime.date(2026, 3, 9),
Backend CI	Run tests	2026-03-17T02:41:37.7228830Z       'subtotal': Decimal('100.00'),
Backend CI	Run tests	2026-03-17T02:41:37.7229058Z       'total': Decimal('100.00'),
Backend CI	Run tests	2026-03-17T02:41:37.7229280Z       'amount_paid': Decimal('0.00'),
Backend CI	Run tests	2026-03-17T02:41:37.7229508Z       'balance_due': Decimal('100.00')},
Backend CI	Run tests	2026-03-17T02:41:37.7229852Z      {'id': UUID('1d383653-218c-4880-bef5-07f211a57fa5'),
Backend CI	Run tests	2026-03-17T02:41:37.7230180Z       'business_id': UUID('c036d674-8287-4461-9c4a-2c8d6a85b6f1'),
Backend CI	Run tests	2026-03-17T02:41:37.7230477Z       'invoice_number': 'INV-1000',
Backend CI	Run tests	2026-03-17T02:41:37.7230711Z       'due_date': datetime.date(2026, 3, 16),
Backend CI	Run tests	2026-03-17T02:41:37.7231034Z       'status': <InvoiceStatus.DRAFT: 'draft'>,
Backend CI	Run tests	2026-03-17T02:41:37.7231302Z       'issue_date': datetime.date(2026, 3, 9),
Backend CI	Run tests	2026-03-17T02:41:37.7231542Z       'subtotal': Decimal('100.00'),
Backend CI	Run tests	2026-03-17T02:41:37.7231763Z       'total': Decimal('100.00'),
Backend CI	Run tests	2026-03-17T02:41:37.7231981Z       'amount_paid': Decimal('0.00'),
Backend CI	Run tests	2026-03-17T02:41:37.7232211Z       'balance_due': Decimal('100.00')},
Backend CI	Run tests	2026-03-17T02:41:37.7232485Z      {'id': UUID('1e659ddd-c963-4cff-8f55-5243b9f4bd11'),
Backend CI	Run tests	2026-03-17T02:41:37.7232958Z       'business_id': UUID('5e91e6ec-4ef3-4de8-b892-14a1fb05db3f'),
Backend CI	Run tests	2026-03-17T02:41:37.7233258Z       'invoice_number': 'INV-1000',
Backend CI	Run tests	2026-03-17T02:41:37.7233486Z       'due_date': datetime.date(2026, 3, 16),
Backend CI	Run tests	2026-03-17T02:41:37.7233753Z       'status': <InvoiceStatus.DRAFT: 'draft'>,
Backend CI	Run tests	2026-03-17T02:41:37.7234016Z       'issue_date': datetime.date(2026, 3, 9),
Backend CI	Run tests	2026-03-17T02:41:37.7234252Z       'subtotal': Decimal('100.00'),
Backend CI	Run tests	2026-03-17T02:41:37.7234471Z       'total': Decimal('100.00'),
Backend CI	Run tests	2026-03-17T02:41:37.7234690Z       'amount_paid': Decimal('0.00'),
Backend CI	Run tests	2026-03-17T02:41:37.7234983Z       'balance_due': Decimal('100.00')},
Backend CI	Run tests	2026-03-17T02:41:37.7235245Z      {'id': UUID('fb0a01ea-9051-48a4-9030-98fda5621600'),
Backend CI	Run tests	2026-03-17T02:41:37.7235569Z       'business_id': UUID('a779f341-c461-4fd0-9eb0-82a01f63cd0d'),
Backend CI	Run tests	2026-03-17T02:41:37.7235897Z       'invoice_number': 'INV-1000',
Backend CI	Run tests	2026-03-17T02:41:37.7236128Z       'due_date': datetime.date(2026, 3, 16),
Backend CI	Run tests	2026-03-17T02:41:37.7236386Z       'status': <InvoiceStatus.DRAFT: 'draft'>,
Backend CI	Run tests	2026-03-17T02:41:37.7236646Z       'issue_date': datetime.date(2026, 3, 9),
Backend CI	Run tests	2026-03-17T02:41:37.7236879Z       'subtotal': Decimal('100.00'),
Backend CI	Run tests	2026-03-17T02:41:37.7237100Z       'total': Decimal('100.00'),
Backend CI	Run tests	2026-03-17T02:41:37.7237317Z       'amount_paid': Decimal('0.00'),
Backend CI	Run tests	2026-03-17T02:41:37.7237539Z       'balance_due': Decimal('100.00')},
Backend CI	Run tests	2026-03-17T02:41:37.7237810Z      {'id': UUID('fcbff710-2f66-4731-9e1c-7f6f19e6fd9c'),
Backend CI	Run tests	2026-03-17T02:41:37.7238145Z       'business_id': UUID('4b9b01b3-be94-4e97-87f7-ccfa82c4f181'),
Backend CI	Run tests	2026-03-17T02:41:37.7238447Z       'invoice_number': 'INV-1000',
Backend CI	Run tests	2026-03-17T02:41:37.7238678Z       'due_date': datetime.date(2026, 3, 16),
Backend CI	Run tests	2026-03-17T02:41:37.7238938Z       'status': <InvoiceStatus.DRAFT: 'draft'>,
Backend CI	Run tests	2026-03-17T02:41:37.7239197Z       'issue_date': datetime.date(2026, 3, 9),
Backend CI	Run tests	2026-03-17T02:41:37.7239433Z       'subtotal': Decimal('100.00'),
Backend CI	Run tests	2026-03-17T02:41:37.7239725Z       'total': Decimal('100.00'),
Backend CI	Run tests	2026-03-17T02:41:37.7239945Z       'amount_paid': Decimal('0.00'),
Backend CI	Run tests	2026-03-17T02:41:37.7240242Z       'balance_due': Decimal('100.00')}],  # or any other generated value
Backend CI	Run tests	2026-03-17T02:41:37.7240604Z     error_indices=[0],  # or any other generated value
Backend CI	Run tests	2026-03-17T02:41:37.7240869Z )
Backend CI	Run tests	2026-03-17T02:41:37.7240951Z 
Backend CI	Run tests	2026-03-17T02:41:37.7241371Z You can reproduce this example by temporarily adding @reproduce_failure('6.122.3', b'AXicY2SAAUYiWSAmAADjAAc=') as a decorator on your test case
Backend CI	Run tests	2026-03-17T02:41:37.7242244Z FAILED app/tests/property/test_properties_error_handling.py::test_execution_logging_completeness - AssertionError: assert 0 > 0
Backend CI	Run tests	2026-03-17T02:41:37.7242899Z  +  where 0 = len([])
Backend CI	Run tests	2026-03-17T02:41:37.7243170Z  +    where [] = <Mock spec='JobExecutionLog' id='139869468280016'>.errors
Backend CI	Run tests	2026-03-17T02:41:37.7243558Z Falsifying example: test_execution_logging_completeness(
Backend CI	Run tests	2026-03-17T02:41:37.7243920Z     invoices=[{'id': UUID('cb538be7-f59d-4b1c-b052-6af52e19307d'),
Backend CI	Run tests	2026-03-17T02:41:37.7244285Z       'business_id': UUID('3f126980-3a17-44d9-ad24-7e64ab147701'),
Backend CI	Run tests	2026-03-17T02:41:37.7244584Z       'invoice_number': 'INV-1000',
Backend CI	Run tests	2026-03-17T02:41:37.7244817Z       'due_date': datetime.date(2026, 3, 16),
Backend CI	Run tests	2026-03-17T02:41:37.7245090Z       'status': <InvoiceStatus.DRAFT: 'draft'>,
Backend CI	Run tests	2026-03-17T02:41:37.7245460Z       'issue_date': datetime.date(2026, 3, 9),
Backend CI	Run tests	2026-03-17T02:41:37.7245701Z       'subtotal': Decimal('100.00'),
Backend CI	Run tests	2026-03-17T02:41:37.7245924Z       'total': Decimal('100.00'),
Backend CI	Run tests	2026-03-17T02:41:37.7246144Z       'amount_paid': Decimal('0.00'),
Backend CI	Run tests	2026-03-17T02:41:37.7246506Z       'balance_due': Decimal('100.00')}],  # or any other generated value
Backend CI	Run tests	2026-03-17T02:41:37.7246819Z     has_errors=True,
Backend CI	Run tests	2026-03-17T02:41:37.7246991Z )
Backend CI	Run tests	2026-03-17T02:41:37.7247138Z Explanation:
Backend CI	Run tests	2026-03-17T02:41:37.7247369Z     These lines were always and only run by failing examples:
Backend CI	Run tests	2026-03-17T02:41:37.7247908Z         /home/runner/work/BizPilot2/BizPilot2/backend/app/tests/property/test_properties_error_handling.py:306
Backend CI	Run tests	2026-03-17T02:41:37.7248517Z         /opt/hostedtoolcache/Python/3.12.13/x64/lib/python3.12/unittest/mock.py:570
Backend CI	Run tests	2026-03-17T02:41:37.7248810Z 
Backend CI	Run tests	2026-03-17T02:41:37.7249205Z You can reproduce this example by temporarily adding @reproduce_failure('6.122.3', b'AAEAAAAAAAAAAAAAAQ==') as a decorator on your test case
Backend CI	Run tests	2026-03-17T02:41:37.7250141Z FAILED app/tests/property/test_properties_notification_creation.py::test_notification_creation_for_new_overdue_invoices - AssertionError: assert 0 == 1
Backend CI	Run tests	2026-03-17T02:41:37.7250759Z  +  where 0 = len([])
Backend CI	Run tests	2026-03-17T02:41:37.7250998Z  +  and   1 = len([<Mock spec='Invoice' id='139869712759312'>])
Backend CI	Run tests	2026-03-17T02:41:37.7251457Z Falsifying example: test_notification_creation_for_new_overdue_invoices(
Backend CI	Run tests	2026-03-17T02:41:37.7251872Z     invoices=[{'id': UUID('7aebfe83-6612-460e-9acd-185dfd804e6a'),
Backend CI	Run tests	2026-03-17T02:41:37.7252238Z       'business_id': UUID('1361d03b-a578-4cac-a161-bd8f34e834b1'),
Backend CI	Run tests	2026-03-17T02:41:37.7252594Z       'customer_id': UUID('a34dc630-ea12-40f0-ac87-3f61aeb5bf54'),
Backend CI	Run tests	2026-03-17T02:41:37.7253029Z       'invoice_number': 'INV-1000',
Backend CI	Run tests	2026-03-17T02:41:37.7253268Z       'due_date': datetime.date(2026, 3, 16),
Backend CI	Run tests	2026-03-17T02:41:37.7253534Z       'status': <InvoiceStatus.DRAFT: 'draft'>,
Backend CI	Run tests	2026-03-17T02:41:37.7253796Z       'issue_date': datetime.date(2026, 3, 9),
Backend CI	Run tests	2026-03-17T02:41:37.7254046Z       'subtotal': Decimal('100.00'),
Backend CI	Run tests	2026-03-17T02:41:37.7254270Z       'total': Decimal('100.00'),
Backend CI	Run tests	2026-03-17T02:41:37.7254491Z       'amount_paid': Decimal('0.00'),
Backend CI	Run tests	2026-03-17T02:41:37.7254791Z       'balance_due': Decimal('100.00')}],  # or any other generated value
Backend CI	Run tests	2026-03-17T02:41:37.7255098Z )
Backend CI	Run tests	2026-03-17T02:41:37.7255175Z 
Backend CI	Run tests	2026-03-17T02:41:37.7255556Z You can reproduce this example by temporarily adding @reproduce_failure('6.122.3', b'AAEAAAAAAAAAAAAA') as a decorator on your test case
Backend CI	Run tests	2026-03-17T02:41:37.7256507Z FAILED app/tests/property/test_properties_notification_creation.py::test_notification_contains_days_overdue - AssertionError: Notification should be created
Backend CI	Run tests	2026-03-17T02:41:37.7257226Z assert None is not None
Backend CI	Run tests	2026-03-17T02:41:37.7257501Z Falsifying example: test_notification_contains_days_overdue(
Backend CI	Run tests	2026-03-17T02:41:37.7257890Z     invoice_data={'id': UUID('4ebf2a6c-4868-4e35-bc37-d71bf860832e'),
Backend CI	Run tests	2026-03-17T02:41:37.7258261Z      'business_id': UUID('948e5778-26aa-49df-a3a8-a8935208f176'),
Backend CI	Run tests	2026-03-17T02:41:37.7258621Z      'customer_id': UUID('cd4328e6-657c-467a-88fa-1da34456fc3e'),
Backend CI	Run tests	2026-03-17T02:41:37.7258926Z      'invoice_number': 'INV-1000',
Backend CI	Run tests	2026-03-17T02:41:37.7259163Z      'due_date': datetime.date(2026, 3, 16),
Backend CI	Run tests	2026-03-17T02:41:37.7259429Z      'status': <InvoiceStatus.DRAFT: 'draft'>,
Backend CI	Run tests	2026-03-17T02:41:37.7259693Z      'issue_date': datetime.date(2026, 3, 9),
Backend CI	Run tests	2026-03-17T02:41:37.7259940Z      'subtotal': Decimal('100.00'),
Backend CI	Run tests	2026-03-17T02:41:37.7260160Z      'total': Decimal('100.00'),
Backend CI	Run tests	2026-03-17T02:41:37.7260381Z      'amount_paid': Decimal('0.00'),
Backend CI	Run tests	2026-03-17T02:41:37.7260683Z      'balance_due': Decimal('100.00')},  # or any other generated value
Backend CI	Run tests	2026-03-17T02:41:37.7260984Z )
Backend CI	Run tests	2026-03-17T02:41:37.7261070Z 
Backend CI	Run tests	2026-03-17T02:41:37.7261447Z You can reproduce this example by temporarily adding @reproduce_failure('6.122.3', b'AAAAAAAAAAAAAA==') as a decorator on your test case
Backend CI	Run tests	2026-03-17T02:41:37.7262448Z FAILED app/tests/property/test_properties_notification_deduplication.py::test_notification_deduplication - AssertionError: Expected 1 new notifications, but 0 were created
Backend CI	Run tests	2026-03-17T02:41:37.7263331Z assert 0 == 1
Backend CI	Run tests	2026-03-17T02:41:37.7263495Z  +  where 0 = len([])
Backend CI	Run tests	2026-03-17T02:41:37.7263732Z  +  and   1 = len([<Mock spec='Invoice' id='139869594730816'>])
Backend CI	Run tests	2026-03-17T02:41:37.7264130Z Falsifying example: test_notification_deduplication(
Backend CI	Run tests	2026-03-17T02:41:37.7264498Z     # The test always failed when commented parts were varied together.
Backend CI	Run tests	2026-03-17T02:41:37.7264953Z     invoices_with_notifications=[{'id': UUID('b95d8c65-869a-4a14-b4b9-2ef573271ef2'),
Backend CI	Run tests	2026-03-17T02:41:37.7265390Z       'business_id': UUID('61d6e45e-fc8a-4411-81c7-5f61b350fcbb'),
Backend CI	Run tests	2026-03-17T02:41:37.7265696Z       'invoice_number': 'INV-1000',
Backend CI	Run tests	2026-03-17T02:41:37.7265929Z       'due_date': datetime.date(2026, 3, 16),
Backend CI	Run tests	2026-03-17T02:41:37.7266196Z       'status': <InvoiceStatus.DRAFT: 'draft'>,
Backend CI	Run tests	2026-03-17T02:41:37.7266465Z       'issue_date': datetime.date(2026, 3, 9),
Backend CI	Run tests	2026-03-17T02:41:37.7266713Z       'subtotal': Decimal('100.00'),
Backend CI	Run tests	2026-03-17T02:41:37.7266941Z       'total': Decimal('100.00'),
Backend CI	Run tests	2026-03-17T02:41:37.7267232Z       'amount_paid': Decimal('0.00')}],  # or any other generated value
Backend CI	Run tests	2026-03-17T02:41:37.7267677Z     invoices_without_notifications=[{'id': UUID('47560852-f6e4-4f3b-b64c-06c28b1c8cbe'),
Backend CI	Run tests	2026-03-17T02:41:37.7268124Z       'business_id': UUID('07d325dc-5475-4da7-aed4-28d1f6a254f7'),
Backend CI	Run tests	2026-03-17T02:41:37.7268528Z       'invoice_number': 'INV-1000',
Backend CI	Run tests	2026-03-17T02:41:37.7268759Z       'due_date': datetime.date(2026, 3, 16),
Backend CI	Run tests	2026-03-17T02:41:37.7269014Z       'status': <InvoiceStatus.DRAFT: 'draft'>,
Backend CI	Run tests	2026-03-17T02:41:37.7269279Z       'issue_date': datetime.date(2026, 3, 9),
Backend CI	Run tests	2026-03-17T02:41:37.7269525Z       'subtotal': Decimal('100.00'),
Backend CI	Run tests	2026-03-17T02:41:37.7269741Z       'total': Decimal('100.00'),
Backend CI	Run tests	2026-03-17T02:41:37.7270029Z       'amount_paid': Decimal('0.00')}],  # or any other generated value
Backend CI	Run tests	2026-03-17T02:41:37.7270326Z )
Backend CI	Run tests	2026-03-17T02:41:37.7270404Z 
Backend CI	Run tests	2026-03-17T02:41:37.7270804Z You can reproduce this example by temporarily adding @reproduce_failure('6.122.3', b'AXicY2SAA0YEEwAANwAD') as a decorator on your test case
Backend CI	Run tests	2026-03-17T02:41:37.7271506Z FAILED app/tests/test_ai.py::TestAIAPI::test_ai_chat_endpoint_exists - assert 404 == 401
Backend CI	Run tests	2026-03-17T02:41:37.7271935Z  +  where 404 = <Response [404 Not Found]>.status_code
Backend CI	Run tests	2026-03-17T02:41:37.7272365Z FAILED app/tests/test_ai.py::TestAIAPI::test_ai_conversations_list_exists - assert 404 == 401
Backend CI	Run tests	2026-03-17T02:41:37.7272918Z  +  where 404 = <Response [404 Not Found]>.status_code
Backend CI	Run tests	2026-03-17T02:41:37.7273350Z FAILED app/tests/test_ai.py::TestAIAPI::test_ai_conversations_create_exists - assert 404 == 401
Backend CI	Run tests	2026-03-17T02:41:37.7273982Z  +  where 404 = <Response [404 Not Found]>.status_code
Backend CI	Run tests	2026-03-17T02:41:37.7274714Z FAILED app/tests/test_ai.py::TestAIAPI::test_ai_messages_list_exists - assert 404 == 401
Backend CI	Run tests	2026-03-17T02:41:37.7275480Z  +  where 404 = <Response [404 Not Found]>.status_code
Backend CI	Run tests	2026-03-17T02:41:37.7275877Z FAILED app/tests/test_ai.py::TestAIAPI::test_ai_context_exists - assert 404 == 401
Backend CI	Run tests	2026-03-17T02:41:37.7276285Z  +  where 404 = <Response [404 Not Found]>.status_code
Backend CI	Run tests	2026-03-17T02:41:37.7276747Z FAILED app/tests/test_ai.py::TestAIAPI::test_ai_chat_returns_clear_4xx_when_unconfigured - assert 404 == 400
Backend CI	Run tests	2026-03-17T02:41:37.7277231Z  +  where 404 = <Response [404 Not Found]>.status_code
Backend CI	Run tests	2026-03-17T02:41:37.7277967Z FAILED app/tests/test_ai_service.py::TestConversations::test_list - AttributeError: 'AIService' object has no attribute 'list_conversations'
Backend CI	Run tests	2026-03-17T02:41:37.7279142Z FAILED app/tests/test_ai_service.py::TestConversations::test_create - AttributeError: 'AIService' object has no attribute 'create_conversation'
Backend CI	Run tests	2026-03-17T02:41:37.7280065Z FAILED app/tests/test_ai_service.py::TestConversations::test_delete - AttributeError: 'AIService' object has no attribute 'delete_conversation'
Backend CI	Run tests	2026-03-17T02:41:37.7281010Z FAILED app/tests/test_ai_service.py::TestConversations::test_delete_not_found - AttributeError: 'AIService' object has no attribute 'delete_conversation'
Backend CI	Run tests	2026-03-17T02:41:37.7282051Z FAILED app/tests/test_ai_service.py::TestMessages::test_list - AttributeError: 'AIService' object has no attribute 'list_messages'
Backend CI	Run tests	2026-03-17T02:41:37.7282407Z FAILED app/tests/test_ai_service.py::TestMessages::test_add - AttributeError: 'AIService' object has no attribute 'add_message'
Backend CI	Run tests	2026-03-17T02:41:37.7283081Z FAILED app/tests/test_ai_service.py::TestBusinessContext::test_no_business - AttributeError: 'AIService' object has no attribute 'build_business_context'
Backend CI	Run tests	2026-03-17T02:41:37.7283764Z FAILED app/tests/test_ai_service.py::TestBusinessContext::test_none_level - AttributeError: 'AIService' object has no attribute 'build_business_context'
Backend CI	Run tests	2026-03-17T02:41:37.7284580Z FAILED app/tests/test_ai_service.py::TestContextModeDetection::test_app_help - AttributeError: 'AIService' object has no attribute 'detect_context_mode'
Backend CI	Run tests	2026-03-17T02:41:37.7285177Z FAILED app/tests/test_ai_service.py::TestContextModeDetection::test_business - AttributeError: 'AIService' object has no attribute 'detect_context_mode'
Backend CI	Run tests	2026-03-17T02:41:37.7285624Z FAILED app/tests/test_ai_service.py::TestContextModeDetection::test_mixed - AttributeError: 'AIService' object has no attribute 'detect_context_mode'
Backend CI	Run tests	2026-03-17T02:41:37.7286094Z FAILED app/tests/test_ai_service.py::TestContextModeDetection::test_default_mixed - AttributeError: 'AIService' object has no attribute 'detect_context_mode'
Backend CI	Run tests	2026-03-17T02:41:37.7286644Z FAILED app/tests/test_ai_service.py::TestSystemPrompt::test_no_context - AttributeError: 'AIService' object has no attribute '_build_grounded_system_prompt'
Backend CI	Run tests	2026-03-17T02:41:37.7287126Z FAILED app/tests/test_ai_service.py::TestSystemPrompt::test_with_app_context - AttributeError: 'AIService' object has no attribute '_build_grounded_system_prompt'
Backend CI	Run tests	2026-03-17T02:41:37.7287599Z FAILED app/tests/test_ai_service.py::TestSystemPrompt::test_with_biz_context - AttributeError: 'AIService' object has no attribute '_build_grounded_system_prompt'
Backend CI	Run tests	2026-03-17T02:41:37.7288396Z FAILED app/tests/test_ai_service.py::TestAsyncMethods::test_generate_title_no_key - AttributeError: <module 'app.services.ai_service' from '/home/runner/work/BizPilot2/BizPilot2/backend/app/services/ai_service.py'> does not have the attribute 'settings'
Backend CI	Run tests	2026-03-17T02:41:37.7289010Z FAILED app/tests/test_ai_service.py::TestAsyncMethods::test_generate_title_success - AttributeError: <app.services.ai_service.AIService object at 0x7f35e4de93d0> does not have the attribute '_call_groq'
Backend CI	Run tests	2026-03-17T02:41:37.7289617Z FAILED app/tests/test_ai_service.py::TestAsyncMethods::test_generate_title_error - AttributeError: <app.services.ai_service.AIService object at 0x7f35effe67b0> does not have the attribute '_call_groq'
Backend CI	Run tests	2026-03-17T02:41:37.7290443Z FAILED app/tests/test_ai_service.py::TestAsyncMethods::test_call_groq_no_key - AttributeError: <module 'app.services.ai_service' from '/home/runner/work/BizPilot2/BizPilot2/backend/app/services/ai_service.py'> does not have the attribute 'settings'
Backend CI	Run tests	2026-03-17T02:41:37.7290928Z FAILED app/tests/test_cashup_service.py::test_generate_cashup_aggregates_all_shift_orders_correctly - AttributeError: type object 'Order' has no attribute 'user_id'
Backend CI	Run tests	2026-03-17T02:41:37.7291390Z FAILED app/tests/test_cashup_service.py::test_generate_cashup_fails_when_shift_has_open_orders - AttributeError: type object 'Order' has no attribute 'user_id'
Backend CI	Run tests	2026-03-17T02:41:37.7291903Z FAILED app/tests/test_cashup_service.py::test_approve_cashup_changes_status - pydantic_core._pydantic_core.ValidationError: 8 validation errors for WaiterCashupResponse
Backend CI	Run tests	2026-03-17T02:41:37.7291974Z total_tips
Backend CI	Run tests	2026-03-17T02:41:37.7292326Z   Decimal input should be an integer, float, string or Decimal object [type=decimal_type, input_value=None, input_type=NoneType]
Backend CI	Run tests	2026-03-17T02:41:37.7292553Z     For further information visit https://errors.pydantic.dev/2.12/v/decimal_type
Backend CI	Run tests	2026-03-17T02:41:37.7292625Z cash_collected
Backend CI	Run tests	2026-03-17T02:41:37.7293091Z   Decimal input should be an integer, float, string or Decimal object [type=decimal_type, input_value=None, input_type=NoneType]
Backend CI	Run tests	2026-03-17T02:41:37.7293364Z     For further information visit https://errors.pydantic.dev/2.12/v/decimal_type
Backend CI	Run tests	2026-03-17T02:41:37.7293430Z card_collected
Backend CI	Run tests	2026-03-17T02:41:37.7293763Z   Decimal input should be an integer, float, string or Decimal object [type=decimal_type, input_value=None, input_type=NoneType]
Backend CI	Run tests	2026-03-17T02:41:37.7294020Z     For further information visit https://errors.pydantic.dev/2.12/v/decimal_type
Backend CI	Run tests	2026-03-17T02:41:37.7294089Z cover_count
Backend CI	Run tests	2026-03-17T02:41:37.7294310Z   Input should be a valid integer [type=int_type, input_value=None, input_type=NoneType]
Backend CI	Run tests	2026-03-17T02:41:37.7294499Z     For further information visit https://errors.pydantic.dev/2.12/v/int_type
Backend CI	Run tests	2026-03-17T02:41:37.7294567Z tables_served
Backend CI	Run tests	2026-03-17T02:41:37.7294781Z   Input should be a valid integer [type=int_type, input_value=None, input_type=NoneType]
Backend CI	Run tests	2026-03-17T02:41:37.7294965Z     For further information visit https://errors.pydantic.dev/2.12/v/int_type
Backend CI	Run tests	2026-03-17T02:41:37.7295029Z shift_id
Backend CI	Run tests	2026-03-17T02:41:37.7295311Z   UUID input should be a string, bytes or UUID object [type=uuid_type, input_value=None, input_type=NoneType]
Backend CI	Run tests	2026-03-17T02:41:37.7295502Z     For further information visit https://errors.pydantic.dev/2.12/v/uuid_type
Backend CI	Run tests	2026-03-17T02:41:37.7295572Z generated_at
Backend CI	Run tests	2026-03-17T02:41:37.7295809Z   Input should be a valid datetime [type=datetime_type, input_value=None, input_type=NoneType]
Backend CI	Run tests	2026-03-17T02:41:37.7296072Z     For further information visit https://errors.pydantic.dev/2.12/v/datetime_type
Backend CI	Run tests	2026-03-17T02:41:37.7296142Z updated_at
Backend CI	Run tests	2026-03-17T02:41:37.7296370Z   Input should be a valid datetime [type=datetime_type, input_value=None, input_type=NoneType]
Backend CI	Run tests	2026-03-17T02:41:37.7296570Z     For further information visit https://errors.pydantic.dev/2.12/v/datetime_type
Backend CI	Run tests	2026-03-17T02:41:37.7297082Z FAILED app/tests/test_cashup_service.py::test_reject_cashup_requires_reason - pydantic_core._pydantic_core.ValidationError: 9 validation errors for WaiterCashupResponse
Backend CI	Run tests	2026-03-17T02:41:37.7297147Z total_sales
Backend CI	Run tests	2026-03-17T02:41:37.7297494Z   Decimal input should be an integer, float, string or Decimal object [type=decimal_type, input_value=None, input_type=NoneType]
Backend CI	Run tests	2026-03-17T02:41:37.7297694Z     For further information visit https://errors.pydantic.dev/2.12/v/decimal_type
Backend CI	Run tests	2026-03-17T02:41:37.7297758Z total_tips
Backend CI	Run tests	2026-03-17T02:41:37.7298097Z   Decimal input should be an integer, float, string or Decimal object [type=decimal_type, input_value=None, input_type=NoneType]
Backend CI	Run tests	2026-03-17T02:41:37.7298295Z     For further information visit https://errors.pydantic.dev/2.12/v/decimal_type
Backend CI	Run tests	2026-03-17T02:41:37.7298367Z cash_collected
Backend CI	Run tests	2026-03-17T02:41:37.7298700Z   Decimal input should be an integer, float, string or Decimal object [type=decimal_type, input_value=None, input_type=NoneType]
Backend CI	Run tests	2026-03-17T02:41:37.7298953Z     For further information visit https://errors.pydantic.dev/2.12/v/decimal_type
Backend CI	Run tests	2026-03-17T02:41:37.7299023Z card_collected
Backend CI	Run tests	2026-03-17T02:41:37.7299354Z   Decimal input should be an integer, float, string or Decimal object [type=decimal_type, input_value=None, input_type=NoneType]
Backend CI	Run tests	2026-03-17T02:41:37.7299550Z     For further information visit https://errors.pydantic.dev/2.12/v/decimal_type
Backend CI	Run tests	2026-03-17T02:41:37.7299617Z cover_count
Backend CI	Run tests	2026-03-17T02:41:37.7299825Z   Input should be a valid integer [type=int_type, input_value=None, input_type=NoneType]
Backend CI	Run tests	2026-03-17T02:41:37.7300021Z     For further information visit https://errors.pydantic.dev/2.12/v/int_type
Backend CI	Run tests	2026-03-17T02:41:37.7300084Z tables_served
Backend CI	Run tests	2026-03-17T02:41:37.7300290Z   Input should be a valid integer [type=int_type, input_value=None, input_type=NoneType]
Backend CI	Run tests	2026-03-17T02:41:37.7300478Z     For further information visit https://errors.pydantic.dev/2.12/v/int_type
Backend CI	Run tests	2026-03-17T02:41:37.7300542Z shift_id
Backend CI	Run tests	2026-03-17T02:41:37.7300817Z   UUID input should be a string, bytes or UUID object [type=uuid_type, input_value=None, input_type=NoneType]
Backend CI	Run tests	2026-03-17T02:41:37.7301011Z     For further information visit https://errors.pydantic.dev/2.12/v/uuid_type
Backend CI	Run tests	2026-03-17T02:41:37.7301120Z generated_at
Backend CI	Run tests	2026-03-17T02:41:37.7301354Z   Input should be a valid datetime [type=datetime_type, input_value=None, input_type=NoneType]
Backend CI	Run tests	2026-03-17T02:41:37.7301555Z     For further information visit https://errors.pydantic.dev/2.12/v/datetime_type
Backend CI	Run tests	2026-03-17T02:41:37.7301659Z updated_at
Backend CI	Run tests	2026-03-17T02:41:37.7301890Z   Input should be a valid datetime [type=datetime_type, input_value=None, input_type=NoneType]
Backend CI	Run tests	2026-03-17T02:41:37.7302091Z     For further information visit https://errors.pydantic.dev/2.12/v/datetime_type
Backend CI	Run tests	2026-03-17T02:41:37.7302520Z FAILED app/tests/test_coverage_services.py::test_ai_chat_returns_fallback_when_not_configured - ModuleNotFoundError: No module named 'app.api.ai'
Backend CI	Run tests	2026-03-17T02:41:37.7303174Z FAILED app/tests/test_coverage_services.py::test_ai_generate_ai_response_keyword_paths - ModuleNotFoundError: No module named 'app.api.ai'
Backend CI	Run tests	2026-03-17T02:41:37.7303589Z FAILED app/tests/test_coverage_services.py::test_get_current_business_id_returns_id - ValueError: badly formed hexadecimal UUID string
Backend CI	Run tests	2026-03-17T02:41:37.7304077Z FAILED app/tests/test_coverage_services.py::test_auth_login_sets_cookies_for_web - AttributeError: 'types.SimpleNamespace' object has no attribute 'totp_enabled'
Backend CI	Run tests	2026-03-17T02:41:37.7304584Z FAILED app/tests/test_coverage_services.py::test_auth_login_does_not_set_cookies_for_mobile - AttributeError: 'types.SimpleNamespace' object has no attribute 'totp_enabled'
Backend CI	Run tests	2026-03-17T02:41:37.7305075Z FAILED app/tests/test_final_integration_validation.py::TestFinalIntegration::test_pricing_consistency_across_endpoints - assert 0 == 5
Backend CI	Run tests	2026-03-17T02:41:37.7305145Z  +  where 0 = len([])
Backend CI	Run tests	2026-03-17T02:41:37.7305606Z FAILED app/tests/test_final_integration_validation.py::TestFinalIntegration::test_guest_ai_functionality_and_security - assert 404 in [200, 400, 429, 500, 503]
Backend CI	Run tests	2026-03-17T02:41:37.7305729Z  +  where 404 = <Response [404 Not Found]>.status_code
Backend CI	Run tests	2026-03-17T02:41:37.7306186Z FAILED app/tests/test_final_integration_validation.py::TestFinalIntegration::test_authenticated_ai_context_switching - assert 404 in [200, 400, 429, 500, 503]
Backend CI	Run tests	2026-03-17T02:41:37.7306299Z  +  where 404 = <Response [404 Not Found]>.status_code
Backend CI	Run tests	2026-03-17T02:41:37.7306708Z FAILED app/tests/test_final_integration_validation.py::TestFinalIntegration::test_pricing_enterprise_tier_handling - assert None is not None
Backend CI	Run tests	2026-03-17T02:41:37.7307050Z FAILED app/tests/test_final_integration_validation.py::TestFinalIntegration::test_performance_under_load - assert False
Backend CI	Run tests	2026-03-17T02:41:37.7307423Z  +  where False = all(<generator object TestFinalIntegration.test_performance_under_load.<locals>.<genexpr> at 0x7f35f88c9700>)
Backend CI	Run tests	2026-03-17T02:41:37.7307814Z FAILED app/tests/test_final_integration_validation.py::TestFinalIntegration::test_error_handling_and_recovery - assert 404 in [400, 422]
Backend CI	Run tests	2026-03-17T02:41:37.7307984Z  +  where 404 = <Response [404 Not Found]>.status_code
Backend CI	Run tests	2026-03-17T02:41:37.7308433Z FAILED app/tests/test_final_integration_validation.py::TestFinalIntegration::test_marketing_ai_context_validation - assert 404 in [200, 400, 429, 500, 503]
Backend CI	Run tests	2026-03-17T02:41:37.7308539Z  +  where 404 = <Response [404 Not Found]>.status_code
Backend CI	Run tests	2026-03-17T02:41:37.7308997Z FAILED app/tests/test_final_integration_validation.py::TestFinalIntegration::test_session_management_and_persistence - assert 404 in [200, 400, 429, 500, 503]
Backend CI	Run tests	2026-03-17T02:41:37.7309100Z  +  where 404 = <Response [404 Not Found]>.status_code
Backend CI	Run tests	2026-03-17T02:41:37.7309569Z FAILED app/tests/test_final_integration_validation.py::TestFinalIntegration::test_analytics_and_monitoring_integration - assert 404 in [200, 400, 429, 500, 503]
Backend CI	Run tests	2026-03-17T02:41:37.7309668Z  +  where 404 = <Response [404 Not Found]>.status_code
Backend CI	Run tests	2026-03-17T02:41:37.7310103Z FAILED app/tests/test_final_integration_validation.py::TestFinalIntegration::test_security_and_data_protection - assert 404 in [200, 400, 429, 500, 503]
Backend CI	Run tests	2026-03-17T02:41:37.7310212Z  +  where 404 = <Response [404 Not Found]>.status_code
Backend CI	Run tests	2026-03-17T02:41:37.7310790Z FAILED app/tests/test_floor_plan_service.py::test_get_active_floor_plan_returns_all_tables_with_status - pydantic_core._pydantic_core.ValidationError: 2 validation errors for FloorPlanResponse
Backend CI	Run tests	2026-03-17T02:41:37.7310919Z created_at
Backend CI	Run tests	2026-03-17T02:41:37.7311213Z   Field required [type=missing, input_value={'id': UUID('487053ce-678...d=None, cover_count=0)]}, input_type=dict]
Backend CI	Run tests	2026-03-17T02:41:37.7311457Z     For further information visit https://errors.pydantic.dev/2.12/v/missing
Backend CI	Run tests	2026-03-17T02:41:37.7311528Z updated_at
Backend CI	Run tests	2026-03-17T02:41:37.7311812Z   Field required [type=missing, input_value={'id': UUID('487053ce-678...d=None, cover_count=0)]}, input_type=dict]
Backend CI	Run tests	2026-03-17T02:41:37.7311996Z     For further information visit https://errors.pydantic.dev/2.12/v/missing
Backend CI	Run tests	2026-03-17T02:41:37.7312498Z FAILED app/tests/test_pdf.py::test_generate_pdf_from_valid_html_returns_bytes_starting_with_pdf_marker - fastapi.exceptions.HTTPException: 500: PDF generation failed
Backend CI	Run tests	2026-03-17T02:41:37.7313038Z FAILED app/tests/test_pdf.py::test_invoice_pdf_service_returns_correct_data - fastapi.exceptions.HTTPException: 500: PDF generation failed
Backend CI	Run tests	2026-03-17T02:41:37.7313480Z FAILED app/tests/test_pdf.py::test_cashup_pdf_contains_all_required_financial_fields - fastapi.exceptions.HTTPException: 500: PDF generation failed
Backend CI	Run tests	2026-03-17T02:41:37.7313900Z FAILED app/tests/test_pdf.py::test_purchase_order_pdf_service_returns_correct_data - fastapi.exceptions.HTTPException: 500: PDF generation failed
Backend CI	Run tests	2026-03-17T02:41:37.7314262Z FAILED app/tests/test_pdf.py::test_invoice_pdf_endpoint_returns_200_with_pdf_content_type - assert 500 == 200
Backend CI	Run tests	2026-03-17T02:41:37.7314413Z  +  where 500 = <Response [500 Internal Server Error]>.status_code
Backend CI	Run tests	2026-03-17T02:41:37.7315113Z FAILED app/tests/test_pricing_consistency_integration.py::TestPricingConsistencyIntegration::test_marketing_page_pricing_matches_backend_tiers_exactly - AssertionError: Should have exactly 5 tiers including Enterprise
Backend CI	Run tests	2026-03-17T02:41:37.7315187Z assert 0 == 5
Backend CI	Run tests	2026-03-17T02:41:37.7315255Z  +  where 0 = len([])
Backend CI	Run tests	2026-03-17T02:41:37.7315863Z FAILED app/tests/test_pricing_consistency_integration.py::TestPricingConsistencyIntegration::test_enterprise_tier_custom_pricing_display - AssertionError: Enterprise tier should exist in backend
Backend CI	Run tests	2026-03-17T02:41:37.7315944Z assert None is not None
Backend CI	Run tests	2026-03-17T02:41:37.7316581Z FAILED app/tests/test_pricing_consistency_integration.py::TestPricingConsistencyIntegration::test_enterprise_tier_displays_contact_sales_consistently - AssertionError: Enterprise tier should be available
Backend CI	Run tests	2026-03-17T02:41:37.7316663Z assert None is not None
Backend CI	Run tests	2026-03-17T02:41:37.7317262Z FAILED app/tests/test_pricing_consistency_integration.py::TestPricingConsistencyIntegration::test_enterprise_contact_sales_flow_integration - AssertionError: Enterprise tier should be available
Backend CI	Run tests	2026-03-17T02:41:37.7317393Z assert None is not None
Backend CI	Run tests	2026-03-17T02:41:37.7317868Z FAILED app/tests/test_product_service.py::TestUpdateProduct::test_update_product_with_ingredients - AttributeError: 'dict' object has no attribute 'model_dump'
Backend CI	Run tests	2026-03-17T02:41:37.7318406Z FAILED app/tests/test_reservation_service.py::TestCancelReservation::test_cancel_completed_raises - AttributeError: type object 'ReservationStatus' has no attribute 'COMPLETED'
Backend CI	Run tests	2026-03-17T02:41:37.7318936Z FAILED app/tests/test_reservation_service.py::TestSeatReservation::test_seat_confirmed_reservation - AttributeError: type object 'ReservationStatus' has no attribute 'SEATED'
Backend CI	Run tests	2026-03-17T02:41:37.7319411Z FAILED app/tests/test_reservation_service.py::TestCheckConflicts::test_no_conflicts - AttributeError: type object 'ReservationStatus' has no attribute 'SEATED'
Backend CI	Run tests	2026-03-17T02:41:37.7319896Z FAILED app/tests/test_reservation_service.py::TestCheckConflicts::test_detects_overlap - AttributeError: type object 'ReservationStatus' has no attribute 'SEATED'
Backend CI	Run tests	2026-03-17T02:41:37.7320410Z FAILED app/tests/test_reservation_service.py::TestCheckConflicts::test_no_overlap_adjacent_slots - AttributeError: type object 'ReservationStatus' has no attribute 'SEATED'
Backend CI	Run tests	2026-03-17T02:41:37.7320907Z FAILED app/tests/test_reservation_service.py::TestCheckConflicts::test_exclude_self_on_update - AttributeError: type object 'ReservationStatus' has no attribute 'SEATED'
Backend CI	Run tests	2026-03-17T02:41:37.7321534Z FAILED app/tests/test_subscription_api_integration.py::TestSubscriptionAPIIntegration::test_subscription_tiers_endpoint_returns_data - AssertionError: Should return at least one tier
Backend CI	Run tests	2026-03-17T02:41:37.7321655Z assert 0 > 0
Backend CI	Run tests	2026-03-17T02:41:37.7321726Z  +  where 0 = len([])
Backend CI	Run tests	2026-03-17T02:41:37.7322347Z FAILED app/tests/test_subscription_api_integration.py::TestSubscriptionAPIIntegration::test_subscription_tiers_pricing_matches_shared_config - AssertionError: Tier pilot_solo not found in API response
Backend CI	Run tests	2026-03-17T02:41:37.7322419Z assert None is not None
Backend CI	Run tests	2026-03-17T02:41:37.7322966Z FAILED app/tests/test_subscription_api_integration.py::TestSubscriptionAPIIntegration::test_get_nonexistent_tier_returns_404 - assert 500 == 404
Backend CI	Run tests	2026-03-17T02:41:37.7323111Z  +  where 500 = <Response [500 Internal Server Error]>.status_code
Backend CI	Run tests	2026-03-17T02:41:37.7323655Z FAILED app/tests/test_subscription_pricing.py::TestSubscriptionPricingConsistency::test_subscription_tiers_endpoint_returns_correct_pricing - AssertionError: assert 0 == 5
Backend CI	Run tests	2026-03-17T02:41:37.7323722Z  +  where 0 = len([])
Backend CI	Run tests	2026-03-17T02:41:41.2319376Z  +  and   5 = len([SubscriptionTier(id='pilot_solo', name='pilot_solo', display_name='Pilot Solo', description='Free starter tier for getting started with BizPilot', price_monthly_cents=0, price_yearly_cents=0, currency='ZAR', sort_order=0, is_default=True, is_active=True, is_custom_pricing=False, features={'max_users': 1, 'max_orders_per_month': 5, 'max_terminals': 0}, feature_flags={'basic_reports': False, 'inventory_tracking': True, 'cost_calculations': False, 'email_support': False, 'export_reports': False, 'ai_insights': False, 'custom_categories': False, 'priority_support': False, 'multi_location': False, 'api_access': False, 'team_collaboration': False, 'pos_system': False, 'customer_management': False}, paystack_plan_code_monthly=None, paystack_plan_code_yearly=None), SubscriptionTier(id='pilot_lite', name='pilot_lite', display_name='Pilot Lite', description='Coffee stalls and trucks: cash/card tracking with basic sales reports', price_monthly_cents=19900, price_yearly_cents=191040, currency='ZAR', sort_order=1, is_default=False, is_active=True, is_custom_pricing=False, features={'max_users': 3, 'max_orders_per_month': -1, 'max_terminals': 1}, feature_flags={'basic_reports': True, 'invento...ti_location': True, 'api_access': True, 'team_collaboration': True, 'pos_system': True, 'customer_management': True}, paystack_plan_code_monthly=None, paystack_plan_code_yearly=None), SubscriptionTier(id='enterprise', name='enterprise', display_name='Enterprise', description='Custom enterprise solution with tailored features and dedicated support', price_monthly_cents=-1, price_yearly_cents=-1, currency='ZAR', sort_order=4, is_default=False, is_active=True, is_custom_pricing=True, features={'max_users': -1, 'max_orders_per_month': -1, 'max_terminals': -1, 'max_locations': -1, 'custom_integrations': -1, 'dedicated_support': 1}, feature_flags={'basic_reports': True, 'inventory_tracking': True, 'cost_calculations': True, 'email_support': True, 'export_reports': True, 'ai_insights': True, 'custom_categories': True, 'priority_support': True, 'multi_location': True, 'api_access': True, 'team_collaboration': True, 'white_labeling': True, 'custom_development': True, 'dedicated_account_manager': True, 'sla_guarantee': True, 'advanced_security': True, 'custom_workflows': True, 'pos_system': True, 'customer_management': True}, paystack_plan_code_monthly=None, paystack_plan_code_yearly=None)])
Backend CI	Run tests	2026-03-17T02:41:41.2328141Z FAILED app/tests/test_subscription_pricing.py::TestSubscriptionPricingConsistency::test_specific_tier_pricing_accuracy - assert None is not None
Backend CI	Run tests	2026-03-17T02:41:41.2329478Z FAILED app/tests/test_subscription_pricing.py::TestSubscriptionPricingConsistency::test_payment_processing_uses_correct_amounts - AssertionError: assert <MagicMock name='mock.query().first().price_monthly_cents' id='139869719535664'> == 79900
Backend CI	Run tests	2026-03-17T02:41:41.2330890Z FAILED app/tests/test_subscription_pricing.py::TestSubscriptionPricingConsistency::test_tier_upgrade_downgrade_functionality - assert True is False
Backend CI	Run tests	2026-03-17T02:41:41.2331932Z FAILED app/tests/test_subscription_pricing.py::TestSubscriptionPricingConsistency::test_enterprise_tier_custom_pricing_handling - assert None is not None
Backend CI	Run tests	2026-03-17T02:41:41.2333175Z FAILED app/tests/test_subscription_pricing.py::TestSubscriptionAPIIntegration::test_subscription_api_error_handling - assert 500 == 404
Backend CI	Run tests	2026-03-17T02:41:41.2333837Z  +  where 500 = <Response [500 Internal Server Error]>.status_code
Backend CI	Run tests	2026-03-17T02:41:41.2334243Z ========== 75 failed, 4145 passed, 1324 warnings in 258.30s (0:04:18) ==========
Backend CI	Run tests	2026-03-17T02:41:44.8689266Z ##[error]Process completed with exit code 1.
Backend CI	Post Checkout code	﻿2026-03-17T02:41:44.8777275Z Post job cleanup.
Backend CI	Post Checkout code	2026-03-17T02:41:44.9739584Z [command]/usr/bin/git version
Backend CI	Post Checkout code	2026-03-17T02:41:44.9776699Z git version 2.53.0
Backend CI	Post Checkout code	2026-03-17T02:41:44.9827801Z Temporarily overriding HOME='/home/runner/work/_temp/f96d1f0e-0770-4931-a446-e5f9b9aacfd7' before making global git config changes
Backend CI	Post Checkout code	2026-03-17T02:41:44.9829169Z Adding repository directory to the temporary git global config as a safe directory
Backend CI	Post Checkout code	2026-03-17T02:41:44.9834685Z [command]/usr/bin/git config --global --add safe.directory /home/runner/work/BizPilot2/BizPilot2
Backend CI	Post Checkout code	2026-03-17T02:41:44.9871299Z [command]/usr/bin/git config --local --name-only --get-regexp core\.sshCommand
Backend CI	Post Checkout code	2026-03-17T02:41:44.9905674Z [command]/usr/bin/git submodule foreach --recursive sh -c "git config --local --name-only --get-regexp 'core\.sshCommand' && git config --local --unset-all 'core.sshCommand' || :"
Backend CI	Post Checkout code	2026-03-17T02:41:45.0155089Z [command]/usr/bin/git config --local --name-only --get-regexp http\.https\:\/\/github\.com\/\.extraheader
Backend CI	Post Checkout code	2026-03-17T02:41:45.0178268Z http.https://github.com/.extraheader
Backend CI	Post Checkout code	2026-03-17T02:41:45.0191136Z [command]/usr/bin/git config --local --unset-all http.https://github.com/.extraheader
Backend CI	Post Checkout code	2026-03-17T02:41:45.0223585Z [command]/usr/bin/git submodule foreach --recursive sh -c "git config --local --name-only --get-regexp 'http\.https\:\/\/github\.com\/\.extraheader' && git config --local --unset-all 'http.https://github.com/.extraheader' || :"
Backend CI	Post Checkout code	2026-03-17T02:41:45.0466453Z [command]/usr/bin/git config --local --name-only --get-regexp ^includeIf\.gitdir:
Backend CI	Post Checkout code	2026-03-17T02:41:45.0499141Z [command]/usr/bin/git submodule foreach --recursive git config --local --show-origin --name-only --get-regexp remote.origin.url
Backend CI	Stop containers	﻿2026-03-17T02:41:45.0846098Z Print service container logs: 8e584fef1c014b8591dcc63108fd3d10_postgres16_a50e83
Backend CI	Stop containers	2026-03-17T02:41:45.0850403Z ##[command]/usr/bin/docker logs --details de03cca3f03d143c684f8e02efef5ca8961cd9b80cad59f3430a7b1c8a610700
Backend CI	Stop containers	2026-03-17T02:41:45.0980220Z  initdb: warning: enabling "trust" authentication for local connections
Backend CI	Stop containers	2026-03-17T02:41:45.0981548Z  initdb: hint: You can change this by editing pg_hba.conf or using the option -A, or --auth-local and --auth-host, the next time you run initdb.
Backend CI	Stop containers	2026-03-17T02:41:45.0982977Z  The files belonging to this database system will be owned by user "postgres".
Backend CI	Stop containers	2026-03-17T02:41:45.0983682Z  This user must also own the server process.
Backend CI	Stop containers	2026-03-17T02:41:45.0984100Z  
Backend CI	Stop containers	2026-03-17T02:41:45.0984518Z  The database cluster will be initialized with locale "en_US.utf8".
Backend CI	Stop containers	2026-03-17T02:41:45.0985226Z  The default database encoding has accordingly been set to "UTF8".
Backend CI	Stop containers	2026-03-17T02:41:45.0985906Z  The default text search configuration will be set to "english".
Backend CI	Stop containers	2026-03-17T02:41:45.0986408Z  
Backend CI	Stop containers	2026-03-17T02:41:45.0986734Z  Data page checksums are disabled.
Backend CI	Stop containers	2026-03-17T02:41:45.0987120Z  
Backend CI	Stop containers	2026-03-17T02:41:45.0987567Z  fixing permissions on existing directory /var/lib/postgresql/data ... ok
Backend CI	Stop containers	2026-03-17T02:41:45.0988193Z  creating subdirectories ... ok
Backend CI	Stop containers	2026-03-17T02:41:45.0988664Z  selecting dynamic shared memory implementation ... posix
Backend CI	Stop containers	2026-03-17T02:41:45.0989200Z  selecting default max_connections ... 100
Backend CI	Stop containers	2026-03-17T02:41:45.0989636Z  selecting default shared_buffers ... 128MB
Backend CI	Stop containers	2026-03-17T02:41:45.0990266Z  selecting default time zone ... Etc/UTC
Backend CI	Stop containers	2026-03-17T02:41:45.0990683Z  creating configuration files ... ok
Backend CI	Stop containers	2026-03-17T02:41:45.0991082Z  running bootstrap script ... ok
Backend CI	Stop containers	2026-03-17T02:41:45.0991533Z  performing post-bootstrap initialization ... ok
Backend CI	Stop containers	2026-03-17T02:41:45.0991998Z  syncing data to disk ... ok
Backend CI	Stop containers	2026-03-17T02:41:45.0992327Z  
Backend CI	Stop containers	2026-03-17T02:41:45.0992552Z  
Backend CI	Stop containers	2026-03-17T02:41:45.0993054Z  Success. You can now start the database server using:
Backend CI	Stop containers	2026-03-17T02:41:45.0993512Z  
Backend CI	Stop containers	2026-03-17T02:41:45.0993846Z      pg_ctl -D /var/lib/postgresql/data -l logfile start
Backend CI	Stop containers	2026-03-17T02:41:45.0994343Z  
Backend CI	Stop containers	2026-03-17T02:41:45.0995267Z  2026-03-17 02:35:45.684 UTC [1] LOG:  starting PostgreSQL 16.13 (Debian 16.13-1.pgdg13+1) on x86_64-pc-linux-gnu, compiled by gcc (Debian 14.2.0-19) 14.2.0, 64-bit
Backend CI	Stop containers	2026-03-17T02:41:45.0996396Z  2026-03-17 02:35:45.685 UTC [1] LOG:  listening on IPv4 address "0.0.0.0", port 5432
Backend CI	Stop containers	2026-03-17T02:41:45.0997082Z  2026-03-17 02:35:45.685 UTC [1] LOG:  listening on IPv6 address "::", port 5432
Backend CI	Stop containers	2026-03-17T02:41:45.0997874Z  2026-03-17 02:35:45.686 UTC [1] LOG:  listening on Unix socket "/var/run/postgresql/.s.PGSQL.5432"
Backend CI	Stop containers	2026-03-17T02:41:45.0998791Z  2026-03-17 02:35:45.689 UTC [64] LOG:  database system was shut down at 2026-03-17 02:35:45 UTC
Backend CI	Stop containers	2026-03-17T02:41:45.0999597Z  2026-03-17 02:35:45.693 UTC [1] LOG:  database system is ready to accept connections
Backend CI	Stop containers	2026-03-17T02:41:45.1001327Z  2026-03-17 02:40:45.848 UTC [62] LOG:  checkpoint starting: time
Backend CI	Stop containers	2026-03-17T02:41:45.1002424Z  waiting for server to start....2026-03-17 02:35:45.373 UTC [48] LOG:  starting PostgreSQL 16.13 (Debian 16.13-1.pgdg13+1) on x86_64-pc-linux-gnu, compiled by gcc (Debian 14.2.0-19) 14.2.0, 64-bit
Backend CI	Stop containers	2026-03-17T02:41:45.1003581Z  2026-03-17 02:35:45.374 UTC [48] LOG:  listening on Unix socket "/var/run/postgresql/.s.PGSQL.5432"
Backend CI	Stop containers	2026-03-17T02:41:45.1004144Z  2026-03-17 02:35:45.377 UTC [51] LOG:  database system was shut down at 2026-03-17 02:35:45 UTC
Backend CI	Stop containers	2026-03-17T02:41:45.1004638Z  2026-03-17 02:35:45.381 UTC [48] LOG:  database system is ready to accept connections
Backend CI	Stop containers	2026-03-17T02:41:45.1004982Z   done
Backend CI	Stop containers	2026-03-17T02:41:45.1005138Z  server started
Backend CI	Stop containers	2026-03-17T02:41:45.1005303Z  CREATE DATABASE
Backend CI	Stop containers	2026-03-17T02:41:45.1005469Z  
Backend CI	Stop containers	2026-03-17T02:41:45.1005613Z  
Backend CI	Stop containers	2026-03-17T02:41:45.1005894Z  /usr/local/bin/docker-entrypoint.sh: ignoring /docker-entrypoint-initdb.d/*
Backend CI	Stop containers	2026-03-17T02:41:45.1006258Z  
Backend CI	Stop containers	2026-03-17T02:41:45.1006585Z  waiting for server to shut down...2026-03-17 02:35:45.563 UTC [48] LOG:  received fast shutdown request
Backend CI	Stop containers	2026-03-17T02:41:45.1007504Z  .2026-03-17 02:35:45.564 UTC [48] LOG:  aborting any active transactions
Backend CI	Stop containers	2026-03-17T02:41:45.1008188Z  2026-03-17 02:35:45.566 UTC [48] LOG:  background worker "logical replication launcher" (PID 54) exited with exit code 1
Backend CI	Stop containers	2026-03-17T02:41:45.1008709Z  2026-03-17 02:35:45.567 UTC [49] LOG:  shutting down
Backend CI	Stop containers	2026-03-17T02:41:45.1009072Z  2026-03-17 02:35:45.567 UTC [49] LOG:  checkpoint starting: shutdown immediate
Backend CI	Stop containers	2026-03-17T02:41:45.1010121Z  2026-03-17 02:35:45.585 UTC [49] LOG:  checkpoint complete: wrote 926 buffers (5.7%); 0 WAL file(s) added, 0 removed, 0 recycled; write=0.015 s, sync=0.002 s, total=0.019 s; sync files=301, longest=0.001 s, average=0.001 s; distance=4273 kB, estimate=4273 kB; lsn=0/191F0F0, redo lsn=0/191F0F0
Backend CI	Stop containers	2026-03-17T02:41:45.1011152Z  2026-03-17 02:35:45.592 UTC [48] LOG:  database system is shut down
Backend CI	Stop containers	2026-03-17T02:41:45.1011464Z   done
Backend CI	Stop containers	2026-03-17T02:41:45.1011612Z  server stopped
Backend CI	Stop containers	2026-03-17T02:41:45.1011777Z  
Backend CI	Stop containers	2026-03-17T02:41:45.1011985Z  PostgreSQL init process complete; ready for start up.
Backend CI	Stop containers	2026-03-17T02:41:45.1012258Z  
Backend CI	Stop containers	2026-03-17T02:41:45.1018484Z Stop and remove container: 8e584fef1c014b8591dcc63108fd3d10_postgres16_a50e83
Backend CI	Stop containers	2026-03-17T02:41:45.1023508Z ##[command]/usr/bin/docker rm --force de03cca3f03d143c684f8e02efef5ca8961cd9b80cad59f3430a7b1c8a610700
Backend CI	Stop containers	2026-03-17T02:41:45.2291579Z de03cca3f03d143c684f8e02efef5ca8961cd9b80cad59f3430a7b1c8a610700
Backend CI	Stop containers	2026-03-17T02:41:45.2319430Z Remove container network: github_network_a54505ae81b54a68a27fd45c5660f98a
Backend CI	Stop containers	2026-03-17T02:41:45.2324109Z ##[command]/usr/bin/docker network rm github_network_a54505ae81b54a68a27fd45c5660f98a
Backend CI	Stop containers	2026-03-17T02:41:45.3721005Z github_network_a54505ae81b54a68a27fd45c5660f98a
Backend CI	Complete job	﻿2026-03-17T02:41:45.3795089Z Cleaning up orphan processes
Backend CI	Complete job	2026-03-17T02:41:45.4139411Z ##[warning]Node.js 20 actions are deprecated. The following actions are running on Node.js 20 and may not work as expected: actions/checkout@v4. Actions will be forced to run with Node.js 24 by default starting June 2nd, 2026. Please check if updated versions of these actions are available that support Node.js 24. To opt into Node.js 24 now, set the FORCE_JAVASCRIPT_ACTIONS_TO_NODE24=true environment variable on the runner or in your workflow file. Once Node.js 24 becomes the default, you can temporarily opt out by setting ACTIONS_ALLOW_USE_UNSECURE_NODE_VERSION=true. For more information see: https://github.blog/changelog/2025-09-19-deprecation-of-node-20-on-github-actions-runners/
Shared Types Check	Set up job	﻿2026-03-17T02:35:37.6365520Z Current runner version: '2.332.0'
Shared Types Check	Set up job	2026-03-17T02:35:37.6391698Z ##[group]Runner Image Provisioner
Shared Types Check	Set up job	2026-03-17T02:35:37.6392579Z Hosted Compute Agent
Shared Types Check	Set up job	2026-03-17T02:35:37.6393282Z Version: 20260213.493
Shared Types Check	Set up job	2026-03-17T02:35:37.6393906Z Commit: 5c115507f6dd24b8de37d8bbe0bb4509d0cc0fa3
Shared Types Check	Set up job	2026-03-17T02:35:37.6394614Z Build Date: 2026-02-13T00:28:41Z
Shared Types Check	Set up job	2026-03-17T02:35:37.6395232Z Worker ID: {6808fe5e-45a7-4206-b6db-47de3bce0cf4}
Shared Types Check	Set up job	2026-03-17T02:35:37.6395968Z Azure Region: westcentralus
Shared Types Check	Set up job	2026-03-17T02:35:37.6396626Z ##[endgroup]
Shared Types Check	Set up job	2026-03-17T02:35:37.6398020Z ##[group]Operating System
Shared Types Check	Set up job	2026-03-17T02:35:37.6398690Z Ubuntu
Shared Types Check	Set up job	2026-03-17T02:35:37.6399141Z 24.04.3
Shared Types Check	Set up job	2026-03-17T02:35:37.6399586Z LTS
Shared Types Check	Set up job	2026-03-17T02:35:37.6399975Z ##[endgroup]
Shared Types Check	Set up job	2026-03-17T02:35:37.6400563Z ##[group]Runner Image
Shared Types Check	Set up job	2026-03-17T02:35:37.6401061Z Image: ubuntu-24.04
Shared Types Check	Set up job	2026-03-17T02:35:37.6401545Z Version: 20260309.50.1
Shared Types Check	Set up job	2026-03-17T02:35:37.6402608Z Included Software: https://github.com/actions/runner-images/blob/ubuntu24/20260309.50/images/ubuntu/Ubuntu2404-Readme.md
Shared Types Check	Set up job	2026-03-17T02:35:37.6404600Z Image Release: https://github.com/actions/runner-images/releases/tag/ubuntu24%2F20260309.50
Shared Types Check	Set up job	2026-03-17T02:35:37.6405526Z ##[endgroup]
Shared Types Check	Set up job	2026-03-17T02:35:37.6406567Z ##[group]GITHUB_TOKEN Permissions
Shared Types Check	Set up job	2026-03-17T02:35:37.6408421Z Contents: read
Shared Types Check	Set up job	2026-03-17T02:35:37.6408978Z Metadata: read
Shared Types Check	Set up job	2026-03-17T02:35:37.6409437Z Packages: read
Shared Types Check	Set up job	2026-03-17T02:35:37.6410062Z ##[endgroup]
Shared Types Check	Set up job	2026-03-17T02:35:37.6411957Z Secret source: Actions
Shared Types Check	Set up job	2026-03-17T02:35:37.6412646Z Prepare workflow directory
Shared Types Check	Set up job	2026-03-17T02:35:37.6824431Z Prepare all required actions
Shared Types Check	Set up job	2026-03-17T02:35:37.6860645Z Getting action download info
Shared Types Check	Set up job	2026-03-17T02:35:38.0638062Z Download action repository 'actions/checkout@v4' (SHA:34e114876b0b11c390a56381ad16ebd13914f8d5)
Shared Types Check	Set up job	2026-03-17T02:35:38.2152480Z Download action repository 'actions/setup-node@v6' (SHA:53b83947a5a98c8d113130e565377fae1a50d02f)
Shared Types Check	Set up job	2026-03-17T02:35:38.9958851Z Complete job name: Shared Types Check
Shared Types Check	Checkout code	﻿2026-03-17T02:35:39.0832174Z ##[group]Run actions/checkout@v4
Shared Types Check	Checkout code	2026-03-17T02:35:39.0833833Z with:
Shared Types Check	Checkout code	2026-03-17T02:35:39.0834688Z   repository: BrightonDube/BizPilot2
Shared Types Check	Checkout code	2026-03-17T02:35:39.0836101Z   token: ***
Shared Types Check	Checkout code	2026-03-17T02:35:39.0836903Z   ssh-strict: true
Shared Types Check	Checkout code	2026-03-17T02:35:39.0837728Z   ssh-user: git
Shared Types Check	Checkout code	2026-03-17T02:35:39.0838561Z   persist-credentials: true
Shared Types Check	Checkout code	2026-03-17T02:35:39.0839510Z   clean: true
Shared Types Check	Checkout code	2026-03-17T02:35:39.0840358Z   sparse-checkout-cone-mode: true
Shared Types Check	Checkout code	2026-03-17T02:35:39.0841373Z   fetch-depth: 1
Shared Types Check	Checkout code	2026-03-17T02:35:39.0842191Z   fetch-tags: false
Shared Types Check	Checkout code	2026-03-17T02:35:39.0843387Z   show-progress: true
Shared Types Check	Checkout code	2026-03-17T02:35:39.0844304Z   lfs: false
Shared Types Check	Checkout code	2026-03-17T02:35:39.0845074Z   submodules: false
Shared Types Check	Checkout code	2026-03-17T02:35:39.0845953Z   set-safe-directory: true
Shared Types Check	Checkout code	2026-03-17T02:35:39.0847186Z env:
Shared Types Check	Checkout code	2026-03-17T02:35:39.0847953Z   PYTHON_VERSION: 3.12
Shared Types Check	Checkout code	2026-03-17T02:35:39.0848833Z   NODE_VERSION: 20
Shared Types Check	Checkout code	2026-03-17T02:35:39.0849649Z ##[endgroup]
Shared Types Check	Checkout code	2026-03-17T02:35:39.1968586Z Syncing repository: BrightonDube/BizPilot2
Shared Types Check	Checkout code	2026-03-17T02:35:39.1971457Z ##[group]Getting Git version info
Shared Types Check	Checkout code	2026-03-17T02:35:39.1973183Z Working directory is '/home/runner/work/BizPilot2/BizPilot2'
Shared Types Check	Checkout code	2026-03-17T02:35:39.1975315Z [command]/usr/bin/git version
Shared Types Check	Checkout code	2026-03-17T02:35:39.2031650Z git version 2.53.0
Shared Types Check	Checkout code	2026-03-17T02:35:39.2059836Z ##[endgroup]
Shared Types Check	Checkout code	2026-03-17T02:35:39.2075340Z Temporarily overriding HOME='/home/runner/work/_temp/0eff85e6-c2c6-4674-a12e-1725a295fac4' before making global git config changes
Shared Types Check	Checkout code	2026-03-17T02:35:39.2079240Z Adding repository directory to the temporary git global config as a safe directory
Shared Types Check	Checkout code	2026-03-17T02:35:39.2083113Z [command]/usr/bin/git config --global --add safe.directory /home/runner/work/BizPilot2/BizPilot2
Shared Types Check	Checkout code	2026-03-17T02:35:39.2120844Z Deleting the contents of '/home/runner/work/BizPilot2/BizPilot2'
Shared Types Check	Checkout code	2026-03-17T02:35:39.2124542Z ##[group]Initializing the repository
Shared Types Check	Checkout code	2026-03-17T02:35:39.2128746Z [command]/usr/bin/git init /home/runner/work/BizPilot2/BizPilot2
Shared Types Check	Checkout code	2026-03-17T02:35:39.2224369Z hint: Using 'master' as the name for the initial branch. This default branch name
Shared Types Check	Checkout code	2026-03-17T02:35:39.2226504Z hint: will change to "main" in Git 3.0. To configure the initial branch name
Shared Types Check	Checkout code	2026-03-17T02:35:39.2230049Z hint: to use in all of your new repositories, which will suppress this warning,
Shared Types Check	Checkout code	2026-03-17T02:35:39.2231999Z hint: call:
Shared Types Check	Checkout code	2026-03-17T02:35:39.2233271Z hint:
Shared Types Check	Checkout code	2026-03-17T02:35:39.2234261Z hint: 	git config --global init.defaultBranch <name>
Shared Types Check	Checkout code	2026-03-17T02:35:39.2235408Z hint:
Shared Types Check	Checkout code	2026-03-17T02:35:39.2236483Z hint: Names commonly chosen instead of 'master' are 'main', 'trunk' and
Shared Types Check	Checkout code	2026-03-17T02:35:39.2238525Z hint: 'development'. The just-created branch can be renamed via this command:
Shared Types Check	Checkout code	2026-03-17T02:35:39.2240214Z hint:
Shared Types Check	Checkout code	2026-03-17T02:35:39.2240951Z hint: 	git branch -m <name>
Shared Types Check	Checkout code	2026-03-17T02:35:39.2241795Z hint:
Shared Types Check	Checkout code	2026-03-17T02:35:39.2243115Z hint: Disable this message with "git config set advice.defaultBranchName false"
Shared Types Check	Checkout code	2026-03-17T02:35:39.2245370Z Initialized empty Git repository in /home/runner/work/BizPilot2/BizPilot2/.git/
Shared Types Check	Checkout code	2026-03-17T02:35:39.2248498Z [command]/usr/bin/git remote add origin https://github.com/BrightonDube/BizPilot2
Shared Types Check	Checkout code	2026-03-17T02:35:39.2276401Z ##[endgroup]
Shared Types Check	Checkout code	2026-03-17T02:35:39.2277771Z ##[group]Disabling automatic garbage collection
Shared Types Check	Checkout code	2026-03-17T02:35:39.2279967Z [command]/usr/bin/git config --local gc.auto 0
Shared Types Check	Checkout code	2026-03-17T02:35:39.2310621Z ##[endgroup]
Shared Types Check	Checkout code	2026-03-17T02:35:39.2311893Z ##[group]Setting up auth
Shared Types Check	Checkout code	2026-03-17T02:35:39.2317756Z [command]/usr/bin/git config --local --name-only --get-regexp core\.sshCommand
Shared Types Check	Checkout code	2026-03-17T02:35:39.2349169Z [command]/usr/bin/git submodule foreach --recursive sh -c "git config --local --name-only --get-regexp 'core\.sshCommand' && git config --local --unset-all 'core.sshCommand' || :"
Shared Types Check	Checkout code	2026-03-17T02:35:39.2666904Z [command]/usr/bin/git config --local --name-only --get-regexp http\.https\:\/\/github\.com\/\.extraheader
Shared Types Check	Checkout code	2026-03-17T02:35:39.2705348Z [command]/usr/bin/git submodule foreach --recursive sh -c "git config --local --name-only --get-regexp 'http\.https\:\/\/github\.com\/\.extraheader' && git config --local --unset-all 'http.https://github.com/.extraheader' || :"
Shared Types Check	Checkout code	2026-03-17T02:35:39.2944272Z [command]/usr/bin/git config --local --name-only --get-regexp ^includeIf\.gitdir:
Shared Types Check	Checkout code	2026-03-17T02:35:39.2978027Z [command]/usr/bin/git submodule foreach --recursive git config --local --show-origin --name-only --get-regexp remote.origin.url
Shared Types Check	Checkout code	2026-03-17T02:35:39.3221385Z [command]/usr/bin/git config --local http.https://github.com/.extraheader AUTHORIZATION: basic ***
Shared Types Check	Checkout code	2026-03-17T02:35:39.3257983Z ##[endgroup]
Shared Types Check	Checkout code	2026-03-17T02:35:39.3260415Z ##[group]Fetching the repository
Shared Types Check	Checkout code	2026-03-17T02:35:39.3270106Z [command]/usr/bin/git -c protocol.version=2 fetch --no-tags --prune --no-recurse-submodules --depth=1 origin +840fdb6c59d4586447912c37e4a83e402fb5da2c:refs/remotes/pull/477/merge
Shared Types Check	Checkout code	2026-03-17T02:35:41.0646416Z From https://github.com/BrightonDube/BizPilot2
Shared Types Check	Checkout code	2026-03-17T02:35:41.0648255Z  * [new ref]         840fdb6c59d4586447912c37e4a83e402fb5da2c -> pull/477/merge
Shared Types Check	Checkout code	2026-03-17T02:35:41.0681508Z ##[endgroup]
Shared Types Check	Checkout code	2026-03-17T02:35:41.0682339Z ##[group]Determining the checkout info
Shared Types Check	Checkout code	2026-03-17T02:35:41.0684308Z ##[endgroup]
Shared Types Check	Checkout code	2026-03-17T02:35:41.0690019Z [command]/usr/bin/git sparse-checkout disable
Shared Types Check	Checkout code	2026-03-17T02:35:41.0733454Z [command]/usr/bin/git config --local --unset-all extensions.worktreeConfig
Shared Types Check	Checkout code	2026-03-17T02:35:41.0761991Z ##[group]Checking out the ref
Shared Types Check	Checkout code	2026-03-17T02:35:41.0766906Z [command]/usr/bin/git checkout --progress --force refs/remotes/pull/477/merge
Shared Types Check	Checkout code	2026-03-17T02:35:41.2856992Z Note: switching to 'refs/remotes/pull/477/merge'.
Shared Types Check	Checkout code	2026-03-17T02:35:41.2857636Z 
Shared Types Check	Checkout code	2026-03-17T02:35:41.2858010Z You are in 'detached HEAD' state. You can look around, make experimental
Shared Types Check	Checkout code	2026-03-17T02:35:41.2858919Z changes and commit them, and you can discard any commits you make in this
Shared Types Check	Checkout code	2026-03-17T02:35:41.2859851Z state without impacting any branches by switching back to a branch.
Shared Types Check	Checkout code	2026-03-17T02:35:41.2860437Z 
Shared Types Check	Checkout code	2026-03-17T02:35:41.2860874Z If you want to create a new branch to retain commits you create, you may
Shared Types Check	Checkout code	2026-03-17T02:35:41.2861744Z do so (now or later) by using -c with the switch command. Example:
Shared Types Check	Checkout code	2026-03-17T02:35:41.2862327Z 
Shared Types Check	Checkout code	2026-03-17T02:35:41.2862548Z   git switch -c <new-branch-name>
Shared Types Check	Checkout code	2026-03-17T02:35:41.2863586Z 
Shared Types Check	Checkout code	2026-03-17T02:35:41.2863833Z Or undo this operation with:
Shared Types Check	Checkout code	2026-03-17T02:35:41.2864168Z 
Shared Types Check	Checkout code	2026-03-17T02:35:41.2864347Z   git switch -
Shared Types Check	Checkout code	2026-03-17T02:35:41.2864621Z 
Shared Types Check	Checkout code	2026-03-17T02:35:41.2865101Z Turn off this advice by setting config variable advice.detachedHead to false
Shared Types Check	Checkout code	2026-03-17T02:35:41.2865717Z 
Shared Types Check	Checkout code	2026-03-17T02:35:41.2866384Z HEAD is now at 840fdb6 Merge a135db802e896e3f8d1243e473a186eee4a99851 into 8405159965b218b7a36ff9bab8cb6704453e9b72
Shared Types Check	Checkout code	2026-03-17T02:35:41.2880946Z ##[endgroup]
Shared Types Check	Checkout code	2026-03-17T02:35:41.2921218Z [command]/usr/bin/git log -1 --format=%H
Shared Types Check	Checkout code	2026-03-17T02:35:41.2945447Z 840fdb6c59d4586447912c37e4a83e402fb5da2c
Shared Types Check	Set up Node.js	﻿2026-03-17T02:35:41.3200019Z ##[group]Run actions/setup-node@v6
Shared Types Check	Set up Node.js	2026-03-17T02:35:41.3200537Z with:
Shared Types Check	Set up Node.js	2026-03-17T02:35:41.3200929Z   node-version: 20
Shared Types Check	Set up Node.js	2026-03-17T02:35:41.3201375Z   check-latest: false
Shared Types Check	Set up Node.js	2026-03-17T02:35:41.3201953Z   token: ***
Shared Types Check	Set up Node.js	2026-03-17T02:35:41.3202348Z   package-manager-cache: true
Shared Types Check	Set up Node.js	2026-03-17T02:35:41.3202937Z env:
Shared Types Check	Set up Node.js	2026-03-17T02:35:41.3203312Z   PYTHON_VERSION: 3.12
Shared Types Check	Set up Node.js	2026-03-17T02:35:41.3203753Z   NODE_VERSION: 20
Shared Types Check	Set up Node.js	2026-03-17T02:35:41.3204130Z ##[endgroup]
Shared Types Check	Set up Node.js	2026-03-17T02:35:41.4795539Z Found in cache @ /opt/hostedtoolcache/node/20.20.1/x64
Shared Types Check	Set up Node.js	2026-03-17T02:35:41.4797698Z ##[group]Environment details
Shared Types Check	Set up Node.js	2026-03-17T02:35:46.9850266Z node: v20.20.1
Shared Types Check	Set up Node.js	2026-03-17T02:35:46.9851162Z npm: 10.8.2
Shared Types Check	Set up Node.js	2026-03-17T02:35:46.9851624Z yarn: 1.22.22
Shared Types Check	Set up Node.js	2026-03-17T02:35:46.9853176Z ##[endgroup]
Shared Types Check	Install TypeScript	﻿2026-03-17T02:35:46.9999332Z ##[group]Run npm install -g typescript
Shared Types Check	Install TypeScript	2026-03-17T02:35:46.9999829Z [36;1mnpm install -g typescript[0m
Shared Types Check	Install TypeScript	2026-03-17T02:35:47.0060944Z shell: /usr/bin/bash -e {0}
Shared Types Check	Install TypeScript	2026-03-17T02:35:47.0061326Z env:
Shared Types Check	Install TypeScript	2026-03-17T02:35:47.0061573Z   PYTHON_VERSION: 3.12
Shared Types Check	Install TypeScript	2026-03-17T02:35:47.0061956Z   NODE_VERSION: 20
Shared Types Check	Install TypeScript	2026-03-17T02:35:47.0062219Z ##[endgroup]
Shared Types Check	Install TypeScript	2026-03-17T02:35:51.3954076Z 
Shared Types Check	Install TypeScript	2026-03-17T02:35:51.3960355Z added 1 package in 4s
Shared Types Check	Type check	﻿2026-03-17T02:35:51.4103630Z ##[group]Run tsc --noEmit
Shared Types Check	Type check	2026-03-17T02:35:51.4103921Z [36;1mtsc --noEmit[0m
Shared Types Check	Type check	2026-03-17T02:35:51.4152670Z shell: /usr/bin/bash -e {0}
Shared Types Check	Type check	2026-03-17T02:35:51.4153222Z env:
Shared Types Check	Type check	2026-03-17T02:35:51.4153398Z   PYTHON_VERSION: 3.12
Shared Types Check	Type check	2026-03-17T02:35:51.4153604Z   NODE_VERSION: 20
Shared Types Check	Type check	2026-03-17T02:35:51.4153778Z ##[endgroup]
Shared Types Check	Post Set up Node.js	﻿2026-03-17T02:35:52.3116206Z Post job cleanup.
Shared Types Check	Post Checkout code	﻿2026-03-17T02:35:52.4660731Z Post job cleanup.
Shared Types Check	Post Checkout code	2026-03-17T02:35:52.5670555Z [command]/usr/bin/git version
Shared Types Check	Post Checkout code	2026-03-17T02:35:52.5710648Z git version 2.53.0
Shared Types Check	Post Checkout code	2026-03-17T02:35:52.5763895Z Temporarily overriding HOME='/home/runner/work/_temp/1ffd52cd-d467-4853-894a-ed2fb8612d21' before making global git config changes
Shared Types Check	Post Checkout code	2026-03-17T02:35:52.5765359Z Adding repository directory to the temporary git global config as a safe directory
Shared Types Check	Post Checkout code	2026-03-17T02:35:52.5769606Z [command]/usr/bin/git config --global --add safe.directory /home/runner/work/BizPilot2/BizPilot2
Shared Types Check	Post Checkout code	2026-03-17T02:35:52.5808568Z [command]/usr/bin/git config --local --name-only --get-regexp core\.sshCommand
Shared Types Check	Post Checkout code	2026-03-17T02:35:52.5843860Z [command]/usr/bin/git submodule foreach --recursive sh -c "git config --local --name-only --get-regexp 'core\.sshCommand' && git config --local --unset-all 'core.sshCommand' || :"
Shared Types Check	Post Checkout code	2026-03-17T02:35:52.6100099Z [command]/usr/bin/git config --local --name-only --get-regexp http\.https\:\/\/github\.com\/\.extraheader
Shared Types Check	Post Checkout code	2026-03-17T02:35:52.6127236Z http.https://github.com/.extraheader
Shared Types Check	Post Checkout code	2026-03-17T02:35:52.6146221Z [command]/usr/bin/git config --local --unset-all http.https://github.com/.extraheader
Shared Types Check	Post Checkout code	2026-03-17T02:35:52.6186397Z [command]/usr/bin/git submodule foreach --recursive sh -c "git config --local --name-only --get-regexp 'http\.https\:\/\/github\.com\/\.extraheader' && git config --local --unset-all 'http.https://github.com/.extraheader' || :"
Shared Types Check	Post Checkout code	2026-03-17T02:35:52.6466397Z [command]/usr/bin/git config --local --name-only --get-regexp ^includeIf\.gitdir:
Shared Types Check	Post Checkout code	2026-03-17T02:35:52.6510650Z [command]/usr/bin/git submodule foreach --recursive git config --local --show-origin --name-only --get-regexp remote.origin.url
Shared Types Check	Complete job	﻿2026-03-17T02:35:52.6927738Z Cleaning up orphan processes
Shared Types Check	Complete job	2026-03-17T02:35:52.7244227Z ##[warning]Node.js 20 actions are deprecated. The following actions are running on Node.js 20 and may not work as expected: actions/checkout@v4. Actions will be forced to run with Node.js 24 by default starting June 2nd, 2026. Please check if updated versions of these actions are available that support Node.js 24. To opt into Node.js 24 now, set the FORCE_JAVASCRIPT_ACTIONS_TO_NODE24=true environment variable on the runner or in your workflow file. Once Node.js 24 becomes the default, you can temporarily opt out by setting ACTIONS_ALLOW_USE_UNSECURE_NODE_VERSION=true. For more information see: https://github.blog/changelog/2025-09-19-deprecation-of-node-20-on-github-actions-runners/
Migration Safety Check	Set up job	﻿2026-03-17T02:35:37.8882821Z Current runner version: '2.332.0'
Migration Safety Check	Set up job	2026-03-17T02:35:37.8907850Z ##[group]Runner Image Provisioner
Migration Safety Check	Set up job	2026-03-17T02:35:37.8908816Z Hosted Compute Agent
Migration Safety Check	Set up job	2026-03-17T02:35:37.8909344Z Version: 20260213.493
Migration Safety Check	Set up job	2026-03-17T02:35:37.8909976Z Commit: 5c115507f6dd24b8de37d8bbe0bb4509d0cc0fa3
Migration Safety Check	Set up job	2026-03-17T02:35:37.8910772Z Build Date: 2026-02-13T00:28:41Z
Migration Safety Check	Set up job	2026-03-17T02:35:37.8911390Z Worker ID: {449c3a40-54a2-4af9-a77d-591923817094}
Migration Safety Check	Set up job	2026-03-17T02:35:37.8912052Z Azure Region: westus3
Migration Safety Check	Set up job	2026-03-17T02:35:37.8912633Z ##[endgroup]
Migration Safety Check	Set up job	2026-03-17T02:35:37.8914065Z ##[group]Operating System
Migration Safety Check	Set up job	2026-03-17T02:35:37.8914680Z Ubuntu
Migration Safety Check	Set up job	2026-03-17T02:35:37.8915240Z 24.04.3
Migration Safety Check	Set up job	2026-03-17T02:35:37.8915863Z LTS
Migration Safety Check	Set up job	2026-03-17T02:35:37.8916331Z ##[endgroup]
Migration Safety Check	Set up job	2026-03-17T02:35:37.8916838Z ##[group]Runner Image
Migration Safety Check	Set up job	2026-03-17T02:35:37.8917418Z Image: ubuntu-24.04
Migration Safety Check	Set up job	2026-03-17T02:35:37.8917969Z Version: 20260309.50.1
Migration Safety Check	Set up job	2026-03-17T02:35:37.8918954Z Included Software: https://github.com/actions/runner-images/blob/ubuntu24/20260309.50/images/ubuntu/Ubuntu2404-Readme.md
Migration Safety Check	Set up job	2026-03-17T02:35:37.8920599Z Image Release: https://github.com/actions/runner-images/releases/tag/ubuntu24%2F20260309.50
Migration Safety Check	Set up job	2026-03-17T02:35:37.8921643Z ##[endgroup]
Migration Safety Check	Set up job	2026-03-17T02:35:37.8922751Z ##[group]GITHUB_TOKEN Permissions
Migration Safety Check	Set up job	2026-03-17T02:35:37.8924614Z Contents: read
Migration Safety Check	Set up job	2026-03-17T02:35:37.8925168Z Metadata: read
Migration Safety Check	Set up job	2026-03-17T02:35:37.8925973Z Packages: read
Migration Safety Check	Set up job	2026-03-17T02:35:37.8926451Z ##[endgroup]
Migration Safety Check	Set up job	2026-03-17T02:35:37.8929233Z Secret source: Actions
Migration Safety Check	Set up job	2026-03-17T02:35:37.8930074Z Prepare workflow directory
Migration Safety Check	Set up job	2026-03-17T02:35:37.9433394Z Prepare all required actions
Migration Safety Check	Set up job	2026-03-17T02:35:37.9470626Z Getting action download info
Migration Safety Check	Set up job	2026-03-17T02:35:38.3734568Z Download action repository 'actions/checkout@v4' (SHA:34e114876b0b11c390a56381ad16ebd13914f8d5)
Migration Safety Check	Set up job	2026-03-17T02:35:38.5212196Z Download action repository 'actions/setup-python@v6' (SHA:a309ff8b426b58ec0e2a45f0f869d46889d02405)
Migration Safety Check	Set up job	2026-03-17T02:35:38.7029586Z Complete job name: Migration Safety Check
Migration Safety Check	Initialize containers	﻿2026-03-17T02:35:38.7535493Z ##[group]Checking docker version
Migration Safety Check	Initialize containers	2026-03-17T02:35:38.7548657Z ##[command]/usr/bin/docker version --format '{{.Server.APIVersion}}'
Migration Safety Check	Initialize containers	2026-03-17T02:35:38.8408510Z '1.48'
Migration Safety Check	Initialize containers	2026-03-17T02:35:38.8419974Z Docker daemon API version: '1.48'
Migration Safety Check	Initialize containers	2026-03-17T02:35:38.8420756Z ##[command]/usr/bin/docker version --format '{{.Client.APIVersion}}'
Migration Safety Check	Initialize containers	2026-03-17T02:35:38.8588562Z '1.48'
Migration Safety Check	Initialize containers	2026-03-17T02:35:38.8608085Z Docker client API version: '1.48'
Migration Safety Check	Initialize containers	2026-03-17T02:35:38.8614522Z ##[endgroup]
Migration Safety Check	Initialize containers	2026-03-17T02:35:38.8620086Z ##[group]Clean up resources from previous jobs
Migration Safety Check	Initialize containers	2026-03-17T02:35:38.8627553Z ##[command]/usr/bin/docker ps --all --quiet --no-trunc --filter "label=bdf955"
Migration Safety Check	Initialize containers	2026-03-17T02:35:38.8777421Z ##[command]/usr/bin/docker network prune --force --filter "label=bdf955"
Migration Safety Check	Initialize containers	2026-03-17T02:35:38.8909404Z ##[endgroup]
Migration Safety Check	Initialize containers	2026-03-17T02:35:38.8909900Z ##[group]Create local container network
Migration Safety Check	Initialize containers	2026-03-17T02:35:38.8919790Z ##[command]/usr/bin/docker network create --label bdf955 github_network_d8c5e7843dc44e8da01b370244ae52b7
Migration Safety Check	Initialize containers	2026-03-17T02:35:38.9481543Z 88369e056df973d98f8b38dafeebcc1dfd4c673db8bc0c1e56f139c7a21ddcc0
Migration Safety Check	Initialize containers	2026-03-17T02:35:38.9509362Z ##[endgroup]
Migration Safety Check	Initialize containers	2026-03-17T02:35:38.9545085Z ##[group]Starting postgres service container
Migration Safety Check	Initialize containers	2026-03-17T02:35:38.9576569Z ##[command]/usr/bin/docker pull postgres:16
Migration Safety Check	Initialize containers	2026-03-17T02:35:39.7855092Z 16: Pulling from library/postgres
Migration Safety Check	Initialize containers	2026-03-17T02:35:40.0339107Z ec781dee3f47: Pulling fs layer
Migration Safety Check	Initialize containers	2026-03-17T02:35:40.0339905Z 563d41d9b6e2: Pulling fs layer
Migration Safety Check	Initialize containers	2026-03-17T02:35:40.0340379Z be939c24ec28: Pulling fs layer
Migration Safety Check	Initialize containers	2026-03-17T02:35:40.0340875Z eecafd0f9ae3: Pulling fs layer
Migration Safety Check	Initialize containers	2026-03-17T02:35:40.0341326Z 7f6c666770d4: Pulling fs layer
Migration Safety Check	Initialize containers	2026-03-17T02:35:40.0341799Z 5b1434d064fd: Pulling fs layer
Migration Safety Check	Initialize containers	2026-03-17T02:35:40.0342249Z 3db2f2dfc651: Pulling fs layer
Migration Safety Check	Initialize containers	2026-03-17T02:35:40.0342660Z 0d650b372b08: Pulling fs layer
Migration Safety Check	Initialize containers	2026-03-17T02:35:40.0342969Z 7c780ba309cf: Pulling fs layer
Migration Safety Check	Initialize containers	2026-03-17T02:35:40.0343431Z e060fbc5e5a0: Pulling fs layer
Migration Safety Check	Initialize containers	2026-03-17T02:35:40.0343729Z 06d4b5b37c2a: Pulling fs layer
Migration Safety Check	Initialize containers	2026-03-17T02:35:40.0344132Z 4950166eb819: Pulling fs layer
Migration Safety Check	Initialize containers	2026-03-17T02:35:40.0344534Z f8e5b8746c3b: Pulling fs layer
Migration Safety Check	Initialize containers	2026-03-17T02:35:40.0345835Z 4e343c02051d: Pulling fs layer
Migration Safety Check	Initialize containers	2026-03-17T02:35:40.0346289Z eecafd0f9ae3: Waiting
Migration Safety Check	Initialize containers	2026-03-17T02:35:40.0346556Z 7f6c666770d4: Waiting
Migration Safety Check	Initialize containers	2026-03-17T02:35:40.0346942Z 5b1434d064fd: Waiting
Migration Safety Check	Initialize containers	2026-03-17T02:35:40.0347188Z 3db2f2dfc651: Waiting
Migration Safety Check	Initialize containers	2026-03-17T02:35:40.0347425Z 0d650b372b08: Waiting
Migration Safety Check	Initialize containers	2026-03-17T02:35:40.0347793Z 7c780ba309cf: Waiting
Migration Safety Check	Initialize containers	2026-03-17T02:35:40.0348030Z e060fbc5e5a0: Waiting
Migration Safety Check	Initialize containers	2026-03-17T02:35:40.0348246Z 06d4b5b37c2a: Waiting
Migration Safety Check	Initialize containers	2026-03-17T02:35:40.0348590Z 4950166eb819: Waiting
Migration Safety Check	Initialize containers	2026-03-17T02:35:40.0348839Z f8e5b8746c3b: Waiting
Migration Safety Check	Initialize containers	2026-03-17T02:35:40.0349068Z 4e343c02051d: Waiting
Migration Safety Check	Initialize containers	2026-03-17T02:35:40.2711785Z 563d41d9b6e2: Verifying Checksum
Migration Safety Check	Initialize containers	2026-03-17T02:35:40.2712425Z 563d41d9b6e2: Download complete
Migration Safety Check	Initialize containers	2026-03-17T02:35:40.3690515Z be939c24ec28: Verifying Checksum
Migration Safety Check	Initialize containers	2026-03-17T02:35:40.3691242Z be939c24ec28: Download complete
Migration Safety Check	Initialize containers	2026-03-17T02:35:40.5444984Z eecafd0f9ae3: Verifying Checksum
Migration Safety Check	Initialize containers	2026-03-17T02:35:40.5446001Z eecafd0f9ae3: Download complete
Migration Safety Check	Initialize containers	2026-03-17T02:35:40.6245126Z ec781dee3f47: Download complete
Migration Safety Check	Initialize containers	2026-03-17T02:35:40.6814917Z 7f6c666770d4: Verifying Checksum
Migration Safety Check	Initialize containers	2026-03-17T02:35:40.6816748Z 7f6c666770d4: Download complete
Migration Safety Check	Initialize containers	2026-03-17T02:35:40.8656587Z 5b1434d064fd: Verifying Checksum
Migration Safety Check	Initialize containers	2026-03-17T02:35:40.8657598Z 5b1434d064fd: Download complete
Migration Safety Check	Initialize containers	2026-03-17T02:35:40.8869007Z 3db2f2dfc651: Verifying Checksum
Migration Safety Check	Initialize containers	2026-03-17T02:35:40.8870339Z 3db2f2dfc651: Download complete
Migration Safety Check	Initialize containers	2026-03-17T02:35:40.9444366Z 0d650b372b08: Download complete
Migration Safety Check	Initialize containers	2026-03-17T02:35:41.1306732Z e060fbc5e5a0: Download complete
Migration Safety Check	Initialize containers	2026-03-17T02:35:41.2024067Z 06d4b5b37c2a: Verifying Checksum
Migration Safety Check	Initialize containers	2026-03-17T02:35:41.2024853Z 06d4b5b37c2a: Download complete
Migration Safety Check	Initialize containers	2026-03-17T02:35:41.3791579Z 4950166eb819: Verifying Checksum
Migration Safety Check	Initialize containers	2026-03-17T02:35:41.3793376Z 4950166eb819: Download complete
Migration Safety Check	Initialize containers	2026-03-17T02:35:41.4611160Z f8e5b8746c3b: Verifying Checksum
Migration Safety Check	Initialize containers	2026-03-17T02:35:41.4611930Z f8e5b8746c3b: Download complete
Migration Safety Check	Initialize containers	2026-03-17T02:35:41.6516552Z 4e343c02051d: Verifying Checksum
Migration Safety Check	Initialize containers	2026-03-17T02:35:41.6518509Z 4e343c02051d: Download complete
Migration Safety Check	Initialize containers	2026-03-17T02:35:41.6994128Z ec781dee3f47: Pull complete
Migration Safety Check	Initialize containers	2026-03-17T02:35:41.8685235Z 7c780ba309cf: Verifying Checksum
Migration Safety Check	Initialize containers	2026-03-17T02:35:41.8686001Z 7c780ba309cf: Download complete
Migration Safety Check	Initialize containers	2026-03-17T02:35:41.9470751Z 563d41d9b6e2: Pull complete
Migration Safety Check	Initialize containers	2026-03-17T02:35:42.1343615Z be939c24ec28: Pull complete
Migration Safety Check	Initialize containers	2026-03-17T02:35:42.1763087Z eecafd0f9ae3: Pull complete
Migration Safety Check	Initialize containers	2026-03-17T02:35:42.5032464Z 7f6c666770d4: Pull complete
Migration Safety Check	Initialize containers	2026-03-17T02:35:42.5917596Z 5b1434d064fd: Pull complete
Migration Safety Check	Initialize containers	2026-03-17T02:35:42.6012544Z 3db2f2dfc651: Pull complete
Migration Safety Check	Initialize containers	2026-03-17T02:35:42.6131657Z 0d650b372b08: Pull complete
Migration Safety Check	Initialize containers	2026-03-17T02:35:45.8067696Z 7c780ba309cf: Pull complete
Migration Safety Check	Initialize containers	2026-03-17T02:35:45.8226519Z e060fbc5e5a0: Pull complete
Migration Safety Check	Initialize containers	2026-03-17T02:35:45.8341599Z 06d4b5b37c2a: Pull complete
Migration Safety Check	Initialize containers	2026-03-17T02:35:45.8450611Z 4950166eb819: Pull complete
Migration Safety Check	Initialize containers	2026-03-17T02:35:45.8560209Z f8e5b8746c3b: Pull complete
Migration Safety Check	Initialize containers	2026-03-17T02:35:45.8676462Z 4e343c02051d: Pull complete
Migration Safety Check	Initialize containers	2026-03-17T02:35:45.8746518Z Digest: sha256:8e1fe51060f4f3bdcf0dc0174b441ec4ab28f0be3ede707ed5733769b58ddd31
Migration Safety Check	Initialize containers	2026-03-17T02:35:45.8765012Z Status: Downloaded newer image for postgres:16
Migration Safety Check	Initialize containers	2026-03-17T02:35:45.8774609Z docker.io/library/postgres:16
Migration Safety Check	Initialize containers	2026-03-17T02:35:45.8836692Z ##[command]/usr/bin/docker create --name 918ba3d89b844ad981d8cf0050b65465_postgres16_f1e5bb --label bdf955 --network github_network_d8c5e7843dc44e8da01b370244ae52b7 --network-alias postgres -p 5432:5432 --health-cmd="pg_isready -U bizpilot -d bizpilot" --health-interval=5s --health-timeout=5s --health-retries=20 -e "POSTGRES_USER=bizpilot" -e "POSTGRES_PASSWORD=bizpilot" -e "POSTGRES_DB=bizpilot" -e GITHUB_ACTIONS=true -e CI=true postgres:16
Migration Safety Check	Initialize containers	2026-03-17T02:35:45.9113125Z 714a30a10c0c8bc9036711434b837add0230906fc2bdd715a85ac5ca7ffce842
Migration Safety Check	Initialize containers	2026-03-17T02:35:45.9137767Z ##[command]/usr/bin/docker start 714a30a10c0c8bc9036711434b837add0230906fc2bdd715a85ac5ca7ffce842
Migration Safety Check	Initialize containers	2026-03-17T02:35:46.1236258Z 714a30a10c0c8bc9036711434b837add0230906fc2bdd715a85ac5ca7ffce842
Migration Safety Check	Initialize containers	2026-03-17T02:35:46.1257403Z ##[command]/usr/bin/docker ps --all --filter id=714a30a10c0c8bc9036711434b837add0230906fc2bdd715a85ac5ca7ffce842 --filter status=running --no-trunc --format "{{.ID}} {{.Status}}"
Migration Safety Check	Initialize containers	2026-03-17T02:35:46.1399595Z 714a30a10c0c8bc9036711434b837add0230906fc2bdd715a85ac5ca7ffce842 Up Less than a second (health: starting)
Migration Safety Check	Initialize containers	2026-03-17T02:35:46.1420848Z ##[command]/usr/bin/docker port 714a30a10c0c8bc9036711434b837add0230906fc2bdd715a85ac5ca7ffce842
Migration Safety Check	Initialize containers	2026-03-17T02:35:46.1558049Z 5432/tcp -> 0.0.0.0:5432
Migration Safety Check	Initialize containers	2026-03-17T02:35:46.1558965Z 5432/tcp -> [::]:5432
Migration Safety Check	Initialize containers	2026-03-17T02:35:46.1609246Z ##[endgroup]
Migration Safety Check	Initialize containers	2026-03-17T02:35:46.1618443Z ##[group]Waiting for all services to be ready
Migration Safety Check	Initialize containers	2026-03-17T02:35:46.1632987Z ##[command]/usr/bin/docker inspect --format="{{if .Config.Healthcheck}}{{print .State.Health.Status}}{{end}}" 714a30a10c0c8bc9036711434b837add0230906fc2bdd715a85ac5ca7ffce842
Migration Safety Check	Initialize containers	2026-03-17T02:35:46.1778630Z starting
Migration Safety Check	Initialize containers	2026-03-17T02:35:46.1800739Z postgres service is starting, waiting 2 seconds before checking again.
Migration Safety Check	Initialize containers	2026-03-17T02:35:48.1800337Z ##[command]/usr/bin/docker inspect --format="{{if .Config.Healthcheck}}{{print .State.Health.Status}}{{end}}" 714a30a10c0c8bc9036711434b837add0230906fc2bdd715a85ac5ca7ffce842
Migration Safety Check	Initialize containers	2026-03-17T02:35:48.1929026Z starting
Migration Safety Check	Initialize containers	2026-03-17T02:35:48.1942232Z postgres service is starting, waiting 3 seconds before checking again.
Migration Safety Check	Initialize containers	2026-03-17T02:35:51.8691250Z ##[command]/usr/bin/docker inspect --format="{{if .Config.Healthcheck}}{{print .State.Health.Status}}{{end}}" 714a30a10c0c8bc9036711434b837add0230906fc2bdd715a85ac5ca7ffce842
Migration Safety Check	Initialize containers	2026-03-17T02:35:51.8820565Z healthy
Migration Safety Check	Initialize containers	2026-03-17T02:35:51.8838751Z postgres service is healthy.
Migration Safety Check	Initialize containers	2026-03-17T02:35:51.8839454Z ##[endgroup]
Migration Safety Check	Checkout code	﻿2026-03-17T02:35:51.9104849Z ##[group]Run actions/checkout@v4
Migration Safety Check	Checkout code	2026-03-17T02:35:51.9105597Z with:
Migration Safety Check	Checkout code	2026-03-17T02:35:51.9105807Z   repository: BrightonDube/BizPilot2
Migration Safety Check	Checkout code	2026-03-17T02:35:51.9106242Z   token: ***
Migration Safety Check	Checkout code	2026-03-17T02:35:51.9106416Z   ssh-strict: true
Migration Safety Check	Checkout code	2026-03-17T02:35:51.9106593Z   ssh-user: git
Migration Safety Check	Checkout code	2026-03-17T02:35:51.9106774Z   persist-credentials: true
Migration Safety Check	Checkout code	2026-03-17T02:35:51.9106985Z   clean: true
Migration Safety Check	Checkout code	2026-03-17T02:35:51.9107192Z   sparse-checkout-cone-mode: true
Migration Safety Check	Checkout code	2026-03-17T02:35:51.9107424Z   fetch-depth: 1
Migration Safety Check	Checkout code	2026-03-17T02:35:51.9107591Z   fetch-tags: false
Migration Safety Check	Checkout code	2026-03-17T02:35:51.9107769Z   show-progress: true
Migration Safety Check	Checkout code	2026-03-17T02:35:51.9107946Z   lfs: false
Migration Safety Check	Checkout code	2026-03-17T02:35:51.9108107Z   submodules: false
Migration Safety Check	Checkout code	2026-03-17T02:35:51.9108282Z   set-safe-directory: true
Migration Safety Check	Checkout code	2026-03-17T02:35:51.9108688Z env:
Migration Safety Check	Checkout code	2026-03-17T02:35:51.9108858Z   PYTHON_VERSION: 3.12
Migration Safety Check	Checkout code	2026-03-17T02:35:51.9109043Z   NODE_VERSION: 20
Migration Safety Check	Checkout code	2026-03-17T02:35:51.9109214Z ##[endgroup]
Migration Safety Check	Checkout code	2026-03-17T02:35:52.0267802Z Syncing repository: BrightonDube/BizPilot2
Migration Safety Check	Checkout code	2026-03-17T02:35:52.0269370Z ##[group]Getting Git version info
Migration Safety Check	Checkout code	2026-03-17T02:35:52.0269867Z Working directory is '/home/runner/work/BizPilot2/BizPilot2'
Migration Safety Check	Checkout code	2026-03-17T02:35:52.0270456Z [command]/usr/bin/git version
Migration Safety Check	Checkout code	2026-03-17T02:35:52.0349090Z git version 2.53.0
Migration Safety Check	Checkout code	2026-03-17T02:35:52.0377569Z ##[endgroup]
Migration Safety Check	Checkout code	2026-03-17T02:35:52.0394844Z Temporarily overriding HOME='/home/runner/work/_temp/182aa80f-956e-478e-b43d-27320bdbcffc' before making global git config changes
Migration Safety Check	Checkout code	2026-03-17T02:35:52.0396562Z Adding repository directory to the temporary git global config as a safe directory
Migration Safety Check	Checkout code	2026-03-17T02:35:52.0401935Z [command]/usr/bin/git config --global --add safe.directory /home/runner/work/BizPilot2/BizPilot2
Migration Safety Check	Checkout code	2026-03-17T02:35:52.0445078Z Deleting the contents of '/home/runner/work/BizPilot2/BizPilot2'
Migration Safety Check	Checkout code	2026-03-17T02:35:52.0522616Z ##[group]Initializing the repository
Migration Safety Check	Checkout code	2026-03-17T02:35:52.0523452Z [command]/usr/bin/git init /home/runner/work/BizPilot2/BizPilot2
Migration Safety Check	Checkout code	2026-03-17T02:35:52.0564486Z hint: Using 'master' as the name for the initial branch. This default branch name
Migration Safety Check	Checkout code	2026-03-17T02:35:52.0565762Z hint: will change to "main" in Git 3.0. To configure the initial branch name
Migration Safety Check	Checkout code	2026-03-17T02:35:52.0569404Z hint: to use in all of your new repositories, which will suppress this warning,
Migration Safety Check	Checkout code	2026-03-17T02:35:52.0570068Z hint: call:
Migration Safety Check	Checkout code	2026-03-17T02:35:52.0570358Z hint:
Migration Safety Check	Checkout code	2026-03-17T02:35:52.0570850Z hint: 	git config --global init.defaultBranch <name>
Migration Safety Check	Checkout code	2026-03-17T02:35:52.0571708Z hint:
Migration Safety Check	Checkout code	2026-03-17T02:35:52.0572207Z hint: Names commonly chosen instead of 'master' are 'main', 'trunk' and
Migration Safety Check	Checkout code	2026-03-17T02:35:52.0573052Z hint: 'development'. The just-created branch can be renamed via this command:
Migration Safety Check	Checkout code	2026-03-17T02:35:52.0573684Z hint:
Migration Safety Check	Checkout code	2026-03-17T02:35:52.0573979Z hint: 	git branch -m <name>
Migration Safety Check	Checkout code	2026-03-17T02:35:52.0574331Z hint:
Migration Safety Check	Checkout code	2026-03-17T02:35:52.0574832Z hint: Disable this message with "git config set advice.defaultBranchName false"
Migration Safety Check	Checkout code	2026-03-17T02:35:52.0575957Z Initialized empty Git repository in /home/runner/work/BizPilot2/BizPilot2/.git/
Migration Safety Check	Checkout code	2026-03-17T02:35:52.0584450Z [command]/usr/bin/git remote add origin https://github.com/BrightonDube/BizPilot2
Migration Safety Check	Checkout code	2026-03-17T02:35:52.0625584Z ##[endgroup]
Migration Safety Check	Checkout code	2026-03-17T02:35:52.0626079Z ##[group]Disabling automatic garbage collection
Migration Safety Check	Checkout code	2026-03-17T02:35:52.0630185Z [command]/usr/bin/git config --local gc.auto 0
Migration Safety Check	Checkout code	2026-03-17T02:35:52.0670974Z ##[endgroup]
Migration Safety Check	Checkout code	2026-03-17T02:35:52.0671541Z ##[group]Setting up auth
Migration Safety Check	Checkout code	2026-03-17T02:35:52.0672050Z [command]/usr/bin/git config --local --name-only --get-regexp core\.sshCommand
Migration Safety Check	Checkout code	2026-03-17T02:35:52.0707082Z [command]/usr/bin/git submodule foreach --recursive sh -c "git config --local --name-only --get-regexp 'core\.sshCommand' && git config --local --unset-all 'core.sshCommand' || :"
Migration Safety Check	Checkout code	2026-03-17T02:35:52.1060784Z [command]/usr/bin/git config --local --name-only --get-regexp http\.https\:\/\/github\.com\/\.extraheader
Migration Safety Check	Checkout code	2026-03-17T02:35:52.1093720Z [command]/usr/bin/git submodule foreach --recursive sh -c "git config --local --name-only --get-regexp 'http\.https\:\/\/github\.com\/\.extraheader' && git config --local --unset-all 'http.https://github.com/.extraheader' || :"
Migration Safety Check	Checkout code	2026-03-17T02:35:52.1338847Z [command]/usr/bin/git config --local --name-only --get-regexp ^includeIf\.gitdir:
Migration Safety Check	Checkout code	2026-03-17T02:35:52.1382633Z [command]/usr/bin/git submodule foreach --recursive git config --local --show-origin --name-only --get-regexp remote.origin.url
Migration Safety Check	Checkout code	2026-03-17T02:35:52.1631888Z [command]/usr/bin/git config --local http.https://github.com/.extraheader AUTHORIZATION: basic ***
Migration Safety Check	Checkout code	2026-03-17T02:35:52.1670979Z ##[endgroup]
Migration Safety Check	Checkout code	2026-03-17T02:35:52.1671570Z ##[group]Fetching the repository
Migration Safety Check	Checkout code	2026-03-17T02:35:52.1679775Z [command]/usr/bin/git -c protocol.version=2 fetch --no-tags --prune --no-recurse-submodules --depth=1 origin +840fdb6c59d4586447912c37e4a83e402fb5da2c:refs/remotes/pull/477/merge
Migration Safety Check	Checkout code	2026-03-17T02:35:53.7541426Z From https://github.com/BrightonDube/BizPilot2
Migration Safety Check	Checkout code	2026-03-17T02:35:53.7542332Z  * [new ref]         840fdb6c59d4586447912c37e4a83e402fb5da2c -> pull/477/merge
Migration Safety Check	Checkout code	2026-03-17T02:35:53.7578251Z ##[endgroup]
Migration Safety Check	Checkout code	2026-03-17T02:35:53.7578832Z ##[group]Determining the checkout info
Migration Safety Check	Checkout code	2026-03-17T02:35:53.7581496Z ##[endgroup]
Migration Safety Check	Checkout code	2026-03-17T02:35:53.7587460Z [command]/usr/bin/git sparse-checkout disable
Migration Safety Check	Checkout code	2026-03-17T02:35:53.7634040Z [command]/usr/bin/git config --local --unset-all extensions.worktreeConfig
Migration Safety Check	Checkout code	2026-03-17T02:35:53.7665495Z ##[group]Checking out the ref
Migration Safety Check	Checkout code	2026-03-17T02:35:53.7670457Z [command]/usr/bin/git checkout --progress --force refs/remotes/pull/477/merge
Migration Safety Check	Checkout code	2026-03-17T02:35:53.9895032Z Note: switching to 'refs/remotes/pull/477/merge'.
Migration Safety Check	Checkout code	2026-03-17T02:35:53.9895952Z 
Migration Safety Check	Checkout code	2026-03-17T02:35:53.9896366Z You are in 'detached HEAD' state. You can look around, make experimental
Migration Safety Check	Checkout code	2026-03-17T02:35:53.9897043Z changes and commit them, and you can discard any commits you make in this
Migration Safety Check	Checkout code	2026-03-17T02:35:53.9897614Z state without impacting any branches by switching back to a branch.
Migration Safety Check	Checkout code	2026-03-17T02:35:53.9897944Z 
Migration Safety Check	Checkout code	2026-03-17T02:35:53.9898472Z If you want to create a new branch to retain commits you create, you may
Migration Safety Check	Checkout code	2026-03-17T02:35:53.9899281Z do so (now or later) by using -c with the switch command. Example:
Migration Safety Check	Checkout code	2026-03-17T02:35:53.9899800Z 
Migration Safety Check	Checkout code	2026-03-17T02:35:53.9899994Z   git switch -c <new-branch-name>
Migration Safety Check	Checkout code	2026-03-17T02:35:53.9900312Z 
Migration Safety Check	Checkout code	2026-03-17T02:35:53.9900477Z Or undo this operation with:
Migration Safety Check	Checkout code	2026-03-17T02:35:53.9900770Z 
Migration Safety Check	Checkout code	2026-03-17T02:35:53.9900907Z   git switch -
Migration Safety Check	Checkout code	2026-03-17T02:35:53.9901144Z 
Migration Safety Check	Checkout code	2026-03-17T02:35:53.9901525Z Turn off this advice by setting config variable advice.detachedHead to false
Migration Safety Check	Checkout code	2026-03-17T02:35:53.9902853Z 
Migration Safety Check	Checkout code	2026-03-17T02:35:53.9903601Z HEAD is now at 840fdb6 Merge a135db802e896e3f8d1243e473a186eee4a99851 into 8405159965b218b7a36ff9bab8cb6704453e9b72
Migration Safety Check	Checkout code	2026-03-17T02:35:53.9919138Z ##[endgroup]
Migration Safety Check	Checkout code	2026-03-17T02:35:53.9961850Z [command]/usr/bin/git log -1 --format=%H
Migration Safety Check	Checkout code	2026-03-17T02:35:53.9988286Z 840fdb6c59d4586447912c37e4a83e402fb5da2c
Migration Safety Check	Set up Python	﻿2026-03-17T02:35:54.0225947Z ##[group]Run actions/setup-python@v6
Migration Safety Check	Set up Python	2026-03-17T02:35:54.0226236Z with:
Migration Safety Check	Set up Python	2026-03-17T02:35:54.0226403Z   python-version: 3.12
Migration Safety Check	Set up Python	2026-03-17T02:35:54.0226601Z   cache: pip
Migration Safety Check	Set up Python	2026-03-17T02:35:54.0226821Z   cache-dependency-path: backend/requirements.txt
Migration Safety Check	Set up Python	2026-03-17T02:35:54.0227108Z   check-latest: false
Migration Safety Check	Set up Python	2026-03-17T02:35:54.0227408Z   token: ***
Migration Safety Check	Set up Python	2026-03-17T02:35:54.0227591Z   update-environment: true
Migration Safety Check	Set up Python	2026-03-17T02:35:54.0227814Z   allow-prereleases: false
Migration Safety Check	Set up Python	2026-03-17T02:35:54.0228016Z   freethreaded: false
Migration Safety Check	Set up Python	2026-03-17T02:35:54.0228201Z env:
Migration Safety Check	Set up Python	2026-03-17T02:35:54.0228352Z   PYTHON_VERSION: 3.12
Migration Safety Check	Set up Python	2026-03-17T02:35:54.0228545Z   NODE_VERSION: 20
Migration Safety Check	Set up Python	2026-03-17T02:35:54.0228729Z ##[endgroup]
Migration Safety Check	Set up Python	2026-03-17T02:35:54.1520300Z ##[group]Installed versions
Migration Safety Check	Set up Python	2026-03-17T02:35:54.1614731Z Successfully set up CPython (3.12.13)
Migration Safety Check	Set up Python	2026-03-17T02:35:54.1615665Z ##[endgroup]
Migration Safety Check	Set up Python	2026-03-17T02:35:54.1892522Z [command]/opt/hostedtoolcache/Python/3.12.13/x64/bin/pip cache dir
Migration Safety Check	Set up Python	2026-03-17T02:35:54.5161612Z /home/runner/.cache/pip
Migration Safety Check	Set up Python	2026-03-17T02:35:54.7627015Z Cache hit for: setup-python-Linux-x64-24.04-Ubuntu-python-3.12.13-pip-50b9abf10f1da65139b50bf4efe86050a76c6e98071b02f8cbf2a4e7c2707d4d
Migration Safety Check	Set up Python	2026-03-17T02:35:56.0023702Z Received 29360128 of 86850993 (33.8%), 27.9 MBs/sec
Migration Safety Check	Set up Python	2026-03-17T02:35:56.4723683Z Received 86850993 of 86850993 (100.0%), 56.2 MBs/sec
Migration Safety Check	Set up Python	2026-03-17T02:35:56.4725004Z Cache Size: ~83 MB (86850993 B)
Migration Safety Check	Set up Python	2026-03-17T02:35:56.4762576Z [command]/usr/bin/tar -xf /home/runner/work/_temp/4978de14-06ec-4a72-ba6c-ada16734dcdd/cache.tzst -P -C /home/runner/work/BizPilot2/BizPilot2 --use-compress-program unzstd
Migration Safety Check	Set up Python	2026-03-17T02:35:56.6562406Z Cache restored successfully
Migration Safety Check	Set up Python	2026-03-17T02:35:56.6741058Z Cache restored from key: setup-python-Linux-x64-24.04-Ubuntu-python-3.12.13-pip-50b9abf10f1da65139b50bf4efe86050a76c6e98071b02f8cbf2a4e7c2707d4d
Migration Safety Check	Install dependencies	﻿2026-03-17T02:35:56.6898840Z ##[group]Run python -m pip install --upgrade pip
Migration Safety Check	Install dependencies	2026-03-17T02:35:56.6899277Z [36;1mpython -m pip install --upgrade pip[0m
Migration Safety Check	Install dependencies	2026-03-17T02:35:56.6899599Z [36;1mpip install -r requirements.txt[0m
Migration Safety Check	Install dependencies	2026-03-17T02:35:56.6956740Z shell: /usr/bin/bash -e {0}
Migration Safety Check	Install dependencies	2026-03-17T02:35:56.6957003Z env:
Migration Safety Check	Install dependencies	2026-03-17T02:35:56.6957190Z   PYTHON_VERSION: 3.12
Migration Safety Check	Install dependencies	2026-03-17T02:35:56.6957404Z   NODE_VERSION: 20
Migration Safety Check	Install dependencies	2026-03-17T02:35:56.6957677Z   pythonLocation: /opt/hostedtoolcache/Python/3.12.13/x64
Migration Safety Check	Install dependencies	2026-03-17T02:35:56.6958131Z   PKG_CONFIG_PATH: /opt/hostedtoolcache/Python/3.12.13/x64/lib/pkgconfig
Migration Safety Check	Install dependencies	2026-03-17T02:35:56.6958556Z   Python_ROOT_DIR: /opt/hostedtoolcache/Python/3.12.13/x64
Migration Safety Check	Install dependencies	2026-03-17T02:35:56.6958917Z   Python2_ROOT_DIR: /opt/hostedtoolcache/Python/3.12.13/x64
Migration Safety Check	Install dependencies	2026-03-17T02:35:56.6959272Z   Python3_ROOT_DIR: /opt/hostedtoolcache/Python/3.12.13/x64
Migration Safety Check	Install dependencies	2026-03-17T02:35:56.6959652Z   LD_LIBRARY_PATH: /opt/hostedtoolcache/Python/3.12.13/x64/lib
Migration Safety Check	Install dependencies	2026-03-17T02:35:56.6959955Z ##[endgroup]
Migration Safety Check	Install dependencies	2026-03-17T02:35:57.2703249Z Requirement already satisfied: pip in /opt/hostedtoolcache/Python/3.12.13/x64/lib/python3.12/site-packages (26.0.1)
Migration Safety Check	Install dependencies	2026-03-17T02:35:57.8861564Z Collecting alembic==1.18.2 (from -r requirements.txt (line 1))
Migration Safety Check	Install dependencies	2026-03-17T02:35:57.8875931Z   Using cached alembic-1.18.2-py3-none-any.whl.metadata (7.2 kB)
Migration Safety Check	Install dependencies	2026-03-17T02:35:57.9032300Z Collecting annotated-doc==0.0.4 (from -r requirements.txt (line 2))
Migration Safety Check	Install dependencies	2026-03-17T02:35:57.9044605Z   Using cached annotated_doc-0.0.4-py3-none-any.whl.metadata (6.6 kB)
Migration Safety Check	Install dependencies	2026-03-17T02:35:57.9211990Z Collecting annotated-types==0.7.0 (from -r requirements.txt (line 3))
Migration Safety Check	Install dependencies	2026-03-17T02:35:57.9223980Z   Using cached annotated_types-0.7.0-py3-none-any.whl.metadata (15 kB)
Migration Safety Check	Install dependencies	2026-03-17T02:35:57.9430273Z Collecting anyio==4.12.1 (from -r requirements.txt (line 4))
Migration Safety Check	Install dependencies	2026-03-17T02:35:57.9442362Z   Using cached anyio-4.12.1-py3-none-any.whl.metadata (4.3 kB)
Migration Safety Check	Install dependencies	2026-03-17T02:35:57.9864471Z Collecting bcrypt==5.0.0 (from -r requirements.txt (line 5))
Migration Safety Check	Install dependencies	2026-03-17T02:35:57.9878175Z   Using cached bcrypt-5.0.0-cp39-abi3-manylinux_2_34_x86_64.whl.metadata (10 kB)
Migration Safety Check	Install dependencies	2026-03-17T02:35:58.0084164Z Collecting cachetools==6.2.2 (from -r requirements.txt (line 6))
Migration Safety Check	Install dependencies	2026-03-17T02:35:58.0096317Z   Using cached cachetools-6.2.2-py3-none-any.whl.metadata (5.6 kB)
Migration Safety Check	Install dependencies	2026-03-17T02:35:58.0424678Z Collecting certifi==2026.1.4 (from -r requirements.txt (line 7))
Migration Safety Check	Install dependencies	2026-03-17T02:35:58.0437529Z   Using cached certifi-2026.1.4-py3-none-any.whl.metadata (2.5 kB)
Migration Safety Check	Install dependencies	2026-03-17T02:35:58.1414250Z Collecting charset-normalizer==3.4.4 (from -r requirements.txt (line 8))
Migration Safety Check	Install dependencies	2026-03-17T02:35:58.1428002Z   Using cached charset_normalizer-3.4.4-cp312-cp312-manylinux2014_x86_64.manylinux_2_17_x86_64.manylinux_2_28_x86_64.whl.metadata (37 kB)
Migration Safety Check	Install dependencies	2026-03-17T02:35:58.1647352Z Collecting click==8.3.1 (from -r requirements.txt (line 9))
Migration Safety Check	Install dependencies	2026-03-17T02:35:58.1658398Z   Using cached click-8.3.1-py3-none-any.whl.metadata (2.6 kB)
Migration Safety Check	Install dependencies	2026-03-17T02:35:58.1820802Z Collecting dnspython==2.8.0 (from -r requirements.txt (line 10))
Migration Safety Check	Install dependencies	2026-03-17T02:35:58.1832075Z   Using cached dnspython-2.8.0-py3-none-any.whl.metadata (5.7 kB)
Migration Safety Check	Install dependencies	2026-03-17T02:35:58.2005743Z Collecting ecdsa==0.19.1 (from -r requirements.txt (line 11))
Migration Safety Check	Install dependencies	2026-03-17T02:35:58.2017306Z   Using cached ecdsa-0.19.1-py2.py3-none-any.whl.metadata (29 kB)
Migration Safety Check	Install dependencies	2026-03-17T02:35:58.2197484Z Collecting email-validator==2.3.0 (from -r requirements.txt (line 12))
Migration Safety Check	Install dependencies	2026-03-17T02:35:58.2208636Z   Using cached email_validator-2.3.0-py3-none-any.whl.metadata (26 kB)
Migration Safety Check	Install dependencies	2026-03-17T02:35:58.2602424Z Collecting fastapi==0.128.0 (from -r requirements.txt (line 13))
Migration Safety Check	Install dependencies	2026-03-17T02:35:58.2614854Z   Using cached fastapi-0.128.0-py3-none-any.whl.metadata (30 kB)
Migration Safety Check	Install dependencies	2026-03-17T02:35:58.2968634Z Collecting google-auth==2.47.0 (from -r requirements.txt (line 14))
Migration Safety Check	Install dependencies	2026-03-17T02:35:58.2980256Z   Using cached google_auth-2.47.0-py3-none-any.whl.metadata (6.4 kB)
Migration Safety Check	Install dependencies	2026-03-17T02:35:58.4247586Z Collecting greenlet==3.3.0 (from -r requirements.txt (line 15))
Migration Safety Check	Install dependencies	2026-03-17T02:35:58.4262250Z   Using cached greenlet-3.3.0-cp312-cp312-manylinux_2_24_x86_64.manylinux_2_28_x86_64.whl.metadata (4.1 kB)
Migration Safety Check	Install dependencies	2026-03-17T02:35:58.4417922Z Collecting h11==0.16.0 (from -r requirements.txt (line 16))
Migration Safety Check	Install dependencies	2026-03-17T02:35:58.4429576Z   Using cached h11-0.16.0-py3-none-any.whl.metadata (8.3 kB)
Migration Safety Check	Install dependencies	2026-03-17T02:35:58.4622290Z Collecting httpcore==1.0.9 (from -r requirements.txt (line 17))
Migration Safety Check	Install dependencies	2026-03-17T02:35:58.4633738Z   Using cached httpcore-1.0.9-py3-none-any.whl.metadata (21 kB)
Migration Safety Check	Install dependencies	2026-03-17T02:35:58.4844419Z Collecting httpx==0.28.1 (from -r requirements.txt (line 18))
Migration Safety Check	Install dependencies	2026-03-17T02:35:58.4855706Z   Using cached httpx-0.28.1-py3-none-any.whl.metadata (7.1 kB)
Migration Safety Check	Install dependencies	2026-03-17T02:35:58.5028695Z Collecting idna==3.11 (from -r requirements.txt (line 19))
Migration Safety Check	Install dependencies	2026-03-17T02:35:58.5040133Z   Using cached idna-3.11-py3-none-any.whl.metadata (8.4 kB)
Migration Safety Check	Install dependencies	2026-03-17T02:35:58.5187985Z Collecting iniconfig==2.3.0 (from -r requirements.txt (line 20))
Migration Safety Check	Install dependencies	2026-03-17T02:35:58.5200082Z   Using cached iniconfig-2.3.0-py3-none-any.whl.metadata (2.5 kB)
Migration Safety Check	Install dependencies	2026-03-17T02:35:58.5383590Z Collecting Mako==1.3.10 (from -r requirements.txt (line 21))
Migration Safety Check	Install dependencies	2026-03-17T02:35:58.5395701Z   Using cached mako-1.3.10-py3-none-any.whl.metadata (2.9 kB)
Migration Safety Check	Install dependencies	2026-03-17T02:35:58.5924799Z Collecting MarkupSafe==3.0.3 (from -r requirements.txt (line 22))
Migration Safety Check	Install dependencies	2026-03-17T02:35:58.5939269Z   Using cached markupsafe-3.0.3-cp312-cp312-manylinux2014_x86_64.manylinux_2_17_x86_64.manylinux_2_28_x86_64.whl.metadata (2.7 kB)
Migration Safety Check	Install dependencies	2026-03-17T02:35:58.6124180Z Collecting packaging==25.0 (from -r requirements.txt (line 23))
Migration Safety Check	Install dependencies	2026-03-17T02:35:58.6136483Z   Using cached packaging-25.0-py3-none-any.whl.metadata (3.3 kB)
Migration Safety Check	Install dependencies	2026-03-17T02:35:58.6339381Z Collecting passlib==1.7.4 (from -r requirements.txt (line 24))
Migration Safety Check	Install dependencies	2026-03-17T02:35:58.6351221Z   Using cached passlib-1.7.4-py2.py3-none-any.whl.metadata (1.7 kB)
Migration Safety Check	Install dependencies	2026-03-17T02:35:58.6510597Z Collecting pluggy==1.6.0 (from -r requirements.txt (line 25))
Migration Safety Check	Install dependencies	2026-03-17T02:35:58.6522367Z   Using cached pluggy-1.6.0-py3-none-any.whl.metadata (4.8 kB)
Migration Safety Check	Install dependencies	2026-03-17T02:35:58.7128070Z Collecting psycopg2-binary==2.9.11 (from -r requirements.txt (line 26))
Migration Safety Check	Install dependencies	2026-03-17T02:35:58.7141597Z   Using cached psycopg2_binary-2.9.11-cp312-cp312-manylinux2014_x86_64.manylinux_2_17_x86_64.whl.metadata (4.9 kB)
Migration Safety Check	Install dependencies	2026-03-17T02:35:58.7343636Z Collecting psycopg==3.2.4 (from psycopg[binary]==3.2.4->-r requirements.txt (line 27))
Migration Safety Check	Install dependencies	2026-03-17T02:35:58.7355545Z   Using cached psycopg-3.2.4-py3-none-any.whl.metadata (4.3 kB)
Migration Safety Check	Install dependencies	2026-03-17T02:35:58.7721667Z Collecting pyasn1==0.6.1 (from -r requirements.txt (line 28))
Migration Safety Check	Install dependencies	2026-03-17T02:35:58.7733842Z   Using cached pyasn1-0.6.1-py3-none-any.whl.metadata (8.4 kB)
Migration Safety Check	Install dependencies	2026-03-17T02:35:58.7960950Z Collecting pyasn1_modules==0.4.2 (from -r requirements.txt (line 29))
Migration Safety Check	Install dependencies	2026-03-17T02:35:58.7974089Z   Using cached pyasn1_modules-0.4.2-py3-none-any.whl.metadata (3.5 kB)
Migration Safety Check	Install dependencies	2026-03-17T02:35:58.9021780Z Collecting pydantic==2.12.5 (from -r requirements.txt (line 30))
Migration Safety Check	Install dependencies	2026-03-17T02:35:58.9036040Z   Using cached pydantic-2.12.5-py3-none-any.whl.metadata (90 kB)
Migration Safety Check	Install dependencies	2026-03-17T02:35:58.9247722Z Collecting pydantic-settings==2.12.0 (from -r requirements.txt (line 31))
Migration Safety Check	Install dependencies	2026-03-17T02:35:58.9260052Z   Using cached pydantic_settings-2.12.0-py3-none-any.whl.metadata (3.4 kB)
Migration Safety Check	Install dependencies	2026-03-17T02:35:59.5477803Z Collecting pydantic_core==2.41.5 (from -r requirements.txt (line 32))
Migration Safety Check	Install dependencies	2026-03-17T02:35:59.5491722Z   Using cached pydantic_core-2.41.5-cp312-cp312-manylinux_2_17_x86_64.manylinux2014_x86_64.whl.metadata (7.3 kB)
Migration Safety Check	Install dependencies	2026-03-17T02:35:59.5704672Z Collecting Pygments==2.19.2 (from -r requirements.txt (line 33))
Migration Safety Check	Install dependencies	2026-03-17T02:35:59.5716928Z   Using cached pygments-2.19.2-py3-none-any.whl.metadata (2.5 kB)
Migration Safety Check	Install dependencies	2026-03-17T02:35:59.6049985Z Collecting pytest==9.0.2 (from -r requirements.txt (line 34))
Migration Safety Check	Install dependencies	2026-03-17T02:35:59.6062354Z   Using cached pytest-9.0.2-py3-none-any.whl.metadata (7.6 kB)
Migration Safety Check	Install dependencies	2026-03-17T02:35:59.6353906Z Collecting pytest-asyncio==1.3.0 (from -r requirements.txt (line 35))
Migration Safety Check	Install dependencies	2026-03-17T02:35:59.6366054Z   Using cached pytest_asyncio-1.3.0-py3-none-any.whl.metadata (4.1 kB)
Migration Safety Check	Install dependencies	2026-03-17T02:35:59.6550699Z Collecting pytest-cov==7.0.0 (from -r requirements.txt (line 36))
Migration Safety Check	Install dependencies	2026-03-17T02:35:59.6562531Z   Using cached pytest_cov-7.0.0-py3-none-any.whl.metadata (31 kB)
Migration Safety Check	Install dependencies	2026-03-17T02:35:59.7134893Z Collecting python-dateutil==2.9.0 (from -r requirements.txt (line 37))
Migration Safety Check	Install dependencies	2026-03-17T02:35:59.7147967Z   Using cached python_dateutil-2.9.0-py2.py3-none-any.whl.metadata (8.3 kB)
Migration Safety Check	Install dependencies	2026-03-17T02:35:59.7333629Z Collecting python-dotenv==1.2.1 (from -r requirements.txt (line 38))
Migration Safety Check	Install dependencies	2026-03-17T02:35:59.7346131Z   Using cached python_dotenv-1.2.1-py3-none-any.whl.metadata (25 kB)
Migration Safety Check	Install dependencies	2026-03-17T02:35:59.7516509Z Collecting python-jose==3.5.0 (from -r requirements.txt (line 39))
Migration Safety Check	Install dependencies	2026-03-17T02:35:59.7528402Z   Using cached python_jose-3.5.0-py2.py3-none-any.whl.metadata (5.5 kB)
Migration Safety Check	Install dependencies	2026-03-17T02:35:59.7690068Z Collecting python-multipart==0.0.20 (from -r requirements.txt (line 40))
Migration Safety Check	Install dependencies	2026-03-17T02:35:59.7702313Z   Using cached python_multipart-0.0.20-py3-none-any.whl.metadata (1.8 kB)
Migration Safety Check	Install dependencies	2026-03-17T02:35:59.8085491Z Collecting PyYAML==6.0.3 (from -r requirements.txt (line 41))
Migration Safety Check	Install dependencies	2026-03-17T02:35:59.8099144Z   Using cached pyyaml-6.0.3-cp312-cp312-manylinux2014_x86_64.manylinux_2_17_x86_64.manylinux_2_28_x86_64.whl.metadata (2.4 kB)
Migration Safety Check	Install dependencies	2026-03-17T02:35:59.8340381Z Collecting requests==2.32.5 (from -r requirements.txt (line 42))
Migration Safety Check	Install dependencies	2026-03-17T02:35:59.8352771Z   Using cached requests-2.32.5-py3-none-any.whl.metadata (4.9 kB)
Migration Safety Check	Install dependencies	2026-03-17T02:35:59.8530725Z Collecting rsa==4.9.1 (from -r requirements.txt (line 43))
Migration Safety Check	Install dependencies	2026-03-17T02:35:59.8542457Z   Using cached rsa-4.9.1-py3-none-any.whl.metadata (5.6 kB)
Migration Safety Check	Install dependencies	2026-03-17T02:35:59.8703744Z Collecting six==1.17.0 (from -r requirements.txt (line 44))
Migration Safety Check	Install dependencies	2026-03-17T02:35:59.8715231Z   Using cached six-1.17.0-py2.py3-none-any.whl.metadata (1.7 kB)
Migration Safety Check	Install dependencies	2026-03-17T02:36:00.1169680Z Collecting SQLAlchemy==2.0.45 (from -r requirements.txt (line 45))
Migration Safety Check	Install dependencies	2026-03-17T02:36:00.1183862Z   Using cached sqlalchemy-2.0.45-cp312-cp312-manylinux2014_x86_64.manylinux_2_17_x86_64.manylinux_2_28_x86_64.whl.metadata (9.5 kB)
Migration Safety Check	Install dependencies	2026-03-17T02:36:00.1673664Z Collecting asyncpg==0.30.0 (from -r requirements.txt (line 46))
Migration Safety Check	Install dependencies	2026-03-17T02:36:00.1687699Z   Using cached asyncpg-0.30.0-cp312-cp312-manylinux_2_17_x86_64.manylinux2014_x86_64.whl.metadata (5.0 kB)
Migration Safety Check	Install dependencies	2026-03-17T02:36:00.1960003Z Collecting starlette==0.41.3 (from -r requirements.txt (line 47))
Migration Safety Check	Install dependencies	2026-03-17T02:36:00.1973475Z   Using cached starlette-0.41.3-py3-none-any.whl.metadata (6.0 kB)
Migration Safety Check	Install dependencies	2026-03-17T02:36:00.2126832Z Collecting typing-inspection==0.4.2 (from -r requirements.txt (line 48))
Migration Safety Check	Install dependencies	2026-03-17T02:36:00.2138828Z   Using cached typing_inspection-0.4.2-py3-none-any.whl.metadata (2.6 kB)
Migration Safety Check	Install dependencies	2026-03-17T02:36:00.2321713Z Collecting typing_extensions==4.15.0 (from -r requirements.txt (line 49))
Migration Safety Check	Install dependencies	2026-03-17T02:36:00.2333725Z   Using cached typing_extensions-4.15.0-py3-none-any.whl.metadata (3.3 kB)
Migration Safety Check	Install dependencies	2026-03-17T02:36:00.2564273Z Collecting urllib3==2.6.2 (from -r requirements.txt (line 50))
Migration Safety Check	Install dependencies	2026-03-17T02:36:00.2576254Z   Using cached urllib3-2.6.2-py3-none-any.whl.metadata (6.6 kB)
Migration Safety Check	Install dependencies	2026-03-17T02:36:00.2827372Z Collecting uvicorn==0.38.0 (from -r requirements.txt (line 51))
Migration Safety Check	Install dependencies	2026-03-17T02:36:00.2839451Z   Using cached uvicorn-0.38.0-py3-none-any.whl.metadata (6.8 kB)
Migration Safety Check	Install dependencies	2026-03-17T02:36:00.3051016Z Collecting gunicorn==23.0.0 (from -r requirements.txt (line 52))
Migration Safety Check	Install dependencies	2026-03-17T02:36:00.3062831Z   Using cached gunicorn-23.0.0-py3-none-any.whl.metadata (4.4 kB)
Migration Safety Check	Install dependencies	2026-03-17T02:36:00.3230321Z Collecting slowapi==0.1.9 (from -r requirements.txt (line 53))
Migration Safety Check	Install dependencies	2026-03-17T02:36:00.3242067Z   Using cached slowapi-0.1.9-py3-none-any.whl.metadata (3.0 kB)
Migration Safety Check	Install dependencies	2026-03-17T02:36:00.3470977Z Collecting limits==5.6.0 (from -r requirements.txt (line 54))
Migration Safety Check	Install dependencies	2026-03-17T02:36:00.3482953Z   Using cached limits-5.6.0-py3-none-any.whl.metadata (10 kB)
Migration Safety Check	Install dependencies	2026-03-17T02:36:00.3690266Z Collecting openpyxl==3.1.5 (from -r requirements.txt (line 55))
Migration Safety Check	Install dependencies	2026-03-17T02:36:00.3703200Z   Using cached openpyxl-3.1.5-py2.py3-none-any.whl.metadata (2.5 kB)
Migration Safety Check	Install dependencies	2026-03-17T02:36:00.3854560Z Collecting user-agents==2.2.0 (from -r requirements.txt (line 56))
Migration Safety Check	Install dependencies	2026-03-17T02:36:00.3866550Z   Using cached user_agents-2.2.0-py3-none-any.whl.metadata (7.9 kB)
Migration Safety Check	Install dependencies	2026-03-17T02:36:00.5883536Z Collecting hypothesis==6.122.3 (from -r requirements.txt (line 57))
Migration Safety Check	Install dependencies	2026-03-17T02:36:00.5897971Z   Using cached hypothesis-6.122.3-py3-none-any.whl.metadata (6.0 kB)
Migration Safety Check	Install dependencies	2026-03-17T02:36:00.6141705Z Collecting apscheduler==3.10.4 (from -r requirements.txt (line 58))
Migration Safety Check	Install dependencies	2026-03-17T02:36:00.6153995Z   Using cached APScheduler-3.10.4-py3-none-any.whl.metadata (5.7 kB)
Migration Safety Check	Install dependencies	2026-03-17T02:36:00.7749887Z Collecting cryptography==44.0.0 (from -r requirements.txt (line 59))
Migration Safety Check	Install dependencies	2026-03-17T02:36:00.7764233Z   Using cached cryptography-44.0.0-cp39-abi3-manylinux_2_28_x86_64.whl.metadata (5.7 kB)
Migration Safety Check	Install dependencies	2026-03-17T02:36:00.7947187Z Collecting itsdangerous==2.2.0 (from -r requirements.txt (line 60))
Migration Safety Check	Install dependencies	2026-03-17T02:36:00.7959192Z   Using cached itsdangerous-2.2.0-py3-none-any.whl.metadata (1.9 kB)
Migration Safety Check	Install dependencies	2026-03-17T02:36:00.8236081Z Collecting redis==5.2.1 (from -r requirements.txt (line 61))
Migration Safety Check	Install dependencies	2026-03-17T02:36:00.8248294Z   Using cached redis-5.2.1-py3-none-any.whl.metadata (9.1 kB)
Migration Safety Check	Install dependencies	2026-03-17T02:36:00.8433618Z Collecting jinja2==3.1.5 (from -r requirements.txt (line 62))
Migration Safety Check	Install dependencies	2026-03-17T02:36:00.8445868Z   Using cached jinja2-3.1.5-py3-none-any.whl.metadata (2.6 kB)
Migration Safety Check	Install dependencies	2026-03-17T02:36:00.8671724Z Collecting weasyprint==61.2 (from -r requirements.txt (line 63))
Migration Safety Check	Install dependencies	2026-03-17T02:36:00.8684044Z   Using cached weasyprint-61.2-py3-none-any.whl.metadata (3.7 kB)
Migration Safety Check	Install dependencies	2026-03-17T02:36:00.8863892Z Collecting pyotp==2.9.0 (from -r requirements.txt (line 64))
Migration Safety Check	Install dependencies	2026-03-17T02:36:00.8875622Z   Using cached pyotp-2.9.0-py3-none-any.whl.metadata (9.8 kB)
Migration Safety Check	Install dependencies	2026-03-17T02:36:00.9060612Z Collecting qrcode==7.4.2 (from -r requirements.txt (line 65))
Migration Safety Check	Install dependencies	2026-03-17T02:36:00.9071886Z   Using cached qrcode-7.4.2-py3-none-any.whl.metadata (17 kB)
Migration Safety Check	Install dependencies	2026-03-17T02:36:01.0136759Z Collecting pandas==2.2.3 (from -r requirements.txt (line 66))
Migration Safety Check	Install dependencies	2026-03-17T02:36:01.0151200Z   Using cached pandas-2.2.3-cp312-cp312-manylinux_2_17_x86_64.manylinux2014_x86_64.whl.metadata (89 kB)
Migration Safety Check	Install dependencies	2026-03-17T02:36:01.5150936Z Collecting coverage>=7.10.6 (from coverage[toml]>=7.10.6->pytest-cov==7.0.0->-r requirements.txt (line 36))
Migration Safety Check	Install dependencies	2026-03-17T02:36:01.5166172Z   Using cached coverage-7.13.4-cp312-cp312-manylinux1_x86_64.manylinux_2_28_x86_64.manylinux_2_5_x86_64.whl.metadata (8.5 kB)
Migration Safety Check	Install dependencies	2026-03-17T02:36:01.5578840Z Collecting deprecated>=1.2 (from limits==5.6.0->-r requirements.txt (line 54))
Migration Safety Check	Install dependencies	2026-03-17T02:36:01.5591757Z   Using cached deprecated-1.3.1-py2.py3-none-any.whl.metadata (5.9 kB)
Migration Safety Check	Install dependencies	2026-03-17T02:36:01.5765241Z Collecting et-xmlfile (from openpyxl==3.1.5->-r requirements.txt (line 55))
Migration Safety Check	Install dependencies	2026-03-17T02:36:01.5778013Z   Using cached et_xmlfile-2.0.0-py3-none-any.whl.metadata (2.7 kB)
Migration Safety Check	Install dependencies	2026-03-17T02:36:01.5956060Z Collecting ua-parser>=0.10.0 (from user-agents==2.2.0->-r requirements.txt (line 56))
Migration Safety Check	Install dependencies	2026-03-17T02:36:01.5970625Z   Using cached ua_parser-1.0.1-py3-none-any.whl.metadata (5.6 kB)
Migration Safety Check	Install dependencies	2026-03-17T02:36:01.6166943Z Collecting attrs>=22.2.0 (from hypothesis==6.122.3->-r requirements.txt (line 57))
Migration Safety Check	Install dependencies	2026-03-17T02:36:01.6179982Z   Using cached attrs-25.4.0-py3-none-any.whl.metadata (10 kB)
Migration Safety Check	Install dependencies	2026-03-17T02:36:01.6353383Z Collecting sortedcontainers<3.0.0,>=2.1.0 (from hypothesis==6.122.3->-r requirements.txt (line 57))
Migration Safety Check	Install dependencies	2026-03-17T02:36:01.6365744Z   Using cached sortedcontainers-2.4.0-py2.py3-none-any.whl.metadata (10 kB)
Migration Safety Check	Install dependencies	2026-03-17T02:36:01.6784224Z Collecting pytz (from apscheduler==3.10.4->-r requirements.txt (line 58))
Migration Safety Check	Install dependencies	2026-03-17T02:36:01.6798086Z   Using cached pytz-2026.1.post1-py2.py3-none-any.whl.metadata (22 kB)
Migration Safety Check	Install dependencies	2026-03-17T02:36:01.6998839Z Collecting tzlocal!=3.*,>=2.0 (from apscheduler==3.10.4->-r requirements.txt (line 58))
Migration Safety Check	Install dependencies	2026-03-17T02:36:01.7011292Z   Using cached tzlocal-5.3.1-py3-none-any.whl.metadata (7.6 kB)
Migration Safety Check	Install dependencies	2026-03-17T02:36:01.8007631Z Collecting cffi>=1.12 (from cryptography==44.0.0->-r requirements.txt (line 59))
Migration Safety Check	Install dependencies	2026-03-17T02:36:01.8021640Z   Using cached cffi-2.0.0-cp312-cp312-manylinux2014_x86_64.manylinux_2_17_x86_64.whl.metadata (2.6 kB)
Migration Safety Check	Install dependencies	2026-03-17T02:36:01.8242618Z Collecting pydyf>=0.8.0 (from weasyprint==61.2->-r requirements.txt (line 63))
Migration Safety Check	Install dependencies	2026-03-17T02:36:01.8254517Z   Using cached pydyf-0.12.1-py3-none-any.whl.metadata (2.5 kB)
Migration Safety Check	Install dependencies	2026-03-17T02:36:01.8428237Z Collecting html5lib>=1.1 (from weasyprint==61.2->-r requirements.txt (line 63))
Migration Safety Check	Install dependencies	2026-03-17T02:36:01.8441165Z   Using cached html5lib-1.1-py2.py3-none-any.whl.metadata (16 kB)
Migration Safety Check	Install dependencies	2026-03-17T02:36:01.8618237Z Collecting tinycss2>=1.0.0 (from weasyprint==61.2->-r requirements.txt (line 63))
Migration Safety Check	Install dependencies	2026-03-17T02:36:01.8630798Z   Using cached tinycss2-1.5.1-py3-none-any.whl.metadata (3.0 kB)
Migration Safety Check	Install dependencies	2026-03-17T02:36:01.8803098Z Collecting cssselect2>=0.1 (from weasyprint==61.2->-r requirements.txt (line 63))
Migration Safety Check	Install dependencies	2026-03-17T02:36:01.8815773Z   Using cached cssselect2-0.9.0-py3-none-any.whl.metadata (2.9 kB)
Migration Safety Check	Install dependencies	2026-03-17T02:36:01.8977710Z Collecting Pyphen>=0.9.1 (from weasyprint==61.2->-r requirements.txt (line 63))
Migration Safety Check	Install dependencies	2026-03-17T02:36:01.8989848Z   Using cached pyphen-0.17.2-py3-none-any.whl.metadata (3.2 kB)
Migration Safety Check	Install dependencies	2026-03-17T02:36:02.0577140Z Collecting Pillow>=9.1.0 (from weasyprint==61.2->-r requirements.txt (line 63))
Migration Safety Check	Install dependencies	2026-03-17T02:36:02.0592395Z   Using cached pillow-12.1.1-cp312-cp312-manylinux_2_27_x86_64.manylinux_2_28_x86_64.whl.metadata (8.8 kB)
Migration Safety Check	Install dependencies	2026-03-17T02:36:02.2980860Z Collecting fonttools>=4.0.0 (from fonttools[woff]>=4.0.0->weasyprint==61.2->-r requirements.txt (line 63))
Migration Safety Check	Install dependencies	2026-03-17T02:36:02.2995812Z   Using cached fonttools-4.62.1-cp312-cp312-manylinux2014_x86_64.manylinux_2_17_x86_64.whl.metadata (117 kB)
Migration Safety Check	Install dependencies	2026-03-17T02:36:02.3300107Z Collecting pypng (from qrcode==7.4.2->-r requirements.txt (line 65))
Migration Safety Check	Install dependencies	2026-03-17T02:36:02.3312684Z   Using cached pypng-0.20220715.0-py3-none-any.whl.metadata (13 kB)
Migration Safety Check	Install dependencies	2026-03-17T02:36:02.5101960Z Collecting numpy>=1.26.0 (from pandas==2.2.3->-r requirements.txt (line 66))
Migration Safety Check	Install dependencies	2026-03-17T02:36:02.5116707Z   Using cached numpy-2.4.3-cp312-cp312-manylinux_2_27_x86_64.manylinux_2_28_x86_64.whl.metadata (6.6 kB)
Migration Safety Check	Install dependencies	2026-03-17T02:36:02.5335181Z Collecting tzdata>=2022.7 (from pandas==2.2.3->-r requirements.txt (line 66))
Migration Safety Check	Install dependencies	2026-03-17T02:36:02.5348629Z   Using cached tzdata-2025.3-py2.py3-none-any.whl.metadata (1.4 kB)
Migration Safety Check	Install dependencies	2026-03-17T02:36:02.6954298Z Collecting psycopg-binary==3.2.4 (from psycopg[binary]==3.2.4->-r requirements.txt (line 27))
Migration Safety Check	Install dependencies	2026-03-17T02:36:02.6968687Z   Using cached psycopg_binary-3.2.4-cp312-cp312-manylinux_2_17_x86_64.manylinux2014_x86_64.whl.metadata (2.8 kB)
Migration Safety Check	Install dependencies	2026-03-17T02:36:02.7157778Z Collecting pycparser (from cffi>=1.12->cryptography==44.0.0->-r requirements.txt (line 59))
Migration Safety Check	Install dependencies	2026-03-17T02:36:02.7169898Z   Using cached pycparser-3.0-py3-none-any.whl.metadata (8.2 kB)
Migration Safety Check	Install dependencies	2026-03-17T02:36:02.7359483Z Collecting webencodings (from cssselect2>=0.1->weasyprint==61.2->-r requirements.txt (line 63))
Migration Safety Check	Install dependencies	2026-03-17T02:36:02.7371770Z   Using cached webencodings-0.5.1-py2.py3-none-any.whl.metadata (2.1 kB)
Migration Safety Check	Install dependencies	2026-03-17T02:36:02.8946380Z Collecting wrapt<3,>=1.10 (from deprecated>=1.2->limits==5.6.0->-r requirements.txt (line 54))
Migration Safety Check	Install dependencies	2026-03-17T02:36:02.8961262Z   Using cached wrapt-2.1.2-cp312-cp312-manylinux1_x86_64.manylinux_2_28_x86_64.manylinux_2_5_x86_64.whl.metadata (7.4 kB)
Migration Safety Check	Install dependencies	2026-03-17T02:36:02.9343878Z Collecting brotli>=1.0.1 (from fonttools[woff]>=4.0.0->weasyprint==61.2->-r requirements.txt (line 63))
Migration Safety Check	Install dependencies	2026-03-17T02:36:02.9357323Z   Using cached brotli-1.2.0-cp312-cp312-manylinux2014_x86_64.manylinux_2_17_x86_64.whl.metadata (6.1 kB)
Migration Safety Check	Install dependencies	2026-03-17T02:36:02.9793262Z Collecting zopfli>=0.1.4 (from fonttools[woff]>=4.0.0->weasyprint==61.2->-r requirements.txt (line 63))
Migration Safety Check	Install dependencies	2026-03-17T02:36:02.9806438Z   Using cached zopfli-0.4.1-cp310-abi3-manylinux2014_x86_64.manylinux_2_17_x86_64.whl.metadata (3.5 kB)
Migration Safety Check	Install dependencies	2026-03-17T02:36:03.0062466Z Collecting ua-parser-builtins (from ua-parser>=0.10.0->user-agents==2.2.0->-r requirements.txt (line 56))
Migration Safety Check	Install dependencies	2026-03-17T02:36:03.0074733Z   Using cached ua_parser_builtins-202603-py3-none-any.whl.metadata (1.8 kB)
Migration Safety Check	Install dependencies	2026-03-17T02:36:03.0156148Z Using cached alembic-1.18.2-py3-none-any.whl (261 kB)
Migration Safety Check	Install dependencies	2026-03-17T02:36:03.0169713Z Using cached annotated_doc-0.0.4-py3-none-any.whl (5.3 kB)
Migration Safety Check	Install dependencies	2026-03-17T02:36:03.0181449Z Using cached annotated_types-0.7.0-py3-none-any.whl (13 kB)
Migration Safety Check	Install dependencies	2026-03-17T02:36:03.0192883Z Using cached anyio-4.12.1-py3-none-any.whl (113 kB)
Migration Safety Check	Install dependencies	2026-03-17T02:36:03.0205196Z Using cached bcrypt-5.0.0-cp39-abi3-manylinux_2_34_x86_64.whl (278 kB)
Migration Safety Check	Install dependencies	2026-03-17T02:36:03.0219092Z Using cached cachetools-6.2.2-py3-none-any.whl (11 kB)
Migration Safety Check	Install dependencies	2026-03-17T02:36:03.0231268Z Using cached certifi-2026.1.4-py3-none-any.whl (152 kB)
Migration Safety Check	Install dependencies	2026-03-17T02:36:03.0244343Z Using cached charset_normalizer-3.4.4-cp312-cp312-manylinux2014_x86_64.manylinux_2_17_x86_64.manylinux_2_28_x86_64.whl (153 kB)
Migration Safety Check	Install dependencies	2026-03-17T02:36:03.0256652Z Using cached click-8.3.1-py3-none-any.whl (108 kB)
Migration Safety Check	Install dependencies	2026-03-17T02:36:03.0268813Z Using cached dnspython-2.8.0-py3-none-any.whl (331 kB)
Migration Safety Check	Install dependencies	2026-03-17T02:36:03.0282432Z Using cached ecdsa-0.19.1-py2.py3-none-any.whl (150 kB)
Migration Safety Check	Install dependencies	2026-03-17T02:36:03.0295035Z Using cached email_validator-2.3.0-py3-none-any.whl (35 kB)
Migration Safety Check	Install dependencies	2026-03-17T02:36:03.0307216Z Using cached fastapi-0.128.0-py3-none-any.whl (103 kB)
Migration Safety Check	Install dependencies	2026-03-17T02:36:03.0319193Z Using cached starlette-0.41.3-py3-none-any.whl (73 kB)
Migration Safety Check	Install dependencies	2026-03-17T02:36:03.0331116Z Using cached google_auth-2.47.0-py3-none-any.whl (234 kB)
Migration Safety Check	Install dependencies	2026-03-17T02:36:03.0343889Z Using cached rsa-4.9.1-py3-none-any.whl (34 kB)
Migration Safety Check	Install dependencies	2026-03-17T02:36:03.0356000Z Using cached greenlet-3.3.0-cp312-cp312-manylinux_2_24_x86_64.manylinux_2_28_x86_64.whl (609 kB)
Migration Safety Check	Install dependencies	2026-03-17T02:36:03.0371677Z Using cached h11-0.16.0-py3-none-any.whl (37 kB)
Migration Safety Check	Install dependencies	2026-03-17T02:36:03.0383666Z Using cached httpcore-1.0.9-py3-none-any.whl (78 kB)
Migration Safety Check	Install dependencies	2026-03-17T02:36:03.0395719Z Using cached httpx-0.28.1-py3-none-any.whl (73 kB)
Migration Safety Check	Install dependencies	2026-03-17T02:36:03.0407783Z Using cached idna-3.11-py3-none-any.whl (71 kB)
Migration Safety Check	Install dependencies	2026-03-17T02:36:03.0420110Z Using cached iniconfig-2.3.0-py3-none-any.whl (7.5 kB)
Migration Safety Check	Install dependencies	2026-03-17T02:36:03.0431794Z Using cached mako-1.3.10-py3-none-any.whl (78 kB)
Migration Safety Check	Install dependencies	2026-03-17T02:36:03.0444439Z Using cached markupsafe-3.0.3-cp312-cp312-manylinux2014_x86_64.manylinux_2_17_x86_64.manylinux_2_28_x86_64.whl (22 kB)
Migration Safety Check	Install dependencies	2026-03-17T02:36:03.0456029Z Using cached packaging-25.0-py3-none-any.whl (66 kB)
Migration Safety Check	Install dependencies	2026-03-17T02:36:03.0468451Z Using cached passlib-1.7.4-py2.py3-none-any.whl (525 kB)
Migration Safety Check	Install dependencies	2026-03-17T02:36:03.0483550Z Using cached pluggy-1.6.0-py3-none-any.whl (20 kB)
Migration Safety Check	Install dependencies	2026-03-17T02:36:03.0495732Z Using cached psycopg2_binary-2.9.11-cp312-cp312-manylinux2014_x86_64.manylinux_2_17_x86_64.whl (4.2 MB)
Migration Safety Check	Install dependencies	2026-03-17T02:36:03.0536247Z Using cached psycopg-3.2.4-py3-none-any.whl (198 kB)
Migration Safety Check	Install dependencies	2026-03-17T02:36:03.0549002Z Using cached pyasn1-0.6.1-py3-none-any.whl (83 kB)
Migration Safety Check	Install dependencies	2026-03-17T02:36:03.0561016Z Using cached pyasn1_modules-0.4.2-py3-none-any.whl (181 kB)
Migration Safety Check	Install dependencies	2026-03-17T02:36:03.0573574Z Using cached pydantic-2.12.5-py3-none-any.whl (463 kB)
Migration Safety Check	Install dependencies	2026-03-17T02:36:03.0589884Z Using cached pydantic_settings-2.12.0-py3-none-any.whl (51 kB)
Migration Safety Check	Install dependencies	2026-03-17T02:36:03.0602149Z Using cached pydantic_core-2.41.5-cp312-cp312-manylinux_2_17_x86_64.manylinux2014_x86_64.whl (2.1 MB)
Migration Safety Check	Install dependencies	2026-03-17T02:36:03.0628321Z Using cached pygments-2.19.2-py3-none-any.whl (1.2 MB)
Migration Safety Check	Install dependencies	2026-03-17T02:36:03.0648366Z Using cached pytest-9.0.2-py3-none-any.whl (374 kB)
Migration Safety Check	Install dependencies	2026-03-17T02:36:03.0662471Z Using cached pytest_asyncio-1.3.0-py3-none-any.whl (15 kB)
Migration Safety Check	Install dependencies	2026-03-17T02:36:03.0674011Z Using cached pytest_cov-7.0.0-py3-none-any.whl (22 kB)
Migration Safety Check	Install dependencies	2026-03-17T02:36:03.0685931Z Using cached python_dateutil-2.9.0-py2.py3-none-any.whl (230 kB)
Migration Safety Check	Install dependencies	2026-03-17T02:36:03.0698930Z Using cached python_dotenv-1.2.1-py3-none-any.whl (21 kB)
Migration Safety Check	Install dependencies	2026-03-17T02:36:03.0711038Z Using cached python_jose-3.5.0-py2.py3-none-any.whl (34 kB)
Migration Safety Check	Install dependencies	2026-03-17T02:36:03.0722699Z Using cached python_multipart-0.0.20-py3-none-any.whl (24 kB)
Migration Safety Check	Install dependencies	2026-03-17T02:36:03.0734887Z Using cached pyyaml-6.0.3-cp312-cp312-manylinux2014_x86_64.manylinux_2_17_x86_64.manylinux_2_28_x86_64.whl (807 kB)
Migration Safety Check	Install dependencies	2026-03-17T02:36:03.0752350Z Using cached requests-2.32.5-py3-none-any.whl (64 kB)
Migration Safety Check	Install dependencies	2026-03-17T02:36:03.0764775Z Using cached urllib3-2.6.2-py3-none-any.whl (131 kB)
Migration Safety Check	Install dependencies	2026-03-17T02:36:03.0777288Z Using cached six-1.17.0-py2.py3-none-any.whl (11 kB)
Migration Safety Check	Install dependencies	2026-03-17T02:36:03.0789466Z Using cached sqlalchemy-2.0.45-cp312-cp312-manylinux2014_x86_64.manylinux_2_17_x86_64.manylinux_2_28_x86_64.whl (3.3 MB)
Migration Safety Check	Install dependencies	2026-03-17T02:36:03.0824479Z Using cached asyncpg-0.30.0-cp312-cp312-manylinux_2_17_x86_64.manylinux2014_x86_64.whl (3.6 MB)
Migration Safety Check	Install dependencies	2026-03-17T02:36:03.0861477Z Using cached typing_inspection-0.4.2-py3-none-any.whl (14 kB)
Migration Safety Check	Install dependencies	2026-03-17T02:36:03.0873126Z Using cached typing_extensions-4.15.0-py3-none-any.whl (44 kB)
Migration Safety Check	Install dependencies	2026-03-17T02:36:03.0884951Z Using cached uvicorn-0.38.0-py3-none-any.whl (68 kB)
Migration Safety Check	Install dependencies	2026-03-17T02:36:03.0897346Z Using cached gunicorn-23.0.0-py3-none-any.whl (85 kB)
Migration Safety Check	Install dependencies	2026-03-17T02:36:03.0909139Z Using cached slowapi-0.1.9-py3-none-any.whl (14 kB)
Migration Safety Check	Install dependencies	2026-03-17T02:36:03.0920531Z Using cached limits-5.6.0-py3-none-any.whl (60 kB)
Migration Safety Check	Install dependencies	2026-03-17T02:36:03.0932331Z Using cached openpyxl-3.1.5-py2.py3-none-any.whl (250 kB)
Migration Safety Check	Install dependencies	2026-03-17T02:36:03.0945622Z Using cached user_agents-2.2.0-py3-none-any.whl (9.6 kB)
Migration Safety Check	Install dependencies	2026-03-17T02:36:03.0957371Z Using cached hypothesis-6.122.3-py3-none-any.whl (475 kB)
Migration Safety Check	Install dependencies	2026-03-17T02:36:03.0971854Z Using cached APScheduler-3.10.4-py3-none-any.whl (59 kB)
Migration Safety Check	Install dependencies	2026-03-17T02:36:03.0983959Z Using cached cryptography-44.0.0-cp39-abi3-manylinux_2_28_x86_64.whl (4.2 MB)
Migration Safety Check	Install dependencies	2026-03-17T02:36:03.1024791Z Using cached itsdangerous-2.2.0-py3-none-any.whl (16 kB)
Migration Safety Check	Install dependencies	2026-03-17T02:36:03.1036763Z Using cached redis-5.2.1-py3-none-any.whl (261 kB)
Migration Safety Check	Install dependencies	2026-03-17T02:36:03.1050000Z Using cached jinja2-3.1.5-py3-none-any.whl (134 kB)
Migration Safety Check	Install dependencies	2026-03-17T02:36:03.1062377Z Using cached weasyprint-61.2-py3-none-any.whl (271 kB)
Migration Safety Check	Install dependencies	2026-03-17T02:36:03.1075684Z Using cached pyotp-2.9.0-py3-none-any.whl (13 kB)
Migration Safety Check	Install dependencies	2026-03-17T02:36:03.1087401Z Using cached qrcode-7.4.2-py3-none-any.whl (46 kB)
Migration Safety Check	Install dependencies	2026-03-17T02:36:03.1099474Z Using cached pandas-2.2.3-cp312-cp312-manylinux_2_17_x86_64.manylinux2014_x86_64.whl (12.7 MB)
Migration Safety Check	Install dependencies	2026-03-17T02:36:03.1201509Z Using cached psycopg_binary-3.2.4-cp312-cp312-manylinux_2_17_x86_64.manylinux2014_x86_64.whl (4.3 MB)
Migration Safety Check	Install dependencies	2026-03-17T02:36:03.1243012Z Using cached sortedcontainers-2.4.0-py2.py3-none-any.whl (29 kB)
Migration Safety Check	Install dependencies	2026-03-17T02:36:03.1255171Z Using cached attrs-25.4.0-py3-none-any.whl (67 kB)
Migration Safety Check	Install dependencies	2026-03-17T02:36:03.1268103Z Using cached cffi-2.0.0-cp312-cp312-manylinux2014_x86_64.manylinux_2_17_x86_64.whl (219 kB)
Migration Safety Check	Install dependencies	2026-03-17T02:36:03.1281305Z Using cached coverage-7.13.4-cp312-cp312-manylinux1_x86_64.manylinux_2_28_x86_64.manylinux_2_5_x86_64.whl (254 kB)
Migration Safety Check	Install dependencies	2026-03-17T02:36:03.1294207Z Using cached cssselect2-0.9.0-py3-none-any.whl (15 kB)
Migration Safety Check	Install dependencies	2026-03-17T02:36:03.1306098Z Using cached deprecated-1.3.1-py2.py3-none-any.whl (11 kB)
Migration Safety Check	Install dependencies	2026-03-17T02:36:03.1318333Z Using cached wrapt-2.1.2-cp312-cp312-manylinux1_x86_64.manylinux_2_28_x86_64.manylinux_2_5_x86_64.whl (121 kB)
Migration Safety Check	Install dependencies	2026-03-17T02:36:03.1330935Z Using cached fonttools-4.62.1-cp312-cp312-manylinux2014_x86_64.manylinux_2_17_x86_64.whl (5.0 MB)
Migration Safety Check	Install dependencies	2026-03-17T02:36:03.1377566Z Using cached brotli-1.2.0-cp312-cp312-manylinux2014_x86_64.manylinux_2_17_x86_64.whl (1.4 MB)
Migration Safety Check	Install dependencies	2026-03-17T02:36:03.1399082Z Using cached html5lib-1.1-py2.py3-none-any.whl (112 kB)
Migration Safety Check	Install dependencies	2026-03-17T02:36:03.1412196Z Using cached numpy-2.4.3-cp312-cp312-manylinux_2_27_x86_64.manylinux_2_28_x86_64.whl (16.6 MB)
Migration Safety Check	Install dependencies	2026-03-17T02:36:03.1541229Z Using cached pillow-12.1.1-cp312-cp312-manylinux_2_27_x86_64.manylinux_2_28_x86_64.whl (7.0 MB)
Migration Safety Check	Install dependencies	2026-03-17T02:36:03.1602043Z Using cached pydyf-0.12.1-py3-none-any.whl (8.0 kB)
Migration Safety Check	Install dependencies	2026-03-17T02:36:03.1613710Z Using cached pyphen-0.17.2-py3-none-any.whl (2.1 MB)
Migration Safety Check	Install dependencies	2026-03-17T02:36:03.1641063Z Using cached pytz-2026.1.post1-py2.py3-none-any.whl (510 kB)
Migration Safety Check	Install dependencies	2026-03-17T02:36:03.1656211Z Using cached tinycss2-1.5.1-py3-none-any.whl (28 kB)
Migration Safety Check	Install dependencies	2026-03-17T02:36:03.1668172Z Using cached tzdata-2025.3-py2.py3-none-any.whl (348 kB)
Migration Safety Check	Install dependencies	2026-03-17T02:36:03.1681856Z Using cached tzlocal-5.3.1-py3-none-any.whl (18 kB)
Migration Safety Check	Install dependencies	2026-03-17T02:36:03.1693485Z Using cached ua_parser-1.0.1-py3-none-any.whl (31 kB)
Migration Safety Check	Install dependencies	2026-03-17T02:36:03.1705252Z Using cached webencodings-0.5.1-py2.py3-none-any.whl (11 kB)
Migration Safety Check	Install dependencies	2026-03-17T02:36:03.1717408Z Using cached zopfli-0.4.1-cp310-abi3-manylinux2014_x86_64.manylinux_2_17_x86_64.whl (829 kB)
Migration Safety Check	Install dependencies	2026-03-17T02:36:03.1734381Z Using cached et_xmlfile-2.0.0-py3-none-any.whl (18 kB)
Migration Safety Check	Install dependencies	2026-03-17T02:36:03.1745911Z Using cached pycparser-3.0-py3-none-any.whl (48 kB)
Migration Safety Check	Install dependencies	2026-03-17T02:36:03.1757915Z Using cached pypng-0.20220715.0-py3-none-any.whl (58 kB)
Migration Safety Check	Install dependencies	2026-03-17T02:36:03.1769829Z Using cached ua_parser_builtins-202603-py3-none-any.whl (89 kB)
Migration Safety Check	Install dependencies	2026-03-17T02:36:03.5028746Z Installing collected packages: webencodings, sortedcontainers, pytz, pypng, passlib, brotli, zopfli, wrapt, urllib3, ua-parser-builtins, tzlocal, tzdata, typing_extensions, tinycss2, six, redis, PyYAML, python-multipart, python-dotenv, Pyphen, pyotp, Pygments, pydyf, pycparser, pyasn1, psycopg2-binary, psycopg-binary, pluggy, Pillow, packaging, numpy, MarkupSafe, itsdangerous, iniconfig, idna, h11, greenlet, fonttools, et-xmlfile, dnspython, coverage, click, charset-normalizer, certifi, cachetools, bcrypt, attrs, asyncpg, annotated-types, annotated-doc, uvicorn, ua-parser, typing-inspection, SQLAlchemy, rsa, requests, qrcode, python-dateutil, pytest, pydantic_core, pyasn1_modules, psycopg, openpyxl, Mako, jinja2, hypothesis, httpcore, html5lib, gunicorn, email-validator, ecdsa, deprecated, cssselect2, cffi, apscheduler, anyio, weasyprint, user-agents, starlette, python-jose, pytest-cov, pytest-asyncio, pydantic, pandas, limits, httpx, google-auth, cryptography, alembic, slowapi, pydantic-settings, fastapi
Migration Safety Check	Install dependencies	2026-03-17T02:36:19.0010051Z 
Migration Safety Check	Install dependencies	2026-03-17T02:36:19.0088957Z Successfully installed Mako-1.3.10 MarkupSafe-3.0.3 Pillow-12.1.1 PyYAML-6.0.3 Pygments-2.19.2 Pyphen-0.17.2 SQLAlchemy-2.0.45 alembic-1.18.2 annotated-doc-0.0.4 annotated-types-0.7.0 anyio-4.12.1 apscheduler-3.10.4 asyncpg-0.30.0 attrs-25.4.0 bcrypt-5.0.0 brotli-1.2.0 cachetools-6.2.2 certifi-2026.1.4 cffi-2.0.0 charset-normalizer-3.4.4 click-8.3.1 coverage-7.13.4 cryptography-44.0.0 cssselect2-0.9.0 deprecated-1.3.1 dnspython-2.8.0 ecdsa-0.19.1 email-validator-2.3.0 et-xmlfile-2.0.0 fastapi-0.128.0 fonttools-4.62.1 google-auth-2.47.0 greenlet-3.3.0 gunicorn-23.0.0 h11-0.16.0 html5lib-1.1 httpcore-1.0.9 httpx-0.28.1 hypothesis-6.122.3 idna-3.11 iniconfig-2.3.0 itsdangerous-2.2.0 jinja2-3.1.5 limits-5.6.0 numpy-2.4.3 openpyxl-3.1.5 packaging-25.0 pandas-2.2.3 passlib-1.7.4 pluggy-1.6.0 psycopg-3.2.4 psycopg-binary-3.2.4 psycopg2-binary-2.9.11 pyasn1-0.6.1 pyasn1_modules-0.4.2 pycparser-3.0 pydantic-2.12.5 pydantic-settings-2.12.0 pydantic_core-2.41.5 pydyf-0.12.1 pyotp-2.9.0 pypng-0.20220715.0 pytest-9.0.2 pytest-asyncio-1.3.0 pytest-cov-7.0.0 python-dateutil-2.9.0 python-dotenv-1.2.1 python-jose-3.5.0 python-multipart-0.0.20 pytz-2026.1.post1 qrcode-7.4.2 redis-5.2.1 requests-2.32.5 rsa-4.9.1 six-1.17.0 slowapi-0.1.9 sortedcontainers-2.4.0 starlette-0.41.3 tinycss2-1.5.1 typing-inspection-0.4.2 typing_extensions-4.15.0 tzdata-2025.3 tzlocal-5.3.1 ua-parser-1.0.1 ua-parser-builtins-202603 urllib3-2.6.2 user-agents-2.2.0 uvicorn-0.38.0 weasyprint-61.2 webencodings-0.5.1 wrapt-2.1.2 zopfli-0.4.1
Migration Safety Check	Validate Alembic revision id lengths	﻿2026-03-17T02:36:19.8579200Z ##[group]Run python scripts/check_alembic_revision_lengths.py
Migration Safety Check	Validate Alembic revision id lengths	2026-03-17T02:36:19.8579686Z [36;1mpython scripts/check_alembic_revision_lengths.py[0m
Migration Safety Check	Validate Alembic revision id lengths	2026-03-17T02:36:19.8631433Z shell: /usr/bin/bash -e {0}
Migration Safety Check	Validate Alembic revision id lengths	2026-03-17T02:36:19.8631669Z env:
Migration Safety Check	Validate Alembic revision id lengths	2026-03-17T02:36:19.8631830Z   PYTHON_VERSION: 3.12
Migration Safety Check	Validate Alembic revision id lengths	2026-03-17T02:36:19.8632028Z   NODE_VERSION: 20
Migration Safety Check	Validate Alembic revision id lengths	2026-03-17T02:36:19.8632383Z   pythonLocation: /opt/hostedtoolcache/Python/3.12.13/x64
Migration Safety Check	Validate Alembic revision id lengths	2026-03-17T02:36:19.8652456Z   PKG_CONFIG_PATH: /opt/hostedtoolcache/Python/3.12.13/x64/lib/pkgconfig
Migration Safety Check	Validate Alembic revision id lengths	2026-03-17T02:36:19.8652903Z   Python_ROOT_DIR: /opt/hostedtoolcache/Python/3.12.13/x64
Migration Safety Check	Validate Alembic revision id lengths	2026-03-17T02:36:19.8653286Z   Python2_ROOT_DIR: /opt/hostedtoolcache/Python/3.12.13/x64
Migration Safety Check	Validate Alembic revision id lengths	2026-03-17T02:36:19.8653659Z   Python3_ROOT_DIR: /opt/hostedtoolcache/Python/3.12.13/x64
Migration Safety Check	Validate Alembic revision id lengths	2026-03-17T02:36:19.8654020Z   LD_LIBRARY_PATH: /opt/hostedtoolcache/Python/3.12.13/x64/lib
Migration Safety Check	Validate Alembic revision id lengths	2026-03-17T02:36:19.8654326Z ##[endgroup]
Migration Safety Check	Lint migrations (enum patterns, FK refs, single head)	﻿2026-03-17T02:36:19.9135095Z ##[group]Run python scripts/lint_migrations.py
Migration Safety Check	Lint migrations (enum patterns, FK refs, single head)	2026-03-17T02:36:19.9135763Z [36;1mpython scripts/lint_migrations.py[0m
Migration Safety Check	Lint migrations (enum patterns, FK refs, single head)	2026-03-17T02:36:19.9186574Z shell: /usr/bin/bash -e {0}
Migration Safety Check	Lint migrations (enum patterns, FK refs, single head)	2026-03-17T02:36:19.9186828Z env:
Migration Safety Check	Lint migrations (enum patterns, FK refs, single head)	2026-03-17T02:36:19.9186998Z   PYTHON_VERSION: 3.12
Migration Safety Check	Lint migrations (enum patterns, FK refs, single head)	2026-03-17T02:36:19.9187202Z   NODE_VERSION: 20
Migration Safety Check	Lint migrations (enum patterns, FK refs, single head)	2026-03-17T02:36:19.9187466Z   pythonLocation: /opt/hostedtoolcache/Python/3.12.13/x64
Migration Safety Check	Lint migrations (enum patterns, FK refs, single head)	2026-03-17T02:36:19.9187883Z   PKG_CONFIG_PATH: /opt/hostedtoolcache/Python/3.12.13/x64/lib/pkgconfig
Migration Safety Check	Lint migrations (enum patterns, FK refs, single head)	2026-03-17T02:36:19.9188309Z   Python_ROOT_DIR: /opt/hostedtoolcache/Python/3.12.13/x64
Migration Safety Check	Lint migrations (enum patterns, FK refs, single head)	2026-03-17T02:36:19.9188693Z   Python2_ROOT_DIR: /opt/hostedtoolcache/Python/3.12.13/x64
Migration Safety Check	Lint migrations (enum patterns, FK refs, single head)	2026-03-17T02:36:19.9189067Z   Python3_ROOT_DIR: /opt/hostedtoolcache/Python/3.12.13/x64
Migration Safety Check	Lint migrations (enum patterns, FK refs, single head)	2026-03-17T02:36:19.9189428Z   LD_LIBRARY_PATH: /opt/hostedtoolcache/Python/3.12.13/x64/lib
Migration Safety Check	Lint migrations (enum patterns, FK refs, single head)	2026-03-17T02:36:19.9189727Z ##[endgroup]
Migration Safety Check	Lint migrations (enum patterns, FK refs, single head)	2026-03-17T02:36:20.6557851Z Migration lint: all checks passed (137 files, 211 tables, 15 allowlisted)
Migration Safety Check	Run alembic upgrade head against Postgres	﻿2026-03-17T02:36:20.6643616Z ##[group]Run python -m alembic upgrade head
Migration Safety Check	Run alembic upgrade head against Postgres	2026-03-17T02:36:20.6643960Z [36;1mpython -m alembic upgrade head[0m
Migration Safety Check	Run alembic upgrade head against Postgres	2026-03-17T02:36:20.6693990Z shell: /usr/bin/bash -e {0}
Migration Safety Check	Run alembic upgrade head against Postgres	2026-03-17T02:36:20.6694256Z env:
Migration Safety Check	Run alembic upgrade head against Postgres	2026-03-17T02:36:20.6694427Z   PYTHON_VERSION: 3.12
Migration Safety Check	Run alembic upgrade head against Postgres	2026-03-17T02:36:20.6694637Z   NODE_VERSION: 20
Migration Safety Check	Run alembic upgrade head against Postgres	2026-03-17T02:36:20.6694914Z   pythonLocation: /opt/hostedtoolcache/Python/3.12.13/x64
Migration Safety Check	Run alembic upgrade head against Postgres	2026-03-17T02:36:20.6695535Z   PKG_CONFIG_PATH: /opt/hostedtoolcache/Python/3.12.13/x64/lib/pkgconfig
Migration Safety Check	Run alembic upgrade head against Postgres	2026-03-17T02:36:20.6695984Z   Python_ROOT_DIR: /opt/hostedtoolcache/Python/3.12.13/x64
Migration Safety Check	Run alembic upgrade head against Postgres	2026-03-17T02:36:20.6696365Z   Python2_ROOT_DIR: /opt/hostedtoolcache/Python/3.12.13/x64
Migration Safety Check	Run alembic upgrade head against Postgres	2026-03-17T02:36:20.6696748Z   Python3_ROOT_DIR: /opt/hostedtoolcache/Python/3.12.13/x64
Migration Safety Check	Run alembic upgrade head against Postgres	2026-03-17T02:36:20.6697126Z   LD_LIBRARY_PATH: /opt/hostedtoolcache/Python/3.12.13/x64/lib
Migration Safety Check	Run alembic upgrade head against Postgres	2026-03-17T02:36:20.6697707Z   DATABASE_URL: ***localhost:5432/bizpilot
Migration Safety Check	Run alembic upgrade head against Postgres	2026-03-17T02:36:20.6697963Z ##[endgroup]
Migration Safety Check	Run alembic upgrade head against Postgres	2026-03-17T02:36:21.8514298Z INFO  [alembic.runtime.migration] Context impl PostgresqlImpl.
Migration Safety Check	Run alembic upgrade head against Postgres	2026-03-17T02:36:21.8515212Z INFO  [alembic.runtime.migration] Will assume transactional DDL.
Migration Safety Check	Run alembic upgrade head against Postgres	2026-03-17T02:36:21.8981651Z INFO  [alembic.runtime.migration] Running upgrade  -> 001_initial_schema, Initial schema - Users, Organizations, Businesses, Roles
Migration Safety Check	Run alembic upgrade head against Postgres	2026-03-17T02:36:21.9251277Z INFO  [alembic.runtime.migration] Running upgrade 001_initial_schema -> 002_business_entities, Add products, customers, orders, invoices tables
Migration Safety Check	Run alembic upgrade head against Postgres	2026-03-17T02:36:21.9857963Z INFO  [alembic.runtime.migration] Running upgrade 001_initial_schema -> 002_add_payments, Add payments table
Migration Safety Check	Run alembic upgrade head against Postgres	2026-03-17T02:36:21.9961630Z INFO  [alembic.runtime.migration] Running upgrade 002_add_payments, 002_business_entities -> 003_merge_heads, Merge heads
Migration Safety Check	Run alembic upgrade head against Postgres	2026-03-17T02:36:21.9975940Z INFO  [alembic.runtime.migration] Running upgrade 003_merge_heads -> 8f1e3ca8b3e8, add_color_to_product_categories
Migration Safety Check	Run alembic upgrade head against Postgres	2026-03-17T02:36:21.9992810Z INFO  [alembic.runtime.migration] Running upgrade 8f1e3ca8b3e8 -> 60dd02bfc53b, add_payments_table
Migration Safety Check	Run alembic upgrade head against Postgres	2026-03-17T02:36:22.0018234Z INFO  [alembic.runtime.migration] Running upgrade 8f1e3ca8b3e8 -> 004_performance_indexes, Add composite indexes for dashboard performance
Migration Safety Check	Run alembic upgrade head against Postgres	2026-03-17T02:36:22.0084468Z INFO  [alembic.runtime.migration] Running upgrade 004_performance_indexes, 60dd02bfc53b -> a90cb766ccf3, merge_performance_indexes
Migration Safety Check	Run alembic upgrade head against Postgres	2026-03-17T02:36:22.0097049Z INFO  [alembic.runtime.migration] Running upgrade a90cb766ccf3 -> 005_add_deleted_at_columns, Add deleted_at columns for soft delete support
Migration Safety Check	Run alembic upgrade head against Postgres	2026-03-17T02:36:22.0150473Z INFO  [alembic.runtime.migration] Running upgrade 005_add_deleted_at_columns -> 006_fix_pay_enums_imgurl, Fix payment enum casing and allow longer image URLs
Migration Safety Check	Run alembic upgrade head against Postgres	2026-03-17T02:36:22.0212820Z INFO  [alembic.runtime.migration] Running upgrade 006_fix_pay_enums_imgurl -> 007_prod_ingredients, Add product ingredients (BOM) and labor minutes
Migration Safety Check	Run alembic upgrade head against Postgres	2026-03-17T02:36:22.1070722Z INFO  [alembic.runtime.migration] Running upgrade 007_prod_ingredients -> 008_fix_inventory_tx, Fix inventory_transactions columns to match model
Migration Safety Check	Run alembic upgrade head against Postgres	2026-03-17T02:36:22.1652298Z INFO  [alembic.runtime.migration] Running upgrade 008_fix_inventory_tx -> 009_ai_chat_and_user_settings, Add AI chat persistence tables and user AI privacy settings
Migration Safety Check	Run alembic upgrade head against Postgres	2026-03-17T02:36:22.1898244Z INFO  [alembic.runtime.migration] Running upgrade 009_ai_chat_and_user_settings -> d21cfee4a049, add suppliers
Migration Safety Check	Run alembic upgrade head against Postgres	2026-03-17T02:36:22.1999219Z INFO  [alembic.runtime.migration] Running upgrade 009_ai_chat_and_user_settings -> 010_ensure_pay_enums, Ensure payment enum values are complete
Migration Safety Check	Run alembic upgrade head against Postgres	2026-03-17T02:36:22.2020103Z INFO  [alembic.runtime.migration] Running upgrade d21cfee4a049 -> 06e2032472c6, orders direction and supplier
Migration Safety Check	Run alembic upgrade head against Postgres	2026-03-17T02:36:22.2106288Z INFO  [alembic.runtime.migration] Running upgrade 06e2032472c6 -> d2162babb0bc, add_subscription_system
Migration Safety Check	Run alembic upgrade head against Postgres	2026-03-17T02:36:22.2674304Z INFO  [alembic.runtime.migration] Running upgrade 010_ensure_pay_enums, d2162babb0bc -> b41692817381, merge_payment_enums
Migration Safety Check	Run alembic upgrade head against Postgres	2026-03-17T02:36:22.2685174Z INFO  [alembic.runtime.migration] Running upgrade b41692817381 -> b180eac5e92f, add source_product_id to product_ingredients
Migration Safety Check	Run alembic upgrade head against Postgres	2026-03-17T02:36:22.2900506Z INFO  [alembic.runtime.migration] Running upgrade b180eac5e92f -> c53915a0c393, add production tables
Migration Safety Check	Run alembic upgrade head against Postgres	2026-03-17T02:36:22.3069894Z INFO  [alembic.runtime.migration] Running upgrade c53915a0c393, d21cfee4a049 -> e7c1f3a2b9d0, single superadmin
Migration Safety Check	Run alembic upgrade head against Postgres	2026-03-17T02:36:22.3132767Z INFO  [alembic.runtime.migration] Running upgrade 010_ensure_pay_enums -> 011_fix_payment_status, Fix invalid payment status values
Migration Safety Check	Run alembic upgrade head against Postgres	2026-03-17T02:36:22.3150125Z INFO  [alembic.runtime.migration] Running upgrade 011_fix_payment_status, e7c1f3a2b9d0 -> f1a2b3c4d5e6, Merge heads after payment status fixes
Migration Safety Check	Run alembic upgrade head against Postgres	2026-03-17T02:36:22.3160746Z INFO  [alembic.runtime.migration] Running upgrade f1a2b3c4d5e6 -> 012_add_paid_partial, Add paid and partial values to paymentstatus enum
Migration Safety Check	Run alembic upgrade head against Postgres	2026-03-17T02:36:22.3176771Z INFO  [alembic.runtime.migration] Running upgrade 012_add_paid_partial -> 013_drop_payments_table, Drop payments table and related enums
Migration Safety Check	Run alembic upgrade head against Postgres	2026-03-17T02:36:22.3203123Z INFO  [alembic.runtime.migration] Running upgrade 013_drop_payments_table -> 014_add_supplier_payment_fields, Add supplier payment fields to invoices
Migration Safety Check	Run alembic upgrade head against Postgres	2026-03-17T02:36:22.3284881Z INFO  [alembic.runtime.migration] Running upgrade 014_add_supplier_payment_fields -> 015_add_product_suppliers, Add product-supplier association table
Migration Safety Check	Run alembic upgrade head against Postgres	2026-03-17T02:36:22.3348528Z INFO  [alembic.runtime.migration] Running upgrade 015_add_product_suppliers -> 016_add_time_entry_and_pos, Add time entry and POS connection tables
Migration Safety Check	Run alembic upgrade head against Postgres	2026-03-17T02:36:22.3628297Z INFO  [alembic.runtime.migration] Running upgrade 016_add_time_entry_and_pos -> 017_add_sessions, Add sessions table for active session management.
Migration Safety Check	Run alembic upgrade head against Postgres	2026-03-17T02:36:22.3693716Z INFO  [alembic.runtime.migration] Running upgrade 017_add_sessions -> 018_add_notifications, add notifications table
Migration Safety Check	Run alembic upgrade head against Postgres	2026-03-17T02:36:22.3795171Z INFO  [alembic.runtime.migration] Running upgrade 018_add_notifications -> 49bdc7531641, add_favorite_products_table
Migration Safety Check	Run alembic upgrade head against Postgres	2026-03-17T02:36:22.3882355Z INFO  [alembic.runtime.migration] Running upgrade 49bdc7531641 -> 298dd1eda420, add_job_execution_logs_table
Migration Safety Check	Run alembic upgrade head against Postgres	2026-03-17T02:36:22.3944358Z INFO  [alembic.runtime.migration] Running upgrade 018_add_notifications -> 019_add_departments, add departments table
Migration Safety Check	Run alembic upgrade head against Postgres	2026-03-17T02:36:22.4001390Z INFO  [alembic.runtime.migration] Running upgrade 019_add_departments -> 020_add_department_id, add department_id to business_users
Migration Safety Check	Run alembic upgrade head against Postgres	2026-03-17T02:36:22.4036856Z INFO  [alembic.runtime.migration] Running upgrade 020_add_department_id, 298dd1eda420 -> 021_merge_heads, merge departments and job logs
Migration Safety Check	Run alembic upgrade head against Postgres	2026-03-17T02:36:22.4047444Z INFO  [alembic.runtime.migration] Running upgrade 021_merge_heads -> 022_add_layby_config, add layby_config table
Migration Safety Check	Run alembic upgrade head against Postgres	2026-03-17T02:36:22.4124821Z INFO  [alembic.runtime.migration] Running upgrade 022_add_layby_config -> 023_add_laybys, add laybys table
Migration Safety Check	Run alembic upgrade head against Postgres	2026-03-17T02:36:22.4284886Z INFO  [alembic.runtime.migration] Running upgrade 023_add_laybys -> 024_add_layby_items, add layby_items table
Migration Safety Check	Run alembic upgrade head against Postgres	2026-03-17T02:36:22.4350210Z INFO  [alembic.runtime.migration] Running upgrade 024_add_layby_items -> 025_add_layby_schedules, add layby_schedules table
Migration Safety Check	Run alembic upgrade head against Postgres	2026-03-17T02:36:22.4413489Z INFO  [alembic.runtime.migration] Running upgrade 025_add_layby_schedules -> 026_add_layby_payments, add layby_payments table
Migration Safety Check	Run alembic upgrade head against Postgres	2026-03-17T02:36:22.4480211Z INFO  [alembic.runtime.migration] Running upgrade 026_add_layby_payments -> 027_add_layby_audit, add layby_audit table
Migration Safety Check	Run alembic upgrade head against Postgres	2026-03-17T02:36:22.4567194Z INFO  [alembic.runtime.migration] Running upgrade 027_add_layby_audit -> 028_add_layby_notifications, add layby_notifications table
Migration Safety Check	Run alembic upgrade head against Postgres	2026-03-17T02:36:22.4658029Z INFO  [alembic.runtime.migration] Running upgrade 028_add_layby_notifications -> 029_add_stock_reservations, add stock_reservations table
Migration Safety Check	Run alembic upgrade head against Postgres	2026-03-17T02:36:22.4747357Z INFO  [alembic.runtime.migration] Running upgrade 029_add_stock_reservations -> 4777487a7c3d, sync_schema_with_models
Migration Safety Check	Run alembic upgrade head against Postgres	2026-03-17T02:36:22.7338539Z INFO  [alembic.runtime.migration] Running upgrade 4777487a7c3d -> ef3bb807b7d5, add_is_custom_pricing_to_subscription_tiers
Migration Safety Check	Run alembic upgrade head against Postgres	2026-03-17T02:36:22.7381466Z INFO  [alembic.runtime.migration] Running upgrade ef3bb807b7d5 -> 6e181364b886, sync_schema_with_current_state
Migration Safety Check	Run alembic upgrade head against Postgres	2026-03-17T02:36:22.7423205Z INFO  [alembic.runtime.migration] Running upgrade 029_add_stock_reservations -> 030_add_tier_features, add tier_features table
Migration Safety Check	Run alembic upgrade head against Postgres	2026-03-17T02:36:22.7484858Z INFO  [alembic.runtime.migration] Running upgrade 030_add_tier_features -> 031_add_business_subscription, add business_subscription table
Migration Safety Check	Run alembic upgrade head against Postgres	2026-03-17T02:36:22.7573031Z INFO  [alembic.runtime.migration] Running upgrade 031_add_business_subscription -> 032_add_feature_overrides, add feature_overrides table
Migration Safety Check	Run alembic upgrade head against Postgres	2026-03-17T02:36:22.7637636Z INFO  [alembic.runtime.migration] Running upgrade 032_add_feature_overrides -> 033_add_device_registry, add device_registry table
Migration Safety Check	Run alembic upgrade head against Postgres	2026-03-17T02:36:22.7721555Z INFO  [alembic.runtime.migration] Running upgrade 033_add_device_registry -> 034_add_customer_accounts, add customer_accounts table
Migration Safety Check	Run alembic upgrade head against Postgres	2026-03-17T02:36:22.7848337Z INFO  [alembic.runtime.migration] Running upgrade 034_add_customer_accounts -> 035_add_account_transactions, add account_transactions table
Migration Safety Check	Run alembic upgrade head against Postgres	2026-03-17T02:36:22.7966433Z INFO  [alembic.runtime.migration] Running upgrade 035_add_account_transactions -> 036_add_account_payments, add account_payments and payment_allocations tables
Migration Safety Check	Run alembic upgrade head against Postgres	2026-03-17T02:36:22.8122757Z INFO  [alembic.runtime.migration] Running upgrade 033_add_device_registry, 6e181364b886 -> c5502fb966dd, merge_device_registry_and_schema_sync
Migration Safety Check	Run alembic upgrade head against Postgres	2026-03-17T02:36:22.8129623Z INFO  [alembic.runtime.migration] Running upgrade 036_add_account_payments -> 037_add_collection_activities, add collection_activities table
Migration Safety Check	Run alembic upgrade head against Postgres	2026-03-17T02:36:22.8269791Z INFO  [alembic.runtime.migration] Running upgrade 036_add_account_payments -> 037_add_account_write_offs, add account_write_offs table
Migration Safety Check	Run alembic upgrade head against Postgres	2026-03-17T02:36:22.8356421Z INFO  [alembic.runtime.migration] Running upgrade 037_add_account_write_offs, 037_add_collection_activities -> 038_add_account_statements, add account_statements table
Migration Safety Check	Run alembic upgrade head against Postgres	2026-03-17T02:36:22.8471983Z INFO  [alembic.runtime.migration] Running upgrade 038_add_account_statements, c5502fb966dd -> 4c665b9d28c3, merge_all_heads
Migration Safety Check	Run alembic upgrade head against Postgres	2026-03-17T02:36:22.8482287Z INFO  [alembic.runtime.migration] Running upgrade 4c665b9d28c3 -> 039_add_feat_defs, add subscription_feature_definitions table
Migration Safety Check	Run alembic upgrade head against Postgres	2026-03-17T02:36:22.8536524Z INFO  [alembic.runtime.migration] Running upgrade 039_add_feat_defs -> 040_report_subs, add report_subscriptions and report_delivery_logs tables
Migration Safety Check	Run alembic upgrade head against Postgres	2026-03-17T02:36:22.8663927Z INFO  [alembic.runtime.migration] Running upgrade 040_report_subs -> 6ead9fc807d9, restore business_time_settings
Migration Safety Check	Run alembic upgrade head against Postgres	2026-03-17T02:36:22.8707821Z INFO  [alembic.runtime.migration] Running upgrade 040_report_subs -> 041_employment_start_date, Add employment_start_date to business_users
Migration Safety Check	Run alembic upgrade head against Postgres	2026-03-17T02:36:22.8719004Z INFO  [alembic.runtime.migration] Running upgrade 041_employment_start_date, 6ead9fc807d9 -> 042_merge_heads, Merge alembic heads
Migration Safety Check	Run alembic upgrade head against Postgres	2026-03-17T02:36:22.8730133Z INFO  [alembic.runtime.migration] Running upgrade 042_merge_heads -> 043_order_management, Add order management tables and fields
Migration Safety Check	Run alembic upgrade head against Postgres	2026-03-17T02:36:22.8917801Z INFO  [alembic.runtime.migration] Running upgrade 043_order_management -> 044_loyalty_program, Add loyalty program tables
Migration Safety Check	Run alembic upgrade head against Postgres	2026-03-17T02:36:22.9094207Z INFO  [alembic.runtime.migration] Running upgrade 044_loyalty_program -> 045_petty_cash, Add petty cash tables
Migration Safety Check	Run alembic upgrade head against Postgres	2026-03-17T02:36:22.9331110Z INFO  [alembic.runtime.migration] Running upgrade 045_petty_cash -> 046_stock_take, Add stock take tables
Migration Safety Check	Run alembic upgrade head against Postgres	2026-03-17T02:36:22.9561527Z INFO  [alembic.runtime.migration] Running upgrade 046_stock_take -> 047_menu_engineering, Add menu engineering tables
Migration Safety Check	Run alembic upgrade head against Postgres	2026-03-17T02:36:22.9875603Z INFO  [alembic.runtime.migration] Running upgrade 047_menu_engineering -> 048_delivery_management, Add delivery management tables
Migration Safety Check	Run alembic upgrade head against Postgres	2026-03-17T02:36:23.0084120Z INFO  [alembic.runtime.migration] Running upgrade 048_delivery_management -> 049_crm_core, Add CRM core tables
Migration Safety Check	Run alembic upgrade head against Postgres	2026-03-17T02:36:23.0292252Z INFO  [alembic.runtime.migration] Running upgrade 049_crm_core -> 050_general_ledger, Add general ledger tables
Migration Safety Check	Run alembic upgrade head against Postgres	2026-03-17T02:36:23.0530094Z INFO  [alembic.runtime.migration] Running upgrade 050_general_ledger -> 051_automated_reorder, Add automated reorder tables
Migration Safety Check	Run alembic upgrade head against Postgres	2026-03-17T02:36:23.0766329Z INFO  [alembic.runtime.migration] Running upgrade 051_automated_reorder -> 052_custom_dashboards, Add custom dashboards tables
Migration Safety Check	Run alembic upgrade head against Postgres	2026-03-17T02:36:23.0883124Z INFO  [alembic.runtime.migration] Running upgrade 052_custom_dashboards -> 053_online_ordering, Add online ordering tables
Migration Safety Check	Run alembic upgrade head against Postgres	2026-03-17T02:36:23.1074240Z INFO  [alembic.runtime.migration] Running upgrade 053_online_ordering -> 054_audit_logs, Add user audit logs table
Migration Safety Check	Run alembic upgrade head against Postgres	2026-03-17T02:36:23.1222152Z INFO  [alembic.runtime.migration] Running upgrade 054_audit_logs -> 055_multi_location, Add multi-location inventory tables
Migration Safety Check	Run alembic upgrade head against Postgres	2026-03-17T02:36:23.1428522Z INFO  [alembic.runtime.migration] Running upgrade 055_multi_location -> 056_addons_modifiers, Add product addons and modifiers system
Migration Safety Check	Run alembic upgrade head against Postgres	2026-03-17T02:36:23.1559818Z INFO  [alembic.runtime.migration] Running upgrade 056_addons_modifiers -> 057_shift_management, Add shift management tables
Migration Safety Check	Run alembic upgrade head against Postgres	2026-03-17T02:36:23.1735795Z INFO  [alembic.runtime.migration] Running upgrade 057_shift_management -> 058_tax_configuration, Tax configuration tables
Migration Safety Check	Run alembic upgrade head against Postgres	2026-03-17T02:36:23.1888533Z INFO  [alembic.runtime.migration] Running upgrade 058_tax_configuration -> 059_notifications, Revamp notifications: new enums, channels, preferences
Migration Safety Check	Run alembic upgrade head against Postgres	2026-03-17T02:36:23.2065610Z INFO  [alembic.runtime.migration] Running upgrade 059_notifications -> 060_gift_cards, Add gift cards and gift card transactions
Migration Safety Check	Run alembic upgrade head against Postgres	2026-03-17T02:36:23.2202213Z INFO  [alembic.runtime.migration] Running upgrade 060_gift_cards -> 061_expenses, Add expense tracking tables
Migration Safety Check	Run alembic upgrade head against Postgres	2026-03-17T02:36:23.2367166Z INFO  [alembic.runtime.migration] Running upgrade 061_expenses -> 062_cash_registers, Cash register tables
Migration Safety Check	Run alembic upgrade head against Postgres	2026-03-17T02:36:23.2551057Z INFO  [alembic.runtime.migration] Running upgrade 062_cash_registers -> 063_commission_records, Add commission_records table
Migration Safety Check	Run alembic upgrade head against Postgres	2026-03-17T02:36:23.2648771Z INFO  [alembic.runtime.migration] Running upgrade 063_commission_records -> 064_report_templates, Add report_templates table
Migration Safety Check	Run alembic upgrade head against Postgres	2026-03-17T02:36:23.2709314Z INFO  [alembic.runtime.migration] Running upgrade 064_report_templates -> 065_customer_privacy, Add privacy compliance fields to customers
Migration Safety Check	Run alembic upgrade head against Postgres	2026-03-17T02:36:23.2789959Z INFO  [alembic.runtime.migration] Running upgrade 065_customer_privacy -> 066_proforma_invoices, Add proforma invoices tables
Migration Safety Check	Run alembic upgrade head against Postgres	2026-03-17T02:36:23.2939750Z INFO  [alembic.runtime.migration] Running upgrade 066_proforma_invoices -> 067_staff_targets, Staff targets and performance tables.
Migration Safety Check	Run alembic upgrade head against Postgres	2026-03-17T02:36:23.3401352Z INFO  [alembic.runtime.migration] Running upgrade 067_staff_targets -> 068_combo_deals, Create combo_deals and combo_components tables.
Migration Safety Check	Run alembic upgrade head against Postgres	2026-03-17T02:36:23.3548690Z INFO  [alembic.runtime.migration] Running upgrade 068_combo_deals -> 069_order_item_modifiers, Create order_item_modifiers table.
Migration Safety Check	Run alembic upgrade head against Postgres	2026-03-17T02:36:23.3643155Z INFO  [alembic.runtime.migration] Running upgrade 069_order_item_modifiers -> 070_modifier_availability, Create modifier_availability table.
Migration Safety Check	Run alembic upgrade head against Postgres	2026-03-17T02:36:23.3724953Z INFO  [alembic.runtime.migration] Running upgrade 070_modifier_availability -> 071_nested_modifiers, Add parent_modifier_id to modifier_groups for nested modifiers.
Migration Safety Check	Run alembic upgrade head against Postgres	2026-03-17T02:36:23.3759953Z INFO  [alembic.runtime.migration] Running upgrade 071_nested_modifiers -> 072_reorder_grn_audit, Create product_reorder_settings, goods_received_notes, grn_items, reorder_audit_log tables.
Migration Safety Check	Run alembic upgrade head against Postgres	2026-03-17T02:36:23.4047310Z INFO  [alembic.runtime.migration] Running upgrade 072_reorder_grn_audit -> 073_bulk_operations, Add bulk operations, items, templates tables.
Migration Safety Check	Run alembic upgrade head against Postgres	2026-03-17T02:36:23.4302228Z INFO  [alembic.runtime.migration] Running upgrade 073_bulk_operations -> 074_dashboard_templates_shares, Add dashboard_templates, dashboard_shares, export_schedules tables.
Migration Safety Check	Run alembic upgrade head against Postgres	2026-03-17T02:36:23.4501907Z INFO  [alembic.runtime.migration] Running upgrade 074_dashboard_templates_shares -> 075_expense_approvals, Create expense_approvals table for petty-cash approval workflows.
Migration Safety Check	Run alembic upgrade head against Postgres	2026-03-17T02:36:23.4592332Z INFO  [alembic.runtime.migration] Running upgrade 075_expense_approvals -> 076_gl_account_mappings, Create gl_account_mappings table for automatic journal entry generation.
Migration Safety Check	Run alembic upgrade head against Postgres	2026-03-17T02:36:23.4653129Z INFO  [alembic.runtime.migration] Running upgrade 076_gl_account_mappings -> 077_inventory_report_configs, Create inventory_report_configs table for saved report settings.
Migration Safety Check	Run alembic upgrade head against Postgres	2026-03-17T02:36:23.4731694Z INFO  [alembic.runtime.migration] Running upgrade 077_inventory_report_configs -> 078_stock_take_scope_counters, Create stock_take_scope and stock_take_counters tables.
Migration Safety Check	Run alembic upgrade head against Postgres	2026-03-17T02:36:23.4835728Z INFO  [alembic.runtime.migration] Running upgrade 078_stock_take_scope_counters -> 079_floor_plans, Create floor_plans table for restaurant layout management.
Migration Safety Check	Run alembic upgrade head against Postgres	2026-03-17T02:36:23.4889767Z INFO  [alembic.runtime.migration] Running upgrade 079_floor_plans -> 080_sections, Create sections table for grouping tables within a floor plan.
Migration Safety Check	Run alembic upgrade head against Postgres	2026-03-17T02:36:23.5002411Z INFO  [alembic.runtime.migration] Running upgrade 080_sections -> 081_reservations, Create reservations table for table booking management.
Migration Safety Check	Run alembic upgrade head against Postgres	2026-03-17T02:36:23.5103017Z INFO  [alembic.runtime.migration] Running upgrade 081_reservations -> 082_driver_shifts, Create driver_shifts table for scheduling delivery drivers.
Migration Safety Check	Run alembic upgrade head against Postgres	2026-03-17T02:36:23.5144307Z INFO  [alembic.runtime.migration] Running upgrade 082_driver_shifts -> 083_delivery_tracking, Create delivery_tracking and delivery_proofs tables.
Migration Safety Check	Run alembic upgrade head against Postgres	2026-03-17T02:36:23.5234236Z INFO  [alembic.runtime.migration] Running upgrade 083_delivery_tracking -> 084_payment_methods, Create payment_methods and payment_transactions tables.
Migration Safety Check	Run alembic upgrade head against Postgres	2026-03-17T02:36:23.5364953Z INFO  [alembic.runtime.migration] Running upgrade 084_payment_methods -> 085_customer_displays, Create customer_displays and display_configs tables.
Migration Safety Check	Run alembic upgrade head against Postgres	2026-03-17T02:36:23.5486228Z INFO  [alembic.runtime.migration] Running upgrade 085_customer_displays -> 086_tags, Create tag_categories, tags, and product_tags tables.
Migration Safety Check	Run alembic upgrade head against Postgres	2026-03-17T02:36:23.5697860Z INFO  [alembic.runtime.migration] Running upgrade 086_tags -> 087_proforma_revisions, Create proforma_invoice_revisions table for quote versioning.
Migration Safety Check	Run alembic upgrade head against Postgres	2026-03-17T02:36:23.5759367Z INFO  [alembic.runtime.migration] Running upgrade 087_proforma_revisions -> 088_smart_collections, Create smart_collections and collection_products tables.
Migration Safety Check	Run alembic upgrade head against Postgres	2026-03-17T02:36:23.5889723Z INFO  [alembic.runtime.migration] Running upgrade 088_smart_collections -> 089_digital_signage, Create core digital signage tables.
Migration Safety Check	Run alembic upgrade head against Postgres	2026-03-17T02:36:23.6128199Z INFO  [alembic.runtime.migration] Running upgrade 089_digital_signage -> 090_partners, Create core partner administration tables.
Migration Safety Check	Run alembic upgrade head against Postgres	2026-03-17T02:36:23.6339539Z INFO  [alembic.runtime.migration] Running upgrade 090_partners -> 091_pms_core, Create core PMS (Property Management System) integration tables.
Migration Safety Check	Run alembic upgrade head against Postgres	2026-03-17T02:36:23.6701540Z INFO  [alembic.runtime.migration] Running upgrade 091_pms_core -> 092_integrations, Create core Xero and WooCommerce integration tables.
Migration Safety Check	Run alembic upgrade head against Postgres	2026-03-17T02:36:23.6938404Z INFO  [alembic.runtime.migration] Running upgrade 092_integrations -> 093_gl_extensions, Extend general ledger with balances cache, recurring entries, and audit log.
Migration Safety Check	Run alembic upgrade head against Postgres	2026-03-17T02:36:23.7112872Z INFO  [alembic.runtime.migration] Running upgrade 093_gl_extensions -> 094_month_end_extensions, Add inventory periods, period snapshots, ABC classification, stock count history.
Migration Safety Check	Run alembic upgrade head against Postgres	2026-03-17T02:36:23.7324123Z INFO  [alembic.runtime.migration] Running upgrade 094_month_end_extensions -> 095_sync_queue, Add sync queue and sync metadata tables for offline-first sync engine.
Migration Safety Check	Run alembic upgrade head against Postgres	2026-03-17T02:36:23.7435066Z INFO  [alembic.runtime.migration] Running upgrade 095_sync_queue -> 096_loyalty_and_location_ext, Add loyalty reward catalog and tier benefits; multi-location settings/pricing/access.
Migration Safety Check	Run alembic upgrade head against Postgres	2026-03-17T02:36:23.7655583Z INFO  [alembic.runtime.migration] Running upgrade 096_loyalty_and_location_ext -> 097_petty_cash_ext, Add petty cash disbursements, receipts, and reconciliation tables.
Migration Safety Check	Run alembic upgrade head against Postgres	2026-03-17T02:36:23.7874989Z INFO  [alembic.runtime.migration] Running upgrade 097_petty_cash_ext -> 098_sage_integration, Add Sage accounting integration tables.
Migration Safety Check	Run alembic upgrade head against Postgres	2026-03-17T02:36:23.8128520Z INFO  [alembic.runtime.migration] Running upgrade 098_sage_integration -> 099_fix_subscription_deleted_at, add deleted_at to business_subscription
Migration Safety Check	Run alembic upgrade head against Postgres	2026-03-17T02:36:23.8139639Z INFO  [alembic.runtime.migration] Running upgrade 099_fix_subscription_deleted_at -> 100_fix_sub_model_cols, add missing columns to feature_overrides and device_registry
Migration Safety Check	Run alembic upgrade head against Postgres	2026-03-17T02:36:23.8167333Z INFO  [alembic.runtime.migration] Running upgrade 100_fix_sub_model_cols -> 101_bts_timezone, Add timezone to business_time_settings
Migration Safety Check	Run alembic upgrade head against Postgres	2026-03-17T02:36:23.8187538Z INFO  [alembic.runtime.migration] Running upgrade 101_bts_timezone -> 102_pf_approval_audit, proforma approval audit
Migration Safety Check	Run alembic upgrade head against Postgres	2026-03-17T02:36:23.8436750Z INFO  [alembic.runtime.migration] Running upgrade 102_pf_approval_audit -> 103_zone_fee_fields, add delivery zone and fee fields
Migration Safety Check	Run alembic upgrade head against Postgres	2026-03-17T02:36:23.8577730Z INFO  [alembic.runtime.migration] Running upgrade f1a2b3c4d5e6 -> 070_product_supplier_primary, add is_primary to product_suppliers
Migration Safety Check	Run alembic upgrade head against Postgres	2026-03-17T02:36:23.8590129Z INFO  [alembic.runtime.migration] Running upgrade 070_product_supplier_primary, 103_zone_fee_fields -> a1b2c3d4e5f6, add agent_logs table
Migration Safety Check	Run alembic upgrade head against Postgres	2026-03-17T02:36:23.8687872Z INFO  [alembic.runtime.migration] Running upgrade 070_product_supplier_primary, 103_zone_fee_fields -> 3bc48f58a175, merge heads
Migration Safety Check	Run alembic upgrade head against Postgres	2026-03-17T02:36:23.8693780Z INFO  [alembic.runtime.migration] Running upgrade 3bc48f58a175 -> aa34fa0ca264, floor_plan_extensions
Migration Safety Check	Run alembic upgrade head against Postgres	2026-03-17T02:36:23.8808723Z INFO  [alembic.runtime.migration] Running upgrade aa34fa0ca264 -> 104_delivery_missing, add_delivery_management_missing_tables
Migration Safety Check	Run alembic upgrade head against Postgres	2026-03-17T02:36:23.8814657Z INFO  [alembic.runtime.migration] Running upgrade 104_delivery_missing, a1b2c3d4e5f6 -> ef79f6d52049, merge heads before floor plan extensions
Migration Safety Check	Run alembic upgrade head against Postgres	2026-03-17T02:36:23.8824766Z INFO  [alembic.runtime.migration] Running upgrade ef79f6d52049 -> 4c77b07b9fef, floor_plan_extensions
Migration Safety Check	Run alembic upgrade head against Postgres	2026-03-17T02:36:23.8922825Z INFO  [alembic.runtime.migration] Running upgrade 4c77b07b9fef -> ecad824d00b3, add_waiter_cashups
Migration Safety Check	Run alembic upgrade head against Postgres	2026-03-17T02:36:23.9016382Z INFO  [alembic.runtime.migration] Running upgrade f1a2b3c4d5e6 -> d3b53d8c8886, add totp to user
Migration Safety Check	Run alembic upgrade head against Postgres	2026-03-17T02:36:23.9044739Z INFO  [alembic.runtime.migration] Running upgrade f1a2b3c4d5e6 -> df4f520ae4d7, create webhook tables
Migration Safety Check	Run alembic upgrade head against Postgres	2026-03-17T02:36:23.9143805Z INFO  [alembic.runtime.migration] Running upgrade df4f520ae4d7, ecad824d00b3 -> 68e3d4c6803c, merge migration heads
Migration Safety Check	Run alembic upgrade head against Postgres	2026-03-17T02:36:23.9155064Z INFO  [alembic.runtime.migration] Running upgrade 68e3d4c6803c -> b77c000b4892, Add penalty tracking columns to time_entries
Migration Safety Check	Run alembic upgrade head against Postgres	2026-03-17T02:36:23.9206310Z INFO  [alembic.runtime.migration] Running upgrade b77c000b4892, d3b53d8c8886 -> 04c9537675e7, Merge migration heads
Migration Safety Check	Run alembic upgrade head against Postgres	2026-03-17T02:36:23.9499847Z business_time_settings table does not exist, skipping drop
Migration Safety Check	Run alembic upgrade head against Postgres	2026-03-17T02:36:23.9500794Z stock_reservations table does not exist yet, skipping index creation
Migration Safety Check	Post Set up Python	﻿2026-03-17T02:36:24.2141319Z Post job cleanup.
Migration Safety Check	Post Set up Python	2026-03-17T02:36:24.3282997Z Cache hit occurred on the primary key setup-python-Linux-x64-24.04-Ubuntu-python-3.12.13-pip-50b9abf10f1da65139b50bf4efe86050a76c6e98071b02f8cbf2a4e7c2707d4d, not saving cache.
Migration Safety Check	Post Checkout code	﻿2026-03-17T02:36:24.3400384Z Post job cleanup.
Migration Safety Check	Post Checkout code	2026-03-17T02:36:24.4378099Z [command]/usr/bin/git version
Migration Safety Check	Post Checkout code	2026-03-17T02:36:24.4415180Z git version 2.53.0
Migration Safety Check	Post Checkout code	2026-03-17T02:36:24.4470437Z Temporarily overriding HOME='/home/runner/work/_temp/edb05f18-0502-48e9-a5f9-0c29efd4a22d' before making global git config changes
Migration Safety Check	Post Checkout code	2026-03-17T02:36:24.4471846Z Adding repository directory to the temporary git global config as a safe directory
Migration Safety Check	Post Checkout code	2026-03-17T02:36:24.4477423Z [command]/usr/bin/git config --global --add safe.directory /home/runner/work/BizPilot2/BizPilot2
Migration Safety Check	Post Checkout code	2026-03-17T02:36:24.4516797Z [command]/usr/bin/git config --local --name-only --get-regexp core\.sshCommand
Migration Safety Check	Post Checkout code	2026-03-17T02:36:24.4551945Z [command]/usr/bin/git submodule foreach --recursive sh -c "git config --local --name-only --get-regexp 'core\.sshCommand' && git config --local --unset-all 'core.sshCommand' || :"
Migration Safety Check	Post Checkout code	2026-03-17T02:36:24.4805644Z [command]/usr/bin/git config --local --name-only --get-regexp http\.https\:\/\/github\.com\/\.extraheader
Migration Safety Check	Post Checkout code	2026-03-17T02:36:24.4829358Z http.https://github.com/.extraheader
Migration Safety Check	Post Checkout code	2026-03-17T02:36:24.4842989Z [command]/usr/bin/git config --local --unset-all http.https://github.com/.extraheader
Migration Safety Check	Post Checkout code	2026-03-17T02:36:24.4877056Z [command]/usr/bin/git submodule foreach --recursive sh -c "git config --local --name-only --get-regexp 'http\.https\:\/\/github\.com\/\.extraheader' && git config --local --unset-all 'http.https://github.com/.extraheader' || :"
Migration Safety Check	Post Checkout code	2026-03-17T02:36:24.5128311Z [command]/usr/bin/git config --local --name-only --get-regexp ^includeIf\.gitdir:
Migration Safety Check	Post Checkout code	2026-03-17T02:36:24.5169082Z [command]/usr/bin/git submodule foreach --recursive git config --local --show-origin --name-only --get-regexp remote.origin.url
Migration Safety Check	Stop containers	﻿2026-03-17T02:36:24.5541654Z Print service container logs: 918ba3d89b844ad981d8cf0050b65465_postgres16_f1e5bb
Migration Safety Check	Stop containers	2026-03-17T02:36:24.5546362Z ##[command]/usr/bin/docker logs --details 714a30a10c0c8bc9036711434b837add0230906fc2bdd715a85ac5ca7ffce842
Migration Safety Check	Stop containers	2026-03-17T02:36:24.5672932Z  The files belonging to this database system will be owned by user "postgres".
Migration Safety Check	Stop containers	2026-03-17T02:36:24.5677387Z  initdb: warning: enabling "trust" authentication for local connections
Migration Safety Check	Stop containers	2026-03-17T02:36:24.5678642Z  initdb: hint: You can change this by editing pg_hba.conf or using the option -A, or --auth-local and --auth-host, the next time you run initdb.
Migration Safety Check	Stop containers	2026-03-17T02:36:24.5679746Z  This user must also own the server process.
Migration Safety Check	Stop containers	2026-03-17T02:36:24.5680183Z  
Migration Safety Check	Stop containers	2026-03-17T02:36:24.5680632Z  The database cluster will be initialized with locale "en_US.utf8".
Migration Safety Check	Stop containers	2026-03-17T02:36:24.5681356Z  The default database encoding has accordingly been set to "UTF8".
Migration Safety Check	Stop containers	2026-03-17T02:36:24.5682065Z  The default text search configuration will be set to "english".
Migration Safety Check	Stop containers	2026-03-17T02:36:24.5682593Z  
Migration Safety Check	Stop containers	2026-03-17T02:36:24.5682968Z  Data page checksums are disabled.
Migration Safety Check	Stop containers	2026-03-17T02:36:24.5683396Z  
Migration Safety Check	Stop containers	2026-03-17T02:36:24.5683862Z  fixing permissions on existing directory /var/lib/postgresql/data ... ok
Migration Safety Check	Stop containers	2026-03-17T02:36:24.5684597Z  creating subdirectories ... ok
Migration Safety Check	Stop containers	2026-03-17T02:36:24.5685091Z  selecting dynamic shared memory implementation ... posix
Migration Safety Check	Stop containers	2026-03-17T02:36:24.5685821Z  selecting default max_connections ... 100
Migration Safety Check	Stop containers	2026-03-17T02:36:24.5686361Z  selecting default shared_buffers ... 128MB
Migration Safety Check	Stop containers	2026-03-17T02:36:24.5686813Z  selecting default time zone ... Etc/UTC
Migration Safety Check	Stop containers	2026-03-17T02:36:24.5687143Z  creating configuration files ... ok
Migration Safety Check	Stop containers	2026-03-17T02:36:24.5687408Z  running bootstrap script ... ok
Migration Safety Check	Stop containers	2026-03-17T02:36:24.5687687Z  performing post-bootstrap initialization ... ok
Migration Safety Check	Stop containers	2026-03-17T02:36:24.5687973Z  syncing data to disk ... ok
Migration Safety Check	Stop containers	2026-03-17T02:36:24.5688184Z  
Migration Safety Check	Stop containers	2026-03-17T02:36:24.5688325Z  
Migration Safety Check	Stop containers	2026-03-17T02:36:24.5688534Z  Success. You can now start the database server using:
Migration Safety Check	Stop containers	2026-03-17T02:36:24.5688815Z  
Migration Safety Check	Stop containers	2026-03-17T02:36:24.5689038Z      pg_ctl -D /var/lib/postgresql/data -l logfile start
Migration Safety Check	Stop containers	2026-03-17T02:36:24.5689325Z  
Migration Safety Check	Stop containers	2026-03-17T02:36:24.5689956Z  waiting for server to start....2026-03-17 02:35:46.791 UTC [48] LOG:  starting PostgreSQL 16.13 (Debian 16.13-1.pgdg13+1) on x86_64-pc-linux-gnu, compiled by gcc (Debian 14.2.0-19) 14.2.0, 64-bit
Migration Safety Check	Stop containers	2026-03-17T02:36:24.5690832Z  2026-03-17 02:35:46.791 UTC [48] LOG:  listening on Unix socket "/var/run/postgresql/.s.PGSQL.5432"
Migration Safety Check	Stop containers	2026-03-17T02:36:24.5691381Z  2026-03-17 02:35:46.795 UTC [51] LOG:  database system was shut down at 2026-03-17 02:35:46 UTC
Migration Safety Check	Stop containers	2026-03-17T02:36:24.5691866Z  2026-03-17 02:35:46.799 UTC [48] LOG:  database system is ready to accept connections
Migration Safety Check	Stop containers	2026-03-17T02:36:24.5692226Z   done
Migration Safety Check	Stop containers	2026-03-17T02:36:24.5692389Z  server started
Migration Safety Check	Stop containers	2026-03-17T02:36:24.5692570Z  CREATE DATABASE
Migration Safety Check	Stop containers	2026-03-17T02:36:24.5692734Z  
Migration Safety Check	Stop containers	2026-03-17T02:36:24.5692874Z  
Migration Safety Check	Stop containers	2026-03-17T02:36:24.5693163Z  /usr/local/bin/docker-entrypoint.sh: ignoring /docker-entrypoint-initdb.d/*
Migration Safety Check	Stop containers	2026-03-17T02:36:24.5693532Z  
Migration Safety Check	Stop containers	2026-03-17T02:36:24.5693764Z  2026-03-17 02:35:46.980 UTC [48] LOG:  received fast shutdown request
Migration Safety Check	Stop containers	2026-03-17T02:36:24.5694298Z  waiting for server to shut down....2026-03-17 02:35:46.981 UTC [48] LOG:  aborting any active transactions
Migration Safety Check	Stop containers	2026-03-17T02:36:24.5694964Z  2026-03-17 02:35:46.983 UTC [48] LOG:  background worker "logical replication launcher" (PID 54) exited with exit code 1
Migration Safety Check	Stop containers	2026-03-17T02:36:24.5696025Z  2026-03-17 02:35:47.101 UTC [1] LOG:  starting PostgreSQL 16.13 (Debian 16.13-1.pgdg13+1) on x86_64-pc-linux-gnu, compiled by gcc (Debian 14.2.0-19) 14.2.0, 64-bit
Migration Safety Check	Stop containers	2026-03-17T02:36:24.5696738Z  2026-03-17 02:35:47.101 UTC [1] LOG:  listening on IPv4 address "0.0.0.0", port 5432
Migration Safety Check	Stop containers	2026-03-17T02:36:24.5697898Z  2026-03-17 02:35:47.101 UTC [1] LOG:  listening on IPv6 address "::", port 5432
Migration Safety Check	Stop containers	2026-03-17T02:36:24.5698978Z  2026-03-17 02:35:47.103 UTC [1] LOG:  listening on Unix socket "/var/run/postgresql/.s.PGSQL.5432"
Migration Safety Check	Stop containers	2026-03-17T02:36:24.5700163Z  2026-03-17 02:35:47.106 UTC [64] LOG:  database system was shut down at 2026-03-17 02:35:47 UTC
Migration Safety Check	Stop containers	2026-03-17T02:36:24.5701170Z  2026-03-17 02:35:47.110 UTC [1] LOG:  database system is ready to accept connections
Migration Safety Check	Stop containers	2026-03-17T02:36:24.5701893Z  2026-03-17 02:35:46.983 UTC [49] LOG:  shutting down
Migration Safety Check	Stop containers	2026-03-17T02:36:24.5702470Z  2026-03-17 02:35:46.984 UTC [49] LOG:  checkpoint starting: shutdown immediate
Migration Safety Check	Stop containers	2026-03-17T02:36:24.5703653Z  2026-03-17 02:35:47.004 UTC [49] LOG:  checkpoint complete: wrote 926 buffers (5.7%); 0 WAL file(s) added, 0 removed, 0 recycled; write=0.014 s, sync=0.005 s, total=0.021 s; sync files=301, longest=0.004 s, average=0.001 s; distance=4273 kB, estimate=4273 kB; lsn=0/191F0F0, redo lsn=0/191F0F0
Migration Safety Check	Stop containers	2026-03-17T02:36:24.5755498Z  2026-03-17 02:35:47.010 UTC [48] LOG:  database system is shut down
Migration Safety Check	Stop containers	2026-03-17T02:36:24.5755925Z   done
Migration Safety Check	Stop containers	2026-03-17T02:36:24.5756093Z  server stopped
Migration Safety Check	Stop containers	2026-03-17T02:36:24.5756261Z  
Migration Safety Check	Stop containers	2026-03-17T02:36:24.5756477Z  PostgreSQL init process complete; ready for start up.
Migration Safety Check	Stop containers	2026-03-17T02:36:24.5756763Z  
Migration Safety Check	Stop containers	2026-03-17T02:36:24.5762524Z Stop and remove container: 918ba3d89b844ad981d8cf0050b65465_postgres16_f1e5bb
Migration Safety Check	Stop containers	2026-03-17T02:36:24.5767748Z ##[command]/usr/bin/docker rm --force 714a30a10c0c8bc9036711434b837add0230906fc2bdd715a85ac5ca7ffce842
Migration Safety Check	Stop containers	2026-03-17T02:36:25.4559398Z 714a30a10c0c8bc9036711434b837add0230906fc2bdd715a85ac5ca7ffce842
Migration Safety Check	Stop containers	2026-03-17T02:36:25.4587719Z Remove container network: github_network_d8c5e7843dc44e8da01b370244ae52b7
Migration Safety Check	Stop containers	2026-03-17T02:36:25.4591965Z ##[command]/usr/bin/docker network rm github_network_d8c5e7843dc44e8da01b370244ae52b7
Migration Safety Check	Stop containers	2026-03-17T02:36:25.5741829Z github_network_d8c5e7843dc44e8da01b370244ae52b7
Migration Safety Check	Complete job	﻿2026-03-17T02:36:25.5799412Z Cleaning up orphan processes
Migration Safety Check	Complete job	2026-03-17T02:36:25.6147049Z ##[warning]Node.js 20 actions are deprecated. The following actions are running on Node.js 20 and may not work as expected: actions/checkout@v4. Actions will be forced to run with Node.js 24 by default starting June 2nd, 2026. Please check if updated versions of these actions are available that support Node.js 24. To opt into Node.js 24 now, set the FORCE_JAVASCRIPT_ACTIONS_TO_NODE24=true environment variable on the runner or in your workflow file. Once Node.js 24 becomes the default, you can temporarily opt out by setting ACTIONS_ALLOW_USE_UNSECURE_NODE_VERSION=true. For more information see: https://github.blog/changelog/2025-09-19-deprecation-of-node-20-on-github-actions-runners/
